# Redacted copy of an existing run log.
# run_id: G34-seed5
# dataset: CMU-MOSEI
# model: MM-DFN+AMBER
# imr: (0.5,0.7,0.3)
# seed_alias: seed5
# original_log_sha256: a8d0b3122ea36b20991e1fc1facffe5b0f66b16a4359710063647feb0774ca6b
# source_record_status: ok
# source_record_process_return_code: 3221226505
# L numbers refer to source logical lines; REDACTED/SANITIZED text is editorial.
L000001-L000076 | [REDACTED: configuration or implementation details]
L000077 | [SANITIZED] Seed alias: seed5
L000078 | 
L000079-L000080 | [REDACTED: batch progress and internal diagnostics]
L000081 | 
L000082-L000083 | [REDACTED: batch progress and internal diagnostics]
L000084 | 
L000085-L000086 | [REDACTED: batch progress and internal diagnostics]
L000087 | 
L000088-L000371 | [REDACTED: batch progress and internal diagnostics]
L000372 | [Epoch 0] [Time: 66.11542224884033]
L000373 | [Train Loss: 1.0732]
L000374 | [Train F1: 0.6898612391562632]
L000375 | [Train Acc: 0.6895041451587675]
L000376 | [Dev Loss: 0.8461]
L000377 | [Dev F1: 0.7214971065593526]
L000378 | [Dev Acc: 0.7510431154381085]
L000379 | 
L000380-L000663 | [REDACTED: batch progress and internal diagnostics]
L000664 | [Epoch 1] [Time: 65.80006527900696]
L000665 | [Train Loss: 0.8694]
L000666 | [Train F1: 0.7765712214702303]
L000667 | [Train Acc: 0.777882058501486]
L000668 | [Dev Loss: 0.7167]
L000669 | [Dev F1: 0.7772483257299154]
L000670 | [Dev Acc: 0.7851182197496523]
L000671 | 
L000672-L000955 | [REDACTED: batch progress and internal diagnostics]
L000956 | [Epoch 2] [Time: 66.47035431861877]
L000957 | [Train Loss: 0.8017]
L000958 | [Train F1: 0.7885056201376489]
L000959 | [Train Acc: 0.7892225872047552]
L000960 | [Dev Loss: 0.7675]
L000961 | [Dev F1: 0.7098613793030697]
L000962 | [Dev Acc: 0.7468706536856745]
L000963 | 
L000964-L001247 | [REDACTED: batch progress and internal diagnostics]
L001248 | [Epoch 3] [Time: 65.90467858314514]
L001249 | [Train Loss: 0.7703]
L001250 | [Train F1: 0.7965546900553618]
L001251 | [Train Acc: 0.7986860628812764]
L001252 | [Dev Loss: 0.684]
L001253 | [Dev F1: 0.7969303770037544]
L001254 | [Dev Acc: 0.8004172461752433]
L001255 | 
L001256-L001539 | [REDACTED: batch progress and internal diagnostics]
L001540 | [Epoch 4] [Time: 66.0030665397644]
L001541 | [Train Loss: 0.739]
L001542 | [Train F1: 0.8037507014619621]
L001543 | [Train Acc: 0.8054903801032379]
L001544 | [Dev Loss: 0.66]
L001545 | [Dev F1: 0.7928447365809052]
L001546 | [Dev Acc: 0.7948539638386648]
L001547 | 
L001548-L001831 | [REDACTED: batch progress and internal diagnostics]
L001832 | [Epoch 5] [Time: 65.77770328521729]
L001833 | [Train Loss: 0.7202]
L001834 | [Train F1: 0.8082416417952271]
L001835 | [Train Acc: 0.8102612232128891]
L001836 | [Dev Loss: 0.6588]
L001837 | [Dev F1: 0.7827075556306857]
L001838 | [Dev Acc: 0.7899860917941586]
L001839 | 
L001840-L002123 | [REDACTED: batch progress and internal diagnostics]
L002124 | [Epoch 6] [Time: 65.2064700126648]
L002125 | [Train Loss: 0.6972]
L002126 | [Train F1: 0.8157471999307839]
L002127 | [Train Acc: 0.8178476458626622]
L002128 | [Dev Loss: 0.664]
L002129 | [Dev F1: 0.7917058695764811]
L002130 | [Dev Acc: 0.7969401947148818]
L002131 | 
L002132-L002415 | [REDACTED: batch progress and internal diagnostics]
L002416 | [Epoch 7] [Time: 65.52594137191772]
L002417 | [Train Loss: 0.6726]
L002418 | [Train F1: 0.8226315463076626]
L002419 | [Train Acc: 0.8245737525418426]
L002420 | [Dev Loss: 0.6687]
L002421 | [Dev F1: 0.7897981083842514]
L002422 | [Dev Acc: 0.7892906815020863]
L002423 | 
L002424-L002707 | [REDACTED: batch progress and internal diagnostics]
L002708 | [Epoch 8] [Time: 64.73775553703308]
L002709 | [Train Loss: 0.6554]
L002710 | [Train F1: 0.8204199570957752]
L002711 | [Train Acc: 0.8224620678867511]
L002712 | [Dev Loss: 0.6395]
L002713 | [Dev F1: 0.8023566301369612]
L002714 | [Dev Acc: 0.8066759388038943]
L002715 | 
L002716-L002999 | [REDACTED: batch progress and internal diagnostics]
L003000 | [Epoch 9] [Time: 64.98381638526917]
L003001 | [Train Loss: 0.6286]
L003002 | [Train F1: 0.8310466533885653]
L003003 | [Train Acc: 0.8330204911622087]
L003004 | [Dev Loss: 0.646]
L003005 | [Dev F1: 0.7986815550136708]
L003006 | [Dev Acc: 0.8004172461752433]
L003007 | 
L003008-L003291 | [REDACTED: batch progress and internal diagnostics]
L003292 | [Epoch 10] [Time: 65.48734402656555]
L003293 | [Train Loss: 0.6137]
L003294 | [Train F1: 0.8306993574586578]
L003295 | [Train Acc: 0.8324730173627405]
L003296 | [Dev Loss: 0.6574]
L003297 | [Dev F1: 0.7852602022748081]
L003298 | [Dev Acc: 0.7927677329624478]
L003299 | 
L003300-L003583 | [REDACTED: batch progress and internal diagnostics]
L003584 | [Epoch 11] [Time: 62.924946308135986]
L003585 | [Train Loss: 0.5999]
L003586 | [Train F1: 0.8354691794161168]
L003587 | [Train Acc: 0.8368528077584858]
L003588 | [Dev Loss: 0.6442]
L003589 | [Dev F1: 0.798998889054819]
L003590 | [Dev Acc: 0.8031988873435327]
L003591 | 
L003592-L003875 | [REDACTED: batch progress and internal diagnostics]
L003876 | [Epoch 12] [Time: 64.01704502105713]
L003877 | [Train Loss: 0.5706]
L003878 | [Train F1: 0.8366433512293094]
L003879 | [Train Acc: 0.8379477553574222]
L003880 | [Dev Loss: 0.6819]
L003881 | [Dev F1: 0.7833954036019644]
L003882 | [Dev Acc: 0.782336578581363]
L003883 | 
L003884-L004167 | [REDACTED: batch progress and internal diagnostics]
L004168 | [Epoch 13] [Time: 65.15215492248535]
L004169 | [Train Loss: 0.5552]
L004170 | [Train F1: 0.8432396818106325]
L004171 | [Train Acc: 0.8445956514938213]
L004172 | [Dev Loss: 0.6717]
L004173 | [Dev F1: 0.8024217639174198]
L004174 | [Dev Acc: 0.8052851182197497]
L004175 | 
L004176-L004459 | [REDACTED: batch progress and internal diagnostics]
L004460 | [Epoch 14] [Time: 70.6223156452179]
L004461 | [Train Loss: 0.5473]
L004462 | [Train F1: 0.8461775361036684]
L004463 | [Train Acc: 0.8473330204911622]
L004464 | [Dev Loss: 0.6569]
L004465 | [Dev F1: 0.8058922809569403]
L004466 | [Dev Acc: 0.8087621696801113]
L004467 | 
L004468-L004751 | [REDACTED: batch progress and internal diagnostics]
L004752 | [Epoch 15] [Time: 67.45907187461853]
L004753 | [Train Loss: 0.5263]
L004754 | [Train F1: 0.8501766909937755]
L004755 | [Train Acc: 0.8513217581730017]
L004756 | [Dev Loss: 0.6823]
L004757 | [Dev F1: 0.7917786310339322]
L004758 | [Dev Acc: 0.7934631432545202]
L004759 | 
L004760-L005043 | [REDACTED: batch progress and internal diagnostics]
L005044 | [Epoch 16] [Time: 66.7135922908783]
L005045 | [Train Loss: 0.513]
L005046 | [Train F1: 0.8516601260454031]
L005047 | [Train Acc: 0.8526513374002815]
L005048 | [Dev Loss: 0.6779]
L005049 | [Dev F1: 0.7931434729736618]
L005050 | [Dev Acc: 0.7955493741307371]
L005051 | 
L005052-L005335 | [REDACTED: batch progress and internal diagnostics]
L005336 | [Epoch 17] [Time: 65.84739708900452]
L005337 | [Train Loss: 0.5037]
L005338 | [Train F1: 0.8550793923881028]
L005339 | [Train Acc: 0.8560926012826529]
L005340 | [Dev Loss: 0.6588]
L005341 | [Dev F1: 0.7873431713737123]
L005342 | [Dev Acc: 0.7892906815020863]
L005343 | 
L005344-L005627 | [REDACTED: batch progress and internal diagnostics]
L005628 | [Epoch 18] [Time: 66.99515867233276]
L005629 | [Train Loss: 0.4851]
L005630 | [Train F1: 0.8565111523648808]
L005631 | [Train Acc: 0.8574221805099327]
L005632 | [Dev Loss: 0.6789]
L005633 | [Dev F1: 0.7904856371411884]
L005634 | [Dev Acc: 0.7913769123783032]
L005635 | 
L005636-L005919 | [REDACTED: batch progress and internal diagnostics]
L005920 | [Epoch 19] [Time: 68.21198534965515]
L005921 | [Train Loss: 0.473]
L005922 | [Train F1: 0.8623138764682408]
L005923 | [Train Acc: 0.8633661817613014]
L005924 | [Dev Loss: 0.6671]
L005925 | [Dev F1: 0.789280513533148]
L005926 | [Dev Acc: 0.7941585535465925]
L005927 | 
L005928-L006211 | [REDACTED: batch progress and internal diagnostics]
L006212 | [Epoch 20] [Time: 65.74098539352417]
L006213 | [Train Loss: 0.4533]
L006214 | [Train F1: 0.8634726170247137]
L006215 | [Train Acc: 0.8643047082746754]
L006216 | [Dev Loss: 0.7086]
L006217 | [Dev F1: 0.7795073374618283]
L006218 | [Dev Acc: 0.7809457579972183]
L006219 | 
L006220-L006503 | [REDACTED: batch progress and internal diagnostics]
L006504 | [Epoch 21] [Time: 64.20966672897339]
L006505 | [Train Loss: 0.4464]
L006506 | [Train F1: 0.8674558659347561]
L006507 | [Train Acc: 0.8680588143281714]
L006508 | [Dev Loss: 0.6904]
L006509 | [Dev F1: 0.7873566359463436]
L006510 | [Dev Acc: 0.7878998609179416]
L006511 | 
L006512-L006795 | [REDACTED: batch progress and internal diagnostics]
L006796 | [Epoch 22] [Time: 63.644426584243774]
L006797 | [Train Loss: 0.4307]
L006798 | [Train F1: 0.870334097284627]
L006799 | [Train Acc: 0.8709526044110746]
L006800 | [Dev Loss: 0.7077]
L006801 | [Dev F1: 0.775450522076682]
L006802 | [Dev Acc: 0.7760778859527121]
L006803 | 
L006804-L007087 | [REDACTED: batch progress and internal diagnostics]
L007088 | [Epoch 23] [Time: 64.26272773742676]
L007089 | [Train Loss: 0.4181]
L007090 | [Train F1: 0.874345059507892]
L007091 | [Train Acc: 0.8749413420929141]
L007092 | [Dev Loss: 0.7258]
L007093 | [Dev F1: 0.7816091968700388]
L007094 | [Dev Acc: 0.7837273991655076]
L007095 | 
L007096-L007379 | [REDACTED: batch progress and internal diagnostics]
L007380 | [Epoch 24] [Time: 64.31403303146362]
L007381 | [Train Loss: 0.4056]
L007382 | [Train F1: 0.877119103776349]
L007383 | [Train Acc: 0.8777569216330361]
L007384 | [Dev Loss: 0.7257]
L007385 | [Dev F1: 0.7800350948610338]
L007386 | [Dev Acc: 0.7816411682892906]
L007387 | Early stopping at epoch: 24
L007388 | Last model
L007389 |               precision    recall  f1-score   support
L007390 | 
L007391 |     Negative     0.7242    0.6904    0.7069      1350
L007392 |     Positive     0.8219    0.8446    0.8331      2284
L007393 | 
L007394 |     accuracy                         0.7873      3634
L007395 |    macro avg     0.7730    0.7675    0.7700      3634
L007396 | weighted avg     0.7856    0.7873    0.7862      3634
L007397 | 
L007398 | Best model at epoch: 14
L007399 | Best dev F1: 0.8058922809569403
L007400 |               precision    recall  f1-score   support
L007401 | 
L007402 |     Negative     0.7533    0.6807    0.7152      1350
L007403 |     Positive     0.8215    0.8682    0.8442      2284
L007404 | 
L007405 |     accuracy                         0.7986      3634
L007406 |    macro avg     0.7874    0.7745    0.7797      3634
L007407 | weighted avg     0.7961    0.7986    0.7963      3634
L007408 | 
L007409 | Best test F1: 0.7962614461320238
L007410 | Best test Acc: 0.7985690698954321
L007411 | [SANITIZED] Saved checkpoint: [path and filename removed]
