# Redacted copy of an existing run log.
# run_id: G32-seed2
# dataset: CMU-MOSEI
# model: MM-DFN+AMBER
# imr: (0.3,0.7,0.5)
# seed_alias: seed2
# original_log_sha256: 2fc7992ed1370d762f2cdc3921c34a1f00175fbb42e1bdcf6d830d0be3e53571
# source_record_status: ok
# source_record_process_return_code: 3221226505
# L numbers refer to source logical lines; REDACTED/SANITIZED text is editorial.
L000001-L000076 | [REDACTED: configuration or implementation details]
L000077 | [SANITIZED] Seed alias: seed2
L000078 | 
L000079-L000080 | [REDACTED: batch progress and internal diagnostics]
L000081 | 
L000082-L000083 | [REDACTED: batch progress and internal diagnostics]
L000084 | 
L000085-L000086 | [REDACTED: batch progress and internal diagnostics]
L000087 | 
L000088-L000371 | [REDACTED: batch progress and internal diagnostics]
L000372 | [Epoch 0] [Time: 66.55258870124817]
L000373 | [Train Loss: 1.0732]
L000374 | [Train F1: 0.6932250711536887]
L000375 | [Train Acc: 0.6956827780384796]
L000376 | [Dev Loss: 0.7037]
L000377 | [Dev F1: 0.7632639338158853]
L000378 | [Dev Acc: 0.7705146036161336]
L000379 | 
L000380-L000663 | [REDACTED: batch progress and internal diagnostics]
L000664 | [Epoch 1] [Time: 65.66346740722656]
L000665 | [Train Loss: 0.8437]
L000666 | [Train F1: 0.7801142783027966]
L000667 | [Train Acc: 0.7817143750977632]
L000668 | [Dev Loss: 0.6883]
L000669 | [Dev F1: 0.7628514939378963]
L000670 | [Dev Acc: 0.7753824756606398]
L000671 | 
L000672-L000955 | [REDACTED: batch progress and internal diagnostics]
L000956 | [Epoch 2] [Time: 65.92392039299011]
L000957 | [Train Loss: 0.7925]
L000958 | [Train F1: 0.7925673464247254]
L000959 | [Train Acc: 0.7945409041138746]
L000960 | [Dev Loss: 0.6834]
L000961 | [Dev F1: 0.7817757838409228]
L000962 | [Dev Acc: 0.7830319888734353]
L000963 | 
L000964-L001247 | [REDACTED: batch progress and internal diagnostics]
L001248 | [Epoch 3] [Time: 65.31363987922668]
L001249 | [Train Loss: 0.7566]
L001250 | [Train F1: 0.7964969469155154]
L001251 | [Train Acc: 0.7989206945096199]
L001252 | [Dev Loss: 0.6585]
L001253 | [Dev F1: 0.7843511515621026]
L001254 | [Dev Acc: 0.7858136300417247]
L001255 | 
L001256-L001539 | [REDACTED: batch progress and internal diagnostics]
L001540 | [Epoch 4] [Time: 66.69383883476257]
L001541 | [Train Loss: 0.7299]
L001542 | [Train F1: 0.7988736636287703]
L001543 | [Train Acc: 0.801814484592523]
L001544 | [Dev Loss: 0.7308]
L001545 | [Dev F1: 0.7779675372047555]
L001546 | [Dev Acc: 0.7753824756606398]
L001547 | 
L001548-L001831 | [REDACTED: batch progress and internal diagnostics]
L001832 | [Epoch 5] [Time: 69.27581763267517]
L001833 | [Train Loss: 0.7126]
L001834 | [Train F1: 0.8113565906663255]
L001835 | [Train Acc: 0.8138589081808227]
L001836 | [Dev Loss: 0.67]
L001837 | [Dev F1: 0.7862645914874493]
L001838 | [Dev Acc: 0.786509040333797]
L001839 | 
L001840-L002123 | [REDACTED: batch progress and internal diagnostics]
L002124 | [Epoch 6] [Time: 65.60040259361267]
L002125 | [Train Loss: 0.6668]
L002126 | [Train F1: 0.8182750028935091]
L002127 | [Train Acc: 0.8201939621460973]
L002128 | [Dev Loss: 0.6531]
L002129 | [Dev F1: 0.7850046889537852]
L002130 | [Dev Acc: 0.7858136300417247]
L002131 | 
L002132-L002415 | [REDACTED: batch progress and internal diagnostics]
L002416 | [Epoch 7] [Time: 66.34121775627136]
L002417 | [Train Loss: 0.6467]
L002418 | [Train F1: 0.8211037480801463]
L002419 | [Train Acc: 0.8230877522290004]
L002420 | [Dev Loss: 0.6321]
L002421 | [Dev F1: 0.7971940127460502]
L002422 | [Dev Acc: 0.8011126564673157]
L002423 | 
L002424-L002707 | [REDACTED: batch progress and internal diagnostics]
L002708 | [Epoch 8] [Time: 65.95239353179932]
L002709 | [Train Loss: 0.6182]
L002710 | [Train F1: 0.8292334212240103]
L002711 | [Train Acc: 0.830361332707649]
L002712 | [Dev Loss: 0.6313]
L002713 | [Dev F1: 0.7939541252281663]
L002714 | [Dev Acc: 0.7969401947148818]
L002715 | 
L002716-L002999 | [REDACTED: batch progress and internal diagnostics]
L003000 | [Epoch 9] [Time: 65.89035701751709]
L003001 | [Train Loss: 0.6039]
L003002 | [Train F1: 0.8338109206958394]
L003003 | [Train Acc: 0.8352885969028625]
L003004 | [Dev Loss: 0.6549]
L003005 | [Dev F1: 0.7883039915845456]
L003006 | [Dev Acc: 0.7885952712100139]
L003007 | 
L003008-L003291 | [REDACTED: batch progress and internal diagnostics]
L003292 | [Epoch 10] [Time: 67.45823192596436]
L003293 | [Train Loss: 0.5743]
L003294 | [Train F1: 0.8401966366483646]
L003295 | [Train Acc: 0.84115438761145]
L003296 | [Dev Loss: 0.6345]
L003297 | [Dev F1: 0.7828939568356699]
L003298 | [Dev Acc: 0.7851182197496523]
L003299 | 
L003300-L003583 | [REDACTED: batch progress and internal diagnostics]
L003584 | [Epoch 11] [Time: 66.19065594673157]
L003585 | [Train Loss: 0.5558]
L003586 | [Train F1: 0.8442922068990504]
L003587 | [Train Acc: 0.8451431252932895]
L003588 | [Dev Loss: 0.6525]
L003589 | [Dev F1: 0.7871306435884606]
L003590 | [Dev Acc: 0.7913769123783032]
L003591 | 
L003592-L003875 | [REDACTED: batch progress and internal diagnostics]
L003876 | [Epoch 12] [Time: 65.89140033721924]
L003877 | [Train Loss: 0.5332]
L003878 | [Train F1: 0.8460269509800076]
L003879 | [Train Acc: 0.8469419677772564]
L003880 | [Dev Loss: 0.6554]
L003881 | [Dev F1: 0.7853163042168438]
L003882 | [Dev Acc: 0.7858136300417247]
L003883 | 
L003884-L004167 | [REDACTED: batch progress and internal diagnostics]
L004168 | [Epoch 13] [Time: 65.75261187553406]
L004169 | [Train Loss: 0.5197]
L004170 | [Train F1: 0.8511205161524222]
L004171 | [Train Acc: 0.8521038636008134]
L004172 | [Dev Loss: 0.6843]
L004173 | [Dev F1: 0.7694313829750797]
L004174 | [Dev Acc: 0.7691237830319889]
L004175 | 
L004176-L004459 | [REDACTED: batch progress and internal diagnostics]
L004460 | [Epoch 14] [Time: 66.94926691055298]
L004461 | [Train Loss: 0.506]
L004462 | [Train F1: 0.8535717622454706]
L004463 | [Train Acc: 0.8543719693414672]
L004464 | [Dev Loss: 0.6633]
L004465 | [Dev F1: 0.7747814179383884]
L004466 | [Dev Acc: 0.7760778859527121]
L004467 | 
L004468-L004751 | [REDACTED: batch progress and internal diagnostics]
L004752 | [Epoch 15] [Time: 67.60256338119507]
L004753 | [Train Loss: 0.4797]
L004754 | [Train F1: 0.8557029210136582]
L004755 | [Train Acc: 0.8564054434537776]
L004756 | [Dev Loss: 0.681]
L004757 | [Dev F1: 0.7705847983968677]
L004758 | [Dev Acc: 0.7719054242002782]
L004759 | 
L004760-L005043 | [REDACTED: batch progress and internal diagnostics]
L005044 | [Epoch 16] [Time: 65.5668215751648]
L005045 | [Train Loss: 0.4763]
L005046 | [Train F1: 0.8621391006374249]
L005047 | [Train Acc: 0.863131550132958]
L005048 | [Dev Loss: 0.6672]
L005049 | [Dev F1: 0.7806119378979235]
L005050 | [Dev Acc: 0.7837273991655076]
L005051 | 
L005052-L005335 | [REDACTED: batch progress and internal diagnostics]
L005336 | [Epoch 17] [Time: 65.66402006149292]
L005337 | [Train Loss: 0.4499]
L005338 | [Train F1: 0.867556395115438]
L005339 | [Train Acc: 0.8682934459565149]
L005340 | [Dev Loss: 0.6882]
L005341 | [Dev F1: 0.7769806108614613]
L005342 | [Dev Acc: 0.7809457579972183]
L005343 | Early stopping at epoch: 17
L005344 | Last model
L005345 |               precision    recall  f1-score   support
L005346 | 
L005347 |     Negative     0.7462    0.6489    0.6941      1350
L005348 |     Positive     0.8073    0.8695    0.8373      2284
L005349 | 
L005350 |     accuracy                         0.7876      3634
L005351 |    macro avg     0.7767    0.7592    0.7657      3634
L005352 | weighted avg     0.7846    0.7876    0.7841      3634
L005353 | 
L005354 | Best model at epoch: 7
L005355 | Best dev F1: 0.7971940127460502
L005356 |               precision    recall  f1-score   support
L005357 | 
L005358 |     Negative     0.7544    0.6689    0.7091      1350
L005359 |     Positive     0.8166    0.8713    0.8430      2284
L005360 | 
L005361 |     accuracy                         0.7961      3634
L005362 |    macro avg     0.7855    0.7701    0.7761      3634
L005363 | weighted avg     0.7935    0.7961    0.7933      3634
L005364 | 
L005365 | Best test F1: 0.7932721860286719
L005366 | Best test Acc: 0.7960924600990644
L005367 | [SANITIZED] Saved checkpoint: [path and filename removed]
