# Redacted copy of an existing run log.
# run_id: G29-seed2
# dataset: CMU-MOSEI
# model: MMGCN+AMBER
# imr: (0.7,0.3,0.5)
# seed_alias: seed2
# original_log_sha256: bae10f396fb68e9cb0034b9a4c47fd6093d767cea472c539f29cee1ddcb7c43e
# source_record_status: ok
# source_record_process_return_code: 3221226505
# L numbers refer to source logical lines; REDACTED/SANITIZED text is editorial.
L000001-L000065 | [REDACTED: configuration or implementation details]
L000066 | [SANITIZED] Seed alias: seed2
L000067 | 
L000068-L000069 | [REDACTED: batch progress and internal diagnostics]
L000070 | 
L000071-L000072 | [REDACTED: batch progress and internal diagnostics]
L000073 | 
L000074-L000075 | [REDACTED: batch progress and internal diagnostics]
L000076 | 
L000077-L000360 | [REDACTED: batch progress and internal diagnostics]
L000361 | [Epoch 0] [Time: 36.755027532577515]
L000362 | [Train Loss: 1.1395]
L000363 | [Train F1: 0.6669746672691486]
L000364 | [Train Acc: 0.6664320350383232]
L000365 | [Dev Loss: 0.6323]
L000366 | [Dev F1: 0.8139899905631763]
L000367 | [Dev Acc: 0.8115438108484005]
L000368 | 
L000369-L000652 | [REDACTED: batch progress and internal diagnostics]
L000653 | [Epoch 1] [Time: 38.00017714500427]
L000654 | [Train Loss: 0.7662]
L000655 | [Train F1: 0.8056795799582281]
L000656 | [Train Acc: 0.8052557484748945]
L000657 | [Dev Loss: 0.5556]
L000658 | [Dev F1: 0.8397053342182818]
L000659 | [Dev Acc: 0.8407510431154381]
L000660 | 
L000661-L000944 | [REDACTED: batch progress and internal diagnostics]
L000945 | [Epoch 2] [Time: 38.174543619155884]
L000946 | [Train Loss: 0.682]
L000947 | [Train F1: 0.8231787033518171]
L000948 | [Train Acc: 0.823322383857344]
L000949 | [Dev Loss: 0.5271]
L000950 | [Dev F1: 0.8347625706774553]
L000951 | [Dev Acc: 0.8358831710709318]
L000952 | 
L000953-L001236 | [REDACTED: batch progress and internal diagnostics]
L001237 | [Epoch 3] [Time: 37.6481716632843]
L001238 | [Train Loss: 0.6142]
L001239 | [Train F1: 0.8353507861284749]
L001240 | [Train Acc: 0.8357578601595496]
L001241 | [Dev Loss: 0.5879]
L001242 | [Dev F1: 0.8037320406061593]
L001243 | [Dev Acc: 0.799721835883171]
L001244 | 
L001245-L001528 | [REDACTED: batch progress and internal diagnostics]
L001529 | [Epoch 4] [Time: 38.42918658256531]
L001530 | [Train Loss: 0.5828]
L001531 | [Train F1: 0.8430206425544406]
L001532 | [Train Acc: 0.8435007038948851]
L001533 | [Dev Loss: 0.5081]
L001534 | [Dev F1: 0.8407149790668413]
L001535 | [Dev Acc: 0.8407510431154381]
L001536 | 
L001537-L001820 | [REDACTED: batch progress and internal diagnostics]
L001821 | [Epoch 5] [Time: 38.70398712158203]
L001822 | [Train Loss: 0.5649]
L001823 | [Train F1: 0.8465867447949961]
L001824 | [Train Acc: 0.8471765994055999]
L001825 | [Dev Loss: 0.5297]
L001826 | [Dev F1: 0.8364368997273388]
L001827 | [Dev Acc: 0.8414464534075105]
L001828 | 
L001829-L002112 | [REDACTED: batch progress and internal diagnostics]
L002113 | [Epoch 6] [Time: 39.128079414367676]
L002114 | [Train Loss: 0.5394]
L002115 | [Train F1: 0.8542665265709468]
L002116 | [Train Acc: 0.8549976536837166]
L002117 | [Dev Loss: 0.5059]
L002118 | [Dev F1: 0.8404465707757693]
L002119 | [Dev Acc: 0.8414464534075105]
L002120 | 
L002121-L002404 | [REDACTED: batch progress and internal diagnostics]
L002405 | [Epoch 7] [Time: 38.421546936035156]
L002406 | [Train Loss: 0.5197]
L002407 | [Train F1: 0.8558359927635516]
L002408 | [Train Acc: 0.8567182856249023]
L002409 | [Dev Loss: 0.5088]
L002410 | [Dev F1: 0.836578796970127]
L002411 | [Dev Acc: 0.8372739916550765]
L002412 | 
L002413-L002696 | [REDACTED: batch progress and internal diagnostics]
L002697 | [Epoch 8] [Time: 37.87189555168152]
L002698 | [Train Loss: 0.5003]
L002699 | [Train F1: 0.863363876637845]
L002700 | [Train Acc: 0.8641482871891131]
L002701 | [Dev Loss: 0.5099]
L002702 | [Dev F1: 0.8377307110611991]
L002703 | [Dev Acc: 0.8386648122392212]
L002704 | 
L002705-L002988 | [REDACTED: batch progress and internal diagnostics]
L002989 | [Epoch 9] [Time: 38.359309673309326]
L002990 | [Train Loss: 0.4841]
L002991 | [Train F1: 0.8658047258220296]
L002992 | [Train Acc: 0.8664946034725481]
L002993 | [Dev Loss: 0.4956]
L002994 | [Dev F1: 0.8421230871377647]
L002995 | [Dev Acc: 0.8442280945757997]
L002996 | 
L002997-L003280 | [REDACTED: batch progress and internal diagnostics]
L003281 | [Epoch 10] [Time: 38.93982529640198]
L003282 | [Train Loss: 0.4716]
L003283 | [Train F1: 0.8672271346216729]
L003284 | [Train Acc: 0.8676677616142656]
L003285 | [Dev Loss: 0.5027]
L003286 | [Dev F1: 0.8430823606651962]
L003287 | [Dev Acc: 0.8442280945757997]
L003288 | 
L003289-L003572 | [REDACTED: batch progress and internal diagnostics]
L003573 | [Epoch 11] [Time: 39.05750894546509]
L003574 | [Train Loss: 0.4552]
L003575 | [Train F1: 0.8704795015972153]
L003576 | [Train Acc: 0.8709526044110746]
L003577 | [Dev Loss: 0.512]
L003578 | [Dev F1: 0.831976882829734]
L003579 | [Dev Acc: 0.8324061196105702]
L003580 | 
L003581-L003864 | [REDACTED: batch progress and internal diagnostics]
L003865 | [Epoch 12] [Time: 38.21515893936157]
L003866 | [Train Loss: 0.4399]
L003867 | [Train F1: 0.8755751364604929]
L003868 | [Train Acc: 0.8758798686062881]
L003869 | [Dev Loss: 0.5246]
L003870 | [Dev F1: 0.8397710905816844]
L003871 | [Dev Acc: 0.8435326842837274]
L003872 | 
L003873-L004156 | [REDACTED: batch progress and internal diagnostics]
L004157 | [Epoch 13] [Time: 38.905200242996216]
L004158 | [Train Loss: 0.4189]
L004159 | [Train F1: 0.8791547715616209]
L004160 | [Train Acc: 0.8796339746597841]
L004161 | [Dev Loss: 0.5221]
L004162 | [Dev F1: 0.8346401877319286]
L004163 | [Dev Acc: 0.8344923504867872]
L004164 | 
L004165-L004448 | [REDACTED: batch progress and internal diagnostics]
L004449 | [Epoch 14] [Time: 39.75878167152405]
L004450 | [Train Loss: 0.3998]
L004451 | [Train F1: 0.8842530179272574]
L004452 | [Train Acc: 0.8844830283122165]
L004453 | [Dev Loss: 0.5158]
L004454 | [Dev F1: 0.845060866863633]
L004455 | [Dev Acc: 0.8463143254520167]
L004456 | 
L004457-L004740 | [REDACTED: batch progress and internal diagnostics]
L004741 | [Epoch 15] [Time: 37.20208144187927]
L004742 | [Train Loss: 0.3835]
L004743 | [Train F1: 0.8896169021002938]
L004744 | [Train Acc: 0.889879555764117]
L004745 | [Dev Loss: 0.531]
L004746 | [Dev F1: 0.8425135605825798]
L004747 | [Dev Acc: 0.8463143254520167]
L004748 | 
L004749-L005032 | [REDACTED: batch progress and internal diagnostics]
L005033 | [Epoch 16] [Time: 37.40751242637634]
L005034 | [Train Loss: 0.3687]
L005035 | [Train F1: 0.8937524067761928]
L005036 | [Train Acc: 0.8939465039887377]
L005037 | [Dev Loss: 0.5304]
L005038 | [Dev F1: 0.8390130685177549]
L005039 | [Dev Acc: 0.8407510431154381]
L005040 | 
L005041-L005324 | [REDACTED: batch progress and internal diagnostics]
L005325 | [Epoch 17] [Time: 37.61048150062561]
L005326 | [Train Loss: 0.3593]
L005327 | [Train F1: 0.894469653753421]
L005328 | [Train Acc: 0.8946503988737682]
L005329 | [Dev Loss: 0.5463]
L005330 | [Dev F1: 0.8430466643143615]
L005331 | [Dev Acc: 0.8428372739916551]
L005332 | 
L005333-L005616 | [REDACTED: batch progress and internal diagnostics]
L005617 | [Epoch 18] [Time: 37.1558518409729]
L005618 | [Train Loss: 0.3342]
L005619 | [Train F1: 0.9014308584641866]
L005620 | [Train Acc: 0.9015329266385109]
L005621 | [Dev Loss: 0.552]
L005622 | [Dev F1: 0.8328715723035885]
L005623 | [Dev Acc: 0.8331015299026425]
L005624 | 
L005625-L005908 | [REDACTED: batch progress and internal diagnostics]
L005909 | [Epoch 19] [Time: 37.508172273635864]
L005910 | [Train Loss: 0.3267]
L005911 | [Train F1: 0.9041732094441428]
L005912 | [Train Acc: 0.9042702956358517]
L005913 | [Dev Loss: 0.5353]
L005914 | [Dev F1: 0.8315569832491235]
L005915 | [Dev Acc: 0.8317107093184979]
L005916 | 
L005917-L006200 | [REDACTED: batch progress and internal diagnostics]
L006201 | [Epoch 20] [Time: 37.11703872680664]
L006202 | [Train Loss: 0.3082]
L006203 | [Train F1: 0.9052437332456741]
L006204 | [Train Acc: 0.9053652432347881]
L006205 | [Dev Loss: 0.5406]
L006206 | [Dev F1: 0.842214195372255]
L006207 | [Dev Acc: 0.844923504867872]
L006208 | 
L006209-L006492 | [REDACTED: batch progress and internal diagnostics]
L006493 | [Epoch 21] [Time: 37.913479804992676]
L006494 | [Train Loss: 0.2972]
L006495 | [Train F1: 0.9106009679274376]
L006496 | [Train Acc: 0.9106835601439074]
L006497 | [Dev Loss: 0.5436]
L006498 | [Dev F1: 0.8367391668342928]
L006499 | [Dev Acc: 0.8372739916550765]
L006500 | 
L006501-L006784 | [REDACTED: batch progress and internal diagnostics]
L006785 | [Epoch 22] [Time: 38.601086139678955]
L006786 | [Train Loss: 0.2842]
L006787 | [Train F1: 0.9139767131401713]
L006788 | [Train Acc: 0.9140466134834976]
L006789 | [Dev Loss: 0.5875]
L006790 | [Dev F1: 0.8295354229841785]
L006791 | [Dev Acc: 0.8317107093184979]
L006792 | 
L006793-L007076 | [REDACTED: batch progress and internal diagnostics]
L007077 | [Epoch 23] [Time: 38.13007426261902]
L007078 | [Train Loss: 0.2716]
L007079 | [Train F1: 0.9169866321555594]
L007080 | [Train Acc: 0.9170968246519631]
L007081 | [Dev Loss: 0.5501]
L007082 | [Dev F1: 0.8322557800838751]
L007083 | [Dev Acc: 0.8344923504867872]
L007084 | 
L007085-L007368 | [REDACTED: batch progress and internal diagnostics]
L007369 | [Epoch 24] [Time: 36.363661766052246]
L007370 | [Train Loss: 0.2557]
L007371 | [Train F1: 0.9261434702251802]
L007372 | [Train Acc: 0.9261692476145784]
L007373 | [Dev Loss: 0.5645]
L007374 | [Dev F1: 0.8240329557641106]
L007375 | [Dev Acc: 0.8268428372739917]
L007376 | Early stopping at epoch: 24
L007377 | Last model
L007378 |               precision    recall  f1-score   support
L007379 | 
L007380 |     Negative     0.8069    0.7274    0.7651      1350
L007381 |     Positive     0.8477    0.8971    0.8717      2284
L007382 | 
L007383 |     accuracy                         0.8341      3634
L007384 |    macro avg     0.8273    0.8123    0.8184      3634
L007385 | weighted avg     0.8326    0.8341    0.8321      3634
L007386 | 
L007387 | Best model at epoch: 14
L007388 | Best dev F1: 0.845060866863633
L007389 |               precision    recall  f1-score   support
L007390 | 
L007391 |     Negative     0.8252    0.7481    0.7848      1350
L007392 |     Positive     0.8589    0.9063    0.8820      2284
L007393 | 
L007394 |     accuracy                         0.8476      3634
L007395 |    macro avg     0.8420    0.8272    0.8334      3634
L007396 | weighted avg     0.8464    0.8476    0.8459      3634
L007397 | 
L007398 | Best test F1: 0.845865715176272
L007399 | Best test Acc: 0.8475509080902587
L007400 | [SANITIZED] Saved checkpoint: [path and filename removed]
