# Redacted copy of an existing run log.
# run_id: G06-seed5
# dataset: IEMOCAP
# model: GCNet+AMBER
# imr: (0.7,0.5,0.3)
# seed_alias: seed5
# original_log_sha256: a4b0158c49edd55d692d101e811fa710024cf3d9eb74a56d6e77a38c96e5a540
# source_record_status: ok
# source_record_process_return_code: 3221226505
# L numbers refer to source logical lines; REDACTED/SANITIZED text is editorial.
L000001-L000005 | [REDACTED: configuration or implementation details]
L000006 | [SANITIZED] FutureWarning: [dependency deprecation notice; implementation details removed]
L000007-L000068 | [REDACTED: configuration or implementation details]
L000069 | [SANITIZED] Seed alias: seed5
L000070 | [REDACTED: configuration or implementation details]
L000071 | 
L000072-L000073 | [REDACTED: batch progress and internal diagnostics]
L000074 | 
L000075-L000076 | [REDACTED: batch progress and internal diagnostics]
L000077 | 
L000078-L000079 | [REDACTED: batch progress and internal diagnostics]
L000080-L000083 | [REDACTED: configuration or implementation details]
L000084 | [SANITIZED] Seed alias: seed5
L000085-L000088 | [REDACTED: configuration or implementation details]
L000089 | 
L000090-L000105 | [REDACTED: batch progress and internal diagnostics]
L000106 | [Epoch 0] [Time: 3.15]
L000107 | [Train Loss: 1.725]
L000108 | [Train F1: 0.20051445980722035]
L000109 | [Train Acc: 0.28255433737257163]
L000110 | [Dev Loss: 1.6385]
L000111 | [Dev F1: 0.22883638187341707]
L000112 | [Dev Acc: 0.3322422258592471]
L000113 | 
L000114-L000129 | [REDACTED: batch progress and internal diagnostics]
L000130 | [Epoch 1] [Time: 2.81]
L000131 | [Train Loss: 1.5083]
L000132 | [Train F1: 0.3643862484894221]
L000133 | [Train Acc: 0.43758415079823043]
L000134 | [Dev Loss: 1.4993]
L000135 | [Dev F1: 0.27143964087107403]
L000136 | [Dev Acc: 0.3878887070376432]
L000137 | 
L000138-L000153 | [REDACTED: batch progress and internal diagnostics]
L000154 | [Epoch 2] [Time: 2.67]
L000155 | [Train Loss: 1.3235]
L000156 | [Train F1: 0.389254575527975]
L000157 | [Train Acc: 0.4741296403154453]
L000158 | [Dev Loss: 1.4452]
L000159 | [Dev F1: 0.31412692520500496]
L000160 | [Dev Acc: 0.40916530278232405]
L000161 | 
L000162-L000177 | [REDACTED: batch progress and internal diagnostics]
L000178 | [Epoch 3] [Time: 2.81]
L000179 | [Train Loss: 1.2323]
L000180 | [Train F1: 0.43830983138590146]
L000181 | [Train Acc: 0.482400461627236]
L000182 | [Dev Loss: 1.3683]
L000183 | [Dev F1: 0.3263496365212318]
L000184 | [Dev Acc: 0.41080196399345337]
L000185 | 
L000186-L000201 | [REDACTED: batch progress and internal diagnostics]
L000202 | [Epoch 4] [Time: 2.75]
L000203 | [Train Loss: 1.1757]
L000204 | [Train F1: 0.4783015209222729]
L000205 | [Train Acc: 0.50644354683593]
L000206 | [Dev Loss: 1.4296]
L000207 | [Dev F1: 0.2941435001498415]
L000208 | [Dev Acc: 0.3191489361702128]
L000209 | 
L000210-L000225 | [REDACTED: batch progress and internal diagnostics]
L000226 | [Epoch 5] [Time: 2.59]
L000227 | [Train Loss: 1.1634]
L000228 | [Train F1: 0.47284513348530216]
L000229 | [Train Acc: 0.5072129255626082]
L000230 | [Dev Loss: 1.3227]
L000231 | [Dev F1: 0.34904547163204647]
L000232 | [Dev Acc: 0.397708674304419]
L000233 | 
L000234-L000249 | [REDACTED: batch progress and internal diagnostics]
L000250 | [Epoch 6] [Time: 2.70]
L000251 | [Train Loss: 1.109]
L000252 | [Train F1: 0.5175270398713406]
L000253 | [Train Acc: 0.5368340065397191]
L000254 | [Dev Loss: 1.3099]
L000255 | [Dev F1: 0.3521971127095183]
L000256 | [Dev Acc: 0.41898527004909986]
L000257 | 
L000258-L000273 | [REDACTED: batch progress and internal diagnostics]
L000274 | [Epoch 7] [Time: 2.72]
L000275 | [Train Loss: 1.1044]
L000276 | [Train F1: 0.5296190090657259]
L000277 | [Train Acc: 0.5431813810348144]
L000278 | [Dev Loss: 1.3078]
L000279 | [Dev F1: 0.33393582323073895]
L000280 | [Dev Acc: 0.41734860883797054]
L000281 | 
L000282-L000297 | [REDACTED: batch progress and internal diagnostics]
L000298 | [Epoch 8] [Time: 2.74]
L000299 | [Train Loss: 1.085]
L000300 | [Train F1: 0.5500037859699968]
L000301 | [Train Acc: 0.5554914406616657]
L000302 | [Dev Loss: 1.3103]
L000303 | [Dev F1: 0.41449767382764235]
L000304 | [Dev Acc: 0.425531914893617]
L000305 | 
L000306-L000321 | [REDACTED: batch progress and internal diagnostics]
L000322 | [Epoch 9] [Time: 2.66]
L000323 | [Train Loss: 1.0489]
L000324 | [Train F1: 0.5692773989467096]
L000325 | [Train Acc: 0.5801115599153683]
L000326 | [Dev Loss: 1.305]
L000327 | [Dev F1: 0.4133231328285528]
L000328 | [Dev Acc: 0.4337152209492635]
L000329 | 
L000330-L000345 | [REDACTED: batch progress and internal diagnostics]
L000346 | [Epoch 10] [Time: 2.66]
L000347 | [Train Loss: 1.0444]
L000348 | [Train F1: 0.5717736340745463]
L000349 | [Train Acc: 0.5785728024620119]
L000350 | [Dev Loss: 1.2313]
L000351 | [Dev F1: 0.4102810377644726]
L000352 | [Dev Acc: 0.4288052373158756]
L000353 | 
L000354-L000369 | [REDACTED: batch progress and internal diagnostics]
L000370 | [Epoch 11] [Time: 2.71]
L000371 | [Train Loss: 1.0328]
L000372 | [Train F1: 0.5615459427890057]
L000373 | [Train Acc: 0.5666474321984997]
L000374 | [Dev Loss: 1.2136]
L000375 | [Dev F1: 0.4425939862100644]
L000376 | [Dev Acc: 0.47299509001636664]
L000377 | 
L000378-L000393 | [REDACTED: batch progress and internal diagnostics]
L000394 | [Epoch 12] [Time: 2.59]
L000395 | [Train Loss: 1.0094]
L000396 | [Train F1: 0.568552908281844]
L000397 | [Train Acc: 0.5801115599153683]
L000398 | [Dev Loss: 1.2302]
L000399 | [Dev F1: 0.4051409684994711]
L000400 | [Dev Acc: 0.4238952536824877]
L000401 | 
L000402-L000417 | [REDACTED: batch progress and internal diagnostics]
L000418 | [Epoch 13] [Time: 2.83]
L000419 | [Train Loss: 0.9908]
L000420 | [Train F1: 0.5858853230937046]
L000421 | [Train Acc: 0.5916522408155415]
L000422 | [Dev Loss: 1.282]
L000423 | [Dev F1: 0.32305929856053317]
L000424 | [Dev Acc: 0.3780687397708674]
L000425 | 
L000426-L000441 | [REDACTED: batch progress and internal diagnostics]
L000442 | [Epoch 14] [Time: 2.69]
L000443 | [Train Loss: 0.9927]
L000444 | [Train F1: 0.5849589252501004]
L000445 | [Train Acc: 0.5958838238122716]
L000446 | [Dev Loss: 1.288]
L000447 | [Dev F1: 0.3885151651493937]
L000448 | [Dev Acc: 0.4026186579378069]
L000449 | 
L000450-L000465 | [REDACTED: batch progress and internal diagnostics]
L000466 | [Epoch 15] [Time: 2.90]
L000467 | [Train Loss: 0.9655]
L000468 | [Train F1: 0.594383269780105]
L000469 | [Train Acc: 0.5997307174456626]
L000470 | [Dev Loss: 1.1894]
L000471 | [Dev F1: 0.44475086372884487]
L000472 | [Dev Acc: 0.45990180032733224]
L000473 | 
L000474-L000489 | [REDACTED: batch progress and internal diagnostics]
L000490 | [Epoch 16] [Time: 2.79]
L000491 | [Train Loss: 0.9531]
L000492 | [Train F1: 0.6042866947264048]
L000493 | [Train Acc: 0.6093479515291402]
L000494 | [Dev Loss: 1.2339]
L000495 | [Dev F1: 0.43811234351263]
L000496 | [Dev Acc: 0.4664484451718494]
L000497 | 
L000498-L000513 | [REDACTED: batch progress and internal diagnostics]
L000514 | [Epoch 17] [Time: 2.60]
L000515 | [Train Loss: 0.9566]
L000516 | [Train F1: 0.5971810919756932]
L000517 | [Train Acc: 0.6058857472590883]
L000518 | [Dev Loss: 1.2747]
L000519 | [Dev F1: 0.37300247761788186]
L000520 | [Dev Acc: 0.4026186579378069]
L000521 | 
L000522-L000537 | [REDACTED: batch progress and internal diagnostics]
L000538 | [Epoch 18] [Time: 2.72]
L000539 | [Train Loss: 0.9347]
L000540 | [Train F1: 0.604184148397751]
L000541 | [Train Acc: 0.6105020196191575]
L000542 | [Dev Loss: 1.2595]
L000543 | [Dev F1: 0.4277885567604832]
L000544 | [Dev Acc: 0.4500818330605565]
L000545 | 
L000546-L000561 | [REDACTED: batch progress and internal diagnostics]
L000562 | [Epoch 19] [Time: 2.74]
L000563 | [Train Loss: 0.9219]
L000564 | [Train F1: 0.5978707058338346]
L000565 | [Train Acc: 0.6018465089440277]
L000566 | [Dev Loss: 1.1982]
L000567 | [Dev F1: 0.45655753417894174]
L000568 | [Dev Acc: 0.49263502454991814]
L000569 | 
L000570-L000585 | [REDACTED: batch progress and internal diagnostics]
L000586 | [Epoch 20] [Time: 2.90]
L000587 | [Train Loss: 0.9188]
L000588 | [Train F1: 0.6102507542456264]
L000589 | [Train Acc: 0.6145412579342181]
L000590 | [Dev Loss: 1.3429]
L000591 | [Dev F1: 0.4106799762849719]
L000592 | [Dev Acc: 0.425531914893617]
L000593 | 
L000594-L000609 | [REDACTED: batch progress and internal diagnostics]
L000610 | [Epoch 21] [Time: 2.78]
L000611 | [Train Loss: 0.9143]
L000612 | [Train F1: 0.6045758777166838]
L000613 | [Train Acc: 0.608578572802462]
L000614 | [Dev Loss: 1.2285]
L000615 | [Dev F1: 0.42450644614675437]
L000616 | [Dev Acc: 0.4533551554828151]
L000617 | 
L000618-L000633 | [REDACTED: batch progress and internal diagnostics]
L000634 | [Epoch 22] [Time: 2.64]
L000635 | [Train Loss: 0.9069]
L000636 | [Train F1: 0.6058854726295264]
L000637 | [Train Acc: 0.6147336026158877]
L000638 | [Dev Loss: 1.2695]
L000639 | [Dev F1: 0.44795055053592664]
L000640 | [Dev Acc: 0.4500818330605565]
L000641 | 
L000642-L000657 | [REDACTED: batch progress and internal diagnostics]
L000658 | [Epoch 23] [Time: 2.65]
L000659 | [Train Loss: 0.8995]
L000660 | [Train F1: 0.6133878239141951]
L000661 | [Train Acc: 0.6170417387959223]
L000662 | [Dev Loss: 1.1806]
L000663 | [Dev F1: 0.4573976821463284]
L000664 | [Dev Acc: 0.486088379705401]
L000665 | 
L000666-L000681 | [REDACTED: batch progress and internal diagnostics]
L000682 | [Epoch 24] [Time: 2.74]
L000683 | [Train Loss: 0.9059]
L000684 | [Train F1: 0.6036610599863587]
L000685 | [Train Acc: 0.6066551259857665]
L000686 | [Dev Loss: 1.3786]
L000687 | [Dev F1: 0.33627788547233656]
L000688 | [Dev Acc: 0.3617021276595745]
L000689 | 
L000690-L000705 | [REDACTED: batch progress and internal diagnostics]
L000706 | [Epoch 25] [Time: 2.51]
L000707 | [Train Loss: 0.9125]
L000708 | [Train F1: 0.6080638107055465]
L000709 | [Train Acc: 0.612425466435853]
L000710 | [Dev Loss: 1.2207]
L000711 | [Dev F1: 0.4709075111393469]
L000712 | [Dev Acc: 0.4959083469721768]
L000713 | 
L000714-L000729 | [REDACTED: batch progress and internal diagnostics]
L000730 | [Epoch 26] [Time: 2.69]
L000731 | [Train Loss: 0.9055]
L000732 | [Train F1: 0.6085880150191226]
L000733 | [Train Acc: 0.614156568570879]
L000734 | [Dev Loss: 1.2399]
L000735 | [Dev F1: 0.4709972229927725]
L000736 | [Dev Acc: 0.49427168576104746]
L000737 | 
L000738-L000753 | [REDACTED: batch progress and internal diagnostics]
L000754 | [Epoch 27] [Time: 2.72]
L000755 | [Train Loss: 0.8869]
L000756 | [Train F1: 0.613763017695688]
L000757 | [Train Acc: 0.6174264281592614]
L000758 | [Dev Loss: 1.1782]
L000759 | [Dev F1: 0.4942234934510745]
L000760 | [Dev Acc: 0.49918166939443537]
L000761 | 
L000762-L000777 | [REDACTED: batch progress and internal diagnostics]
L000778 | [Epoch 28] [Time: 2.57]
L000779 | [Train Loss: 0.8921]
L000780 | [Train F1: 0.6114661766648968]
L000781 | [Train Acc: 0.6153106366608964]
L000782 | [Dev Loss: 1.2947]
L000783 | [Dev F1: 0.4213098749265566]
L000784 | [Dev Acc: 0.4582651391162029]
L000785 | 
L000786-L000801 | [REDACTED: batch progress and internal diagnostics]
L000802 | [Epoch 29] [Time: 2.87]
L000803 | [Train Loss: 0.8784]
L000804 | [Train F1: 0.6225314424400948]
L000805 | [Train Acc: 0.6266589728793999]
L000806 | [Dev Loss: 1.2136]
L000807 | [Dev F1: 0.45558189160091356]
L000808 | [Dev Acc: 0.46153846153846156]
L000809 | 
L000810-L000825 | [REDACTED: batch progress and internal diagnostics]
L000826 | [Epoch 30] [Time: 2.67]
L000827 | [Train Loss: 0.8774]
L000828 | [Train F1: 0.6222837002037924]
L000829 | [Train Acc: 0.625312560107713]
L000830 | [Dev Loss: 1.3014]
L000831 | [Dev F1: 0.44306226250542985]
L000832 | [Dev Acc: 0.45662847790507366]
L000833 | 
L000834-L000849 | [REDACTED: batch progress and internal diagnostics]
L000850 | [Epoch 31] [Time: 2.56]
L000851 | [Train Loss: 0.8842]
L000852 | [Train F1: 0.6173052009618876]
L000853 | [Train Acc: 0.6210809771109829]
L000854 | [Dev Loss: 1.2046]
L000855 | [Dev F1: 0.4668306558523419]
L000856 | [Dev Acc: 0.47299509001636664]
L000857 | 
L000858-L000873 | [REDACTED: batch progress and internal diagnostics]
L000874 | [Epoch 32] [Time: 2.66]
L000875 | [Train Loss: 0.8821]
L000876 | [Train F1: 0.6203750971034699]
L000877 | [Train Acc: 0.624927870744374]
L000878 | [Dev Loss: 1.2977]
L000879 | [Dev F1: 0.45515258339410875]
L000880 | [Dev Acc: 0.4582651391162029]
L000881 | 
L000882-L000897 | [REDACTED: batch progress and internal diagnostics]
L000898 | [Epoch 33] [Time: 2.72]
L000899 | [Train Loss: 0.8805]
L000900 | [Train F1: 0.6222149044535924]
L000901 | [Train Acc: 0.6247355260627043]
L000902 | [Dev Loss: 1.2012]
L000903 | [Dev F1: 0.47307442897206103]
L000904 | [Dev Acc: 0.4828150572831424]
L000905 | 
L000906-L000921 | [REDACTED: batch progress and internal diagnostics]
L000922 | [Epoch 34] [Time: 2.82]
L000923 | [Train Loss: 0.888]
L000924 | [Train F1: 0.6147479220389674]
L000925 | [Train Acc: 0.6199269090209656]
L000926 | [Dev Loss: 1.2471]
L000927 | [Dev F1: 0.37959399797636967]
L000928 | [Dev Acc: 0.44353518821603927]
L000929 | 
L000930-L000945 | [REDACTED: batch progress and internal diagnostics]
L000946 | [Epoch 35] [Time: 2.72]
L000947 | [Train Loss: 0.8683]
L000948 | [Train F1: 0.6217162416883476]
L000949 | [Train Acc: 0.6287747643777649]
L000950 | [Dev Loss: 1.1903]
L000951 | [Dev F1: 0.49372653631497126]
L000952 | [Dev Acc: 0.5057283142389526]
L000953 | 
L000954-L000969 | [REDACTED: batch progress and internal diagnostics]
L000970 | [Epoch 36] [Time: 2.69]
L000971 | [Train Loss: 0.8652]
L000972 | [Train F1: 0.6251086918376493]
L000973 | [Train Acc: 0.6258895941527217]
L000974 | [Dev Loss: 1.2291]
L000975 | [Dev F1: 0.42343757410448896]
L000976 | [Dev Acc: 0.46317512274959083]
L000977 | 
L000978-L000993 | [REDACTED: batch progress and internal diagnostics]
L000994 | [Epoch 37] [Time: 2.85]
L000995 | [Train Loss: 0.8482]
L000996 | [Train F1: 0.6249096934915329]
L000997 | [Train Acc: 0.6314675899211387]
L000998 | [Dev Loss: 1.231]
L000999 | [Dev F1: 0.4380075416117565]
L001000 | [Dev Acc: 0.4582651391162029]
L001001 | 
L001002-L001017 | [REDACTED: batch progress and internal diagnostics]
L001018 | [Epoch 38] [Time: 2.73]
L001019 | [Train Loss: 0.8584]
L001020 | [Train F1: 0.6249787012531296]
L001021 | [Train Acc: 0.6280053856510868]
L001022 | [Dev Loss: 1.2021]
L001023 | [Dev F1: 0.493709082268319]
L001024 | [Dev Acc: 0.502454991816694]
L001025 | 
L001026-L001041 | [REDACTED: batch progress and internal diagnostics]
L001042 | [Epoch 39] [Time: 2.74]
L001043 | [Train Loss: 0.85]
L001044 | [Train F1: 0.6266942194328867]
L001045 | [Train Acc: 0.6299288324677823]
L001046 | [Dev Loss: 1.2053]
L001047 | [Dev F1: 0.5007459844126761]
L001048 | [Dev Acc: 0.5040916530278232]
L001049 | 
L001050-L001065 | [REDACTED: batch progress and internal diagnostics]
L001066 | [Epoch 40] [Time: 2.75]
L001067 | [Train Loss: 0.8471]
L001068 | [Train F1: 0.6325017592959489]
L001069 | [Train Acc: 0.6355068282361993]
L001070 | [Dev Loss: 1.2604]
L001071 | [Dev F1: 0.44813612763863236]
L001072 | [Dev Acc: 0.48936170212765956]
L001073 | 
L001074-L001089 | [REDACTED: batch progress and internal diagnostics]
L001090 | [Epoch 41] [Time: 2.75]
L001091 | [Train Loss: 0.8434]
L001092 | [Train F1: 0.6300584212553054]
L001093 | [Train Acc: 0.6345451048278515]
L001094 | [Dev Loss: 1.1997]
L001095 | [Dev F1: 0.44877664946713874]
L001096 | [Dev Acc: 0.46153846153846156]
L001097 | 
L001098-L001113 | [REDACTED: batch progress and internal diagnostics]
L001114 | [Epoch 42] [Time: 2.74]
L001115 | [Train Loss: 0.8385]
L001116 | [Train F1: 0.6314030181937791]
L001117 | [Train Acc: 0.6356991729178688]
L001118 | [Dev Loss: 1.2084]
L001119 | [Dev F1: 0.4441785687679543]
L001120 | [Dev Acc: 0.46153846153846156]
L001121 | 
L001122-L001137 | [REDACTED: batch progress and internal diagnostics]
L001138 | [Epoch 43] [Time: 2.75]
L001139 | [Train Loss: 0.8308]
L001140 | [Train F1: 0.6341730516881104]
L001141 | [Train Acc: 0.6372379303712252]
L001142 | [Dev Loss: 1.2364]
L001143 | [Dev F1: 0.4670182479457623]
L001144 | [Dev Acc: 0.4844517184942717]
L001145 | 
L001146-L001161 | [REDACTED: batch progress and internal diagnostics]
L001162 | [Epoch 44] [Time: 2.81]
L001163 | [Train Loss: 0.8314]
L001164 | [Train F1: 0.6376441416730395]
L001165 | [Train Acc: 0.641661858049625]
L001166 | [Dev Loss: 1.2002]
L001167 | [Dev F1: 0.44423964700864804]
L001168 | [Dev Acc: 0.45499181669394434]
L001169 | 
L001170-L001185 | [REDACTED: batch progress and internal diagnostics]
L001186 | [Epoch 45] [Time: 2.68]
L001187 | [Train Loss: 0.8302]
L001188 | [Train F1: 0.6331345506280014]
L001189 | [Train Acc: 0.6364685516445471]
L001190 | [Dev Loss: 1.2172]
L001191 | [Dev F1: 0.46893354252393304]
L001192 | [Dev Acc: 0.48117839607201307]
L001193 | 
L001194-L001209 | [REDACTED: batch progress and internal diagnostics]
L001210 | [Epoch 46] [Time: 2.74]
L001211 | [Train Loss: 0.8243]
L001212 | [Train F1: 0.6407450517167674]
L001213 | [Train Acc: 0.6424312367763031]
L001214 | [Dev Loss: 1.3002]
L001215 | [Dev F1: 0.4106408177966255]
L001216 | [Dev Acc: 0.4320785597381342]
L001217 | 
L001218-L001233 | [REDACTED: batch progress and internal diagnostics]
L001234 | [Epoch 47] [Time: 2.73]
L001235 | [Train Loss: 0.823]
L001236 | [Train F1: 0.634816872801241]
L001237 | [Train Acc: 0.6376226197345644]
L001238 | [Dev Loss: 1.2219]
L001239 | [Dev F1: 0.44307080898114154]
L001240 | [Dev Acc: 0.45499181669394434]
L001241 | 
L001242-L001257 | [REDACTED: batch progress and internal diagnostics]
L001258 | [Epoch 48] [Time: 2.68]
L001259 | [Train Loss: 0.8167]
L001260 | [Train F1: 0.6382091837853324]
L001261 | [Train Acc: 0.6399307559145989]
L001262 | [Dev Loss: 1.1964]
L001263 | [Dev F1: 0.4904454471115525]
L001264 | [Dev Acc: 0.49427168576104746]
L001265 | 
L001266-L001281 | [REDACTED: batch progress and internal diagnostics]
L001282 | [Epoch 49] [Time: 2.78]
L001283 | [Train Loss: 0.8045]
L001284 | [Train F1: 0.6427196417961468]
L001285 | [Train Acc: 0.6464704750913637]
L001286 | [Dev Loss: 1.1529]
L001287 | [Dev F1: 0.5037405006449766]
L001288 | [Dev Acc: 0.513911620294599]
L001289 | 
L001290-L001305 | [REDACTED: batch progress and internal diagnostics]
L001306 | [Epoch 50] [Time: 2.79]
L001307 | [Train Loss: 0.8102]
L001308 | [Train F1: 0.6395958235882147]
L001309 | [Train Acc: 0.6418542027312945]
L001310 | [Dev Loss: 1.2097]
L001311 | [Dev F1: 0.45622300696540813]
L001312 | [Dev Acc: 0.46808510638297873]
L001313 | 
L001314-L001329 | [REDACTED: batch progress and internal diagnostics]
L001330 | [Epoch 51] [Time: 2.84]
L001331 | [Train Loss: 0.8093]
L001332 | [Train F1: 0.641813171684794]
L001333 | [Train Acc: 0.6447393729563378]
L001334 | [Dev Loss: 1.2001]
L001335 | [Dev F1: 0.47534238970066317]
L001336 | [Dev Acc: 0.48936170212765956]
L001337 | 
L001338-L001353 | [REDACTED: batch progress and internal diagnostics]
L001354 | [Epoch 52] [Time: 2.80]
L001355 | [Train Loss: 0.8094]
L001356 | [Train F1: 0.6355815917341385]
L001357 | [Train Acc: 0.6364685516445471]
L001358 | [Dev Loss: 1.2105]
L001359 | [Dev F1: 0.4747661939886546]
L001360 | [Dev Acc: 0.4828150572831424]
L001361 | 
L001362-L001377 | [REDACTED: batch progress and internal diagnostics]
L001378 | [Epoch 53] [Time: 2.62]
L001379 | [Train Loss: 0.819]
L001380 | [Train F1: 0.6321912376210725]
L001381 | [Train Acc: 0.638199653779573]
L001382 | [Dev Loss: 1.2526]
L001383 | [Dev F1: 0.43443892693865377]
L001384 | [Dev Acc: 0.4451718494271686]
L001385 | 
L001386-L001401 | [REDACTED: batch progress and internal diagnostics]
L001402 | [Epoch 54] [Time: 2.94]
L001403 | [Train Loss: 0.8159]
L001404 | [Train F1: 0.6398041583741897]
L001405 | [Train Acc: 0.6422388920946336]
L001406 | [Dev Loss: 1.2707]
L001407 | [Dev F1: 0.4169402226248326]
L001408 | [Dev Acc: 0.4369885433715221]
L001409 | 
L001410-L001425 | [REDACTED: batch progress and internal diagnostics]
L001426 | [Epoch 55] [Time: 2.65]
L001427 | [Train Loss: 0.8156]
L001428 | [Train F1: 0.6242509981922643]
L001429 | [Train Acc: 0.6281977303327563]
L001430 | [Dev Loss: 1.1796]
L001431 | [Dev F1: 0.488718256359087]
L001432 | [Dev Acc: 0.5008183306055647]
L001433 | 
L001434-L001449 | [REDACTED: batch progress and internal diagnostics]
L001450 | [Epoch 56] [Time: 2.85]
L001451 | [Train Loss: 0.8112]
L001452 | [Train F1: 0.6430088403654097]
L001453 | [Train Acc: 0.6462781304096942]
L001454 | [Dev Loss: 1.2158]
L001455 | [Dev F1: 0.4747640243116867]
L001456 | [Dev Acc: 0.4909983633387889]
L001457 | 
L001458-L001473 | [REDACTED: batch progress and internal diagnostics]
L001474 | [Epoch 57] [Time: 2.69]
L001475 | [Train Loss: 0.8094]
L001476 | [Train F1: 0.6374974252228284]
L001477 | [Train Acc: 0.638199653779573]
L001478 | [Dev Loss: 1.1657]
L001479 | [Dev F1: 0.4953656750954347]
L001480 | [Dev Acc: 0.5008183306055647]
L001481 | 
L001482-L001497 | [REDACTED: batch progress and internal diagnostics]
L001498 | [Epoch 58] [Time: 2.57]
L001499 | [Train Loss: 0.8135]
L001500 | [Train F1: 0.6387850213551383]
L001501 | [Train Acc: 0.6432006155029814]
L001502 | [Dev Loss: 1.31]
L001503 | [Dev F1: 0.4316668485484676]
L001504 | [Dev Acc: 0.45990180032733224]
L001505 | 
L001506-L001521 | [REDACTED: batch progress and internal diagnostics]
L001522 | [Epoch 59] [Time: 2.74]
L001523 | [Train Loss: 0.8012]
L001524 | [Train F1: 0.6467313003403693]
L001525 | [Train Acc: 0.649355645316407]
L001526 | [Dev Loss: 1.1688]
L001527 | [Dev F1: 0.4923238917565455]
L001528 | [Dev Acc: 0.5040916530278232]
L001529 | 
L001530-L001545 | [REDACTED: batch progress and internal diagnostics]
L001546 | [Epoch 60] [Time: 2.60]
L001547 | [Train Loss: 0.8019]
L001548 | [Train F1: 0.6416850869123545]
L001549 | [Train Acc: 0.6439699942296595]
L001550 | [Dev Loss: 1.1947]
L001551 | [Dev F1: 0.49018416980797064]
L001552 | [Dev Acc: 0.49754500818330605]
L001553 | 
L001554-L001569 | [REDACTED: batch progress and internal diagnostics]
L001570 | [Epoch 61] [Time: 2.62]
L001571 | [Train Loss: 0.7979]
L001572 | [Train F1: 0.6386079877937874]
L001573 | [Train Acc: 0.6428159261396422]
L001574 | [Dev Loss: 1.2792]
L001575 | [Dev F1: 0.452292584186564]
L001576 | [Dev Acc: 0.48117839607201307]
L001577 | 
L001578-L001593 | [REDACTED: batch progress and internal diagnostics]
L001594 | [Epoch 62] [Time: 2.74]
L001595 | [Train Loss: 0.7994]
L001596 | [Train F1: 0.6369302121556915]
L001597 | [Train Acc: 0.638199653779573]
L001598 | [Dev Loss: 1.1949]
L001599 | [Dev F1: 0.49679538470000695]
L001600 | [Dev Acc: 0.5008183306055647]
L001601 | 
L001602-L001617 | [REDACTED: batch progress and internal diagnostics]
L001618 | [Epoch 63] [Time: 2.66]
L001619 | [Train Loss: 0.7988]
L001620 | [Train F1: 0.6337924294090815]
L001621 | [Train Acc: 0.6412771686862858]
L001622 | [Dev Loss: 1.2118]
L001623 | [Dev F1: 0.4701862584457715]
L001624 | [Dev Acc: 0.49263502454991814]
L001625 | 
L001626-L001641 | [REDACTED: batch progress and internal diagnostics]
L001642 | [Epoch 64] [Time: 2.74]
L001643 | [Train Loss: 0.8037]
L001644 | [Train F1: 0.6426076331030135]
L001645 | [Train Acc: 0.6441623389113291]
L001646 | [Dev Loss: 1.2996]
L001647 | [Dev F1: 0.4329158356737375]
L001648 | [Dev Acc: 0.4713584288052373]
L001649 | 
L001650-L001665 | [REDACTED: batch progress and internal diagnostics]
L001666 | [Epoch 65] [Time: 2.76]
L001667 | [Train Loss: 0.786]
L001668 | [Train F1: 0.6439024302368729]
L001669 | [Train Acc: 0.6474321984997115]
L001670 | [Dev Loss: 1.2022]
L001671 | [Dev F1: 0.5069529575932555]
L001672 | [Dev Acc: 0.5171849427168577]
L001673 | 
L001674-L001689 | [REDACTED: batch progress and internal diagnostics]
L001690 | [Epoch 66] [Time: 2.63]
L001691 | [Train Loss: 0.7961]
L001692 | [Train F1: 0.6423027718705241]
L001693 | [Train Acc: 0.6449317176380073]
L001694 | [Dev Loss: 1.2822]
L001695 | [Dev F1: 0.4297916922790418]
L001696 | [Dev Acc: 0.47299509001636664]
L001697 | 
L001698-L001713 | [REDACTED: batch progress and internal diagnostics]
L001714 | [Epoch 67] [Time: 2.69]
L001715 | [Train Loss: 0.7969]
L001716 | [Train F1: 0.6448146197708093]
L001717 | [Train Acc: 0.6470475091363724]
L001718 | [Dev Loss: 1.1887]
L001719 | [Dev F1: 0.4806125331711111]
L001720 | [Dev Acc: 0.4909983633387889]
L001721 | 
L001722-L001737 | [REDACTED: batch progress and internal diagnostics]
L001738 | [Epoch 68] [Time: 2.76]
L001739 | [Train Loss: 0.7906]
L001740 | [Train F1: 0.6501540720968785]
L001741 | [Train Acc: 0.6518561261781112]
L001742 | [Dev Loss: 1.2164]
L001743 | [Dev F1: 0.4794374712656169]
L001744 | [Dev Acc: 0.4828150572831424]
L001745 | 
L001746-L001761 | [REDACTED: batch progress and internal diagnostics]
L001762 | [Epoch 69] [Time: 2.71]
L001763 | [Train Loss: 0.7804]
L001764 | [Train F1: 0.6429539427333669]
L001765 | [Train Acc: 0.6464704750913637]
L001766 | [Dev Loss: 1.2005]
L001767 | [Dev F1: 0.4712019399790164]
L001768 | [Dev Acc: 0.4844517184942717]
L001769 | 
L001770-L001785 | [REDACTED: batch progress and internal diagnostics]
L001786 | [Epoch 70] [Time: 2.65]
L001787 | [Train Loss: 0.7784]
L001788 | [Train F1: 0.6513944791156334]
L001789 | [Train Acc: 0.6537795729948067]
L001790 | [Dev Loss: 1.1696]
L001791 | [Dev F1: 0.49882966430472675]
L001792 | [Dev Acc: 0.5073649754500819]
L001793 | 
L001794-L001809 | [REDACTED: batch progress and internal diagnostics]
L001810 | [Epoch 71] [Time: 2.65]
L001811 | [Train Loss: 0.7799]
L001812 | [Train F1: 0.6505721460395539]
L001813 | [Train Acc: 0.6543566070398154]
L001814 | [Dev Loss: 1.2992]
L001815 | [Dev F1: 0.4418876604250372]
L001816 | [Dev Acc: 0.45662847790507366]
L001817 | 
L001818-L001833 | [REDACTED: batch progress and internal diagnostics]
L001834 | [Epoch 72] [Time: 2.82]
L001835 | [Train Loss: 0.7863]
L001836 | [Train F1: 0.6537394784762304]
L001837 | [Train Acc: 0.6551259857664935]
L001838 | [Dev Loss: 1.2224]
L001839 | [Dev F1: 0.49862677259980315]
L001840 | [Dev Acc: 0.502454991816694]
L001841 | 
L001842-L001857 | [REDACTED: batch progress and internal diagnostics]
L001858 | [Epoch 73] [Time: 2.76]
L001859 | [Train Loss: 0.7741]
L001860 | [Train F1: 0.6569321074129204]
L001861 | [Train Acc: 0.6585881900365455]
L001862 | [Dev Loss: 1.2586]
L001863 | [Dev F1: 0.4856429576064302]
L001864 | [Dev Acc: 0.49754500818330605]
L001865 | 
L001866-L001881 | [REDACTED: batch progress and internal diagnostics]
L001882 | [Epoch 74] [Time: 2.66]
L001883 | [Train Loss: 0.772]
L001884 | [Train F1: 0.6526682638664223]
L001885 | [Train Acc: 0.6539719176764762]
L001886 | [Dev Loss: 1.192]
L001887 | [Dev F1: 0.4765497624188672]
L001888 | [Dev Acc: 0.5040916530278232]
L001889 | 
L001890-L001905 | [REDACTED: batch progress and internal diagnostics]
L001906 | [Epoch 75] [Time: 2.82]
L001907 | [Train Loss: 0.77]
L001908 | [Train F1: 0.6538453157948119]
L001909 | [Train Acc: 0.657049432583189]
L001910 | [Dev Loss: 1.1993]
L001911 | [Dev F1: 0.5052631698878451]
L001912 | [Dev Acc: 0.5073649754500819]
L001913 | 
L001914-L001929 | [REDACTED: batch progress and internal diagnostics]
L001930 | [Epoch 76] [Time: 2.64]
L001931 | [Train Loss: 0.7732]
L001932 | [Train F1: 0.6555347715089005]
L001933 | [Train Acc: 0.657049432583189]
L001934 | [Dev Loss: 1.2228]
L001935 | [Dev F1: 0.4902318566126345]
L001936 | [Dev Acc: 0.49754500818330605]
L001937 | 
L001938-L001953 | [REDACTED: batch progress and internal diagnostics]
L001954 | [Epoch 77] [Time: 2.67]
L001955 | [Train Loss: 0.7701]
L001956 | [Train F1: 0.6569094149457109]
L001957 | [Train Acc: 0.6597422581265628]
L001958 | [Dev Loss: 1.2553]
L001959 | [Dev F1: 0.4804328342774521]
L001960 | [Dev Acc: 0.48117839607201307]
L001961 | 
L001962-L001977 | [REDACTED: batch progress and internal diagnostics]
L001978 | [Epoch 78] [Time: 2.71]
L001979 | [Train Loss: 0.7769]
L001980 | [Train F1: 0.6586366205496288]
L001981 | [Train Acc: 0.6599346028082324]
L001982 | [Dev Loss: 1.2131]
L001983 | [Dev F1: 0.46050846142245866]
L001984 | [Dev Acc: 0.46481178396072015]
L001985 | 
L001986-L002001 | [REDACTED: batch progress and internal diagnostics]
L002002 | [Epoch 79] [Time: 2.76]
L002003 | [Train Loss: 0.7753]
L002004 | [Train F1: 0.6555626170300917]
L002005 | [Train Acc: 0.6587805347182151]
L002006 | [Dev Loss: 1.2158]
L002007 | [Dev F1: 0.43559672223252505]
L002008 | [Dev Acc: 0.45499181669394434]
L002009 | 
L002010-L002025 | [REDACTED: batch progress and internal diagnostics]
L002026 | [Epoch 80] [Time: 2.74]
L002027 | [Train Loss: 0.751]
L002028 | [Train F1: 0.667455944543186]
L002029 | [Train Acc: 0.6674360453933449]
L002030 | [Dev Loss: 1.2553]
L002031 | [Dev F1: 0.49211047331619845]
L002032 | [Dev Acc: 0.502454991816694]
L002033 | 
L002034-L002049 | [REDACTED: batch progress and internal diagnostics]
L002050 | [Epoch 81] [Time: 2.78]
L002051 | [Train Loss: 0.7622]
L002052 | [Train F1: 0.6525469247620143]
L002053 | [Train Acc: 0.6564723985381804]
L002054 | [Dev Loss: 1.2622]
L002055 | [Dev F1: 0.4599031225846234]
L002056 | [Dev Acc: 0.486088379705401]
L002057 | 
L002058-L002073 | [REDACTED: batch progress and internal diagnostics]
L002074 | [Epoch 82] [Time: 2.69]
L002075 | [Train Loss: 0.7564]
L002076 | [Train F1: 0.6564901164341106]
L002077 | [Train Acc: 0.6587805347182151]
L002078 | [Dev Loss: 1.2142]
L002079 | [Dev F1: 0.4964490945435792]
L002080 | [Dev Acc: 0.5073649754500819]
L002081 | 
L002082-L002097 | [REDACTED: batch progress and internal diagnostics]
L002098 | [Epoch 83] [Time: 2.63]
L002099 | [Train Loss: 0.7616]
L002100 | [Train F1: 0.6551471562100364]
L002101 | [Train Acc: 0.6562800538565109]
L002102 | [Dev Loss: 1.2017]
L002103 | [Dev F1: 0.4997454262321706]
L002104 | [Dev Acc: 0.5057283142389526]
L002105 | 
L002106-L002121 | [REDACTED: batch progress and internal diagnostics]
L002122 | [Epoch 84] [Time: 2.80]
L002123 | [Train Loss: 0.7552]
L002124 | [Train F1: 0.6604987834395571]
L002125 | [Train Acc: 0.6618580496249279]
L002126 | [Dev Loss: 1.2338]
L002127 | [Dev F1: 0.47113424665494696]
L002128 | [Dev Acc: 0.4828150572831424]
L002129 | 
L002130-L002145 | [REDACTED: batch progress and internal diagnostics]
L002146 | [Epoch 85] [Time: 2.73]
L002147 | [Train Loss: 0.7598]
L002148 | [Train F1: 0.6587517135513422]
L002149 | [Train Acc: 0.6630121177149452]
L002150 | [Dev Loss: 1.2226]
L002151 | [Dev F1: 0.4913857648977986]
L002152 | [Dev Acc: 0.5090016366612111]
L002153 | 
L002154-L002169 | [REDACTED: batch progress and internal diagnostics]
L002170 | [Epoch 86] [Time: 2.68]
L002171 | [Train Loss: 0.7614]
L002172 | [Train F1: 0.6660251917253835]
L002173 | [Train Acc: 0.666089632621658]
L002174 | [Dev Loss: 1.1987]
L002175 | [Dev F1: 0.4528033165427955]
L002176 | [Dev Acc: 0.4959083469721768]
L002177 | 
L002178-L002193 | [REDACTED: batch progress and internal diagnostics]
L002194 | [Epoch 87] [Time: 2.72]
L002195 | [Train Loss: 0.7525]
L002196 | [Train F1: 0.6540223999355022]
L002197 | [Train Acc: 0.6595499134448932]
L002198 | [Dev Loss: 1.2535]
L002199 | [Dev F1: 0.44406692690601685]
L002200 | [Dev Acc: 0.4844517184942717]
L002201 | 
L002202-L002217 | [REDACTED: batch progress and internal diagnostics]
L002218 | [Epoch 88] [Time: 2.73]
L002219 | [Train Loss: 0.7564]
L002220 | [Train F1: 0.6604212527040516]
L002221 | [Train Acc: 0.662242738988267]
L002222 | [Dev Loss: 1.1936]
L002223 | [Dev F1: 0.5153882013106215]
L002224 | [Dev Acc: 0.5171849427168577]
L002225 | 
L002226-L002241 | [REDACTED: batch progress and internal diagnostics]
L002242 | [Epoch 89] [Time: 2.66]
L002243 | [Train Loss: 0.7501]
L002244 | [Train F1: 0.6613440134789383]
L002245 | [Train Acc: 0.6633968070782843]
L002246 | [Dev Loss: 1.2025]
L002247 | [Dev F1: 0.4623237108691637]
L002248 | [Dev Acc: 0.4746317512274959]
L002249 | 
L002250-L002265 | [REDACTED: batch progress and internal diagnostics]
L002266 | [Epoch 90] [Time: 2.84]
L002267 | [Train Loss: 0.7658]
L002268 | [Train F1: 0.6601272658525914]
L002269 | [Train Acc: 0.6630121177149452]
L002270 | [Dev Loss: 1.2131]
L002271 | [Dev F1: 0.4781135584056381]
L002272 | [Dev Acc: 0.4844517184942717]
L002273 | 
L002274-L002289 | [REDACTED: batch progress and internal diagnostics]
L002290 | [Epoch 91] [Time: 2.81]
L002291 | [Train Loss: 0.7572]
L002292 | [Train F1: 0.6620259994219547]
L002293 | [Train Acc: 0.662627428351606]
L002294 | [Dev Loss: 1.2003]
L002295 | [Dev F1: 0.4921942854693303]
L002296 | [Dev Acc: 0.49427168576104746]
L002297 | 
L002298-L002313 | [REDACTED: batch progress and internal diagnostics]
L002314 | [Epoch 92] [Time: 2.88]
L002315 | [Train Loss: 0.7623]
L002316 | [Train F1: 0.657529301371662]
L002317 | [Train Acc: 0.6593575687632237]
L002318 | [Dev Loss: 1.2961]
L002319 | [Dev F1: 0.4127539992884847]
L002320 | [Dev Acc: 0.4369885433715221]
L002321 | 
L002322-L002337 | [REDACTED: batch progress and internal diagnostics]
L002338 | [Epoch 93] [Time: 2.79]
L002339 | [Train Loss: 0.7452]
L002340 | [Train F1: 0.6619601961168194]
L002341 | [Train Acc: 0.6643585304866321]
L002342 | [Dev Loss: 1.2048]
L002343 | [Dev F1: 0.44856882704362244]
L002344 | [Dev Acc: 0.45662847790507366]
L002345 | 
L002346-L002361 | [REDACTED: batch progress and internal diagnostics]
L002362 | [Epoch 94] [Time: 2.82]
L002363 | [Train Loss: 0.7382]
L002364 | [Train F1: 0.6621276553271116]
L002365 | [Train Acc: 0.6651279092133102]
L002366 | [Dev Loss: 1.2661]
L002367 | [Dev F1: 0.456145770740542]
L002368 | [Dev Acc: 0.4844517184942717]
L002369 | 
L002370-L002385 | [REDACTED: batch progress and internal diagnostics]
L002386 | [Epoch 95] [Time: 2.80]
L002387 | [Train Loss: 0.7346]
L002388 | [Train F1: 0.6680972467436908]
L002389 | [Train Acc: 0.6693594922100404]
L002390 | [Dev Loss: 1.1738]
L002391 | [Dev F1: 0.46454511968947493]
L002392 | [Dev Acc: 0.4746317512274959]
L002393 | 
L002394-L002409 | [REDACTED: batch progress and internal diagnostics]
L002410 | [Epoch 96] [Time: 2.80]
L002411 | [Train Loss: 0.7461]
L002412 | [Train F1: 0.667039151009415]
L002413 | [Train Acc: 0.6703212156183882]
L002414 | [Dev Loss: 1.1789]
L002415 | [Dev F1: 0.4687604696575373]
L002416 | [Dev Acc: 0.4795417348608838]
L002417 | 
L002418-L002433 | [REDACTED: batch progress and internal diagnostics]
L002434 | [Epoch 97] [Time: 2.83]
L002435 | [Train Loss: 0.7438]
L002436 | [Train F1: 0.6668389852409817]
L002437 | [Train Acc: 0.6674360453933449]
L002438 | [Dev Loss: 1.1613]
L002439 | [Dev F1: 0.4968907129045863]
L002440 | [Dev Acc: 0.5090016366612111]
L002441 | 
L002442-L002457 | [REDACTED: batch progress and internal diagnostics]
L002458 | [Epoch 98] [Time: 2.81]
L002459 | [Train Loss: 0.7361]
L002460 | [Train F1: 0.6693131866661475]
L002461 | [Train Acc: 0.6732063858434314]
L002462 | [Dev Loss: 1.1657]
L002463 | [Dev F1: 0.4976053201157509]
L002464 | [Dev Acc: 0.49754500818330605]
L002465 | 
L002466-L002481 | [REDACTED: batch progress and internal diagnostics]
L002482 | [Epoch 99] [Time: 2.83]
L002483 | [Train Loss: 0.7313]
L002484 | [Train F1: 0.6718952246524924]
L002485 | [Train Acc: 0.6724370071167532]
L002486 | [Dev Loss: 1.2766]
L002487 | [Dev F1: 0.46111888973981974]
L002488 | [Dev Acc: 0.4795417348608838]
L002489 | 
L002490-L002505 | [REDACTED: batch progress and internal diagnostics]
L002506 | [Epoch 100] [Time: 2.95]
L002507 | [Train Loss: 0.7345]
L002508 | [Train F1: 0.66853190008724]
L002509 | [Train Acc: 0.6701288709367186]
L002510 | [Dev Loss: 1.204]
L002511 | [Dev F1: 0.4855884681111759]
L002512 | [Dev Acc: 0.49263502454991814]
L002513 | 
L002514-L002529 | [REDACTED: batch progress and internal diagnostics]
L002530 | [Epoch 101] [Time: 2.63]
L002531 | [Train Loss: 0.7291]
L002532 | [Train F1: 0.6649043898531078]
L002533 | [Train Acc: 0.6674360453933449]
L002534 | [Dev Loss: 1.1975]
L002535 | [Dev F1: 0.48928335484845376]
L002536 | [Dev Acc: 0.49918166939443537]
L002537 | 
L002538-L002553 | [REDACTED: batch progress and internal diagnostics]
L002554 | [Epoch 102] [Time: 2.63]
L002555 | [Train Loss: 0.7334]
L002556 | [Train F1: 0.6691106285647546]
L002557 | [Train Acc: 0.6718599730717446]
L002558 | [Dev Loss: 1.1752]
L002559 | [Dev F1: 0.47955748037874235]
L002560 | [Dev Acc: 0.4877250409165303]
L002561 | 
L002562-L002577 | [REDACTED: batch progress and internal diagnostics]
L002578 | [Epoch 103] [Time: 2.75]
L002579 | [Train Loss: 0.7304]
L002580 | [Train F1: 0.6687558414723499]
L002581 | [Train Acc: 0.6705135603000577]
L002582 | [Dev Loss: 1.2304]
L002583 | [Dev F1: 0.4797810749807017]
L002584 | [Dev Acc: 0.4909983633387889]
L002585 | 
L002586-L002601 | [REDACTED: batch progress and internal diagnostics]
L002602 | [Epoch 104] [Time: 2.70]
L002603 | [Train Loss: 0.7412]
L002604 | [Train F1: 0.6688275805266235]
L002605 | [Train Acc: 0.6703212156183882]
L002606 | [Dev Loss: 1.2132]
L002607 | [Dev F1: 0.48240692292911475]
L002608 | [Dev Acc: 0.49754500818330605]
L002609 | 
L002610-L002625 | [REDACTED: batch progress and internal diagnostics]
L002626 | [Epoch 105] [Time: 2.53]
L002627 | [Train Loss: 0.7304]
L002628 | [Train F1: 0.6710848874713613]
L002629 | [Train Acc: 0.6730140411617619]
L002630 | [Dev Loss: 1.2019]
L002631 | [Dev F1: 0.4618742107130965]
L002632 | [Dev Acc: 0.46481178396072015]
L002633 | 
L002634-L002649 | [REDACTED: batch progress and internal diagnostics]
L002650 | [Epoch 106] [Time: 2.89]
L002651 | [Train Loss: 0.7228]
L002652 | [Train F1: 0.6707017670045671]
L002653 | [Train Acc: 0.6722446624350836]
L002654 | [Dev Loss: 1.2028]
L002655 | [Dev F1: 0.47241806686700205]
L002656 | [Dev Acc: 0.4844517184942717]
L002657 | 
L002658-L002673 | [REDACTED: batch progress and internal diagnostics]
L002674 | [Epoch 107] [Time: 2.74]
L002675 | [Train Loss: 0.727]
L002676 | [Train F1: 0.680113923821814]
L002677 | [Train Acc: 0.6816695518368917]
L002678 | [Dev Loss: 1.2166]
L002679 | [Dev F1: 0.4682418807328757]
L002680 | [Dev Acc: 0.4844517184942717]
L002681 | 
L002682-L002697 | [REDACTED: batch progress and internal diagnostics]
L002698 | [Epoch 108] [Time: 2.77]
L002699 | [Train Loss: 0.7261]
L002700 | [Train F1: 0.6709843179140783]
L002701 | [Train Acc: 0.6735910752067705]
L002702 | [Dev Loss: 1.1654]
L002703 | [Dev F1: 0.49386214012297447]
L002704 | [Dev Acc: 0.49754500818330605]
L002705 | 
L002706-L002721 | [REDACTED: batch progress and internal diagnostics]
L002722 | [Epoch 109] [Time: 2.73]
L002723 | [Train Loss: 0.7188]
L002724 | [Train F1: 0.6737338973595992]
L002725 | [Train Acc: 0.6751298326601269]
L002726 | [Dev Loss: 1.2097]
L002727 | [Dev F1: 0.469958372268196]
L002728 | [Dev Acc: 0.4795417348608838]
L002729 | 
L002730-L002745 | [REDACTED: batch progress and internal diagnostics]
L002746 | [Epoch 110] [Time: 2.73]
L002747 | [Train Loss: 0.7262]
L002748 | [Train F1: 0.6767124121046091]
L002749 | [Train Acc: 0.6785920369301789]
L002750 | [Dev Loss: 1.2393]
L002751 | [Dev F1: 0.3877293360243929]
L002752 | [Dev Acc: 0.41080196399345337]
L002753 | 
L002754-L002769 | [REDACTED: batch progress and internal diagnostics]
L002770 | [Epoch 111] [Time: 2.61]
L002771 | [Train Loss: 0.7267]
L002772 | [Train F1: 0.6708269959968903]
L002773 | [Train Acc: 0.671667628390075]
L002774 | [Dev Loss: 1.1444]
L002775 | [Dev F1: 0.4591731854846718]
L002776 | [Dev Acc: 0.4713584288052373]
L002777 | 
L002778-L002793 | [REDACTED: batch progress and internal diagnostics]
L002794 | [Epoch 112] [Time: 2.65]
L002795 | [Train Loss: 0.7241]
L002796 | [Train F1: 0.6739004638394278]
L002797 | [Train Acc: 0.6755145220234661]
L002798 | [Dev Loss: 1.1898]
L002799 | [Dev F1: 0.5181745471473355]
L002800 | [Dev Acc: 0.5237315875613748]
L002801 | 
L002802-L002817 | [REDACTED: batch progress and internal diagnostics]
L002818 | [Epoch 113] [Time: 2.89]
L002819 | [Train Loss: 0.7194]
L002820 | [Train F1: 0.6764414133443207]
L002821 | [Train Acc: 0.6780150028851702]
L002822 | [Dev Loss: 1.279]
L002823 | [Dev F1: 0.41992152870323585]
L002824 | [Dev Acc: 0.4386252045826514]
L002825 | 
L002826-L002841 | [REDACTED: batch progress and internal diagnostics]
L002842 | [Epoch 114] [Time: 2.59]
L002843 | [Train Loss: 0.7216]
L002844 | [Train F1: 0.6808945805151482]
L002845 | [Train Acc: 0.6830159646085786]
L002846 | [Dev Loss: 1.1809]
L002847 | [Dev F1: 0.4980768264287159]
L002848 | [Dev Acc: 0.502454991816694]
L002849 | 
L002850-L002865 | [REDACTED: batch progress and internal diagnostics]
L002866 | [Epoch 115] [Time: 2.80]
L002867 | [Train Loss: 0.7207]
L002868 | [Train F1: 0.6730547355009147]
L002869 | [Train Acc: 0.6743604539334488]
L002870 | [Dev Loss: 1.2835]
L002871 | [Dev F1: 0.44222124877561364]
L002872 | [Dev Acc: 0.49263502454991814]
L002873 | 
L002874-L002889 | [REDACTED: batch progress and internal diagnostics]
L002890 | [Epoch 116] [Time: 2.55]
L002891 | [Train Loss: 0.7187]
L002892 | [Train F1: 0.6811304131278918]
L002893 | [Train Acc: 0.6835929986535872]
L002894 | [Dev Loss: 1.179]
L002895 | [Dev F1: 0.4335779470443865]
L002896 | [Dev Acc: 0.4746317512274959]
L002897 | 
L002898-L002913 | [REDACTED: batch progress and internal diagnostics]
L002914 | [Epoch 117] [Time: 2.72]
L002915 | [Train Loss: 0.7235]
L002916 | [Train F1: 0.6762268302387169]
L002917 | [Train Acc: 0.6783996922485094]
L002918 | [Dev Loss: 1.2485]
L002919 | [Dev F1: 0.4700550725063291]
L002920 | [Dev Acc: 0.4844517184942717]
L002921 | 
L002922-L002937 | [REDACTED: batch progress and internal diagnostics]
L002938 | [Epoch 118] [Time: 2.51]
L002939 | [Train Loss: 0.7246]
L002940 | [Train F1: 0.6704602872792473]
L002941 | [Train Acc: 0.6741681092517792]
L002942 | [Dev Loss: 1.172]
L002943 | [Dev F1: 0.47312761887955695]
L002944 | [Dev Acc: 0.5008183306055647]
L002945 | 
L002946-L002961 | [REDACTED: batch progress and internal diagnostics]
L002962 | [Epoch 119] [Time: 2.73]
L002963 | [Train Loss: 0.713]
L002964 | [Train F1: 0.6762364034994818]
L002965 | [Train Acc: 0.6780150028851702]
L002966 | [Dev Loss: 1.2116]
L002967 | [Dev F1: 0.4267932435789876]
L002968 | [Dev Acc: 0.44189852700491]
L002969 | 
L002970-L002985 | [REDACTED: batch progress and internal diagnostics]
L002986 | [Epoch 120] [Time: 2.67]
L002987 | [Train Loss: 0.713]
L002988 | [Train F1: 0.6740488153849569]
L002989 | [Train Acc: 0.6747451432967878]
L002990 | [Dev Loss: 1.1753]
L002991 | [Dev F1: 0.4694692510459083]
L002992 | [Dev Acc: 0.48117839607201307]
L002993 | 
L002994-L003009 | [REDACTED: batch progress and internal diagnostics]
L003010 | [Epoch 121] [Time: 2.62]
L003011 | [Train Loss: 0.7059]
L003012 | [Train F1: 0.6886147044132734]
L003013 | [Train Acc: 0.6910944412386998]
L003014 | [Dev Loss: 1.1621]
L003015 | [Dev F1: 0.49853320528232264]
L003016 | [Dev Acc: 0.5090016366612111]
L003017 | 
L003018-L003033 | [REDACTED: batch progress and internal diagnostics]
L003034 | [Epoch 122] [Time: 2.80]
L003035 | [Train Loss: 0.6938]
L003036 | [Train F1: 0.6878187490589953]
L003037 | [Train Acc: 0.6903250625120215]
L003038 | [Dev Loss: 1.2194]
L003039 | [Dev F1: 0.4512489593493758]
L003040 | [Dev Acc: 0.4582651391162029]
L003041 | 
L003042-L003057 | [REDACTED: batch progress and internal diagnostics]
L003058 | [Epoch 123] [Time: 2.61]
L003059 | [Train Loss: 0.6924]
L003060 | [Train F1: 0.6901527391784235]
L003061 | [Train Acc: 0.6912867859203693]
L003062 | [Dev Loss: 1.1982]
L003063 | [Dev F1: 0.4573785974629736]
L003064 | [Dev Acc: 0.46808510638297873]
L003065 | 
L003066-L003081 | [REDACTED: batch progress and internal diagnostics]
L003082 | [Epoch 124] [Time: 2.75]
L003083 | [Train Loss: 0.6968]
L003084 | [Train F1: 0.6860489112532367]
L003085 | [Train Acc: 0.6866705135603001]
L003086 | [Dev Loss: 1.2022]
L003087 | [Dev F1: 0.48022962194966884]
L003088 | [Dev Acc: 0.49263502454991814]
L003089 | 
L003090-L003105 | [REDACTED: batch progress and internal diagnostics]
L003106 | [Epoch 125] [Time: 2.52]
L003107 | [Train Loss: 0.7071]
L003108 | [Train F1: 0.6827225426924124]
L003109 | [Train Acc: 0.684939411425274]
L003110 | [Dev Loss: 1.2455]
L003111 | [Dev F1: 0.45737138555525014]
L003112 | [Dev Acc: 0.469721767594108]
L003113 | 
L003114-L003129 | [REDACTED: batch progress and internal diagnostics]
L003130 | [Epoch 126] [Time: 2.65]
L003131 | [Train Loss: 0.7149]
L003132 | [Train F1: 0.6750109538843939]
L003133 | [Train Acc: 0.6774379688401616]
L003134 | [Dev Loss: 1.1474]
L003135 | [Dev F1: 0.5025924814204656]
L003136 | [Dev Acc: 0.5204582651391162]
L003137 | 
L003138-L003153 | [REDACTED: batch progress and internal diagnostics]
L003154 | [Epoch 127] [Time: 2.57]
L003155 | [Train Loss: 0.7119]
L003156 | [Train F1: 0.6766256341905517]
L003157 | [Train Acc: 0.6776303135218311]
L003158 | [Dev Loss: 1.2624]
L003159 | [Dev F1: 0.4494156958183555]
L003160 | [Dev Acc: 0.4779050736497545]
L003161 | 
L003162-L003177 | [REDACTED: batch progress and internal diagnostics]
L003178 | [Epoch 128] [Time: 2.61]
L003179 | [Train Loss: 0.7059]
L003180 | [Train F1: 0.6838797133862429]
L003181 | [Train Acc: 0.6851317561069437]
L003182 | [Dev Loss: 1.1702]
L003183 | [Dev F1: 0.5026277960670265]
L003184 | [Dev Acc: 0.5073649754500819]
L003185 | 
L003186-L003201 | [REDACTED: batch progress and internal diagnostics]
L003202 | [Epoch 129] [Time: 2.48]
L003203 | [Train Loss: 0.705]
L003204 | [Train F1: 0.6898418567768386]
L003205 | [Train Acc: 0.6916714752837084]
L003206 | [Dev Loss: 1.2793]
L003207 | [Dev F1: 0.45129318441933014]
L003208 | [Dev Acc: 0.46481178396072015]
L003209 | 
L003210-L003225 | [REDACTED: batch progress and internal diagnostics]
L003226 | [Epoch 130] [Time: 2.65]
L003227 | [Train Loss: 0.6975]
L003228 | [Train F1: 0.6843062207714178]
L003229 | [Train Acc: 0.6862858241969609]
L003230 | [Dev Loss: 1.2166]
L003231 | [Dev F1: 0.4189574727261763]
L003232 | [Dev Acc: 0.4353518821603928]
L003233 | 
L003234-L003249 | [REDACTED: batch progress and internal diagnostics]
L003250 | [Epoch 131] [Time: 2.76]
L003251 | [Train Loss: 0.6939]
L003252 | [Train F1: 0.6875433171664047]
L003253 | [Train Acc: 0.6899403731486824]
L003254 | [Dev Loss: 1.2414]
L003255 | [Dev F1: 0.46048663836570336]
L003256 | [Dev Acc: 0.46317512274959083]
L003257 | 
L003258-L003273 | [REDACTED: batch progress and internal diagnostics]
L003274 | [Epoch 132] [Time: 2.80]
L003275 | [Train Loss: 0.6905]
L003276 | [Train F1: 0.6937271203214879]
L003277 | [Train Acc: 0.693594922100404]
L003278 | [Dev Loss: 1.2025]
L003279 | [Dev F1: 0.4717805069503675]
L003280 | [Dev Acc: 0.4844517184942717]
L003281 | 
L003282-L003297 | [REDACTED: batch progress and internal diagnostics]
L003298 | [Epoch 133] [Time: 2.59]
L003299 | [Train Loss: 0.6867]
L003300 | [Train F1: 0.6925046613891936]
L003301 | [Train Acc: 0.6947489901904212]
L003302 | [Dev Loss: 1.199]
L003303 | [Dev F1: 0.4812903065563631]
L003304 | [Dev Acc: 0.49427168576104746]
L003305 | 
L003306-L003321 | [REDACTED: batch progress and internal diagnostics]
L003322 | [Epoch 134] [Time: 2.68]
L003323 | [Train Loss: 0.6848]
L003324 | [Train F1: 0.693111580361572]
L003325 | [Train Acc: 0.693979611463743]
L003326 | [Dev Loss: 1.1723]
L003327 | [Dev F1: 0.489897164432733]
L003328 | [Dev Acc: 0.5057283142389526]
L003329 | 
L003330-L003345 | [REDACTED: batch progress and internal diagnostics]
L003346 | [Epoch 135] [Time: 2.58]
L003347 | [Train Loss: 0.6799]
L003348 | [Train F1: 0.6944197088551645]
L003349 | [Train Acc: 0.6968647816887863]
L003350 | [Dev Loss: 1.1699]
L003351 | [Dev F1: 0.47109524100661837]
L003352 | [Dev Acc: 0.4828150572831424]
L003353 | 
L003354-L003369 | [REDACTED: batch progress and internal diagnostics]
L003370 | [Epoch 136] [Time: 2.54]
L003371 | [Train Loss: 0.6778]
L003372 | [Train F1: 0.7005499635254495]
L003373 | [Train Acc: 0.7003269859588382]
L003374 | [Dev Loss: 1.212]
L003375 | [Dev F1: 0.44018915354261756]
L003376 | [Dev Acc: 0.4451718494271686]
L003377 | 
L003378-L003393 | [REDACTED: batch progress and internal diagnostics]
L003394 | [Epoch 137] [Time: 2.56]
L003395 | [Train Loss: 0.6649]
L003396 | [Train F1: 0.6971959980614824]
L003397 | [Train Acc: 0.699172917868821]
L003398 | [Dev Loss: 1.2065]
L003399 | [Dev F1: 0.4877718521082443]
L003400 | [Dev Acc: 0.49754500818330605]
L003401 | 
L003402-L003417 | [REDACTED: batch progress and internal diagnostics]
L003418 | [Epoch 138] [Time: 2.55]
L003419 | [Train Loss: 0.6743]
L003420 | [Train F1: 0.6944432757326078]
L003421 | [Train Acc: 0.6953260242354299]
L003422 | [Dev Loss: 1.1904]
L003423 | [Dev F1: 0.44242436819681635]
L003424 | [Dev Acc: 0.4582651391162029]
L003425 | 
L003426-L003441 | [REDACTED: batch progress and internal diagnostics]
L003442 | [Epoch 139] [Time: 2.56]
L003443 | [Train Loss: 0.6713]
L003444 | [Train F1: 0.6951412598484349]
L003445 | [Train Acc: 0.6972494710521254]
L003446 | [Dev Loss: 1.2081]
L003447 | [Dev F1: 0.49654972577398687]
L003448 | [Dev Acc: 0.513911620294599]
L003449 | 
L003450-L003465 | [REDACTED: batch progress and internal diagnostics]
L003466 | [Epoch 140] [Time: 2.61]
L003467 | [Train Loss: 0.681]
L003468 | [Train F1: 0.6974684804810453]
L003469 | [Train Acc: 0.6976341604154646]
L003470 | [Dev Loss: 1.2319]
L003471 | [Dev F1: 0.4387070244622489]
L003472 | [Dev Acc: 0.4582651391162029]
L003473 | 
L003474-L003489 | [REDACTED: batch progress and internal diagnostics]
L003490 | [Epoch 141] [Time: 2.88]
L003491 | [Train Loss: 0.678]
L003492 | [Train F1: 0.6882078699054279]
L003493 | [Train Acc: 0.6905174071936911]
L003494 | [Dev Loss: 1.3086]
L003495 | [Dev F1: 0.4631467041381113]
L003496 | [Dev Acc: 0.486088379705401]
L003497 | 
L003498-L003513 | [REDACTED: batch progress and internal diagnostics]
L003514 | [Epoch 142] [Time: 2.62]
L003515 | [Train Loss: 0.6707]
L003516 | [Train F1: 0.6990092264204929]
L003517 | [Train Acc: 0.699172917868821]
L003518 | [Dev Loss: 1.2707]
L003519 | [Dev F1: 0.4554966618519499]
L003520 | [Dev Acc: 0.4582651391162029]
L003521 | 
L003522-L003537 | [REDACTED: batch progress and internal diagnostics]
L003538 | [Epoch 143] [Time: 2.61]
L003539 | [Train Loss: 0.6738]
L003540 | [Train F1: 0.6991424822497838]
L003541 | [Train Acc: 0.7003269859588382]
L003542 | [Dev Loss: 1.224]
L003543 | [Dev F1: 0.47976931527335165]
L003544 | [Dev Acc: 0.48936170212765956]
L003545 | 
L003546-L003561 | [REDACTED: batch progress and internal diagnostics]
L003562 | [Epoch 144] [Time: 2.61]
L003563 | [Train Loss: 0.6691]
L003564 | [Train F1: 0.7020828564591088]
L003565 | [Train Acc: 0.7037891902288902]
L003566 | [Dev Loss: 1.2197]
L003567 | [Dev F1: 0.45101057277569323]
L003568 | [Dev Acc: 0.45662847790507366]
L003569 | 
L003570-L003585 | [REDACTED: batch progress and internal diagnostics]
L003586 | [Epoch 145] [Time: 2.62]
L003587 | [Train Loss: 0.6591]
L003588 | [Train F1: 0.7056533013133028]
L003589 | [Train Acc: 0.7059049817272552]
L003590 | [Dev Loss: 1.2219]
L003591 | [Dev F1: 0.47317072111768066]
L003592 | [Dev Acc: 0.49918166939443537]
L003593 | 
L003594-L003609 | [REDACTED: batch progress and internal diagnostics]
L003610 | [Epoch 146] [Time: 2.55]
L003611 | [Train Loss: 0.6578]
L003612 | [Train F1: 0.7047052777042048]
L003613 | [Train Acc: 0.7064820157722639]
L003614 | [Dev Loss: 1.2695]
L003615 | [Dev F1: 0.4233354755492439]
L003616 | [Dev Acc: 0.425531914893617]
L003617 | 
L003618-L003633 | [REDACTED: batch progress and internal diagnostics]
L003634 | [Epoch 147] [Time: 2.64]
L003635 | [Train Loss: 0.6607]
L003636 | [Train F1: 0.6992876358600356]
L003637 | [Train Acc: 0.6999422965954991]
L003638 | [Dev Loss: 1.2587]
L003639 | [Dev F1: 0.46191568529673666]
L003640 | [Dev Acc: 0.486088379705401]
L003641 | 
L003642-L003657 | [REDACTED: batch progress and internal diagnostics]
L003658 | [Epoch 148] [Time: 2.56]
L003659 | [Train Loss: 0.6693]
L003660 | [Train F1: 0.6958774424027783]
L003661 | [Train Acc: 0.6964800923254472]
L003662 | [Dev Loss: 1.2582]
L003663 | [Dev F1: 0.458248710929839]
L003664 | [Dev Acc: 0.4664484451718494]
L003665 | 
L003666-L003681 | [REDACTED: batch progress and internal diagnostics]
L003682 | [Epoch 149] [Time: 2.53]
L003683 | [Train Loss: 0.6568]
L003684 | [Train F1: 0.7020618167505125]
L003685 | [Train Acc: 0.7039815349105597]
L003686 | [Dev Loss: 1.24]
L003687 | [Dev F1: 0.473474146815975]
L003688 | [Dev Acc: 0.4828150572831424]
L003689 | Last model
L003690 |               precision    recall  f1-score   support
L003691 | 
L003692 |          hap     0.5546    0.4583    0.5019       144
L003693 |          sad     0.7925    0.6857    0.7352       245
L003694 |          neu     0.5049    0.6667    0.5746       384
L003695 |          ang     0.6585    0.4765    0.5529       170
L003696 |          exc     0.6842    0.7391    0.7106       299
L003697 |          fru     0.5693    0.5066    0.5361       381
L003698 | 
L003699 |     accuracy                         0.6069      1623
L003700 |    macro avg     0.6273    0.5888    0.6019      1623
L003701 | weighted avg     0.6170    0.6069    0.6062      1623
L003702 | 
L003703 | Best model at epoch: 112
L003704 | Best dev F1: 0.5181745471473355
L003705 |               precision    recall  f1-score   support
L003706 | 
L003707 |          hap     0.5476    0.4792    0.5111       144
L003708 |          sad     0.7887    0.6857    0.7336       245
L003709 |          neu     0.5393    0.6250    0.5790       384
L003710 |          ang     0.7200    0.4235    0.5333       170
L003711 |          exc     0.6856    0.8462    0.7575       299
L003712 |          fru     0.5595    0.5433    0.5513       381
L003713 | 
L003714 |     accuracy                         0.6217      1623
L003715 |    macro avg     0.6401    0.6005    0.6110      1623
L003716 | weighted avg     0.6283    0.6217    0.6179      1623
L003717 | 
L003718 | Best test F1: 0.6179080764962729
L003719 | Best test Acc: 0.6216882316697474
L003720 | [SANITIZED] Saved checkpoint: [path and filename removed]
