# Redacted copy of an existing run log.
# run_id: G06-seed1
# dataset: IEMOCAP
# model: GCNet+AMBER
# imr: (0.7,0.5,0.3)
# seed_alias: seed1
# original_log_sha256: 739f6ba5a21f4bf157c5ce7bdb4a57b9d163a6567e806ab3084e275b5107da7e
# source_record_status: ok
# source_record_process_return_code: 3221226505
# L numbers refer to source logical lines; REDACTED/SANITIZED text is editorial.
L000001-L000005 | [REDACTED: configuration or implementation details]
L000006 | [SANITIZED] FutureWarning: [dependency deprecation notice; implementation details removed]
L000007-L000068 | [REDACTED: configuration or implementation details]
L000069 | [SANITIZED] Seed alias: seed1
L000070 | [REDACTED: configuration or implementation details]
L000071 | 
L000072-L000073 | [REDACTED: batch progress and internal diagnostics]
L000074 | 
L000075-L000076 | [REDACTED: batch progress and internal diagnostics]
L000077 | 
L000078-L000079 | [REDACTED: batch progress and internal diagnostics]
L000080-L000083 | [REDACTED: configuration or implementation details]
L000084 | [SANITIZED] Seed alias: seed1
L000085-L000088 | [REDACTED: configuration or implementation details]
L000089 | 
L000090-L000105 | [REDACTED: batch progress and internal diagnostics]
L000106 | [Epoch 0] [Time: 3.11]
L000107 | [Train Loss: 1.7284]
L000108 | [Train F1: 0.26752763360450554]
L000109 | [Train Acc: 0.3050586651279092]
L000110 | [Dev Loss: 1.65]
L000111 | [Dev F1: 0.17224249528008947]
L000112 | [Dev Acc: 0.2896890343698854]
L000113 | 
L000114-L000129 | [REDACTED: batch progress and internal diagnostics]
L000130 | [Epoch 1] [Time: 2.74]
L000131 | [Train Loss: 1.4994]
L000132 | [Train F1: 0.3272480634989602]
L000133 | [Train Acc: 0.4004616272360069]
L000134 | [Dev Loss: 1.546]
L000135 | [Dev F1: 0.25093575189045786]
L000136 | [Dev Acc: 0.3862520458265139]
L000137 | 
L000138-L000153 | [REDACTED: batch progress and internal diagnostics]
L000154 | [Epoch 2] [Time: 2.76]
L000155 | [Train Loss: 1.3131]
L000156 | [Train F1: 0.4336028381677115]
L000157 | [Train Acc: 0.4814387382188883]
L000158 | [Dev Loss: 1.4086]
L000159 | [Dev F1: 0.27314474598543403]
L000160 | [Dev Acc: 0.3518821603927987]
L000161 | 
L000162-L000177 | [REDACTED: batch progress and internal diagnostics]
L000178 | [Epoch 3] [Time: 2.58]
L000179 | [Train Loss: 1.2072]
L000180 | [Train F1: 0.464095183668005]
L000181 | [Train Acc: 0.5150990575110598]
L000182 | [Dev Loss: 1.4331]
L000183 | [Dev F1: 0.30927499108608997]
L000184 | [Dev Acc: 0.3960720130932897]
L000185 | 
L000186-L000201 | [REDACTED: batch progress and internal diagnostics]
L000202 | [Epoch 4] [Time: 2.64]
L000203 | [Train Loss: 1.1609]
L000204 | [Train F1: 0.489333713269095]
L000205 | [Train Acc: 0.5224081554145028]
L000206 | [Dev Loss: 1.3179]
L000207 | [Dev F1: 0.280722928458393]
L000208 | [Dev Acc: 0.3895253682487725]
L000209 | 
L000210-L000225 | [REDACTED: batch progress and internal diagnostics]
L000226 | [Epoch 5] [Time: 2.78]
L000227 | [Train Loss: 1.1299]
L000228 | [Train F1: 0.5043233817994396]
L000229 | [Train Acc: 0.5276014618195807]
L000230 | [Dev Loss: 1.3189]
L000231 | [Dev F1: 0.36322033254424296]
L000232 | [Dev Acc: 0.3960720130932897]
L000233 | 
L000234-L000249 | [REDACTED: batch progress and internal diagnostics]
L000250 | [Epoch 6] [Time: 2.62]
L000251 | [Train Loss: 1.1086]
L000252 | [Train F1: 0.5142051586847947]
L000253 | [Train Acc: 0.5341411809963454]
L000254 | [Dev Loss: 1.2964]
L000255 | [Dev F1: 0.31589470176837975]
L000256 | [Dev Acc: 0.4075286415711948]
L000257 | 
L000258-L000273 | [REDACTED: batch progress and internal diagnostics]
L000274 | [Epoch 7] [Time: 2.66]
L000275 | [Train Loss: 1.0888]
L000276 | [Train F1: 0.5343065693650256]
L000277 | [Train Acc: 0.5537603385266398]
L000278 | [Dev Loss: 1.2856]
L000279 | [Dev F1: 0.37783931632821827]
L000280 | [Dev Acc: 0.4157119476268412]
L000281 | 
L000282-L000297 | [REDACTED: batch progress and internal diagnostics]
L000298 | [Epoch 8] [Time: 2.70]
L000299 | [Train Loss: 1.0609]
L000300 | [Train F1: 0.5489052711106066]
L000301 | [Train Acc: 0.5568378534333526]
L000302 | [Dev Loss: 1.3276]
L000303 | [Dev F1: 0.35058065907993785]
L000304 | [Dev Acc: 0.40098199672667756]
L000305 | 
L000306-L000321 | [REDACTED: batch progress and internal diagnostics]
L000322 | [Epoch 9] [Time: 2.79]
L000323 | [Train Loss: 1.0421]
L000324 | [Train F1: 0.556382691972207]
L000325 | [Train Acc: 0.5714560492402385]
L000326 | [Dev Loss: 1.2898]
L000327 | [Dev F1: 0.3536842865036362]
L000328 | [Dev Acc: 0.397708674304419]
L000329 | 
L000330-L000345 | [REDACTED: batch progress and internal diagnostics]
L000346 | [Epoch 10] [Time: 2.71]
L000347 | [Train Loss: 1.0196]
L000348 | [Train F1: 0.5734727020235627]
L000349 | [Train Acc: 0.5787651471436814]
L000350 | [Dev Loss: 1.2734]
L000351 | [Dev F1: 0.3702194738958772]
L000352 | [Dev Acc: 0.42716857610474634]
L000353 | 
L000354-L000369 | [REDACTED: batch progress and internal diagnostics]
L000370 | [Epoch 11] [Time: 2.61]
L000371 | [Train Loss: 1.0102]
L000372 | [Train F1: 0.5774494661467997]
L000373 | [Train Acc: 0.5837661088670898]
L000374 | [Dev Loss: 1.2233]
L000375 | [Dev F1: 0.44643593819353045]
L000376 | [Dev Acc: 0.4713584288052373]
L000377 | 
L000378-L000393 | [REDACTED: batch progress and internal diagnostics]
L000394 | [Epoch 12] [Time: 2.75]
L000395 | [Train Loss: 1.0063]
L000396 | [Train F1: 0.5740615448535664]
L000397 | [Train Acc: 0.584535487593768]
L000398 | [Dev Loss: 1.3174]
L000399 | [Dev F1: 0.347746326541866]
L000400 | [Dev Acc: 0.3993453355155483]
L000401 | 
L000402-L000417 | [REDACTED: batch progress and internal diagnostics]
L000418 | [Epoch 13] [Time: 2.66]
L000419 | [Train Loss: 1.01]
L000420 | [Train F1: 0.5718132168404352]
L000421 | [Train Acc: 0.5753029428736296]
L000422 | [Dev Loss: 1.265]
L000423 | [Dev F1: 0.33593730487858703]
L000424 | [Dev Acc: 0.43044189852700493]
L000425 | 
L000426-L000441 | [REDACTED: batch progress and internal diagnostics]
L000442 | [Epoch 14] [Time: 2.66]
L000443 | [Train Loss: 0.9962]
L000444 | [Train F1: 0.5780739820789416]
L000445 | [Train Acc: 0.588382381227159]
L000446 | [Dev Loss: 1.3056]
L000447 | [Dev F1: 0.31209594434122256]
L000448 | [Dev Acc: 0.37152209492635024]
L000449 | 
L000450-L000465 | [REDACTED: batch progress and internal diagnostics]
L000466 | [Epoch 15] [Time: 2.74]
L000467 | [Train Loss: 0.9683]
L000468 | [Train F1: 0.5918210845729752]
L000469 | [Train Acc: 0.5953067897672629]
L000470 | [Dev Loss: 1.2677]
L000471 | [Dev F1: 0.3223932703464839]
L000472 | [Dev Acc: 0.40098199672667756]
L000473 | 
L000474-L000489 | [REDACTED: batch progress and internal diagnostics]
L000490 | [Epoch 16] [Time: 2.68]
L000491 | [Train Loss: 0.9523]
L000492 | [Train F1: 0.59127683591353]
L000493 | [Train Acc: 0.5968455472206193]
L000494 | [Dev Loss: 1.2945]
L000495 | [Dev F1: 0.3738740890742333]
L000496 | [Dev Acc: 0.4157119476268412]
L000497 | 
L000498-L000513 | [REDACTED: batch progress and internal diagnostics]
L000514 | [Epoch 17] [Time: 2.76]
L000515 | [Train Loss: 0.959]
L000516 | [Train F1: 0.5950490780240286]
L000517 | [Train Acc: 0.5999230621273322]
L000518 | [Dev Loss: 1.1937]
L000519 | [Dev F1: 0.4577629322264357]
L000520 | [Dev Acc: 0.48936170212765956]
L000521 | 
L000522-L000537 | [REDACTED: batch progress and internal diagnostics]
L000538 | [Epoch 18] [Time: 2.68]
L000539 | [Train Loss: 0.9542]
L000540 | [Train F1: 0.5955076041374956]
L000541 | [Train Acc: 0.6003077514906713]
L000542 | [Dev Loss: 1.2877]
L000543 | [Dev F1: 0.3950710732684757]
L000544 | [Dev Acc: 0.4353518821603928]
L000545 | 
L000546-L000561 | [REDACTED: batch progress and internal diagnostics]
L000562 | [Epoch 19] [Time: 2.68]
L000563 | [Train Loss: 0.9535]
L000564 | [Train F1: 0.5966466576527346]
L000565 | [Train Acc: 0.6072321600307752]
L000566 | [Dev Loss: 1.2604]
L000567 | [Dev F1: 0.3605425914251824]
L000568 | [Dev Acc: 0.3911620294599018]
L000569 | 
L000570-L000585 | [REDACTED: batch progress and internal diagnostics]
L000586 | [Epoch 20] [Time: 2.80]
L000587 | [Train Loss: 0.9264]
L000588 | [Train F1: 0.6061246539143754]
L000589 | [Train Acc: 0.6097326408924794]
L000590 | [Dev Loss: 1.2634]
L000591 | [Dev F1: 0.4034825116493197]
L000592 | [Dev Acc: 0.4369885433715221]
L000593 | 
L000594-L000609 | [REDACTED: batch progress and internal diagnostics]
L000610 | [Epoch 21] [Time: 2.72]
L000611 | [Train Loss: 0.9097]
L000612 | [Train F1: 0.6074526471825773]
L000613 | [Train Acc: 0.6153106366608964]
L000614 | [Dev Loss: 1.2238]
L000615 | [Dev F1: 0.40284203782357725]
L000616 | [Dev Acc: 0.41080196399345337]
L000617 | 
L000618-L000633 | [REDACTED: batch progress and internal diagnostics]
L000634 | [Epoch 22] [Time: 2.92]
L000635 | [Train Loss: 0.9156]
L000636 | [Train F1: 0.6054189373203349]
L000637 | [Train Acc: 0.6078091940757838]
L000638 | [Dev Loss: 1.1744]
L000639 | [Dev F1: 0.4194299679657345]
L000640 | [Dev Acc: 0.469721767594108]
L000641 | 
L000642-L000657 | [REDACTED: batch progress and internal diagnostics]
L000658 | [Epoch 23] [Time: 2.68]
L000659 | [Train Loss: 0.9186]
L000660 | [Train F1: 0.6122021023573245]
L000661 | [Train Acc: 0.6199269090209656]
L000662 | [Dev Loss: 1.366]
L000663 | [Dev F1: 0.3998182324863478]
L000664 | [Dev Acc: 0.41734860883797054]
L000665 | 
L000666-L000681 | [REDACTED: batch progress and internal diagnostics]
L000682 | [Epoch 24] [Time: 2.55]
L000683 | [Train Loss: 0.9103]
L000684 | [Train F1: 0.6086670586263089]
L000685 | [Train Acc: 0.6097326408924794]
L000686 | [Dev Loss: 1.2431]
L000687 | [Dev F1: 0.44516681936996205]
L000688 | [Dev Acc: 0.48936170212765956]
L000689 | 
L000690-L000705 | [REDACTED: batch progress and internal diagnostics]
L000706 | [Epoch 25] [Time: 2.82]
L000707 | [Train Loss: 0.9098]
L000708 | [Train F1: 0.6066330337963287]
L000709 | [Train Acc: 0.61377187920754]
L000710 | [Dev Loss: 1.3408]
L000711 | [Dev F1: 0.39743967283977233]
L000712 | [Dev Acc: 0.42716857610474634]
L000713 | 
L000714-L000729 | [REDACTED: batch progress and internal diagnostics]
L000730 | [Epoch 26] [Time: 2.74]
L000731 | [Train Loss: 0.9138]
L000732 | [Train F1: 0.6109453498889252]
L000733 | [Train Acc: 0.614156568570879]
L000734 | [Dev Loss: 1.1617]
L000735 | [Dev F1: 0.46623661613104983]
L000736 | [Dev Acc: 0.47299509001636664]
L000737 | 
L000738-L000753 | [REDACTED: batch progress and internal diagnostics]
L000754 | [Epoch 27] [Time: 2.76]
L000755 | [Train Loss: 0.9031]
L000756 | [Train F1: 0.6073384454519549]
L000757 | [Train Acc: 0.6135795345258703]
L000758 | [Dev Loss: 1.2163]
L000759 | [Dev F1: 0.399628883508203]
L000760 | [Dev Acc: 0.4337152209492635]
L000761 | 
L000762-L000777 | [REDACTED: batch progress and internal diagnostics]
L000778 | [Epoch 28] [Time: 2.83]
L000779 | [Train Loss: 0.9085]
L000780 | [Train F1: 0.6156516881305856]
L000781 | [Train Acc: 0.6203115983843047]
L000782 | [Dev Loss: 1.2031]
L000783 | [Dev F1: 0.46478161586970973]
L000784 | [Dev Acc: 0.46481178396072015]
L000785 | 
L000786-L000801 | [REDACTED: batch progress and internal diagnostics]
L000802 | [Epoch 29] [Time: 2.68]
L000803 | [Train Loss: 0.8987]
L000804 | [Train F1: 0.6221000169452687]
L000805 | [Train Acc: 0.621465666474322]
L000806 | [Dev Loss: 1.2363]
L000807 | [Dev F1: 0.4371985560369211]
L000808 | [Dev Acc: 0.46153846153846156]
L000809 | 
L000810-L000825 | [REDACTED: batch progress and internal diagnostics]
L000826 | [Epoch 30] [Time: 2.54]
L000827 | [Train Loss: 0.8896]
L000828 | [Train F1: 0.6155976571059671]
L000829 | [Train Acc: 0.6245431813810348]
L000830 | [Dev Loss: 1.2199]
L000831 | [Dev F1: 0.42356957582901056]
L000832 | [Dev Acc: 0.4369885433715221]
L000833 | 
L000834-L000849 | [REDACTED: batch progress and internal diagnostics]
L000850 | [Epoch 31] [Time: 2.84]
L000851 | [Train Loss: 0.8863]
L000852 | [Train F1: 0.626385684112429]
L000853 | [Train Acc: 0.6256972494710521]
L000854 | [Dev Loss: 1.2269]
L000855 | [Dev F1: 0.41170821738736213]
L000856 | [Dev Acc: 0.43044189852700493]
L000857 | 
L000858-L000873 | [REDACTED: batch progress and internal diagnostics]
L000874 | [Epoch 32] [Time: 2.76]
L000875 | [Train Loss: 0.8847]
L000876 | [Train F1: 0.6076045070336163]
L000877 | [Train Acc: 0.6155029813425659]
L000878 | [Dev Loss: 1.3413]
L000879 | [Dev F1: 0.4155442870947985]
L000880 | [Dev Acc: 0.4206219312602291]
L000881 | 
L000882-L000897 | [REDACTED: batch progress and internal diagnostics]
L000898 | [Epoch 33] [Time: 2.58]
L000899 | [Train Loss: 0.8792]
L000900 | [Train F1: 0.6256676322729936]
L000901 | [Train Acc: 0.6276206962877476]
L000902 | [Dev Loss: 1.2157]
L000903 | [Dev F1: 0.44945724587459673]
L000904 | [Dev Acc: 0.48117839607201307]
L000905 | 
L000906-L000921 | [REDACTED: batch progress and internal diagnostics]
L000922 | [Epoch 34] [Time: 2.80]
L000923 | [Train Loss: 0.8682]
L000924 | [Train F1: 0.6125754274456067]
L000925 | [Train Acc: 0.6206962877476437]
L000926 | [Dev Loss: 1.1854]
L000927 | [Dev F1: 0.42123347398915917]
L000928 | [Dev Acc: 0.44844517184942717]
L000929 | 
L000930-L000945 | [REDACTED: batch progress and internal diagnostics]
L000946 | [Epoch 35] [Time: 2.64]
L000947 | [Train Loss: 0.8746]
L000948 | [Train F1: 0.6302240717436955]
L000949 | [Train Acc: 0.6331986920561646]
L000950 | [Dev Loss: 1.2017]
L000951 | [Dev F1: 0.42526638210315354]
L000952 | [Dev Acc: 0.44680851063829785]
L000953 | 
L000954-L000969 | [REDACTED: batch progress and internal diagnostics]
L000970 | [Epoch 36] [Time: 2.69]
L000971 | [Train Loss: 0.8641]
L000972 | [Train F1: 0.6263066911349847]
L000973 | [Train Acc: 0.630505866512791]
L000974 | [Dev Loss: 1.1918]
L000975 | [Dev F1: 0.4375784296325704]
L000976 | [Dev Acc: 0.44680851063829785]
L000977 | 
L000978-L000993 | [REDACTED: batch progress and internal diagnostics]
L000994 | [Epoch 37] [Time: 2.69]
L000995 | [Train Loss: 0.8632]
L000996 | [Train F1: 0.6236526452716346]
L000997 | [Train Acc: 0.6258895941527217]
L000998 | [Dev Loss: 1.1989]
L000999 | [Dev F1: 0.4460944903426865]
L001000 | [Dev Acc: 0.45499181669394434]
L001001 | 
L001002-L001017 | [REDACTED: batch progress and internal diagnostics]
L001018 | [Epoch 38] [Time: 2.52]
L001019 | [Train Loss: 0.8521]
L001020 | [Train F1: 0.6317105834084605]
L001021 | [Train Acc: 0.6331986920561646]
L001022 | [Dev Loss: 1.2455]
L001023 | [Dev F1: 0.3908128844305406]
L001024 | [Dev Acc: 0.4026186579378069]
L001025 | 
L001026-L001041 | [REDACTED: batch progress and internal diagnostics]
L001042 | [Epoch 39] [Time: 2.73]
L001043 | [Train Loss: 0.8597]
L001044 | [Train F1: 0.624985474582548]
L001045 | [Train Acc: 0.630505866512791]
L001046 | [Dev Loss: 1.1636]
L001047 | [Dev F1: 0.45646796872301576]
L001048 | [Dev Acc: 0.4828150572831424]
L001049 | 
L001050-L001065 | [REDACTED: batch progress and internal diagnostics]
L001066 | [Epoch 40] [Time: 2.63]
L001067 | [Train Loss: 0.8527]
L001068 | [Train F1: 0.6246013276285518]
L001069 | [Train Acc: 0.6272360069244085]
L001070 | [Dev Loss: 1.2806]
L001071 | [Dev F1: 0.39431488782547813]
L001072 | [Dev Acc: 0.425531914893617]
L001073 | 
L001074-L001089 | [REDACTED: batch progress and internal diagnostics]
L001090 | [Epoch 41] [Time: 2.79]
L001091 | [Train Loss: 0.8523]
L001092 | [Train F1: 0.6275202144433012]
L001093 | [Train Acc: 0.6301211771494518]
L001094 | [Dev Loss: 1.2167]
L001095 | [Dev F1: 0.4620167109561171]
L001096 | [Dev Acc: 0.46317512274959083]
L001097 | 
L001098-L001113 | [REDACTED: batch progress and internal diagnostics]
L001114 | [Epoch 42] [Time: 2.81]
L001115 | [Train Loss: 0.846]
L001116 | [Train F1: 0.6332588885554422]
L001117 | [Train Acc: 0.6368532410078861]
L001118 | [Dev Loss: 1.1901]
L001119 | [Dev F1: 0.471702917785612]
L001120 | [Dev Acc: 0.49427168576104746]
L001121 | 
L001122-L001137 | [REDACTED: batch progress and internal diagnostics]
L001138 | [Epoch 43] [Time: 2.71]
L001139 | [Train Loss: 0.8507]
L001140 | [Train F1: 0.6276225906517272]
L001141 | [Train Acc: 0.6303135218311213]
L001142 | [Dev Loss: 1.194]
L001143 | [Dev F1: 0.44822645886475665]
L001144 | [Dev Acc: 0.46481178396072015]
L001145 | 
L001146-L001161 | [REDACTED: batch progress and internal diagnostics]
L001162 | [Epoch 44] [Time: 2.77]
L001163 | [Train Loss: 0.8477]
L001164 | [Train F1: 0.6207391949432404]
L001165 | [Train Acc: 0.6241584920176957]
L001166 | [Dev Loss: 1.2788]
L001167 | [Dev F1: 0.4349253231451462]
L001168 | [Dev Acc: 0.4582651391162029]
L001169 | 
L001170-L001185 | [REDACTED: batch progress and internal diagnostics]
L001186 | [Epoch 45] [Time: 2.66]
L001187 | [Train Loss: 0.846]
L001188 | [Train F1: 0.6351041675777415]
L001189 | [Train Acc: 0.6376226197345644]
L001190 | [Dev Loss: 1.291]
L001191 | [Dev F1: 0.4079315628428801]
L001192 | [Dev Acc: 0.44189852700491]
L001193 | 
L001194-L001209 | [REDACTED: batch progress and internal diagnostics]
L001210 | [Epoch 46] [Time: 2.72]
L001211 | [Train Loss: 0.8399]
L001212 | [Train F1: 0.6294431309790193]
L001213 | [Train Acc: 0.6328140026928255]
L001214 | [Dev Loss: 1.2591]
L001215 | [Dev F1: 0.3769249916370641]
L001216 | [Dev Acc: 0.41407528641571195]
L001217 | 
L001218-L001233 | [REDACTED: batch progress and internal diagnostics]
L001234 | [Epoch 47] [Time: 2.65]
L001235 | [Train Loss: 0.843]
L001236 | [Train F1: 0.6308150454187038]
L001237 | [Train Acc: 0.6339680707828429]
L001238 | [Dev Loss: 1.2056]
L001239 | [Dev F1: 0.4538677809350969]
L001240 | [Dev Acc: 0.4779050736497545]
L001241 | 
L001242-L001257 | [REDACTED: batch progress and internal diagnostics]
L001258 | [Epoch 48] [Time: 2.77]
L001259 | [Train Loss: 0.8413]
L001260 | [Train F1: 0.633942289757801]
L001261 | [Train Acc: 0.636083862281208]
L001262 | [Dev Loss: 1.2377]
L001263 | [Dev F1: 0.4232397590353696]
L001264 | [Dev Acc: 0.44189852700491]
L001265 | 
L001266-L001281 | [REDACTED: batch progress and internal diagnostics]
L001282 | [Epoch 49] [Time: 2.73]
L001283 | [Train Loss: 0.8301]
L001284 | [Train F1: 0.6325577282082564]
L001285 | [Train Acc: 0.6374302750528947]
L001286 | [Dev Loss: 1.2471]
L001287 | [Dev F1: 0.4437949033600389]
L001288 | [Dev Acc: 0.45499181669394434]
L001289 | 
L001290-L001305 | [REDACTED: batch progress and internal diagnostics]
L001306 | [Epoch 50] [Time: 2.74]
L001307 | [Train Loss: 0.8353]
L001308 | [Train F1: 0.641444915740337]
L001309 | [Train Acc: 0.64377764954799]
L001310 | [Dev Loss: 1.2383]
L001311 | [Dev F1: 0.43183471798501877]
L001312 | [Dev Acc: 0.4533551554828151]
L001313 | 
L001314-L001329 | [REDACTED: batch progress and internal diagnostics]
L001330 | [Epoch 51] [Time: 2.63]
L001331 | [Train Loss: 0.822]
L001332 | [Train F1: 0.6342912978429815]
L001333 | [Train Acc: 0.6374302750528947]
L001334 | [Dev Loss: 1.2213]
L001335 | [Dev F1: 0.4256965343136621]
L001336 | [Dev Acc: 0.4451718494271686]
L001337 | 
L001338-L001353 | [REDACTED: batch progress and internal diagnostics]
L001354 | [Epoch 52] [Time: 2.58]
L001355 | [Train Loss: 0.8296]
L001356 | [Train F1: 0.6369287942828633]
L001357 | [Train Acc: 0.6393537218695903]
L001358 | [Dev Loss: 1.3167]
L001359 | [Dev F1: 0.4148128283108294]
L001360 | [Dev Acc: 0.45171849427168576]
L001361 | 
L001362-L001377 | [REDACTED: batch progress and internal diagnostics]
L001378 | [Epoch 53] [Time: 2.71]
L001379 | [Train Loss: 0.8281]
L001380 | [Train F1: 0.6350089250156016]
L001381 | [Train Acc: 0.6370455856895557]
L001382 | [Dev Loss: 1.2087]
L001383 | [Dev F1: 0.4278374792210998]
L001384 | [Dev Acc: 0.44844517184942717]
L001385 | 
L001386-L001401 | [REDACTED: batch progress and internal diagnostics]
L001402 | [Epoch 54] [Time: 2.66]
L001403 | [Train Loss: 0.8264]
L001404 | [Train F1: 0.639722132717814]
L001405 | [Train Acc: 0.6422388920946336]
L001406 | [Dev Loss: 1.1569]
L001407 | [Dev F1: 0.4780128081067623]
L001408 | [Dev Acc: 0.49427168576104746]
L001409 | 
L001410-L001425 | [REDACTED: batch progress and internal diagnostics]
L001426 | [Epoch 55] [Time: 2.61]
L001427 | [Train Loss: 0.8429]
L001428 | [Train F1: 0.6256522466718686]
L001429 | [Train Acc: 0.6268513175610695]
L001430 | [Dev Loss: 1.24]
L001431 | [Dev F1: 0.44501855110900107]
L001432 | [Dev Acc: 0.4779050736497545]
L001433 | 
L001434-L001449 | [REDACTED: batch progress and internal diagnostics]
L001450 | [Epoch 56] [Time: 2.67]
L001451 | [Train Loss: 0.8274]
L001452 | [Train F1: 0.6337611424199716]
L001453 | [Train Acc: 0.6374302750528947]
L001454 | [Dev Loss: 1.301]
L001455 | [Dev F1: 0.3599764103038691]
L001456 | [Dev Acc: 0.4206219312602291]
L001457 | 
L001458-L001473 | [REDACTED: batch progress and internal diagnostics]
L001474 | [Epoch 57] [Time: 2.65]
L001475 | [Train Loss: 0.8371]
L001476 | [Train F1: 0.627638787111395]
L001477 | [Train Acc: 0.6312752452394691]
L001478 | [Dev Loss: 1.2113]
L001479 | [Dev F1: 0.4105941899715752]
L001480 | [Dev Acc: 0.4369885433715221]
L001481 | 
L001482-L001497 | [REDACTED: batch progress and internal diagnostics]
L001498 | [Epoch 58] [Time: 2.68]
L001499 | [Train Loss: 0.8285]
L001500 | [Train F1: 0.6314029457470811]
L001501 | [Train Acc: 0.6355068282361993]
L001502 | [Dev Loss: 1.1966]
L001503 | [Dev F1: 0.44380931849430716]
L001504 | [Dev Acc: 0.46317512274959083]
L001505 | 
L001506-L001521 | [REDACTED: batch progress and internal diagnostics]
L001522 | [Epoch 59] [Time: 2.81]
L001523 | [Train Loss: 0.8186]
L001524 | [Train F1: 0.6433036950990848]
L001525 | [Train Acc: 0.6449317176380073]
L001526 | [Dev Loss: 1.2158]
L001527 | [Dev F1: 0.4246981358199368]
L001528 | [Dev Acc: 0.44844517184942717]
L001529 | 
L001530-L001545 | [REDACTED: batch progress and internal diagnostics]
L001546 | [Epoch 60] [Time: 2.71]
L001547 | [Train Loss: 0.8102]
L001548 | [Train F1: 0.6394062872300884]
L001549 | [Train Acc: 0.6430082708213118]
L001550 | [Dev Loss: 1.1546]
L001551 | [Dev F1: 0.46586333551284015]
L001552 | [Dev Acc: 0.49427168576104746]
L001553 | 
L001554-L001569 | [REDACTED: batch progress and internal diagnostics]
L001570 | [Epoch 61] [Time: 2.78]
L001571 | [Train Loss: 0.7991]
L001572 | [Train F1: 0.6500367600945758]
L001573 | [Train Acc: 0.6512790921331025]
L001574 | [Dev Loss: 1.2027]
L001575 | [Dev F1: 0.4723856849847096]
L001576 | [Dev Acc: 0.486088379705401]
L001577 | 
L001578-L001593 | [REDACTED: batch progress and internal diagnostics]
L001594 | [Epoch 62] [Time: 2.68]
L001595 | [Train Loss: 0.81]
L001596 | [Train F1: 0.6473686095397344]
L001597 | [Train Acc: 0.6489709559530679]
L001598 | [Dev Loss: 1.1756]
L001599 | [Dev F1: 0.4632933058709239]
L001600 | [Dev Acc: 0.4828150572831424]
L001601 | 
L001602-L001617 | [REDACTED: batch progress and internal diagnostics]
L001618 | [Epoch 63] [Time: 2.59]
L001619 | [Train Loss: 0.8038]
L001620 | [Train F1: 0.6434206731906995]
L001621 | [Train Acc: 0.6457010963646855]
L001622 | [Dev Loss: 1.2429]
L001623 | [Dev F1: 0.40520274455125604]
L001624 | [Dev Acc: 0.4369885433715221]
L001625 | 
L001626-L001641 | [REDACTED: batch progress and internal diagnostics]
L001642 | [Epoch 64] [Time: 2.68]
L001643 | [Train Loss: 0.8064]
L001644 | [Train F1: 0.6411460031630023]
L001645 | [Train Acc: 0.6441623389113291]
L001646 | [Dev Loss: 1.17]
L001647 | [Dev F1: 0.4519655589510349]
L001648 | [Dev Acc: 0.4713584288052373]
L001649 | 
L001650-L001665 | [REDACTED: batch progress and internal diagnostics]
L001666 | [Epoch 65] [Time: 2.80]
L001667 | [Train Loss: 0.8028]
L001668 | [Train F1: 0.6447074774034718]
L001669 | [Train Acc: 0.6485862665897288]
L001670 | [Dev Loss: 1.1921]
L001671 | [Dev F1: 0.4672911537701999]
L001672 | [Dev Acc: 0.48936170212765956]
L001673 | 
L001674-L001689 | [REDACTED: batch progress and internal diagnostics]
L001690 | [Epoch 66] [Time: 2.67]
L001691 | [Train Loss: 0.7956]
L001692 | [Train F1: 0.6523451661799555]
L001693 | [Train Acc: 0.6530101942681285]
L001694 | [Dev Loss: 1.2117]
L001695 | [Dev F1: 0.44978364062301046]
L001696 | [Dev Acc: 0.46808510638297873]
L001697 | 
L001698-L001713 | [REDACTED: batch progress and internal diagnostics]
L001714 | [Epoch 67] [Time: 2.67]
L001715 | [Train Loss: 0.8021]
L001716 | [Train F1: 0.6432889847874925]
L001717 | [Train Acc: 0.6460857857280247]
L001718 | [Dev Loss: 1.1721]
L001719 | [Dev F1: 0.46607091262246914]
L001720 | [Dev Acc: 0.4844517184942717]
L001721 | 
L001722-L001737 | [REDACTED: batch progress and internal diagnostics]
L001738 | [Epoch 68] [Time: 2.71]
L001739 | [Train Loss: 0.797]
L001740 | [Train F1: 0.6463980162223703]
L001741 | [Train Acc: 0.6478168878630506]
L001742 | [Dev Loss: 1.1813]
L001743 | [Dev F1: 0.47616117592216245]
L001744 | [Dev Acc: 0.4959083469721768]
L001745 | 
L001746-L001761 | [REDACTED: batch progress and internal diagnostics]
L001762 | [Epoch 69] [Time: 2.75]
L001763 | [Train Loss: 0.7973]
L001764 | [Train F1: 0.6489165646861255]
L001765 | [Train Acc: 0.6507020580880939]
L001766 | [Dev Loss: 1.2266]
L001767 | [Dev F1: 0.4189460222894228]
L001768 | [Dev Acc: 0.42716857610474634]
L001769 | 
L001770-L001785 | [REDACTED: batch progress and internal diagnostics]
L001786 | [Epoch 70] [Time: 2.59]
L001787 | [Train Loss: 0.8026]
L001788 | [Train F1: 0.6490679005566679]
L001789 | [Train Acc: 0.651471436814772]
L001790 | [Dev Loss: 1.2378]
L001791 | [Dev F1: 0.4299023996874872]
L001792 | [Dev Acc: 0.44353518821603927]
L001793 | 
L001794-L001809 | [REDACTED: batch progress and internal diagnostics]
L001810 | [Epoch 71] [Time: 2.76]
L001811 | [Train Loss: 0.8067]
L001812 | [Train F1: 0.6437825701972621]
L001813 | [Train Acc: 0.6447393729563378]
L001814 | [Dev Loss: 1.1472]
L001815 | [Dev F1: 0.4536145954941114]
L001816 | [Dev Acc: 0.469721767594108]
L001817 | 
L001818-L001833 | [REDACTED: batch progress and internal diagnostics]
L001834 | [Epoch 72] [Time: 2.77]
L001835 | [Train Loss: 0.8106]
L001836 | [Train F1: 0.6433777646440003]
L001837 | [Train Acc: 0.6453164070013464]
L001838 | [Dev Loss: 1.2101]
L001839 | [Dev F1: 0.46426585860753716]
L001840 | [Dev Acc: 0.4779050736497545]
L001841 | 
L001842-L001857 | [REDACTED: batch progress and internal diagnostics]
L001858 | [Epoch 73] [Time: 2.69]
L001859 | [Train Loss: 0.8055]
L001860 | [Train F1: 0.6513846052596458]
L001861 | [Train Acc: 0.6526255049047894]
L001862 | [Dev Loss: 1.1579]
L001863 | [Dev F1: 0.43951503861369123]
L001864 | [Dev Acc: 0.4500818330605565]
L001865 | 
L001866-L001881 | [REDACTED: batch progress and internal diagnostics]
L001882 | [Epoch 74] [Time: 2.62]
L001883 | [Train Loss: 0.7969]
L001884 | [Train F1: 0.6490813286681397]
L001885 | [Train Acc: 0.6505097134064243]
L001886 | [Dev Loss: 1.1741]
L001887 | [Dev F1: 0.4534933247511908]
L001888 | [Dev Acc: 0.4877250409165303]
L001889 | 
L001890-L001905 | [REDACTED: batch progress and internal diagnostics]
L001906 | [Epoch 75] [Time: 2.68]
L001907 | [Train Loss: 0.7917]
L001908 | [Train F1: 0.6559836451232288]
L001909 | [Train Acc: 0.6601269474899019]
L001910 | [Dev Loss: 1.2241]
L001911 | [Dev F1: 0.41288512300181696]
L001912 | [Dev Acc: 0.4320785597381342]
L001913 | 
L001914-L001929 | [REDACTED: batch progress and internal diagnostics]
L001930 | [Epoch 76] [Time: 2.74]
L001931 | [Train Loss: 0.7846]
L001932 | [Train F1: 0.6557078733551308]
L001933 | [Train Acc: 0.6555106751298326]
L001934 | [Dev Loss: 1.1882]
L001935 | [Dev F1: 0.4490865462797188]
L001936 | [Dev Acc: 0.469721767594108]
L001937 | 
L001938-L001953 | [REDACTED: batch progress and internal diagnostics]
L001954 | [Epoch 77] [Time: 2.59]
L001955 | [Train Loss: 0.7825]
L001956 | [Train F1: 0.6537939289326281]
L001957 | [Train Acc: 0.6572417772648587]
L001958 | [Dev Loss: 1.1893]
L001959 | [Dev F1: 0.4304025236271825]
L001960 | [Dev Acc: 0.44353518821603927]
L001961 | 
L001962-L001977 | [REDACTED: batch progress and internal diagnostics]
L001978 | [Epoch 78] [Time: 2.76]
L001979 | [Train Loss: 0.784]
L001980 | [Train F1: 0.65516633887375]
L001981 | [Train Acc: 0.6553183304481631]
L001982 | [Dev Loss: 1.1635]
L001983 | [Dev F1: 0.4342481823110934]
L001984 | [Dev Acc: 0.4779050736497545]
L001985 | 
L001986-L002001 | [REDACTED: batch progress and internal diagnostics]
L002002 | [Epoch 79] [Time: 2.75]
L002003 | [Train Loss: 0.7884]
L002004 | [Train F1: 0.654091815179513]
L002005 | [Train Acc: 0.6568570879015195]
L002006 | [Dev Loss: 1.2693]
L002007 | [Dev F1: 0.4195350915091899]
L002008 | [Dev Acc: 0.4369885433715221]
L002009 | 
L002010-L002025 | [REDACTED: batch progress and internal diagnostics]
L002026 | [Epoch 80] [Time: 2.64]
L002027 | [Train Loss: 0.7756]
L002028 | [Train F1: 0.6542284399879226]
L002029 | [Train Acc: 0.654933641084824]
L002030 | [Dev Loss: 1.212]
L002031 | [Dev F1: 0.43924095538628066]
L002032 | [Dev Acc: 0.46153846153846156]
L002033 | 
L002034-L002049 | [REDACTED: batch progress and internal diagnostics]
L002050 | [Epoch 81] [Time: 2.78]
L002051 | [Train Loss: 0.7755]
L002052 | [Train F1: 0.6543832991108387]
L002053 | [Train Acc: 0.6562800538565109]
L002054 | [Dev Loss: 1.1733]
L002055 | [Dev F1: 0.43292714443219177]
L002056 | [Dev Acc: 0.4713584288052373]
L002057 | 
L002058-L002073 | [REDACTED: batch progress and internal diagnostics]
L002074 | [Epoch 82] [Time: 2.67]
L002075 | [Train Loss: 0.7762]
L002076 | [Train F1: 0.6613920452770083]
L002077 | [Train Acc: 0.6633968070782843]
L002078 | [Dev Loss: 1.2194]
L002079 | [Dev F1: 0.4396771709950547]
L002080 | [Dev Acc: 0.4533551554828151]
L002081 | 
L002082-L002097 | [REDACTED: batch progress and internal diagnostics]
L002098 | [Epoch 83] [Time: 2.65]
L002099 | [Train Loss: 0.7597]
L002100 | [Train F1: 0.6653779841689179]
L002101 | [Train Acc: 0.6666666666666666]
L002102 | [Dev Loss: 1.2509]
L002103 | [Dev F1: 0.4079923112139965]
L002104 | [Dev Acc: 0.4402618657937807]
L002105 | 
L002106-L002121 | [REDACTED: batch progress and internal diagnostics]
L002122 | [Epoch 84] [Time: 2.65]
L002123 | [Train Loss: 0.769]
L002124 | [Train F1: 0.6613009725913062]
L002125 | [Train Acc: 0.6630121177149452]
L002126 | [Dev Loss: 1.2191]
L002127 | [Dev F1: 0.43283485863311394]
L002128 | [Dev Acc: 0.45499181669394434]
L002129 | 
L002130-L002145 | [REDACTED: batch progress and internal diagnostics]
L002146 | [Epoch 85] [Time: 2.69]
L002147 | [Train Loss: 0.7611]
L002148 | [Train F1: 0.6587742594809751]
L002149 | [Train Acc: 0.6589728793998846]
L002150 | [Dev Loss: 1.1858]
L002151 | [Dev F1: 0.43303031028367445]
L002152 | [Dev Acc: 0.46153846153846156]
L002153 | 
L002154-L002169 | [REDACTED: batch progress and internal diagnostics]
L002170 | [Epoch 86] [Time: 2.74]
L002171 | [Train Loss: 0.774]
L002172 | [Train F1: 0.6586789244596132]
L002173 | [Train Acc: 0.6614733602615888]
L002174 | [Dev Loss: 1.1926]
L002175 | [Dev F1: 0.41971254862309737]
L002176 | [Dev Acc: 0.4451718494271686]
L002177 | 
L002178-L002193 | [REDACTED: batch progress and internal diagnostics]
L002194 | [Epoch 87] [Time: 2.82]
L002195 | [Train Loss: 0.7626]
L002196 | [Train F1: 0.6631440136889583]
L002197 | [Train Acc: 0.6655125985766494]
L002198 | [Dev Loss: 1.1828]
L002199 | [Dev F1: 0.47550022518576734]
L002200 | [Dev Acc: 0.4877250409165303]
L002201 | 
L002202-L002217 | [REDACTED: batch progress and internal diagnostics]
L002218 | [Epoch 88] [Time: 2.65]
L002219 | [Train Loss: 0.7694]
L002220 | [Train F1: 0.6627487137054379]
L002221 | [Train Acc: 0.6633968070782843]
L002222 | [Dev Loss: 1.2286]
L002223 | [Dev F1: 0.44462247588432413]
L002224 | [Dev Acc: 0.4762684124386252]
L002225 | 
L002226-L002241 | [REDACTED: batch progress and internal diagnostics]
L002242 | [Epoch 89] [Time: 2.66]
L002243 | [Train Loss: 0.7726]
L002244 | [Train F1: 0.6513997050545032]
L002245 | [Train Acc: 0.6533948836314676]
L002246 | [Dev Loss: 1.0992]
L002247 | [Dev F1: 0.45920492598669155]
L002248 | [Dev Acc: 0.48117839607201307]
L002249 | 
L002250-L002265 | [REDACTED: batch progress and internal diagnostics]
L002266 | [Epoch 90] [Time: 2.76]
L002267 | [Train Loss: 0.7653]
L002268 | [Train F1: 0.6632162968716062]
L002269 | [Train Acc: 0.6641661858049625]
L002270 | [Dev Loss: 1.1943]
L002271 | [Dev F1: 0.41557329930774595]
L002272 | [Dev Acc: 0.4533551554828151]
L002273 | 
L002274-L002289 | [REDACTED: batch progress and internal diagnostics]
L002290 | [Epoch 91] [Time: 2.59]
L002291 | [Train Loss: 0.7672]
L002292 | [Train F1: 0.653096082206902]
L002293 | [Train Acc: 0.6560877091748413]
L002294 | [Dev Loss: 1.1768]
L002295 | [Dev F1: 0.4385970983132657]
L002296 | [Dev Acc: 0.46317512274959083]
L002297 | 
L002298-L002313 | [REDACTED: batch progress and internal diagnostics]
L002314 | [Epoch 92] [Time: 2.59]
L002315 | [Train Loss: 0.7558]
L002316 | [Train F1: 0.6675348216258457]
L002317 | [Train Acc: 0.668205424120023]
L002318 | [Dev Loss: 1.1813]
L002319 | [Dev F1: 0.45032494367845244]
L002320 | [Dev Acc: 0.469721767594108]
L002321 | 
L002322-L002337 | [REDACTED: batch progress and internal diagnostics]
L002338 | [Epoch 93] [Time: 2.72]
L002339 | [Train Loss: 0.7456]
L002340 | [Train F1: 0.6703949982413213]
L002341 | [Train Acc: 0.6718599730717446]
L002342 | [Dev Loss: 1.2288]
L002343 | [Dev F1: 0.4153723289623963]
L002344 | [Dev Acc: 0.45171849427168576]
L002345 | 
L002346-L002361 | [REDACTED: batch progress and internal diagnostics]
L002362 | [Epoch 94] [Time: 2.87]
L002363 | [Train Loss: 0.7525]
L002364 | [Train F1: 0.6676764094452902]
L002365 | [Train Acc: 0.6697441815733794]
L002366 | [Dev Loss: 1.1346]
L002367 | [Dev F1: 0.46782905174214917]
L002368 | [Dev Acc: 0.4877250409165303]
L002369 | Early stopping at epoch: 94
L002370 | Last model
L002371 |               precision    recall  f1-score   support
L002372 | 
L002373 |          hap     0.5402    0.3264    0.4069       144
L002374 |          sad     0.8031    0.6327    0.7078       245
L002375 |          neu     0.5410    0.6354    0.5844       384
L002376 |          ang     0.7115    0.4353    0.5401       170
L002377 |          exc     0.6675    0.8662    0.7540       299
L002378 |          fru     0.5375    0.5643    0.5506       381
L002379 | 
L002380 |     accuracy                         0.6124      1623
L002381 |    macro avg     0.6335    0.5767    0.5906      1623
L002382 | weighted avg     0.6209    0.6124    0.6060      1623
L002383 | 
L002384 | Best model at epoch: 54
L002385 | Best dev F1: 0.4780128081067623
L002386 |               precision    recall  f1-score   support
L002387 | 
L002388 |          hap     0.5417    0.4514    0.4924       144
L002389 |          sad     0.8040    0.6531    0.7207       245
L002390 |          neu     0.5344    0.7083    0.6092       384
L002391 |          ang     0.7765    0.3882    0.5176       170
L002392 |          exc     0.6752    0.8829    0.7652       299
L002393 |          fru     0.5768    0.4829    0.5257       381
L002394 | 
L002395 |     accuracy                         0.6229      1623
L002396 |    macro avg     0.6514    0.5945    0.6052      1623
L002397 | weighted avg     0.6370    0.6229    0.6152      1623
L002398 | 
L002399 | Best test F1: 0.6152242157536156
L002400 | Best test Acc: 0.6229205175600739
L002401 | [SANITIZED] Saved checkpoint: [path and filename removed]
