# Redacted copy of an existing run log.
# run_id: G06-seed2
# dataset: IEMOCAP
# model: GCNet+AMBER
# imr: (0.7,0.5,0.3)
# seed_alias: seed2
# original_log_sha256: bd599eb0d8060f9cf030f9094399ae7039bff03a07cdf6036f654141607865fd
# source_record_status: ok
# source_record_process_return_code: 3221226505
# L numbers refer to source logical lines; REDACTED/SANITIZED text is editorial.
L000001-L000005 | [REDACTED: configuration or implementation details]
L000006 | [SANITIZED] FutureWarning: [dependency deprecation notice; implementation details removed]
L000007-L000068 | [REDACTED: configuration or implementation details]
L000069 | [SANITIZED] Seed alias: seed2
L000070 | [REDACTED: configuration or implementation details]
L000071 | 
L000072-L000073 | [REDACTED: batch progress and internal diagnostics]
L000074 | 
L000075-L000076 | [REDACTED: batch progress and internal diagnostics]
L000077 | 
L000078-L000079 | [REDACTED: batch progress and internal diagnostics]
L000080-L000083 | [REDACTED: configuration or implementation details]
L000084 | [SANITIZED] Seed alias: seed2
L000085-L000088 | [REDACTED: configuration or implementation details]
L000089 | 
L000090-L000105 | [REDACTED: batch progress and internal diagnostics]
L000106 | [Epoch 0] [Time: 3.21]
L000107 | [Train Loss: 1.7208]
L000108 | [Train F1: 0.24772885383080048]
L000109 | [Train Acc: 0.3285247162915945]
L000110 | [Dev Loss: 1.6334]
L000111 | [Dev F1: 0.24832187265145442]
L000112 | [Dev Acc: 0.36661211129296234]
L000113 | 
L000114-L000129 | [REDACTED: batch progress and internal diagnostics]
L000130 | [Epoch 1] [Time: 2.68]
L000131 | [Train Loss: 1.4846]
L000132 | [Train F1: 0.363036529099043]
L000133 | [Train Acc: 0.4570109636468552]
L000134 | [Dev Loss: 1.4951]
L000135 | [Dev F1: 0.2644041312327614]
L000136 | [Dev Acc: 0.3911620294599018]
L000137 | 
L000138-L000153 | [REDACTED: batch progress and internal diagnostics]
L000154 | [Epoch 2] [Time: 2.79]
L000155 | [Train Loss: 1.281]
L000156 | [Train F1: 0.3862137803094161]
L000157 | [Train Acc: 0.471244470090402]
L000158 | [Dev Loss: 1.4119]
L000159 | [Dev F1: 0.31969061334061144]
L000160 | [Dev Acc: 0.381342062193126]
L000161 | 
L000162-L000177 | [REDACTED: batch progress and internal diagnostics]
L000178 | [Epoch 3] [Time: 2.65]
L000179 | [Train Loss: 1.211]
L000180 | [Train F1: 0.45795303303157214]
L000181 | [Train Acc: 0.4947105212540873]
L000182 | [Dev Loss: 1.3723]
L000183 | [Dev F1: 0.3058599287172079]
L000184 | [Dev Acc: 0.3993453355155483]
L000185 | 
L000186-L000201 | [REDACTED: batch progress and internal diagnostics]
L000202 | [Epoch 4] [Time: 2.71]
L000203 | [Train Loss: 1.1539]
L000204 | [Train F1: 0.4841308836906326]
L000205 | [Train Acc: 0.5095210617426428]
L000206 | [Dev Loss: 1.3193]
L000207 | [Dev F1: 0.3065127155142208]
L000208 | [Dev Acc: 0.3895253682487725]
L000209 | 
L000210-L000225 | [REDACTED: batch progress and internal diagnostics]
L000226 | [Epoch 5] [Time: 2.82]
L000227 | [Train Loss: 1.1206]
L000228 | [Train F1: 0.5076151665451705]
L000229 | [Train Acc: 0.5339488363146759]
L000230 | [Dev Loss: 1.3048]
L000231 | [Dev F1: 0.3372550285655333]
L000232 | [Dev Acc: 0.397708674304419]
L000233 | 
L000234-L000249 | [REDACTED: batch progress and internal diagnostics]
L000250 | [Epoch 6] [Time: 2.69]
L000251 | [Train Loss: 1.1057]
L000252 | [Train F1: 0.528412165475592]
L000253 | [Train Acc: 0.5454895172148491]
L000254 | [Dev Loss: 1.3173]
L000255 | [Dev F1: 0.3410237269701896]
L000256 | [Dev Acc: 0.3993453355155483]
L000257 | 
L000258-L000273 | [REDACTED: batch progress and internal diagnostics]
L000274 | [Epoch 7] [Time: 2.68]
L000275 | [Train Loss: 1.0804]
L000276 | [Train F1: 0.5387002067225217]
L000277 | [Train Acc: 0.5458742065781881]
L000278 | [Dev Loss: 1.339]
L000279 | [Dev F1: 0.35281950766036696]
L000280 | [Dev Acc: 0.3829787234042553]
L000281 | 
L000282-L000297 | [REDACTED: batch progress and internal diagnostics]
L000298 | [Epoch 8] [Time: 2.81]
L000299 | [Train Loss: 1.0775]
L000300 | [Train F1: 0.5356417745613034]
L000301 | [Train Acc: 0.5568378534333526]
L000302 | [Dev Loss: 1.275]
L000303 | [Dev F1: 0.32351271816843635]
L000304 | [Dev Acc: 0.40425531914893614]
L000305 | 
L000306-L000321 | [REDACTED: batch progress and internal diagnostics]
L000322 | [Epoch 9] [Time: 2.72]
L000323 | [Train Loss: 1.0335]
L000324 | [Train F1: 0.5670657954726206]
L000325 | [Train Acc: 0.5776110790536642]
L000326 | [Dev Loss: 1.2405]
L000327 | [Dev F1: 0.38144584482452126]
L000328 | [Dev Acc: 0.41080196399345337]
L000329 | 
L000330-L000345 | [REDACTED: batch progress and internal diagnostics]
L000346 | [Epoch 10] [Time: 2.64]
L000347 | [Train Loss: 1.0172]
L000348 | [Train F1: 0.5697072956360735]
L000349 | [Train Acc: 0.577226389690325]
L000350 | [Dev Loss: 1.3551]
L000351 | [Dev F1: 0.3674456734833754]
L000352 | [Dev Acc: 0.4157119476268412]
L000353 | 
L000354-L000369 | [REDACTED: batch progress and internal diagnostics]
L000370 | [Epoch 11] [Time: 2.58]
L000371 | [Train Loss: 1.0232]
L000372 | [Train F1: 0.5749014314445815]
L000373 | [Train Acc: 0.5853048663204462]
L000374 | [Dev Loss: 1.3334]
L000375 | [Dev F1: 0.3219527188314155]
L000376 | [Dev Acc: 0.397708674304419]
L000377 | 
L000378-L000393 | [REDACTED: batch progress and internal diagnostics]
L000394 | [Epoch 12] [Time: 2.66]
L000395 | [Train Loss: 1.007]
L000396 | [Train F1: 0.5817664778109509]
L000397 | [Train Acc: 0.5826120407770725]
L000398 | [Dev Loss: 1.2222]
L000399 | [Dev F1: 0.4355150097749258]
L000400 | [Dev Acc: 0.44680851063829785]
L000401 | 
L000402-L000417 | [REDACTED: batch progress and internal diagnostics]
L000418 | [Epoch 13] [Time: 2.79]
L000419 | [Train Loss: 0.9872]
L000420 | [Train F1: 0.5884013998230213]
L000421 | [Train Acc: 0.5976149259472976]
L000422 | [Dev Loss: 1.2141]
L000423 | [Dev F1: 0.4090330100902287]
L000424 | [Dev Acc: 0.4402618657937807]
L000425 | 
L000426-L000441 | [REDACTED: batch progress and internal diagnostics]
L000442 | [Epoch 14] [Time: 2.63]
L000443 | [Train Loss: 0.9656]
L000444 | [Train F1: 0.596061437763425]
L000445 | [Train Acc: 0.6035776110790536]
L000446 | [Dev Loss: 1.3006]
L000447 | [Dev F1: 0.383991788726328]
L000448 | [Dev Acc: 0.41243862520458263]
L000449 | 
L000450-L000465 | [REDACTED: batch progress and internal diagnostics]
L000466 | [Epoch 15] [Time: 2.63]
L000467 | [Train Loss: 0.9555]
L000468 | [Train F1: 0.6021324964059528]
L000469 | [Train Acc: 0.6074245047124447]
L000470 | [Dev Loss: 1.1749]
L000471 | [Dev F1: 0.4450223431603525]
L000472 | [Dev Acc: 0.45990180032733224]
L000473 | 
L000474-L000489 | [REDACTED: batch progress and internal diagnostics]
L000490 | [Epoch 16] [Time: 2.86]
L000491 | [Train Loss: 0.9544]
L000492 | [Train F1: 0.6057034861504097]
L000493 | [Train Acc: 0.6126178111175226]
L000494 | [Dev Loss: 1.2003]
L000495 | [Dev F1: 0.3927077836186021]
L000496 | [Dev Acc: 0.42225859247135844]
L000497 | 
L000498-L000513 | [REDACTED: batch progress and internal diagnostics]
L000514 | [Epoch 17] [Time: 2.73]
L000515 | [Train Loss: 0.953]
L000516 | [Train F1: 0.6036264148669546]
L000517 | [Train Acc: 0.6095402962108097]
L000518 | [Dev Loss: 1.3727]
L000519 | [Dev F1: 0.35724173425881706]
L000520 | [Dev Acc: 0.3960720130932897]
L000521 | 
L000522-L000537 | [REDACTED: batch progress and internal diagnostics]
L000538 | [Epoch 18] [Time: 2.70]
L000539 | [Train Loss: 0.9503]
L000540 | [Train F1: 0.6060516010661458]
L000541 | [Train Acc: 0.6099249855741489]
L000542 | [Dev Loss: 1.1594]
L000543 | [Dev F1: 0.4562608666134509]
L000544 | [Dev Acc: 0.46153846153846156]
L000545 | 
L000546-L000561 | [REDACTED: batch progress and internal diagnostics]
L000562 | [Epoch 19] [Time: 2.77]
L000563 | [Train Loss: 0.947]
L000564 | [Train F1: 0.5938432527801197]
L000565 | [Train Acc: 0.5951144450855934]
L000566 | [Dev Loss: 1.2298]
L000567 | [Dev F1: 0.39517323410452554]
L000568 | [Dev Acc: 0.4353518821603928]
L000569 | 
L000570-L000585 | [REDACTED: batch progress and internal diagnostics]
L000586 | [Epoch 20] [Time: 2.65]
L000587 | [Train Loss: 0.9335]
L000588 | [Train F1: 0.5965146714078249]
L000589 | [Train Acc: 0.6076168493941142]
L000590 | [Dev Loss: 1.2435]
L000591 | [Dev F1: 0.36244144484927265]
L000592 | [Dev Acc: 0.4353518821603928]
L000593 | 
L000594-L000609 | [REDACTED: batch progress and internal diagnostics]
L000610 | [Epoch 21] [Time: 2.75]
L000611 | [Train Loss: 0.9289]
L000612 | [Train F1: 0.6003344575925866]
L000613 | [Train Acc: 0.6066551259857665]
L000614 | [Dev Loss: 1.1926]
L000615 | [Dev F1: 0.43545467265009935]
L000616 | [Dev Acc: 0.45662847790507366]
L000617 | 
L000618-L000633 | [REDACTED: batch progress and internal diagnostics]
L000634 | [Epoch 22] [Time: 2.82]
L000635 | [Train Loss: 0.9464]
L000636 | [Train F1: 0.5905189777068196]
L000637 | [Train Acc: 0.5947297557222543]
L000638 | [Dev Loss: 1.2989]
L000639 | [Dev F1: 0.3931419695644923]
L000640 | [Dev Acc: 0.44844517184942717]
L000641 | 
L000642-L000657 | [REDACTED: batch progress and internal diagnostics]
L000658 | [Epoch 23] [Time: 2.70]
L000659 | [Train Loss: 0.9262]
L000660 | [Train F1: 0.6097986367826631]
L000661 | [Train Acc: 0.6110790536641661]
L000662 | [Dev Loss: 1.2258]
L000663 | [Dev F1: 0.42790901174445267]
L000664 | [Dev Acc: 0.44189852700491]
L000665 | 
L000666-L000681 | [REDACTED: batch progress and internal diagnostics]
L000682 | [Epoch 24] [Time: 2.65]
L000683 | [Train Loss: 0.9105]
L000684 | [Train F1: 0.6105740299204414]
L000685 | [Train Acc: 0.6176187728409309]
L000686 | [Dev Loss: 1.2327]
L000687 | [Dev F1: 0.39626610853245514]
L000688 | [Dev Acc: 0.4206219312602291]
L000689 | 
L000690-L000705 | [REDACTED: batch progress and internal diagnostics]
L000706 | [Epoch 25] [Time: 2.75]
L000707 | [Train Loss: 0.8946]
L000708 | [Train F1: 0.617496204840167]
L000709 | [Train Acc: 0.6208886324293134]
L000710 | [Dev Loss: 1.1834]
L000711 | [Dev F1: 0.43503647870746565]
L000712 | [Dev Acc: 0.45499181669394434]
L000713 | 
L000714-L000729 | [REDACTED: batch progress and internal diagnostics]
L000730 | [Epoch 26] [Time: 2.83]
L000731 | [Train Loss: 0.8887]
L000732 | [Train F1: 0.6236623799536334]
L000733 | [Train Acc: 0.6280053856510868]
L000734 | [Dev Loss: 1.1584]
L000735 | [Dev F1: 0.4471344440229682]
L000736 | [Dev Acc: 0.4713584288052373]
L000737 | 
L000738-L000753 | [REDACTED: batch progress and internal diagnostics]
L000754 | [Epoch 27] [Time: 2.78]
L000755 | [Train Loss: 0.8897]
L000756 | [Train F1: 0.6238372170930103]
L000757 | [Train Acc: 0.6274283516060781]
L000758 | [Dev Loss: 1.2343]
L000759 | [Dev F1: 0.4355566115678018]
L000760 | [Dev Acc: 0.4500818330605565]
L000761 | 
L000762-L000777 | [REDACTED: batch progress and internal diagnostics]
L000778 | [Epoch 28] [Time: 2.61]
L000779 | [Train Loss: 0.8797]
L000780 | [Train F1: 0.6207518769195667]
L000781 | [Train Acc: 0.6251202154260435]
L000782 | [Dev Loss: 1.1429]
L000783 | [Dev F1: 0.4746244060436995]
L000784 | [Dev Acc: 0.5040916530278232]
L000785 | 
L000786-L000801 | [REDACTED: batch progress and internal diagnostics]
L000802 | [Epoch 29] [Time: 2.74]
L000803 | [Train Loss: 0.874]
L000804 | [Train F1: 0.608416615602925]
L000805 | [Train Acc: 0.6153106366608964]
L000806 | [Dev Loss: 1.2682]
L000807 | [Dev F1: 0.4248385623998438]
L000808 | [Dev Acc: 0.45662847790507366]
L000809 | 
L000810-L000825 | [REDACTED: batch progress and internal diagnostics]
L000826 | [Epoch 30] [Time: 2.61]
L000827 | [Train Loss: 0.8762]
L000828 | [Train F1: 0.6167849038763779]
L000829 | [Train Acc: 0.619349874975957]
L000830 | [Dev Loss: 1.1177]
L000831 | [Dev F1: 0.4746804619571973]
L000832 | [Dev Acc: 0.4795417348608838]
L000833 | 
L000834-L000849 | [REDACTED: batch progress and internal diagnostics]
L000850 | [Epoch 31] [Time: 2.80]
L000851 | [Train Loss: 0.8817]
L000852 | [Train F1: 0.6215255869561811]
L000853 | [Train Acc: 0.6268513175610695]
L000854 | [Dev Loss: 1.1671]
L000855 | [Dev F1: 0.4413012501201776]
L000856 | [Dev Acc: 0.4713584288052373]
L000857 | 
L000858-L000873 | [REDACTED: batch progress and internal diagnostics]
L000874 | [Epoch 32] [Time: 2.46]
L000875 | [Train Loss: 0.8726]
L000876 | [Train F1: 0.6253071364794223]
L000877 | [Train Acc: 0.6283900750144259]
L000878 | [Dev Loss: 1.1605]
L000879 | [Dev F1: 0.4659655415414037]
L000880 | [Dev Acc: 0.4762684124386252]
L000881 | 
L000882-L000897 | [REDACTED: batch progress and internal diagnostics]
L000898 | [Epoch 33] [Time: 2.73]
L000899 | [Train Loss: 0.8564]
L000900 | [Train F1: 0.6229310760911049]
L000901 | [Train Acc: 0.6285824196960954]
L000902 | [Dev Loss: 1.1905]
L000903 | [Dev F1: 0.44667700269766464]
L000904 | [Dev Acc: 0.46317512274959083]
L000905 | 
L000906-L000921 | [REDACTED: batch progress and internal diagnostics]
L000922 | [Epoch 34] [Time: 2.81]
L000923 | [Train Loss: 0.8557]
L000924 | [Train F1: 0.627812208211097]
L000925 | [Train Acc: 0.6303135218311213]
L000926 | [Dev Loss: 1.1675]
L000927 | [Dev F1: 0.44300190148803104]
L000928 | [Dev Acc: 0.45171849427168576]
L000929 | 
L000930-L000945 | [REDACTED: batch progress and internal diagnostics]
L000946 | [Epoch 35] [Time: 2.68]
L000947 | [Train Loss: 0.8499]
L000948 | [Train F1: 0.6256110408226236]
L000949 | [Train Acc: 0.6278130409694171]
L000950 | [Dev Loss: 1.1826]
L000951 | [Dev F1: 0.4710718627358056]
L000952 | [Dev Acc: 0.49754500818330605]
L000953 | 
L000954-L000969 | [REDACTED: batch progress and internal diagnostics]
L000970 | [Epoch 36] [Time: 2.70]
L000971 | [Train Loss: 0.8628]
L000972 | [Train F1: 0.626339376521726]
L000973 | [Train Acc: 0.6293517984227736]
L000974 | [Dev Loss: 1.1535]
L000975 | [Dev F1: 0.4443183479226467]
L000976 | [Dev Acc: 0.45499181669394434]
L000977 | 
L000978-L000993 | [REDACTED: batch progress and internal diagnostics]
L000994 | [Epoch 37] [Time: 2.71]
L000995 | [Train Loss: 0.8533]
L000996 | [Train F1: 0.6199222121882969]
L000997 | [Train Acc: 0.6243508366993653]
L000998 | [Dev Loss: 1.1518]
L000999 | [Dev F1: 0.46415697025229613]
L001000 | [Dev Acc: 0.4795417348608838]
L001001 | 
L001002-L001017 | [REDACTED: batch progress and internal diagnostics]
L001018 | [Epoch 38] [Time: 2.83]
L001019 | [Train Loss: 0.843]
L001020 | [Train F1: 0.6265634836547584]
L001021 | [Train Acc: 0.6310829005577996]
L001022 | [Dev Loss: 1.1301]
L001023 | [Dev F1: 0.47230615538854775]
L001024 | [Dev Acc: 0.4909983633387889]
L001025 | 
L001026-L001041 | [REDACTED: batch progress and internal diagnostics]
L001042 | [Epoch 39] [Time: 2.83]
L001043 | [Train Loss: 0.8319]
L001044 | [Train F1: 0.6309799545551905]
L001045 | [Train Acc: 0.634737449509521]
L001046 | [Dev Loss: 1.1649]
L001047 | [Dev F1: 0.4197872033253837]
L001048 | [Dev Acc: 0.4533551554828151]
L001049 | 
L001050-L001065 | [REDACTED: batch progress and internal diagnostics]
L001066 | [Epoch 40] [Time: 2.71]
L001067 | [Train Loss: 0.8411]
L001068 | [Train F1: 0.6342044487365537]
L001069 | [Train Acc: 0.6383919984612425]
L001070 | [Dev Loss: 1.1485]
L001071 | [Dev F1: 0.42409151488119184]
L001072 | [Dev Acc: 0.45499181669394434]
L001073 | 
L001074-L001089 | [REDACTED: batch progress and internal diagnostics]
L001090 | [Epoch 41] [Time: 2.66]
L001091 | [Train Loss: 0.8412]
L001092 | [Train F1: 0.6385237983428925]
L001093 | [Train Acc: 0.641661858049625]
L001094 | [Dev Loss: 1.1742]
L001095 | [Dev F1: 0.4691777324638318]
L001096 | [Dev Acc: 0.48936170212765956]
L001097 | 
L001098-L001113 | [REDACTED: batch progress and internal diagnostics]
L001114 | [Epoch 42] [Time: 2.68]
L001115 | [Train Loss: 0.8396]
L001116 | [Train F1: 0.6346885711198711]
L001117 | [Train Acc: 0.6372379303712252]
L001118 | [Dev Loss: 1.1482]
L001119 | [Dev F1: 0.43038970974140717]
L001120 | [Dev Acc: 0.47299509001636664]
L001121 | 
L001122-L001137 | [REDACTED: batch progress and internal diagnostics]
L001138 | [Epoch 43] [Time: 2.71]
L001139 | [Train Loss: 0.8399]
L001140 | [Train F1: 0.632697613066319]
L001141 | [Train Acc: 0.6362762069628775]
L001142 | [Dev Loss: 1.1248]
L001143 | [Dev F1: 0.49981730648742917]
L001144 | [Dev Acc: 0.5155482815057283]
L001145 | 
L001146-L001161 | [REDACTED: batch progress and internal diagnostics]
L001162 | [Epoch 44] [Time: 2.80]
L001163 | [Train Loss: 0.8405]
L001164 | [Train F1: 0.6241856357494283]
L001165 | [Train Acc: 0.6262742835160607]
L001166 | [Dev Loss: 1.2124]
L001167 | [Dev F1: 0.46958639906085325]
L001168 | [Dev Acc: 0.48117839607201307]
L001169 | 
L001170-L001185 | [REDACTED: batch progress and internal diagnostics]
L001186 | [Epoch 45] [Time: 2.76]
L001187 | [Train Loss: 0.8368]
L001188 | [Train F1: 0.6293039791338091]
L001189 | [Train Acc: 0.6331986920561646]
L001190 | [Dev Loss: 1.2153]
L001191 | [Dev F1: 0.4381790747322099]
L001192 | [Dev Acc: 0.44680851063829785]
L001193 | 
L001194-L001209 | [REDACTED: batch progress and internal diagnostics]
L001210 | [Epoch 46] [Time: 2.80]
L001211 | [Train Loss: 0.8316]
L001212 | [Train F1: 0.6380279462657072]
L001213 | [Train Acc: 0.6412771686862858]
L001214 | [Dev Loss: 1.166]
L001215 | [Dev F1: 0.42835203402442695]
L001216 | [Dev Acc: 0.4713584288052373]
L001217 | 
L001218-L001233 | [REDACTED: batch progress and internal diagnostics]
L001234 | [Epoch 47] [Time: 2.89]
L001235 | [Train Loss: 0.8375]
L001236 | [Train F1: 0.6348417896075975]
L001237 | [Train Acc: 0.6378149644162339]
L001238 | [Dev Loss: 1.1638]
L001239 | [Dev F1: 0.4786846918967463]
L001240 | [Dev Acc: 0.49918166939443537]
L001241 | 
L001242-L001257 | [REDACTED: batch progress and internal diagnostics]
L001258 | [Epoch 48] [Time: 2.87]
L001259 | [Train Loss: 0.826]
L001260 | [Train F1: 0.6317320937398978]
L001261 | [Train Acc: 0.6355068282361993]
L001262 | [Dev Loss: 1.1703]
L001263 | [Dev F1: 0.48804022525964996]
L001264 | [Dev Acc: 0.5040916530278232]
L001265 | 
L001266-L001281 | [REDACTED: batch progress and internal diagnostics]
L001282 | [Epoch 49] [Time: 2.78]
L001283 | [Train Loss: 0.827]
L001284 | [Train F1: 0.6380467308031432]
L001285 | [Train Acc: 0.6420465474129641]
L001286 | [Dev Loss: 1.1952]
L001287 | [Dev F1: 0.42134706780676595]
L001288 | [Dev Acc: 0.4386252045826514]
L001289 | 
L001290-L001305 | [REDACTED: batch progress and internal diagnostics]
L001306 | [Epoch 50] [Time: 2.59]
L001307 | [Train Loss: 0.8263]
L001308 | [Train F1: 0.6416958330627411]
L001309 | [Train Acc: 0.6424312367763031]
L001310 | [Dev Loss: 1.1761]
L001311 | [Dev F1: 0.4537430492590453]
L001312 | [Dev Acc: 0.4762684124386252]
L001313 | 
L001314-L001329 | [REDACTED: batch progress and internal diagnostics]
L001330 | [Epoch 51] [Time: 2.75]
L001331 | [Train Loss: 0.821]
L001332 | [Train F1: 0.636014517507519]
L001333 | [Train Acc: 0.6389690325062513]
L001334 | [Dev Loss: 1.1446]
L001335 | [Dev F1: 0.4908515248305611]
L001336 | [Dev Acc: 0.49918166939443537]
L001337 | 
L001338-L001353 | [REDACTED: batch progress and internal diagnostics]
L001354 | [Epoch 52] [Time: 2.75]
L001355 | [Train Loss: 0.8088]
L001356 | [Train F1: 0.6448749393300045]
L001357 | [Train Acc: 0.6487786112713984]
L001358 | [Dev Loss: 1.1483]
L001359 | [Dev F1: 0.5062148711477159]
L001360 | [Dev Acc: 0.513911620294599]
L001361 | 
L001362-L001377 | [REDACTED: batch progress and internal diagnostics]
L001378 | [Epoch 53] [Time: 2.87]
L001379 | [Train Loss: 0.8141]
L001380 | [Train F1: 0.6365217657233818]
L001381 | [Train Acc: 0.6418542027312945]
L001382 | [Dev Loss: 1.1588]
L001383 | [Dev F1: 0.42256928636739693]
L001384 | [Dev Acc: 0.4795417348608838]
L001385 | 
L001386-L001401 | [REDACTED: batch progress and internal diagnostics]
L001402 | [Epoch 54] [Time: 2.73]
L001403 | [Train Loss: 0.8046]
L001404 | [Train F1: 0.6424312889939146]
L001405 | [Train Acc: 0.6445470282746683]
L001406 | [Dev Loss: 1.1565]
L001407 | [Dev F1: 0.4634581190015637]
L001408 | [Dev Acc: 0.4762684124386252]
L001409 | 
L001410-L001425 | [REDACTED: batch progress and internal diagnostics]
L001426 | [Epoch 55] [Time: 2.70]
L001427 | [Train Loss: 0.8014]
L001428 | [Train F1: 0.6445919332435445]
L001429 | [Train Acc: 0.6457010963646855]
L001430 | [Dev Loss: 1.1603]
L001431 | [Dev F1: 0.49536529769256094]
L001432 | [Dev Acc: 0.5040916530278232]
L001433 | 
L001434-L001449 | [REDACTED: batch progress and internal diagnostics]
L001450 | [Epoch 56] [Time: 2.78]
L001451 | [Train Loss: 0.8071]
L001452 | [Train F1: 0.643803043803058]
L001453 | [Train Acc: 0.6474321984997115]
L001454 | [Dev Loss: 1.2055]
L001455 | [Dev F1: 0.47101173200476637]
L001456 | [Dev Acc: 0.4844517184942717]
L001457 | 
L001458-L001473 | [REDACTED: batch progress and internal diagnostics]
L001474 | [Epoch 57] [Time: 2.64]
L001475 | [Train Loss: 0.803]
L001476 | [Train F1: 0.6421000582411344]
L001477 | [Train Acc: 0.6432006155029814]
L001478 | [Dev Loss: 1.0776]
L001479 | [Dev F1: 0.5241074708828398]
L001480 | [Dev Acc: 0.5400981996726678]
L001481 | 
L001482-L001497 | [REDACTED: batch progress and internal diagnostics]
L001498 | [Epoch 58] [Time: 2.84]
L001499 | [Train Loss: 0.8089]
L001500 | [Train F1: 0.6424733429593705]
L001501 | [Train Acc: 0.6466628197730333]
L001502 | [Dev Loss: 1.1896]
L001503 | [Dev F1: 0.4665297256616943]
L001504 | [Dev Acc: 0.4828150572831424]
L001505 | 
L001506-L001521 | [REDACTED: batch progress and internal diagnostics]
L001522 | [Epoch 59] [Time: 2.75]
L001523 | [Train Loss: 0.8039]
L001524 | [Train F1: 0.6416442741774944]
L001525 | [Train Acc: 0.6449317176380073]
L001526 | [Dev Loss: 1.1686]
L001527 | [Dev F1: 0.46886108183247466]
L001528 | [Dev Acc: 0.48936170212765956]
L001529 | 
L001530-L001545 | [REDACTED: batch progress and internal diagnostics]
L001546 | [Epoch 60] [Time: 2.72]
L001547 | [Train Loss: 0.8078]
L001548 | [Train F1: 0.6441410722213453]
L001549 | [Train Acc: 0.6468551644547028]
L001550 | [Dev Loss: 1.1539]
L001551 | [Dev F1: 0.45424472897755697]
L001552 | [Dev Acc: 0.4762684124386252]
L001553 | 
L001554-L001569 | [REDACTED: batch progress and internal diagnostics]
L001570 | [Epoch 61] [Time: 2.84]
L001571 | [Train Loss: 0.7977]
L001572 | [Train F1: 0.6434468254214382]
L001573 | [Train Acc: 0.6468551644547028]
L001574 | [Dev Loss: 1.197]
L001575 | [Dev F1: 0.46587425844252905]
L001576 | [Dev Acc: 0.4762684124386252]
L001577 | 
L001578-L001593 | [REDACTED: batch progress and internal diagnostics]
L001594 | [Epoch 62] [Time: 2.76]
L001595 | [Train Loss: 0.7946]
L001596 | [Train F1: 0.6512771154743654]
L001597 | [Train Acc: 0.6535872283131371]
L001598 | [Dev Loss: 1.108]
L001599 | [Dev F1: 0.49685515893930265]
L001600 | [Dev Acc: 0.502454991816694]
L001601 | 
L001602-L001617 | [REDACTED: batch progress and internal diagnostics]
L001618 | [Epoch 63] [Time: 2.78]
L001619 | [Train Loss: 0.7927]
L001620 | [Train F1: 0.6455820846499398]
L001621 | [Train Acc: 0.6491633006347375]
L001622 | [Dev Loss: 1.2072]
L001623 | [Dev F1: 0.45545575067012084]
L001624 | [Dev Acc: 0.4795417348608838]
L001625 | 
L001626-L001641 | [REDACTED: batch progress and internal diagnostics]
L001642 | [Epoch 64] [Time: 2.83]
L001643 | [Train Loss: 0.7972]
L001644 | [Train F1: 0.6487594170513139]
L001645 | [Train Acc: 0.6499326793614156]
L001646 | [Dev Loss: 1.1274]
L001647 | [Dev F1: 0.466593979300875]
L001648 | [Dev Acc: 0.47299509001636664]
L001649 | 
L001650-L001665 | [REDACTED: batch progress and internal diagnostics]
L001666 | [Epoch 65] [Time: 2.78]
L001667 | [Train Loss: 0.8067]
L001668 | [Train F1: 0.6428033691911534]
L001669 | [Train Acc: 0.6455087516830159]
L001670 | [Dev Loss: 1.2391]
L001671 | [Dev F1: 0.43993139789613556]
L001672 | [Dev Acc: 0.4582651391162029]
L001673 | 
L001674-L001689 | [REDACTED: batch progress and internal diagnostics]
L001690 | [Epoch 66] [Time: 2.72]
L001691 | [Train Loss: 0.7981]
L001692 | [Train F1: 0.6419904606970112]
L001693 | [Train Acc: 0.6430082708213118]
L001694 | [Dev Loss: 1.1071]
L001695 | [Dev F1: 0.46175308412455224]
L001696 | [Dev Acc: 0.4746317512274959]
L001697 | 
L001698-L001713 | [REDACTED: batch progress and internal diagnostics]
L001714 | [Epoch 67] [Time: 2.78]
L001715 | [Train Loss: 0.7936]
L001716 | [Train F1: 0.6459514919764535]
L001717 | [Train Acc: 0.6503173687247548]
L001718 | [Dev Loss: 1.1728]
L001719 | [Dev F1: 0.48091535752369263]
L001720 | [Dev Acc: 0.49754500818330605]
L001721 | 
L001722-L001737 | [REDACTED: batch progress and internal diagnostics]
L001738 | [Epoch 68] [Time: 2.60]
L001739 | [Train Loss: 0.8013]
L001740 | [Train F1: 0.6451762501752742]
L001741 | [Train Acc: 0.6447393729563378]
L001742 | [Dev Loss: 1.1173]
L001743 | [Dev F1: 0.47914166114702955]
L001744 | [Dev Acc: 0.4877250409165303]
L001745 | 
L001746-L001761 | [REDACTED: batch progress and internal diagnostics]
L001762 | [Epoch 69] [Time: 2.82]
L001763 | [Train Loss: 0.7832]
L001764 | [Train F1: 0.6510651792416973]
L001765 | [Train Acc: 0.6551259857664935]
L001766 | [Dev Loss: 1.1485]
L001767 | [Dev F1: 0.47723613257448905]
L001768 | [Dev Acc: 0.49918166939443537]
L001769 | 
L001770-L001785 | [REDACTED: batch progress and internal diagnostics]
L001786 | [Epoch 70] [Time: 2.75]
L001787 | [Train Loss: 0.7793]
L001788 | [Train F1: 0.6522822155727652]
L001789 | [Train Acc: 0.6545489517214849]
L001790 | [Dev Loss: 1.132]
L001791 | [Dev F1: 0.4654648149144793]
L001792 | [Dev Acc: 0.48117839607201307]
L001793 | 
L001794-L001809 | [REDACTED: batch progress and internal diagnostics]
L001810 | [Epoch 71] [Time: 2.62]
L001811 | [Train Loss: 0.7854]
L001812 | [Train F1: 0.6524141352556867]
L001813 | [Train Acc: 0.6541642623581458]
L001814 | [Dev Loss: 1.1464]
L001815 | [Dev F1: 0.478385488989297]
L001816 | [Dev Acc: 0.48936170212765956]
L001817 | 
L001818-L001833 | [REDACTED: batch progress and internal diagnostics]
L001834 | [Epoch 72] [Time: 2.72]
L001835 | [Train Loss: 0.7938]
L001836 | [Train F1: 0.6521032929903419]
L001837 | [Train Acc: 0.6533948836314676]
L001838 | [Dev Loss: 1.1462]
L001839 | [Dev F1: 0.473869137963165]
L001840 | [Dev Acc: 0.4844517184942717]
L001841 | 
L001842-L001857 | [REDACTED: batch progress and internal diagnostics]
L001858 | [Epoch 73] [Time: 2.76]
L001859 | [Train Loss: 0.7689]
L001860 | [Train F1: 0.6511790151009798]
L001861 | [Train Acc: 0.6557030198115023]
L001862 | [Dev Loss: 1.1546]
L001863 | [Dev F1: 0.46132241794616186]
L001864 | [Dev Acc: 0.47299509001636664]
L001865 | 
L001866-L001881 | [REDACTED: batch progress and internal diagnostics]
L001882 | [Epoch 74] [Time: 2.74]
L001883 | [Train Loss: 0.7728]
L001884 | [Train F1: 0.657349950268929]
L001885 | [Train Acc: 0.6585881900365455]
L001886 | [Dev Loss: 1.1527]
L001887 | [Dev F1: 0.47061146525358005]
L001888 | [Dev Acc: 0.4909983633387889]
L001889 | 
L001890-L001905 | [REDACTED: batch progress and internal diagnostics]
L001906 | [Epoch 75] [Time: 2.59]
L001907 | [Train Loss: 0.773]
L001908 | [Train F1: 0.6566654628409863]
L001909 | [Train Acc: 0.6580111559915368]
L001910 | [Dev Loss: 1.1535]
L001911 | [Dev F1: 0.45186517461593334]
L001912 | [Dev Acc: 0.4828150572831424]
L001913 | 
L001914-L001929 | [REDACTED: batch progress and internal diagnostics]
L001930 | [Epoch 76] [Time: 2.69]
L001931 | [Train Loss: 0.7868]
L001932 | [Train F1: 0.6555719017851326]
L001933 | [Train Acc: 0.657049432583189]
L001934 | [Dev Loss: 1.1728]
L001935 | [Dev F1: 0.47495281717649396]
L001936 | [Dev Acc: 0.49754500818330605]
L001937 | 
L001938-L001953 | [REDACTED: batch progress and internal diagnostics]
L001954 | [Epoch 77] [Time: 2.80]
L001955 | [Train Loss: 0.7836]
L001956 | [Train F1: 0.6492951350763511]
L001957 | [Train Acc: 0.6520484708597807]
L001958 | [Dev Loss: 1.1179]
L001959 | [Dev F1: 0.47319970854848137]
L001960 | [Dev Acc: 0.4844517184942717]
L001961 | 
L001962-L001977 | [REDACTED: batch progress and internal diagnostics]
L001978 | [Epoch 78] [Time: 2.69]
L001979 | [Train Loss: 0.7757]
L001980 | [Train F1: 0.6577592741460292]
L001981 | [Train Acc: 0.6597422581265628]
L001982 | [Dev Loss: 1.176]
L001983 | [Dev F1: 0.45704820430174653]
L001984 | [Dev Acc: 0.4828150572831424]
L001985 | 
L001986-L002001 | [REDACTED: batch progress and internal diagnostics]
L002002 | [Epoch 79] [Time: 2.69]
L002003 | [Train Loss: 0.7765]
L002004 | [Train F1: 0.6659964221964648]
L002005 | [Train Acc: 0.6658972879399885]
L002006 | [Dev Loss: 1.1354]
L002007 | [Dev F1: 0.4720213491350115]
L002008 | [Dev Acc: 0.49427168576104746]
L002009 | 
L002010-L002025 | [REDACTED: batch progress and internal diagnostics]
L002026 | [Epoch 80] [Time: 2.59]
L002027 | [Train Loss: 0.7727]
L002028 | [Train F1: 0.6493231803428657]
L002029 | [Train Acc: 0.6576264666281977]
L002030 | [Dev Loss: 1.1671]
L002031 | [Dev F1: 0.47946627433028816]
L002032 | [Dev Acc: 0.4959083469721768]
L002033 | 
L002034-L002049 | [REDACTED: batch progress and internal diagnostics]
L002050 | [Epoch 81] [Time: 2.69]
L002051 | [Train Loss: 0.7617]
L002052 | [Train F1: 0.6644301014103675]
L002053 | [Train Acc: 0.6641661858049625]
L002054 | [Dev Loss: 1.1264]
L002055 | [Dev F1: 0.48749939529412195]
L002056 | [Dev Acc: 0.5122749590834698]
L002057 | 
L002058-L002073 | [REDACTED: batch progress and internal diagnostics]
L002074 | [Epoch 82] [Time: 2.70]
L002075 | [Train Loss: 0.767]
L002076 | [Train F1: 0.6547909805558833]
L002077 | [Train Acc: 0.6572417772648587]
L002078 | [Dev Loss: 1.1084]
L002079 | [Dev F1: 0.4710425324485465]
L002080 | [Dev Acc: 0.4959083469721768]
L002081 | 
L002082-L002097 | [REDACTED: batch progress and internal diagnostics]
L002098 | [Epoch 83] [Time: 2.72]
L002099 | [Train Loss: 0.7678]
L002100 | [Train F1: 0.6586454751743971]
L002101 | [Train Acc: 0.6633968070782843]
L002102 | [Dev Loss: 1.1363]
L002103 | [Dev F1: 0.4734298820724333]
L002104 | [Dev Acc: 0.5057283142389526]
L002105 | 
L002106-L002121 | [REDACTED: batch progress and internal diagnostics]
L002122 | [Epoch 84] [Time: 2.78]
L002123 | [Train Loss: 0.7659]
L002124 | [Train F1: 0.6583949521304215]
L002125 | [Train Acc: 0.6608963262165801]
L002126 | [Dev Loss: 1.1403]
L002127 | [Dev F1: 0.4797904079007587]
L002128 | [Dev Acc: 0.4909983633387889]
L002129 | 
L002130-L002145 | [REDACTED: batch progress and internal diagnostics]
L002146 | [Epoch 85] [Time: 2.72]
L002147 | [Train Loss: 0.7597]
L002148 | [Train F1: 0.6611056817137343]
L002149 | [Train Acc: 0.6618580496249279]
L002150 | [Dev Loss: 1.1176]
L002151 | [Dev F1: 0.4757797486796352]
L002152 | [Dev Acc: 0.486088379705401]
L002153 | 
L002154-L002169 | [REDACTED: batch progress and internal diagnostics]
L002170 | [Epoch 86] [Time: 2.75]
L002171 | [Train Loss: 0.7469]
L002172 | [Train F1: 0.6599647837082887]
L002173 | [Train Acc: 0.6620503943065974]
L002174 | [Dev Loss: 1.1447]
L002175 | [Dev F1: 0.47017738916769003]
L002176 | [Dev Acc: 0.502454991816694]
L002177 | 
L002178-L002193 | [REDACTED: batch progress and internal diagnostics]
L002194 | [Epoch 87] [Time: 2.61]
L002195 | [Train Loss: 0.7529]
L002196 | [Train F1: 0.6692582818455671]
L002197 | [Train Acc: 0.6705135603000577]
L002198 | [Dev Loss: 1.1367]
L002199 | [Dev F1: 0.48470431681465875]
L002200 | [Dev Acc: 0.49427168576104746]
L002201 | 
L002202-L002217 | [REDACTED: batch progress and internal diagnostics]
L002218 | [Epoch 88] [Time: 2.88]
L002219 | [Train Loss: 0.7486]
L002220 | [Train F1: 0.6660664770708673]
L002221 | [Train Acc: 0.6685901134833622]
L002222 | [Dev Loss: 1.1442]
L002223 | [Dev F1: 0.48363340837223134]
L002224 | [Dev Acc: 0.502454991816694]
L002225 | 
L002226-L002241 | [REDACTED: batch progress and internal diagnostics]
L002242 | [Epoch 89] [Time: 2.56]
L002243 | [Train Loss: 0.7506]
L002244 | [Train F1: 0.6640914523224339]
L002245 | [Train Acc: 0.6664743219849971]
L002246 | [Dev Loss: 1.1312]
L002247 | [Dev F1: 0.4819366625303962]
L002248 | [Dev Acc: 0.49263502454991814]
L002249 | 
L002250-L002265 | [REDACTED: batch progress and internal diagnostics]
L002266 | [Epoch 90] [Time: 2.67]
L002267 | [Train Loss: 0.7497]
L002268 | [Train F1: 0.6665993579792001]
L002269 | [Train Acc: 0.6672437007116753]
L002270 | [Dev Loss: 1.1659]
L002271 | [Dev F1: 0.4754635122986527]
L002272 | [Dev Acc: 0.4959083469721768]
L002273 | 
L002274-L002289 | [REDACTED: batch progress and internal diagnostics]
L002290 | [Epoch 91] [Time: 2.72]
L002291 | [Train Loss: 0.7442]
L002292 | [Train F1: 0.6664030095475386]
L002293 | [Train Acc: 0.668205424120023]
L002294 | [Dev Loss: 1.1318]
L002295 | [Dev F1: 0.4749987831791307]
L002296 | [Dev Acc: 0.4795417348608838]
L002297 | 
L002298-L002313 | [REDACTED: batch progress and internal diagnostics]
L002314 | [Epoch 92] [Time: 2.53]
L002315 | [Train Loss: 0.7521]
L002316 | [Train F1: 0.6628393601322955]
L002317 | [Train Acc: 0.6647432198499712]
L002318 | [Dev Loss: 1.1302]
L002319 | [Dev F1: 0.516304518537598]
L002320 | [Dev Acc: 0.5368248772504092]
L002321 | 
L002322-L002337 | [REDACTED: batch progress and internal diagnostics]
L002338 | [Epoch 93] [Time: 2.79]
L002339 | [Train Loss: 0.759]
L002340 | [Train F1: 0.6637800681225341]
L002341 | [Train Acc: 0.6655125985766494]
L002342 | [Dev Loss: 1.1841]
L002343 | [Dev F1: 0.4655740039829827]
L002344 | [Dev Acc: 0.48117839607201307]
L002345 | 
L002346-L002361 | [REDACTED: batch progress and internal diagnostics]
L002362 | [Epoch 94] [Time: 2.73]
L002363 | [Train Loss: 0.745]
L002364 | [Train F1: 0.6630948915572247]
L002365 | [Train Acc: 0.6658972879399885]
L002366 | [Dev Loss: 1.1484]
L002367 | [Dev F1: 0.4753094537582978]
L002368 | [Dev Acc: 0.49427168576104746]
L002369 | 
L002370-L002385 | [REDACTED: batch progress and internal diagnostics]
L002386 | [Epoch 95] [Time: 2.68]
L002387 | [Train Loss: 0.7362]
L002388 | [Train F1: 0.6707664758190706]
L002389 | [Train Acc: 0.671667628390075]
L002390 | [Dev Loss: 1.1397]
L002391 | [Dev F1: 0.5044490196832888]
L002392 | [Dev Acc: 0.5155482815057283]
L002393 | 
L002394-L002409 | [REDACTED: batch progress and internal diagnostics]
L002410 | [Epoch 96] [Time: 2.67]
L002411 | [Train Loss: 0.7525]
L002412 | [Train F1: 0.6597354716402511]
L002413 | [Train Acc: 0.6616657049432583]
L002414 | [Dev Loss: 1.1317]
L002415 | [Dev F1: 0.4715248893336857]
L002416 | [Dev Acc: 0.49263502454991814]
L002417 | 
L002418-L002433 | [REDACTED: batch progress and internal diagnostics]
L002434 | [Epoch 97] [Time: 2.71]
L002435 | [Train Loss: 0.7531]
L002436 | [Train F1: 0.6683327146837769]
L002437 | [Train Acc: 0.6712829390267359]
L002438 | [Dev Loss: 1.1905]
L002439 | [Dev F1: 0.46149620631728894]
L002440 | [Dev Acc: 0.4877250409165303]
L002441 | Early stopping at epoch: 97
L002442 | Last model
L002443 |               precision    recall  f1-score   support
L002444 | 
L002445 |          hap     0.6182    0.4722    0.5354       144
L002446 |          sad     0.7861    0.6449    0.7085       245
L002447 |          neu     0.5251    0.7083    0.6031       384
L002448 |          ang     0.7282    0.4412    0.5495       170
L002449 |          exc     0.7264    0.7191    0.7227       299
L002450 |          fru     0.5266    0.5459    0.5361       381
L002451 | 
L002452 |     accuracy                         0.6137      1623
L002453 |    macro avg     0.6517    0.5886    0.6092      1623
L002454 | weighted avg     0.6314    0.6137    0.6137      1623
L002455 | 
L002456 | Best model at epoch: 57
L002457 | Best dev F1: 0.5241074708828398
L002458 |               precision    recall  f1-score   support
L002459 | 
L002460 |          hap     0.6200    0.4306    0.5082       144
L002461 |          sad     0.7926    0.7020    0.7446       245
L002462 |          neu     0.5359    0.7005    0.6072       384
L002463 |          ang     0.7979    0.4412    0.5682       170
L002464 |          exc     0.6807    0.8629    0.7611       299
L002465 |          fru     0.5529    0.4803    0.5140       381
L002466 | 
L002467 |     accuracy                         0.6278      1623
L002468 |    macro avg     0.6633    0.6029    0.6172      1623
L002469 | weighted avg     0.6402    0.6278    0.6216      1623
L002470 | 
L002471 | Best test F1: 0.6215514109684678
L002472 | Best test Acc: 0.6278496611213802
L002473 | [SANITIZED] Saved checkpoint: [path and filename removed]
