# Redacted copy of an existing run log.
# run_id: G06-seed4
# dataset: IEMOCAP
# model: GCNet+AMBER
# imr: (0.7,0.5,0.3)
# seed_alias: seed4
# original_log_sha256: 7c047aedbfbe626bb9ac78ab6047af8e217e90d7532528e51fa76b95ba7dc9a4
# source_record_status: ok
# source_record_process_return_code: 3221226505
# L numbers refer to source logical lines; REDACTED/SANITIZED text is editorial.
L000001-L000005 | [REDACTED: configuration or implementation details]
L000006 | [SANITIZED] FutureWarning: [dependency deprecation notice; implementation details removed]
L000007-L000068 | [REDACTED: configuration or implementation details]
L000069 | [SANITIZED] Seed alias: seed4
L000070 | [REDACTED: configuration or implementation details]
L000071 | 
L000072-L000073 | [REDACTED: batch progress and internal diagnostics]
L000074 | 
L000075-L000076 | [REDACTED: batch progress and internal diagnostics]
L000077 | 
L000078-L000079 | [REDACTED: batch progress and internal diagnostics]
L000080-L000083 | [REDACTED: configuration or implementation details]
L000084 | [SANITIZED] Seed alias: seed4
L000085-L000088 | [REDACTED: configuration or implementation details]
L000089 | 
L000090-L000105 | [REDACTED: batch progress and internal diagnostics]
L000106 | [Epoch 0] [Time: 3.16]
L000107 | [Train Loss: 1.7279]
L000108 | [Train F1: 0.23821891951968244]
L000109 | [Train Acc: 0.2864012310059627]
L000110 | [Dev Loss: 1.6508]
L000111 | [Dev F1: 0.25093575189045786]
L000112 | [Dev Acc: 0.3862520458265139]
L000113 | 
L000114-L000129 | [REDACTED: batch progress and internal diagnostics]
L000130 | [Epoch 1] [Time: 2.61]
L000131 | [Train Loss: 1.5051]
L000132 | [Train F1: 0.37783377885807085]
L000133 | [Train Acc: 0.45547220619349876]
L000134 | [Dev Loss: 1.5058]
L000135 | [Dev F1: 0.27143964087107403]
L000136 | [Dev Acc: 0.3878887070376432]
L000137 | 
L000138-L000153 | [REDACTED: batch progress and internal diagnostics]
L000154 | [Epoch 2] [Time: 2.73]
L000155 | [Train Loss: 1.2989]
L000156 | [Train F1: 0.41133800881952554]
L000157 | [Train Acc: 0.47220619349874976]
L000158 | [Dev Loss: 1.4449]
L000159 | [Dev F1: 0.3051439312579417]
L000160 | [Dev Acc: 0.3502454991816694]
L000161 | 
L000162-L000177 | [REDACTED: batch progress and internal diagnostics]
L000178 | [Epoch 3] [Time: 2.79]
L000179 | [Train Loss: 1.2047]
L000180 | [Train F1: 0.4743109400444414]
L000181 | [Train Acc: 0.508559338334295]
L000182 | [Dev Loss: 1.4026]
L000183 | [Dev F1: 0.28165785245696706]
L000184 | [Dev Acc: 0.3878887070376432]
L000185 | 
L000186-L000201 | [REDACTED: batch progress and internal diagnostics]
L000202 | [Epoch 4] [Time: 2.61]
L000203 | [Train Loss: 1.1723]
L000204 | [Train F1: 0.49132947379386493]
L000205 | [Train Acc: 0.5212540873244855]
L000206 | [Dev Loss: 1.3811]
L000207 | [Dev F1: 0.28093571906976833]
L000208 | [Dev Acc: 0.39279869067103107]
L000209 | 
L000210-L000225 | [REDACTED: batch progress and internal diagnostics]
L000226 | [Epoch 5] [Time: 2.79]
L000227 | [Train Loss: 1.1321]
L000228 | [Train F1: 0.498017960299101]
L000229 | [Train Acc: 0.5297172533179457]
L000230 | [Dev Loss: 1.2941]
L000231 | [Dev F1: 0.38996952551907216]
L000232 | [Dev Acc: 0.4353518821603928]
L000233 | 
L000234-L000249 | [REDACTED: batch progress and internal diagnostics]
L000250 | [Epoch 6] [Time: 2.65]
L000251 | [Train Loss: 1.1112]
L000252 | [Train F1: 0.5197654020684175]
L000253 | [Train Acc: 0.5356799384497019]
L000254 | [Dev Loss: 1.4058]
L000255 | [Dev F1: 0.30863071172579976]
L000256 | [Dev Acc: 0.4075286415711948]
L000257 | 
L000258-L000273 | [REDACTED: batch progress and internal diagnostics]
L000274 | [Epoch 7] [Time: 2.70]
L000275 | [Train Loss: 1.1198]
L000276 | [Train F1: 0.5153814347106915]
L000277 | [Train Acc: 0.5291402192729371]
L000278 | [Dev Loss: 1.2852]
L000279 | [Dev F1: 0.3123817036467318]
L000280 | [Dev Acc: 0.3862520458265139]
L000281 | 
L000282-L000297 | [REDACTED: batch progress and internal diagnostics]
L000298 | [Epoch 8] [Time: 2.65]
L000299 | [Train Loss: 1.0888]
L000300 | [Train F1: 0.529265526907426]
L000301 | [Train Acc: 0.5468359299865359]
L000302 | [Dev Loss: 1.3935]
L000303 | [Dev F1: 0.3386547174317567]
L000304 | [Dev Acc: 0.3960720130932897]
L000305 | 
L000306-L000321 | [REDACTED: batch progress and internal diagnostics]
L000322 | [Epoch 9] [Time: 2.76]
L000323 | [Train Loss: 1.0576]
L000324 | [Train F1: 0.5517667629079779]
L000325 | [Train Acc: 0.5576072321600308]
L000326 | [Dev Loss: 1.2432]
L000327 | [Dev F1: 0.4199106938908443]
L000328 | [Dev Acc: 0.4320785597381342]
L000329 | 
L000330-L000345 | [REDACTED: batch progress and internal diagnostics]
L000346 | [Epoch 10] [Time: 2.53]
L000347 | [Train Loss: 1.0377]
L000348 | [Train F1: 0.5632565627616474]
L000349 | [Train Acc: 0.5747259088286208]
L000350 | [Dev Loss: 1.3037]
L000351 | [Dev F1: 0.38153609663890514]
L000352 | [Dev Acc: 0.4075286415711948]
L000353 | 
L000354-L000369 | [REDACTED: batch progress and internal diagnostics]
L000370 | [Epoch 11] [Time: 2.62]
L000371 | [Train Loss: 1.0235]
L000372 | [Train F1: 0.5698231128216447]
L000373 | [Train Acc: 0.5737641854202731]
L000374 | [Dev Loss: 1.3088]
L000375 | [Dev F1: 0.3354139353104176]
L000376 | [Dev Acc: 0.37643207855973815]
L000377 | 
L000378-L000393 | [REDACTED: batch progress and internal diagnostics]
L000394 | [Epoch 12] [Time: 2.76]
L000395 | [Train Loss: 1.0111]
L000396 | [Train F1: 0.572384487251544]
L000397 | [Train Acc: 0.584535487593768]
L000398 | [Dev Loss: 1.3104]
L000399 | [Dev F1: 0.39789509379323573]
L000400 | [Dev Acc: 0.41407528641571195]
L000401 | 
L000402-L000417 | [REDACTED: batch progress and internal diagnostics]
L000418 | [Epoch 13] [Time: 2.66]
L000419 | [Train Loss: 0.9929]
L000420 | [Train F1: 0.5808329096560488]
L000421 | [Train Acc: 0.584535487593768]
L000422 | [Dev Loss: 1.2674]
L000423 | [Dev F1: 0.3883553292019401]
L000424 | [Dev Acc: 0.4157119476268412]
L000425 | 
L000426-L000441 | [REDACTED: batch progress and internal diagnostics]
L000442 | [Epoch 14] [Time: 2.93]
L000443 | [Train Loss: 0.9896]
L000444 | [Train F1: 0.5815982580467242]
L000445 | [Train Acc: 0.5897287939988459]
L000446 | [Dev Loss: 1.2934]
L000447 | [Dev F1: 0.4080826521948746]
L000448 | [Dev Acc: 0.46153846153846156]
L000449 | 
L000450-L000465 | [REDACTED: batch progress and internal diagnostics]
L000466 | [Epoch 15] [Time: 2.66]
L000467 | [Train Loss: 0.9767]
L000468 | [Train F1: 0.5922507701581616]
L000469 | [Train Acc: 0.5987689940373149]
L000470 | [Dev Loss: 1.2503]
L000471 | [Dev F1: 0.36866104719130144]
L000472 | [Dev Acc: 0.3960720130932897]
L000473 | 
L000474-L000489 | [REDACTED: batch progress and internal diagnostics]
L000490 | [Epoch 16] [Time: 2.83]
L000491 | [Train Loss: 0.9688]
L000492 | [Train F1: 0.598855282532048]
L000493 | [Train Acc: 0.6062704366224274]
L000494 | [Dev Loss: 1.2764]
L000495 | [Dev F1: 0.397172530086209]
L000496 | [Dev Acc: 0.4533551554828151]
L000497 | 
L000498-L000513 | [REDACTED: batch progress and internal diagnostics]
L000514 | [Epoch 17] [Time: 2.59]
L000515 | [Train Loss: 0.9481]
L000516 | [Train F1: 0.6046547605688486]
L000517 | [Train Acc: 0.6080015387574533]
L000518 | [Dev Loss: 1.3334]
L000519 | [Dev F1: 0.3942495435870508]
L000520 | [Dev Acc: 0.4337152209492635]
L000521 | 
L000522-L000537 | [REDACTED: batch progress and internal diagnostics]
L000538 | [Epoch 18] [Time: 2.68]
L000539 | [Train Loss: 0.9721]
L000540 | [Train F1: 0.5968881115456098]
L000541 | [Train Acc: 0.602615887670706]
L000542 | [Dev Loss: 1.2303]
L000543 | [Dev F1: 0.43846758407010805]
L000544 | [Dev Acc: 0.4713584288052373]
L000545 | 
L000546-L000561 | [REDACTED: batch progress and internal diagnostics]
L000562 | [Epoch 19] [Time: 2.74]
L000563 | [Train Loss: 0.9571]
L000564 | [Train F1: 0.6020384544459623]
L000565 | [Train Acc: 0.6051163685324101]
L000566 | [Dev Loss: 1.2869]
L000567 | [Dev F1: 0.4175681461222751]
L000568 | [Dev Acc: 0.4288052373158756]
L000569 | 
L000570-L000585 | [REDACTED: batch progress and internal diagnostics]
L000586 | [Epoch 20] [Time: 2.58]
L000587 | [Train Loss: 0.9467]
L000588 | [Train F1: 0.5921779787325622]
L000589 | [Train Acc: 0.5997307174456626]
L000590 | [Dev Loss: 1.257]
L000591 | [Dev F1: 0.37824561112459865]
L000592 | [Dev Acc: 0.4238952536824877]
L000593 | 
L000594-L000609 | [REDACTED: batch progress and internal diagnostics]
L000610 | [Epoch 21] [Time: 2.78]
L000611 | [Train Loss: 0.9456]
L000612 | [Train F1: 0.5984392494622498]
L000613 | [Train Acc: 0.6033852663973841]
L000614 | [Dev Loss: 1.2674]
L000615 | [Dev F1: 0.3598599850657468]
L000616 | [Dev Acc: 0.40916530278232405]
L000617 | 
L000618-L000633 | [REDACTED: batch progress and internal diagnostics]
L000634 | [Epoch 22] [Time: 2.69]
L000635 | [Train Loss: 0.9353]
L000636 | [Train F1: 0.6049603620964573]
L000637 | [Train Acc: 0.610309674937488]
L000638 | [Dev Loss: 1.2615]
L000639 | [Dev F1: 0.4256610421395169]
L000640 | [Dev Acc: 0.44353518821603927]
L000641 | 
L000642-L000657 | [REDACTED: batch progress and internal diagnostics]
L000658 | [Epoch 23] [Time: 2.64]
L000659 | [Train Loss: 0.93]
L000660 | [Train F1: 0.6077075606150004]
L000661 | [Train Acc: 0.6122331217541835]
L000662 | [Dev Loss: 1.3081]
L000663 | [Dev F1: 0.39820232205728473]
L000664 | [Dev Acc: 0.4369885433715221]
L000665 | 
L000666-L000681 | [REDACTED: batch progress and internal diagnostics]
L000682 | [Epoch 24] [Time: 2.85]
L000683 | [Train Loss: 0.9158]
L000684 | [Train F1: 0.6077553512686745]
L000685 | [Train Acc: 0.6145412579342181]
L000686 | [Dev Loss: 1.2148]
L000687 | [Dev F1: 0.439307909830644]
L000688 | [Dev Acc: 0.4582651391162029]
L000689 | 
L000690-L000705 | [REDACTED: batch progress and internal diagnostics]
L000706 | [Epoch 25] [Time: 2.77]
L000707 | [Train Loss: 0.9043]
L000708 | [Train F1: 0.61001187692893]
L000709 | [Train Acc: 0.6149259472975572]
L000710 | [Dev Loss: 1.3081]
L000711 | [Dev F1: 0.42655122719986976]
L000712 | [Dev Acc: 0.45171849427168576]
L000713 | 
L000714-L000729 | [REDACTED: batch progress and internal diagnostics]
L000730 | [Epoch 26] [Time: 2.74]
L000731 | [Train Loss: 0.9082]
L000732 | [Train F1: 0.6168079373470453]
L000733 | [Train Acc: 0.6222350452010001]
L000734 | [Dev Loss: 1.2579]
L000735 | [Dev F1: 0.4383177077369873]
L000736 | [Dev Acc: 0.44844517184942717]
L000737 | 
L000738-L000753 | [REDACTED: batch progress and internal diagnostics]
L000754 | [Epoch 27] [Time: 2.64]
L000755 | [Train Loss: 0.904]
L000756 | [Train F1: 0.6079565055266217]
L000757 | [Train Acc: 0.6095402962108097]
L000758 | [Dev Loss: 1.3147]
L000759 | [Dev F1: 0.41498648163875906]
L000760 | [Dev Acc: 0.4500818330605565]
L000761 | 
L000762-L000777 | [REDACTED: batch progress and internal diagnostics]
L000778 | [Epoch 28] [Time: 2.55]
L000779 | [Train Loss: 0.903]
L000780 | [Train F1: 0.6136864342822026]
L000781 | [Train Acc: 0.6203115983843047]
L000782 | [Dev Loss: 1.2467]
L000783 | [Dev F1: 0.4179463141572654]
L000784 | [Dev Acc: 0.4386252045826514]
L000785 | 
L000786-L000801 | [REDACTED: batch progress and internal diagnostics]
L000802 | [Epoch 29] [Time: 2.79]
L000803 | [Train Loss: 0.9043]
L000804 | [Train F1: 0.6137194658465713]
L000805 | [Train Acc: 0.6174264281592614]
L000806 | [Dev Loss: 1.2601]
L000807 | [Dev F1: 0.41607805746760007]
L000808 | [Dev Acc: 0.47299509001636664]
L000809 | 
L000810-L000825 | [REDACTED: batch progress and internal diagnostics]
L000826 | [Epoch 30] [Time: 2.68]
L000827 | [Train Loss: 0.8963]
L000828 | [Train F1: 0.6107029104170378]
L000829 | [Train Acc: 0.6156953260242354]
L000830 | [Dev Loss: 1.2378]
L000831 | [Dev F1: 0.39705633421455633]
L000832 | [Dev Acc: 0.4386252045826514]
L000833 | 
L000834-L000849 | [REDACTED: batch progress and internal diagnostics]
L000850 | [Epoch 31] [Time: 2.66]
L000851 | [Train Loss: 0.8968]
L000852 | [Train F1: 0.6107459671331156]
L000853 | [Train Acc: 0.6145412579342181]
L000854 | [Dev Loss: 1.2783]
L000855 | [Dev F1: 0.4022541753387672]
L000856 | [Dev Acc: 0.4206219312602291]
L000857 | 
L000858-L000873 | [REDACTED: batch progress and internal diagnostics]
L000874 | [Epoch 32] [Time: 2.73]
L000875 | [Train Loss: 0.8869]
L000876 | [Train F1: 0.6125981396940211]
L000877 | [Train Acc: 0.6168493941142528]
L000878 | [Dev Loss: 1.3073]
L000879 | [Dev F1: 0.40528419776451924]
L000880 | [Dev Acc: 0.4369885433715221]
L000881 | 
L000882-L000897 | [REDACTED: batch progress and internal diagnostics]
L000898 | [Epoch 33] [Time: 2.76]
L000899 | [Train Loss: 0.8833]
L000900 | [Train F1: 0.6256023097306868]
L000901 | [Train Acc: 0.6283900750144259]
L000902 | [Dev Loss: 1.2894]
L000903 | [Dev F1: 0.39572196970847356]
L000904 | [Dev Acc: 0.4369885433715221]
L000905 | 
L000906-L000921 | [REDACTED: batch progress and internal diagnostics]
L000922 | [Epoch 34] [Time: 2.81]
L000923 | [Train Loss: 0.8791]
L000924 | [Train F1: 0.617985804309415]
L000925 | [Train Acc: 0.6231967686093479]
L000926 | [Dev Loss: 1.3465]
L000927 | [Dev F1: 0.3903733829772199]
L000928 | [Dev Acc: 0.425531914893617]
L000929 | 
L000930-L000945 | [REDACTED: batch progress and internal diagnostics]
L000946 | [Epoch 35] [Time: 2.65]
L000947 | [Train Loss: 0.8868]
L000948 | [Train F1: 0.6161407336239733]
L000949 | [Train Acc: 0.619349874975957]
L000950 | [Dev Loss: 1.2607]
L000951 | [Dev F1: 0.42253669553915174]
L000952 | [Dev Acc: 0.44844517184942717]
L000953 | 
L000954-L000969 | [REDACTED: batch progress and internal diagnostics]
L000970 | [Epoch 36] [Time: 2.77]
L000971 | [Train Loss: 0.8682]
L000972 | [Train F1: 0.6236893979468682]
L000973 | [Train Acc: 0.6255049047893826]
L000974 | [Dev Loss: 1.2782]
L000975 | [Dev F1: 0.3965658886992477]
L000976 | [Dev Acc: 0.4337152209492635]
L000977 | 
L000978-L000993 | [REDACTED: batch progress and internal diagnostics]
L000994 | [Epoch 37] [Time: 2.68]
L000995 | [Train Loss: 0.8781]
L000996 | [Train F1: 0.6153117363360081]
L000997 | [Train Acc: 0.619734564339296]
L000998 | [Dev Loss: 1.2799]
L000999 | [Dev F1: 0.4221194492368107]
L001000 | [Dev Acc: 0.4500818330605565]
L001001 | 
L001002-L001017 | [REDACTED: batch progress and internal diagnostics]
L001018 | [Epoch 38] [Time: 2.90]
L001019 | [Train Loss: 0.8768]
L001020 | [Train F1: 0.6156594869323274]
L001021 | [Train Acc: 0.6205039430659742]
L001022 | [Dev Loss: 1.3349]
L001023 | [Dev F1: 0.38591745314628606]
L001024 | [Dev Acc: 0.3993453355155483]
L001025 | 
L001026-L001041 | [REDACTED: batch progress and internal diagnostics]
L001042 | [Epoch 39] [Time: 2.60]
L001043 | [Train Loss: 0.8701]
L001044 | [Train F1: 0.6104704047937016]
L001045 | [Train Acc: 0.6143489132525486]
L001046 | [Dev Loss: 1.3144]
L001047 | [Dev F1: 0.4013238008921669]
L001048 | [Dev Acc: 0.44189852700491]
L001049 | 
L001050-L001065 | [REDACTED: batch progress and internal diagnostics]
L001066 | [Epoch 40] [Time: 2.80]
L001067 | [Train Loss: 0.8792]
L001068 | [Train F1: 0.6119512658240568]
L001069 | [Train Acc: 0.6162723600692441]
L001070 | [Dev Loss: 1.2755]
L001071 | [Dev F1: 0.39334593558659453]
L001072 | [Dev Acc: 0.44844517184942717]
L001073 | 
L001074-L001089 | [REDACTED: batch progress and internal diagnostics]
L001090 | [Epoch 41] [Time: 2.55]
L001091 | [Train Loss: 0.8684]
L001092 | [Train F1: 0.6167931706501386]
L001093 | [Train Acc: 0.6206962877476437]
L001094 | [Dev Loss: 1.2544]
L001095 | [Dev F1: 0.4302854763787607]
L001096 | [Dev Acc: 0.44844517184942717]
L001097 | 
L001098-L001113 | [REDACTED: batch progress and internal diagnostics]
L001114 | [Epoch 42] [Time: 2.70]
L001115 | [Train Loss: 0.8615]
L001116 | [Train F1: 0.6197632632708656]
L001117 | [Train Acc: 0.6233891132910175]
L001118 | [Dev Loss: 1.2114]
L001119 | [Dev F1: 0.43109048404464023]
L001120 | [Dev Acc: 0.46808510638297873]
L001121 | 
L001122-L001137 | [REDACTED: batch progress and internal diagnostics]
L001138 | [Epoch 43] [Time: 2.81]
L001139 | [Train Loss: 0.8592]
L001140 | [Train F1: 0.6169534180995236]
L001141 | [Train Acc: 0.6201192537026351]
L001142 | [Dev Loss: 1.2464]
L001143 | [Dev F1: 0.3994076427866586]
L001144 | [Dev Acc: 0.4402618657937807]
L001145 | 
L001146-L001161 | [REDACTED: batch progress and internal diagnostics]
L001162 | [Epoch 44] [Time: 2.60]
L001163 | [Train Loss: 0.8461]
L001164 | [Train F1: 0.6263622500117326]
L001165 | [Train Acc: 0.6303135218311213]
L001166 | [Dev Loss: 1.2177]
L001167 | [Dev F1: 0.4599319596430748]
L001168 | [Dev Acc: 0.4713584288052373]
L001169 | 
L001170-L001185 | [REDACTED: batch progress and internal diagnostics]
L001186 | [Epoch 45] [Time: 2.70]
L001187 | [Train Loss: 0.8389]
L001188 | [Train F1: 0.6299228924098161]
L001189 | [Train Acc: 0.634737449509521]
L001190 | [Dev Loss: 1.3008]
L001191 | [Dev F1: 0.4611101489925554]
L001192 | [Dev Acc: 0.4959083469721768]
L001193 | 
L001194-L001209 | [REDACTED: batch progress and internal diagnostics]
L001210 | [Epoch 46] [Time: 2.83]
L001211 | [Train Loss: 0.8419]
L001212 | [Train F1: 0.6323292458320993]
L001213 | [Train Acc: 0.6362762069628775]
L001214 | [Dev Loss: 1.2215]
L001215 | [Dev F1: 0.4524085268936861]
L001216 | [Dev Acc: 0.46808510638297873]
L001217 | 
L001218-L001233 | [REDACTED: batch progress and internal diagnostics]
L001234 | [Epoch 47] [Time: 2.72]
L001235 | [Train Loss: 0.8389]
L001236 | [Train F1: 0.6312229420661846]
L001237 | [Train Acc: 0.6331986920561646]
L001238 | [Dev Loss: 1.2849]
L001239 | [Dev F1: 0.37825454430449806]
L001240 | [Dev Acc: 0.44680851063829785]
L001241 | 
L001242-L001257 | [REDACTED: batch progress and internal diagnostics]
L001258 | [Epoch 48] [Time: 2.70]
L001259 | [Train Loss: 0.8316]
L001260 | [Train F1: 0.6337904992904752]
L001261 | [Train Acc: 0.6378149644162339]
L001262 | [Dev Loss: 1.2549]
L001263 | [Dev F1: 0.4251738244595679]
L001264 | [Dev Acc: 0.45662847790507366]
L001265 | 
L001266-L001281 | [REDACTED: batch progress and internal diagnostics]
L001282 | [Epoch 49] [Time: 2.55]
L001283 | [Train Loss: 0.8214]
L001284 | [Train F1: 0.6376770441193166]
L001285 | [Train Acc: 0.6405077899596077]
L001286 | [Dev Loss: 1.2156]
L001287 | [Dev F1: 0.4445400044808591]
L001288 | [Dev Acc: 0.46481178396072015]
L001289 | 
L001290-L001305 | [REDACTED: batch progress and internal diagnostics]
L001306 | [Epoch 50] [Time: 2.72]
L001307 | [Train Loss: 0.8373]
L001308 | [Train F1: 0.6299603738235489]
L001309 | [Train Acc: 0.6335833814195038]
L001310 | [Dev Loss: 1.2764]
L001311 | [Dev F1: 0.41603204813152467]
L001312 | [Dev Acc: 0.46317512274959083]
L001313 | 
L001314-L001329 | [REDACTED: batch progress and internal diagnostics]
L001330 | [Epoch 51] [Time: 2.67]
L001331 | [Train Loss: 0.8266]
L001332 | [Train F1: 0.6318119788506849]
L001333 | [Train Acc: 0.6341604154645124]
L001334 | [Dev Loss: 1.2737]
L001335 | [Dev F1: 0.4477260572056183]
L001336 | [Dev Acc: 0.46317512274959083]
L001337 | 
L001338-L001353 | [REDACTED: batch progress and internal diagnostics]
L001354 | [Epoch 52] [Time: 2.69]
L001355 | [Train Loss: 0.8266]
L001356 | [Train F1: 0.6348812486434454]
L001357 | [Train Acc: 0.6372379303712252]
L001358 | [Dev Loss: 1.2431]
L001359 | [Dev F1: 0.4242334346688222]
L001360 | [Dev Acc: 0.46153846153846156]
L001361 | 
L001362-L001377 | [REDACTED: batch progress and internal diagnostics]
L001378 | [Epoch 53] [Time: 2.75]
L001379 | [Train Loss: 0.821]
L001380 | [Train F1: 0.6435794474308724]
L001381 | [Train Acc: 0.6470475091363724]
L001382 | [Dev Loss: 1.2495]
L001383 | [Dev F1: 0.4563430544771951]
L001384 | [Dev Acc: 0.4877250409165303]
L001385 | 
L001386-L001401 | [REDACTED: batch progress and internal diagnostics]
L001402 | [Epoch 54] [Time: 2.78]
L001403 | [Train Loss: 0.8191]
L001404 | [Train F1: 0.6387223676383575]
L001405 | [Train Acc: 0.6408924793229467]
L001406 | [Dev Loss: 1.2754]
L001407 | [Dev F1: 0.4426590268409734]
L001408 | [Dev Acc: 0.46317512274959083]
L001409 | 
L001410-L001425 | [REDACTED: batch progress and internal diagnostics]
L001426 | [Epoch 55] [Time: 2.63]
L001427 | [Train Loss: 0.8252]
L001428 | [Train F1: 0.6368909062849292]
L001429 | [Train Acc: 0.6405077899596077]
L001430 | [Dev Loss: 1.2521]
L001431 | [Dev F1: 0.4385101168190482]
L001432 | [Dev Acc: 0.46481178396072015]
L001433 | 
L001434-L001449 | [REDACTED: batch progress and internal diagnostics]
L001450 | [Epoch 56] [Time: 2.68]
L001451 | [Train Loss: 0.8123]
L001452 | [Train F1: 0.6430106771114021]
L001453 | [Train Acc: 0.645893441046355]
L001454 | [Dev Loss: 1.2297]
L001455 | [Dev F1: 0.4448267709247555]
L001456 | [Dev Acc: 0.46153846153846156]
L001457 | 
L001458-L001473 | [REDACTED: batch progress and internal diagnostics]
L001474 | [Epoch 57] [Time: 2.72]
L001475 | [Train Loss: 0.8165]
L001476 | [Train F1: 0.6422769468713434]
L001477 | [Train Acc: 0.6435853048663205]
L001478 | [Dev Loss: 1.2404]
L001479 | [Dev F1: 0.4604536164257425]
L001480 | [Dev Acc: 0.48117839607201307]
L001481 | 
L001482-L001497 | [REDACTED: batch progress and internal diagnostics]
L001498 | [Epoch 58] [Time: 2.58]
L001499 | [Train Loss: 0.8159]
L001500 | [Train F1: 0.6412035786440762]
L001501 | [Train Acc: 0.64377764954799]
L001502 | [Dev Loss: 1.2639]
L001503 | [Dev F1: 0.4277724090534315]
L001504 | [Dev Acc: 0.45499181669394434]
L001505 | 
L001506-L001521 | [REDACTED: batch progress and internal diagnostics]
L001522 | [Epoch 59] [Time: 2.73]
L001523 | [Train Loss: 0.8117]
L001524 | [Train F1: 0.636244540940306]
L001525 | [Train Acc: 0.6391613771879208]
L001526 | [Dev Loss: 1.2993]
L001527 | [Dev F1: 0.44931173045633904]
L001528 | [Dev Acc: 0.46317512274959083]
L001529 | 
L001530-L001545 | [REDACTED: batch progress and internal diagnostics]
L001546 | [Epoch 60] [Time: 2.66]
L001547 | [Train Loss: 0.8213]
L001548 | [Train F1: 0.6384704420750346]
L001549 | [Train Acc: 0.6412771686862858]
L001550 | [Dev Loss: 1.3081]
L001551 | [Dev F1: 0.40339879058593725]
L001552 | [Dev Acc: 0.44353518821603927]
L001553 | 
L001554-L001569 | [REDACTED: batch progress and internal diagnostics]
L001570 | [Epoch 61] [Time: 2.75]
L001571 | [Train Loss: 0.8176]
L001572 | [Train F1: 0.6342812178568354]
L001573 | [Train Acc: 0.6349297941911907]
L001574 | [Dev Loss: 1.2661]
L001575 | [Dev F1: 0.426198854155698]
L001576 | [Dev Acc: 0.4533551554828151]
L001577 | 
L001578-L001593 | [REDACTED: batch progress and internal diagnostics]
L001594 | [Epoch 62] [Time: 2.66]
L001595 | [Train Loss: 0.8125]
L001596 | [Train F1: 0.6432980128686211]
L001597 | [Train Acc: 0.6474321984997115]
L001598 | [Dev Loss: 1.2503]
L001599 | [Dev F1: 0.4361670710576481]
L001600 | [Dev Acc: 0.46153846153846156]
L001601 | 
L001602-L001617 | [REDACTED: batch progress and internal diagnostics]
L001618 | [Epoch 63] [Time: 2.82]
L001619 | [Train Loss: 0.8163]
L001620 | [Train F1: 0.6387423046227713]
L001621 | [Train Acc: 0.6420465474129641]
L001622 | [Dev Loss: 1.2707]
L001623 | [Dev F1: 0.4514093320342458]
L001624 | [Dev Acc: 0.4713584288052373]
L001625 | 
L001626-L001641 | [REDACTED: batch progress and internal diagnostics]
L001642 | [Epoch 64] [Time: 2.67]
L001643 | [Train Loss: 0.8171]
L001644 | [Train F1: 0.6350556759770258]
L001645 | [Train Acc: 0.6362762069628775]
L001646 | [Dev Loss: 1.3216]
L001647 | [Dev F1: 0.42970385252679166]
L001648 | [Dev Acc: 0.45499181669394434]
L001649 | 
L001650-L001665 | [REDACTED: batch progress and internal diagnostics]
L001666 | [Epoch 65] [Time: 2.65]
L001667 | [Train Loss: 0.8516]
L001668 | [Train F1: 0.6300072974956967]
L001669 | [Train Acc: 0.6312752452394691]
L001670 | [Dev Loss: 1.2525]
L001671 | [Dev F1: 0.4380593778653207]
L001672 | [Dev Acc: 0.4582651391162029]
L001673 | 
L001674-L001689 | [REDACTED: batch progress and internal diagnostics]
L001690 | [Epoch 66] [Time: 2.71]
L001691 | [Train Loss: 0.8224]
L001692 | [Train F1: 0.6265053891899423]
L001693 | [Train Acc: 0.6306982111944605]
L001694 | [Dev Loss: 1.1811]
L001695 | [Dev F1: 0.44658938398111037]
L001696 | [Dev Acc: 0.46153846153846156]
L001697 | 
L001698-L001713 | [REDACTED: batch progress and internal diagnostics]
L001714 | [Epoch 67] [Time: 2.73]
L001715 | [Train Loss: 0.8232]
L001716 | [Train F1: 0.6376041556105481]
L001717 | [Train Acc: 0.6418542027312945]
L001718 | [Dev Loss: 1.3112]
L001719 | [Dev F1: 0.3937007998398718]
L001720 | [Dev Acc: 0.4353518821603928]
L001721 | 
L001722-L001737 | [REDACTED: batch progress and internal diagnostics]
L001738 | [Epoch 68] [Time: 2.75]
L001739 | [Train Loss: 0.8142]
L001740 | [Train F1: 0.6401704445354127]
L001741 | [Train Acc: 0.6433929601846509]
L001742 | [Dev Loss: 1.1906]
L001743 | [Dev F1: 0.4391456164126491]
L001744 | [Dev Acc: 0.45990180032733224]
L001745 | 
L001746-L001761 | [REDACTED: batch progress and internal diagnostics]
L001762 | [Epoch 69] [Time: 2.63]
L001763 | [Train Loss: 0.8087]
L001764 | [Train F1: 0.640739493090779]
L001765 | [Train Acc: 0.6433929601846509]
L001766 | [Dev Loss: 1.2373]
L001767 | [Dev F1: 0.4146922059335426]
L001768 | [Dev Acc: 0.4746317512274959]
L001769 | 
L001770-L001785 | [REDACTED: batch progress and internal diagnostics]
L001786 | [Epoch 70] [Time: 2.80]
L001787 | [Train Loss: 0.8122]
L001788 | [Train F1: 0.6417470748694316]
L001789 | [Train Acc: 0.645893441046355]
L001790 | [Dev Loss: 1.3328]
L001791 | [Dev F1: 0.4152972927472357]
L001792 | [Dev Acc: 0.4386252045826514]
L001793 | 
L001794-L001809 | [REDACTED: batch progress and internal diagnostics]
L001810 | [Epoch 71] [Time: 2.75]
L001811 | [Train Loss: 0.8131]
L001812 | [Train F1: 0.6414917021194676]
L001813 | [Train Acc: 0.6428159261396422]
L001814 | [Dev Loss: 1.2466]
L001815 | [Dev F1: 0.4176472488923116]
L001816 | [Dev Acc: 0.4533551554828151]
L001817 | 
L001818-L001833 | [REDACTED: batch progress and internal diagnostics]
L001834 | [Epoch 72] [Time: 2.64]
L001835 | [Train Loss: 0.8069]
L001836 | [Train F1: 0.6346962674331771]
L001837 | [Train Acc: 0.6389690325062513]
L001838 | [Dev Loss: 1.2016]
L001839 | [Dev F1: 0.3896130297771215]
L001840 | [Dev Acc: 0.45662847790507366]
L001841 | 
L001842-L001857 | [REDACTED: batch progress and internal diagnostics]
L001858 | [Epoch 73] [Time: 2.77]
L001859 | [Train Loss: 0.7922]
L001860 | [Train F1: 0.6427470135724543]
L001861 | [Train Acc: 0.6485862665897288]
L001862 | [Dev Loss: 1.2141]
L001863 | [Dev F1: 0.4331676119320625]
L001864 | [Dev Acc: 0.4500818330605565]
L001865 | 
L001866-L001881 | [REDACTED: batch progress and internal diagnostics]
L001882 | [Epoch 74] [Time: 2.67]
L001883 | [Train Loss: 0.7998]
L001884 | [Train F1: 0.6527538489289558]
L001885 | [Train Acc: 0.6543566070398154]
L001886 | [Dev Loss: 1.2719]
L001887 | [Dev F1: 0.392386653637111]
L001888 | [Dev Acc: 0.45499181669394434]
L001889 | 
L001890-L001905 | [REDACTED: batch progress and internal diagnostics]
L001906 | [Epoch 75] [Time: 2.58]
L001907 | [Train Loss: 0.7902]
L001908 | [Train F1: 0.6462027160567333]
L001909 | [Train Acc: 0.6476245431813811]
L001910 | [Dev Loss: 1.2185]
L001911 | [Dev F1: 0.4598406374404391]
L001912 | [Dev Acc: 0.4746317512274959]
L001913 | 
L001914-L001929 | [REDACTED: batch progress and internal diagnostics]
L001930 | [Epoch 76] [Time: 2.60]
L001931 | [Train Loss: 0.7826]
L001932 | [Train F1: 0.6501877906906569]
L001933 | [Train Acc: 0.6528178495864589]
L001934 | [Dev Loss: 1.2184]
L001935 | [Dev F1: 0.4106158429367154]
L001936 | [Dev Acc: 0.45499181669394434]
L001937 | 
L001938-L001953 | [REDACTED: batch progress and internal diagnostics]
L001954 | [Epoch 77] [Time: 2.64]
L001955 | [Train Loss: 0.7847]
L001956 | [Train F1: 0.642469640966553]
L001957 | [Train Acc: 0.6457010963646855]
L001958 | [Dev Loss: 1.2605]
L001959 | [Dev F1: 0.43024828309482177]
L001960 | [Dev Acc: 0.4779050736497545]
L001961 | 
L001962-L001977 | [REDACTED: batch progress and internal diagnostics]
L001978 | [Epoch 78] [Time: 2.76]
L001979 | [Train Loss: 0.7793]
L001980 | [Train F1: 0.6533974873523295]
L001981 | [Train Acc: 0.6543566070398154]
L001982 | [Dev Loss: 1.2172]
L001983 | [Dev F1: 0.46227855191289435]
L001984 | [Dev Acc: 0.4762684124386252]
L001985 | 
L001986-L002001 | [REDACTED: batch progress and internal diagnostics]
L002002 | [Epoch 79] [Time: 2.76]
L002003 | [Train Loss: 0.7796]
L002004 | [Train F1: 0.6503806330199731]
L002005 | [Train Acc: 0.6533948836314676]
L002006 | [Dev Loss: 1.236]
L002007 | [Dev F1: 0.4173504179382167]
L002008 | [Dev Acc: 0.4779050736497545]
L002009 | 
L002010-L002025 | [REDACTED: batch progress and internal diagnostics]
L002026 | [Epoch 80] [Time: 2.63]
L002027 | [Train Loss: 0.78]
L002028 | [Train F1: 0.6494518525714092]
L002029 | [Train Acc: 0.651471436814772]
L002030 | [Dev Loss: 1.1972]
L002031 | [Dev F1: 0.45475443317548003]
L002032 | [Dev Acc: 0.4762684124386252]
L002033 | 
L002034-L002049 | [REDACTED: batch progress and internal diagnostics]
L002050 | [Epoch 81] [Time: 2.84]
L002051 | [Train Loss: 0.774]
L002052 | [Train F1: 0.6533514478434194]
L002053 | [Train Acc: 0.6568570879015195]
L002054 | [Dev Loss: 1.2275]
L002055 | [Dev F1: 0.4571767107003318]
L002056 | [Dev Acc: 0.4746317512274959]
L002057 | 
L002058-L002073 | [REDACTED: batch progress and internal diagnostics]
L002074 | [Epoch 82] [Time: 2.64]
L002075 | [Train Loss: 0.7688]
L002076 | [Train F1: 0.6565475294194455]
L002077 | [Train Acc: 0.6583958453548759]
L002078 | [Dev Loss: 1.1793]
L002079 | [Dev F1: 0.4710210319712113]
L002080 | [Dev Acc: 0.48936170212765956]
L002081 | 
L002082-L002097 | [REDACTED: batch progress and internal diagnostics]
L002098 | [Epoch 83] [Time: 2.72]
L002099 | [Train Loss: 0.7739]
L002100 | [Train F1: 0.6542009730428007]
L002101 | [Train Acc: 0.6553183304481631]
L002102 | [Dev Loss: 1.2955]
L002103 | [Dev F1: 0.41447092416954906]
L002104 | [Dev Acc: 0.45171849427168576]
L002105 | 
L002106-L002121 | [REDACTED: batch progress and internal diagnostics]
L002122 | [Epoch 84] [Time: 2.73]
L002123 | [Train Loss: 0.7791]
L002124 | [Train F1: 0.6577242972271395]
L002125 | [Train Acc: 0.660511636853241]
L002126 | [Dev Loss: 1.1925]
L002127 | [Dev F1: 0.4535211584277153]
L002128 | [Dev Acc: 0.4779050736497545]
L002129 | 
L002130-L002145 | [REDACTED: batch progress and internal diagnostics]
L002146 | [Epoch 85] [Time: 2.68]
L002147 | [Train Loss: 0.7625]
L002148 | [Train F1: 0.6536730016795796]
L002149 | [Train Acc: 0.6560877091748413]
L002150 | [Dev Loss: 1.2529]
L002151 | [Dev F1: 0.4425093994891821]
L002152 | [Dev Acc: 0.46317512274959083]
L002153 | 
L002154-L002169 | [REDACTED: batch progress and internal diagnostics]
L002170 | [Epoch 86] [Time: 2.83]
L002171 | [Train Loss: 0.7736]
L002172 | [Train F1: 0.650388240360568]
L002173 | [Train Acc: 0.6526255049047894]
L002174 | [Dev Loss: 1.1875]
L002175 | [Dev F1: 0.42654386033145186]
L002176 | [Dev Acc: 0.4533551554828151]
L002177 | 
L002178-L002193 | [REDACTED: batch progress and internal diagnostics]
L002194 | [Epoch 87] [Time: 2.61]
L002195 | [Train Loss: 0.7717]
L002196 | [Train F1: 0.6549388995795938]
L002197 | [Train Acc: 0.6576264666281977]
L002198 | [Dev Loss: 1.264]
L002199 | [Dev F1: 0.43971932486162346]
L002200 | [Dev Acc: 0.47299509001636664]
L002201 | 
L002202-L002217 | [REDACTED: batch progress and internal diagnostics]
L002218 | [Epoch 88] [Time: 2.74]
L002219 | [Train Loss: 0.7682]
L002220 | [Train F1: 0.6660789928866864]
L002221 | [Train Acc: 0.6674360453933449]
L002222 | [Dev Loss: 1.212]
L002223 | [Dev F1: 0.44633775717191637]
L002224 | [Dev Acc: 0.46317512274959083]
L002225 | 
L002226-L002241 | [REDACTED: batch progress and internal diagnostics]
L002242 | [Epoch 89] [Time: 2.66]
L002243 | [Train Loss: 0.765]
L002244 | [Train F1: 0.654538679367804]
L002245 | [Train Acc: 0.6557030198115023]
L002246 | [Dev Loss: 1.2011]
L002247 | [Dev F1: 0.4630059764338578]
L002248 | [Dev Acc: 0.4844517184942717]
L002249 | 
L002250-L002265 | [REDACTED: batch progress and internal diagnostics]
L002266 | [Epoch 90] [Time: 2.71]
L002267 | [Train Loss: 0.768]
L002268 | [Train F1: 0.652748750325648]
L002269 | [Train Acc: 0.6562800538565109]
L002270 | [Dev Loss: 1.2642]
L002271 | [Dev F1: 0.42306469747247927]
L002272 | [Dev Acc: 0.4451718494271686]
L002273 | 
L002274-L002289 | [REDACTED: batch progress and internal diagnostics]
L002290 | [Epoch 91] [Time: 2.82]
L002291 | [Train Loss: 0.7676]
L002292 | [Train F1: 0.6598053606508237]
L002293 | [Train Acc: 0.6612810155799193]
L002294 | [Dev Loss: 1.1972]
L002295 | [Dev F1: 0.4242945626006238]
L002296 | [Dev Acc: 0.4582651391162029]
L002297 | 
L002298-L002313 | [REDACTED: batch progress and internal diagnostics]
L002314 | [Epoch 92] [Time: 2.62]
L002315 | [Train Loss: 0.7756]
L002316 | [Train F1: 0.6518570062538999]
L002317 | [Train Acc: 0.6535872283131371]
L002318 | [Dev Loss: 1.2119]
L002319 | [Dev F1: 0.4193867805462379]
L002320 | [Dev Acc: 0.4451718494271686]
L002321 | 
L002322-L002337 | [REDACTED: batch progress and internal diagnostics]
L002338 | [Epoch 93] [Time: 2.78]
L002339 | [Train Loss: 0.7712]
L002340 | [Train F1: 0.6521328879574144]
L002341 | [Train Acc: 0.6560877091748413]
L002342 | [Dev Loss: 1.2776]
L002343 | [Dev F1: 0.41098821285752707]
L002344 | [Dev Acc: 0.44353518821603927]
L002345 | 
L002346-L002361 | [REDACTED: batch progress and internal diagnostics]
L002362 | [Epoch 94] [Time: 2.60]
L002363 | [Train Loss: 0.76]
L002364 | [Train F1: 0.6627072728380953]
L002365 | [Train Acc: 0.662627428351606]
L002366 | [Dev Loss: 1.2122]
L002367 | [Dev F1: 0.4703380543553514]
L002368 | [Dev Acc: 0.4909983633387889]
L002369 | 
L002370-L002385 | [REDACTED: batch progress and internal diagnostics]
L002386 | [Epoch 95] [Time: 2.82]
L002387 | [Train Loss: 0.7639]
L002388 | [Train F1: 0.6555270650578819]
L002389 | [Train Acc: 0.6599346028082324]
L002390 | [Dev Loss: 1.202]
L002391 | [Dev F1: 0.43968209628915006]
L002392 | [Dev Acc: 0.47299509001636664]
L002393 | 
L002394-L002409 | [REDACTED: batch progress and internal diagnostics]
L002410 | [Epoch 96] [Time: 2.84]
L002411 | [Train Loss: 0.7719]
L002412 | [Train F1: 0.6614566953350165]
L002413 | [Train Acc: 0.6618580496249279]
L002414 | [Dev Loss: 1.1973]
L002415 | [Dev F1: 0.46971690183851283]
L002416 | [Dev Acc: 0.4909983633387889]
L002417 | 
L002418-L002433 | [REDACTED: batch progress and internal diagnostics]
L002434 | [Epoch 97] [Time: 2.55]
L002435 | [Train Loss: 0.7588]
L002436 | [Train F1: 0.6577251937522253]
L002437 | [Train Acc: 0.6614733602615888]
L002438 | [Dev Loss: 1.3017]
L002439 | [Dev F1: 0.40517290764331415]
L002440 | [Dev Acc: 0.44844517184942717]
L002441 | 
L002442-L002457 | [REDACTED: batch progress and internal diagnostics]
L002458 | [Epoch 98] [Time: 2.68]
L002459 | [Train Loss: 0.7581]
L002460 | [Train F1: 0.6608316491871753]
L002461 | [Train Acc: 0.6616657049432583]
L002462 | [Dev Loss: 1.1687]
L002463 | [Dev F1: 0.4603453777322227]
L002464 | [Dev Acc: 0.486088379705401]
L002465 | 
L002466-L002481 | [REDACTED: batch progress and internal diagnostics]
L002482 | [Epoch 99] [Time: 2.71]
L002483 | [Train Loss: 0.7571]
L002484 | [Train F1: 0.6628618912722289]
L002485 | [Train Acc: 0.6641661858049625]
L002486 | [Dev Loss: 1.2241]
L002487 | [Dev F1: 0.4545513371006416]
L002488 | [Dev Acc: 0.4828150572831424]
L002489 | 
L002490-L002505 | [REDACTED: batch progress and internal diagnostics]
L002506 | [Epoch 100] [Time: 2.67]
L002507 | [Train Loss: 0.7571]
L002508 | [Train F1: 0.6605643457221271]
L002509 | [Train Acc: 0.6630121177149452]
L002510 | [Dev Loss: 1.2556]
L002511 | [Dev F1: 0.43015337319522357]
L002512 | [Dev Acc: 0.44680851063829785]
L002513 | 
L002514-L002529 | [REDACTED: batch progress and internal diagnostics]
L002530 | [Epoch 101] [Time: 2.59]
L002531 | [Train Loss: 0.7579]
L002532 | [Train F1: 0.6609894599071944]
L002533 | [Train Acc: 0.6632044623966147]
L002534 | [Dev Loss: 1.2153]
L002535 | [Dev F1: 0.429898939683074]
L002536 | [Dev Acc: 0.48117839607201307]
L002537 | 
L002538-L002553 | [REDACTED: batch progress and internal diagnostics]
L002554 | [Epoch 102] [Time: 2.49]
L002555 | [Train Loss: 0.7538]
L002556 | [Train F1: 0.6568276595653534]
L002557 | [Train Acc: 0.6572417772648587]
L002558 | [Dev Loss: 1.224]
L002559 | [Dev F1: 0.42999654232115897]
L002560 | [Dev Acc: 0.4582651391162029]
L002561 | 
L002562-L002577 | [REDACTED: batch progress and internal diagnostics]
L002578 | [Epoch 103] [Time: 2.61]
L002579 | [Train Loss: 0.7518]
L002580 | [Train F1: 0.6562371957087132]
L002581 | [Train Acc: 0.660511636853241]
L002582 | [Dev Loss: 1.3242]
L002583 | [Dev F1: 0.42237679932231764]
L002584 | [Dev Acc: 0.4779050736497545]
L002585 | 
L002586-L002601 | [REDACTED: batch progress and internal diagnostics]
L002602 | [Epoch 104] [Time: 2.47]
L002603 | [Train Loss: 0.7644]
L002604 | [Train F1: 0.663756544374792]
L002605 | [Train Acc: 0.6637814964416234]
L002606 | [Dev Loss: 1.2295]
L002607 | [Dev F1: 0.4496138129946682]
L002608 | [Dev Acc: 0.4746317512274959]
L002609 | 
L002610-L002625 | [REDACTED: batch progress and internal diagnostics]
L002626 | [Epoch 105] [Time: 2.72]
L002627 | [Train Loss: 0.763]
L002628 | [Train F1: 0.6596989422865223]
L002629 | [Train Acc: 0.6635891517599538]
L002630 | [Dev Loss: 1.3005]
L002631 | [Dev F1: 0.3963444345832561]
L002632 | [Dev Acc: 0.4451718494271686]
L002633 | 
L002634-L002649 | [REDACTED: batch progress and internal diagnostics]
L002650 | [Epoch 106] [Time: 2.66]
L002651 | [Train Loss: 0.7647]
L002652 | [Train F1: 0.6557590190936129]
L002653 | [Train Acc: 0.6572417772648587]
L002654 | [Dev Loss: 1.1739]
L002655 | [Dev F1: 0.4793671692494776]
L002656 | [Dev Acc: 0.49918166939443537]
L002657 | 
L002658-L002673 | [REDACTED: batch progress and internal diagnostics]
L002674 | [Epoch 107] [Time: 2.73]
L002675 | [Train Loss: 0.7692]
L002676 | [Train F1: 0.6485516425208879]
L002677 | [Train Acc: 0.6545489517214849]
L002678 | [Dev Loss: 1.2254]
L002679 | [Dev F1: 0.461932717819457]
L002680 | [Dev Acc: 0.486088379705401]
L002681 | 
L002682-L002697 | [REDACTED: batch progress and internal diagnostics]
L002698 | [Epoch 108] [Time: 2.55]
L002699 | [Train Loss: 0.766]
L002700 | [Train F1: 0.6614077803047158]
L002701 | [Train Acc: 0.6620503943065974]
L002702 | [Dev Loss: 1.194]
L002703 | [Dev F1: 0.4607487396611932]
L002704 | [Dev Acc: 0.4779050736497545]
L002705 | 
L002706-L002721 | [REDACTED: batch progress and internal diagnostics]
L002722 | [Epoch 109] [Time: 2.55]
L002723 | [Train Loss: 0.7555]
L002724 | [Train F1: 0.6616227221768087]
L002725 | [Train Acc: 0.6639738411232929]
L002726 | [Dev Loss: 1.1823]
L002727 | [Dev F1: 0.451792599799218]
L002728 | [Dev Acc: 0.49263502454991814]
L002729 | 
L002730-L002745 | [REDACTED: batch progress and internal diagnostics]
L002746 | [Epoch 110] [Time: 2.63]
L002747 | [Train Loss: 0.7471]
L002748 | [Train F1: 0.6604132013990492]
L002749 | [Train Acc: 0.6628197730332757]
L002750 | [Dev Loss: 1.2498]
L002751 | [Dev F1: 0.44297077763946335]
L002752 | [Dev Acc: 0.4664484451718494]
L002753 | 
L002754-L002769 | [REDACTED: batch progress and internal diagnostics]
L002770 | [Epoch 111] [Time: 2.63]
L002771 | [Train Loss: 0.7427]
L002772 | [Train F1: 0.666604759076303]
L002773 | [Train Acc: 0.6687824581650318]
L002774 | [Dev Loss: 1.2482]
L002775 | [Dev F1: 0.4453950917449887]
L002776 | [Dev Acc: 0.4713584288052373]
L002777 | 
L002778-L002793 | [REDACTED: batch progress and internal diagnostics]
L002794 | [Epoch 112] [Time: 2.54]
L002795 | [Train Loss: 0.7313]
L002796 | [Train F1: 0.6674389535161693]
L002797 | [Train Acc: 0.6699365262550491]
L002798 | [Dev Loss: 1.2195]
L002799 | [Dev F1: 0.44413568352691035]
L002800 | [Dev Acc: 0.4779050736497545]
L002801 | 
L002802-L002817 | [REDACTED: batch progress and internal diagnostics]
L002818 | [Epoch 113] [Time: 2.64]
L002819 | [Train Loss: 0.736]
L002820 | [Train F1: 0.6746980883540521]
L002821 | [Train Acc: 0.6751298326601269]
L002822 | [Dev Loss: 1.2223]
L002823 | [Dev F1: 0.45281758169242153]
L002824 | [Dev Acc: 0.4779050736497545]
L002825 | 
L002826-L002841 | [REDACTED: batch progress and internal diagnostics]
L002842 | [Epoch 114] [Time: 2.78]
L002843 | [Train Loss: 0.7338]
L002844 | [Train F1: 0.6702606618026169]
L002845 | [Train Acc: 0.6728216964800924]
L002846 | [Dev Loss: 1.2323]
L002847 | [Dev F1: 0.45541791475981735]
L002848 | [Dev Acc: 0.4762684124386252]
L002849 | 
L002850-L002865 | [REDACTED: batch progress and internal diagnostics]
L002866 | [Epoch 115] [Time: 2.64]
L002867 | [Train Loss: 0.7334]
L002868 | [Train F1: 0.6691735509369406]
L002869 | [Train Acc: 0.6708982496633968]
L002870 | [Dev Loss: 1.2197]
L002871 | [Dev F1: 0.47039480110424325]
L002872 | [Dev Acc: 0.486088379705401]
L002873 | 
L002874-L002889 | [REDACTED: batch progress and internal diagnostics]
L002890 | [Epoch 116] [Time: 2.66]
L002891 | [Train Loss: 0.7314]
L002892 | [Train F1: 0.6712579759743968]
L002893 | [Train Acc: 0.6714752837084055]
L002894 | [Dev Loss: 1.2613]
L002895 | [Dev F1: 0.470699547915468]
L002896 | [Dev Acc: 0.502454991816694]
L002897 | 
L002898-L002913 | [REDACTED: batch progress and internal diagnostics]
L002914 | [Epoch 117] [Time: 2.57]
L002915 | [Train Loss: 0.7318]
L002916 | [Train F1: 0.6714800684554112]
L002917 | [Train Acc: 0.6741681092517792]
L002918 | [Dev Loss: 1.2542]
L002919 | [Dev F1: 0.4241489031450182]
L002920 | [Dev Acc: 0.4713584288052373]
L002921 | 
L002922-L002937 | [REDACTED: batch progress and internal diagnostics]
L002938 | [Epoch 118] [Time: 2.49]
L002939 | [Train Loss: 0.7341]
L002940 | [Train F1: 0.6759684705789626]
L002941 | [Train Acc: 0.6762839007501442]
L002942 | [Dev Loss: 1.2137]
L002943 | [Dev F1: 0.454280203670432]
L002944 | [Dev Acc: 0.4795417348608838]
L002945 | 
L002946-L002961 | [REDACTED: batch progress and internal diagnostics]
L002962 | [Epoch 119] [Time: 2.64]
L002963 | [Train Loss: 0.7357]
L002964 | [Train F1: 0.6743831651399402]
L002965 | [Train Acc: 0.677245624158492]
L002966 | [Dev Loss: 1.3645]
L002967 | [Dev F1: 0.4476331480456939]
L002968 | [Dev Acc: 0.469721767594108]
L002969 | 
L002970-L002985 | [REDACTED: batch progress and internal diagnostics]
L002986 | [Epoch 120] [Time: 2.56]
L002987 | [Train Loss: 0.7274]
L002988 | [Train F1: 0.6679813658711028]
L002989 | [Train Acc: 0.6699365262550491]
L002990 | [Dev Loss: 1.1847]
L002991 | [Dev F1: 0.45650202948821517]
L002992 | [Dev Acc: 0.48117839607201307]
L002993 | 
L002994-L003009 | [REDACTED: batch progress and internal diagnostics]
L003010 | [Epoch 121] [Time: 2.74]
L003011 | [Train Loss: 0.7246]
L003012 | [Train F1: 0.6772825691121585]
L003013 | [Train Acc: 0.6782073475668398]
L003014 | [Dev Loss: 1.274]
L003015 | [Dev F1: 0.42678954136747305]
L003016 | [Dev Acc: 0.45499181669394434]
L003017 | 
L003018-L003033 | [REDACTED: batch progress and internal diagnostics]
L003034 | [Epoch 122] [Time: 2.65]
L003035 | [Train Loss: 0.7269]
L003036 | [Train F1: 0.6803007001964013]
L003037 | [Train Acc: 0.6810925177918831]
L003038 | [Dev Loss: 1.1817]
L003039 | [Dev F1: 0.46290674148598815]
L003040 | [Dev Acc: 0.48117839607201307]
L003041 | 
L003042-L003057 | [REDACTED: batch progress and internal diagnostics]
L003058 | [Epoch 123] [Time: 2.70]
L003059 | [Train Loss: 0.7341]
L003060 | [Train F1: 0.6752352204302495]
L003061 | [Train Acc: 0.6778226582035006]
L003062 | [Dev Loss: 1.2431]
L003063 | [Dev F1: 0.4220747898042048]
L003064 | [Dev Acc: 0.45499181669394434]
L003065 | 
L003066-L003081 | [REDACTED: batch progress and internal diagnostics]
L003082 | [Epoch 124] [Time: 2.72]
L003083 | [Train Loss: 0.7211]
L003084 | [Train F1: 0.6811010707837819]
L003085 | [Train Acc: 0.68243893056357]
L003086 | [Dev Loss: 1.2309]
L003087 | [Dev F1: 0.4722824125912905]
L003088 | [Dev Acc: 0.4844517184942717]
L003089 | 
L003090-L003105 | [REDACTED: batch progress and internal diagnostics]
L003106 | [Epoch 125] [Time: 2.66]
L003107 | [Train Loss: 0.7203]
L003108 | [Train F1: 0.6775323901788896]
L003109 | [Train Acc: 0.6783996922485094]
L003110 | [Dev Loss: 1.2663]
L003111 | [Dev F1: 0.4488278889477477]
L003112 | [Dev Acc: 0.4664484451718494]
L003113 | 
L003114-L003129 | [REDACTED: batch progress and internal diagnostics]
L003130 | [Epoch 126] [Time: 2.58]
L003131 | [Train Loss: 0.7166]
L003132 | [Train F1: 0.677780627646849]
L003133 | [Train Acc: 0.6799384497018658]
L003134 | [Dev Loss: 1.2557]
L003135 | [Dev F1: 0.4756688590566247]
L003136 | [Dev Acc: 0.49263502454991814]
L003137 | 
L003138-L003153 | [REDACTED: batch progress and internal diagnostics]
L003154 | [Epoch 127] [Time: 2.80]
L003155 | [Train Loss: 0.7144]
L003156 | [Train F1: 0.6774901784121707]
L003157 | [Train Acc: 0.6787843816118484]
L003158 | [Dev Loss: 1.2799]
L003159 | [Dev F1: 0.4395440824537369]
L003160 | [Dev Acc: 0.46153846153846156]
L003161 | 
L003162-L003177 | [REDACTED: batch progress and internal diagnostics]
L003178 | [Epoch 128] [Time: 2.54]
L003179 | [Train Loss: 0.715]
L003180 | [Train F1: 0.6778357712285724]
L003181 | [Train Acc: 0.678976726293518]
L003182 | [Dev Loss: 1.2392]
L003183 | [Dev F1: 0.45632412254643373]
L003184 | [Dev Acc: 0.4746317512274959]
L003185 | 
L003186-L003201 | [REDACTED: batch progress and internal diagnostics]
L003202 | [Epoch 129] [Time: 2.59]
L003203 | [Train Loss: 0.7189]
L003204 | [Train F1: 0.6817159208487558]
L003205 | [Train Acc: 0.682823619926909]
L003206 | [Dev Loss: 1.2438]
L003207 | [Dev F1: 0.44231076547123904]
L003208 | [Dev Acc: 0.46808510638297873]
L003209 | 
L003210-L003225 | [REDACTED: batch progress and internal diagnostics]
L003226 | [Epoch 130] [Time: 2.61]
L003227 | [Train Loss: 0.7241]
L003228 | [Train F1: 0.6753408831865167]
L003229 | [Train Acc: 0.6782073475668398]
L003230 | [Dev Loss: 1.2484]
L003231 | [Dev F1: 0.4327131050277633]
L003232 | [Dev Acc: 0.4533551554828151]
L003233 | 
L003234-L003249 | [REDACTED: batch progress and internal diagnostics]
L003250 | [Epoch 131] [Time: 2.71]
L003251 | [Train Loss: 0.7154]
L003252 | [Train F1: 0.6784812214566021]
L003253 | [Train Acc: 0.679361415656857]
L003254 | [Dev Loss: 1.2376]
L003255 | [Dev F1: 0.4643109527795002]
L003256 | [Dev Acc: 0.4779050736497545]
L003257 | 
L003258-L003273 | [REDACTED: batch progress and internal diagnostics]
L003274 | [Epoch 132] [Time: 2.70]
L003275 | [Train Loss: 0.714]
L003276 | [Train F1: 0.679821742073603]
L003277 | [Train Acc: 0.6814772071552222]
L003278 | [Dev Loss: 1.2228]
L003279 | [Dev F1: 0.4680371538917823]
L003280 | [Dev Acc: 0.4779050736497545]
L003281 | 
L003282-L003297 | [REDACTED: batch progress and internal diagnostics]
L003298 | [Epoch 133] [Time: 2.69]
L003299 | [Train Loss: 0.7137]
L003300 | [Train F1: 0.6820015279999572]
L003301 | [Train Acc: 0.6816695518368917]
L003302 | [Dev Loss: 1.2502]
L003303 | [Dev F1: 0.45031000043428054]
L003304 | [Dev Acc: 0.469721767594108]
L003305 | 
L003306-L003321 | [REDACTED: batch progress and internal diagnostics]
L003322 | [Epoch 134] [Time: 2.57]
L003323 | [Train Loss: 0.7263]
L003324 | [Train F1: 0.6708527923235249]
L003325 | [Train Acc: 0.6745527986151183]
L003326 | [Dev Loss: 1.225]
L003327 | [Dev F1: 0.4575123098057094]
L003328 | [Dev Acc: 0.4746317512274959]
L003329 | 
L003330-L003345 | [REDACTED: batch progress and internal diagnostics]
L003346 | [Epoch 135] [Time: 2.67]
L003347 | [Train Loss: 0.7308]
L003348 | [Train F1: 0.6753302734750685]
L003349 | [Train Acc: 0.6755145220234661]
L003350 | [Dev Loss: 1.2506]
L003351 | [Dev F1: 0.4398372419132166]
L003352 | [Dev Acc: 0.4713584288052373]
L003353 | 
L003354-L003369 | [REDACTED: batch progress and internal diagnostics]
L003370 | [Epoch 136] [Time: 2.59]
L003371 | [Train Loss: 0.7229]
L003372 | [Train F1: 0.6843335433042936]
L003373 | [Train Acc: 0.6843623773802654]
L003374 | [Dev Loss: 1.2747]
L003375 | [Dev F1: 0.44012088904114466]
L003376 | [Dev Acc: 0.46153846153846156]
L003377 | 
L003378-L003393 | [REDACTED: batch progress and internal diagnostics]
L003394 | [Epoch 137] [Time: 2.62]
L003395 | [Train Loss: 0.7204]
L003396 | [Train F1: 0.6777016585059613]
L003397 | [Train Acc: 0.6812848624735526]
L003398 | [Dev Loss: 1.2163]
L003399 | [Dev F1: 0.44691267105960314]
L003400 | [Dev Acc: 0.469721767594108]
L003401 | 
L003402-L003417 | [REDACTED: batch progress and internal diagnostics]
L003418 | [Epoch 138] [Time: 2.57]
L003419 | [Train Loss: 0.729]
L003420 | [Train F1: 0.6828747591836489]
L003421 | [Train Acc: 0.6832083092902481]
L003422 | [Dev Loss: 1.2819]
L003423 | [Dev F1: 0.4695025909097986]
L003424 | [Dev Acc: 0.4909983633387889]
L003425 | 
L003426-L003441 | [REDACTED: batch progress and internal diagnostics]
L003442 | [Epoch 139] [Time: 2.48]
L003443 | [Train Loss: 0.7146]
L003444 | [Train F1: 0.680813571966098]
L003445 | [Train Acc: 0.6820542412002308]
L003446 | [Dev Loss: 1.2162]
L003447 | [Dev F1: 0.4464903188549089]
L003448 | [Dev Acc: 0.46808510638297873]
L003449 | 
L003450-L003465 | [REDACTED: batch progress and internal diagnostics]
L003466 | [Epoch 140] [Time: 2.65]
L003467 | [Train Loss: 0.7124]
L003468 | [Train F1: 0.6793247893750612]
L003469 | [Train Acc: 0.6820542412002308]
L003470 | [Dev Loss: 1.2125]
L003471 | [Dev F1: 0.46059704281855224]
L003472 | [Dev Acc: 0.4828150572831424]
L003473 | 
L003474-L003489 | [REDACTED: batch progress and internal diagnostics]
L003490 | [Epoch 141] [Time: 2.65]
L003491 | [Train Loss: 0.7035]
L003492 | [Train F1: 0.6858952560980118]
L003493 | [Train Acc: 0.6862858241969609]
L003494 | [Dev Loss: 1.2104]
L003495 | [Dev F1: 0.435134706257702]
L003496 | [Dev Acc: 0.46317512274959083]
L003497 | 
L003498-L003513 | [REDACTED: batch progress and internal diagnostics]
L003514 | [Epoch 142] [Time: 2.49]
L003515 | [Train Loss: 0.7049]
L003516 | [Train F1: 0.6857388171565707]
L003517 | [Train Acc: 0.6885939603769956]
L003518 | [Dev Loss: 1.286]
L003519 | [Dev F1: 0.44793091159886844]
L003520 | [Dev Acc: 0.46481178396072015]
L003521 | 
L003522-L003537 | [REDACTED: batch progress and internal diagnostics]
L003538 | [Epoch 143] [Time: 2.61]
L003539 | [Train Loss: 0.7027]
L003540 | [Train F1: 0.6852444599269325]
L003541 | [Train Acc: 0.6859011348336218]
L003542 | [Dev Loss: 1.2796]
L003543 | [Dev F1: 0.45011340538088057]
L003544 | [Dev Acc: 0.46808510638297873]
L003545 | 
L003546-L003561 | [REDACTED: batch progress and internal diagnostics]
L003562 | [Epoch 144] [Time: 2.53]
L003563 | [Train Loss: 0.6994]
L003564 | [Train F1: 0.6901365132260421]
L003565 | [Train Acc: 0.6918638199653779]
L003566 | [Dev Loss: 1.2322]
L003567 | [Dev F1: 0.4543825549613338]
L003568 | [Dev Acc: 0.4779050736497545]
L003569 | 
L003570-L003585 | [REDACTED: batch progress and internal diagnostics]
L003586 | [Epoch 145] [Time: 2.68]
L003587 | [Train Loss: 0.6899]
L003588 | [Train F1: 0.6902010816429454]
L003589 | [Train Acc: 0.6920561646470476]
L003590 | [Dev Loss: 1.2771]
L003591 | [Dev F1: 0.4447802049694163]
L003592 | [Dev Acc: 0.469721767594108]
L003593 | 
L003594-L003609 | [REDACTED: batch progress and internal diagnostics]
L003610 | [Epoch 146] [Time: 2.58]
L003611 | [Train Loss: 0.693]
L003612 | [Train F1: 0.690822065386751]
L003613 | [Train Acc: 0.6912867859203693]
L003614 | [Dev Loss: 1.1918]
L003615 | [Dev F1: 0.44520861171144166]
L003616 | [Dev Acc: 0.45990180032733224]
L003617 | Early stopping at epoch: 146
L003618 | Last model
L003619 |               precision    recall  f1-score   support
L003620 | 
L003621 |          hap     0.5079    0.4444    0.4741       144
L003622 |          sad     0.8166    0.5633    0.6667       245
L003623 |          neu     0.6056    0.5677    0.5860       384
L003624 |          ang     0.5741    0.5471    0.5602       170
L003625 |          exc     0.6567    0.8829    0.7532       299
L003626 |          fru     0.5099    0.5407    0.5248       381
L003627 | 
L003628 |     accuracy                         0.6057      1623
L003629 |    macro avg     0.6118    0.5910    0.5942      1623
L003630 | weighted avg     0.6124    0.6057    0.6020      1623
L003631 | 
L003632 | Best model at epoch: 106
L003633 | Best dev F1: 0.4793671692494776
L003634 |               precision    recall  f1-score   support
L003635 | 
L003636 |          hap     0.5115    0.4653    0.4873       144
L003637 |          sad     0.7449    0.7510    0.7480       245
L003638 |          neu     0.6186    0.5703    0.5935       384
L003639 |          ang     0.5444    0.5412    0.5428       170
L003640 |          exc     0.6718    0.8829    0.7630       299
L003641 |          fru     0.5927    0.5118    0.5493       381
L003642 | 
L003643 |     accuracy                         0.6291      1623
L003644 |    macro avg     0.6140    0.6204    0.6140      1623
L003645 | weighted avg     0.6241    0.6291    0.6229      1623
L003646 | 
L003647 | Best test F1: 0.622928865783864
L003648 | Best test Acc: 0.6290819470117067
L003649 | [SANITIZED] Saved checkpoint: [path and filename removed]
