# Redacted copy of an existing run log.
# run_id: G06-seed3
# dataset: IEMOCAP
# model: GCNet+AMBER
# imr: (0.7,0.5,0.3)
# seed_alias: seed3
# original_log_sha256: 1ba719e42a43dd25d2214abb5ce671a80d347761caf34b4d5b8896d19188f9a4
# source_record_status: ok
# source_record_process_return_code: 3221226505
# L numbers refer to source logical lines; REDACTED/SANITIZED text is editorial.
L000001-L000005 | [REDACTED: configuration or implementation details]
L000006 | [SANITIZED] FutureWarning: [dependency deprecation notice; implementation details removed]
L000007-L000068 | [REDACTED: configuration or implementation details]
L000069 | [SANITIZED] Seed alias: seed3
L000070 | [REDACTED: configuration or implementation details]
L000071 | 
L000072-L000073 | [REDACTED: batch progress and internal diagnostics]
L000074 | 
L000075-L000076 | [REDACTED: batch progress and internal diagnostics]
L000077 | 
L000078-L000079 | [REDACTED: batch progress and internal diagnostics]
L000080-L000083 | [REDACTED: configuration or implementation details]
L000084 | [SANITIZED] Seed alias: seed3
L000085-L000088 | [REDACTED: configuration or implementation details]
L000089 | 
L000090-L000105 | [REDACTED: batch progress and internal diagnostics]
L000106 | [Epoch 0] [Time: 3.15]
L000107 | [Train Loss: 1.6977]
L000108 | [Train F1: 0.26225122837289083]
L000109 | [Train Acc: 0.3291017503366032]
L000110 | [Dev Loss: 1.5973]
L000111 | [Dev F1: 0.25093575189045786]
L000112 | [Dev Acc: 0.3862520458265139]
L000113 | 
L000114-L000129 | [REDACTED: batch progress and internal diagnostics]
L000130 | [Epoch 1] [Time: 2.71]
L000131 | [Train Loss: 1.4396]
L000132 | [Train F1: 0.3283904769825667]
L000133 | [Train Acc: 0.454510482785151]
L000134 | [Dev Loss: 1.4027]
L000135 | [Dev F1: 0.2709902070112043]
L000136 | [Dev Acc: 0.41243862520458263]
L000137 | 
L000138-L000153 | [REDACTED: batch progress and internal diagnostics]
L000154 | [Epoch 2] [Time: 2.87]
L000155 | [Train Loss: 1.2895]
L000156 | [Train F1: 0.40226688141308575]
L000157 | [Train Acc: 0.47297557222542796]
L000158 | [Dev Loss: 1.4081]
L000159 | [Dev F1: 0.2876739981345036]
L000160 | [Dev Acc: 0.39279869067103107]
L000161 | 
L000162-L000177 | [REDACTED: batch progress and internal diagnostics]
L000178 | [Epoch 3] [Time: 2.61]
L000179 | [Train Loss: 1.1993]
L000180 | [Train F1: 0.4392381738110728]
L000181 | [Train Acc: 0.4856703212156184]
L000182 | [Dev Loss: 1.3864]
L000183 | [Dev F1: 0.35258701221166094]
L000184 | [Dev Acc: 0.3829787234042553]
L000185 | 
L000186-L000201 | [REDACTED: batch progress and internal diagnostics]
L000202 | [Epoch 4] [Time: 2.66]
L000203 | [Train Loss: 1.1654]
L000204 | [Train F1: 0.48042228806436865]
L000205 | [Train Acc: 0.5125985766493556]
L000206 | [Dev Loss: 1.3264]
L000207 | [Dev F1: 0.28549741531988765]
L000208 | [Dev Acc: 0.39279869067103107]
L000209 | 
L000210-L000225 | [REDACTED: batch progress and internal diagnostics]
L000226 | [Epoch 5] [Time: 2.67]
L000227 | [Train Loss: 1.1387]
L000228 | [Train F1: 0.5111545540794985]
L000229 | [Train Acc: 0.5347182150413541]
L000230 | [Dev Loss: 1.365]
L000231 | [Dev F1: 0.3632586408002969]
L000232 | [Dev Acc: 0.38461538461538464]
L000233 | 
L000234-L000249 | [REDACTED: batch progress and internal diagnostics]
L000250 | [Epoch 6] [Time: 2.67]
L000251 | [Train Loss: 1.1226]
L000252 | [Train F1: 0.5158769585352609]
L000253 | [Train Acc: 0.5283708405462589]
L000254 | [Dev Loss: 1.2986]
L000255 | [Dev F1: 0.2890517846064963]
L000256 | [Dev Acc: 0.397708674304419]
L000257 | 
L000258-L000273 | [REDACTED: batch progress and internal diagnostics]
L000274 | [Epoch 7] [Time: 2.77]
L000275 | [Train Loss: 1.0939]
L000276 | [Train F1: 0.5132999413960833]
L000277 | [Train Acc: 0.541642623581458]
L000278 | [Dev Loss: 1.3208]
L000279 | [Dev F1: 0.3616747070340889]
L000280 | [Dev Acc: 0.3944353518821604]
L000281 | 
L000282-L000297 | [REDACTED: batch progress and internal diagnostics]
L000298 | [Epoch 8] [Time: 2.82]
L000299 | [Train Loss: 1.0795]
L000300 | [Train F1: 0.5282775130342569]
L000301 | [Train Acc: 0.5370263512213888]
L000302 | [Dev Loss: 1.2782]
L000303 | [Dev F1: 0.3623139893491419]
L000304 | [Dev Acc: 0.4157119476268412]
L000305 | 
L000306-L000321 | [REDACTED: batch progress and internal diagnostics]
L000322 | [Epoch 9] [Time: 2.71]
L000323 | [Train Loss: 1.0604]
L000324 | [Train F1: 0.5415436733183351]
L000325 | [Train Acc: 0.5587613002500481]
L000326 | [Dev Loss: 1.2744]
L000327 | [Dev F1: 0.38580726214103434]
L000328 | [Dev Acc: 0.425531914893617]
L000329 | 
L000330-L000345 | [REDACTED: batch progress and internal diagnostics]
L000346 | [Epoch 10] [Time: 2.81]
L000347 | [Train Loss: 1.0404]
L000348 | [Train F1: 0.5490484993951671]
L000349 | [Train Acc: 0.5597230236583959]
L000350 | [Dev Loss: 1.277]
L000351 | [Dev F1: 0.3621178204883515]
L000352 | [Dev Acc: 0.43044189852700493]
L000353 | 
L000354-L000369 | [REDACTED: batch progress and internal diagnostics]
L000370 | [Epoch 11] [Time: 2.62]
L000371 | [Train Loss: 1.0199]
L000372 | [Train F1: 0.571592114602306]
L000373 | [Train Acc: 0.5808809386420466]
L000374 | [Dev Loss: 1.249]
L000375 | [Dev F1: 0.3788925220860714]
L000376 | [Dev Acc: 0.41898527004909986]
L000377 | 
L000378-L000393 | [REDACTED: batch progress and internal diagnostics]
L000394 | [Epoch 12] [Time: 2.75]
L000395 | [Train Loss: 1.0131]
L000396 | [Train F1: 0.5663725894259641]
L000397 | [Train Acc: 0.5801115599153683]
L000398 | [Dev Loss: 1.3031]
L000399 | [Dev F1: 0.38492248525203426]
L000400 | [Dev Acc: 0.41243862520458263]
L000401 | 
L000402-L000417 | [REDACTED: batch progress and internal diagnostics]
L000418 | [Epoch 13] [Time: 2.72]
L000419 | [Train Loss: 0.9996]
L000420 | [Train F1: 0.578231004400925]
L000421 | [Train Acc: 0.5860742450471245]
L000422 | [Dev Loss: 1.2152]
L000423 | [Dev F1: 0.38968021408342646]
L000424 | [Dev Acc: 0.4320785597381342]
L000425 | 
L000426-L000441 | [REDACTED: batch progress and internal diagnostics]
L000442 | [Epoch 14] [Time: 2.65]
L000443 | [Train Loss: 0.9977]
L000444 | [Train F1: 0.5724367914221883]
L000445 | [Train Acc: 0.5841507982304289]
L000446 | [Dev Loss: 1.3038]
L000447 | [Dev F1: 0.38774502523008847]
L000448 | [Dev Acc: 0.4288052373158756]
L000449 | 
L000450-L000465 | [REDACTED: batch progress and internal diagnostics]
L000466 | [Epoch 15] [Time: 2.73]
L000467 | [Train Loss: 0.9846]
L000468 | [Train F1: 0.584201439376845]
L000469 | [Train Acc: 0.5928063089055587]
L000470 | [Dev Loss: 1.3175]
L000471 | [Dev F1: 0.3248190279204755]
L000472 | [Dev Acc: 0.37315875613747956]
L000473 | 
L000474-L000489 | [REDACTED: batch progress and internal diagnostics]
L000490 | [Epoch 16] [Time: 2.68]
L000491 | [Train Loss: 0.9797]
L000492 | [Train F1: 0.5884812090357913]
L000493 | [Train Acc: 0.5972302365839585]
L000494 | [Dev Loss: 1.2452]
L000495 | [Dev F1: 0.3655446999598536]
L000496 | [Dev Acc: 0.4353518821603928]
L000497 | 
L000498-L000513 | [REDACTED: batch progress and internal diagnostics]
L000514 | [Epoch 17] [Time: 2.71]
L000515 | [Train Loss: 0.9827]
L000516 | [Train F1: 0.5779388484278632]
L000517 | [Train Acc: 0.5853048663204462]
L000518 | [Dev Loss: 1.2418]
L000519 | [Dev F1: 0.4095892548093524]
L000520 | [Dev Acc: 0.4353518821603928]
L000521 | 
L000522-L000537 | [REDACTED: batch progress and internal diagnostics]
L000538 | [Epoch 18] [Time: 2.61]
L000539 | [Train Loss: 0.9694]
L000540 | [Train F1: 0.5788110984359971]
L000541 | [Train Acc: 0.5885747259088286]
L000542 | [Dev Loss: 1.2671]
L000543 | [Dev F1: 0.3959266789149067]
L000544 | [Dev Acc: 0.4337152209492635]
L000545 | 
L000546-L000561 | [REDACTED: batch progress and internal diagnostics]
L000562 | [Epoch 19] [Time: 2.71]
L000563 | [Train Loss: 0.9638]
L000564 | [Train F1: 0.5875802904379589]
L000565 | [Train Acc: 0.5943450663589152]
L000566 | [Dev Loss: 1.2531]
L000567 | [Dev F1: 0.4129853656720339]
L000568 | [Dev Acc: 0.4533551554828151]
L000569 | 
L000570-L000585 | [REDACTED: batch progress and internal diagnostics]
L000586 | [Epoch 20] [Time: 2.62]
L000587 | [Train Loss: 0.9488]
L000588 | [Train F1: 0.5852923583740282]
L000589 | [Train Acc: 0.5922292748605501]
L000590 | [Dev Loss: 1.2562]
L000591 | [Dev F1: 0.3806382317294482]
L000592 | [Dev Acc: 0.4206219312602291]
L000593 | 
L000594-L000609 | [REDACTED: batch progress and internal diagnostics]
L000610 | [Epoch 21] [Time: 2.87]
L000611 | [Train Loss: 0.9569]
L000612 | [Train F1: 0.5888089635994234]
L000613 | [Train Acc: 0.5958838238122716]
L000614 | [Dev Loss: 1.391]
L000615 | [Dev F1: 0.3404476200028277]
L000616 | [Dev Acc: 0.3911620294599018]
L000617 | 
L000618-L000633 | [REDACTED: batch progress and internal diagnostics]
L000634 | [Epoch 22] [Time: 2.55]
L000635 | [Train Loss: 0.9688]
L000636 | [Train F1: 0.5770729213921517]
L000637 | [Train Acc: 0.586266589728794]
L000638 | [Dev Loss: 1.2813]
L000639 | [Dev F1: 0.40945432221940914]
L000640 | [Dev Acc: 0.4386252045826514]
L000641 | 
L000642-L000657 | [REDACTED: batch progress and internal diagnostics]
L000658 | [Epoch 23] [Time: 2.63]
L000659 | [Train Loss: 0.9586]
L000660 | [Train F1: 0.5792422054525762]
L000661 | [Train Acc: 0.584535487593768]
L000662 | [Dev Loss: 1.2696]
L000663 | [Dev F1: 0.3842591829980203]
L000664 | [Dev Acc: 0.4206219312602291]
L000665 | 
L000666-L000681 | [REDACTED: batch progress and internal diagnostics]
L000682 | [Epoch 24] [Time: 2.77]
L000683 | [Train Loss: 0.9698]
L000684 | [Train F1: 0.5819915471532008]
L000685 | [Train Acc: 0.5929986535872284]
L000686 | [Dev Loss: 1.3916]
L000687 | [Dev F1: 0.33243730892191353]
L000688 | [Dev Acc: 0.37643207855973815]
L000689 | 
L000690-L000705 | [REDACTED: batch progress and internal diagnostics]
L000706 | [Epoch 25] [Time: 2.87]
L000707 | [Train Loss: 0.9695]
L000708 | [Train F1: 0.5836526300631576]
L000709 | [Train Acc: 0.58799769186382]
L000710 | [Dev Loss: 1.244]
L000711 | [Dev F1: 0.4147927882991876]
L000712 | [Dev Acc: 0.4500818330605565]
L000713 | 
L000714-L000729 | [REDACTED: batch progress and internal diagnostics]
L000730 | [Epoch 26] [Time: 2.69]
L000731 | [Train Loss: 0.947]
L000732 | [Train F1: 0.5982557442978842]
L000733 | [Train Acc: 0.6041546451240624]
L000734 | [Dev Loss: 1.3727]
L000735 | [Dev F1: 0.36570785231984765]
L000736 | [Dev Acc: 0.4075286415711948]
L000737 | 
L000738-L000753 | [REDACTED: batch progress and internal diagnostics]
L000754 | [Epoch 27] [Time: 2.72]
L000755 | [Train Loss: 0.941]
L000756 | [Train F1: 0.5994236398615956]
L000757 | [Train Acc: 0.6022311983073668]
L000758 | [Dev Loss: 1.2239]
L000759 | [Dev F1: 0.43392844662392754]
L000760 | [Dev Acc: 0.4582651391162029]
L000761 | 
L000762-L000777 | [REDACTED: batch progress and internal diagnostics]
L000778 | [Epoch 28] [Time: 2.63]
L000779 | [Train Loss: 0.9267]
L000780 | [Train F1: 0.5914176012284277]
L000781 | [Train Acc: 0.6045393344874014]
L000782 | [Dev Loss: 1.3108]
L000783 | [Dev F1: 0.3971972008780595]
L000784 | [Dev Acc: 0.4206219312602291]
L000785 | 
L000786-L000801 | [REDACTED: batch progress and internal diagnostics]
L000802 | [Epoch 29] [Time: 2.67]
L000803 | [Train Loss: 0.9312]
L000804 | [Train F1: 0.6065463904471209]
L000805 | [Train Acc: 0.6106943643008271]
L000806 | [Dev Loss: 1.2419]
L000807 | [Dev F1: 0.4209198141470516]
L000808 | [Dev Acc: 0.4746317512274959]
L000809 | 
L000810-L000825 | [REDACTED: batch progress and internal diagnostics]
L000826 | [Epoch 30] [Time: 2.66]
L000827 | [Train Loss: 0.9155]
L000828 | [Train F1: 0.6038680609643612]
L000829 | [Train Acc: 0.6089632621658011]
L000830 | [Dev Loss: 1.2525]
L000831 | [Dev F1: 0.4358394078103082]
L000832 | [Dev Acc: 0.4582651391162029]
L000833 | 
L000834-L000849 | [REDACTED: batch progress and internal diagnostics]
L000850 | [Epoch 31] [Time: 2.65]
L000851 | [Train Loss: 0.9097]
L000852 | [Train F1: 0.6088145833132729]
L000853 | [Train Acc: 0.6185804962492787]
L000854 | [Dev Loss: 1.2521]
L000855 | [Dev F1: 0.4243106366126185]
L000856 | [Dev Acc: 0.4386252045826514]
L000857 | 
L000858-L000873 | [REDACTED: batch progress and internal diagnostics]
L000874 | [Epoch 32] [Time: 2.67]
L000875 | [Train Loss: 0.9094]
L000876 | [Train F1: 0.6100172802853419]
L000877 | [Train Acc: 0.6130025004808617]
L000878 | [Dev Loss: 1.3653]
L000879 | [Dev F1: 0.37778997440845996]
L000880 | [Dev Acc: 0.4157119476268412]
L000881 | 
L000882-L000897 | [REDACTED: batch progress and internal diagnostics]
L000898 | [Epoch 33] [Time: 2.75]
L000899 | [Train Loss: 0.9157]
L000900 | [Train F1: 0.6034695637942726]
L000901 | [Train Acc: 0.6122331217541835]
L000902 | [Dev Loss: 1.2013]
L000903 | [Dev F1: 0.43768824981317156]
L000904 | [Dev Acc: 0.46808510638297873]
L000905 | 
L000906-L000921 | [REDACTED: batch progress and internal diagnostics]
L000922 | [Epoch 34] [Time: 2.69]
L000923 | [Train Loss: 0.9069]
L000924 | [Train F1: 0.6176796336307561]
L000925 | [Train Acc: 0.6201192537026351]
L000926 | [Dev Loss: 1.3135]
L000927 | [Dev F1: 0.3765217374495894]
L000928 | [Dev Acc: 0.4075286415711948]
L000929 | 
L000930-L000945 | [REDACTED: batch progress and internal diagnostics]
L000946 | [Epoch 35] [Time: 2.67]
L000947 | [Train Loss: 0.902]
L000948 | [Train F1: 0.6117158014492996]
L000949 | [Train Acc: 0.6195422196576265]
L000950 | [Dev Loss: 1.2429]
L000951 | [Dev F1: 0.44945879342957057]
L000952 | [Dev Acc: 0.46481178396072015]
L000953 | 
L000954-L000969 | [REDACTED: batch progress and internal diagnostics]
L000970 | [Epoch 36] [Time: 2.83]
L000971 | [Train Loss: 0.9079]
L000972 | [Train F1: 0.6119019909535275]
L000973 | [Train Acc: 0.61800346220427]
L000974 | [Dev Loss: 1.2534]
L000975 | [Dev F1: 0.4502661708252761]
L000976 | [Dev Acc: 0.4713584288052373]
L000977 | 
L000978-L000993 | [REDACTED: batch progress and internal diagnostics]
L000994 | [Epoch 37] [Time: 2.73]
L000995 | [Train Loss: 0.8956]
L000996 | [Train F1: 0.6115320287406215]
L000997 | [Train Acc: 0.6155029813425659]
L000998 | [Dev Loss: 1.2657]
L000999 | [Dev F1: 0.4458768029911075]
L001000 | [Dev Acc: 0.46808510638297873]
L001001 | 
L001002-L001017 | [REDACTED: batch progress and internal diagnostics]
L001018 | [Epoch 38] [Time: 2.71]
L001019 | [Train Loss: 0.8893]
L001020 | [Train F1: 0.6138515163195015]
L001021 | [Train Acc: 0.621465666474322]
L001022 | [Dev Loss: 1.2622]
L001023 | [Dev F1: 0.4226677385531286]
L001024 | [Dev Acc: 0.48117839607201307]
L001025 | 
L001026-L001041 | [REDACTED: batch progress and internal diagnostics]
L001042 | [Epoch 39] [Time: 2.65]
L001043 | [Train Loss: 0.895]
L001044 | [Train F1: 0.6139492389986239]
L001045 | [Train Acc: 0.6172340834775919]
L001046 | [Dev Loss: 1.256]
L001047 | [Dev F1: 0.4179777787362981]
L001048 | [Dev Acc: 0.4402618657937807]
L001049 | 
L001050-L001065 | [REDACTED: batch progress and internal diagnostics]
L001066 | [Epoch 40] [Time: 2.74]
L001067 | [Train Loss: 0.8852]
L001068 | [Train F1: 0.6136461855637582]
L001069 | [Train Acc: 0.6201192537026351]
L001070 | [Dev Loss: 1.2736]
L001071 | [Dev F1: 0.45534196363659035]
L001072 | [Dev Acc: 0.47299509001636664]
L001073 | 
L001074-L001089 | [REDACTED: batch progress and internal diagnostics]
L001090 | [Epoch 41] [Time: 2.80]
L001091 | [Train Loss: 0.8864]
L001092 | [Train F1: 0.6231106704953284]
L001093 | [Train Acc: 0.6289671090594345]
L001094 | [Dev Loss: 1.2147]
L001095 | [Dev F1: 0.45516091390463254]
L001096 | [Dev Acc: 0.46153846153846156]
L001097 | 
L001098-L001113 | [REDACTED: batch progress and internal diagnostics]
L001114 | [Epoch 42] [Time: 2.63]
L001115 | [Train Loss: 0.8814]
L001116 | [Train F1: 0.6243234422587111]
L001117 | [Train Acc: 0.6281977303327563]
L001118 | [Dev Loss: 1.2584]
L001119 | [Dev F1: 0.46609453948722745]
L001120 | [Dev Acc: 0.4746317512274959]
L001121 | 
L001122-L001137 | [REDACTED: batch progress and internal diagnostics]
L001138 | [Epoch 43] [Time: 2.82]
L001139 | [Train Loss: 0.874]
L001140 | [Train F1: 0.6165026704693068]
L001141 | [Train Acc: 0.623581457972687]
L001142 | [Dev Loss: 1.2693]
L001143 | [Dev F1: 0.4102641004736551]
L001144 | [Dev Acc: 0.4500818330605565]
L001145 | 
L001146-L001161 | [REDACTED: batch progress and internal diagnostics]
L001162 | [Epoch 44] [Time: 2.79]
L001163 | [Train Loss: 0.8689]
L001164 | [Train F1: 0.6196143472564587]
L001165 | [Train Acc: 0.623581457972687]
L001166 | [Dev Loss: 1.3005]
L001167 | [Dev F1: 0.4438520005612795]
L001168 | [Dev Acc: 0.46808510638297873]
L001169 | 
L001170-L001185 | [REDACTED: batch progress and internal diagnostics]
L001186 | [Epoch 45] [Time: 2.74]
L001187 | [Train Loss: 0.8733]
L001188 | [Train F1: 0.6221715926987008]
L001189 | [Train Acc: 0.6256972494710521]
L001190 | [Dev Loss: 1.3186]
L001191 | [Dev F1: 0.41771900156627356]
L001192 | [Dev Acc: 0.4795417348608838]
L001193 | 
L001194-L001209 | [REDACTED: batch progress and internal diagnostics]
L001210 | [Epoch 46] [Time: 2.76]
L001211 | [Train Loss: 0.8759]
L001212 | [Train F1: 0.6145208832864257]
L001213 | [Train Acc: 0.6201192537026351]
L001214 | [Dev Loss: 1.2508]
L001215 | [Dev F1: 0.4256818080536421]
L001216 | [Dev Acc: 0.44189852700491]
L001217 | 
L001218-L001233 | [REDACTED: batch progress and internal diagnostics]
L001234 | [Epoch 47] [Time: 2.66]
L001235 | [Train Loss: 0.8741]
L001236 | [Train F1: 0.6178493170580086]
L001237 | [Train Acc: 0.6245431813810348]
L001238 | [Dev Loss: 1.2352]
L001239 | [Dev F1: 0.38579282123249464]
L001240 | [Dev Acc: 0.46481178396072015]
L001241 | 
L001242-L001257 | [REDACTED: batch progress and internal diagnostics]
L001258 | [Epoch 48] [Time: 2.73]
L001259 | [Train Loss: 0.8704]
L001260 | [Train F1: 0.6174997658314929]
L001261 | [Train Acc: 0.6205039430659742]
L001262 | [Dev Loss: 1.1815]
L001263 | [Dev F1: 0.5081546343799779]
L001264 | [Dev Acc: 0.5171849427168577]
L001265 | 
L001266-L001281 | [REDACTED: batch progress and internal diagnostics]
L001282 | [Epoch 49] [Time: 2.74]
L001283 | [Train Loss: 0.8568]
L001284 | [Train F1: 0.6264606564989316]
L001285 | [Train Acc: 0.6308905558761301]
L001286 | [Dev Loss: 1.3208]
L001287 | [Dev F1: 0.40540686158528355]
L001288 | [Dev Acc: 0.469721767594108]
L001289 | 
L001290-L001305 | [REDACTED: batch progress and internal diagnostics]
L001306 | [Epoch 50] [Time: 2.59]
L001307 | [Train Loss: 0.8559]
L001308 | [Train F1: 0.6330497434044906]
L001309 | [Train Acc: 0.6368532410078861]
L001310 | [Dev Loss: 1.1863]
L001311 | [Dev F1: 0.4702562493107173]
L001312 | [Dev Acc: 0.4959083469721768]
L001313 | 
L001314-L001329 | [REDACTED: batch progress and internal diagnostics]
L001330 | [Epoch 51] [Time: 2.70]
L001331 | [Train Loss: 0.853]
L001332 | [Train F1: 0.6321742508277954]
L001333 | [Train Acc: 0.6364685516445471]
L001334 | [Dev Loss: 1.2865]
L001335 | [Dev F1: 0.4310349453986105]
L001336 | [Dev Acc: 0.46808510638297873]
L001337 | 
L001338-L001353 | [REDACTED: batch progress and internal diagnostics]
L001354 | [Epoch 52] [Time: 2.66]
L001355 | [Train Loss: 0.8559]
L001356 | [Train F1: 0.6238036932938417]
L001357 | [Train Acc: 0.6287747643777649]
L001358 | [Dev Loss: 1.1838]
L001359 | [Dev F1: 0.46002891141242125]
L001360 | [Dev Acc: 0.4877250409165303]
L001361 | 
L001362-L001377 | [REDACTED: batch progress and internal diagnostics]
L001378 | [Epoch 53] [Time: 2.76]
L001379 | [Train Loss: 0.8464]
L001380 | [Train F1: 0.6305579113559486]
L001381 | [Train Acc: 0.6341604154645124]
L001382 | [Dev Loss: 1.2066]
L001383 | [Dev F1: 0.4428945281506304]
L001384 | [Dev Acc: 0.4828150572831424]
L001385 | 
L001386-L001401 | [REDACTED: batch progress and internal diagnostics]
L001402 | [Epoch 54] [Time: 2.70]
L001403 | [Train Loss: 0.848]
L001404 | [Train F1: 0.6307077827489843]
L001405 | [Train Acc: 0.634737449509521]
L001406 | [Dev Loss: 1.2199]
L001407 | [Dev F1: 0.42001714972772947]
L001408 | [Dev Acc: 0.44189852700491]
L001409 | 
L001410-L001425 | [REDACTED: batch progress and internal diagnostics]
L001426 | [Epoch 55] [Time: 2.75]
L001427 | [Train Loss: 0.8525]
L001428 | [Train F1: 0.627069200429644]
L001429 | [Train Acc: 0.6303135218311213]
L001430 | [Dev Loss: 1.2925]
L001431 | [Dev F1: 0.426762703317766]
L001432 | [Dev Acc: 0.4500818330605565]
L001433 | 
L001434-L001449 | [REDACTED: batch progress and internal diagnostics]
L001450 | [Epoch 56] [Time: 2.74]
L001451 | [Train Loss: 0.8402]
L001452 | [Train F1: 0.6315130261051219]
L001453 | [Train Acc: 0.6355068282361993]
L001454 | [Dev Loss: 1.2005]
L001455 | [Dev F1: 0.442321641275447]
L001456 | [Dev Acc: 0.4909983633387889]
L001457 | 
L001458-L001473 | [REDACTED: batch progress and internal diagnostics]
L001474 | [Epoch 57] [Time: 2.64]
L001475 | [Train Loss: 0.8319]
L001476 | [Train F1: 0.6371959107379929]
L001477 | [Train Acc: 0.6397384112329294]
L001478 | [Dev Loss: 1.2396]
L001479 | [Dev F1: 0.4466038983742034]
L001480 | [Dev Acc: 0.46808510638297873]
L001481 | 
L001482-L001497 | [REDACTED: batch progress and internal diagnostics]
L001498 | [Epoch 58] [Time: 2.77]
L001499 | [Train Loss: 0.8337]
L001500 | [Train F1: 0.6391771963872347]
L001501 | [Train Acc: 0.64377764954799]
L001502 | [Dev Loss: 1.1798]
L001503 | [Dev F1: 0.4766962839741032]
L001504 | [Dev Acc: 0.5008183306055647]
L001505 | 
L001506-L001521 | [REDACTED: batch progress and internal diagnostics]
L001522 | [Epoch 59] [Time: 2.59]
L001523 | [Train Loss: 0.8298]
L001524 | [Train F1: 0.6357299368816757]
L001525 | [Train Acc: 0.6397384112329294]
L001526 | [Dev Loss: 1.1639]
L001527 | [Dev F1: 0.4483592492276187]
L001528 | [Dev Acc: 0.4828150572831424]
L001529 | 
L001530-L001545 | [REDACTED: batch progress and internal diagnostics]
L001546 | [Epoch 60] [Time: 2.59]
L001547 | [Train Loss: 0.8306]
L001548 | [Train F1: 0.6354517734358832]
L001549 | [Train Acc: 0.6389690325062513]
L001550 | [Dev Loss: 1.2157]
L001551 | [Dev F1: 0.4654732212150386]
L001552 | [Dev Acc: 0.4844517184942717]
L001553 | 
L001554-L001569 | [REDACTED: batch progress and internal diagnostics]
L001570 | [Epoch 61] [Time: 2.77]
L001571 | [Train Loss: 0.8185]
L001572 | [Train F1: 0.6322068399894867]
L001573 | [Train Acc: 0.636083862281208]
L001574 | [Dev Loss: 1.2767]
L001575 | [Dev F1: 0.40936093675655677]
L001576 | [Dev Acc: 0.44680851063829785]
L001577 | 
L001578-L001593 | [REDACTED: batch progress and internal diagnostics]
L001594 | [Epoch 62] [Time: 2.64]
L001595 | [Train Loss: 0.8298]
L001596 | [Train F1: 0.633853396690657]
L001597 | [Train Acc: 0.6389690325062513]
L001598 | [Dev Loss: 1.1544]
L001599 | [Dev F1: 0.44926517570102603]
L001600 | [Dev Acc: 0.49263502454991814]
L001601 | 
L001602-L001617 | [REDACTED: batch progress and internal diagnostics]
L001618 | [Epoch 63] [Time: 2.59]
L001619 | [Train Loss: 0.829]
L001620 | [Train F1: 0.6355519354992327]
L001621 | [Train Acc: 0.6368532410078861]
L001622 | [Dev Loss: 1.2038]
L001623 | [Dev F1: 0.4628470366798922]
L001624 | [Dev Acc: 0.4844517184942717]
L001625 | 
L001626-L001641 | [REDACTED: batch progress and internal diagnostics]
L001642 | [Epoch 64] [Time: 2.76]
L001643 | [Train Loss: 0.8166]
L001644 | [Train F1: 0.6381548841048729]
L001645 | [Train Acc: 0.6407001346412772]
L001646 | [Dev Loss: 1.1651]
L001647 | [Dev F1: 0.4541069736674816]
L001648 | [Dev Acc: 0.4844517184942717]
L001649 | 
L001650-L001665 | [REDACTED: batch progress and internal diagnostics]
L001666 | [Epoch 65] [Time: 2.62]
L001667 | [Train Loss: 0.8229]
L001668 | [Train F1: 0.6425232259470431]
L001669 | [Train Acc: 0.6468551644547028]
L001670 | [Dev Loss: 1.2575]
L001671 | [Dev F1: 0.42992650436951035]
L001672 | [Dev Acc: 0.46481178396072015]
L001673 | 
L001674-L001689 | [REDACTED: batch progress and internal diagnostics]
L001690 | [Epoch 66] [Time: 2.61]
L001691 | [Train Loss: 0.8157]
L001692 | [Train F1: 0.6423106560097809]
L001693 | [Train Acc: 0.6451240623196769]
L001694 | [Dev Loss: 1.2159]
L001695 | [Dev F1: 0.4699557264221906]
L001696 | [Dev Acc: 0.4877250409165303]
L001697 | 
L001698-L001713 | [REDACTED: batch progress and internal diagnostics]
L001714 | [Epoch 67] [Time: 2.57]
L001715 | [Train Loss: 0.8074]
L001716 | [Train F1: 0.6433705189807337]
L001717 | [Train Acc: 0.6453164070013464]
L001718 | [Dev Loss: 1.1494]
L001719 | [Dev F1: 0.4747573517473846]
L001720 | [Dev Acc: 0.4959083469721768]
L001721 | 
L001722-L001737 | [REDACTED: batch progress and internal diagnostics]
L001738 | [Epoch 68] [Time: 2.55]
L001739 | [Train Loss: 0.8019]
L001740 | [Train F1: 0.6399897030123851]
L001741 | [Train Acc: 0.6441623389113291]
L001742 | [Dev Loss: 1.1795]
L001743 | [Dev F1: 0.449236392543411]
L001744 | [Dev Acc: 0.49263502454991814]
L001745 | 
L001746-L001761 | [REDACTED: batch progress and internal diagnostics]
L001762 | [Epoch 69] [Time: 2.69]
L001763 | [Train Loss: 0.7982]
L001764 | [Train F1: 0.6535227482200792]
L001765 | [Train Acc: 0.6572417772648587]
L001766 | [Dev Loss: 1.1656]
L001767 | [Dev F1: 0.44928573893604373]
L001768 | [Dev Acc: 0.4762684124386252]
L001769 | 
L001770-L001785 | [REDACTED: batch progress and internal diagnostics]
L001786 | [Epoch 70] [Time: 2.60]
L001787 | [Train Loss: 0.8069]
L001788 | [Train F1: 0.6476417238404083]
L001789 | [Train Acc: 0.6505097134064243]
L001790 | [Dev Loss: 1.2551]
L001791 | [Dev F1: 0.42771029099029007]
L001792 | [Dev Acc: 0.4779050736497545]
L001793 | 
L001794-L001809 | [REDACTED: batch progress and internal diagnostics]
L001810 | [Epoch 71] [Time: 2.62]
L001811 | [Train Loss: 0.803]
L001812 | [Train F1: 0.6466143519094911]
L001813 | [Train Acc: 0.6485862665897288]
L001814 | [Dev Loss: 1.2365]
L001815 | [Dev F1: 0.4726146042672498]
L001816 | [Dev Acc: 0.4909983633387889]
L001817 | 
L001818-L001833 | [REDACTED: batch progress and internal diagnostics]
L001834 | [Epoch 72] [Time: 2.66]
L001835 | [Train Loss: 0.7919]
L001836 | [Train F1: 0.6477668618152811]
L001837 | [Train Acc: 0.6499326793614156]
L001838 | [Dev Loss: 1.1687]
L001839 | [Dev F1: 0.47409700367778096]
L001840 | [Dev Acc: 0.49427168576104746]
L001841 | 
L001842-L001857 | [REDACTED: batch progress and internal diagnostics]
L001858 | [Epoch 73] [Time: 2.73]
L001859 | [Train Loss: 0.7976]
L001860 | [Train F1: 0.6459707858298575]
L001861 | [Train Acc: 0.6507020580880939]
L001862 | [Dev Loss: 1.18]
L001863 | [Dev F1: 0.4766850886527736]
L001864 | [Dev Acc: 0.49263502454991814]
L001865 | 
L001866-L001881 | [REDACTED: batch progress and internal diagnostics]
L001882 | [Epoch 74] [Time: 2.62]
L001883 | [Train Loss: 0.7895]
L001884 | [Train F1: 0.6480510065624662]
L001885 | [Train Acc: 0.6522408155414503]
L001886 | [Dev Loss: 1.2204]
L001887 | [Dev F1: 0.45580135419083956]
L001888 | [Dev Acc: 0.4844517184942717]
L001889 | 
L001890-L001905 | [REDACTED: batch progress and internal diagnostics]
L001906 | [Epoch 75] [Time: 2.69]
L001907 | [Train Loss: 0.7885]
L001908 | [Train F1: 0.6497690258959139]
L001909 | [Train Acc: 0.6508944027697634]
L001910 | [Dev Loss: 1.1839]
L001911 | [Dev F1: 0.44758820205445426]
L001912 | [Dev Acc: 0.47299509001636664]
L001913 | 
L001914-L001929 | [REDACTED: batch progress and internal diagnostics]
L001930 | [Epoch 76] [Time: 2.77]
L001931 | [Train Loss: 0.781]
L001932 | [Train F1: 0.6547386454557076]
L001933 | [Train Acc: 0.6580111559915368]
L001934 | [Dev Loss: 1.1549]
L001935 | [Dev F1: 0.469005719967643]
L001936 | [Dev Acc: 0.4828150572831424]
L001937 | 
L001938-L001953 | [REDACTED: batch progress and internal diagnostics]
L001954 | [Epoch 77] [Time: 2.78]
L001955 | [Train Loss: 0.787]
L001956 | [Train F1: 0.6490206609792424]
L001957 | [Train Acc: 0.6505097134064243]
L001958 | [Dev Loss: 1.2343]
L001959 | [Dev F1: 0.449053850227365]
L001960 | [Dev Acc: 0.4746317512274959]
L001961 | 
L001962-L001977 | [REDACTED: batch progress and internal diagnostics]
L001978 | [Epoch 78] [Time: 2.57]
L001979 | [Train Loss: 0.7817]
L001980 | [Train F1: 0.6500361481505854]
L001981 | [Train Acc: 0.6537795729948067]
L001982 | [Dev Loss: 1.1751]
L001983 | [Dev F1: 0.45343805487180827]
L001984 | [Dev Acc: 0.48117839607201307]
L001985 | 
L001986-L002001 | [REDACTED: batch progress and internal diagnostics]
L002002 | [Epoch 79] [Time: 2.83]
L002003 | [Train Loss: 0.7878]
L002004 | [Train F1: 0.6470310040165318]
L002005 | [Train Acc: 0.6480092325447201]
L002006 | [Dev Loss: 1.1389]
L002007 | [Dev F1: 0.4693691505771207]
L002008 | [Dev Acc: 0.4828150572831424]
L002009 | 
L002010-L002025 | [REDACTED: batch progress and internal diagnostics]
L002026 | [Epoch 80] [Time: 2.77]
L002027 | [Train Loss: 0.7923]
L002028 | [Train F1: 0.6431535733578245]
L002029 | [Train Acc: 0.6470475091363724]
L002030 | [Dev Loss: 1.13]
L002031 | [Dev F1: 0.4889268402148304]
L002032 | [Dev Acc: 0.5073649754500819]
L002033 | 
L002034-L002049 | [REDACTED: batch progress and internal diagnostics]
L002050 | [Epoch 81] [Time: 2.64]
L002051 | [Train Loss: 0.7863]
L002052 | [Train F1: 0.6491713171428535]
L002053 | [Train Acc: 0.6505097134064243]
L002054 | [Dev Loss: 1.2822]
L002055 | [Dev F1: 0.4009005834002761]
L002056 | [Dev Acc: 0.4386252045826514]
L002057 | 
L002058-L002073 | [REDACTED: batch progress and internal diagnostics]
L002074 | [Epoch 82] [Time: 2.72]
L002075 | [Train Loss: 0.8036]
L002076 | [Train F1: 0.6512780108402196]
L002077 | [Train Acc: 0.6543566070398154]
L002078 | [Dev Loss: 1.1845]
L002079 | [Dev F1: 0.4878312214193599]
L002080 | [Dev Acc: 0.5057283142389526]
L002081 | 
L002082-L002097 | [REDACTED: batch progress and internal diagnostics]
L002098 | [Epoch 83] [Time: 2.75]
L002099 | [Train Loss: 0.8104]
L002100 | [Train F1: 0.6361133494759632]
L002101 | [Train Acc: 0.6389690325062513]
L002102 | [Dev Loss: 1.2207]
L002103 | [Dev F1: 0.37839604593174647]
L002104 | [Dev Acc: 0.4533551554828151]
L002105 | 
L002106-L002121 | [REDACTED: batch progress and internal diagnostics]
L002122 | [Epoch 84] [Time: 2.67]
L002123 | [Train Loss: 0.8064]
L002124 | [Train F1: 0.6396555063814752]
L002125 | [Train Acc: 0.6433929601846509]
L002126 | [Dev Loss: 1.1724]
L002127 | [Dev F1: 0.4518809350425648]
L002128 | [Dev Acc: 0.4746317512274959]
L002129 | 
L002130-L002145 | [REDACTED: batch progress and internal diagnostics]
L002146 | [Epoch 85] [Time: 2.75]
L002147 | [Train Loss: 0.7909]
L002148 | [Train F1: 0.648477542113722]
L002149 | [Train Acc: 0.651086747451433]
L002150 | [Dev Loss: 1.1986]
L002151 | [Dev F1: 0.4369875643880528]
L002152 | [Dev Acc: 0.4779050736497545]
L002153 | 
L002154-L002169 | [REDACTED: batch progress and internal diagnostics]
L002170 | [Epoch 86] [Time: 2.70]
L002171 | [Train Loss: 0.7889]
L002172 | [Train F1: 0.6493131867026025]
L002173 | [Train Acc: 0.654933641084824]
L002174 | [Dev Loss: 1.1643]
L002175 | [Dev F1: 0.4400522043679724]
L002176 | [Dev Acc: 0.4664484451718494]
L002177 | 
L002178-L002193 | [REDACTED: batch progress and internal diagnostics]
L002194 | [Epoch 87] [Time: 2.66]
L002195 | [Train Loss: 0.7752]
L002196 | [Train F1: 0.6583021902729104]
L002197 | [Train Acc: 0.6591652240815541]
L002198 | [Dev Loss: 1.2627]
L002199 | [Dev F1: 0.4482087880669459]
L002200 | [Dev Acc: 0.4746317512274959]
L002201 | 
L002202-L002217 | [REDACTED: batch progress and internal diagnostics]
L002218 | [Epoch 88] [Time: 2.73]
L002219 | [Train Loss: 0.7604]
L002220 | [Train F1: 0.6565768706080024]
L002221 | [Train Acc: 0.6616657049432583]
L002222 | [Dev Loss: 1.1946]
L002223 | [Dev F1: 0.4315468936308809]
L002224 | [Dev Acc: 0.46317512274959083]
L002225 | Early stopping at epoch: 88
L002226 | Last model
L002227 |               precision    recall  f1-score   support
L002228 | 
L002229 |          hap     0.4167    0.2083    0.2778       144
L002230 |          sad     0.8261    0.5429    0.6552       245
L002231 |          neu     0.5564    0.6042    0.5793       384
L002232 |          ang     0.7083    0.4000    0.5113       170
L002233 |          exc     0.6472    0.8528    0.7359       299
L002234 |          fru     0.5114    0.6483    0.5718       381
L002235 | 
L002236 |     accuracy                         0.5946      1623
L002237 |    macro avg     0.6110    0.5427    0.5552      1623
L002238 | weighted avg     0.6068    0.5946    0.5840      1623
L002239 | 
L002240 | Best model at epoch: 48
L002241 | Best dev F1: 0.5081546343799779
L002242 |               precision    recall  f1-score   support
L002243 | 
L002244 |          hap     0.5508    0.4514    0.4962       144
L002245 |          sad     0.8132    0.6041    0.6932       245
L002246 |          neu     0.5589    0.6302    0.5924       384
L002247 |          ang     0.6897    0.4706    0.5594       170
L002248 |          exc     0.7014    0.8328    0.7615       299
L002249 |          fru     0.5203    0.5722    0.5450       381
L002250 | 
L002251 |     accuracy                         0.6174      1623
L002252 |    macro avg     0.6390    0.5935    0.6080      1623
L002253 | weighted avg     0.6275    0.6174    0.6157      1623
L002254 | 
L002255 | Best test F1: 0.6156507489545477
L002256 | Best test Acc: 0.6173752310536045
L002257 | [SANITIZED] Saved checkpoint: [path and filename removed]
