# Redacted copy of an existing run log.
# run_id: G13-seed4
# dataset: IEMOCAP
# model: MM-DFN+AMBER
# imr: (0.3,0.5,0.7)
# seed_alias: seed4
# original_log_sha256: 6a197cde3d5bca3764cc701c4dad97f6f0e85b1f3ff93c2f715e0e6c1e6de7ab
# source_record_status: ok
# source_record_process_return_code: 3221226505
# L numbers refer to source logical lines; REDACTED/SANITIZED text is editorial.
L000001-L000076 | [REDACTED: configuration or implementation details]
L000077 | [SANITIZED] Seed alias: seed4
L000078 | 
L000079-L000080 | [REDACTED: batch progress and internal diagnostics]
L000081 | 
L000082-L000083 | [REDACTED: batch progress and internal diagnostics]
L000084 | 
L000085-L000086 | [REDACTED: batch progress and internal diagnostics]
L000087 | 
L000088-L000103 | [REDACTED: batch progress and internal diagnostics]
L000104 | [Epoch 0] [Time: 9.263502359390259]
L000105 | [Train Loss: 9.1543]
L000106 | [Train F1: 0.25895471213073673]
L000107 | [Train Acc: 0.29347826086956524]
L000108 | [Dev Loss: 7.2186]
L000109 | [Dev F1: 0.33510349455278376]
L000110 | [Dev Acc: 0.39045936395759717]
L000111 | 
L000112-L000127 | [REDACTED: batch progress and internal diagnostics]
L000128 | [Epoch 1] [Time: 8.13833999633789]
L000129 | [Train Loss: 7.3691]
L000130 | [Train F1: 0.4098282937607586]
L000131 | [Train Acc: 0.4528985507246377]
L000132 | [Dev Loss: 6.186]
L000133 | [Dev F1: 0.46318885927146125]
L000134 | [Dev Acc: 0.48939929328621906]
L000135 | 
L000136-L000151 | [REDACTED: batch progress and internal diagnostics]
L000152 | [Epoch 2] [Time: 7.922612905502319]
L000153 | [Train Loss: 6.3268]
L000154 | [Train F1: 0.5006502457647919]
L000155 | [Train Acc: 0.5190694126620901]
L000156 | [Dev Loss: 5.3884]
L000157 | [Dev F1: 0.5607836152578537]
L000158 | [Dev Acc: 0.5706713780918727]
L000159 | 
L000160-L000175 | [REDACTED: batch progress and internal diagnostics]
L000176 | [Epoch 3] [Time: 8.399455070495605]
L000177 | [Train Loss: 5.4953]
L000178 | [Train F1: 0.5613652527720706]
L000179 | [Train Acc: 0.570747520976354]
L000180 | [Dev Loss: 4.8987]
L000181 | [Dev F1: 0.5766461874329744]
L000182 | [Dev Acc: 0.5812720848056537]
L000183 | 
L000184-L000199 | [REDACTED: batch progress and internal diagnostics]
L000200 | [Epoch 4] [Time: 8.504934787750244]
L000201 | [Train Loss: 4.9117]
L000202 | [Train F1: 0.5831326672739581]
L000203 | [Train Acc: 0.5913424866514111]
L000204 | [Dev Loss: 4.3897]
L000205 | [Dev F1: 0.6268627344112356]
L000206 | [Dev Acc: 0.6254416961130742]
L000207 | 
L000208-L000223 | [REDACTED: batch progress and internal diagnostics]
L000224 | [Epoch 5] [Time: 8.31991195678711]
L000225 | [Train Loss: 4.4745]
L000226 | [Train F1: 0.620484451928814]
L000227 | [Train Acc: 0.6256674294431731]
L000228 | [Dev Loss: 4.0281]
L000229 | [Dev F1: 0.6499480530356115]
L000230 | [Dev Acc: 0.6484098939929329]
L000231 | 
L000232-L000247 | [REDACTED: batch progress and internal diagnostics]
L000248 | [Epoch 6] [Time: 8.439727783203125]
L000249 | [Train Loss: 4.1927]
L000250 | [Train F1: 0.6375487529707895]
L000251 | [Train Acc: 0.6418764302059496]
L000252 | [Dev Loss: 3.8852]
L000253 | [Dev F1: 0.6667527735343606]
L000254 | [Dev Acc: 0.6643109540636042]
L000255 | 
L000256-L000271 | [REDACTED: batch progress and internal diagnostics]
L000272 | [Epoch 7] [Time: 7.733597993850708]
L000273 | [Train Loss: 3.9176]
L000274 | [Train F1: 0.657773529347421]
L000275 | [Train Acc: 0.6628527841342486]
L000276 | [Dev Loss: 3.7442]
L000277 | [Dev F1: 0.6712531304845261]
L000278 | [Dev Acc: 0.6696113074204947]
L000279 | 
L000280-L000295 | [REDACTED: batch progress and internal diagnostics]
L000296 | [Epoch 8] [Time: 8.155267715454102]
L000297 | [Train Loss: 3.6611]
L000298 | [Train F1: 0.6852411953641492]
L000299 | [Train Acc: 0.688977879481312]
L000300 | [Dev Loss: 3.6393]
L000301 | [Dev F1: 0.6794905116103199]
L000302 | [Dev Acc: 0.6784452296819788]
L000303 | 
L000304-L000319 | [REDACTED: batch progress and internal diagnostics]
L000320 | [Epoch 9] [Time: 8.2743821144104]
L000321 | [Train Loss: 3.4451]
L000322 | [Train F1: 0.6990871192820913]
L000323 | [Train Acc: 0.7034706331045004]
L000324 | [Dev Loss: 3.5664]
L000325 | [Dev F1: 0.6992189750921814]
L000326 | [Dev Acc: 0.6978798586572438]
L000327 | 
L000328-L000343 | [REDACTED: batch progress and internal diagnostics]
L000344 | [Epoch 10] [Time: 8.056557178497314]
L000345 | [Train Loss: 3.2214]
L000346 | [Train F1: 0.7215866326441865]
L000347 | [Train Acc: 0.7234935163996948]
L000348 | [Dev Loss: 3.4761]
L000349 | [Dev F1: 0.6891014709661017]
L000350 | [Dev Acc: 0.6872791519434629]
L000351 | 
L000352-L000367 | [REDACTED: batch progress and internal diagnostics]
L000368 | [Epoch 11] [Time: 7.839922666549683]
L000369 | [Train Loss: 3.0708]
L000370 | [Train F1: 0.7319746549802697]
L000371 | [Train Acc: 0.7353165522501907]
L000372 | [Dev Loss: 3.4932]
L000373 | [Dev F1: 0.6934130825220027]
L000374 | [Dev Acc: 0.6925795053003534]
L000375 | 
L000376-L000391 | [REDACTED: batch progress and internal diagnostics]
L000392 | [Epoch 12] [Time: 8.076103210449219]
L000393 | [Train Loss: 2.9105]
L000394 | [Train F1: 0.7412939856003553]
L000395 | [Train Acc: 0.7433257055682685]
L000396 | [Dev Loss: 3.3416]
L000397 | [Dev F1: 0.6915776170910287]
L000398 | [Dev Acc: 0.6908127208480566]
L000399 | 
L000400-L000415 | [REDACTED: batch progress and internal diagnostics]
L000416 | [Epoch 13] [Time: 8.579429864883423]
L000417 | [Train Loss: 2.771]
L000418 | [Train F1: 0.753376473570719]
L000419 | [Train Acc: 0.7561022120518688]
L000420 | [Dev Loss: 3.4217]
L000421 | [Dev F1: 0.6907603700688714]
L000422 | [Dev Acc: 0.6890459363957597]
L000423 | 
L000424-L000439 | [REDACTED: batch progress and internal diagnostics]
L000440 | [Epoch 14] [Time: 7.929037570953369]
L000441 | [Train Loss: 2.6894]
L000442 | [Train F1: 0.7729592472880062]
L000443 | [Train Acc: 0.7742181540808543]
L000444 | [Dev Loss: 3.2864]
L000445 | [Dev F1: 0.6969904680588664]
L000446 | [Dev Acc: 0.696113074204947]
L000447 | 
L000448-L000463 | [REDACTED: batch progress and internal diagnostics]
L000464 | [Epoch 15] [Time: 7.7662200927734375]
L000465 | [Train Loss: 2.5523]
L000466 | [Train F1: 0.7795138196982865]
L000467 | [Train Acc: 0.7814645308924485]
L000468 | [Dev Loss: 3.4087]
L000469 | [Dev F1: 0.6957548450873813]
L000470 | [Dev Acc: 0.6943462897526502]
L000471 | 
L000472-L000487 | [REDACTED: batch progress and internal diagnostics]
L000488 | [Epoch 16] [Time: 8.351411819458008]
L000489 | [Train Loss: 2.5095]
L000490 | [Train F1: 0.7785496194826158]
L000491 | [Train Acc: 0.7808924485125858]
L000492 | [Dev Loss: 3.3275]
L000493 | [Dev F1: 0.7013469089211818]
L000494 | [Dev Acc: 0.7014134275618374]
L000495 | 
L000496-L000511 | [REDACTED: batch progress and internal diagnostics]
L000512 | [Epoch 17] [Time: 7.979740381240845]
L000513 | [Train Loss: 2.331]
L000514 | [Train F1: 0.7930064755544012]
L000515 | [Train Acc: 0.7942410373760488]
L000516 | [Dev Loss: 3.3016]
L000517 | [Dev F1: 0.7090204539475454]
L000518 | [Dev Acc: 0.7084805653710248]
L000519 | 
L000520-L000535 | [REDACTED: batch progress and internal diagnostics]
L000536 | [Epoch 18] [Time: 8.727261304855347]
L000537 | [Train Loss: 2.2701]
L000538 | [Train F1: 0.7913604623871799]
L000539 | [Train Acc: 0.7934782608695652]
L000540 | [Dev Loss: 3.5456]
L000541 | [Dev F1: 0.6867027282842555]
L000542 | [Dev Acc: 0.6855123674911661]
L000543 | 
L000544-L000559 | [REDACTED: batch progress and internal diagnostics]
L000560 | [Epoch 19] [Time: 8.124966382980347]
L000561 | [Train Loss: 2.1673]
L000562 | [Train F1: 0.8058979946819751]
L000563 | [Train Acc: 0.8070175438596491]
L000564 | [Dev Loss: 3.3947]
L000565 | [Dev F1: 0.7132142848345943]
L000566 | [Dev Acc: 0.7137809187279152]
L000567 | 
L000568-L000583 | [REDACTED: batch progress and internal diagnostics]
L000584 | [Epoch 20] [Time: 7.757840394973755]
L000585 | [Train Loss: 2.0609]
L000586 | [Train F1: 0.8146198385937232]
L000587 | [Train Acc: 0.8165522501906941]
L000588 | [Dev Loss: 3.5487]
L000589 | [Dev F1: 0.700458810748796]
L000590 | [Dev Acc: 0.7014134275618374]
L000591 | 
L000592-L000607 | [REDACTED: batch progress and internal diagnostics]
L000608 | [Epoch 21] [Time: 8.118935823440552]
L000609 | [Train Loss: 1.9798]
L000610 | [Train F1: 0.823623739107081]
L000611 | [Train Acc: 0.8249427917620137]
L000612 | [Dev Loss: 3.595]
L000613 | [Dev F1: 0.6787823045461581]
L000614 | [Dev Acc: 0.6784452296819788]
L000615 | 
L000616-L000631 | [REDACTED: batch progress and internal diagnostics]
L000632 | [Epoch 22] [Time: 8.087040185928345]
L000633 | [Train Loss: 1.8828]
L000634 | [Train F1: 0.8282061415329973]
L000635 | [Train Acc: 0.8293287566742944]
L000636 | [Dev Loss: 3.5834]
L000637 | [Dev F1: 0.7008276274590884]
L000638 | [Dev Acc: 0.7014134275618374]
L000639 | 
L000640-L000655 | [REDACTED: batch progress and internal diagnostics]
L000656 | [Epoch 23] [Time: 7.675081968307495]
L000657 | [Train Loss: 1.7807]
L000658 | [Train F1: 0.8377113167115042]
L000659 | [Train Acc: 0.8392448512585813]
L000660 | [Dev Loss: 3.623]
L000661 | [Dev F1: 0.7049322638083376]
L000662 | [Dev Acc: 0.7049469964664311]
L000663 | 
L000664-L000679 | [REDACTED: batch progress and internal diagnostics]
L000680 | [Epoch 24] [Time: 8.22715163230896]
L000681 | [Train Loss: 1.7388]
L000682 | [Train F1: 0.8464200070806926]
L000683 | [Train Acc: 0.8468726163234173]
L000684 | [Dev Loss: 3.6706]
L000685 | [Dev F1: 0.6802028487278104]
L000686 | [Dev Acc: 0.6802120141342756]
L000687 | 
L000688-L000703 | [REDACTED: batch progress and internal diagnostics]
L000704 | [Epoch 25] [Time: 7.977218389511108]
L000705 | [Train Loss: 1.6596]
L000706 | [Train F1: 0.8478359496898086]
L000707 | [Train Acc: 0.8495423340961098]
L000708 | [Dev Loss: 3.6483]
L000709 | [Dev F1: 0.7022979267582539]
L000710 | [Dev Acc: 0.7031802120141343]
L000711 | 
L000712-L000727 | [REDACTED: batch progress and internal diagnostics]
L000728 | [Epoch 26] [Time: 8.191206932067871]
L000729 | [Train Loss: 1.6452]
L000730 | [Train F1: 0.8464513664150703]
L000731 | [Train Acc: 0.8470633104500381]
L000732 | [Dev Loss: 3.7699]
L000733 | [Dev F1: 0.6997963362020839]
L000734 | [Dev Acc: 0.6996466431095406]
L000735 | 
L000736-L000751 | [REDACTED: batch progress and internal diagnostics]
L000752 | [Epoch 27] [Time: 8.10729694366455]
L000753 | [Train Loss: 1.5697]
L000754 | [Train F1: 0.8532875343096283]
L000755 | [Train Acc: 0.8546910755148741]
L000756 | [Dev Loss: 3.8285]
L000757 | [Dev F1: 0.6964605200508335]
L000758 | [Dev Acc: 0.696113074204947]
L000759 | 
L000760-L000775 | [REDACTED: batch progress and internal diagnostics]
L000776 | [Epoch 28] [Time: 7.990617036819458]
L000777 | [Train Loss: 1.5627]
L000778 | [Train F1: 0.8572099391399116]
L000779 | [Train Acc: 0.8581235697940504]
L000780 | [Dev Loss: 4.0311]
L000781 | [Dev F1: 0.6758217927592043]
L000782 | [Dev Acc: 0.6749116607773852]
L000783 | 
L000784-L000799 | [REDACTED: batch progress and internal diagnostics]
L000800 | [Epoch 29] [Time: 7.949800729751587]
L000801 | [Train Loss: 1.4579]
L000802 | [Train F1: 0.8650276848458694]
L000803 | [Train Acc: 0.8661327231121282]
L000804 | [Dev Loss: 3.948]
L000805 | [Dev F1: 0.6954843947831352]
L000806 | [Dev Acc: 0.696113074204947]
L000807 | 
L000808-L000823 | [REDACTED: batch progress and internal diagnostics]
L000824 | [Epoch 30] [Time: 7.638655185699463]
L000825 | [Train Loss: 1.3974]
L000826 | [Train F1: 0.8705056134655963]
L000827 | [Train Acc: 0.8714721586575134]
L000828 | [Dev Loss: 4.0282]
L000829 | [Dev F1: 0.6836966968879138]
L000830 | [Dev Acc: 0.6837455830388692]
L000831 | 
L000832-L000847 | [REDACTED: batch progress and internal diagnostics]
L000848 | [Epoch 31] [Time: 8.627437114715576]
L000849 | [Train Loss: 1.3679]
L000850 | [Train F1: 0.8679803504975121]
L000851 | [Train Acc: 0.8688024408848207]
L000852 | [Dev Loss: 4.2577]
L000853 | [Dev F1: 0.6630399303394804]
L000854 | [Dev Acc: 0.6625441696113075]
L000855 | 
L000856-L000871 | [REDACTED: batch progress and internal diagnostics]
L000872 | [Epoch 32] [Time: 8.026095151901245]
L000873 | [Train Loss: 1.3322]
L000874 | [Train F1: 0.8769604470750658]
L000875 | [Train Acc: 0.8775743707093822]
L000876 | [Dev Loss: 3.9399]
L000877 | [Dev F1: 0.6755168576816659]
L000878 | [Dev Acc: 0.6749116607773852]
L000879 | 
L000880-L000895 | [REDACTED: batch progress and internal diagnostics]
L000896 | [Epoch 33] [Time: 8.114085912704468]
L000897 | [Train Loss: 1.3605]
L000898 | [Train F1: 0.8676019215682489]
L000899 | [Train Acc: 0.868230358504958]
L000900 | [Dev Loss: 4.2549]
L000901 | [Dev F1: 0.6870708079364725]
L000902 | [Dev Acc: 0.6890459363957597]
L000903 | 
L000904-L000919 | [REDACTED: batch progress and internal diagnostics]
L000920 | [Epoch 34] [Time: 8.76731538772583]
L000921 | [Train Loss: 1.3322]
L000922 | [Train F1: 0.87090854234208]
L000923 | [Train Acc: 0.8724256292906178]
L000924 | [Dev Loss: 4.2456]
L000925 | [Dev F1: 0.683061579729691]
L000926 | [Dev Acc: 0.6837455830388692]
L000927 | 
L000928-L000943 | [REDACTED: batch progress and internal diagnostics]
L000944 | [Epoch 35] [Time: 8.165967464447021]
L000945 | [Train Loss: 1.231]
L000946 | [Train F1: 0.8872316679027707]
L000947 | [Train Acc: 0.8874904652936689]
L000948 | [Dev Loss: 4.2498]
L000949 | [Dev F1: 0.6447850066842766]
L000950 | [Dev Acc: 0.6448763250883393]
L000951 | 
L000952-L000967 | [REDACTED: batch progress and internal diagnostics]
L000968 | [Epoch 36] [Time: 7.781530857086182]
L000969 | [Train Loss: 1.1982]
L000970 | [Train F1: 0.8871159306164587]
L000971 | [Train Acc: 0.8878718535469108]
L000972 | [Dev Loss: 4.1645]
L000973 | [Dev F1: 0.6777727952231478]
L000974 | [Dev Acc: 0.6784452296819788]
L000975 | 
L000976-L000991 | [REDACTED: batch progress and internal diagnostics]
L000992 | [Epoch 37] [Time: 8.072449207305908]
L000993 | [Train Loss: 1.1372]
L000994 | [Train F1: 0.8922084608262403]
L000995 | [Train Acc: 0.8928299008390541]
L000996 | [Dev Loss: 4.0909]
L000997 | [Dev F1: 0.6646064300776605]
L000998 | [Dev Acc: 0.6643109540636042]
L000999 | 
L001000-L001015 | [REDACTED: batch progress and internal diagnostics]
L001016 | [Epoch 38] [Time: 7.86099648475647]
L001017 | [Train Loss: 1.1079]
L001018 | [Train F1: 0.8989318363256166]
L001019 | [Train Acc: 0.8995041952707856]
L001020 | [Dev Loss: 4.3012]
L001021 | [Dev F1: 0.6793219228333458]
L001022 | [Dev Acc: 0.6802120141342756]
L001023 | 
L001024-L001039 | [REDACTED: batch progress and internal diagnostics]
L001040 | [Epoch 39] [Time: 8.522269248962402]
L001041 | [Train Loss: 1.1269]
L001042 | [Train F1: 0.895914016580395]
L001043 | [Train Acc: 0.8964530892448512]
L001044 | [Dev Loss: 4.4458]
L001045 | [Dev F1: 0.6701256208920996]
L001046 | [Dev Acc: 0.6696113074204947]
L001047 | 
L001048-L001063 | [REDACTED: batch progress and internal diagnostics]
L001064 | [Epoch 40] [Time: 8.0006422996521]
L001065 | [Train Loss: 1.0685]
L001066 | [Train F1: 0.8993618549816702]
L001067 | [Train Acc: 0.8998855835240275]
L001068 | [Dev Loss: 4.2169]
L001069 | [Dev F1: 0.6404995477242112]
L001070 | [Dev Acc: 0.6395759717314488]
L001071 | 
L001072-L001087 | [REDACTED: batch progress and internal diagnostics]
L001088 | [Epoch 41] [Time: 8.584729433059692]
L001089 | [Train Loss: 1.0301]
L001090 | [Train F1: 0.9005210355863408]
L001091 | [Train Acc: 0.9010297482837528]
L001092 | [Dev Loss: 4.6946]
L001093 | [Dev F1: 0.6579295584652838]
L001094 | [Dev Acc: 0.657243816254417]
L001095 | 
L001096-L001111 | [REDACTED: batch progress and internal diagnostics]
L001112 | [Epoch 42] [Time: 8.18868899345398]
L001113 | [Train Loss: 1.0247]
L001114 | [Train F1: 0.9042870505018464]
L001115 | [Train Acc: 0.9048436308161708]
L001116 | [Dev Loss: 4.4915]
L001117 | [Dev F1: 0.6838101432917648]
L001118 | [Dev Acc: 0.6837455830388692]
L001119 | 
L001120-L001135 | [REDACTED: batch progress and internal diagnostics]
L001136 | [Epoch 43] [Time: 8.265012741088867]
L001137 | [Train Loss: 1.0192]
L001138 | [Train F1: 0.9069492710821756]
L001139 | [Train Acc: 0.9073226544622426]
L001140 | [Dev Loss: 4.4227]
L001141 | [Dev F1: 0.6437734957391774]
L001142 | [Dev Acc: 0.6431095406360424]
L001143 | 
L001144-L001159 | [REDACTED: batch progress and internal diagnostics]
L001160 | [Epoch 44] [Time: 8.166249513626099]
L001161 | [Train Loss: 0.9868]
L001162 | [Train F1: 0.9038676074821553]
L001163 | [Train Acc: 0.9042715484363082]
L001164 | [Dev Loss: 4.7123]
L001165 | [Dev F1: 0.6631566123714235]
L001166 | [Dev Acc: 0.6625441696113075]
L001167 | Early stopping at epoch: 44
L001168 | Last model
L001169 |               precision    recall  f1-score   support
L001170 | 
L001171 |          hap     0.5789    0.3056    0.4000       144
L001172 |          sad     0.8119    0.7224    0.7646       245
L001173 |          neu     0.5920    0.8125    0.6850       384
L001174 |          ang     0.5165    0.5529    0.5341       170
L001175 |          exc     0.7129    0.7559    0.7338       299
L001176 |          fru     0.6304    0.5013    0.5585       381
L001177 | 
L001178 |     accuracy                         0.6433      1623
L001179 |    macro avg     0.6404    0.6084    0.6126      1623
L001180 | weighted avg     0.6474    0.6433    0.6352      1623
L001181 | 
L001182 | Best model at epoch: 19
L001183 | Best dev F1: 0.7132142848345943
L001184 |               precision    recall  f1-score   support
L001185 | 
L001186 |          hap     0.5000    0.4792    0.4894       144
L001187 |          sad     0.8214    0.8449    0.8330       245
L001188 |          neu     0.6000    0.7812    0.6787       384
L001189 |          ang     0.6185    0.6294    0.6239       170
L001190 |          exc     0.7538    0.6555    0.7013       299
L001191 |          fru     0.6733    0.5302    0.5932       381
L001192 | 
L001193 |     accuracy                         0.6661      1623
L001194 |    macro avg     0.6612    0.6534    0.6532      1623
L001195 | weighted avg     0.6720    0.6661    0.6636      1623
L001196 | 
L001197 | Best test F1: 0.6635558019568307
L001198 | Best test Acc: 0.6660505237215034
L001199 | [SANITIZED] Saved checkpoint: [path and filename removed]
