# Redacted copy of an existing run log.
# run_id: G13-seed2
# dataset: IEMOCAP
# model: MM-DFN+AMBER
# imr: (0.3,0.5,0.7)
# seed_alias: seed2
# original_log_sha256: 01771a94d9fdc76e37b8b42cd5d2cb75aa547d6fd6f4d4a0d6298f4ef7693d0b
# source_record_status: ok
# source_record_process_return_code: 3221226505
# L numbers refer to source logical lines; REDACTED/SANITIZED text is editorial.
L000001-L000076 | [REDACTED: configuration or implementation details]
L000077 | [SANITIZED] Seed alias: seed2
L000078 | 
L000079-L000080 | [REDACTED: batch progress and internal diagnostics]
L000081 | 
L000082-L000083 | [REDACTED: batch progress and internal diagnostics]
L000084 | 
L000085-L000086 | [REDACTED: batch progress and internal diagnostics]
L000087 | 
L000088-L000103 | [REDACTED: batch progress and internal diagnostics]
L000104 | [Epoch 0] [Time: 8.721343755722046]
L000105 | [Train Loss: 9.2884]
L000106 | [Train F1: 0.24446087208272577]
L000107 | [Train Acc: 0.27020740453576275]
L000108 | [Dev Loss: 8.2387]
L000109 | [Dev F1: 0.310606887583843]
L000110 | [Dev Acc: 0.3870967741935484]
L000111 | 
L000112-L000127 | [REDACTED: batch progress and internal diagnostics]
L000128 | [Epoch 1] [Time: 8.318073511123657]
L000129 | [Train Loss: 7.5779]
L000130 | [Train F1: 0.42357131736254355]
L000131 | [Train Acc: 0.45880984686954834]
L000132 | [Dev Loss: 7.114]
L000133 | [Dev F1: 0.4472077802863158]
L000134 | [Dev Acc: 0.48847926267281105]
L000135 | 
L000136-L000151 | [REDACTED: batch progress and internal diagnostics]
L000152 | [Epoch 2] [Time: 7.755359888076782]
L000153 | [Train Loss: 6.3848]
L000154 | [Train F1: 0.4871287305254904]
L000155 | [Train Acc: 0.5157976352006203]
L000156 | [Dev Loss: 6.095]
L000157 | [Dev F1: 0.5406674331100808]
L000158 | [Dev Acc: 0.5560675883256528]
L000159 | 
L000160-L000175 | [REDACTED: batch progress and internal diagnostics]
L000176 | [Epoch 3] [Time: 7.90725040435791]
L000177 | [Train Loss: 5.4387]
L000178 | [Train F1: 0.5767196538451306]
L000179 | [Train Acc: 0.5848032564450475]
L000180 | [Dev Loss: 5.4857]
L000181 | [Dev F1: 0.5608972373111004]
L000182 | [Dev Acc: 0.5698924731182796]
L000183 | 
L000184-L000199 | [REDACTED: batch progress and internal diagnostics]
L000200 | [Epoch 4] [Time: 8.150920152664185]
L000201 | [Train Loss: 4.8618]
L000202 | [Train F1: 0.5976254481100494]
L000203 | [Train Acc: 0.6036053498740066]
L000204 | [Dev Loss: 5.1696]
L000205 | [Dev F1: 0.5707160484588689]
L000206 | [Dev Acc: 0.5821812596006144]
L000207 | 
L000208-L000223 | [REDACTED: batch progress and internal diagnostics]
L000224 | [Epoch 5] [Time: 7.769482612609863]
L000225 | [Train Loss: 4.4286]
L000226 | [Train F1: 0.6291950767436604]
L000227 | [Train Acc: 0.6332622601279317]
L000228 | [Dev Loss: 4.8474]
L000229 | [Dev F1: 0.5704004701906202]
L000230 | [Dev Acc: 0.5791090629800307]
L000231 | 
L000232-L000247 | [REDACTED: batch progress and internal diagnostics]
L000248 | [Epoch 6] [Time: 7.863568067550659]
L000249 | [Train Loss: 4.0684]
L000250 | [Train F1: 0.6559197492341543]
L000251 | [Train Acc: 0.6576855979841054]
L000252 | [Dev Loss: 4.7682]
L000253 | [Dev F1: 0.5751278032619211]
L000254 | [Dev Acc: 0.5867895545314901]
L000255 | 
L000256-L000271 | [REDACTED: batch progress and internal diagnostics]
L000272 | [Epoch 7] [Time: 8.193098783493042]
L000273 | [Train Loss: 3.8073]
L000274 | [Train F1: 0.6799721572350985]
L000275 | [Train Acc: 0.6828842798992053]
L000276 | [Dev Loss: 4.6084]
L000277 | [Dev F1: 0.5940880820039031]
L000278 | [Dev Acc: 0.6036866359447005]
L000279 | 
L000280-L000295 | [REDACTED: batch progress and internal diagnostics]
L000296 | [Epoch 8] [Time: 7.943658351898193]
L000297 | [Train Loss: 3.5594]
L000298 | [Train F1: 0.7014088148343937]
L000299 | [Train Acc: 0.702267881372359]
L000300 | [Dev Loss: 4.3958]
L000301 | [Dev F1: 0.6144602497509184]
L000302 | [Dev Acc: 0.6221198156682027]
L000303 | 
L000304-L000319 | [REDACTED: batch progress and internal diagnostics]
L000320 | [Epoch 9] [Time: 8.377043962478638]
L000321 | [Train Loss: 3.3985]
L000322 | [Train F1: 0.7145308045909889]
L000323 | [Train Acc: 0.7164179104477612]
L000324 | [Dev Loss: 4.4037]
L000325 | [Dev F1: 0.6301784904000131]
L000326 | [Dev Acc: 0.6374807987711214]
L000327 | 
L000328-L000343 | [REDACTED: batch progress and internal diagnostics]
L000344 | [Epoch 10] [Time: 7.797440528869629]
L000345 | [Train Loss: 3.2732]
L000346 | [Train F1: 0.7267200310741749]
L000347 | [Train Acc: 0.7284357433611165]
L000348 | [Dev Loss: 4.2903]
L000349 | [Dev F1: 0.6355853024962927]
L000350 | [Dev Acc: 0.642089093701997]
L000351 | 
L000352-L000367 | [REDACTED: batch progress and internal diagnostics]
L000368 | [Epoch 11] [Time: 7.67910361289978]
L000369 | [Train Loss: 3.0647]
L000370 | [Train F1: 0.7348288239852272]
L000371 | [Train Acc: 0.7358015119209149]
L000372 | [Dev Loss: 4.2676]
L000373 | [Dev F1: 0.6527049849367547]
L000374 | [Dev Acc: 0.6574500768049155]
L000375 | 
L000376-L000391 | [REDACTED: batch progress and internal diagnostics]
L000392 | [Epoch 12] [Time: 8.050604343414307]
L000393 | [Train Loss: 2.9089]
L000394 | [Train F1: 0.7547181414455708]
L000395 | [Train Acc: 0.7563481294824579]
L000396 | [Dev Loss: 4.2916]
L000397 | [Dev F1: 0.6570225019632485]
L000398 | [Dev Acc: 0.663594470046083]
L000399 | 
L000400-L000415 | [REDACTED: batch progress and internal diagnostics]
L000416 | [Epoch 13] [Time: 7.418036699295044]
L000417 | [Train Loss: 2.7109]
L000418 | [Train F1: 0.7684778374759496]
L000419 | [Train Acc: 0.7703043225431285]
L000420 | [Dev Loss: 4.136]
L000421 | [Dev F1: 0.6512147134791486]
L000422 | [Dev Acc: 0.6559139784946236]
L000423 | 
L000424-L000439 | [REDACTED: batch progress and internal diagnostics]
L000440 | [Epoch 14] [Time: 7.972793102264404]
L000441 | [Train Loss: 2.5619]
L000442 | [Train F1: 0.7794015510966668]
L000443 | [Train Acc: 0.7801899592944369]
L000444 | [Dev Loss: 4.2793]
L000445 | [Dev F1: 0.6520732644639055]
L000446 | [Dev Acc: 0.6605222734254992]
L000447 | 
L000448-L000463 | [REDACTED: batch progress and internal diagnostics]
L000464 | [Epoch 15] [Time: 8.149677991867065]
L000465 | [Train Loss: 2.4353]
L000466 | [Train F1: 0.7940643463110211]
L000467 | [Train Acc: 0.7951153324287653]
L000468 | [Dev Loss: 4.2228]
L000469 | [Dev F1: 0.6625230467468904]
L000470 | [Dev Acc: 0.6682027649769585]
L000471 | 
L000472-L000487 | [REDACTED: batch progress and internal diagnostics]
L000488 | [Epoch 16] [Time: 8.126632452011108]
L000489 | [Train Loss: 2.3792]
L000490 | [Train F1: 0.7912910686436376]
L000491 | [Train Acc: 0.7925954642372552]
L000492 | [Dev Loss: 4.1108]
L000493 | [Dev F1: 0.6588028390659482]
L000494 | [Dev Acc: 0.6651305683563749]
L000495 | 
L000496-L000511 | [REDACTED: batch progress and internal diagnostics]
L000512 | [Epoch 17] [Time: 8.231215476989746]
L000513 | [Train Loss: 2.2233]
L000514 | [Train F1: 0.803504323178107]
L000515 | [Train Acc: 0.8046132971506106]
L000516 | [Dev Loss: 4.1798]
L000517 | [Dev F1: 0.6613912443063755]
L000518 | [Dev Acc: 0.6682027649769585]
L000519 | 
L000520-L000535 | [REDACTED: batch progress and internal diagnostics]
L000536 | [Epoch 18] [Time: 7.645254850387573]
L000537 | [Train Loss: 2.1363]
L000538 | [Train F1: 0.8189907131378743]
L000539 | [Train Acc: 0.819538670284939]
L000540 | [Dev Loss: 4.3006]
L000541 | [Dev F1: 0.6517225910868104]
L000542 | [Dev Acc: 0.6589861751152074]
L000543 | 
L000544-L000559 | [REDACTED: batch progress and internal diagnostics]
L000560 | [Epoch 19] [Time: 8.272875785827637]
L000561 | [Train Loss: 2.0596]
L000562 | [Train F1: 0.8243103965114309]
L000563 | [Train Acc: 0.8251599147121536]
L000564 | [Dev Loss: 4.2291]
L000565 | [Dev F1: 0.6689505691638671]
L000566 | [Dev Acc: 0.6728110599078341]
L000567 | 
L000568-L000583 | [REDACTED: batch progress and internal diagnostics]
L000584 | [Epoch 20] [Time: 8.483763694763184]
L000585 | [Train Loss: 1.9881]
L000586 | [Train F1: 0.8317970201521893]
L000587 | [Train Acc: 0.832525683271952]
L000588 | [Dev Loss: 4.0788]
L000589 | [Dev F1: 0.6650104359876704]
L000590 | [Dev Acc: 0.6682027649769585]
L000591 | 
L000592-L000607 | [REDACTED: batch progress and internal diagnostics]
L000608 | [Epoch 21] [Time: 8.71074104309082]
L000609 | [Train Loss: 1.9539]
L000610 | [Train F1: 0.830550524857753]
L000611 | [Train Acc: 0.830393487109905]
L000612 | [Dev Loss: 4.5461]
L000613 | [Dev F1: 0.6390150297730417]
L000614 | [Dev Acc: 0.6513056835637481]
L000615 | 
L000616-L000631 | [REDACTED: batch progress and internal diagnostics]
L000632 | [Epoch 22] [Time: 8.067200660705566]
L000633 | [Train Loss: 1.8284]
L000634 | [Train F1: 0.8382467602484169]
L000635 | [Train Acc: 0.8396976158170188]
L000636 | [Dev Loss: 4.2445]
L000637 | [Dev F1: 0.6685932153707614]
L000638 | [Dev Acc: 0.674347158218126]
L000639 | 
L000640-L000655 | [REDACTED: batch progress and internal diagnostics]
L000656 | [Epoch 23] [Time: 8.338447570800781]
L000657 | [Train Loss: 1.768]
L000658 | [Train F1: 0.8464692238654754]
L000659 | [Train Acc: 0.8468695483620857]
L000660 | [Dev Loss: 4.5318]
L000661 | [Dev F1: 0.6458025346970658]
L000662 | [Dev Acc: 0.6559139784946236]
L000663 | 
L000664-L000679 | [REDACTED: batch progress and internal diagnostics]
L000680 | [Epoch 24] [Time: 7.99786639213562]
L000681 | [Train Loss: 1.7084]
L000682 | [Train F1: 0.8492509225783833]
L000683 | [Train Acc: 0.8499709245977902]
L000684 | [Dev Loss: 4.187]
L000685 | [Dev F1: 0.6762656693928418]
L000686 | [Dev Acc: 0.6789554531490015]
L000687 | 
L000688-L000703 | [REDACTED: batch progress and internal diagnostics]
L000704 | [Epoch 25] [Time: 8.36223840713501]
L000705 | [Train Loss: 1.7296]
L000706 | [Train F1: 0.839501218080785]
L000707 | [Train Acc: 0.8402791238612134]
L000708 | [Dev Loss: 4.3011]
L000709 | [Dev F1: 0.6661332311780468]
L000710 | [Dev Acc: 0.6712749615975423]
L000711 | 
L000712-L000727 | [REDACTED: batch progress and internal diagnostics]
L000728 | [Epoch 26] [Time: 8.176559925079346]
L000729 | [Train Loss: 1.6432]
L000730 | [Train F1: 0.8524594819728095]
L000731 | [Train Acc: 0.8528784648187633]
L000732 | [Dev Loss: 4.5858]
L000733 | [Dev F1: 0.648910228767514]
L000734 | [Dev Acc: 0.6574500768049155]
L000735 | 
L000736-L000751 | [REDACTED: batch progress and internal diagnostics]
L000752 | [Epoch 27] [Time: 7.788960695266724]
L000753 | [Train Loss: 1.5799]
L000754 | [Train F1: 0.8570527696647245]
L000755 | [Train Acc: 0.8575305291723202]
L000756 | [Dev Loss: 4.1743]
L000757 | [Dev F1: 0.6768991659690872]
L000758 | [Dev Acc: 0.6804915514592934]
L000759 | 
L000760-L000775 | [REDACTED: batch progress and internal diagnostics]
L000776 | [Epoch 28] [Time: 8.019978761672974]
L000777 | [Train Loss: 1.5185]
L000778 | [Train F1: 0.8672942429877748]
L000779 | [Train Acc: 0.8678038379530917]
L000780 | [Dev Loss: 4.4409]
L000781 | [Dev F1: 0.6643984384259032]
L000782 | [Dev Acc: 0.6697388632872504]
L000783 | 
L000784-L000799 | [REDACTED: batch progress and internal diagnostics]
L000800 | [Epoch 29] [Time: 8.017627954483032]
L000801 | [Train Loss: 1.4811]
L000802 | [Train F1: 0.8646696844302414]
L000803 | [Train Acc: 0.8654778057763133]
L000804 | [Dev Loss: 4.4467]
L000805 | [Dev F1: 0.6578442317039854]
L000806 | [Dev Acc: 0.663594470046083]
L000807 | 
L000808-L000823 | [REDACTED: batch progress and internal diagnostics]
L000824 | [Epoch 30] [Time: 8.187517642974854]
L000825 | [Train Loss: 1.411]
L000826 | [Train F1: 0.8724091472183687]
L000827 | [Train Acc: 0.8730374103508431]
L000828 | [Dev Loss: 4.5254]
L000829 | [Dev F1: 0.6616815609716983]
L000830 | [Dev Acc: 0.6682027649769585]
L000831 | 
L000832-L000847 | [REDACTED: batch progress and internal diagnostics]
L000848 | [Epoch 31] [Time: 7.873980760574341]
L000849 | [Train Loss: 1.3782]
L000850 | [Train F1: 0.874410233122899]
L000851 | [Train Acc: 0.8751696065128901]
L000852 | [Dev Loss: 4.2966]
L000853 | [Dev F1: 0.681421539907992]
L000854 | [Dev Acc: 0.685099846390169]
L000855 | 
L000856-L000871 | [REDACTED: batch progress and internal diagnostics]
L000872 | [Epoch 32] [Time: 8.28028392791748]
L000873 | [Train Loss: 1.3554]
L000874 | [Train F1: 0.8689599499909034]
L000875 | [Train Acc: 0.8695483620856755]
L000876 | [Dev Loss: 4.7414]
L000877 | [Dev F1: 0.6442331053316301]
L000878 | [Dev Acc: 0.65284178187404]
L000879 | 
L000880-L000895 | [REDACTED: batch progress and internal diagnostics]
L000896 | [Epoch 33] [Time: 8.176325798034668]
L000897 | [Train Loss: 1.3016]
L000898 | [Train F1: 0.8873255420910312]
L000899 | [Train Acc: 0.8875751114557084]
L000900 | [Dev Loss: 4.7967]
L000901 | [Dev F1: 0.6548945490007698]
L000902 | [Dev Acc: 0.6605222734254992]
L000903 | 
L000904-L000919 | [REDACTED: batch progress and internal diagnostics]
L000920 | [Epoch 34] [Time: 8.09224820137024]
L000921 | [Train Loss: 1.2207]
L000922 | [Train F1: 0.888836906819045]
L000923 | [Train Acc: 0.8893196355882923]
L000924 | [Dev Loss: 4.6667]
L000925 | [Dev F1: 0.6804180352279955]
L000926 | [Dev Acc: 0.685099846390169]
L000927 | 
L000928-L000943 | [REDACTED: batch progress and internal diagnostics]
L000944 | [Epoch 35] [Time: 8.024891138076782]
L000945 | [Train Loss: 1.1921]
L000946 | [Train F1: 0.8900711761178162]
L000947 | [Train Acc: 0.890676487691413]
L000948 | [Dev Loss: 4.7704]
L000949 | [Dev F1: 0.6832171631989884]
L000950 | [Dev Acc: 0.6881720430107527]
L000951 | 
L000952-L000967 | [REDACTED: batch progress and internal diagnostics]
L000968 | [Epoch 36] [Time: 7.845326900482178]
L000969 | [Train Loss: 1.2011]
L000970 | [Train F1: 0.8892276891256267]
L000971 | [Train Acc: 0.8897073076177554]
L000972 | [Dev Loss: 4.905]
L000973 | [Dev F1: 0.6312423602617394]
L000974 | [Dev Acc: 0.642089093701997]
L000975 | 
L000976-L000991 | [REDACTED: batch progress and internal diagnostics]
L000992 | [Epoch 37] [Time: 8.762683629989624]
L000993 | [Train Loss: 1.1697]
L000994 | [Train F1: 0.8947628123880857]
L000995 | [Train Acc: 0.8951347160302384]
L000996 | [Dev Loss: 4.7384]
L000997 | [Dev F1: 0.6645299895252191]
L000998 | [Dev Acc: 0.6728110599078341]
L000999 | 
L001000-L001015 | [REDACTED: batch progress and internal diagnostics]
L001016 | [Epoch 38] [Time: 7.592458009719849]
L001017 | [Train Loss: 1.1186]
L001018 | [Train F1: 0.8985509296552574]
L001019 | [Train Acc: 0.8988176003101376]
L001020 | [Dev Loss: 4.9094]
L001021 | [Dev F1: 0.6429877744442558]
L001022 | [Dev Acc: 0.6513056835637481]
L001023 | 
L001024-L001039 | [REDACTED: batch progress and internal diagnostics]
L001040 | [Epoch 39] [Time: 8.114123582839966]
L001041 | [Train Loss: 1.0521]
L001042 | [Train F1: 0.9054891967822366]
L001043 | [Train Acc: 0.9059895328552044]
L001044 | [Dev Loss: 5.1676]
L001045 | [Dev F1: 0.6440022068727629]
L001046 | [Dev Acc: 0.6513056835637481]
L001047 | 
L001048-L001063 | [REDACTED: batch progress and internal diagnostics]
L001064 | [Epoch 40] [Time: 7.890983581542969]
L001065 | [Train Loss: 1.0509]
L001066 | [Train F1: 0.9060717675709539]
L001067 | [Train Acc: 0.9063772048846676]
L001068 | [Dev Loss: 4.6977]
L001069 | [Dev F1: 0.6749282698951343]
L001070 | [Dev Acc: 0.6774193548387096]
L001071 | 
L001072-L001087 | [REDACTED: batch progress and internal diagnostics]
L001088 | [Epoch 41] [Time: 8.32112741470337]
L001089 | [Train Loss: 1.0587]
L001090 | [Train F1: 0.8983386356503343]
L001091 | [Train Acc: 0.8988176003101376]
L001092 | [Dev Loss: 5.2123]
L001093 | [Dev F1: 0.6484541232322185]
L001094 | [Dev Acc: 0.6559139784946236]
L001095 | 
L001096-L001111 | [REDACTED: batch progress and internal diagnostics]
L001112 | [Epoch 42] [Time: 7.802873611450195]
L001113 | [Train Loss: 1.0001]
L001114 | [Train F1: 0.90589801234021]
L001115 | [Train Acc: 0.906183368869936]
L001116 | [Dev Loss: 4.8819]
L001117 | [Dev F1: 0.6696690229624783]
L001118 | [Dev Acc: 0.6758832565284179]
L001119 | 
L001120-L001135 | [REDACTED: batch progress and internal diagnostics]
L001136 | [Epoch 43] [Time: 8.127427101135254]
L001137 | [Train Loss: 0.97]
L001138 | [Train F1: 0.9069948711642076]
L001139 | [Train Acc: 0.9073463849583252]
L001140 | [Dev Loss: 4.8319]
L001141 | [Dev F1: 0.6788009742154327]
L001142 | [Dev Acc: 0.6820276497695853]
L001143 | 
L001144-L001159 | [REDACTED: batch progress and internal diagnostics]
L001160 | [Epoch 44] [Time: 7.698071002960205]
L001161 | [Train Loss: 0.986]
L001162 | [Train F1: 0.9080904465692627]
L001163 | [Train Acc: 0.908315565031983]
L001164 | [Dev Loss: 5.2728]
L001165 | [Dev F1: 0.6292077358150785]
L001166 | [Dev Acc: 0.6390168970814132]
L001167 | 
L001168-L001183 | [REDACTED: batch progress and internal diagnostics]
L001184 | [Epoch 45] [Time: 8.260772705078125]
L001185 | [Train Loss: 0.9516]
L001186 | [Train F1: 0.9098520169923856]
L001187 | [Train Acc: 0.9102539251792983]
L001188 | [Dev Loss: 4.9521]
L001189 | [Dev F1: 0.6707205937293418]
L001190 | [Dev Acc: 0.6728110599078341]
L001191 | 
L001192-L001207 | [REDACTED: batch progress and internal diagnostics]
L001208 | [Epoch 46] [Time: 8.171801805496216]
L001209 | [Train Loss: 0.9468]
L001210 | [Train F1: 0.9082368589945603]
L001211 | [Train Acc: 0.9087032370614461]
L001212 | [Dev Loss: 5.4102]
L001213 | [Dev F1: 0.6425480991768668]
L001214 | [Dev Acc: 0.6497695852534562]
L001215 | 
L001216-L001231 | [REDACTED: batch progress and internal diagnostics]
L001232 | [Epoch 47] [Time: 8.5786452293396]
L001233 | [Train Loss: 0.8836]
L001234 | [Train F1: 0.9163119644452088]
L001235 | [Train Acc: 0.916650513665439]
L001236 | [Dev Loss: 5.052]
L001237 | [Dev F1: 0.6453204077666644]
L001238 | [Dev Acc: 0.6482334869431644]
L001239 | 
L001240-L001255 | [REDACTED: batch progress and internal diagnostics]
L001256 | [Epoch 48] [Time: 8.180851936340332]
L001257 | [Train Loss: 0.936]
L001258 | [Train F1: 0.911243726547076]
L001259 | [Train Acc: 0.9116107772824191]
L001260 | [Dev Loss: 5.6779]
L001261 | [Dev F1: 0.6313980036787263]
L001262 | [Dev Acc: 0.6405529953917051]
L001263 | 
L001264-L001279 | [REDACTED: batch progress and internal diagnostics]
L001280 | [Epoch 49] [Time: 7.6069676876068115]
L001281 | [Train Loss: 0.8513]
L001282 | [Train F1: 0.9221926138447925]
L001283 | [Train Acc: 0.9224655941073852]
L001284 | [Dev Loss: 5.1275]
L001285 | [Dev F1: 0.6435234116816079]
L001286 | [Dev Acc: 0.6482334869431644]
L001287 | 
L001288-L001303 | [REDACTED: batch progress and internal diagnostics]
L001304 | [Epoch 50] [Time: 7.950128793716431]
L001305 | [Train Loss: 0.8476]
L001306 | [Train F1: 0.9197563104978038]
L001307 | [Train Acc: 0.9199457259158752]
L001308 | [Dev Loss: 5.2941]
L001309 | [Dev F1: 0.641199070636687]
L001310 | [Dev Acc: 0.6482334869431644]
L001311 | 
L001312-L001327 | [REDACTED: batch progress and internal diagnostics]
L001328 | [Epoch 51] [Time: 7.77133846282959]
L001329 | [Train Loss: 0.8122]
L001330 | [Train F1: 0.9248997611711416]
L001331 | [Train Acc: 0.9251792983136267]
L001332 | [Dev Loss: 5.2551]
L001333 | [Dev F1: 0.652696533533468]
L001334 | [Dev Acc: 0.6589861751152074]
L001335 | 
L001336-L001351 | [REDACTED: batch progress and internal diagnostics]
L001352 | [Epoch 52] [Time: 7.814746618270874]
L001353 | [Train Loss: 0.7621]
L001354 | [Train F1: 0.9330462304434107]
L001355 | [Train Acc: 0.9333204109323512]
L001356 | [Dev Loss: 5.5354]
L001357 | [Dev F1: 0.6227794401955036]
L001358 | [Dev Acc: 0.6298003072196621]
L001359 | 
L001360-L001375 | [REDACTED: batch progress and internal diagnostics]
L001376 | [Epoch 53] [Time: 7.486495733261108]
L001377 | [Train Loss: 0.7293]
L001378 | [Train F1: 0.9315888518547178]
L001379 | [Train Acc: 0.9319635588292304]
L001380 | [Dev Loss: 5.4866]
L001381 | [Dev F1: 0.6602071013887227]
L001382 | [Dev Acc: 0.6651305683563749]
L001383 | 
L001384-L001399 | [REDACTED: batch progress and internal diagnostics]
L001400 | [Epoch 54] [Time: 7.375097036361694]
L001401 | [Train Loss: 0.7218]
L001402 | [Train F1: 0.9323530831855187]
L001403 | [Train Acc: 0.9325450668734251]
L001404 | [Dev Loss: 5.4874]
L001405 | [Dev F1: 0.6585092762394942]
L001406 | [Dev Acc: 0.663594470046083]
L001407 | 
L001408-L001423 | [REDACTED: batch progress and internal diagnostics]
L001424 | [Epoch 55] [Time: 7.424606800079346]
L001425 | [Train Loss: 0.7027]
L001426 | [Train F1: 0.9372351807894812]
L001427 | [Train Acc: 0.9373909672417136]
L001428 | [Dev Loss: 5.9541]
L001429 | [Dev F1: 0.6167424986718804]
L001430 | [Dev Acc: 0.6267281105990783]
L001431 | 
L001432-L001447 | [REDACTED: batch progress and internal diagnostics]
L001448 | [Epoch 56] [Time: 7.685773611068726]
L001449 | [Train Loss: 0.7136]
L001450 | [Train F1: 0.9304197833885804]
L001451 | [Train Acc: 0.9308005427408412]
L001452 | [Dev Loss: 5.568]
L001453 | [Dev F1: 0.6381825454078963]
L001454 | [Dev Acc: 0.6451612903225806]
L001455 | 
L001456-L001471 | [REDACTED: batch progress and internal diagnostics]
L001472 | [Epoch 57] [Time: 7.721887826919556]
L001473 | [Train Loss: 0.6284]
L001474 | [Train F1: 0.9419626362438651]
L001475 | [Train Acc: 0.9420430315952704]
L001476 | [Dev Loss: 5.8453]
L001477 | [Dev F1: 0.6440276648435165]
L001478 | [Dev Acc: 0.6497695852534562]
L001479 | 
L001480-L001495 | [REDACTED: batch progress and internal diagnostics]
L001496 | [Epoch 58] [Time: 7.893275499343872]
L001497 | [Train Loss: 0.6513]
L001498 | [Train F1: 0.9438831460347392]
L001499 | [Train Acc: 0.9439813917425858]
L001500 | [Dev Loss: 5.8716]
L001501 | [Dev F1: 0.6333068439892952]
L001502 | [Dev Acc: 0.6405529953917051]
L001503 | 
L001504-L001519 | [REDACTED: batch progress and internal diagnostics]
L001520 | [Epoch 59] [Time: 8.039393424987793]
L001521 | [Train Loss: 0.6345]
L001522 | [Train F1: 0.9412724562680967]
L001523 | [Train Acc: 0.9414615235510758]
L001524 | [Dev Loss: 6.1956]
L001525 | [Dev F1: 0.6296884525014427]
L001526 | [Dev Acc: 0.642089093701997]
L001527 | 
L001528-L001543 | [REDACTED: batch progress and internal diagnostics]
L001544 | [Epoch 60] [Time: 7.834785461425781]
L001545 | [Train Loss: 0.6079]
L001546 | [Train F1: 0.9434033629364297]
L001547 | [Train Acc: 0.9435937197131227]
L001548 | [Dev Loss: 5.9065]
L001549 | [Dev F1: 0.6443166334028955]
L001550 | [Dev Acc: 0.65284178187404]
L001551 | Early stopping at epoch: 60
L001552 | Last model
L001553 |               precision    recall  f1-score   support
L001554 | 
L001555 |          hap     0.5196    0.3681    0.4309       144
L001556 |          sad     0.8426    0.7429    0.7896       245
L001557 |          neu     0.6146    0.7891    0.6910       384
L001558 |          ang     0.5606    0.6529    0.6033       170
L001559 |          exc     0.7703    0.7291    0.7491       299
L001560 |          fru     0.6556    0.5696    0.6096       381
L001561 | 
L001562 |     accuracy                         0.6679      1623
L001563 |    macro avg     0.6606    0.6419    0.6456      1623
L001564 | weighted avg     0.6732    0.6679    0.6652      1623
L001565 | 
L001566 | Best model at epoch: 35
L001567 | Best dev F1: 0.6832171631989884
L001568 |               precision    recall  f1-score   support
L001569 | 
L001570 |          hap     0.5979    0.4028    0.4813       144
L001571 |          sad     0.8285    0.8082    0.8182       245
L001572 |          neu     0.6115    0.7786    0.6850       384
L001573 |          ang     0.5689    0.5588    0.5638       170
L001574 |          exc     0.7660    0.7224    0.7435       299
L001575 |          fru     0.6504    0.5958    0.6219       381
L001576 | 
L001577 |     accuracy                         0.6734      1623
L001578 |    macro avg     0.6705    0.6444    0.6523      1623
L001579 | weighted avg     0.6762    0.6734    0.6703      1623
L001580 | 
L001581 | Best test F1: 0.6703142756721183
L001582 | Best test Acc: 0.6734442390634627
L001583 | [SANITIZED] Saved checkpoint: [path and filename removed]
