# Redacted copy of an existing run log.
# run_id: G13-seed5
# dataset: IEMOCAP
# model: MM-DFN+AMBER
# imr: (0.3,0.5,0.7)
# seed_alias: seed5
# original_log_sha256: 02060e01f5004476a82a5d99dfcfbdbe363435c53ff1cdf85ff340cbdc75d22c
# source_record_status: ok
# source_record_process_return_code: 3221226505
# L numbers refer to source logical lines; REDACTED/SANITIZED text is editorial.
L000001-L000076 | [REDACTED: configuration or implementation details]
L000077 | [SANITIZED] Seed alias: seed5
L000078 | 
L000079-L000080 | [REDACTED: batch progress and internal diagnostics]
L000081 | 
L000082-L000083 | [REDACTED: batch progress and internal diagnostics]
L000084 | 
L000085-L000086 | [REDACTED: batch progress and internal diagnostics]
L000087 | 
L000088-L000103 | [REDACTED: batch progress and internal diagnostics]
L000104 | [Epoch 0] [Time: 8.33219027519226]
L000105 | [Train Loss: 9.3263]
L000106 | [Train F1: 0.28349149405201507]
L000107 | [Train Acc: 0.29433237271853985]
L000108 | [Dev Loss: 6.9948]
L000109 | [Dev F1: 0.291649672630194]
L000110 | [Dev Acc: 0.315702479338843]
L000111 | 
L000112-L000127 | [REDACTED: batch progress and internal diagnostics]
L000128 | [Epoch 1] [Time: 8.061662912368774]
L000129 | [Train Loss: 7.5627]
L000130 | [Train F1: 0.4248855411474388]
L000131 | [Train Acc: 0.4543707973102786]
L000132 | [Dev Loss: 6.5403]
L000133 | [Dev F1: 0.3714166983332044]
L000134 | [Dev Acc: 0.3785123966942149]
L000135 | 
L000136-L000151 | [REDACTED: batch progress and internal diagnostics]
L000152 | [Epoch 2] [Time: 8.093863010406494]
L000153 | [Train Loss: 6.4293]
L000154 | [Train F1: 0.4939042007607213]
L000155 | [Train Acc: 0.5170028818443804]
L000156 | [Dev Loss: 5.6954]
L000157 | [Dev F1: 0.512011840956987]
L000158 | [Dev Acc: 0.5024793388429752]
L000159 | 
L000160-L000175 | [REDACTED: batch progress and internal diagnostics]
L000176 | [Epoch 3] [Time: 8.293723106384277]
L000177 | [Train Loss: 5.551]
L000178 | [Train F1: 0.554398092787509]
L000179 | [Train Acc: 0.5656099903938521]
L000180 | [Dev Loss: 4.8459]
L000181 | [Dev F1: 0.6019922493057261]
L000182 | [Dev Acc: 0.5933884297520661]
L000183 | 
L000184-L000199 | [REDACTED: batch progress and internal diagnostics]
L000200 | [Epoch 4] [Time: 8.034343957901001]
L000201 | [Train Loss: 5.0356]
L000202 | [Train F1: 0.5937377880176162]
L000203 | [Train Acc: 0.5980787704130643]
L000204 | [Dev Loss: 4.4953]
L000205 | [Dev F1: 0.6091237239761601]
L000206 | [Dev Acc: 0.6016528925619835]
L000207 | 
L000208-L000223 | [REDACTED: batch progress and internal diagnostics]
L000224 | [Epoch 5] [Time: 7.916639089584351]
L000225 | [Train Loss: 4.5616]
L000226 | [Train F1: 0.6056524049229562]
L000227 | [Train Acc: 0.6147934678194045]
L000228 | [Dev Loss: 4.3166]
L000229 | [Dev F1: 0.617283512157081]
L000230 | [Dev Acc: 0.6099173553719008]
L000231 | 
L000232-L000247 | [REDACTED: batch progress and internal diagnostics]
L000248 | [Epoch 6] [Time: 8.377265453338623]
L000249 | [Train Loss: 4.2301]
L000250 | [Train F1: 0.6516554290782184]
L000251 | [Train Acc: 0.657252641690682]
L000252 | [Dev Loss: 3.9449]
L000253 | [Dev F1: 0.6362884958603696]
L000254 | [Dev Acc: 0.6297520661157024]
L000255 | 
L000256-L000271 | [REDACTED: batch progress and internal diagnostics]
L000272 | [Epoch 7] [Time: 8.529944896697998]
L000273 | [Train Loss: 3.9072]
L000274 | [Train F1: 0.6678944894551782]
L000275 | [Train Acc: 0.6701248799231508]
L000276 | [Dev Loss: 3.8944]
L000277 | [Dev F1: 0.6451599857604473]
L000278 | [Dev Acc: 0.6363636363636364]
L000279 | 
L000280-L000295 | [REDACTED: batch progress and internal diagnostics]
L000296 | [Epoch 8] [Time: 8.053001642227173]
L000297 | [Train Loss: 3.7265]
L000298 | [Train F1: 0.6918603328825452]
L000299 | [Train Acc: 0.6958693563880883]
L000300 | [Dev Loss: 3.6848]
L000301 | [Dev F1: 0.655719469863582]
L000302 | [Dev Acc: 0.6495867768595042]
L000303 | 
L000304-L000319 | [REDACTED: batch progress and internal diagnostics]
L000320 | [Epoch 9] [Time: 7.634791135787964]
L000321 | [Train Loss: 3.4955]
L000322 | [Train F1: 0.7056072589517058]
L000323 | [Train Acc: 0.7081652257444765]
L000324 | [Dev Loss: 3.7919]
L000325 | [Dev F1: 0.6514016441793546]
L000326 | [Dev Acc: 0.6446280991735537]
L000327 | 
L000328-L000343 | [REDACTED: batch progress and internal diagnostics]
L000344 | [Epoch 10] [Time: 8.462733507156372]
L000345 | [Train Loss: 3.2611]
L000346 | [Train F1: 0.7167060233360694]
L000347 | [Train Acc: 0.7208453410182517]
L000348 | [Dev Loss: 3.4944]
L000349 | [Dev F1: 0.6825808175033417]
L000350 | [Dev Acc: 0.6793388429752066]
L000351 | 
L000352-L000367 | [REDACTED: batch progress and internal diagnostics]
L000368 | [Epoch 11] [Time: 8.125747442245483]
L000369 | [Train Loss: 3.0644]
L000370 | [Train F1: 0.7326167102332799]
L000371 | [Train Acc: 0.7348703170028819]
L000372 | [Dev Loss: 3.7753]
L000373 | [Dev F1: 0.6546655374784122]
L000374 | [Dev Acc: 0.6479338842975206]
L000375 | 
L000376-L000391 | [REDACTED: batch progress and internal diagnostics]
L000392 | [Epoch 12] [Time: 8.139265775680542]
L000393 | [Train Loss: 2.9883]
L000394 | [Train F1: 0.7417098913943724]
L000395 | [Train Acc: 0.7448607108549472]
L000396 | [Dev Loss: 3.4028]
L000397 | [Dev F1: 0.6892141368719148]
L000398 | [Dev Acc: 0.6859504132231405]
L000399 | 
L000400-L000415 | [REDACTED: batch progress and internal diagnostics]
L000416 | [Epoch 13] [Time: 8.095967054367065]
L000417 | [Train Loss: 2.8206]
L000418 | [Train F1: 0.7500171820065223]
L000419 | [Train Acc: 0.7517771373679155]
L000420 | [Dev Loss: 3.7744]
L000421 | [Dev F1: 0.6643436488454701]
L000422 | [Dev Acc: 0.656198347107438]
L000423 | 
L000424-L000439 | [REDACTED: batch progress and internal diagnostics]
L000440 | [Epoch 14] [Time: 8.095144748687744]
L000441 | [Train Loss: 2.7328]
L000442 | [Train F1: 0.7601496182642816]
L000443 | [Train Acc: 0.7633045148895293]
L000444 | [Dev Loss: 3.4635]
L000445 | [Dev F1: 0.6680311648575604]
L000446 | [Dev Acc: 0.6628099173553719]
L000447 | 
L000448-L000463 | [REDACTED: batch progress and internal diagnostics]
L000464 | [Epoch 15] [Time: 7.636753559112549]
L000465 | [Train Loss: 2.6589]
L000466 | [Train F1: 0.7756171966005764]
L000467 | [Train Acc: 0.7767531219980788]
L000468 | [Dev Loss: 3.5533]
L000469 | [Dev F1: 0.6586996213494926]
L000470 | [Dev Acc: 0.6545454545454545]
L000471 | 
L000472-L000487 | [REDACTED: batch progress and internal diagnostics]
L000488 | [Epoch 16] [Time: 7.866058111190796]
L000489 | [Train Loss: 2.4689]
L000490 | [Train F1: 0.7852839424906869]
L000491 | [Train Acc: 0.7875120076849184]
L000492 | [Dev Loss: 3.5483]
L000493 | [Dev F1: 0.6697294487833165]
L000494 | [Dev Acc: 0.6644628099173554]
L000495 | 
L000496-L000511 | [REDACTED: batch progress and internal diagnostics]
L000512 | [Epoch 17] [Time: 7.856386423110962]
L000513 | [Train Loss: 2.3579]
L000514 | [Train F1: 0.79685041070407]
L000515 | [Train Acc: 0.7984630163304515]
L000516 | [Dev Loss: 3.7074]
L000517 | [Dev F1: 0.6624891506295132]
L000518 | [Dev Acc: 0.656198347107438]
L000519 | 
L000520-L000535 | [REDACTED: batch progress and internal diagnostics]
L000536 | [Epoch 18] [Time: 7.623670339584351]
L000537 | [Train Loss: 2.2982]
L000538 | [Train F1: 0.7928267889054661]
L000539 | [Train Acc: 0.7950048030739674]
L000540 | [Dev Loss: 3.3389]
L000541 | [Dev F1: 0.695075988686704]
L000542 | [Dev Acc: 0.6942148760330579]
L000543 | 
L000544-L000559 | [REDACTED: batch progress and internal diagnostics]
L000560 | [Epoch 19] [Time: 8.00821304321289]
L000561 | [Train Loss: 2.2441]
L000562 | [Train F1: 0.8073257993493207]
L000563 | [Train Acc: 0.8084534101825168]
L000564 | [Dev Loss: 3.9598]
L000565 | [Dev F1: 0.6461193607179997]
L000566 | [Dev Acc: 0.6396694214876033]
L000567 | 
L000568-L000583 | [REDACTED: batch progress and internal diagnostics]
L000584 | [Epoch 20] [Time: 7.560840368270874]
L000585 | [Train Loss: 2.1108]
L000586 | [Train F1: 0.8146814775386054]
L000587 | [Train Acc: 0.8161383285302594]
L000588 | [Dev Loss: 3.4881]
L000589 | [Dev F1: 0.6883575638084756]
L000590 | [Dev Acc: 0.684297520661157]
L000591 | 
L000592-L000607 | [REDACTED: batch progress and internal diagnostics]
L000608 | [Epoch 21] [Time: 7.709890127182007]
L000609 | [Train Loss: 1.9943]
L000610 | [Train F1: 0.8272909282937193]
L000611 | [Train Acc: 0.8284341978866474]
L000612 | [Dev Loss: 4.001]
L000613 | [Dev F1: 0.6566482924555045]
L000614 | [Dev Acc: 0.6495867768595042]
L000615 | 
L000616-L000631 | [REDACTED: batch progress and internal diagnostics]
L000632 | [Epoch 22] [Time: 8.364013195037842]
L000633 | [Train Loss: 1.9475]
L000634 | [Train F1: 0.8289184095793447]
L000635 | [Train Acc: 0.8301633045148895]
L000636 | [Dev Loss: 3.7416]
L000637 | [Dev F1: 0.6687380441737445]
L000638 | [Dev Acc: 0.6644628099173554]
L000639 | 
L000640-L000655 | [REDACTED: batch progress and internal diagnostics]
L000656 | [Epoch 23] [Time: 7.984497547149658]
L000657 | [Train Loss: 1.8489]
L000658 | [Train F1: 0.8302229665223059]
L000659 | [Train Acc: 0.8320845341018251]
L000660 | [Dev Loss: 3.6237]
L000661 | [Dev F1: 0.6632290725337239]
L000662 | [Dev Acc: 0.6628099173553719]
L000663 | 
L000664-L000679 | [REDACTED: batch progress and internal diagnostics]
L000680 | [Epoch 24] [Time: 7.837897539138794]
L000681 | [Train Loss: 1.8037]
L000682 | [Train F1: 0.8337022174280949]
L000683 | [Train Acc: 0.8345821325648415]
L000684 | [Dev Loss: 3.8754]
L000685 | [Dev F1: 0.6651859939586763]
L000686 | [Dev Acc: 0.6628099173553719]
L000687 | 
L000688-L000703 | [REDACTED: batch progress and internal diagnostics]
L000704 | [Epoch 25] [Time: 8.002193689346313]
L000705 | [Train Loss: 1.7678]
L000706 | [Train F1: 0.8366091693070876]
L000707 | [Train Acc: 0.8384245917387128]
L000708 | [Dev Loss: 3.7952]
L000709 | [Dev F1: 0.6671399915784556]
L000710 | [Dev Acc: 0.6644628099173554]
L000711 | 
L000712-L000727 | [REDACTED: batch progress and internal diagnostics]
L000728 | [Epoch 26] [Time: 7.96503210067749]
L000729 | [Train Loss: 1.685]
L000730 | [Train F1: 0.8514412244616745]
L000731 | [Train Acc: 0.8520653218059558]
L000732 | [Dev Loss: 4.1768]
L000733 | [Dev F1: 0.6784151205453136]
L000734 | [Dev Acc: 0.6727272727272727]
L000735 | 
L000736-L000751 | [REDACTED: batch progress and internal diagnostics]
L000752 | [Epoch 27] [Time: 9.037512302398682]
L000753 | [Train Loss: 1.5571]
L000754 | [Train F1: 0.8595195813300812]
L000755 | [Train Acc: 0.8605187319884726]
L000756 | [Dev Loss: 3.787]
L000757 | [Dev F1: 0.6943972210191902]
L000758 | [Dev Acc: 0.6909090909090909]
L000759 | 
L000760-L000775 | [REDACTED: batch progress and internal diagnostics]
L000776 | [Epoch 28] [Time: 8.05146074295044]
L000777 | [Train Loss: 1.5763]
L000778 | [Train F1: 0.8578206494978873]
L000779 | [Train Acc: 0.858597502401537]
L000780 | [Dev Loss: 4.1203]
L000781 | [Dev F1: 0.6570345966691786]
L000782 | [Dev Acc: 0.6545454545454545]
L000783 | 
L000784-L000799 | [REDACTED: batch progress and internal diagnostics]
L000800 | [Epoch 29] [Time: 8.665884733200073]
L000801 | [Train Loss: 1.5086]
L000802 | [Train F1: 0.8615376159817572]
L000803 | [Train Acc: 0.8624399615754083]
L000804 | [Dev Loss: 4.032]
L000805 | [Dev F1: 0.6542263652526582]
L000806 | [Dev Acc: 0.6512396694214876]
L000807 | 
L000808-L000823 | [REDACTED: batch progress and internal diagnostics]
L000824 | [Epoch 30] [Time: 8.125303506851196]
L000825 | [Train Loss: 1.469]
L000826 | [Train F1: 0.8675229838072887]
L000827 | [Train Acc: 0.8682036503362152]
L000828 | [Dev Loss: 3.858]
L000829 | [Dev F1: 0.662961149847237]
L000830 | [Dev Acc: 0.6628099173553719]
L000831 | 
L000832-L000847 | [REDACTED: batch progress and internal diagnostics]
L000848 | [Epoch 31] [Time: 7.829840660095215]
L000849 | [Train Loss: 1.3809]
L000850 | [Train F1: 0.8735933293817476]
L000851 | [Train Acc: 0.8745437079731028]
L000852 | [Dev Loss: 4.0844]
L000853 | [Dev F1: 0.6676709617712981]
L000854 | [Dev Acc: 0.6661157024793388]
L000855 | 
L000856-L000871 | [REDACTED: batch progress and internal diagnostics]
L000872 | [Epoch 32] [Time: 7.781749725341797]
L000873 | [Train Loss: 1.3163]
L000874 | [Train F1: 0.879268530390215]
L000875 | [Train Acc: 0.8799231508165226]
L000876 | [Dev Loss: 4.417]
L000877 | [Dev F1: 0.6629080251129104]
L000878 | [Dev Acc: 0.6578512396694215]
L000879 | 
L000880-L000895 | [REDACTED: batch progress and internal diagnostics]
L000896 | [Epoch 33] [Time: 8.109530925750732]
L000897 | [Train Loss: 1.2982]
L000898 | [Train F1: 0.8909757032765661]
L000899 | [Train Acc: 0.8914505283381364]
L000900 | [Dev Loss: 4.1965]
L000901 | [Dev F1: 0.6626644797857266]
L000902 | [Dev Acc: 0.6578512396694215]
L000903 | 
L000904-L000919 | [REDACTED: batch progress and internal diagnostics]
L000920 | [Epoch 34] [Time: 8.210247278213501]
L000921 | [Train Loss: 1.252]
L000922 | [Train F1: 0.8847938339040006]
L000923 | [Train Acc: 0.8854947166186359]
L000924 | [Dev Loss: 4.3075]
L000925 | [Dev F1: 0.6585343784628349]
L000926 | [Dev Acc: 0.6595041322314049]
L000927 | 
L000928-L000943 | [REDACTED: batch progress and internal diagnostics]
L000944 | [Epoch 35] [Time: 7.68003249168396]
L000945 | [Train Loss: 1.2379]
L000946 | [Train F1: 0.8882490803309689]
L000947 | [Train Acc: 0.8887608069164266]
L000948 | [Dev Loss: 4.1947]
L000949 | [Dev F1: 0.671697567693631]
L000950 | [Dev Acc: 0.6677685950413224]
L000951 | 
L000952-L000967 | [REDACTED: batch progress and internal diagnostics]
L000968 | [Epoch 36] [Time: 8.122315406799316]
L000969 | [Train Loss: 1.2413]
L000970 | [Train F1: 0.8836671220890392]
L000971 | [Train Acc: 0.8843419788664746]
L000972 | [Dev Loss: 4.6214]
L000973 | [Dev F1: 0.6480707845086418]
L000974 | [Dev Acc: 0.6429752066115703]
L000975 | 
L000976-L000991 | [REDACTED: batch progress and internal diagnostics]
L000992 | [Epoch 37] [Time: 8.27015495300293]
L000993 | [Train Loss: 1.1877]
L000994 | [Train F1: 0.8923222499564872]
L000995 | [Train Acc: 0.8929875120076849]
L000996 | [Dev Loss: 4.3909]
L000997 | [Dev F1: 0.6713810235824395]
L000998 | [Dev Acc: 0.6661157024793388]
L000999 | 
L001000-L001015 | [REDACTED: batch progress and internal diagnostics]
L001016 | [Epoch 38] [Time: 8.18211030960083]
L001017 | [Train Loss: 1.1323]
L001018 | [Train F1: 0.8982564168600037]
L001019 | [Train Acc: 0.8983669548511047]
L001020 | [Dev Loss: 4.5177]
L001021 | [Dev F1: 0.6728866374398366]
L001022 | [Dev Acc: 0.6694214876033058]
L001023 | 
L001024-L001039 | [REDACTED: batch progress and internal diagnostics]
L001040 | [Epoch 39] [Time: 8.136829376220703]
L001041 | [Train Loss: 1.0816]
L001042 | [Train F1: 0.9020446042028939]
L001043 | [Train Acc: 0.9025936599423631]
L001044 | [Dev Loss: 4.1116]
L001045 | [Dev F1: 0.6583972731775428]
L001046 | [Dev Acc: 0.6578512396694215]
L001047 | 
L001048-L001063 | [REDACTED: batch progress and internal diagnostics]
L001064 | [Epoch 40] [Time: 8.201285123825073]
L001065 | [Train Loss: 1.1322]
L001066 | [Train F1: 0.8888775877662052]
L001067 | [Train Acc: 0.8895292987512008]
L001068 | [Dev Loss: 5.1823]
L001069 | [Dev F1: 0.6516410924952499]
L001070 | [Dev Acc: 0.6462809917355372]
L001071 | 
L001072-L001087 | [REDACTED: batch progress and internal diagnostics]
L001088 | [Epoch 41] [Time: 8.291913509368896]
L001089 | [Train Loss: 1.0921]
L001090 | [Train F1: 0.9035984146550279]
L001091 | [Train Acc: 0.9041306436119116]
L001092 | [Dev Loss: 4.5848]
L001093 | [Dev F1: 0.6588108753355018]
L001094 | [Dev Acc: 0.6528925619834711]
L001095 | 
L001096-L001111 | [REDACTED: batch progress and internal diagnostics]
L001112 | [Epoch 42] [Time: 8.240071535110474]
L001113 | [Train Loss: 1.0659]
L001114 | [Train F1: 0.9000710264036103]
L001115 | [Train Acc: 0.9004803073967339]
L001116 | [Dev Loss: 5.0875]
L001117 | [Dev F1: 0.6435955322366641]
L001118 | [Dev Acc: 0.6396694214876033]
L001119 | 
L001120-L001135 | [REDACTED: batch progress and internal diagnostics]
L001136 | [Epoch 43] [Time: 8.005327224731445]
L001137 | [Train Loss: 1.014]
L001138 | [Train F1: 0.9093401138248401]
L001139 | [Train Acc: 0.909702209414025]
L001140 | [Dev Loss: 4.5747]
L001141 | [Dev F1: 0.6570918008294037]
L001142 | [Dev Acc: 0.6528925619834711]
L001143 | Early stopping at epoch: 43
L001144 | Last model
L001145 |               precision    recall  f1-score   support
L001146 | 
L001147 |          hap     0.4508    0.3819    0.4135       144
L001148 |          sad     0.8025    0.7959    0.7992       245
L001149 |          neu     0.5888    0.8203    0.6855       384
L001150 |          ang     0.6133    0.6529    0.6325       170
L001151 |          exc     0.7090    0.6355    0.6702       299
L001152 |          fru     0.6679    0.4803    0.5588       381
L001153 | 
L001154 |     accuracy                         0.6463      1623
L001155 |    macro avg     0.6387    0.6278    0.6266      1623
L001156 | weighted avg     0.6521    0.6463    0.6404      1623
L001157 | 
L001158 | Best model at epoch: 18
L001159 | Best dev F1: 0.695075988686704
L001160 |               precision    recall  f1-score   support
L001161 | 
L001162 |          hap     0.4876    0.4097    0.4453       144
L001163 |          sad     0.8125    0.8490    0.8303       245
L001164 |          neu     0.6312    0.7891    0.7014       384
L001165 |          ang     0.6141    0.6647    0.6384       170
L001166 |          exc     0.7402    0.6957    0.7172       299
L001167 |          fru     0.6711    0.5302    0.5924       381
L001168 | 
L001169 |     accuracy                         0.6734      1623
L001170 |    macro avg     0.6595    0.6564    0.6542      1623
L001171 | weighted avg     0.6735    0.6734    0.6689      1623
L001172 | 
L001173 | Best test F1: 0.6688653618642803
L001174 | Best test Acc: 0.6734442390634627
L001175 | [SANITIZED] Saved checkpoint: [path and filename removed]
