# Redacted copy of an existing run log.
# run_id: G13-seed3
# dataset: IEMOCAP
# model: MM-DFN+AMBER
# imr: (0.3,0.5,0.7)
# seed_alias: seed3
# original_log_sha256: 1390b09cac1266a0beca309acc66d3a8abe8a17dd113e9928755e480eafdc890
# source_record_status: ok
# source_record_process_return_code: 3221226505
# L numbers refer to source logical lines; REDACTED/SANITIZED text is editorial.
L000001-L000076 | [REDACTED: configuration or implementation details]
L000077 | [SANITIZED] Seed alias: seed3
L000078 | 
L000079-L000080 | [REDACTED: batch progress and internal diagnostics]
L000081 | 
L000082-L000083 | [REDACTED: batch progress and internal diagnostics]
L000084 | 
L000085-L000086 | [REDACTED: batch progress and internal diagnostics]
L000087 | 
L000088-L000103 | [REDACTED: batch progress and internal diagnostics]
L000104 | [Epoch 0] [Time: 8.255090713500977]
L000105 | [Train Loss: 8.7777]
L000106 | [Train F1: 0.2879206513468215]
L000107 | [Train Acc: 0.3100745555343147]
L000108 | [Dev Loss: 8.5835]
L000109 | [Dev F1: 0.35865751875169044]
L000110 | [Dev Acc: 0.4075993091537133]
L000111 | 
L000112-L000127 | [REDACTED: batch progress and internal diagnostics]
L000128 | [Epoch 1] [Time: 8.306017398834229]
L000129 | [Train Loss: 7.3626]
L000130 | [Train F1: 0.41404609941168513]
L000131 | [Train Acc: 0.43376027528197286]
L000132 | [Dev Loss: 7.1285]
L000133 | [Dev F1: 0.4971152271226561]
L000134 | [Dev Acc: 0.5371329879101899]
L000135 | 
L000136-L000151 | [REDACTED: batch progress and internal diagnostics]
L000152 | [Epoch 2] [Time: 8.220795154571533]
L000153 | [Train Loss: 6.3111]
L000154 | [Train F1: 0.4948536413740388]
L000155 | [Train Acc: 0.5096539858535653]
L000156 | [Dev Loss: 6.0491]
L000157 | [Dev F1: 0.544756574537852]
L000158 | [Dev Acc: 0.5803108808290155]
L000159 | 
L000160-L000175 | [REDACTED: batch progress and internal diagnostics]
L000176 | [Epoch 3] [Time: 8.758796453475952]
L000177 | [Train Loss: 5.5428]
L000178 | [Train F1: 0.5685045944394576]
L000179 | [Train Acc: 0.5780921429936915]
L000180 | [Dev Loss: 5.3919]
L000181 | [Dev F1: 0.5566407552748884]
L000182 | [Dev Acc: 0.5854922279792746]
L000183 | 
L000184-L000199 | [REDACTED: batch progress and internal diagnostics]
L000200 | [Epoch 4] [Time: 8.272862434387207]
L000201 | [Train Loss: 4.888]
L000202 | [Train F1: 0.6082946295204601]
L000203 | [Train Acc: 0.6130758937105716]
L000204 | [Dev Loss: 4.9801]
L000205 | [Dev F1: 0.5774975518256634]
L000206 | [Dev Acc: 0.5975820379965457]
L000207 | 
L000208-L000223 | [REDACTED: batch progress and internal diagnostics]
L000224 | [Epoch 5] [Time: 8.169416189193726]
L000225 | [Train Loss: 4.4431]
L000226 | [Train F1: 0.6313229306889544]
L000227 | [Train Acc: 0.6363983941884916]
L000228 | [Dev Loss: 4.6782]
L000229 | [Dev F1: 0.5955364350171494]
L000230 | [Dev Acc: 0.6113989637305699]
L000231 | 
L000232-L000247 | [REDACTED: batch progress and internal diagnostics]
L000248 | [Epoch 6] [Time: 8.364345073699951]
L000249 | [Train Loss: 4.1533]
L000250 | [Train F1: 0.6488467607801955]
L000251 | [Train Acc: 0.6536035174918754]
L000252 | [Dev Loss: 4.5852]
L000253 | [Dev F1: 0.5786363214934456]
L000254 | [Dev Acc: 0.5975820379965457]
L000255 | 
L000256-L000271 | [REDACTED: batch progress and internal diagnostics]
L000272 | [Epoch 7] [Time: 7.742412805557251]
L000273 | [Train Loss: 3.8663]
L000274 | [Train F1: 0.6744359191068967]
L000275 | [Train Acc: 0.6771171860064997]
L000276 | [Dev Loss: 4.4018]
L000277 | [Dev F1: 0.6286706335428592]
L000278 | [Dev Acc: 0.6424870466321243]
L000279 | 
L000280-L000295 | [REDACTED: batch progress and internal diagnostics]
L000296 | [Epoch 8] [Time: 7.740464925765991]
L000297 | [Train Loss: 3.6608]
L000298 | [Train F1: 0.6895164735020968]
L000299 | [Train Acc: 0.6912636207226152]
L000300 | [Dev Loss: 4.2932]
L000301 | [Dev F1: 0.6280779916421787]
L000302 | [Dev Acc: 0.6424870466321243]
L000303 | 
L000304-L000319 | [REDACTED: batch progress and internal diagnostics]
L000320 | [Epoch 9] [Time: 8.509095430374146]
L000321 | [Train Loss: 3.4581]
L000322 | [Train F1: 0.7083722973282365]
L000323 | [Train Acc: 0.7109539285031543]
L000324 | [Dev Loss: 4.1491]
L000325 | [Dev F1: 0.6592691003518776]
L000326 | [Dev Acc: 0.6683937823834197]
L000327 | 
L000328-L000343 | [REDACTED: batch progress and internal diagnostics]
L000344 | [Epoch 10] [Time: 8.0564866065979]
L000345 | [Train Loss: 3.3055]
L000346 | [Train F1: 0.7133507034883387]
L000347 | [Train Acc: 0.7155419613840566]
L000348 | [Dev Loss: 4.292]
L000349 | [Dev F1: 0.6283143554741198]
L000350 | [Dev Acc: 0.6424870466321243]
L000351 | 
L000352-L000367 | [REDACTED: batch progress and internal diagnostics]
L000368 | [Epoch 11] [Time: 8.16752314567566]
L000369 | [Train Loss: 3.1236]
L000370 | [Train F1: 0.732739774923374]
L000371 | [Train Acc: 0.7340852609443701]
L000372 | [Dev Loss: 4.2716]
L000373 | [Dev F1: 0.6394465857050816]
L000374 | [Dev Acc: 0.6528497409326425]
L000375 | 
L000376-L000391 | [REDACTED: batch progress and internal diagnostics]
L000392 | [Epoch 12] [Time: 8.79982042312622]
L000393 | [Train Loss: 2.8861]
L000394 | [Train F1: 0.7542686641731394]
L000395 | [Train Acc: 0.7554960810552476]
L000396 | [Dev Loss: 4.3536]
L000397 | [Dev F1: 0.6350632654033306]
L000398 | [Dev Acc: 0.6476683937823834]
L000399 | 
L000400-L000415 | [REDACTED: batch progress and internal diagnostics]
L000416 | [Epoch 13] [Time: 7.930596113204956]
L000417 | [Train Loss: 2.7974]
L000418 | [Train F1: 0.762747678031722]
L000419 | [Train Acc: 0.7640986427069394]
L000420 | [Dev Loss: 4.2162]
L000421 | [Dev F1: 0.636305990544567]
L000422 | [Dev Acc: 0.6493955094991365]
L000423 | 
L000424-L000439 | [REDACTED: batch progress and internal diagnostics]
L000440 | [Epoch 14] [Time: 8.84987187385559]
L000441 | [Train Loss: 2.6053]
L000442 | [Train F1: 0.7756459982667072]
L000443 | [Train Acc: 0.7770980692028293]
L000444 | [Dev Loss: 4.3076]
L000445 | [Dev F1: 0.648535922825989]
L000446 | [Dev Acc: 0.6614853195164075]
L000447 | 
L000448-L000463 | [REDACTED: batch progress and internal diagnostics]
L000464 | [Epoch 15] [Time: 8.014941215515137]
L000465 | [Train Loss: 2.5836]
L000466 | [Train F1: 0.7786738719835986]
L000467 | [Train Acc: 0.7792009176065762]
L000468 | [Dev Loss: 4.3984]
L000469 | [Dev F1: 0.6499526476917357]
L000470 | [Dev Acc: 0.6614853195164075]
L000471 | 
L000472-L000487 | [REDACTED: batch progress and internal diagnostics]
L000488 | [Epoch 16] [Time: 8.248255491256714]
L000489 | [Train Loss: 2.4012]
L000490 | [Train F1: 0.789332307961462]
L000491 | [Train Acc: 0.7906709998088319]
L000492 | [Dev Loss: 4.4636]
L000493 | [Dev F1: 0.655917185615087]
L000494 | [Dev Acc: 0.6683937823834197]
L000495 | 
L000496-L000511 | [REDACTED: batch progress and internal diagnostics]
L000512 | [Epoch 17] [Time: 8.439890384674072]
L000513 | [Train Loss: 2.2949]
L000514 | [Train F1: 0.8023408750886734]
L000515 | [Train Acc: 0.803096922194609]
L000516 | [Dev Loss: 4.4679]
L000517 | [Dev F1: 0.6550485995114744]
L000518 | [Dev Acc: 0.6666666666666666]
L000519 | 
L000520-L000535 | [REDACTED: batch progress and internal diagnostics]
L000536 | [Epoch 18] [Time: 8.116339683532715]
L000537 | [Train Loss: 2.2306]
L000538 | [Train F1: 0.7992049233869151]
L000539 | [Train Acc: 0.8000382336073408]
L000540 | [Dev Loss: 4.9501]
L000541 | [Dev F1: 0.6589607544712394]
L000542 | [Dev Acc: 0.6718480138169257]
L000543 | 
L000544-L000559 | [REDACTED: batch progress and internal diagnostics]
L000560 | [Epoch 19] [Time: 8.464202165603638]
L000561 | [Train Loss: 2.1066]
L000562 | [Train F1: 0.8124673737836582]
L000563 | [Train Acc: 0.8136111642133436]
L000564 | [Dev Loss: 4.3186]
L000565 | [Dev F1: 0.6718810740924437]
L000566 | [Dev Acc: 0.6804835924006909]
L000567 | 
L000568-L000583 | [REDACTED: batch progress and internal diagnostics]
L000584 | [Epoch 20] [Time: 8.365715265274048]
L000585 | [Train Loss: 2.0061]
L000586 | [Train F1: 0.8227188331011162]
L000587 | [Train Acc: 0.8237430701586694]
L000588 | [Dev Loss: 4.4262]
L000589 | [Dev F1: 0.6544555845618163]
L000590 | [Dev Acc: 0.6649395509499136]
L000591 | 
L000592-L000607 | [REDACTED: batch progress and internal diagnostics]
L000608 | [Epoch 21] [Time: 8.489953517913818]
L000609 | [Train Loss: 1.9689]
L000610 | [Train F1: 0.8282792739405693]
L000611 | [Train Acc: 0.8292869432230932]
L000612 | [Dev Loss: 4.8088]
L000613 | [Dev F1: 0.6607053100493122]
L000614 | [Dev Acc: 0.6735751295336787]
L000615 | 
L000616-L000631 | [REDACTED: batch progress and internal diagnostics]
L000632 | [Epoch 22] [Time: 8.171318531036377]
L000633 | [Train Loss: 1.8489]
L000634 | [Train F1: 0.8332632113016364]
L000635 | [Train Acc: 0.8340661441406997]
L000636 | [Dev Loss: 5.0283]
L000637 | [Dev F1: 0.6583875362513528]
L000638 | [Dev Acc: 0.6701208981001727]
L000639 | 
L000640-L000655 | [REDACTED: batch progress and internal diagnostics]
L000656 | [Epoch 23] [Time: 8.212079048156738]
L000657 | [Train Loss: 1.8104]
L000658 | [Train F1: 0.8468499789870447]
L000659 | [Train Acc: 0.8476390747467023]
L000660 | [Dev Loss: 4.475]
L000661 | [Dev F1: 0.6658053997702127]
L000662 | [Dev Acc: 0.6718480138169257]
L000663 | 
L000664-L000679 | [REDACTED: batch progress and internal diagnostics]
L000680 | [Epoch 24] [Time: 8.010512590408325]
L000681 | [Train Loss: 1.7575]
L000682 | [Train F1: 0.8419959159985989]
L000683 | [Train Acc: 0.8424775377556872]
L000684 | [Dev Loss: 5.1956]
L000685 | [Dev F1: 0.653532874419595]
L000686 | [Dev Acc: 0.6666666666666666]
L000687 | 
L000688-L000703 | [REDACTED: batch progress and internal diagnostics]
L000704 | [Epoch 25] [Time: 8.023257732391357]
L000705 | [Train Loss: 1.7185]
L000706 | [Train F1: 0.8531597503972251]
L000707 | [Train Acc: 0.8537564519212387]
L000708 | [Dev Loss: 4.7239]
L000709 | [Dev F1: 0.6642274242796153]
L000710 | [Dev Acc: 0.6753022452504318]
L000711 | 
L000712-L000727 | [REDACTED: batch progress and internal diagnostics]
L000728 | [Epoch 26] [Time: 8.271125793457031]
L000729 | [Train Loss: 1.6137]
L000730 | [Train F1: 0.8508240614838185]
L000731 | [Train Acc: 0.8518447715541961]
L000732 | [Dev Loss: 5.2629]
L000733 | [Dev F1: 0.6539238127504987]
L000734 | [Dev Acc: 0.6666666666666666]
L000735 | 
L000736-L000751 | [REDACTED: batch progress and internal diagnostics]
L000752 | [Epoch 27] [Time: 8.55721640586853]
L000753 | [Train Loss: 1.5719]
L000754 | [Train F1: 0.8589205667284762]
L000755 | [Train Acc: 0.8598738290957751]
L000756 | [Dev Loss: 4.8175]
L000757 | [Dev F1: 0.6519429871407691]
L000758 | [Dev Acc: 0.6597582037996546]
L000759 | 
L000760-L000775 | [REDACTED: batch progress and internal diagnostics]
L000776 | [Epoch 28] [Time: 7.33851170539856]
L000777 | [Train Loss: 1.5176]
L000778 | [Train F1: 0.864599426250585]
L000779 | [Train Acc: 0.8650353660867903]
L000780 | [Dev Loss: 5.5042]
L000781 | [Dev F1: 0.6531488813652568]
L000782 | [Dev Acc: 0.6649395509499136]
L000783 | 
L000784-L000799 | [REDACTED: batch progress and internal diagnostics]
L000800 | [Epoch 29] [Time: 8.371456623077393]
L000801 | [Train Loss: 1.4639]
L000802 | [Train F1: 0.8657188622852132]
L000803 | [Train Acc: 0.8665647103804244]
L000804 | [Dev Loss: 5.1845]
L000805 | [Dev F1: 0.6614902084960255]
L000806 | [Dev Acc: 0.6701208981001727]
L000807 | 
L000808-L000823 | [REDACTED: batch progress and internal diagnostics]
L000824 | [Epoch 30] [Time: 7.852335691452026]
L000825 | [Train Loss: 1.418]
L000826 | [Train F1: 0.8668681242641937]
L000827 | [Train Acc: 0.8675205505639457]
L000828 | [Dev Loss: 5.2453]
L000829 | [Dev F1: 0.6520584658022488]
L000830 | [Dev Acc: 0.6649395509499136]
L000831 | 
L000832-L000847 | [REDACTED: batch progress and internal diagnostics]
L000848 | [Epoch 31] [Time: 8.275146722793579]
L000849 | [Train Loss: 1.3801]
L000850 | [Train F1: 0.8708587597265729]
L000851 | [Train Acc: 0.8717262473714394]
L000852 | [Dev Loss: 5.3159]
L000853 | [Dev F1: 0.6618153168851199]
L000854 | [Dev Acc: 0.6701208981001727]
L000855 | 
L000856-L000871 | [REDACTED: batch progress and internal diagnostics]
L000872 | [Epoch 32] [Time: 7.92160177230835]
L000873 | [Train Loss: 1.3107]
L000874 | [Train F1: 0.8733503150667685]
L000875 | [Train Acc: 0.874211431848595]
L000876 | [Dev Loss: 5.2634]
L000877 | [Dev F1: 0.6624228860250491]
L000878 | [Dev Acc: 0.6718480138169257]
L000879 | 
L000880-L000895 | [REDACTED: batch progress and internal diagnostics]
L000896 | [Epoch 33] [Time: 8.168395519256592]
L000897 | [Train Loss: 1.3191]
L000898 | [Train F1: 0.8768781160917496]
L000899 | [Train Acc: 0.8774612884725674]
L000900 | [Dev Loss: 5.4493]
L000901 | [Dev F1: 0.6530982487841998]
L000902 | [Dev Acc: 0.6614853195164075]
L000903 | 
L000904-L000919 | [REDACTED: batch progress and internal diagnostics]
L000920 | [Epoch 34] [Time: 7.9331300258636475]
L000921 | [Train Loss: 1.2598]
L000922 | [Train F1: 0.8816370018608813]
L000923 | [Train Acc: 0.8824316574268782]
L000924 | [Dev Loss: 5.603]
L000925 | [Dev F1: 0.6446856929067051]
L000926 | [Dev Acc: 0.6545768566493955]
L000927 | 
L000928-L000943 | [REDACTED: batch progress and internal diagnostics]
L000944 | [Epoch 35] [Time: 8.450588703155518]
L000945 | [Train Loss: 1.2677]
L000946 | [Train F1: 0.8827724272929914]
L000947 | [Train Acc: 0.8835786656471039]
L000948 | [Dev Loss: 5.4537]
L000949 | [Dev F1: 0.6511637110087455]
L000950 | [Dev Acc: 0.6614853195164075]
L000951 | 
L000952-L000967 | [REDACTED: batch progress and internal diagnostics]
L000968 | [Epoch 36] [Time: 7.9021265506744385]
L000969 | [Train Loss: 1.2186]
L000970 | [Train F1: 0.8863190071103597]
L000971 | [Train Acc: 0.8868285222710762]
L000972 | [Dev Loss: 6.0998]
L000973 | [Dev F1: 0.6707799630135199]
L000974 | [Dev Acc: 0.6822107081174439]
L000975 | 
L000976-L000991 | [REDACTED: batch progress and internal diagnostics]
L000992 | [Epoch 37] [Time: 8.260821342468262]
L000993 | [Train Loss: 1.1555]
L000994 | [Train F1: 0.8921840561290196]
L000995 | [Train Acc: 0.8929458994456126]
L000996 | [Dev Loss: 5.6836]
L000997 | [Dev F1: 0.6605908042636176]
L000998 | [Dev Acc: 0.6735751295336787]
L000999 | 
L001000-L001015 | [REDACTED: batch progress and internal diagnostics]
L001016 | [Epoch 38] [Time: 8.037333726882935]
L001017 | [Train Loss: 1.1446]
L001018 | [Train F1: 0.8901792263991837]
L001019 | [Train Acc: 0.8912253871152743]
L001020 | [Dev Loss: 5.2248]
L001021 | [Dev F1: 0.6646998525799431]
L001022 | [Dev Acc: 0.6718480138169257]
L001023 | 
L001024-L001039 | [REDACTED: batch progress and internal diagnostics]
L001040 | [Epoch 39] [Time: 8.047473192214966]
L001041 | [Train Loss: 1.137]
L001042 | [Train F1: 0.8916579619005471]
L001043 | [Train Acc: 0.8919900592620914]
L001044 | [Dev Loss: 6.0382]
L001045 | [Dev F1: 0.6618252948966125]
L001046 | [Dev Acc: 0.6718480138169257]
L001047 | 
L001048-L001063 | [REDACTED: batch progress and internal diagnostics]
L001064 | [Epoch 40] [Time: 7.770465612411499]
L001065 | [Train Loss: 1.0863]
L001066 | [Train F1: 0.897721865658951]
L001067 | [Train Acc: 0.8982986044733321]
L001068 | [Dev Loss: 5.7313]
L001069 | [Dev F1: 0.6507218409031105]
L001070 | [Dev Acc: 0.6632124352331606]
L001071 | 
L001072-L001087 | [REDACTED: batch progress and internal diagnostics]
L001088 | [Epoch 41] [Time: 7.5312840938568115]
L001089 | [Train Loss: 1.0501]
L001090 | [Train F1: 0.9041839800383005]
L001091 | [Train Acc: 0.9046071496845728]
L001092 | [Dev Loss: 5.9755]
L001093 | [Dev F1: 0.660247915787134]
L001094 | [Dev Acc: 0.6701208981001727]
L001095 | 
L001096-L001111 | [REDACTED: batch progress and internal diagnostics]
L001112 | [Epoch 42] [Time: 8.101438283920288]
L001113 | [Train Loss: 0.9974]
L001114 | [Train F1: 0.90822494768592]
L001115 | [Train Acc: 0.908430510418658]
L001116 | [Dev Loss: 6.0469]
L001117 | [Dev F1: 0.6391689672754353]
L001118 | [Dev Acc: 0.6476683937823834]
L001119 | 
L001120-L001135 | [REDACTED: batch progress and internal diagnostics]
L001136 | [Epoch 43] [Time: 7.9876813888549805]
L001137 | [Train Loss: 0.9928]
L001138 | [Train F1: 0.9041984848756939]
L001139 | [Train Acc: 0.9047983177212771]
L001140 | [Dev Loss: 6.0213]
L001141 | [Dev F1: 0.6165841889892623]
L001142 | [Dev Acc: 0.6321243523316062]
L001143 | 
L001144-L001159 | [REDACTED: batch progress and internal diagnostics]
L001160 | [Epoch 44] [Time: 8.016622543334961]
L001161 | [Train Loss: 0.9665]
L001162 | [Train F1: 0.9127060152115588]
L001163 | [Train Acc: 0.9130185432995603]
L001164 | [Dev Loss: 6.9427]
L001165 | [Dev F1: 0.6333056629502122]
L001166 | [Dev Acc: 0.6493955094991365]
L001167 | Early stopping at epoch: 44
L001168 | Last model
L001169 |               precision    recall  f1-score   support
L001170 | 
L001171 |          hap     0.5909    0.2708    0.3714       144
L001172 |          sad     0.8248    0.7878    0.8058       245
L001173 |          neu     0.5291    0.8516    0.6527       384
L001174 |          ang     0.5381    0.6647    0.5947       170
L001175 |          exc     0.7329    0.6789    0.7049       299
L001176 |          fru     0.6972    0.3990    0.5075       381
L001177 | 
L001178 |     accuracy                         0.6328      1623
L001179 |    macro avg     0.6522    0.6088    0.6062      1623
L001180 | weighted avg     0.6572    0.6328    0.6203      1623
L001181 | 
L001182 | Best model at epoch: 19
L001183 | Best dev F1: 0.6718810740924437
L001184 |               precision    recall  f1-score   support
L001185 | 
L001186 |          hap     0.6203    0.3403    0.4395       144
L001187 |          sad     0.8319    0.8082    0.8199       245
L001188 |          neu     0.6011    0.8281    0.6966       384
L001189 |          ang     0.6453    0.6529    0.6491       170
L001190 |          exc     0.7409    0.7458    0.7433       299
L001191 |          fru     0.7039    0.5617    0.6248       381
L001192 | 
L001193 |     accuracy                         0.6858      1623
L001194 |    macro avg     0.6906    0.6562    0.6622      1623
L001195 | weighted avg     0.6922    0.6858    0.6792      1623
L001196 | 
L001197 | Best test F1: 0.6791813069774959
L001198 | Best test Acc: 0.6857670979667283
L001199 | [SANITIZED] Saved checkpoint: [path and filename removed]
