# Redacted copy of an existing run log.
# run_id: G13-seed1
# dataset: IEMOCAP
# model: MM-DFN+AMBER
# imr: (0.3,0.5,0.7)
# seed_alias: seed1
# original_log_sha256: e3d60dbb052e947cea2205bf255035eec2953bc6b2e7e74a341784068c8c1e99
# source_record_status: ok
# source_record_process_return_code: 3221226505
# L numbers refer to source logical lines; REDACTED/SANITIZED text is editorial.
L000001-L000076 | [REDACTED: configuration or implementation details]
L000077 | [SANITIZED] Seed alias: seed1
L000078 | 
L000079-L000080 | [REDACTED: batch progress and internal diagnostics]
L000081 | 
L000082-L000083 | [REDACTED: batch progress and internal diagnostics]
L000084 | 
L000085-L000086 | [REDACTED: batch progress and internal diagnostics]
L000087 | 
L000088-L000103 | [REDACTED: batch progress and internal diagnostics]
L000104 | [Epoch 0] [Time: 9.262070894241333]
L000105 | [Train Loss: 8.9727]
L000106 | [Train F1: 0.2695877171211235]
L000107 | [Train Acc: 0.2923639161377188]
L000108 | [Dev Loss: 8.6168]
L000109 | [Dev F1: 0.35778393990892693]
L000110 | [Dev Acc: 0.39279869067103107]
L000111 | 
L000112-L000127 | [REDACTED: batch progress and internal diagnostics]
L000128 | [Epoch 1] [Time: 8.273554563522339]
L000129 | [Train Loss: 7.4893]
L000130 | [Train F1: 0.3984565860201846]
L000131 | [Train Acc: 0.43354491248316984]
L000132 | [Dev Loss: 7.5503]
L000133 | [Dev F1: 0.4273839205834561]
L000134 | [Dev Acc: 0.4500818330605565]
L000135 | 
L000136-L000151 | [REDACTED: batch progress and internal diagnostics]
L000152 | [Epoch 2] [Time: 8.391430854797363]
L000153 | [Train Loss: 6.3405]
L000154 | [Train F1: 0.4989174486888024]
L000155 | [Train Acc: 0.5181765724177726]
L000156 | [Dev Loss: 6.6457]
L000157 | [Dev F1: 0.5263333903733041]
L000158 | [Dev Acc: 0.5335515548281505]
L000159 | 
L000160-L000175 | [REDACTED: batch progress and internal diagnostics]
L000176 | [Epoch 3] [Time: 8.249716520309448]
L000177 | [Train Loss: 5.5186]
L000178 | [Train F1: 0.5729954499480285]
L000179 | [Train Acc: 0.5808809386420466]
L000180 | [Dev Loss: 5.9257]
L000181 | [Dev F1: 0.5735136824119522]
L000182 | [Dev Acc: 0.5842880523731587]
L000183 | 
L000184-L000199 | [REDACTED: batch progress and internal diagnostics]
L000200 | [Epoch 4] [Time: 7.750834703445435]
L000201 | [Train Loss: 4.9012]
L000202 | [Train F1: 0.6102339276249611]
L000203 | [Train Acc: 0.6164647047509136]
L000204 | [Dev Loss: 5.4886]
L000205 | [Dev F1: 0.579185970362016]
L000206 | [Dev Acc: 0.5875613747954174]
L000207 | 
L000208-L000223 | [REDACTED: batch progress and internal diagnostics]
L000224 | [Epoch 5] [Time: 7.6259260177612305]
L000225 | [Train Loss: 4.4871]
L000226 | [Train F1: 0.6217731361391461]
L000227 | [Train Acc: 0.6276206962877476]
L000228 | [Dev Loss: 5.1643]
L000229 | [Dev F1: 0.5761226673487475]
L000230 | [Dev Acc: 0.5842880523731587]
L000231 | 
L000232-L000247 | [REDACTED: batch progress and internal diagnostics]
L000248 | [Epoch 6] [Time: 8.363267660140991]
L000249 | [Train Loss: 4.1425]
L000250 | [Train F1: 0.6565479327095797]
L000251 | [Train Acc: 0.6593575687632237]
L000252 | [Dev Loss: 5.0341]
L000253 | [Dev F1: 0.59948498504285]
L000254 | [Dev Acc: 0.6088379705400983]
L000255 | 
L000256-L000271 | [REDACTED: batch progress and internal diagnostics]
L000272 | [Epoch 7] [Time: 7.6603405475616455]
L000273 | [Train Loss: 3.9161]
L000274 | [Train F1: 0.672692577469068]
L000275 | [Train Acc: 0.6774379688401616]
L000276 | [Dev Loss: 4.9609]
L000277 | [Dev F1: 0.6071039351854747]
L000278 | [Dev Acc: 0.613747954173486]
L000279 | 
L000280-L000295 | [REDACTED: batch progress and internal diagnostics]
L000296 | [Epoch 8] [Time: 8.306132078170776]
L000297 | [Train Loss: 3.684]
L000298 | [Train F1: 0.6856443158002166]
L000299 | [Train Acc: 0.688401615695326]
L000300 | [Dev Loss: 4.7608]
L000301 | [Dev F1: 0.6013201827764556]
L000302 | [Dev Acc: 0.6006546644844517]
L000303 | 
L000304-L000319 | [REDACTED: batch progress and internal diagnostics]
L000320 | [Epoch 9] [Time: 7.717818260192871]
L000321 | [Train Loss: 3.4528]
L000322 | [Train F1: 0.7030968747265104]
L000323 | [Train Acc: 0.7057126370455857]
L000324 | [Dev Loss: 4.7455]
L000325 | [Dev F1: 0.6093054023454423]
L000326 | [Dev Acc: 0.6104746317512275]
L000327 | 
L000328-L000343 | [REDACTED: batch progress and internal diagnostics]
L000344 | [Epoch 10] [Time: 8.0054292678833]
L000345 | [Train Loss: 3.2723]
L000346 | [Train F1: 0.7212746864906061]
L000347 | [Train Acc: 0.723600692440854]
L000348 | [Dev Loss: 4.7108]
L000349 | [Dev F1: 0.6097623808487095]
L000350 | [Dev Acc: 0.6121112929623568]
L000351 | 
L000352-L000367 | [REDACTED: batch progress and internal diagnostics]
L000368 | [Epoch 11] [Time: 7.9540557861328125]
L000369 | [Train Loss: 3.0961]
L000370 | [Train F1: 0.735304171260848]
L000371 | [Train Acc: 0.7370648201577227]
L000372 | [Dev Loss: 4.6338]
L000373 | [Dev F1: 0.6151671908722872]
L000374 | [Dev Acc: 0.618657937806874]
L000375 | 
L000376-L000391 | [REDACTED: batch progress and internal diagnostics]
L000392 | [Epoch 12] [Time: 8.116580724716187]
L000393 | [Train Loss: 2.9481]
L000394 | [Train F1: 0.7494919367889046]
L000395 | [Train Acc: 0.7516830159646086]
L000396 | [Dev Loss: 4.6109]
L000397 | [Dev F1: 0.6146994534007458]
L000398 | [Dev Acc: 0.6153846153846154]
L000399 | 
L000400-L000415 | [REDACTED: batch progress and internal diagnostics]
L000416 | [Epoch 13] [Time: 7.606789827346802]
L000417 | [Train Loss: 2.8079]
L000418 | [Train F1: 0.7567531274184826]
L000419 | [Train Acc: 0.7584150798230429]
L000420 | [Dev Loss: 4.7199]
L000421 | [Dev F1: 0.6287793073292259]
L000422 | [Dev Acc: 0.630114566284779]
L000423 | 
L000424-L000439 | [REDACTED: batch progress and internal diagnostics]
L000440 | [Epoch 14] [Time: 8.60368800163269]
L000441 | [Train Loss: 2.6324]
L000442 | [Train F1: 0.7661896115775901]
L000443 | [Train Acc: 0.7686093479515291]
L000444 | [Dev Loss: 4.5948]
L000445 | [Dev F1: 0.6269869699257351]
L000446 | [Dev Acc: 0.6284779050736498]
L000447 | 
L000448-L000463 | [REDACTED: batch progress and internal diagnostics]
L000464 | [Epoch 15] [Time: 8.038869380950928]
L000465 | [Train Loss: 2.5745]
L000466 | [Train F1: 0.7759973348490782]
L000467 | [Train Acc: 0.7774572033083286]
L000468 | [Dev Loss: 4.6786]
L000469 | [Dev F1: 0.629844643882588]
L000470 | [Dev Acc: 0.6317512274959084]
L000471 | 
L000472-L000487 | [REDACTED: batch progress and internal diagnostics]
L000488 | [Epoch 16] [Time: 8.054107427597046]
L000489 | [Train Loss: 2.4135]
L000490 | [Train F1: 0.7858867491581885]
L000491 | [Train Acc: 0.7878438161184843]
L000492 | [Dev Loss: 4.7692]
L000493 | [Dev F1: 0.6356291740110384]
L000494 | [Dev Acc: 0.6399345335515548]
L000495 | 
L000496-L000511 | [REDACTED: batch progress and internal diagnostics]
L000512 | [Epoch 17] [Time: 8.40030312538147]
L000513 | [Train Loss: 2.32]
L000514 | [Train F1: 0.7964507984955159]
L000515 | [Train Acc: 0.7982304289286402]
L000516 | [Dev Loss: 4.8483]
L000517 | [Dev F1: 0.6257918575328234]
L000518 | [Dev Acc: 0.6268412438625205]
L000519 | 
L000520-L000535 | [REDACTED: batch progress and internal diagnostics]
L000536 | [Epoch 18] [Time: 7.862507104873657]
L000537 | [Train Loss: 2.1788]
L000538 | [Train F1: 0.8062706708623426]
L000539 | [Train Acc: 0.8074629736487786]
L000540 | [Dev Loss: 4.645]
L000541 | [Dev F1: 0.6313241285421181]
L000542 | [Dev Acc: 0.6366612111292962]
L000543 | 
L000544-L000559 | [REDACTED: batch progress and internal diagnostics]
L000560 | [Epoch 19] [Time: 7.718783855438232]
L000561 | [Train Loss: 2.0415]
L000562 | [Train F1: 0.816903825294981]
L000563 | [Train Acc: 0.818041931140604]
L000564 | [Dev Loss: 4.9258]
L000565 | [Dev F1: 0.64596695803381]
L000566 | [Dev Acc: 0.6530278232405892]
L000567 | 
L000568-L000583 | [REDACTED: batch progress and internal diagnostics]
L000584 | [Epoch 20] [Time: 8.1670982837677]
L000585 | [Train Loss: 2.0068]
L000586 | [Train F1: 0.8227355370674171]
L000587 | [Train Acc: 0.8234275822273515]
L000588 | [Dev Loss: 4.8823]
L000589 | [Dev F1: 0.6190580455967429]
L000590 | [Dev Acc: 0.618657937806874]
L000591 | 
L000592-L000607 | [REDACTED: batch progress and internal diagnostics]
L000608 | [Epoch 21] [Time: 7.8303821086883545]
L000609 | [Train Loss: 1.948]
L000610 | [Train F1: 0.824506544771127]
L000611 | [Train Acc: 0.825735718407386]
L000612 | [Dev Loss: 5.0119]
L000613 | [Dev F1: 0.6569011751259761]
L000614 | [Dev Acc: 0.6644844517184942]
L000615 | 
L000616-L000631 | [REDACTED: batch progress and internal diagnostics]
L000632 | [Epoch 22] [Time: 8.198781251907349]
L000633 | [Train Loss: 1.8461]
L000634 | [Train F1: 0.833535403285886]
L000635 | [Train Acc: 0.8349682631275245]
L000636 | [Dev Loss: 4.951]
L000637 | [Dev F1: 0.6260884269573914]
L000638 | [Dev Acc: 0.6268412438625205]
L000639 | 
L000640-L000655 | [REDACTED: batch progress and internal diagnostics]
L000656 | [Epoch 23] [Time: 7.866039037704468]
L000657 | [Train Loss: 1.7882]
L000658 | [Train F1: 0.8417844419257824]
L000659 | [Train Acc: 0.8420850163492979]
L000660 | [Dev Loss: 5.4128]
L000661 | [Dev F1: 0.6188769542582293]
L000662 | [Dev Acc: 0.6235679214402619]
L000663 | 
L000664-L000679 | [REDACTED: batch progress and internal diagnostics]
L000680 | [Epoch 24] [Time: 8.266355276107788]
L000681 | [Train Loss: 1.7039]
L000682 | [Train F1: 0.8338603045331731]
L000683 | [Train Acc: 0.8359299865358722]
L000684 | [Dev Loss: 5.0547]
L000685 | [Dev F1: 0.6460511045498067]
L000686 | [Dev Acc: 0.6530278232405892]
L000687 | 
L000688-L000703 | [REDACTED: batch progress and internal diagnostics]
L000704 | [Epoch 25] [Time: 7.979830503463745]
L000705 | [Train Loss: 1.6882]
L000706 | [Train F1: 0.8477219729624518]
L000707 | [Train Acc: 0.8484323908443931]
L000708 | [Dev Loss: 5.2192]
L000709 | [Dev F1: 0.6492211519318131]
L000710 | [Dev Acc: 0.6546644844517185]
L000711 | 
L000712-L000727 | [REDACTED: batch progress and internal diagnostics]
L000728 | [Epoch 26] [Time: 8.247910499572754]
L000729 | [Train Loss: 1.579]
L000730 | [Train F1: 0.8513715160816212]
L000731 | [Train Acc: 0.8520869397961146]
L000732 | [Dev Loss: 5.4272]
L000733 | [Dev F1: 0.6361150375292062]
L000734 | [Dev Acc: 0.6399345335515548]
L000735 | 
L000736-L000751 | [REDACTED: batch progress and internal diagnostics]
L000752 | [Epoch 27] [Time: 8.715799808502197]
L000753 | [Train Loss: 1.583]
L000754 | [Train F1: 0.8517518616307748]
L000755 | [Train Acc: 0.8530486632044624]
L000756 | [Dev Loss: 4.7524]
L000757 | [Dev F1: 0.6422759696382444]
L000758 | [Dev Acc: 0.6432078559738135]
L000759 | 
L000760-L000775 | [REDACTED: batch progress and internal diagnostics]
L000776 | [Epoch 28] [Time: 8.536792039871216]
L000777 | [Train Loss: 1.5057]
L000778 | [Train F1: 0.8643321189753325]
L000779 | [Train Acc: 0.8649740334679746]
L000780 | [Dev Loss: 5.5752]
L000781 | [Dev F1: 0.6295707017534447]
L000782 | [Dev Acc: 0.6317512274959084]
L000783 | 
L000784-L000799 | [REDACTED: batch progress and internal diagnostics]
L000800 | [Epoch 29] [Time: 7.7100067138671875]
L000801 | [Train Loss: 1.4819]
L000802 | [Train F1: 0.8660198250177117]
L000803 | [Train Acc: 0.866512790921331]
L000804 | [Dev Loss: 4.9427]
L000805 | [Dev F1: 0.6599830387620658]
L000806 | [Dev Acc: 0.6644844517184942]
L000807 | 
L000808-L000823 | [REDACTED: batch progress and internal diagnostics]
L000824 | [Epoch 30] [Time: 8.096576452255249]
L000825 | [Train Loss: 1.441]
L000826 | [Train F1: 0.8640271646317631]
L000827 | [Train Acc: 0.8649740334679746]
L000828 | [Dev Loss: 5.8751]
L000829 | [Dev F1: 0.639615374704526]
L000830 | [Dev Acc: 0.6448445171849427]
L000831 | 
L000832-L000847 | [REDACTED: batch progress and internal diagnostics]
L000848 | [Epoch 31] [Time: 7.874303102493286]
L000849 | [Train Loss: 1.4078]
L000850 | [Train F1: 0.8743080848523893]
L000851 | [Train Acc: 0.8749759569147914]
L000852 | [Dev Loss: 5.1312]
L000853 | [Dev F1: 0.6457254501708715]
L000854 | [Dev Acc: 0.6481178396072013]
L000855 | 
L000856-L000871 | [REDACTED: batch progress and internal diagnostics]
L000872 | [Epoch 32] [Time: 7.5474159717559814]
L000873 | [Train Loss: 1.3227]
L000874 | [Train F1: 0.8776192650041066]
L000875 | [Train Acc: 0.8780534718215042]
L000876 | [Dev Loss: 5.5488]
L000877 | [Dev F1: 0.6411056913458898]
L000878 | [Dev Acc: 0.6448445171849427]
L000879 | 
L000880-L000895 | [REDACTED: batch progress and internal diagnostics]
L000896 | [Epoch 33] [Time: 7.965254306793213]
L000897 | [Train Loss: 1.2669]
L000898 | [Train F1: 0.8857223433665692]
L000899 | [Train Acc: 0.8865166378149644]
L000900 | [Dev Loss: 5.3747]
L000901 | [Dev F1: 0.6469638887264633]
L000902 | [Dev Acc: 0.6513911620294599]
L000903 | 
L000904-L000919 | [REDACTED: batch progress and internal diagnostics]
L000920 | [Epoch 34] [Time: 7.808685064315796]
L000921 | [Train Loss: 1.2711]
L000922 | [Train F1: 0.8833053294562586]
L000923 | [Train Acc: 0.8836314675899212]
L000924 | [Dev Loss: 5.5457]
L000925 | [Dev F1: 0.6345492790133528]
L000926 | [Dev Acc: 0.6382978723404256]
L000927 | 
L000928-L000943 | [REDACTED: batch progress and internal diagnostics]
L000944 | [Epoch 35] [Time: 8.643651485443115]
L000945 | [Train Loss: 1.2108]
L000946 | [Train F1: 0.8891427112028254]
L000947 | [Train Acc: 0.8897864974033468]
L000948 | [Dev Loss: 5.7892]
L000949 | [Dev F1: 0.6520189560751634]
L000950 | [Dev Acc: 0.6563011456628478]
L000951 | 
L000952-L000967 | [REDACTED: batch progress and internal diagnostics]
L000968 | [Epoch 36] [Time: 7.900583982467651]
L000969 | [Train Loss: 1.2052]
L000970 | [Train F1: 0.8861592973695933]
L000971 | [Train Acc: 0.8870936718599731]
L000972 | [Dev Loss: 5.3158]
L000973 | [Dev F1: 0.6437794888903768]
L000974 | [Dev Acc: 0.6497545008183306]
L000975 | 
L000976-L000991 | [REDACTED: batch progress and internal diagnostics]
L000992 | [Epoch 37] [Time: 8.233390092849731]
L000993 | [Train Loss: 1.1542]
L000994 | [Train F1: 0.888478982127514]
L000995 | [Train Acc: 0.8890171186766685]
L000996 | [Dev Loss: 5.877]
L000997 | [Dev F1: 0.649830182386517]
L000998 | [Dev Acc: 0.6563011456628478]
L000999 | 
L001000-L001015 | [REDACTED: batch progress and internal diagnostics]
L001016 | [Epoch 38] [Time: 8.357129096984863]
L001017 | [Train Loss: 1.0914]
L001018 | [Train F1: 0.8984721108362639]
L001019 | [Train Acc: 0.8992113868051549]
L001020 | [Dev Loss: 5.5866]
L001021 | [Dev F1: 0.6404486023249981]
L001022 | [Dev Acc: 0.646481178396072]
L001023 | 
L001024-L001039 | [REDACTED: batch progress and internal diagnostics]
L001040 | [Epoch 39] [Time: 8.230649948120117]
L001041 | [Train Loss: 1.0773]
L001042 | [Train F1: 0.9052659043706532]
L001043 | [Train Acc: 0.90555876130025]
L001044 | [Dev Loss: 6.0902]
L001045 | [Dev F1: 0.6445228780931439]
L001046 | [Dev Acc: 0.6481178396072013]
L001047 | 
L001048-L001063 | [REDACTED: batch progress and internal diagnostics]
L001064 | [Epoch 40] [Time: 8.621954917907715]
L001065 | [Train Loss: 1.0784]
L001066 | [Train F1: 0.906898191109967]
L001067 | [Train Acc: 0.9070975187536064]
L001068 | [Dev Loss: 5.6048]
L001069 | [Dev F1: 0.6327019280817321]
L001070 | [Dev Acc: 0.6333878887070377]
L001071 | 
L001072-L001087 | [REDACTED: batch progress and internal diagnostics]
L001088 | [Epoch 41] [Time: 7.800657510757446]
L001089 | [Train Loss: 1.0208]
L001090 | [Train F1: 0.9048263185354761]
L001091 | [Train Acc: 0.9051740719369109]
L001092 | [Dev Loss: 6.101]
L001093 | [Dev F1: 0.6506319014986014]
L001094 | [Dev Acc: 0.6579378068739771]
L001095 | 
L001096-L001111 | [REDACTED: batch progress and internal diagnostics]
L001112 | [Epoch 42] [Time: 8.508097887039185]
L001113 | [Train Loss: 1.0442]
L001114 | [Train F1: 0.9037200236536271]
L001115 | [Train Acc: 0.9038276591652241]
L001116 | [Dev Loss: 5.8321]
L001117 | [Dev F1: 0.6397087922898738]
L001118 | [Dev Acc: 0.646481178396072]
L001119 | 
L001120-L001135 | [REDACTED: batch progress and internal diagnostics]
L001136 | [Epoch 43] [Time: 8.184059619903564]
L001137 | [Train Loss: 0.9655]
L001138 | [Train F1: 0.9087840281554516]
L001139 | [Train Acc: 0.909020965570302]
L001140 | [Dev Loss: 6.1644]
L001141 | [Dev F1: 0.6351608757246721]
L001142 | [Dev Acc: 0.6382978723404256]
L001143 | 
L001144-L001159 | [REDACTED: batch progress and internal diagnostics]
L001160 | [Epoch 44] [Time: 8.188410758972168]
L001161 | [Train Loss: 0.9686]
L001162 | [Train F1: 0.9089517060630827]
L001163 | [Train Acc: 0.9094056549336411]
L001164 | [Dev Loss: 5.8897]
L001165 | [Dev F1: 0.6171127878470117]
L001166 | [Dev Acc: 0.6153846153846154]
L001167 | 
L001168-L001183 | [REDACTED: batch progress and internal diagnostics]
L001184 | [Epoch 45] [Time: 8.197652339935303]
L001185 | [Train Loss: 0.9604]
L001186 | [Train F1: 0.9040265579984134]
L001187 | [Train Acc: 0.9042123485285631]
L001188 | [Dev Loss: 6.1279]
L001189 | [Dev F1: 0.6317726088918203]
L001190 | [Dev Acc: 0.6350245499181669]
L001191 | 
L001192-L001207 | [REDACTED: batch progress and internal diagnostics]
L001208 | [Epoch 46] [Time: 8.343303918838501]
L001209 | [Train Loss: 0.8832]
L001210 | [Train F1: 0.9210657188301493]
L001211 | [Train Acc: 0.9213310251971533]
L001212 | [Dev Loss: 6.0475]
L001213 | [Dev F1: 0.638142615033665]
L001214 | [Dev Acc: 0.6448445171849427]
L001215 | 
L001216-L001231 | [REDACTED: batch progress and internal diagnostics]
L001232 | [Epoch 47] [Time: 7.864143133163452]
L001233 | [Train Loss: 0.8288]
L001234 | [Train F1: 0.922447341464737]
L001235 | [Train Acc: 0.9226774379688402]
L001236 | [Dev Loss: 6.1126]
L001237 | [Dev F1: 0.6313686990521482]
L001238 | [Dev Acc: 0.6382978723404256]
L001239 | 
L001240-L001255 | [REDACTED: batch progress and internal diagnostics]
L001256 | [Epoch 48] [Time: 8.178546667098999]
L001257 | [Train Loss: 0.8435]
L001258 | [Train F1: 0.9213040179920116]
L001259 | [Train Acc: 0.9217157145604924]
L001260 | [Dev Loss: 6.2961]
L001261 | [Dev F1: 0.6326643059671799]
L001262 | [Dev Acc: 0.6382978723404256]
L001263 | 
L001264-L001279 | [REDACTED: batch progress and internal diagnostics]
L001280 | [Epoch 49] [Time: 7.913182973861694]
L001281 | [Train Loss: 0.7937]
L001282 | [Train F1: 0.9247469135307551]
L001283 | [Train Acc: 0.9249855741488748]
L001284 | [Dev Loss: 6.3895]
L001285 | [Dev F1: 0.6226395719710537]
L001286 | [Dev Acc: 0.6252045826513911]
L001287 | 
L001288-L001303 | [REDACTED: batch progress and internal diagnostics]
L001304 | [Epoch 50] [Time: 8.438730955123901]
L001305 | [Train Loss: 0.7434]
L001306 | [Train F1: 0.9358932218366639]
L001307 | [Train Acc: 0.9361415656857088]
L001308 | [Dev Loss: 6.6745]
L001309 | [Dev F1: 0.6138433576498252]
L001310 | [Dev Acc: 0.618657937806874]
L001311 | 
L001312-L001327 | [REDACTED: batch progress and internal diagnostics]
L001328 | [Epoch 51] [Time: 8.521702766418457]
L001329 | [Train Loss: 0.726]
L001330 | [Train F1: 0.937693671541008]
L001331 | [Train Acc: 0.9378726678207348]
L001332 | [Dev Loss: 6.3343]
L001333 | [Dev F1: 0.638481659459597]
L001334 | [Dev Acc: 0.6432078559738135]
L001335 | 
L001336-L001351 | [REDACTED: batch progress and internal diagnostics]
L001352 | [Epoch 52] [Time: 8.055550575256348]
L001353 | [Train Loss: 0.7095]
L001354 | [Train F1: 0.9352899625230697]
L001355 | [Train Acc: 0.9355645316407001]
L001356 | [Dev Loss: 6.4201]
L001357 | [Dev F1: 0.6233965514831376]
L001358 | [Dev Acc: 0.6317512274959084]
L001359 | 
L001360-L001375 | [REDACTED: batch progress and internal diagnostics]
L001376 | [Epoch 53] [Time: 8.09207272529602]
L001377 | [Train Loss: 0.699]
L001378 | [Train F1: 0.9310656282538007]
L001379 | [Train Acc: 0.93133294864397]
L001380 | [Dev Loss: 6.3467]
L001381 | [Dev F1: 0.6359800136237909]
L001382 | [Dev Acc: 0.6399345335515548]
L001383 | 
L001384-L001399 | [REDACTED: batch progress and internal diagnostics]
L001400 | [Epoch 54] [Time: 7.9843738079071045]
L001401 | [Train Loss: 0.6791]
L001402 | [Train F1: 0.9351264719170359]
L001403 | [Train Acc: 0.9353721869590306]
L001404 | [Dev Loss: 6.8965]
L001405 | [Dev F1: 0.6374857459844632]
L001406 | [Dev Acc: 0.6415711947626841]
L001407 | Early stopping at epoch: 54
L001408 | Last model
L001409 |               precision    recall  f1-score   support
L001410 | 
L001411 |          hap     0.6098    0.3472    0.4425       144
L001412 |          sad     0.8579    0.6408    0.7336       245
L001413 |          neu     0.5828    0.7786    0.6667       384
L001414 |          ang     0.5798    0.6412    0.6089       170
L001415 |          exc     0.7483    0.7258    0.7368       299
L001416 |          fru     0.6022    0.5801    0.5909       381
L001417 | 
L001418 |     accuracy                         0.6488      1623
L001419 |    macro avg     0.6635    0.6189    0.6299      1623
L001420 | weighted avg     0.6615    0.6488    0.6460      1623
L001421 | 
L001422 | Best model at epoch: 29
L001423 | Best dev F1: 0.6599830387620658
L001424 |               precision    recall  f1-score   support
L001425 | 
L001426 |          hap     0.5913    0.4722    0.5251       144
L001427 |          sad     0.8128    0.7796    0.7958       245
L001428 |          neu     0.5867    0.8281    0.6868       384
L001429 |          ang     0.6419    0.5588    0.5975       170
L001430 |          exc     0.7597    0.7191    0.7388       299
L001431 |          fru     0.6833    0.5381    0.6021       381
L001432 | 
L001433 |     accuracy                         0.6728      1623
L001434 |    macro avg     0.6793    0.6493    0.6577      1623
L001435 | weighted avg     0.6816    0.6728    0.6693      1623
L001436 | 
L001437 | Best test F1: 0.6692545452198332
L001438 | Best test Acc: 0.6728280961182994
L001439 | [SANITIZED] Saved checkpoint: [path and filename removed]
