# Redacted copy of an existing run log.
# run_id: G22-seed4
# dataset: CMU-MOSEI
# model: GCNet+AMBER
# imr: (0.5,0.7,0.3)
# seed_alias: seed4
# original_log_sha256: 31f87ff0c1c1ddd34f9c9dac28250029a0df5637a777634350c7a2019da5d61a
# source_record_status: ok
# source_record_process_return_code: 3221226505
# L numbers refer to source logical lines; REDACTED/SANITIZED text is editorial.
L000001 | [SANITIZED] FutureWarning: [dependency deprecation notice; implementation details removed]
L000002-L000059 | [REDACTED: configuration or implementation details]
L000060 | [SANITIZED] Seed alias: seed4
L000061 | [REDACTED: configuration or implementation details]
L000062 | 
L000063-L000065 | [REDACTED: batch progress and internal diagnostics]
L000066 | 
L000067-L000068 | [REDACTED: batch progress and internal diagnostics]
L000069 | 
L000070-L000071 | [REDACTED: batch progress and internal diagnostics]
L000072-L000074 | [REDACTED: configuration or implementation details]
L000075 | 
L000076-L000358 | [REDACTED: batch progress and internal diagnostics]
L000359 | [Epoch 0] [Time: 24.21]
L000360 | [Train Loss: 1.1167]
L000361 | [Train F1: 0.6753830955563986]
L000362 | [Train Acc: 0.6844204598779916]
L000363 | [Dev Loss: 0.9081]
L000364 | [Dev F1: 0.6984467930217452]
L000365 | [Dev Acc: 0.694019471488178]
L000366 | 
L000367-L000643 | [REDACTED: batch progress and internal diagnostics]
L000644 | [Epoch 1] [Time: 22.20]
L000645 | [Train Loss: 0.9598]
L000646 | [Train F1: 0.7443555604161683]
L000647 | [Train Acc: 0.7459721570467699]
L000648 | [Dev Loss: 0.7867]
L000649 | [Dev F1: 0.7340867554241817]
L000650 | [Dev Acc: 0.741307371349096]
L000651 | 
L000652-L000933 | [REDACTED: batch progress and internal diagnostics]
L000934 | [Epoch 2] [Time: 23.22]
L000935 | [Train Loss: 0.9019]
L000936 | [Train F1: 0.7621437130628537]
L000937 | [Train Acc: 0.7653683716564993]
L000938 | [Dev Loss: 0.7394]
L000939 | [Dev F1: 0.762739147000914]
L000940 | [Dev Acc: 0.7705146036161336]
L000941 | 
L000942-L001222 | [REDACTED: batch progress and internal diagnostics]
L001223 | [Epoch 3] [Time: 22.87]
L001224 | [Train Loss: 0.8572]
L001225 | [Train F1: 0.7831666530203693]
L001226 | [Train Acc: 0.784921007351791]
L001227 | [Dev Loss: 0.7209]
L001228 | [Dev F1: 0.7645380672815099]
L001229 | [Dev Acc: 0.7732962447844228]
L001230 | 
L001231-L001513 | [REDACTED: batch progress and internal diagnostics]
L001514 | [Epoch 4] [Time: 23.01]
L001515 | [Train Loss: 0.8392]
L001516 | [Train F1: 0.7875148230107779]
L001517 | [Train Acc: 0.789144376661974]
L001518 | [Dev Loss: 0.7717]
L001519 | [Dev F1: 0.7371158103581325]
L001520 | [Dev Acc: 0.7573018080667594]
L001521 | 
L001522-L001801 | [REDACTED: batch progress and internal diagnostics]
L001802 | [Epoch 5] [Time: 22.81]
L001803 | [Train Loss: 0.7998]
L001804 | [Train F1: 0.7886517171260444]
L001805 | [Train Acc: 0.7902393242609104]
L001806 | [Dev Loss: 0.7259]
L001807 | [Dev F1: 0.76470548869502]
L001808 | [Dev Acc: 0.7753824756606398]
L001809 | 
L001810-L002092 | [REDACTED: batch progress and internal diagnostics]
L002093 | [Epoch 6] [Time: 23.28]
L002094 | [Train Loss: 0.7959]
L002095 | [Train F1: 0.7934384694086565]
L002096 | [Train Acc: 0.7946191146566557]
L002097 | [Dev Loss: 0.831]
L002098 | [Dev F1: 0.7279391857169049]
L002099 | [Dev Acc: 0.721835883171071]
L002100 | 
L002101-L002383 | [REDACTED: batch progress and internal diagnostics]
L002384 | [Epoch 7] [Time: 23.96]
L002385 | [Train Loss: 0.7987]
L002386 | [Train F1: 0.7888035370946467]
L002387 | [Train Acc: 0.7906303769748162]
L002388 | [Dev Loss: 0.7133]
L002389 | [Dev F1: 0.7700395336823399]
L002390 | [Dev Acc: 0.778164116828929]
L002391 | 
L002392-L002674 | [REDACTED: batch progress and internal diagnostics]
L002675 | [Epoch 8] [Time: 23.85]
L002676 | [Train Loss: 0.7775]
L002677 | [Train F1: 0.7964614678946372]
L002678 | [Train Acc: 0.7972000625684342]
L002679 | [Dev Loss: 0.7456]
L002680 | [Dev F1: 0.755659728435433]
L002681 | [Dev Acc: 0.7531293463143255]
L002682 | 
L002683-L002964 | [REDACTED: batch progress and internal diagnostics]
L002965 | [Epoch 9] [Time: 23.57]
L002966 | [Train Loss: 0.7559]
L002967 | [Train F1: 0.8005445362821704]
L002968 | [Train Acc: 0.8018926951353043]
L002969 | [Dev Loss: 0.7207]
L002970 | [Dev F1: 0.772011660905788]
L002971 | [Dev Acc: 0.7753824756606398]
L002972 | 
L002973-L003253 | [REDACTED: batch progress and internal diagnostics]
L003254 | [Epoch 10] [Time: 22.91]
L003255 | [Train Loss: 0.7459]
L003256 | [Train F1: 0.8030465811643583]
L003257 | [Train Acc: 0.8045518535898639]
L003258 | [Dev Loss: 0.7188]
L003259 | [Dev F1: 0.7680304150170062]
L003260 | [Dev Acc: 0.7753824756606398]
L003261 | 
L003262-L003543 | [REDACTED: batch progress and internal diagnostics]
L003544 | [Epoch 11] [Time: 22.99]
L003545 | [Train Loss: 0.7272]
L003546 | [Train F1: 0.80648137779668]
L003547 | [Train Acc: 0.8071328015016425]
L003548 | [Dev Loss: 0.7115]
L003549 | [Dev F1: 0.7783295328228025]
L003550 | [Dev Acc: 0.7830319888734353]
L003551 | 
L003552-L003830 | [REDACTED: batch progress and internal diagnostics]
L003831 | [Epoch 12] [Time: 22.07]
L003832 | [Train Loss: 0.7148]
L003833 | [Train F1: 0.8064966503561826]
L003834 | [Train Acc: 0.8073674331299859]
L003835 | [Dev Loss: 0.73]
L003836 | [Dev F1: 0.7768412376715004]
L003837 | [Dev Acc: 0.7809457579972183]
L003838 | 
L003839-L004119 | [REDACTED: batch progress and internal diagnostics]
L004120 | [Epoch 13] [Time: 23.12]
L004121 | [Train Loss: 0.702]
L004122 | [Train F1: 0.8094257006801105]
L004123 | [Train Acc: 0.8103394337556703]
L004124 | [Dev Loss: 0.7293]
L004125 | [Dev F1: 0.7698437083862202]
L004126 | [Dev Acc: 0.7795549374130737]
L004127 | 
L004128-L004410 | [REDACTED: batch progress and internal diagnostics]
L004411 | [Epoch 14] [Time: 24.20]
L004412 | [Train Loss: 0.6973]
L004413 | [Train F1: 0.8100405642887201]
L004414 | [Train Acc: 0.811121539183482]
L004415 | [Dev Loss: 0.7329]
L004416 | [Dev F1: 0.7679450844551746]
L004417 | [Dev Acc: 0.7705146036161336]
L004418 | 
L004419-L004700 | [REDACTED: batch progress and internal diagnostics]
L004701 | [Epoch 15] [Time: 23.09]
L004702 | [Train Loss: 0.6828]
L004703 | [Train F1: 0.8115154845154002]
L004704 | [Train Acc: 0.8123729078679806]
L004705 | [Dev Loss: 0.7573]
L004706 | [Dev F1: 0.7638921844579126]
L004707 | [Dev Acc: 0.7677329624478443]
L004708 | 
L004709-L004988 | [REDACTED: batch progress and internal diagnostics]
L004989 | [Epoch 16] [Time: 22.86]
L004990 | [Train Loss: 0.6785]
L004991 | [Train F1: 0.8167396577982141]
L004992 | [Train Acc: 0.8173783826059753]
L004993 | [Dev Loss: 0.7495]
L004994 | [Dev F1: 0.7569778467289277]
L004995 | [Dev Acc: 0.7698191933240612]
L004996 | 
L004997-L005276 | [REDACTED: batch progress and internal diagnostics]
L005277 | [Epoch 17] [Time: 23.12]
L005278 | [Train Loss: 0.6582]
L005279 | [Train F1: 0.8208009063524658]
L005280 | [Train Acc: 0.8212106992022524]
L005281 | [Dev Loss: 0.7219]
L005282 | [Dev F1: 0.7541244706740174]
L005283 | [Dev Acc: 0.7545201668984701]
L005284 | 
L005285-L005566 | [REDACTED: batch progress and internal diagnostics]
L005567 | [Epoch 18] [Time: 22.64]
L005568 | [Train Loss: 0.6591]
L005569 | [Train F1: 0.8192818750180709]
L005570 | [Train Acc: 0.8199593305177538]
L005571 | [Dev Loss: 0.718]
L005572 | [Dev F1: 0.7635987056784735]
L005573 | [Dev Acc: 0.7732962447844228]
L005574 | 
L005575-L005855 | [REDACTED: batch progress and internal diagnostics]
L005856 | [Epoch 19] [Time: 23.13]
L005857 | [Train Loss: 0.6342]
L005858 | [Train F1: 0.8241507686061192]
L005859 | [Train Acc: 0.824730173627405]
L005860 | [Dev Loss: 0.7235]
L005861 | [Dev F1: 0.7652620419875288]
L005862 | [Dev Acc: 0.7732962447844228]
L005863 | 
L005864-L006145 | [REDACTED: batch progress and internal diagnostics]
L006146 | [Epoch 20] [Time: 23.35]
L006147 | [Train Loss: 0.6202]
L006148 | [Train F1: 0.8313952503945956]
L006149 | [Train Acc: 0.83176912247771]
L006150 | [Dev Loss: 0.7094]
L006151 | [Dev F1: 0.760343474449552]
L006152 | [Dev Acc: 0.7726008344923505]
L006153 | 
L006154-L006435 | [REDACTED: batch progress and internal diagnostics]
L006436 | [Epoch 21] [Time: 23.53]
L006437 | [Train Loss: 0.6146]
L006438 | [Train F1: 0.8301419022411034]
L006439 | [Train Acc: 0.8302049116220866]
L006440 | [Dev Loss: 0.714]
L006441 | [Dev F1: 0.7788003119423224]
L006442 | [Dev Acc: 0.7809457579972183]
L006443 | 
L006444-L006725 | [REDACTED: batch progress and internal diagnostics]
L006726 | [Epoch 22] [Time: 23.86]
L006727 | [Train Loss: 0.597]
L006728 | [Train F1: 0.8356214979308645]
L006729 | [Train Acc: 0.8359142812451118]
L006730 | [Dev Loss: 0.7044]
L006731 | [Dev F1: 0.7716423224671242]
L006732 | [Dev Acc: 0.7746870653685675]
L006733 | 
L006734-L007016 | [REDACTED: batch progress and internal diagnostics]
L007017 | [Epoch 23] [Time: 23.77]
L007018 | [Train Loss: 0.5857]
L007019 | [Train F1: 0.8380675118980164]
L007020 | [Train Acc: 0.8382605975285469]
L007021 | [Dev Loss: 0.7215]
L007022 | [Dev F1: 0.7671043530474454]
L007023 | [Dev Acc: 0.7739916550764951]
L007024 | 
L007025-L007307 | [REDACTED: batch progress and internal diagnostics]
L007308 | [Epoch 24] [Time: 23.24]
L007309 | [Train Loss: 0.578]
L007310 | [Train F1: 0.8402865384211728]
L007311 | [Train Acc: 0.8406851243547631]
L007312 | [Dev Loss: 0.7659]
L007313 | [Dev F1: 0.7766604383626752]
L007314 | [Dev Acc: 0.7830319888734353]
L007315 | 
L007316-L007597 | [REDACTED: batch progress and internal diagnostics]
L007598 | [Epoch 25] [Time: 23.28]
L007599 | [Train Loss: 0.5512]
L007600 | [Train F1: 0.8435503347022312]
L007601 | [Train Acc: 0.843969967151572]
L007602 | [Dev Loss: 0.7076]
L007603 | [Dev F1: 0.767886311920721]
L007604 | [Dev Acc: 0.780250347705146]
L007605 | 
L007606-L007885 | [REDACTED: batch progress and internal diagnostics]
L007886 | [Epoch 26] [Time: 23.61]
L007887 | [Train Loss: 0.5512]
L007888 | [Train F1: 0.848707676841758]
L007889 | [Train Acc: 0.8490536524323479]
L007890 | [Dev Loss: 0.717]
L007891 | [Dev F1: 0.7637754636528296]
L007892 | [Dev Acc: 0.7705146036161336]
L007893 | 
L007894-L008174 | [REDACTED: batch progress and internal diagnostics]
L008175 | [Epoch 27] [Time: 22.85]
L008176 | [Train Loss: 0.5309]
L008177 | [Train F1: 0.8552020759309283]
L008178 | [Train Acc: 0.8557797591115283]
L008179 | [Dev Loss: 0.7026]
L008180 | [Dev F1: 0.7556438982512337]
L008181 | [Dev Acc: 0.758692628650904]
L008182 | 
L008183-L008465 | [REDACTED: batch progress and internal diagnostics]
L008466 | [Epoch 28] [Time: 23.18]
L008467 | [Train Loss: 0.5202]
L008468 | [Train F1: 0.8592298051514274]
L008469 | [Train Acc: 0.8596902862505866]
L008470 | [Dev Loss: 0.686]
L008471 | [Dev F1: 0.7799713182633918]
L008472 | [Dev Acc: 0.7830319888734353]
L008473 | 
L008474-L008755 | [REDACTED: batch progress and internal diagnostics]
L008756 | [Epoch 29] [Time: 23.44]
L008757 | [Train Loss: 0.4926]
L008758 | [Train F1: 0.8626291047491338]
L008759 | [Train Acc: 0.8629751290473956]
L008760 | [Dev Loss: 0.7097]
L008761 | [Dev F1: 0.7648576599919981]
L008762 | [Dev Acc: 0.7746870653685675]
L008763 | 
L008764-L009044 | [REDACTED: batch progress and internal diagnostics]
L009045 | [Epoch 30] [Time: 23.13]
L009046 | [Train Loss: 0.4767]
L009047 | [Train F1: 0.8658461929180065]
L009048 | [Train Acc: 0.8661035507586423]
L009049 | [Dev Loss: 0.7161]
L009050 | [Dev F1: 0.7684272019382847]
L009051 | [Dev Acc: 0.7698191933240612]
L009052 | 
L009053-L009336 | [REDACTED: batch progress and internal diagnostics]
L009337 | [Epoch 31] [Time: 23.10]
L009338 | [Train Loss: 0.4658]
L009339 | [Train F1: 0.8736701506249028]
L009340 | [Train Acc: 0.8738463944939778]
L009341 | [Dev Loss: 0.7043]
L009342 | [Dev F1: 0.7612774683203696]
L009343 | [Dev Acc: 0.7642559109874826]
L009344 | 
L009345-L009622 | [REDACTED: batch progress and internal diagnostics]
L009623 | [Epoch 32] [Time: 22.58]
L009624 | [Train Loss: 0.4432]
L009625 | [Train F1: 0.8761325966169325]
L009626 | [Train Acc: 0.8765055529485375]
L009627 | [Dev Loss: 0.7198]
L009628 | [Dev F1: 0.7583822096801304]
L009629 | [Dev Acc: 0.7600834492350487]
L009630 | 
L009631-L009913 | [REDACTED: batch progress and internal diagnostics]
L009914 | [Epoch 33] [Time: 23.29]
L009915 | [Train Loss: 0.4305]
L009916 | [Train F1: 0.8799068191303488]
L009917 | [Train Acc: 0.8801814484592523]
L009918 | [Dev Loss: 0.6892]
L009919 | [Dev F1: 0.7740822748870153]
L009920 | [Dev Acc: 0.7767732962447844]
L009921 | 
L009922-L010205 | [REDACTED: batch progress and internal diagnostics]
L010206 | [Epoch 34] [Time: 23.54]
L010207 | [Train Loss: 0.4122]
L010208 | [Train F1: 0.8809654607969272]
L010209 | [Train Acc: 0.8812763960581886]
L010210 | [Dev Loss: 0.7299]
L010211 | [Dev F1: 0.7685445191484354]
L010212 | [Dev Acc: 0.7663421418636995]
L010213 | 
L010214-L010496 | [REDACTED: batch progress and internal diagnostics]
L010497 | [Epoch 35] [Time: 23.05]
L010498 | [Train Loss: 0.4065]
L010499 | [Train F1: 0.881612655625511]
L010500 | [Train Acc: 0.8819802909432192]
L010501 | [Dev Loss: 0.72]
L010502 | [Dev F1: 0.7497628732004394]
L010503 | [Dev Acc: 0.7545201668984701]
L010504 | 
L010505-L010787 | [REDACTED: batch progress and internal diagnostics]
L010788 | [Epoch 36] [Time: 23.94]
L010789 | [Train Loss: 0.3885]
L010790 | [Train F1: 0.888306433674069]
L010791 | [Train Acc: 0.8887063976223994]
L010792 | [Dev Loss: 0.7307]
L010793 | [Dev F1: 0.7677235766935915]
L010794 | [Dev Acc: 0.7684283727399166]
L010795 | 
L010796-L011079 | [REDACTED: batch progress and internal diagnostics]
L011080 | [Epoch 37] [Time: 23.57]
L011081 | [Train Loss: 0.3831]
L011082 | [Train F1: 0.8874634457322206]
L011083 | [Train Acc: 0.8876896605662443]
L011084 | [Dev Loss: 0.7473]
L011085 | [Dev F1: 0.7619524308727281]
L011086 | [Dev Acc: 0.7621696801112656]
L011087 | 
L011088-L011370 | [REDACTED: batch progress and internal diagnostics]
L011371 | [Epoch 38] [Time: 23.78]
L011372 | [Train Loss: 0.3674]
L011373 | [Train F1: 0.8913615290598499]
L011374 | [Train Acc: 0.8916783982480838]
L011375 | [Dev Loss: 0.7229]
L011376 | [Dev F1: 0.7462171080127049]
L011377 | [Dev Acc: 0.7489568845618915]
L011378 | Early stopping at epoch: 38
L011379 | Last model
L011380 |               precision    recall  f1-score   support
L011381 | 
L011382 |     Negative     0.7706    0.5503    0.6421      2375
L011383 |     Positive     0.6396    0.8297    0.7223      2284
L011384 | 
L011385 |     accuracy                         0.6873      4659
L011386 |    macro avg     0.7051    0.6900    0.6822      4659
L011387 | weighted avg     0.7064    0.6873    0.6814      4659
L011388 | 
L011389 | Best model at epoch: 28
L011390 | Best dev F1: 0.7799713182633918
L011391 |               precision    recall  f1-score   support
L011392 | 
L011393 |     Negative     0.7782    0.5482    0.6433      2375
L011394 |     Positive     0.6407    0.8376    0.7260      2284
L011395 | 
L011396 |     accuracy                         0.6901      4659
L011397 |    macro avg     0.7094    0.6929    0.6846      4659
L011398 | weighted avg     0.7108    0.6901    0.6838      4659
L011399 | 
L011400 | Best test F1: 0.7914486219672181
L011401 | Best test Acc: 0.7916895982388552
L011402 | [SANITIZED] Saved checkpoint: [path and filename removed]
