# Redacted copy of an existing run log.
# run_id: G22-seed5
# dataset: CMU-MOSEI
# model: GCNet+AMBER
# imr: (0.5,0.7,0.3)
# seed_alias: seed5
# original_log_sha256: 1e9b39f4bf74efd257d2111788fa40de9e8b9a712f6a3bad01306077fd9a1d0b
# source_record_status: ok
# source_record_process_return_code: 3221226505
# L numbers refer to source logical lines; REDACTED/SANITIZED text is editorial.
L000001 | [SANITIZED] FutureWarning: [dependency deprecation notice; implementation details removed]
L000002-L000059 | [REDACTED: configuration or implementation details]
L000060 | [SANITIZED] Seed alias: seed5
L000061 | [REDACTED: configuration or implementation details]
L000062 | 
L000063-L000065 | [REDACTED: batch progress and internal diagnostics]
L000066 | 
L000067-L000068 | [REDACTED: batch progress and internal diagnostics]
L000069 | 
L000070-L000071 | [REDACTED: batch progress and internal diagnostics]
L000072-L000074 | [REDACTED: configuration or implementation details]
L000075 | 
L000076-L000356 | [REDACTED: batch progress and internal diagnostics]
L000357 | [Epoch 0] [Time: 23.09]
L000358 | [Train Loss: 1.0977]
L000359 | [Train F1: 0.6786469509469987]
L000360 | [Train Acc: 0.6881745659314875]
L000361 | [Dev Loss: 0.8477]
L000362 | [Dev F1: 0.7355929163544815]
L000363 | [Dev Acc: 0.7343532684283728]
L000364 | 
L000365-L000646 | [REDACTED: batch progress and internal diagnostics]
L000647 | [Epoch 1] [Time: 22.44]
L000648 | [Train Loss: 0.9564]
L000649 | [Train F1: 0.7503052551361041]
L000650 | [Train Acc: 0.7527764742687314]
L000651 | [Dev Loss: 0.8013]
L000652 | [Dev F1: 0.7489508942472222]
L000653 | [Dev Acc: 0.7496522948539638]
L000654 | 
L000655-L000935 | [REDACTED: batch progress and internal diagnostics]
L000936 | [Epoch 2] [Time: 22.54]
L000937 | [Train Loss: 0.8823]
L000938 | [Train F1: 0.7748451596485213]
L000939 | [Train Acc: 0.7768653214453308]
L000940 | [Dev Loss: 0.7498]
L000941 | [Dev F1: 0.7548498816817616]
L000942 | [Dev Acc: 0.7524339360222532]
L000943 | 
L000944-L001227 | [REDACTED: batch progress and internal diagnostics]
L001228 | [Epoch 3] [Time: 23.06]
L001229 | [Train Loss: 0.8645]
L001230 | [Train F1: 0.7808277155282547]
L001231 | [Train Acc: 0.7819490067261067]
L001232 | [Dev Loss: 0.721]
L001233 | [Dev F1: 0.7650175859450533]
L001234 | [Dev Acc: 0.7691237830319889]
L001235 | 
L001236-L001517 | [REDACTED: batch progress and internal diagnostics]
L001518 | [Epoch 4] [Time: 23.22]
L001519 | [Train Loss: 0.8294]
L001520 | [Train F1: 0.7868870554372056]
L001521 | [Train Acc: 0.7887533239480682]
L001522 | [Dev Loss: 0.7132]
L001523 | [Dev F1: 0.7641798856891171]
L001524 | [Dev Acc: 0.7635605006954103]
L001525 | 
L001526-L001808 | [REDACTED: batch progress and internal diagnostics]
L001809 | [Epoch 5] [Time: 24.09]
L001810 | [Train Loss: 0.8243]
L001811 | [Train F1: 0.7919806975418091]
L001812 | [Train Acc: 0.7931331143438135]
L001813 | [Dev Loss: 0.7198]
L001814 | [Dev F1: 0.7667021521593843]
L001815 | [Dev Acc: 0.7746870653685675]
L001816 | 
L001817-L002098 | [REDACTED: batch progress and internal diagnostics]
L002099 | [Epoch 6] [Time: 22.94]
L002100 | [Train Loss: 0.8056]
L002101 | [Train F1: 0.8013044835210458]
L002102 | [Train Acc: 0.8024401689347724]
L002103 | [Dev Loss: 0.7159]
L002104 | [Dev F1: 0.7678898195627776]
L002105 | [Dev Acc: 0.7670375521557719]
L002106 | 
L002107-L002389 | [REDACTED: batch progress and internal diagnostics]
L002390 | [Epoch 7] [Time: 22.63]
L002391 | [Train Loss: 0.7862]
L002392 | [Train F1: 0.8022456731697736]
L002393 | [Train Acc: 0.802753011105897]
L002394 | [Dev Loss: 0.7002]
L002395 | [Dev F1: 0.7572492473731253]
L002396 | [Dev Acc: 0.7656467315716272]
L002397 | 
L002398-L002678 | [REDACTED: batch progress and internal diagnostics]
L002679 | [Epoch 8] [Time: 22.89]
L002680 | [Train Loss: 0.7733]
L002681 | [Train F1: 0.8038690686292431]
L002682 | [Train Acc: 0.8050993273893321]
L002683 | [Dev Loss: 0.7183]
L002684 | [Dev F1: 0.7526216188338014]
L002685 | [Dev Acc: 0.7489568845618915]
L002686 | 
L002687-L002966 | [REDACTED: batch progress and internal diagnostics]
L002967 | [Epoch 9] [Time: 22.98]
L002968 | [Train Loss: 0.7537]
L002969 | [Train F1: 0.8048007226659601]
L002970 | [Train Acc: 0.8054903801032379]
L002971 | [Dev Loss: 0.7101]
L002972 | [Dev F1: 0.7739187351926393]
L002973 | [Dev Acc: 0.7788595271210014]
L002974 | 
L002975-L003252 | [REDACTED: batch progress and internal diagnostics]
L003253 | [Epoch 10] [Time: 22.63]
L003254 | [Train Loss: 0.7442]
L003255 | [Train F1: 0.8066461638926808]
L003256 | [Train Acc: 0.807445643672767]
L003257 | [Dev Loss: 0.7054]
L003258 | [Dev F1: 0.7681653003259159]
L003259 | [Dev Acc: 0.7649513212795549]
L003260 | 
L003261-L003539 | [REDACTED: batch progress and internal diagnostics]
L003540 | [Epoch 11] [Time: 23.28]
L003541 | [Train Loss: 0.7361]
L003542 | [Train F1: 0.8097042854230252]
L003543 | [Train Acc: 0.8104176442984514]
L003544 | [Dev Loss: 0.7628]
L003545 | [Dev F1: 0.771520224118281]
L003546 | [Dev Acc: 0.7760778859527121]
L003547 | 
L003548-L003829 | [REDACTED: batch progress and internal diagnostics]
L003830 | [Epoch 12] [Time: 23.13]
L003831 | [Train Loss: 0.7144]
L003832 | [Train F1: 0.8066527206166926]
L003833 | [Train Acc: 0.8079149069294541]
L003834 | [Dev Loss: 0.6872]
L003835 | [Dev F1: 0.7728733484954882]
L003836 | [Dev Acc: 0.7767732962447844]
L003837 | 
L003838-L004120 | [REDACTED: batch progress and internal diagnostics]
L004121 | [Epoch 13] [Time: 23.90]
L004122 | [Train Loss: 0.708]
L004123 | [Train F1: 0.810987655552033]
L004124 | [Train Acc: 0.8116690129829501]
L004125 | [Dev Loss: 0.701]
L004126 | [Dev F1: 0.758764551804429]
L004127 | [Dev Acc: 0.7573018080667594]
L004128 | 
L004129-L004410 | [REDACTED: batch progress and internal diagnostics]
L004411 | [Epoch 14] [Time: 23.42]
L004412 | [Train Loss: 0.694]
L004413 | [Train F1: 0.8133220341427744]
L004414 | [Train Acc: 0.813937118723604]
L004415 | [Dev Loss: 0.7367]
L004416 | [Dev F1: 0.7663870650229937]
L004417 | [Dev Acc: 0.7628650904033379]
L004418 | 
L004419-L004699 | [REDACTED: batch progress and internal diagnostics]
L004700 | [Epoch 15] [Time: 23.01]
L004701 | [Train Loss: 0.7]
L004702 | [Train F1: 0.8093879320140811]
L004703 | [Train Acc: 0.8099483810417645]
L004704 | [Dev Loss: 0.6958]
L004705 | [Dev F1: 0.777409891169423]
L004706 | [Dev Acc: 0.780250347705146]
L004707 | 
L004708-L004985 | [REDACTED: batch progress and internal diagnostics]
L004986 | [Epoch 16] [Time: 22.91]
L004987 | [Train Loss: 0.679]
L004988 | [Train F1: 0.8140327098044421]
L004989 | [Train Acc: 0.8140935398091663]
L004990 | [Dev Loss: 0.7067]
L004991 | [Dev F1: 0.7761802911188953]
L004992 | [Dev Acc: 0.7774687065368567]
L004993 | 
L004994-L005274 | [REDACTED: batch progress and internal diagnostics]
L005275 | [Epoch 17] [Time: 22.54]
L005276 | [Train Loss: 0.6678]
L005277 | [Train F1: 0.8139650788870443]
L005278 | [Train Acc: 0.8149538557797591]
L005279 | [Dev Loss: 0.7053]
L005280 | [Dev F1: 0.7751252868092706]
L005281 | [Dev Acc: 0.7753824756606398]
L005282 | 
L005283-L005565 | [REDACTED: batch progress and internal diagnostics]
L005566 | [Epoch 18] [Time: 23.18]
L005567 | [Train Loss: 0.6592]
L005568 | [Train F1: 0.811362308117468]
L005569 | [Train Acc: 0.8119036446112936]
L005570 | [Dev Loss: 0.724]
L005571 | [Dev F1: 0.7587830423496866]
L005572 | [Dev Acc: 0.7663421418636995]
L005573 | 
L005574-L005857 | [REDACTED: batch progress and internal diagnostics]
L005858 | [Epoch 19] [Time: 23.55]
L005859 | [Train Loss: 0.6506]
L005860 | [Train F1: 0.8152440347063726]
L005861 | [Train Acc: 0.8158923822931331]
L005862 | [Dev Loss: 0.7344]
L005863 | [Dev F1: 0.7630478524066407]
L005864 | [Dev Acc: 0.7739916550764951]
L005865 | 
L005866-L006148 | [REDACTED: batch progress and internal diagnostics]
L006149 | [Epoch 20] [Time: 23.86]
L006150 | [Train Loss: 0.6348]
L006151 | [Train F1: 0.8208778363661707]
L006152 | [Train Acc: 0.8215235413733771]
L006153 | [Dev Loss: 0.6707]
L006154 | [Dev F1: 0.7808685062257117]
L006155 | [Dev Acc: 0.7837273991655076]
L006156 | 
L006157-L006438 | [REDACTED: batch progress and internal diagnostics]
L006439 | [Epoch 21] [Time: 22.60]
L006440 | [Train Loss: 0.6174]
L006441 | [Train F1: 0.8248109644964766]
L006442 | [Train Acc: 0.825199436884092]
L006443 | [Dev Loss: 0.6869]
L006444 | [Dev F1: 0.7630484215974396]
L006445 | [Dev Acc: 0.7760778859527121]
L006446 | 
L006447-L006727 | [REDACTED: batch progress and internal diagnostics]
L006728 | [Epoch 22] [Time: 22.35]
L006729 | [Train Loss: 0.6069]
L006730 | [Train F1: 0.8243652255674925]
L006731 | [Train Acc: 0.8253558579696543]
L006732 | [Dev Loss: 0.6662]
L006733 | [Dev F1: 0.776113767881895]
L006734 | [Dev Acc: 0.778164116828929]
L006735 | 
L006736-L007017 | [REDACTED: batch progress and internal diagnostics]
L007018 | [Epoch 23] [Time: 22.75]
L007019 | [Train Loss: 0.5899]
L007020 | [Train F1: 0.8315541371020818]
L007021 | [Train Acc: 0.832238385734397]
L007022 | [Dev Loss: 0.6754]
L007023 | [Dev F1: 0.7718539414624664]
L007024 | [Dev Acc: 0.7705146036161336]
L007025 | 
L007026-L007305 | [REDACTED: batch progress and internal diagnostics]
L007306 | [Epoch 24] [Time: 22.53]
L007307 | [Train Loss: 0.5871]
L007308 | [Train F1: 0.8300524616494823]
L007309 | [Train Acc: 0.8301267010793055]
L007310 | [Dev Loss: 0.7013]
L007311 | [Dev F1: 0.7327537556931363]
L007312 | [Dev Acc: 0.7267037552155772]
L007313 | 
L007314-L007594 | [REDACTED: batch progress and internal diagnostics]
L007595 | [Epoch 25] [Time: 23.03]
L007596 | [Train Loss: 0.5631]
L007597 | [Train F1: 0.8398864770402815]
L007598 | [Train Acc: 0.8400594400125136]
L007599 | [Dev Loss: 0.7493]
L007600 | [Dev F1: 0.7618852115489682]
L007601 | [Dev Acc: 0.7600834492350487]
L007602 | 
L007603-L007885 | [REDACTED: batch progress and internal diagnostics]
L007886 | [Epoch 26] [Time: 23.51]
L007887 | [Train Loss: 0.5371]
L007888 | [Train F1: 0.8429742855591549]
L007889 | [Train Acc: 0.8433442828093227]
L007890 | [Dev Loss: 0.7059]
L007891 | [Dev F1: 0.7682222685488901]
L007892 | [Dev Acc: 0.7663421418636995]
L007893 | 
L007894-L008176 | [REDACTED: batch progress and internal diagnostics]
L008177 | [Epoch 27] [Time: 24.02]
L008178 | [Train Loss: 0.5301]
L008179 | [Train F1: 0.8496974855988099]
L008180 | [Train Acc: 0.8499139684029408]
L008181 | [Dev Loss: 0.6939]
L008182 | [Dev F1: 0.7727698544632828]
L008183 | [Dev Acc: 0.7732962447844228]
L008184 | 
L008185-L008466 | [REDACTED: batch progress and internal diagnostics]
L008467 | [Epoch 28] [Time: 23.76]
L008468 | [Train Loss: 0.5021]
L008469 | [Train F1: 0.8559787726935928]
L008470 | [Train Acc: 0.8560926012826529]
L008471 | [Dev Loss: 0.7509]
L008472 | [Dev F1: 0.7816672811945173]
L008473 | [Dev Acc: 0.786509040333797]
L008474 | 
L008475-L008754 | [REDACTED: batch progress and internal diagnostics]
L008755 | [Epoch 29] [Time: 22.79]
L008756 | [Train Loss: 0.482]
L008757 | [Train F1: 0.8622665168466084]
L008758 | [Train Acc: 0.8624276552479274]
L008759 | [Dev Loss: 0.7046]
L008760 | [Dev F1: 0.7777998426884932]
L008761 | [Dev Acc: 0.7760778859527121]
L008762 | 
L008763-L009043 | [REDACTED: batch progress and internal diagnostics]
L009044 | [Epoch 30] [Time: 22.95]
L009045 | [Train Loss: 0.483]
L009046 | [Train F1: 0.860637485050759]
L009047 | [Train Acc: 0.8605506022211794]
L009048 | [Dev Loss: 0.7328]
L009049 | [Dev F1: 0.7744060358935768]
L009050 | [Dev Acc: 0.7795549374130737]
L009051 | 
L009052-L009333 | [REDACTED: batch progress and internal diagnostics]
L009334 | [Epoch 31] [Time: 22.38]
L009335 | [Train Loss: 0.459]
L009336 | [Train F1: 0.8669570496859884]
L009337 | [Train Acc: 0.8672767089003598]
L009338 | [Dev Loss: 0.7075]
L009339 | [Dev F1: 0.7660481825335465]
L009340 | [Dev Acc: 0.7649513212795549]
L009341 | 
L009342-L009621 | [REDACTED: batch progress and internal diagnostics]
L009622 | [Epoch 32] [Time: 22.73]
L009623 | [Train Loss: 0.4559]
L009624 | [Train F1: 0.8686119429082941]
L009625 | [Train Acc: 0.868762709213202]
L009626 | [Dev Loss: 0.7776]
L009627 | [Dev F1: 0.7427749700634868]
L009628 | [Dev Acc: 0.7378303198887344]
L009629 | 
L009630-L009907 | [REDACTED: batch progress and internal diagnostics]
L009908 | [Epoch 33] [Time: 22.98]
L009909 | [Train Loss: 0.4292]
L009910 | [Train F1: 0.8733888861310245]
L009911 | [Train Acc: 0.873455341780072]
L009912 | [Dev Loss: 0.7137]
L009913 | [Dev F1: 0.764849374834369]
L009914 | [Dev Acc: 0.7635605006954103]
L009915 | 
L009916-L010197 | [REDACTED: batch progress and internal diagnostics]
L010198 | [Epoch 34] [Time: 22.99]
L010199 | [Train Loss: 0.4092]
L010200 | [Train F1: 0.8775135186325684]
L010201 | [Train Acc: 0.8777569216330361]
L010202 | [Dev Loss: 0.7365]
L010203 | [Dev F1: 0.7783350876071613]
L010204 | [Dev Acc: 0.7795549374130737]
L010205 | 
L010206-L010486 | [REDACTED: batch progress and internal diagnostics]
L010487 | [Epoch 35] [Time: 23.18]
L010488 | [Train Loss: 0.4029]
L010489 | [Train F1: 0.8800491846692033]
L010490 | [Train Acc: 0.8801814484592523]
L010491 | [Dev Loss: 0.7164]
L010492 | [Dev F1: 0.7624865451128832]
L010493 | [Dev Acc: 0.7621696801112656]
L010494 | 
L010495-L010775 | [REDACTED: batch progress and internal diagnostics]
L010776 | [Epoch 36] [Time: 23.13]
L010777 | [Train Loss: 0.3948]
L010778 | [Train F1: 0.8820151271924753]
L010779 | [Train Acc: 0.8822931331143438]
L010780 | [Dev Loss: 0.7391]
L010781 | [Dev F1: 0.7598664698079284]
L010782 | [Dev Acc: 0.758692628650904]
L010783 | 
L010784-L011059 | [REDACTED: batch progress and internal diagnostics]
L011060 | [Epoch 37] [Time: 21.91]
L011061 | [Train Loss: 0.3861]
L011062 | [Train F1: 0.8864862941479017]
L011063 | [Train Acc: 0.8867511340528703]
L011064 | [Dev Loss: 0.7434]
L011065 | [Dev F1: 0.7663099157163568]
L011066 | [Dev Acc: 0.7656467315716272]
L011067 | 
L011068-L011348 | [REDACTED: batch progress and internal diagnostics]
L011349 | [Epoch 38] [Time: 23.07]
L011350 | [Train Loss: 0.375]
L011351 | [Train F1: 0.8883126217050268]
L011352 | [Train Acc: 0.8885499765368372]
L011353 | [Dev Loss: 0.7738]
L011354 | [Dev F1: 0.7601685694015844]
L011355 | [Dev Acc: 0.7573018080667594]
L011356 | Early stopping at epoch: 38
L011357 | Last model
L011358 |               precision    recall  f1-score   support
L011359 | 
L011360 |     Negative     0.7510    0.6097    0.6730      2375
L011361 |     Positive     0.6606    0.7898    0.7194      2284
L011362 | 
L011363 |     accuracy                         0.6980      4659
L011364 |    macro avg     0.7058    0.6998    0.6962      4659
L011365 | weighted avg     0.7067    0.6980    0.6958      4659
L011366 | 
L011367 | Best model at epoch: 28
L011368 | Best dev F1: 0.7816672811945173
L011369 |               precision    recall  f1-score   support
L011370 | 
L011371 |     Negative     0.7970    0.4943    0.6102      2375
L011372 |     Positive     0.6230    0.8691    0.7258      2284
L011373 | 
L011374 |     accuracy                         0.6780      4659
L011375 |    macro avg     0.7100    0.6817    0.6680      4659
L011376 | weighted avg     0.7117    0.6780    0.6669      4659
L011377 | 
L011378 | Best test F1: 0.7823229355309139
L011379 | Best test Acc: 0.7859108420473307
L011380 | [SANITIZED] Saved checkpoint: [path and filename removed]
