# Redacted copy of an existing run log.
# run_id: G18-seed1
# dataset: IEMOCAP
# model: MM-DFN+AMBER
# imr: (0.7,0.5,0.3)
# seed_alias: seed1
# original_log_sha256: b7a69bc90df51f935b75589bf7a53533b7a685b08b5f179e5c004e0f6290c062
# source_record_status: ok
# source_record_process_return_code: 3221226505
# L numbers refer to source logical lines; REDACTED/SANITIZED text is editorial.
L000001-L000076 | [REDACTED: configuration or implementation details]
L000077 | [SANITIZED] Seed alias: seed1
L000078 | 
L000079-L000080 | [REDACTED: batch progress and internal diagnostics]
L000081 | 
L000082-L000083 | [REDACTED: batch progress and internal diagnostics]
L000084 | 
L000085-L000086 | [REDACTED: batch progress and internal diagnostics]
L000087 | 
L000088-L000103 | [REDACTED: batch progress and internal diagnostics]
L000104 | [Epoch 0] [Time: 9.287515878677368]
L000105 | [Train Loss: 9.259]
L000106 | [Train F1: 0.2618221358312107]
L000107 | [Train Acc: 0.2842854395075976]
L000108 | [Dev Loss: 8.9818]
L000109 | [Dev F1: 0.3520919471007912]
L000110 | [Dev Acc: 0.3944353518821604]
L000111 | 
L000112-L000127 | [REDACTED: batch progress and internal diagnostics]
L000128 | [Epoch 1] [Time: 8.011468648910522]
L000129 | [Train Loss: 8.0325]
L000130 | [Train F1: 0.4009580349245212]
L000131 | [Train Acc: 0.4377764954799]
L000132 | [Dev Loss: 8.1109]
L000133 | [Dev F1: 0.3668062538669151]
L000134 | [Dev Acc: 0.40425531914893614]
L000135 | 
L000136-L000151 | [REDACTED: batch progress and internal diagnostics]
L000152 | [Epoch 2] [Time: 8.463893175125122]
L000153 | [Train Loss: 7.0072]
L000154 | [Train F1: 0.45056020764871896]
L000155 | [Train Acc: 0.4804770148105405]
L000156 | [Dev Loss: 7.3259]
L000157 | [Dev F1: 0.40854084196671925]
L000158 | [Dev Acc: 0.425531914893617]
L000159 | 
L000160-L000175 | [REDACTED: batch progress and internal diagnostics]
L000176 | [Epoch 3] [Time: 8.458181858062744]
L000177 | [Train Loss: 6.1756]
L000178 | [Train F1: 0.5234228442768036]
L000179 | [Train Acc: 0.5408732448547797]
L000180 | [Dev Loss: 6.6133]
L000181 | [Dev F1: 0.5057801525387661]
L000182 | [Dev Acc: 0.5204582651391162]
L000183 | 
L000184-L000199 | [REDACTED: batch progress and internal diagnostics]
L000200 | [Epoch 4] [Time: 7.8763556480407715]
L000201 | [Train Loss: 5.5027]
L000202 | [Train F1: 0.5763271249452759]
L000203 | [Train Acc: 0.5864589344104636]
L000204 | [Dev Loss: 6.0937]
L000205 | [Dev F1: 0.538390524597827]
L000206 | [Dev Acc: 0.5515548281505729]
L000207 | 
L000208-L000223 | [REDACTED: batch progress and internal diagnostics]
L000224 | [Epoch 5] [Time: 7.70892596244812]
L000225 | [Train Loss: 5.0242]
L000226 | [Train F1: 0.5940694501418468]
L000227 | [Train Acc: 0.6008847855356799]
L000228 | [Dev Loss: 5.7673]
L000229 | [Dev F1: 0.5348503553124033]
L000230 | [Dev Acc: 0.5433715220949263]
L000231 | 
L000232-L000247 | [REDACTED: batch progress and internal diagnostics]
L000248 | [Epoch 6] [Time: 8.454180240631104]
L000249 | [Train Loss: 4.7006]
L000250 | [Train F1: 0.6140243576771521]
L000251 | [Train Acc: 0.619349874975957]
L000252 | [Dev Loss: 5.5889]
L000253 | [Dev F1: 0.5397813443246015]
L000254 | [Dev Acc: 0.5499181669394435]
L000255 | 
L000256-L000271 | [REDACTED: batch progress and internal diagnostics]
L000272 | [Epoch 7] [Time: 7.986024379730225]
L000273 | [Train Loss: 4.4388]
L000274 | [Train F1: 0.6258924521275114]
L000275 | [Train Acc: 0.6333910367378341]
L000276 | [Dev Loss: 5.5203]
L000277 | [Dev F1: 0.5367878786804874]
L000278 | [Dev Acc: 0.5499181669394435]
L000279 | 
L000280-L000295 | [REDACTED: batch progress and internal diagnostics]
L000296 | [Epoch 8] [Time: 8.541122913360596]
L000297 | [Train Loss: 4.2077]
L000298 | [Train F1: 0.6442753768375356]
L000299 | [Train Acc: 0.6499326793614156]
L000300 | [Dev Loss: 5.2491]
L000301 | [Dev F1: 0.5790885548297647]
L000302 | [Dev Acc: 0.5859247135842881]
L000303 | 
L000304-L000319 | [REDACTED: batch progress and internal diagnostics]
L000320 | [Epoch 9] [Time: 8.0722074508667]
L000321 | [Train Loss: 3.9609]
L000322 | [Train F1: 0.6661459181937066]
L000323 | [Train Acc: 0.6693594922100404]
L000324 | [Dev Loss: 5.205]
L000325 | [Dev F1: 0.5664964790119968]
L000326 | [Dev Acc: 0.574468085106383]
L000327 | 
L000328-L000343 | [REDACTED: batch progress and internal diagnostics]
L000344 | [Epoch 10] [Time: 8.054619312286377]
L000345 | [Train Loss: 3.7338]
L000346 | [Train F1: 0.68627921313809]
L000347 | [Train Acc: 0.6903250625120215]
L000348 | [Dev Loss: 5.0516]
L000349 | [Dev F1: 0.5966151171966925]
L000350 | [Dev Acc: 0.6039279869067103]
L000351 | 
L000352-L000367 | [REDACTED: batch progress and internal diagnostics]
L000368 | [Epoch 11] [Time: 7.975967884063721]
L000369 | [Train Loss: 3.6015]
L000370 | [Train F1: 0.6979280343709933]
L000371 | [Train Acc: 0.7007116753221774]
L000372 | [Dev Loss: 4.9511]
L000373 | [Dev F1: 0.5986707967293795]
L000374 | [Dev Acc: 0.6039279869067103]
L000375 | 
L000376-L000391 | [REDACTED: batch progress and internal diagnostics]
L000392 | [Epoch 12] [Time: 8.167349815368652]
L000393 | [Train Loss: 3.4678]
L000394 | [Train F1: 0.7072091783666264]
L000395 | [Train Acc: 0.7109059434506636]
L000396 | [Dev Loss: 4.8418]
L000397 | [Dev F1: 0.6122957692060162]
L000398 | [Dev Acc: 0.6153846153846154]
L000399 | 
L000400-L000415 | [REDACTED: batch progress and internal diagnostics]
L000416 | [Epoch 13] [Time: 7.636336326599121]
L000417 | [Train Loss: 3.2789]
L000418 | [Train F1: 0.7181931647318546]
L000419 | [Train Acc: 0.7205231775341412]
L000420 | [Dev Loss: 4.7777]
L000421 | [Dev F1: 0.6220780722242403]
L000422 | [Dev Acc: 0.6268412438625205]
L000423 | 
L000424-L000439 | [REDACTED: batch progress and internal diagnostics]
L000440 | [Epoch 14] [Time: 8.857759475708008]
L000441 | [Train Loss: 3.1014]
L000442 | [Train F1: 0.7327159369786571]
L000443 | [Train Acc: 0.7351413733410271]
L000444 | [Dev Loss: 4.8347]
L000445 | [Dev F1: 0.6205415325581507]
L000446 | [Dev Acc: 0.6284779050736498]
L000447 | 
L000448-L000463 | [REDACTED: batch progress and internal diagnostics]
L000464 | [Epoch 15] [Time: 8.302159786224365]
L000465 | [Train Loss: 3.0295]
L000466 | [Train F1: 0.7396571932701544]
L000467 | [Train Acc: 0.7428351606078092]
L000468 | [Dev Loss: 4.682]
L000469 | [Dev F1: 0.6439827221986472]
L000470 | [Dev Acc: 0.646481178396072]
L000471 | 
L000472-L000487 | [REDACTED: batch progress and internal diagnostics]
L000488 | [Epoch 16] [Time: 8.319085836410522]
L000489 | [Train Loss: 2.8934]
L000490 | [Train F1: 0.7500066343471018]
L000491 | [Train Acc: 0.7524523946912868]
L000492 | [Dev Loss: 4.9198]
L000493 | [Dev F1: 0.6246616522169158]
L000494 | [Dev Acc: 0.6284779050736498]
L000495 | 
L000496-L000511 | [REDACTED: batch progress and internal diagnostics]
L000512 | [Epoch 17] [Time: 8.570287227630615]
L000513 | [Train Loss: 2.7863]
L000514 | [Train F1: 0.7576008883796427]
L000515 | [Train Acc: 0.760530871321408]
L000516 | [Dev Loss: 4.7974]
L000517 | [Dev F1: 0.6448387049482315]
L000518 | [Dev Acc: 0.6513911620294599]
L000519 | 
L000520-L000535 | [REDACTED: batch progress and internal diagnostics]
L000536 | [Epoch 18] [Time: 8.551733016967773]
L000537 | [Train Loss: 2.6331]
L000538 | [Train F1: 0.7723368972662599]
L000539 | [Train Acc: 0.7736103096749375]
L000540 | [Dev Loss: 4.9174]
L000541 | [Dev F1: 0.6331957523677803]
L000542 | [Dev Acc: 0.6382978723404256]
L000543 | 
L000544-L000559 | [REDACTED: batch progress and internal diagnostics]
L000560 | [Epoch 19] [Time: 8.42430853843689]
L000561 | [Train Loss: 2.5043]
L000562 | [Train F1: 0.7865987283875525]
L000563 | [Train Acc: 0.7880361608001539]
L000564 | [Dev Loss: 5.0495]
L000565 | [Dev F1: 0.645323814041643]
L000566 | [Dev Acc: 0.6497545008183306]
L000567 | 
L000568-L000583 | [REDACTED: batch progress and internal diagnostics]
L000584 | [Epoch 20] [Time: 8.141008138656616]
L000585 | [Train Loss: 2.4616]
L000586 | [Train F1: 0.7860679771120296]
L000587 | [Train Acc: 0.7880361608001539]
L000588 | [Dev Loss: 4.9468]
L000589 | [Dev F1: 0.646941791742029]
L000590 | [Dev Acc: 0.6497545008183306]
L000591 | 
L000592-L000607 | [REDACTED: batch progress and internal diagnostics]
L000608 | [Epoch 21] [Time: 8.125849723815918]
L000609 | [Train Loss: 2.3468]
L000610 | [Train F1: 0.79412676063519]
L000611 | [Train Acc: 0.795729948066936]
L000612 | [Dev Loss: 5.0089]
L000613 | [Dev F1: 0.6584376267217005]
L000614 | [Dev Acc: 0.6644844517184942]
L000615 | 
L000616-L000631 | [REDACTED: batch progress and internal diagnostics]
L000632 | [Epoch 22] [Time: 8.648964166641235]
L000633 | [Train Loss: 2.2525]
L000634 | [Train F1: 0.8061514259934325]
L000635 | [Train Acc: 0.8076553183304481]
L000636 | [Dev Loss: 5.0466]
L000637 | [Dev F1: 0.6507931334456847]
L000638 | [Dev Acc: 0.6546644844517185]
L000639 | 
L000640-L000655 | [REDACTED: batch progress and internal diagnostics]
L000656 | [Epoch 23] [Time: 7.983715057373047]
L000657 | [Train Loss: 2.2224]
L000658 | [Train F1: 0.800410000206712]
L000659 | [Train Acc: 0.8011155991536834]
L000660 | [Dev Loss: 5.1498]
L000661 | [Dev F1: 0.6441676857029209]
L000662 | [Dev Acc: 0.646481178396072]
L000663 | 
L000664-L000679 | [REDACTED: batch progress and internal diagnostics]
L000680 | [Epoch 24] [Time: 8.021872758865356]
L000681 | [Train Loss: 2.1336]
L000682 | [Train F1: 0.8003410111075364]
L000683 | [Train Acc: 0.8030390459703789]
L000684 | [Dev Loss: 5.7388]
L000685 | [Dev F1: 0.6183741311082761]
L000686 | [Dev Acc: 0.630114566284779]
L000687 | 
L000688-L000703 | [REDACTED: batch progress and internal diagnostics]
L000704 | [Epoch 25] [Time: 7.8244688510894775]
L000705 | [Train Loss: 2.113]
L000706 | [Train F1: 0.812622942150374]
L000707 | [Train Acc: 0.8132333140988651]
L000708 | [Dev Loss: 5.1482]
L000709 | [Dev F1: 0.6526006285107897]
L000710 | [Dev Acc: 0.6579378068739771]
L000711 | 
L000712-L000727 | [REDACTED: batch progress and internal diagnostics]
L000728 | [Epoch 26] [Time: 7.977437257766724]
L000729 | [Train Loss: 2.0493]
L000730 | [Train F1: 0.8058347073594165]
L000731 | [Train Acc: 0.8078476630121177]
L000732 | [Dev Loss: 5.4835]
L000733 | [Dev F1: 0.6393602306024899]
L000734 | [Dev Acc: 0.6481178396072013]
L000735 | 
L000736-L000751 | [REDACTED: batch progress and internal diagnostics]
L000752 | [Epoch 27] [Time: 8.463387489318848]
L000753 | [Train Loss: 1.9819]
L000754 | [Train F1: 0.8217847251745442]
L000755 | [Train Acc: 0.8226582035006732]
L000756 | [Dev Loss: 5.4805]
L000757 | [Dev F1: 0.6306450683355818]
L000758 | [Dev Acc: 0.6333878887070377]
L000759 | 
L000760-L000775 | [REDACTED: batch progress and internal diagnostics]
L000776 | [Epoch 28] [Time: 8.665998458862305]
L000777 | [Train Loss: 1.9287]
L000778 | [Train F1: 0.8188164310017778]
L000779 | [Train Acc: 0.820157722638969]
L000780 | [Dev Loss: 5.292]
L000781 | [Dev F1: 0.6524907343325393]
L000782 | [Dev Acc: 0.6579378068739771]
L000783 | 
L000784-L000799 | [REDACTED: batch progress and internal diagnostics]
L000800 | [Epoch 29] [Time: 7.649079084396362]
L000801 | [Train Loss: 1.8868]
L000802 | [Train F1: 0.825396387684054]
L000803 | [Train Acc: 0.8259280630890556]
L000804 | [Dev Loss: 5.6667]
L000805 | [Dev F1: 0.6353349309557751]
L000806 | [Dev Acc: 0.6366612111292962]
L000807 | 
L000808-L000823 | [REDACTED: batch progress and internal diagnostics]
L000824 | [Epoch 30] [Time: 7.676726341247559]
L000825 | [Train Loss: 1.8138]
L000826 | [Train F1: 0.8304176869194417]
L000827 | [Train Acc: 0.8322754375841508]
L000828 | [Dev Loss: 5.8901]
L000829 | [Dev F1: 0.6179596377687474]
L000830 | [Dev Acc: 0.6252045826513911]
L000831 | 
L000832-L000847 | [REDACTED: batch progress and internal diagnostics]
L000848 | [Epoch 31] [Time: 7.754398345947266]
L000849 | [Train Loss: 1.8336]
L000850 | [Train F1: 0.8361750558338189]
L000851 | [Train Acc: 0.8370840546258896]
L000852 | [Dev Loss: 5.4694]
L000853 | [Dev F1: 0.6561776612210664]
L000854 | [Dev Acc: 0.6644844517184942]
L000855 | 
L000856-L000871 | [REDACTED: batch progress and internal diagnostics]
L000872 | [Epoch 32] [Time: 7.956132411956787]
L000873 | [Train Loss: 1.7526]
L000874 | [Train F1: 0.8334065464554141]
L000875 | [Train Acc: 0.8345835737641855]
L000876 | [Dev Loss: 5.5714]
L000877 | [Dev F1: 0.6320056978056094]
L000878 | [Dev Acc: 0.6350245499181669]
L000879 | 
L000880-L000895 | [REDACTED: batch progress and internal diagnostics]
L000896 | [Epoch 33] [Time: 8.221432447433472]
L000897 | [Train Loss: 1.7131]
L000898 | [Train F1: 0.8339470541819626]
L000899 | [Train Acc: 0.8353529524908636]
L000900 | [Dev Loss: 6.2106]
L000901 | [Dev F1: 0.6325640775650142]
L000902 | [Dev Acc: 0.6432078559738135]
L000903 | 
L000904-L000919 | [REDACTED: batch progress and internal diagnostics]
L000920 | [Epoch 34] [Time: 8.007194995880127]
L000921 | [Train Loss: 1.7361]
L000922 | [Train F1: 0.8367951446971854]
L000923 | [Train Acc: 0.8372763993075591]
L000924 | [Dev Loss: 5.68]
L000925 | [Dev F1: 0.643908684218407]
L000926 | [Dev Acc: 0.6481178396072013]
L000927 | 
L000928-L000943 | [REDACTED: batch progress and internal diagnostics]
L000944 | [Epoch 35] [Time: 8.212119817733765]
L000945 | [Train Loss: 1.683]
L000946 | [Train F1: 0.8397791945020595]
L000947 | [Train Acc: 0.8407386035776111]
L000948 | [Dev Loss: 6.388]
L000949 | [Dev F1: 0.5972607641003927]
L000950 | [Dev Acc: 0.6072013093289689]
L000951 | 
L000952-L000967 | [REDACTED: batch progress and internal diagnostics]
L000968 | [Epoch 36] [Time: 7.768445014953613]
L000969 | [Train Loss: 1.6179]
L000970 | [Train F1: 0.8433828696736566]
L000971 | [Train Acc: 0.8443931525293326]
L000972 | [Dev Loss: 5.8152]
L000973 | [Dev F1: 0.6394117375989495]
L000974 | [Dev Acc: 0.6432078559738135]
L000975 | 
L000976-L000991 | [REDACTED: batch progress and internal diagnostics]
L000992 | [Epoch 37] [Time: 8.25479006767273]
L000993 | [Train Loss: 1.5922]
L000994 | [Train F1: 0.8541434841803471]
L000995 | [Train Acc: 0.8547797653394884]
L000996 | [Dev Loss: 5.9118]
L000997 | [Dev F1: 0.6264022733824892]
L000998 | [Dev Acc: 0.6350245499181669]
L000999 | 
L001000-L001015 | [REDACTED: batch progress and internal diagnostics]
L001016 | [Epoch 38] [Time: 8.588824987411499]
L001017 | [Train Loss: 1.5471]
L001018 | [Train F1: 0.8537990044487044]
L001019 | [Train Acc: 0.8549721100211579]
L001020 | [Dev Loss: 6.0836]
L001021 | [Dev F1: 0.632475979394916]
L001022 | [Dev Acc: 0.6366612111292962]
L001023 | 
L001024-L001039 | [REDACTED: batch progress and internal diagnostics]
L001040 | [Epoch 39] [Time: 8.362489700317383]
L001041 | [Train Loss: 1.5165]
L001042 | [Train F1: 0.857019378093516]
L001043 | [Train Acc: 0.8576649355645316]
L001044 | [Dev Loss: 5.9995]
L001045 | [Dev F1: 0.6360171688162074]
L001046 | [Dev Acc: 0.6415711947626841]
L001047 | 
L001048-L001063 | [REDACTED: batch progress and internal diagnostics]
L001064 | [Epoch 40] [Time: 8.897671937942505]
L001065 | [Train Loss: 1.4829]
L001066 | [Train F1: 0.8555448913441617]
L001067 | [Train Acc: 0.8567032121561838]
L001068 | [Dev Loss: 6.0546]
L001069 | [Dev F1: 0.6277574037032919]
L001070 | [Dev Acc: 0.6317512274959084]
L001071 | 
L001072-L001087 | [REDACTED: batch progress and internal diagnostics]
L001088 | [Epoch 41] [Time: 8.026562452316284]
L001089 | [Train Loss: 1.4398]
L001090 | [Train F1: 0.8609814846295641]
L001091 | [Train Acc: 0.8613194845162532]
L001092 | [Dev Loss: 6.0658]
L001093 | [Dev F1: 0.6434867271012685]
L001094 | [Dev Acc: 0.646481178396072]
L001095 | 
L001096-L001111 | [REDACTED: batch progress and internal diagnostics]
L001112 | [Epoch 42] [Time: 8.622357845306396]
L001113 | [Train Loss: 1.4171]
L001114 | [Train F1: 0.8654588104795566]
L001115 | [Train Acc: 0.8663204462396614]
L001116 | [Dev Loss: 6.4918]
L001117 | [Dev F1: 0.6230839020030026]
L001118 | [Dev Acc: 0.630114566284779]
L001119 | 
L001120-L001135 | [REDACTED: batch progress and internal diagnostics]
L001136 | [Epoch 43] [Time: 8.186547040939331]
L001137 | [Train Loss: 1.3494]
L001138 | [Train F1: 0.8697816926208048]
L001139 | [Train Acc: 0.870359684554722]
L001140 | [Dev Loss: 6.302]
L001141 | [Dev F1: 0.625159521385145]
L001142 | [Dev Acc: 0.630114566284779]
L001143 | 
L001144-L001159 | [REDACTED: batch progress and internal diagnostics]
L001160 | [Epoch 44] [Time: 8.34945273399353]
L001161 | [Train Loss: 1.3447]
L001162 | [Train F1: 0.8723092622186434]
L001163 | [Train Acc: 0.8728601654164262]
L001164 | [Dev Loss: 6.2259]
L001165 | [Dev F1: 0.6231322647205282]
L001166 | [Dev Acc: 0.6284779050736498]
L001167 | 
L001168-L001183 | [REDACTED: batch progress and internal diagnostics]
L001184 | [Epoch 45] [Time: 8.182544231414795]
L001185 | [Train Loss: 1.3403]
L001186 | [Train F1: 0.868783003276031]
L001187 | [Train Acc: 0.8693979611463744]
L001188 | [Dev Loss: 6.3751]
L001189 | [Dev F1: 0.6337617793710544]
L001190 | [Dev Acc: 0.6399345335515548]
L001191 | 
L001192-L001207 | [REDACTED: batch progress and internal diagnostics]
L001208 | [Epoch 46] [Time: 8.762531518936157]
L001209 | [Train Loss: 1.2816]
L001210 | [Train F1: 0.8773048276565379]
L001211 | [Train Acc: 0.8780534718215042]
L001212 | [Dev Loss: 6.8386]
L001213 | [Dev F1: 0.6170468585960527]
L001214 | [Dev Acc: 0.6252045826513911]
L001215 | Early stopping at epoch: 46
L001216 | Last model
L001217 |               precision    recall  f1-score   support
L001218 | 
L001219 |          hap     0.4082    0.2778    0.3306       144
L001220 |          sad     0.8317    0.7061    0.7638       245
L001221 |          neu     0.5978    0.7083    0.6484       384
L001222 |          ang     0.5509    0.5412    0.5460       170
L001223 |          exc     0.7120    0.7358    0.7237       299
L001224 |          fru     0.5777    0.5853    0.5815       381
L001225 | 
L001226 |     accuracy                         0.6285      1623
L001227 |    macro avg     0.6130    0.5924    0.5990      1623
L001228 | weighted avg     0.6277    0.6285    0.6251      1623
L001229 | 
L001230 | Best model at epoch: 21
L001231 | Best dev F1: 0.6584376267217005
L001232 |               precision    recall  f1-score   support
L001233 | 
L001234 |          hap     0.4466    0.3194    0.3725       144
L001235 |          sad     0.7888    0.8082    0.7984       245
L001236 |          neu     0.6651    0.7240    0.6933       384
L001237 |          ang     0.6173    0.5882    0.6024       170
L001238 |          exc     0.6919    0.8261    0.7530       299
L001239 |          fru     0.6416    0.5591    0.5975       381
L001240 | 
L001241 |     accuracy                         0.6667      1623
L001242 |    macro avg     0.6419    0.6375    0.6362      1623
L001243 | weighted avg     0.6588    0.6667    0.6597      1623
L001244 | 
L001245 | Best test F1: 0.6596822567271182
L001246 | Best test Acc: 0.6666666666666666
L001247 | [SANITIZED] Saved checkpoint: [path and filename removed]
