# Redacted copy of an existing run log.
# run_id: G18-seed2
# dataset: IEMOCAP
# model: MM-DFN+AMBER
# imr: (0.7,0.5,0.3)
# seed_alias: seed2
# original_log_sha256: 478413f9926ee09fd16f15a8eb199f1d607b459af49de25dc3e3005aac955317
# source_record_status: ok
# source_record_process_return_code: 3221226505
# L numbers refer to source logical lines; REDACTED/SANITIZED text is editorial.
L000001-L000076 | [REDACTED: configuration or implementation details]
L000077 | [SANITIZED] Seed alias: seed2
L000078 | 
L000079-L000080 | [REDACTED: batch progress and internal diagnostics]
L000081 | 
L000082-L000083 | [REDACTED: batch progress and internal diagnostics]
L000084 | 
L000085-L000086 | [REDACTED: batch progress and internal diagnostics]
L000087 | 
L000088-L000103 | [REDACTED: batch progress and internal diagnostics]
L000104 | [Epoch 0] [Time: 8.54689645767212]
L000105 | [Train Loss: 9.0996]
L000106 | [Train F1: 0.2802837586295214]
L000107 | [Train Acc: 0.30089848977251005]
L000108 | [Dev Loss: 9.3974]
L000109 | [Dev F1: 0.3961609768928282]
L000110 | [Dev Acc: 0.41450777202072536]
L000111 | 
L000112-L000127 | [REDACTED: batch progress and internal diagnostics]
L000128 | [Epoch 1] [Time: 8.246860980987549]
L000129 | [Train Loss: 7.9336]
L000130 | [Train F1: 0.3998329718662784]
L000131 | [Train Acc: 0.4184668323456318]
L000132 | [Dev Loss: 8.1119]
L000133 | [Dev F1: 0.43698687302491485]
L000134 | [Dev Acc: 0.48704663212435234]
L000135 | 
L000136-L000151 | [REDACTED: batch progress and internal diagnostics]
L000152 | [Epoch 2] [Time: 8.29366683959961]
L000153 | [Train Loss: 6.9817]
L000154 | [Train F1: 0.4589089251967954]
L000155 | [Train Acc: 0.48269929267826417]
L000156 | [Dev Loss: 7.0347]
L000157 | [Dev F1: 0.46468883638852104]
L000158 | [Dev Acc: 0.5181347150259067]
L000159 | 
L000160-L000175 | [REDACTED: batch progress and internal diagnostics]
L000176 | [Epoch 3] [Time: 8.609254837036133]
L000177 | [Train Loss: 6.2266]
L000178 | [Train F1: 0.5258890483940382]
L000179 | [Train Acc: 0.5415790479831772]
L000180 | [Dev Loss: 6.2662]
L000181 | [Dev F1: 0.4975682925661756]
L000182 | [Dev Acc: 0.540587219343696]
L000183 | 
L000184-L000199 | [REDACTED: batch progress and internal diagnostics]
L000200 | [Epoch 4] [Time: 8.061576843261719]
L000201 | [Train Loss: 5.5438]
L000202 | [Train F1: 0.5767942321092878]
L000203 | [Train Acc: 0.5847830242783406]
L000204 | [Dev Loss: 5.7014]
L000205 | [Dev F1: 0.5569869494242083]
L000206 | [Dev Acc: 0.5785837651122625]
L000207 | 
L000208-L000223 | [REDACTED: batch progress and internal diagnostics]
L000224 | [Epoch 5] [Time: 8.087253332138062]
L000225 | [Train Loss: 5.0215]
L000226 | [Train F1: 0.6021060598042168]
L000227 | [Train Acc: 0.6079143567195565]
L000228 | [Dev Loss: 5.3152]
L000229 | [Dev F1: 0.5630799440192042]
L000230 | [Dev Acc: 0.5803108808290155]
L000231 | 
L000232-L000247 | [REDACTED: batch progress and internal diagnostics]
L000248 | [Epoch 6] [Time: 8.56335973739624]
L000249 | [Train Loss: 4.6791]
L000250 | [Train F1: 0.6240653342051962]
L000251 | [Train Acc: 0.6287516727203212]
L000252 | [Dev Loss: 5.1479]
L000253 | [Dev F1: 0.5595539733800474]
L000254 | [Dev Acc: 0.5785837651122625]
L000255 | 
L000256-L000271 | [REDACTED: batch progress and internal diagnostics]
L000272 | [Epoch 7] [Time: 8.24183702468872]
L000273 | [Train Loss: 4.3608]
L000274 | [Train F1: 0.6402102534558846]
L000275 | [Train Acc: 0.6450009558401836]
L000276 | [Dev Loss: 4.9083]
L000277 | [Dev F1: 0.5761179763197986]
L000278 | [Dev Acc: 0.5906735751295337]
L000279 | 
L000280-L000295 | [REDACTED: batch progress and internal diagnostics]
L000296 | [Epoch 8] [Time: 8.155227899551392]
L000297 | [Train Loss: 4.1131]
L000298 | [Train F1: 0.661308844295118]
L000299 | [Train Acc: 0.6641177595106098]
L000300 | [Dev Loss: 4.7819]
L000301 | [Dev F1: 0.5905227840109804]
L000302 | [Dev Acc: 0.6062176165803109]
L000303 | 
L000304-L000319 | [REDACTED: batch progress and internal diagnostics]
L000320 | [Epoch 9] [Time: 8.75211787223816]
L000321 | [Train Loss: 3.8939]
L000322 | [Train F1: 0.6819195371167389]
L000323 | [Train Acc: 0.6839992353278532]
L000324 | [Dev Loss: 4.6841]
L000325 | [Dev F1: 0.6108107756096731]
L000326 | [Dev Acc: 0.6252158894645942]
L000327 | 
L000328-L000343 | [REDACTED: batch progress and internal diagnostics]
L000344 | [Epoch 10] [Time: 8.248465776443481]
L000345 | [Train Loss: 3.6959]
L000346 | [Train F1: 0.6881766689377085]
L000347 | [Train Acc: 0.6906901166125023]
L000348 | [Dev Loss: 4.666]
L000349 | [Dev F1: 0.6083390016208522]
L000350 | [Dev Acc: 0.6234887737478411]
L000351 | 
L000352-L000367 | [REDACTED: batch progress and internal diagnostics]
L000368 | [Epoch 11] [Time: 8.613967895507812]
L000369 | [Train Loss: 3.5183]
L000370 | [Train F1: 0.7066295891537389]
L000371 | [Train Acc: 0.7084687440259988]
L000372 | [Dev Loss: 4.6743]
L000373 | [Dev F1: 0.6099960490421293]
L000374 | [Dev Acc: 0.6252158894645942]
L000375 | 
L000376-L000391 | [REDACTED: batch progress and internal diagnostics]
L000392 | [Epoch 12] [Time: 8.920778512954712]
L000393 | [Train Loss: 3.3012]
L000394 | [Train F1: 0.7169511529962547]
L000395 | [Train Acc: 0.7186006499713248]
L000396 | [Dev Loss: 4.5406]
L000397 | [Dev F1: 0.627014204777616]
L000398 | [Dev Acc: 0.6390328151986183]
L000399 | 
L000400-L000415 | [REDACTED: batch progress and internal diagnostics]
L000416 | [Epoch 13] [Time: 8.255508661270142]
L000417 | [Train Loss: 3.1963]
L000418 | [Train F1: 0.7323550450823789]
L000419 | [Train Acc: 0.7342764289810744]
L000420 | [Dev Loss: 4.6169]
L000421 | [Dev F1: 0.6209257951409742]
L000422 | [Dev Acc: 0.6338514680483592]
L000423 | 
L000424-L000439 | [REDACTED: batch progress and internal diagnostics]
L000440 | [Epoch 14] [Time: 8.868485927581787]
L000441 | [Train Loss: 3.0213]
L000442 | [Train F1: 0.7482697266974826]
L000443 | [Train Acc: 0.7503345440642325]
L000444 | [Dev Loss: 4.5045]
L000445 | [Dev F1: 0.6408862756432443]
L000446 | [Dev Acc: 0.6528497409326425]
L000447 | 
L000448-L000463 | [REDACTED: batch progress and internal diagnostics]
L000464 | [Epoch 15] [Time: 8.090801239013672]
L000465 | [Train Loss: 2.9849]
L000466 | [Train F1: 0.7453765952474485]
L000467 | [Train Acc: 0.7463200152934429]
L000468 | [Dev Loss: 4.6328]
L000469 | [Dev F1: 0.6102359578088473]
L000470 | [Dev Acc: 0.6234887737478411]
L000471 | 
L000472-L000487 | [REDACTED: batch progress and internal diagnostics]
L000488 | [Epoch 16] [Time: 8.569567203521729]
L000489 | [Train Loss: 2.8367]
L000490 | [Train F1: 0.7604136748004935]
L000491 | [Train Acc: 0.7618046262664883]
L000492 | [Dev Loss: 4.5527]
L000493 | [Dev F1: 0.6318685663393463]
L000494 | [Dev Acc: 0.6459412780656304]
L000495 | 
L000496-L000511 | [REDACTED: batch progress and internal diagnostics]
L000512 | [Epoch 17] [Time: 8.577893733978271]
L000513 | [Train Loss: 2.7112]
L000514 | [Train F1: 0.768288987247822]
L000515 | [Train Acc: 0.7698336838080673]
L000516 | [Dev Loss: 4.6333]
L000517 | [Dev F1: 0.6272097046645351]
L000518 | [Dev Acc: 0.6390328151986183]
L000519 | 
L000520-L000535 | [REDACTED: batch progress and internal diagnostics]
L000536 | [Epoch 18] [Time: 8.219408750534058]
L000537 | [Train Loss: 2.6163]
L000538 | [Train F1: 0.782172217989836]
L000539 | [Train Acc: 0.7828331103039572]
L000540 | [Dev Loss: 4.8941]
L000541 | [Dev F1: 0.6191887071434246]
L000542 | [Dev Acc: 0.6373056994818653]
L000543 | 
L000544-L000559 | [REDACTED: batch progress and internal diagnostics]
L000560 | [Epoch 19] [Time: 8.351809978485107]
L000561 | [Train Loss: 2.5012]
L000562 | [Train F1: 0.7853341510790514]
L000563 | [Train Acc: 0.7870388071114509]
L000564 | [Dev Loss: 4.6224]
L000565 | [Dev F1: 0.6255959736646076]
L000566 | [Dev Acc: 0.6390328151986183]
L000567 | 
L000568-L000583 | [REDACTED: batch progress and internal diagnostics]
L000584 | [Epoch 20] [Time: 8.015249013900757]
L000585 | [Train Loss: 2.4001]
L000586 | [Train F1: 0.7887024159441851]
L000587 | [Train Acc: 0.789906327662015]
L000588 | [Dev Loss: 4.8488]
L000589 | [Dev F1: 0.6174538172091913]
L000590 | [Dev Acc: 0.6355785837651122]
L000591 | 
L000592-L000607 | [REDACTED: batch progress and internal diagnostics]
L000608 | [Epoch 21] [Time: 8.661843061447144]
L000609 | [Train Loss: 2.3423]
L000610 | [Train F1: 0.8066461165027884]
L000611 | [Train Acc: 0.8076849550755114]
L000612 | [Dev Loss: 4.9178]
L000613 | [Dev F1: 0.6213033844613893]
L000614 | [Dev Acc: 0.6390328151986183]
L000615 | 
L000616-L000631 | [REDACTED: batch progress and internal diagnostics]
L000632 | [Epoch 22] [Time: 7.915560960769653]
L000633 | [Train Loss: 2.2398]
L000634 | [Train F1: 0.7977905288651449]
L000635 | [Train Acc: 0.7988912253871153]
L000636 | [Dev Loss: 4.9592]
L000637 | [Dev F1: 0.6224525480064405]
L000638 | [Dev Acc: 0.6373056994818653]
L000639 | 
L000640-L000655 | [REDACTED: batch progress and internal diagnostics]
L000656 | [Epoch 23] [Time: 8.354780435562134]
L000657 | [Train Loss: 2.1734]
L000658 | [Train F1: 0.8144297018943474]
L000659 | [Train Acc: 0.8153316765436819]
L000660 | [Dev Loss: 4.9923]
L000661 | [Dev F1: 0.6077331856236624]
L000662 | [Dev Acc: 0.6252158894645942]
L000663 | 
L000664-L000679 | [REDACTED: batch progress and internal diagnostics]
L000680 | [Epoch 24] [Time: 7.791646957397461]
L000681 | [Train Loss: 2.1219]
L000682 | [Train F1: 0.8194430547852903]
L000683 | [Train Acc: 0.8203020454979927]
L000684 | [Dev Loss: 5.2682]
L000685 | [Dev F1: 0.6004235656552229]
L000686 | [Dev Acc: 0.6200345423143351]
L000687 | 
L000688-L000703 | [REDACTED: batch progress and internal diagnostics]
L000704 | [Epoch 25] [Time: 7.711903095245361]
L000705 | [Train Loss: 2.0959]
L000706 | [Train F1: 0.8161204666926266]
L000707 | [Train Acc: 0.8170521888740203]
L000708 | [Dev Loss: 5.2848]
L000709 | [Dev F1: 0.5955551238440016]
L000710 | [Dev Acc: 0.614853195164076]
L000711 | 
L000712-L000727 | [REDACTED: batch progress and internal diagnostics]
L000728 | [Epoch 26] [Time: 8.221026182174683]
L000729 | [Train Loss: 1.9914]
L000730 | [Train F1: 0.825529717332066]
L000731 | [Train Acc: 0.8266105907092334]
L000732 | [Dev Loss: 5.1167]
L000733 | [Dev F1: 0.6166117039960421]
L000734 | [Dev Acc: 0.6321243523316062]
L000735 | 
L000736-L000751 | [REDACTED: batch progress and internal diagnostics]
L000752 | [Epoch 27] [Time: 8.833070755004883]
L000753 | [Train Loss: 1.9661]
L000754 | [Train F1: 0.823997519480819]
L000755 | [Train Acc: 0.824890078378895]
L000756 | [Dev Loss: 5.3921]
L000757 | [Dev F1: 0.6134540907837668]
L000758 | [Dev Acc: 0.6321243523316062]
L000759 | 
L000760-L000775 | [REDACTED: batch progress and internal diagnostics]
L000776 | [Epoch 28] [Time: 7.818340539932251]
L000777 | [Train Loss: 1.9083]
L000778 | [Train F1: 0.8262083793534831]
L000779 | [Train Acc: 0.8271840948193462]
L000780 | [Dev Loss: 5.8019]
L000781 | [Dev F1: 0.5977350823778159]
L000782 | [Dev Acc: 0.616580310880829]
L000783 | 
L000784-L000799 | [REDACTED: batch progress and internal diagnostics]
L000800 | [Epoch 29] [Time: 8.297799110412598]
L000801 | [Train Loss: 1.8233]
L000802 | [Train F1: 0.8409401331571413]
L000803 | [Train Acc: 0.8417128656088702]
L000804 | [Dev Loss: 5.0895]
L000805 | [Dev F1: 0.6148713281213131]
L000806 | [Dev Acc: 0.6252158894645942]
L000807 | 
L000808-L000823 | [REDACTED: batch progress and internal diagnostics]
L000824 | [Epoch 30] [Time: 8.01791787147522]
L000825 | [Train Loss: 1.8117]
L000826 | [Train F1: 0.8354839392823092]
L000827 | [Train Acc: 0.8361689925444465]
L000828 | [Dev Loss: 5.9468]
L000829 | [Dev F1: 0.5820473628479125]
L000830 | [Dev Acc: 0.6027633851468048]
L000831 | 
L000832-L000847 | [REDACTED: batch progress and internal diagnostics]
L000848 | [Epoch 31] [Time: 8.276667356491089]
L000849 | [Train Loss: 1.7784]
L000850 | [Train F1: 0.8350459170735566]
L000851 | [Train Acc: 0.8361689925444465]
L000852 | [Dev Loss: 6.0126]
L000853 | [Dev F1: 0.5730094078647455]
L000854 | [Dev Acc: 0.6010362694300518]
L000855 | 
L000856-L000871 | [REDACTED: batch progress and internal diagnostics]
L000872 | [Epoch 32] [Time: 7.996047258377075]
L000873 | [Train Loss: 1.6901]
L000874 | [Train F1: 0.8462737574914712]
L000875 | [Train Acc: 0.8470655706365896]
L000876 | [Dev Loss: 5.3645]
L000877 | [Dev F1: 0.591713559690596]
L000878 | [Dev Acc: 0.6062176165803109]
L000879 | 
L000880-L000895 | [REDACTED: batch progress and internal diagnostics]
L000896 | [Epoch 33] [Time: 8.550735235214233]
L000897 | [Train Loss: 1.7068]
L000898 | [Train F1: 0.8465709625692686]
L000899 | [Train Acc: 0.8470655706365896]
L000900 | [Dev Loss: 5.9857]
L000901 | [Dev F1: 0.5833589814561346]
L000902 | [Dev Acc: 0.6096718480138169]
L000903 | 
L000904-L000919 | [REDACTED: batch progress and internal diagnostics]
L000920 | [Epoch 34] [Time: 8.233683109283447]
L000921 | [Train Loss: 1.6766]
L000922 | [Train F1: 0.8409420690293732]
L000923 | [Train Acc: 0.8419040336455744]
L000924 | [Dev Loss: 5.5251]
L000925 | [Dev F1: 0.6028800131933861]
L000926 | [Dev Acc: 0.6183074265975821]
L000927 | 
L000928-L000943 | [REDACTED: batch progress and internal diagnostics]
L000944 | [Epoch 35] [Time: 8.69973111152649]
L000945 | [Train Loss: 1.7228]
L000946 | [Train F1: 0.8435119446862972]
L000947 | [Train Acc: 0.8443892181227299]
L000948 | [Dev Loss: 6.0487]
L000949 | [Dev F1: 0.5590807745185421]
L000950 | [Dev Acc: 0.5803108808290155]
L000951 | 
L000952-L000967 | [REDACTED: batch progress and internal diagnostics]
L000968 | [Epoch 36] [Time: 8.110169887542725]
L000969 | [Train Loss: 1.6429]
L000970 | [Train F1: 0.8461999022972811]
L000971 | [Train Acc: 0.8468744025998853]
L000972 | [Dev Loss: 6.1178]
L000973 | [Dev F1: 0.5786046252252662]
L000974 | [Dev Acc: 0.6062176165803109]
L000975 | 
L000976-L000991 | [REDACTED: batch progress and internal diagnostics]
L000992 | [Epoch 37] [Time: 8.624598979949951]
L000993 | [Train Loss: 1.5565]
L000994 | [Train F1: 0.8571511971480389]
L000995 | [Train Acc: 0.8579621487287326]
L000996 | [Dev Loss: 6.337]
L000997 | [Dev F1: 0.5771181977181671]
L000998 | [Dev Acc: 0.6027633851468048]
L000999 | 
L001000-L001015 | [REDACTED: batch progress and internal diagnostics]
L001016 | [Epoch 38] [Time: 8.472512483596802]
L001017 | [Train Loss: 1.5701]
L001018 | [Train F1: 0.8607288749484909]
L001019 | [Train Acc: 0.861212005352705]
L001020 | [Dev Loss: 6.1913]
L001021 | [Dev F1: 0.5699038612175137]
L001022 | [Dev Acc: 0.5906735751295337]
L001023 | 
L001024-L001039 | [REDACTED: batch progress and internal diagnostics]
L001040 | [Epoch 39] [Time: 7.995725393295288]
L001041 | [Train Loss: 1.5591]
L001042 | [Train F1: 0.8514695277724492]
L001043 | [Train Acc: 0.8522271076276047]
L001044 | [Dev Loss: 6.2878]
L001045 | [Dev F1: 0.5788016977936784]
L001046 | [Dev Acc: 0.6010362694300518]
L001047 | Early stopping at epoch: 39
L001048 | Last model
L001049 |               precision    recall  f1-score   support
L001050 | 
L001051 |          hap     0.6200    0.2153    0.3196       144
L001052 |          sad     0.8201    0.8000    0.8099       245
L001053 |          neu     0.5701    0.7943    0.6638       384
L001054 |          ang     0.5362    0.6529    0.5889       170
L001055 |          exc     0.7159    0.6488    0.6807       299
L001056 |          fru     0.6480    0.5459    0.5926       381
L001057 | 
L001058 |     accuracy                         0.6439      1623
L001059 |    macro avg     0.6517    0.6095    0.6092      1623
L001060 | weighted avg     0.6539    0.6439    0.6339      1623
L001061 | 
L001062 | Best model at epoch: 14
L001063 | Best dev F1: 0.6408862756432443
L001064 |               precision    recall  f1-score   support
L001065 | 
L001066 |          hap     0.4436    0.4097    0.4260       144
L001067 |          sad     0.8077    0.7714    0.7891       245
L001068 |          neu     0.6744    0.6849    0.6796       384
L001069 |          ang     0.5959    0.6765    0.6336       170
L001070 |          exc     0.7138    0.7425    0.7279       299
L001071 |          fru     0.6298    0.5984    0.6137       381
L001072 | 
L001073 |     accuracy                         0.6630      1623
L001074 |    macro avg     0.6442    0.6472    0.6450      1623
L001075 | weighted avg     0.6626    0.6630    0.6622      1623
L001076 | 
L001077 | Best test F1: 0.6622434969869082
L001078 | Best test Acc: 0.662969808995687
L001079 | [SANITIZED] Saved checkpoint: [path and filename removed]
