# Redacted copy of an existing run log.
# run_id: G18-seed5
# dataset: IEMOCAP
# model: MM-DFN+AMBER
# imr: (0.7,0.5,0.3)
# seed_alias: seed5
# original_log_sha256: 3965a3ba2ac9c18c23341c98e6447f501ec5b0539c09a54392a83a054153391b
# source_record_status: ok
# source_record_process_return_code: 3221226505
# L numbers refer to source logical lines; REDACTED/SANITIZED text is editorial.
L000001-L000076 | [REDACTED: configuration or implementation details]
L000077 | [SANITIZED] Seed alias: seed5
L000078 | 
L000079-L000080 | [REDACTED: batch progress and internal diagnostics]
L000081 | 
L000082-L000083 | [REDACTED: batch progress and internal diagnostics]
L000084 | 
L000085-L000086 | [REDACTED: batch progress and internal diagnostics]
L000087 | 
L000088-L000103 | [REDACTED: batch progress and internal diagnostics]
L000104 | [Epoch 0] [Time: 8.519820213317871]
L000105 | [Train Loss: 9.5253]
L000106 | [Train F1: 0.2393386634350602]
L000107 | [Train Acc: 0.24803225187176042]
L000108 | [Dev Loss: 8.3811]
L000109 | [Dev F1: 0.3565170543902186]
L000110 | [Dev Acc: 0.4475873544093178]
L000111 | 
L000112-L000127 | [REDACTED: batch progress and internal diagnostics]
L000128 | [Epoch 1] [Time: 8.548986673355103]
L000129 | [Train Loss: 8.2584]
L000130 | [Train F1: 0.3980897906084737]
L000131 | [Train Acc: 0.42810520253407564]
L000132 | [Dev Loss: 7.3995]
L000133 | [Dev F1: 0.3511824802058478]
L000134 | [Dev Acc: 0.4475873544093178]
L000135 | 
L000136-L000151 | [REDACTED: batch progress and internal diagnostics]
L000152 | [Epoch 2] [Time: 8.11690640449524]
L000153 | [Train Loss: 7.2948]
L000154 | [Train F1: 0.4577820783861277]
L000155 | [Train Acc: 0.4807064695718948]
L000156 | [Dev Loss: 6.4789]
L000157 | [Dev F1: 0.4532723012425398]
L000158 | [Dev Acc: 0.49584026622296173]
L000159 | 
L000160-L000175 | [REDACTED: batch progress and internal diagnostics]
L000176 | [Epoch 3] [Time: 8.297646522521973]
L000177 | [Train Loss: 6.4741]
L000178 | [Train F1: 0.5209739017005725]
L000179 | [Train Acc: 0.53388366289115]
L000180 | [Dev Loss: 5.8228]
L000181 | [Dev F1: 0.5020847311577729]
L000182 | [Dev Acc: 0.5257903494176372]
L000183 | 
L000184-L000199 | [REDACTED: batch progress and internal diagnostics]
L000200 | [Epoch 4] [Time: 8.420529842376709]
L000201 | [Train Loss: 5.7662]
L000202 | [Train F1: 0.548486908116007]
L000203 | [Train Acc: 0.5567287387214437]
L000204 | [Dev Loss: 5.3668]
L000205 | [Dev F1: 0.5290999485055944]
L000206 | [Dev Acc: 0.5490848585690515]
L000207 | 
L000208-L000223 | [REDACTED: batch progress and internal diagnostics]
L000224 | [Epoch 5] [Time: 8.268117666244507]
L000225 | [Train Loss: 5.2306]
L000226 | [Train F1: 0.5933550301445958]
L000227 | [Train Acc: 0.6008830869648685]
L000228 | [Dev Loss: 5.0829]
L000229 | [Dev F1: 0.5269190604950503]
L000230 | [Dev Acc: 0.5490848585690515]
L000231 | 
L000232-L000247 | [REDACTED: batch progress and internal diagnostics]
L000248 | [Epoch 6] [Time: 8.315215349197388]
L000249 | [Train Loss: 4.8703]
L000250 | [Train F1: 0.6059228047319937]
L000251 | [Train Acc: 0.6104818583221348]
L000252 | [Dev Loss: 4.9144]
L000253 | [Dev F1: 0.531269113867606]
L000254 | [Dev Acc: 0.5490848585690515]
L000255 | 
L000256-L000271 | [REDACTED: batch progress and internal diagnostics]
L000272 | [Epoch 7] [Time: 8.068053007125854]
L000273 | [Train Loss: 4.5007]
L000274 | [Train F1: 0.6303481376219662]
L000275 | [Train Acc: 0.6331349587252831]
L000276 | [Dev Loss: 4.7664]
L000277 | [Dev F1: 0.5344194716688999]
L000278 | [Dev Acc: 0.5507487520798668]
L000279 | 
L000280-L000295 | [REDACTED: batch progress and internal diagnostics]
L000296 | [Epoch 8] [Time: 8.60845422744751]
L000297 | [Train Loss: 4.2443]
L000298 | [Train F1: 0.6444851812023668]
L000299 | [Train Acc: 0.6504127471683625]
L000300 | [Dev Loss: 4.7698]
L000301 | [Dev F1: 0.5345860465237906]
L000302 | [Dev Acc: 0.5507487520798668]
L000303 | 
L000304-L000319 | [REDACTED: batch progress and internal diagnostics]
L000320 | [Epoch 9] [Time: 8.032232761383057]
L000321 | [Train Loss: 4.0352]
L000322 | [Train F1: 0.6609917195342312]
L000323 | [Train Acc: 0.6650028796314071]
L000324 | [Dev Loss: 4.7448]
L000325 | [Dev F1: 0.556715244107889]
L000326 | [Dev Acc: 0.5690515806988353]
L000327 | 
L000328-L000343 | [REDACTED: batch progress and internal diagnostics]
L000344 | [Epoch 10] [Time: 8.222755432128906]
L000345 | [Train Loss: 3.8988]
L000346 | [Train F1: 0.6788355001388809]
L000347 | [Train Acc: 0.6828565943559225]
L000348 | [Dev Loss: 4.7644]
L000349 | [Dev F1: 0.5341858417366738]
L000350 | [Dev Acc: 0.5507487520798668]
L000351 | 
L000352-L000367 | [REDACTED: batch progress and internal diagnostics]
L000368 | [Epoch 11] [Time: 8.10833740234375]
L000369 | [Train Loss: 3.6061]
L000370 | [Train F1: 0.698238544204361]
L000371 | [Train Acc: 0.7020541370704549]
L000372 | [Dev Loss: 4.6302]
L000373 | [Dev F1: 0.5685591287576135]
L000374 | [Dev Acc: 0.5773710482529119]
L000375 | 
L000376-L000391 | [REDACTED: batch progress and internal diagnostics]
L000392 | [Epoch 12] [Time: 9.119288444519043]
L000393 | [Train Loss: 3.5281]
L000394 | [Train F1: 0.7166304600569368]
L000395 | [Train Acc: 0.7193319255135343]
L000396 | [Dev Loss: 4.8054]
L000397 | [Dev F1: 0.5535063443960943]
L000398 | [Dev Acc: 0.56738768718802]
L000399 | 
L000400-L000415 | [REDACTED: batch progress and internal diagnostics]
L000416 | [Epoch 13] [Time: 8.427770614624023]
L000417 | [Train Loss: 3.3294]
L000418 | [Train F1: 0.7223704518170773]
L000419 | [Train Acc: 0.7229794586292955]
L000420 | [Dev Loss: 4.6273]
L000421 | [Dev F1: 0.5789040401693084]
L000422 | [Dev Acc: 0.5856905158069884]
L000423 | 
L000424-L000439 | [REDACTED: batch progress and internal diagnostics]
L000440 | [Epoch 14] [Time: 8.582615375518799]
L000441 | [Train Loss: 3.1636]
L000442 | [Train F1: 0.7307953882417633]
L000443 | [Train Acc: 0.7337300825494337]
L000444 | [Dev Loss: 4.93]
L000445 | [Dev F1: 0.5824683251797681]
L000446 | [Dev Acc: 0.5923460898502496]
L000447 | 
L000448-L000463 | [REDACTED: batch progress and internal diagnostics]
L000464 | [Epoch 15] [Time: 8.329944610595703]
L000465 | [Train Loss: 3.0322]
L000466 | [Train F1: 0.7464731654174038]
L000467 | [Train Acc: 0.7479362641581877]
L000468 | [Dev Loss: 4.7651]
L000469 | [Dev F1: 0.5837097785766959]
L000470 | [Dev Acc: 0.5906821963394343]
L000471 | 
L000472-L000487 | [REDACTED: batch progress and internal diagnostics]
L000488 | [Epoch 16] [Time: 8.35212516784668]
L000489 | [Train Loss: 2.9337]
L000490 | [Train F1: 0.7531985410510629]
L000491 | [Train Acc: 0.7548473795354195]
L000492 | [Dev Loss: 4.9692]
L000493 | [Dev F1: 0.5652547812610544]
L000494 | [Dev Acc: 0.5757071547420965]
L000495 | 
L000496-L000511 | [REDACTED: batch progress and internal diagnostics]
L000512 | [Epoch 17] [Time: 8.028146982192993]
L000513 | [Train Loss: 2.805]
L000514 | [Train F1: 0.7609646090539035]
L000515 | [Train Acc: 0.7629103474755231]
L000516 | [Dev Loss: 4.9216]
L000517 | [Dev F1: 0.5836550084989172]
L000518 | [Dev Acc: 0.5923460898502496]
L000519 | 
L000520-L000535 | [REDACTED: batch progress and internal diagnostics]
L000536 | [Epoch 18] [Time: 7.816557168960571]
L000537 | [Train Loss: 2.722]
L000538 | [Train F1: 0.7722359904912875]
L000539 | [Train Acc: 0.774044922249952]
L000540 | [Dev Loss: 4.8312]
L000541 | [Dev F1: 0.5856244584523569]
L000542 | [Dev Acc: 0.5973377703826955]
L000543 | 
L000544-L000559 | [REDACTED: batch progress and internal diagnostics]
L000560 | [Epoch 19] [Time: 8.432342290878296]
L000561 | [Train Loss: 2.6052]
L000562 | [Train F1: 0.7768591667077194]
L000563 | [Train Acc: 0.7775004799385679]
L000564 | [Dev Loss: 5.1956]
L000565 | [Dev F1: 0.5917707776617263]
L000566 | [Dev Acc: 0.5990016638935108]
L000567 | 
L000568-L000583 | [REDACTED: batch progress and internal diagnostics]
L000584 | [Epoch 20] [Time: 8.083974361419678]
L000585 | [Train Loss: 2.4452]
L000586 | [Train F1: 0.7922949762233832]
L000587 | [Train Acc: 0.7936264158187752]
L000588 | [Dev Loss: 4.7198]
L000589 | [Dev F1: 0.5902324096554404]
L000590 | [Dev Acc: 0.5990016638935108]
L000591 | 
L000592-L000607 | [REDACTED: batch progress and internal diagnostics]
L000608 | [Epoch 21] [Time: 8.011850595474243]
L000609 | [Train Loss: 2.3701]
L000610 | [Train F1: 0.7956218354991031]
L000611 | [Train Acc: 0.7963140717988098]
L000612 | [Dev Loss: 5.2716]
L000613 | [Dev F1: 0.5880555963768834]
L000614 | [Dev Acc: 0.5956738768718802]
L000615 | 
L000616-L000631 | [REDACTED: batch progress and internal diagnostics]
L000632 | [Epoch 22] [Time: 7.444116115570068]
L000633 | [Train Loss: 2.2912]
L000634 | [Train F1: 0.7999668149984601]
L000635 | [Train Acc: 0.8016893837588789]
L000636 | [Dev Loss: 4.7999]
L000637 | [Dev F1: 0.5906533355793414]
L000638 | [Dev Acc: 0.5973377703826955]
L000639 | 
L000640-L000655 | [REDACTED: batch progress and internal diagnostics]
L000656 | [Epoch 23] [Time: 7.878366947174072]
L000657 | [Train Loss: 2.2448]
L000658 | [Train F1: 0.8088601603306093]
L000659 | [Train Acc: 0.8095603762718372]
L000660 | [Dev Loss: 5.3686]
L000661 | [Dev F1: 0.5901500756136762]
L000662 | [Dev Acc: 0.6006655574043261]
L000663 | 
L000664-L000679 | [REDACTED: batch progress and internal diagnostics]
L000680 | [Epoch 24] [Time: 8.087686538696289]
L000681 | [Train Loss: 2.1306]
L000682 | [Train F1: 0.8216866234401431]
L000683 | [Train Acc: 0.8228066807448646]
L000684 | [Dev Loss: 4.9088]
L000685 | [Dev F1: 0.5915207493255485]
L000686 | [Dev Acc: 0.5990016638935108]
L000687 | 
L000688-L000703 | [REDACTED: batch progress and internal diagnostics]
L000704 | [Epoch 25] [Time: 7.920052766799927]
L000705 | [Train Loss: 2.1325]
L000706 | [Train F1: 0.8181666548526874]
L000707 | [Train Acc: 0.8189671722019581]
L000708 | [Dev Loss: 5.5664]
L000709 | [Dev F1: 0.5982529058408903]
L000710 | [Dev Acc: 0.6056572379367721]
L000711 | 
L000712-L000727 | [REDACTED: batch progress and internal diagnostics]
L000728 | [Epoch 26] [Time: 8.19276237487793]
L000729 | [Train Loss: 2.0999]
L000730 | [Train F1: 0.8184973519845805]
L000731 | [Train Acc: 0.8189671722019581]
L000732 | [Dev Loss: 4.9275]
L000733 | [Dev F1: 0.5803830691522517]
L000734 | [Dev Acc: 0.5873544093178037]
L000735 | 
L000736-L000751 | [REDACTED: batch progress and internal diagnostics]
L000752 | [Epoch 27] [Time: 8.17041015625]
L000753 | [Train Loss: 1.9888]
L000754 | [Train F1: 0.8238215876417841]
L000755 | [Train Acc: 0.8243424841620273]
L000756 | [Dev Loss: 5.6281]
L000757 | [Dev F1: 0.6020048072424639]
L000758 | [Dev Acc: 0.610648918469218]
L000759 | 
L000760-L000775 | [REDACTED: batch progress and internal diagnostics]
L000776 | [Epoch 28] [Time: 8.24406909942627]
L000777 | [Train Loss: 1.8695]
L000778 | [Train F1: 0.834199374376244]
L000779 | [Train Acc: 0.8352850835093109]
L000780 | [Dev Loss: 5.3446]
L000781 | [Dev F1: 0.5839585358265271]
L000782 | [Dev Acc: 0.5923460898502496]
L000783 | 
L000784-L000799 | [REDACTED: batch progress and internal diagnostics]
L000800 | [Epoch 29] [Time: 8.346845626831055]
L000801 | [Train Loss: 1.8314]
L000802 | [Train F1: 0.8407369001977821]
L000803 | [Train Acc: 0.8412363217508159]
L000804 | [Dev Loss: 5.3205]
L000805 | [Dev F1: 0.5709303117077668]
L000806 | [Dev Acc: 0.5823627287853578]
L000807 | 
L000808-L000823 | [REDACTED: batch progress and internal diagnostics]
L000824 | [Epoch 30] [Time: 7.868445158004761]
L000825 | [Train Loss: 1.7953]
L000826 | [Train F1: 0.8378264896784112]
L000827 | [Train Acc: 0.8387406411979267]
L000828 | [Dev Loss: 5.7485]
L000829 | [Dev F1: 0.5967522955973591]
L000830 | [Dev Acc: 0.6006655574043261]
L000831 | 
L000832-L000847 | [REDACTED: batch progress and internal diagnostics]
L000848 | [Epoch 31] [Time: 8.185236692428589]
L000849 | [Train Loss: 1.7601]
L000850 | [Train F1: 0.8358676209482016]
L000851 | [Train Acc: 0.8364369360721827]
L000852 | [Dev Loss: 5.6791]
L000853 | [Dev F1: 0.5866841890225278]
L000854 | [Dev Acc: 0.5956738768718802]
L000855 | 
L000856-L000871 | [REDACTED: batch progress and internal diagnostics]
L000872 | [Epoch 32] [Time: 8.44203805923462]
L000873 | [Train Loss: 1.7413]
L000874 | [Train F1: 0.8481488527857685]
L000875 | [Train Acc: 0.848915338836629]
L000876 | [Dev Loss: 6.0669]
L000877 | [Dev F1: 0.5781097776723205]
L000878 | [Dev Acc: 0.5840266222961731]
L000879 | 
L000880-L000895 | [REDACTED: batch progress and internal diagnostics]
L000896 | [Epoch 33] [Time: 8.194465637207031]
L000897 | [Train Loss: 1.7306]
L000898 | [Train F1: 0.8423775939870268]
L000899 | [Train Acc: 0.8429641005951238]
L000900 | [Dev Loss: 5.6259]
L000901 | [Dev F1: 0.5832935305470611]
L000902 | [Dev Acc: 0.5923460898502496]
L000903 | 
L000904-L000919 | [REDACTED: batch progress and internal diagnostics]
L000920 | [Epoch 34] [Time: 8.273409128189087]
L000921 | [Train Loss: 1.6743]
L000922 | [Train F1: 0.8468935306808921]
L000923 | [Train Acc: 0.8473795354194663]
L000924 | [Dev Loss: 5.743]
L000925 | [Dev F1: 0.5876725340672176]
L000926 | [Dev Acc: 0.5956738768718802]
L000927 | 
L000928-L000943 | [REDACTED: batch progress and internal diagnostics]
L000944 | [Epoch 35] [Time: 8.29114294052124]
L000945 | [Train Loss: 1.5689]
L000946 | [Train F1: 0.8605876525471844]
L000947 | [Train Acc: 0.8612017661739297]
L000948 | [Dev Loss: 5.6523]
L000949 | [Dev F1: 0.5735913798367385]
L000950 | [Dev Acc: 0.5823627287853578]
L000951 | 
L000952-L000967 | [REDACTED: batch progress and internal diagnostics]
L000968 | [Epoch 36] [Time: 8.249759435653687]
L000969 | [Train Loss: 1.5426]
L000970 | [Train F1: 0.8552329582776331]
L000971 | [Train Acc: 0.8562104050681513]
L000972 | [Dev Loss: 6.0112]
L000973 | [Dev F1: 0.5835558627482884]
L000974 | [Dev Acc: 0.5906821963394343]
L000975 | 
L000976-L000991 | [REDACTED: batch progress and internal diagnostics]
L000992 | [Epoch 37] [Time: 8.122372388839722]
L000993 | [Train Loss: 1.5352]
L000994 | [Train F1: 0.8588872737361125]
L000995 | [Train Acc: 0.8592820119024764]
L000996 | [Dev Loss: 5.8638]
L000997 | [Dev F1: 0.5849870596670305]
L000998 | [Dev Acc: 0.5940099833610649]
L000999 | 
L001000-L001015 | [REDACTED: batch progress and internal diagnostics]
L001016 | [Epoch 38] [Time: 8.41714596748352]
L001017 | [Train Loss: 1.4891]
L001018 | [Train F1: 0.865721420494893]
L001019 | [Train Acc: 0.8661931272797082]
L001020 | [Dev Loss: 6.1653]
L001021 | [Dev F1: 0.5679025221735045]
L001022 | [Dev Acc: 0.5740432612312812]
L001023 | 
L001024-L001039 | [REDACTED: batch progress and internal diagnostics]
L001040 | [Epoch 39] [Time: 8.202589273452759]
L001041 | [Train Loss: 1.4687]
L001042 | [Train F1: 0.8604806817163078]
L001043 | [Train Acc: 0.8612017661739297]
L001044 | [Dev Loss: 6.3473]
L001045 | [Dev F1: 0.5735038110249953]
L001046 | [Dev Acc: 0.5840266222961731]
L001047 | 
L001048-L001063 | [REDACTED: batch progress and internal diagnostics]
L001064 | [Epoch 40] [Time: 7.874749422073364]
L001065 | [Train Loss: 1.4275]
L001066 | [Train F1: 0.8664235307650263]
L001067 | [Train Acc: 0.8669610289882895]
L001068 | [Dev Loss: 6.4123]
L001069 | [Dev F1: 0.5861335257545767]
L001070 | [Dev Acc: 0.5956738768718802]
L001071 | 
L001072-L001087 | [REDACTED: batch progress and internal diagnostics]
L001088 | [Epoch 41] [Time: 7.948235750198364]
L001089 | [Train Loss: 1.4533]
L001090 | [Train F1: 0.8693975319843052]
L001091 | [Train Acc: 0.8698406603954694]
L001092 | [Dev Loss: 5.984]
L001093 | [Dev F1: 0.5949609131025748]
L001094 | [Dev Acc: 0.6056572379367721]
L001095 | 
L001096-L001111 | [REDACTED: batch progress and internal diagnostics]
L001112 | [Epoch 42] [Time: 8.250559091567993]
L001113 | [Train Loss: 1.4151]
L001114 | [Train F1: 0.8713173724601068]
L001115 | [Train Acc: 0.8717604146669227]
L001116 | [Dev Loss: 6.2201]
L001117 | [Dev F1: 0.5808900326844831]
L001118 | [Dev Acc: 0.5906821963394343]
L001119 | 
L001120-L001135 | [REDACTED: batch progress and internal diagnostics]
L001136 | [Epoch 43] [Time: 8.331549167633057]
L001137 | [Train Loss: 1.3334]
L001138 | [Train F1: 0.8736598891297764]
L001139 | [Train Acc: 0.8742560952198118]
L001140 | [Dev Loss: 6.375]
L001141 | [Dev F1: 0.5873670650478694]
L001142 | [Dev Acc: 0.5973377703826955]
L001143 | 
L001144-L001159 | [REDACTED: batch progress and internal diagnostics]
L001160 | [Epoch 44] [Time: 8.775304317474365]
L001161 | [Train Loss: 1.3448]
L001162 | [Train F1: 0.8735226157975553]
L001163 | [Train Acc: 0.8740641197926665]
L001164 | [Dev Loss: 6.5971]
L001165 | [Dev F1: 0.5920546695408961]
L001166 | [Dev Acc: 0.6039933444259568]
L001167 | 
L001168-L001183 | [REDACTED: batch progress and internal diagnostics]
L001184 | [Epoch 45] [Time: 8.068832874298096]
L001185 | [Train Loss: 1.2888]
L001186 | [Train F1: 0.8807635097871972]
L001187 | [Train Acc: 0.8811672105970436]
L001188 | [Dev Loss: 6.4745]
L001189 | [Dev F1: 0.5748580199899654]
L001190 | [Dev Acc: 0.5840266222961731]
L001191 | 
L001192-L001207 | [REDACTED: batch progress and internal diagnostics]
L001208 | [Epoch 46] [Time: 7.990352392196655]
L001209 | [Train Loss: 1.299]
L001210 | [Train F1: 0.8785253614937846]
L001211 | [Train Acc: 0.8788635054712997]
L001212 | [Dev Loss: 6.5605]
L001213 | [Dev F1: 0.5964298356944678]
L001214 | [Dev Acc: 0.6073211314475874]
L001215 | 
L001216-L001231 | [REDACTED: batch progress and internal diagnostics]
L001232 | [Epoch 47] [Time: 8.691045761108398]
L001233 | [Train Loss: 1.2701]
L001234 | [Train F1: 0.8836322382083543]
L001235 | [Train Acc: 0.8840468420042235]
L001236 | [Dev Loss: 6.262]
L001237 | [Dev F1: 0.5850840394631585]
L001238 | [Dev Acc: 0.5956738768718802]
L001239 | 
L001240-L001255 | [REDACTED: batch progress and internal diagnostics]
L001256 | [Epoch 48] [Time: 8.23963713645935]
L001257 | [Train Loss: 1.2303]
L001258 | [Train F1: 0.8797925231721273]
L001259 | [Train Acc: 0.8803993088884623]
L001260 | [Dev Loss: 6.8403]
L001261 | [Dev F1: 0.5926180394464962]
L001262 | [Dev Acc: 0.6023294509151415]
L001263 | 
L001264-L001279 | [REDACTED: batch progress and internal diagnostics]
L001280 | [Epoch 49] [Time: 8.78571343421936]
L001281 | [Train Loss: 1.2186]
L001282 | [Train F1: 0.8903393729614644]
L001283 | [Train Acc: 0.8907659819543099]
L001284 | [Dev Loss: 6.7584]
L001285 | [Dev F1: 0.5837254611981167]
L001286 | [Dev Acc: 0.5956738768718802]
L001287 | 
L001288-L001303 | [REDACTED: batch progress and internal diagnostics]
L001304 | [Epoch 50] [Time: 8.201767683029175]
L001305 | [Train Loss: 1.1528]
L001306 | [Train F1: 0.8923692338393177]
L001307 | [Train Acc: 0.8928777116529084]
L001308 | [Dev Loss: 7.0214]
L001309 | [Dev F1: 0.5600224588133806]
L001310 | [Dev Acc: 0.5690515806988353]
L001311 | 
L001312-L001327 | [REDACTED: batch progress and internal diagnostics]
L001328 | [Epoch 51] [Time: 8.601663827896118]
L001329 | [Train Loss: 1.1687]
L001330 | [Train F1: 0.8913201727676013]
L001331 | [Train Acc: 0.8917258590900364]
L001332 | [Dev Loss: 6.8801]
L001333 | [Dev F1: 0.5898075367457914]
L001334 | [Dev Acc: 0.6006655574043261]
L001335 | 
L001336-L001351 | [REDACTED: batch progress and internal diagnostics]
L001352 | [Epoch 52] [Time: 7.745880842208862]
L001353 | [Train Loss: 1.1805]
L001354 | [Train F1: 0.8887107227404075]
L001355 | [Train Acc: 0.8890382031100019]
L001356 | [Dev Loss: 7.231]
L001357 | [Dev F1: 0.5689899941514519]
L001358 | [Dev Acc: 0.5773710482529119]
L001359 | Early stopping at epoch: 52
L001360 | Last model
L001361 |               precision    recall  f1-score   support
L001362 | 
L001363 |          hap     0.5479    0.2778    0.3687       144
L001364 |          sad     0.8462    0.6735    0.7500       245
L001365 |          neu     0.6457    0.7214    0.6814       384
L001366 |          ang     0.4877    0.8176    0.6110       170
L001367 |          exc     0.6740    0.8161    0.7383       299
L001368 |          fru     0.6487    0.4751    0.5485       381
L001369 | 
L001370 |     accuracy                         0.6445      1623
L001371 |    macro avg     0.6417    0.6302    0.6163      1623
L001372 | weighted avg     0.6567    0.6445    0.6359      1623
L001373 | 
L001374 | Best model at epoch: 27
L001375 | Best dev F1: 0.6020048072424639
L001376 |               precision    recall  f1-score   support
L001377 | 
L001378 |          hap     0.5692    0.2569    0.3541       144
L001379 |          sad     0.8299    0.8163    0.8230       245
L001380 |          neu     0.6197    0.7552    0.6808       384
L001381 |          ang     0.6263    0.7294    0.6739       170
L001382 |          exc     0.6703    0.8227    0.7387       299
L001383 |          fru     0.6866    0.5118    0.5865       381
L001384 | 
L001385 |     accuracy                         0.6728      1623
L001386 |    macro avg     0.6670    0.6487    0.6428      1623
L001387 | weighted avg     0.6727    0.6728    0.6611      1623
L001388 | 
L001389 | Best test F1: 0.6610794186500079
L001390 | Best test Acc: 0.6728280961182994
L001391 | [SANITIZED] Saved checkpoint: [path and filename removed]
