# Redacted copy of an existing run log.
# run_id: G18-seed4
# dataset: IEMOCAP
# model: MM-DFN+AMBER
# imr: (0.7,0.5,0.3)
# seed_alias: seed4
# original_log_sha256: 083144971645a3925a5efbbf9436b04bb46630cf9bde4ee65c9c49ad1209b74d
# source_record_status: ok
# source_record_process_return_code: 3221226505
# L numbers refer to source logical lines; REDACTED/SANITIZED text is editorial.
L000001-L000076 | [REDACTED: configuration or implementation details]
L000077 | [SANITIZED] Seed alias: seed4
L000078 | 
L000079-L000080 | [REDACTED: batch progress and internal diagnostics]
L000081 | 
L000082-L000083 | [REDACTED: batch progress and internal diagnostics]
L000084 | 
L000085-L000086 | [REDACTED: batch progress and internal diagnostics]
L000087 | 
L000088-L000103 | [REDACTED: batch progress and internal diagnostics]
L000104 | [Epoch 0] [Time: 8.912392139434814]
L000105 | [Train Loss: 9.5034]
L000106 | [Train F1: 0.2688844684368391]
L000107 | [Train Acc: 0.27742555235350624]
L000108 | [Dev Loss: 7.3386]
L000109 | [Dev F1: 0.3192827231469997]
L000110 | [Dev Acc: 0.34049586776859503]
L000111 | 
L000112-L000127 | [REDACTED: batch progress and internal diagnostics]
L000128 | [Epoch 1] [Time: 8.27045202255249]
L000129 | [Train Loss: 8.1276]
L000130 | [Train F1: 0.4007536428043642]
L000131 | [Train Acc: 0.4345821325648415]
L000132 | [Dev Loss: 6.9016]
L000133 | [Dev F1: 0.3591436398919054]
L000134 | [Dev Acc: 0.38181818181818183]
L000135 | 
L000136-L000151 | [REDACTED: batch progress and internal diagnostics]
L000152 | [Epoch 2] [Time: 8.021027088165283]
L000153 | [Train Loss: 7.0888]
L000154 | [Train F1: 0.44363285328723406]
L000155 | [Train Acc: 0.4808837656099904]
L000156 | [Dev Loss: 6.3141]
L000157 | [Dev F1: 0.4589765615292734]
L000158 | [Dev Acc: 0.46611570247933887]
L000159 | 
L000160-L000175 | [REDACTED: batch progress and internal diagnostics]
L000176 | [Epoch 3] [Time: 8.098118543624878]
L000177 | [Train Loss: 6.2189]
L000178 | [Train F1: 0.4943812619637754]
L000179 | [Train Acc: 0.5212295869356388]
L000180 | [Dev Loss: 5.5518]
L000181 | [Dev F1: 0.5547002439261912]
L000182 | [Dev Acc: 0.5586776859504132]
L000183 | 
L000184-L000199 | [REDACTED: batch progress and internal diagnostics]
L000200 | [Epoch 4] [Time: 7.869915246963501]
L000201 | [Train Loss: 5.6657]
L000202 | [Train F1: 0.5450426812903026]
L000203 | [Train Acc: 0.559462055715658]
L000204 | [Dev Loss: 4.9287]
L000205 | [Dev F1: 0.6091454845553594]
L000206 | [Dev Acc: 0.6082644628099173]
L000207 | 
L000208-L000223 | [REDACTED: batch progress and internal diagnostics]
L000224 | [Epoch 5] [Time: 8.139819622039795]
L000225 | [Train Loss: 5.1422]
L000226 | [Train F1: 0.5698609822842525]
L000227 | [Train Acc: 0.5834774255523535]
L000228 | [Dev Loss: 4.602]
L000229 | [Dev F1: 0.6198134973422516]
L000230 | [Dev Acc: 0.6148760330578512]
L000231 | 
L000232-L000247 | [REDACTED: batch progress and internal diagnostics]
L000248 | [Epoch 6] [Time: 8.349861145019531]
L000249 | [Train Loss: 4.739]
L000250 | [Train F1: 0.6163197441288353]
L000251 | [Train Acc: 0.6265129682997118]
L000252 | [Dev Loss: 4.2188]
L000253 | [Dev F1: 0.6563879982321681]
L000254 | [Dev Acc: 0.6512396694214876]
L000255 | 
L000256-L000271 | [REDACTED: batch progress and internal diagnostics]
L000272 | [Epoch 7] [Time: 8.677573204040527]
L000273 | [Train Loss: 4.4555]
L000274 | [Train F1: 0.6266470445455542]
L000275 | [Train Acc: 0.6311239193083573]
L000276 | [Dev Loss: 4.0496]
L000277 | [Dev F1: 0.649265133235508]
L000278 | [Dev Acc: 0.6429752066115703]
L000279 | 
L000280-L000295 | [REDACTED: batch progress and internal diagnostics]
L000296 | [Epoch 8] [Time: 8.167746543884277]
L000297 | [Train Loss: 4.2212]
L000298 | [Train F1: 0.6552130105346019]
L000299 | [Train Acc: 0.6605187319884727]
L000300 | [Dev Loss: 3.9052]
L000301 | [Dev F1: 0.6650392782076354]
L000302 | [Dev Acc: 0.6578512396694215]
L000303 | 
L000304-L000319 | [REDACTED: batch progress and internal diagnostics]
L000320 | [Epoch 9] [Time: 7.821338653564453]
L000321 | [Train Loss: 4.0278]
L000322 | [Train F1: 0.6643095538401991]
L000323 | [Train Acc: 0.6687800192122959]
L000324 | [Dev Loss: 3.7587]
L000325 | [Dev F1: 0.6753024542499918]
L000326 | [Dev Acc: 0.6677685950413224]
L000327 | 
L000328-L000343 | [REDACTED: batch progress and internal diagnostics]
L000344 | [Epoch 10] [Time: 8.732386112213135]
L000345 | [Train Loss: 3.742]
L000346 | [Train F1: 0.6816673334055876]
L000347 | [Train Acc: 0.6864553314121038]
L000348 | [Dev Loss: 3.6035]
L000349 | [Dev F1: 0.6800856111835341]
L000350 | [Dev Acc: 0.6727272727272727]
L000351 | 
L000352-L000367 | [REDACTED: batch progress and internal diagnostics]
L000368 | [Epoch 11] [Time: 8.229887247085571]
L000369 | [Train Loss: 3.5096]
L000370 | [Train F1: 0.7000449600712365]
L000371 | [Train Acc: 0.7041306436119116]
L000372 | [Dev Loss: 3.4948]
L000373 | [Dev F1: 0.6891602329263384]
L000374 | [Dev Acc: 0.6826446280991736]
L000375 | 
L000376-L000391 | [REDACTED: batch progress and internal diagnostics]
L000392 | [Epoch 12] [Time: 8.358932971954346]
L000393 | [Train Loss: 3.4704]
L000394 | [Train F1: 0.7120735738244909]
L000395 | [Train Acc: 0.715850144092219]
L000396 | [Dev Loss: 3.5063]
L000397 | [Dev F1: 0.6863365369332189]
L000398 | [Dev Acc: 0.6809917355371901]
L000399 | 
L000400-L000415 | [REDACTED: batch progress and internal diagnostics]
L000416 | [Epoch 13] [Time: 8.398119926452637]
L000417 | [Train Loss: 3.2824]
L000418 | [Train F1: 0.7200545670124666]
L000419 | [Train Acc: 0.7225744476464937]
L000420 | [Dev Loss: 3.337]
L000421 | [Dev F1: 0.7077508439147566]
L000422 | [Dev Acc: 0.7024793388429752]
L000423 | 
L000424-L000439 | [REDACTED: batch progress and internal diagnostics]
L000440 | [Epoch 14] [Time: 8.307026386260986]
L000441 | [Train Loss: 3.1577]
L000442 | [Train F1: 0.730659394297869]
L000443 | [Train Acc: 0.7348703170028819]
L000444 | [Dev Loss: 3.4368]
L000445 | [Dev F1: 0.699083917436628]
L000446 | [Dev Acc: 0.6925619834710743]
L000447 | 
L000448-L000463 | [REDACTED: batch progress and internal diagnostics]
L000464 | [Epoch 15] [Time: 8.193093538284302]
L000465 | [Train Loss: 3.0743]
L000466 | [Train F1: 0.7416241650774471]
L000467 | [Train Acc: 0.7439000960614793]
L000468 | [Dev Loss: 3.2968]
L000469 | [Dev F1: 0.7036867539628497]
L000470 | [Dev Acc: 0.6991735537190082]
L000471 | 
L000472-L000487 | [REDACTED: batch progress and internal diagnostics]
L000488 | [Epoch 16] [Time: 8.188746213912964]
L000489 | [Train Loss: 2.9053]
L000490 | [Train F1: 0.7540985066448108]
L000491 | [Train Acc: 0.757732949087416]
L000492 | [Dev Loss: 3.4373]
L000493 | [Dev F1: 0.6963067868045952]
L000494 | [Dev Acc: 0.687603305785124]
L000495 | 
L000496-L000511 | [REDACTED: batch progress and internal diagnostics]
L000512 | [Epoch 17] [Time: 8.256729125976562]
L000513 | [Train Loss: 2.7842]
L000514 | [Train F1: 0.7668799719322376]
L000515 | [Train Acc: 0.7686839577329491]
L000516 | [Dev Loss: 3.3559]
L000517 | [Dev F1: 0.7123071054158006]
L000518 | [Dev Acc: 0.7074380165289256]
L000519 | 
L000520-L000535 | [REDACTED: batch progress and internal diagnostics]
L000536 | [Epoch 18] [Time: 7.671933889389038]
L000537 | [Train Loss: 2.7141]
L000538 | [Train F1: 0.771755098114765]
L000539 | [Train Acc: 0.7740634005763689]
L000540 | [Dev Loss: 3.4125]
L000541 | [Dev F1: 0.7039399167039495]
L000542 | [Dev Acc: 0.6975206611570248]
L000543 | 
L000544-L000559 | [REDACTED: batch progress and internal diagnostics]
L000560 | [Epoch 19] [Time: 7.811522960662842]
L000561 | [Train Loss: 2.6174]
L000562 | [Train F1: 0.7772237199035907]
L000563 | [Train Acc: 0.7790585975024016]
L000564 | [Dev Loss: 3.4001]
L000565 | [Dev F1: 0.7093447941491036]
L000566 | [Dev Acc: 0.7041322314049587]
L000567 | 
L000568-L000583 | [REDACTED: batch progress and internal diagnostics]
L000584 | [Epoch 20] [Time: 7.4860546588897705]
L000585 | [Train Loss: 2.5133]
L000586 | [Train F1: 0.7846512323233117]
L000587 | [Train Acc: 0.7861671469740634]
L000588 | [Dev Loss: 3.5775]
L000589 | [Dev F1: 0.679081718713864]
L000590 | [Dev Acc: 0.6694214876033058]
L000591 | 
L000592-L000607 | [REDACTED: batch progress and internal diagnostics]
L000608 | [Epoch 21] [Time: 7.843095779418945]
L000609 | [Train Loss: 2.3803]
L000610 | [Train F1: 0.7985788089175155]
L000611 | [Train Acc: 0.8001921229586936]
L000612 | [Dev Loss: 3.4384]
L000613 | [Dev F1: 0.7005662283033971]
L000614 | [Dev Acc: 0.6958677685950413]
L000615 | 
L000616-L000631 | [REDACTED: batch progress and internal diagnostics]
L000632 | [Epoch 22] [Time: 8.35571837425232]
L000633 | [Train Loss: 2.3213]
L000634 | [Train F1: 0.7960582999891356]
L000635 | [Train Acc: 0.7980787704130644]
L000636 | [Dev Loss: 3.5685]
L000637 | [Dev F1: 0.6757647116598602]
L000638 | [Dev Acc: 0.6694214876033058]
L000639 | 
L000640-L000655 | [REDACTED: batch progress and internal diagnostics]
L000656 | [Epoch 23] [Time: 7.759411096572876]
L000657 | [Train Loss: 2.1964]
L000658 | [Train F1: 0.8076571193281566]
L000659 | [Train Acc: 0.8090297790585975]
L000660 | [Dev Loss: 3.5497]
L000661 | [Dev F1: 0.6887293880402333]
L000662 | [Dev Acc: 0.6826446280991736]
L000663 | 
L000664-L000679 | [REDACTED: batch progress and internal diagnostics]
L000680 | [Epoch 24] [Time: 7.758823394775391]
L000681 | [Train Loss: 2.0947]
L000682 | [Train F1: 0.8210418623496764]
L000683 | [Train Acc: 0.8222862632084534]
L000684 | [Dev Loss: 3.8736]
L000685 | [Dev F1: 0.6554439759289657]
L000686 | [Dev Acc: 0.6462809917355372]
L000687 | 
L000688-L000703 | [REDACTED: batch progress and internal diagnostics]
L000704 | [Epoch 25] [Time: 8.301904916763306]
L000705 | [Train Loss: 2.1031]
L000706 | [Train F1: 0.8117012134866513]
L000707 | [Train Acc: 0.813256484149856]
L000708 | [Dev Loss: 3.6548]
L000709 | [Dev F1: 0.6670424320476424]
L000710 | [Dev Acc: 0.6595041322314049]
L000711 | 
L000712-L000727 | [REDACTED: batch progress and internal diagnostics]
L000728 | [Epoch 26] [Time: 7.928974866867065]
L000729 | [Train Loss: 2.0401]
L000730 | [Train F1: 0.8175873305915834]
L000731 | [Train Acc: 0.8190201729106629]
L000732 | [Dev Loss: 3.676]
L000733 | [Dev F1: 0.6788425263906661]
L000734 | [Dev Acc: 0.6743801652892562]
L000735 | 
L000736-L000751 | [REDACTED: batch progress and internal diagnostics]
L000752 | [Epoch 27] [Time: 8.497159242630005]
L000753 | [Train Loss: 1.9515]
L000754 | [Train F1: 0.8303258480441511]
L000755 | [Train Acc: 0.8309317963496637]
L000756 | [Dev Loss: 3.9054]
L000757 | [Dev F1: 0.660024821614123]
L000758 | [Dev Acc: 0.6512396694214876]
L000759 | 
L000760-L000775 | [REDACTED: batch progress and internal diagnostics]
L000776 | [Epoch 28] [Time: 8.015246391296387]
L000777 | [Train Loss: 1.9186]
L000778 | [Train F1: 0.831469492060547]
L000779 | [Train Acc: 0.8324687800192123]
L000780 | [Dev Loss: 3.7077]
L000781 | [Dev F1: 0.6725728624894866]
L000782 | [Dev Acc: 0.6661157024793388]
L000783 | 
L000784-L000799 | [REDACTED: batch progress and internal diagnostics]
L000800 | [Epoch 29] [Time: 8.700516939163208]
L000801 | [Train Loss: 1.8268]
L000802 | [Train F1: 0.8341793239941026]
L000803 | [Train Acc: 0.8353506243996157]
L000804 | [Dev Loss: 3.7931]
L000805 | [Dev F1: 0.6565747445953131]
L000806 | [Dev Acc: 0.6578512396694215]
L000807 | 
L000808-L000823 | [REDACTED: batch progress and internal diagnostics]
L000824 | [Epoch 30] [Time: 8.164937019348145]
L000825 | [Train Loss: 1.8674]
L000826 | [Train F1: 0.8292387019348079]
L000827 | [Train Acc: 0.8305475504322767]
L000828 | [Dev Loss: 3.9556]
L000829 | [Dev F1: 0.6510952033007369]
L000830 | [Dev Acc: 0.6479338842975206]
L000831 | 
L000832-L000847 | [REDACTED: batch progress and internal diagnostics]
L000848 | [Epoch 31] [Time: 8.129745960235596]
L000849 | [Train Loss: 1.8013]
L000850 | [Train F1: 0.8344384677690574]
L000851 | [Train Acc: 0.8353506243996157]
L000852 | [Dev Loss: 3.7257]
L000853 | [Dev F1: 0.6810658612526734]
L000854 | [Dev Acc: 0.6760330578512397]
L000855 | 
L000856-L000871 | [REDACTED: batch progress and internal diagnostics]
L000872 | [Epoch 32] [Time: 8.048464059829712]
L000873 | [Train Loss: 1.7335]
L000874 | [Train F1: 0.843554943763485]
L000875 | [Train Acc: 0.8449567723342939]
L000876 | [Dev Loss: 3.7611]
L000877 | [Dev F1: 0.6696893525565197]
L000878 | [Dev Acc: 0.6644628099173554]
L000879 | 
L000880-L000895 | [REDACTED: batch progress and internal diagnostics]
L000896 | [Epoch 33] [Time: 8.23241901397705]
L000897 | [Train Loss: 1.7241]
L000898 | [Train F1: 0.8540443010948451]
L000899 | [Train Acc: 0.8547550432276657]
L000900 | [Dev Loss: 4.2403]
L000901 | [Dev F1: 0.6280415760794921]
L000902 | [Dev Acc: 0.6198347107438017]
L000903 | 
L000904-L000919 | [REDACTED: batch progress and internal diagnostics]
L000920 | [Epoch 34] [Time: 8.418665885925293]
L000921 | [Train Loss: 1.7171]
L000922 | [Train F1: 0.8460866090697728]
L000923 | [Train Acc: 0.8472622478386167]
L000924 | [Dev Loss: 4.0064]
L000925 | [Dev F1: 0.6380650593213769]
L000926 | [Dev Acc: 0.6396694214876033]
L000927 | 
L000928-L000943 | [REDACTED: batch progress and internal diagnostics]
L000944 | [Epoch 35] [Time: 7.951490163803101]
L000945 | [Train Loss: 1.6818]
L000946 | [Train F1: 0.8433048367199332]
L000947 | [Train Acc: 0.8441882804995197]
L000948 | [Dev Loss: 4.2242]
L000949 | [Dev F1: 0.6276850440968033]
L000950 | [Dev Acc: 0.6198347107438017]
L000951 | 
L000952-L000967 | [REDACTED: batch progress and internal diagnostics]
L000968 | [Epoch 36] [Time: 8.140144348144531]
L000969 | [Train Loss: 1.6612]
L000970 | [Train F1: 0.8514249268771313]
L000971 | [Train Acc: 0.8522574447646494]
L000972 | [Dev Loss: 4.2508]
L000973 | [Dev F1: 0.6052370760339497]
L000974 | [Dev Acc: 0.6]
L000975 | 
L000976-L000991 | [REDACTED: batch progress and internal diagnostics]
L000992 | [Epoch 37] [Time: 8.54886531829834]
L000993 | [Train Loss: 1.6387]
L000994 | [Train F1: 0.8511753089111016]
L000995 | [Train Acc: 0.8524495677233429]
L000996 | [Dev Loss: 3.939]
L000997 | [Dev F1: 0.6331590293395027]
L000998 | [Dev Acc: 0.631404958677686]
L000999 | 
L001000-L001015 | [REDACTED: batch progress and internal diagnostics]
L001016 | [Epoch 38] [Time: 8.239802122116089]
L001017 | [Train Loss: 1.5837]
L001018 | [Train F1: 0.8600202188468363]
L001019 | [Train Acc: 0.8605187319884726]
L001020 | [Dev Loss: 4.1968]
L001021 | [Dev F1: 0.6623678575995474]
L001022 | [Dev Acc: 0.656198347107438]
L001023 | 
L001024-L001039 | [REDACTED: batch progress and internal diagnostics]
L001040 | [Epoch 39] [Time: 8.70421314239502]
L001041 | [Train Loss: 1.5203]
L001042 | [Train F1: 0.8595036857579275]
L001043 | [Train Acc: 0.8605187319884726]
L001044 | [Dev Loss: 3.959]
L001045 | [Dev F1: 0.650321486736114]
L001046 | [Dev Acc: 0.6462809917355372]
L001047 | 
L001048-L001063 | [REDACTED: batch progress and internal diagnostics]
L001064 | [Epoch 40] [Time: 8.52407193183899]
L001065 | [Train Loss: 1.5184]
L001066 | [Train F1: 0.8557433300791789]
L001067 | [Train Acc: 0.8566762728146013]
L001068 | [Dev Loss: 4.3006]
L001069 | [Dev F1: 0.616779359772616]
L001070 | [Dev Acc: 0.6099173553719008]
L001071 | 
L001072-L001087 | [REDACTED: batch progress and internal diagnostics]
L001088 | [Epoch 41] [Time: 8.392754793167114]
L001089 | [Train Loss: 1.4953]
L001090 | [Train F1: 0.8617276060850138]
L001091 | [Train Acc: 0.8628242074927954]
L001092 | [Dev Loss: 3.928]
L001093 | [Dev F1: 0.6487215430161849]
L001094 | [Dev Acc: 0.6429752066115703]
L001095 | 
L001096-L001111 | [REDACTED: batch progress and internal diagnostics]
L001112 | [Epoch 42] [Time: 8.521231651306152]
L001113 | [Train Loss: 1.5278]
L001114 | [Train F1: 0.8629309998200093]
L001115 | [Train Acc: 0.8635926993275697]
L001116 | [Dev Loss: 4.6142]
L001117 | [Dev F1: 0.6052631867100856]
L001118 | [Dev Acc: 0.596694214876033]
L001119 | Early stopping at epoch: 42
L001120 | Last model
L001121 |               precision    recall  f1-score   support
L001122 | 
L001123 |          hap     0.5102    0.1736    0.2591       144
L001124 |          sad     0.7312    0.8327    0.7786       245
L001125 |          neu     0.6667    0.6615    0.6641       384
L001126 |          ang     0.5464    0.5882    0.5666       170
L001127 |          exc     0.6599    0.8696    0.7504       299
L001128 |          fru     0.6053    0.5354    0.5682       381
L001129 | 
L001130 |     accuracy                         0.6451      1623
L001131 |    macro avg     0.6200    0.6102    0.5978      1623
L001132 | weighted avg     0.6343    0.6451    0.6286      1623
L001133 | 
L001134 | Best model at epoch: 17
L001135 | Best dev F1: 0.7123071054158006
L001136 |               precision    recall  f1-score   support
L001137 | 
L001138 |          hap     0.5000    0.3056    0.3793       144
L001139 |          sad     0.7722    0.8163    0.7937       245
L001140 |          neu     0.6617    0.6927    0.6768       384
L001141 |          ang     0.6131    0.6059    0.6095       170
L001142 |          exc     0.6989    0.8462    0.7655       299
L001143 |          fru     0.6279    0.5669    0.5959       381
L001144 | 
L001145 |     accuracy                         0.6667      1623
L001146 |    macro avg     0.6456    0.6389    0.6368      1623
L001147 | weighted avg     0.6579    0.6667    0.6583      1623
L001148 | 
L001149 | Best test F1: 0.6583444130190134
L001150 | Best test Acc: 0.6666666666666666
L001151 | [SANITIZED] Saved checkpoint: [path and filename removed]
