# Redacted copy of an existing run log.
# run_id: G18-seed3
# dataset: IEMOCAP
# model: MM-DFN+AMBER
# imr: (0.7,0.5,0.3)
# seed_alias: seed3
# original_log_sha256: cadcefa3d15094ea13c1d710cee6f7f444973571901104c1a2181c531f5411ce
# source_record_status: ok
# source_record_process_return_code: 3221226505
# L numbers refer to source logical lines; REDACTED/SANITIZED text is editorial.
L000001-L000076 | [REDACTED: configuration or implementation details]
L000077 | [SANITIZED] Seed alias: seed3
L000078 | 
L000079-L000080 | [REDACTED: batch progress and internal diagnostics]
L000081 | 
L000082-L000083 | [REDACTED: batch progress and internal diagnostics]
L000084 | 
L000085-L000086 | [REDACTED: batch progress and internal diagnostics]
L000087 | 
L000088-L000103 | [REDACTED: batch progress and internal diagnostics]
L000104 | [Epoch 0] [Time: 8.618187189102173]
L000105 | [Train Loss: 9.2906]
L000106 | [Train F1: 0.2683033062634906]
L000107 | [Train Acc: 0.2722232842668706]
L000108 | [Dev Loss: 7.8877]
L000109 | [Dev F1: 0.44143533540164664]
L000110 | [Dev Acc: 0.4835924006908463]
L000111 | 
L000112-L000127 | [REDACTED: batch progress and internal diagnostics]
L000128 | [Epoch 1] [Time: 8.235097885131836]
L000129 | [Train Loss: 7.9522]
L000130 | [Train F1: 0.4228867932945016]
L000131 | [Train Acc: 0.4454215255209329]
L000132 | [Dev Loss: 6.8536]
L000133 | [Dev F1: 0.48752456173124914]
L000134 | [Dev Acc: 0.5198618307426598]
L000135 | 
L000136-L000151 | [REDACTED: batch progress and internal diagnostics]
L000152 | [Epoch 2] [Time: 8.157737255096436]
L000153 | [Train Loss: 6.8862]
L000154 | [Train F1: 0.49548036644302373]
L000155 | [Train Acc: 0.5150066908812847]
L000156 | [Dev Loss: 6.0396]
L000157 | [Dev F1: 0.5224989535332382]
L000158 | [Dev Acc: 0.5457685664939551]
L000159 | 
L000160-L000175 | [REDACTED: batch progress and internal diagnostics]
L000176 | [Epoch 3] [Time: 7.968500852584839]
L000177 | [Train Loss: 6.087]
L000178 | [Train F1: 0.5443345123940431]
L000179 | [Train Acc: 0.5576371630663353]
L000180 | [Dev Loss: 5.4118]
L000181 | [Dev F1: 0.5423626427057505]
L000182 | [Dev Acc: 0.5613126079447323]
L000183 | 
L000184-L000199 | [REDACTED: batch progress and internal diagnostics]
L000200 | [Epoch 4] [Time: 8.178557634353638]
L000201 | [Train Loss: 5.4761]
L000202 | [Train F1: 0.5727767196492572]
L000203 | [Train Acc: 0.5784744790671]
L000204 | [Dev Loss: 4.9664]
L000205 | [Dev F1: 0.560121663014741]
L000206 | [Dev Acc: 0.5734024179620034]
L000207 | 
L000208-L000223 | [REDACTED: batch progress and internal diagnostics]
L000224 | [Epoch 5] [Time: 7.774031639099121]
L000225 | [Train Loss: 5.0]
L000226 | [Train F1: 0.6053240437493721]
L000227 | [Train Acc: 0.608296692792965]
L000228 | [Dev Loss: 4.7046]
L000229 | [Dev F1: 0.5908981807187015]
L000230 | [Dev Acc: 0.6044905008635578]
L000231 | 
L000232-L000247 | [REDACTED: batch progress and internal diagnostics]
L000248 | [Epoch 6] [Time: 8.224732398986816]
L000249 | [Train Loss: 4.5443]
L000250 | [Train F1: 0.6363467195586944]
L000251 | [Train Acc: 0.6406040909959855]
L000252 | [Dev Loss: 4.5261]
L000253 | [Dev F1: 0.5967939707806696]
L000254 | [Dev Acc: 0.6079447322970639]
L000255 | 
L000256-L000271 | [REDACTED: batch progress and internal diagnostics]
L000272 | [Epoch 7] [Time: 7.569935083389282]
L000273 | [Train Loss: 4.2366]
L000274 | [Train F1: 0.6493622968277661]
L000275 | [Train Acc: 0.6543681896386924]
L000276 | [Dev Loss: 4.4274]
L000277 | [Dev F1: 0.5991133155472338]
L000278 | [Dev Acc: 0.6113989637305699]
L000279 | 
L000280-L000295 | [REDACTED: batch progress and internal diagnostics]
L000296 | [Epoch 8] [Time: 8.33764910697937]
L000297 | [Train Loss: 4.0156]
L000298 | [Train F1: 0.6660888280886972]
L000299 | [Train Acc: 0.670043968648442]
L000300 | [Dev Loss: 4.3923]
L000301 | [Dev F1: 0.5920752008462746]
L000302 | [Dev Acc: 0.6044905008635578]
L000303 | 
L000304-L000319 | [REDACTED: batch progress and internal diagnostics]
L000320 | [Epoch 9] [Time: 8.24302339553833]
L000321 | [Train Loss: 3.7653]
L000322 | [Train F1: 0.6894601792417873]
L000323 | [Train Acc: 0.691837124832728]
L000324 | [Dev Loss: 4.3036]
L000325 | [Dev F1: 0.602702325769416]
L000326 | [Dev Acc: 0.613126079447323]
L000327 | 
L000328-L000343 | [REDACTED: batch progress and internal diagnostics]
L000344 | [Epoch 10] [Time: 8.150296211242676]
L000345 | [Train Loss: 3.5949]
L000346 | [Train F1: 0.6941657700713287]
L000347 | [Train Acc: 0.6979545020072644]
L000348 | [Dev Loss: 4.2888]
L000349 | [Dev F1: 0.6150803795819602]
L000350 | [Dev Acc: 0.6234887737478411]
L000351 | 
L000352-L000367 | [REDACTED: batch progress and internal diagnostics]
L000368 | [Epoch 11] [Time: 8.346971273422241]
L000369 | [Train Loss: 3.3672]
L000370 | [Train F1: 0.7113003939089951]
L000371 | [Train Acc: 0.7138214490537182]
L000372 | [Dev Loss: 4.3271]
L000373 | [Dev F1: 0.6093544819729717]
L000374 | [Dev Acc: 0.6200345423143351]
L000375 | 
L000376-L000391 | [REDACTED: batch progress and internal diagnostics]
L000392 | [Epoch 12] [Time: 8.133951425552368]
L000393 | [Train Loss: 3.1982]
L000394 | [Train F1: 0.7160404442879822]
L000395 | [Train Acc: 0.7197476581915504]
L000396 | [Dev Loss: 4.3082]
L000397 | [Dev F1: 0.6166067948366428]
L000398 | [Dev Acc: 0.6234887737478411]
L000399 | 
L000400-L000415 | [REDACTED: batch progress and internal diagnostics]
L000416 | [Epoch 13] [Time: 8.370665311813354]
L000417 | [Train Loss: 3.0853]
L000418 | [Train F1: 0.7358103989929567]
L000419 | [Train Acc: 0.7382909577518639]
L000420 | [Dev Loss: 4.326]
L000421 | [Dev F1: 0.6137248034341077]
L000422 | [Dev Acc: 0.6200345423143351]
L000423 | 
L000424-L000439 | [REDACTED: batch progress and internal diagnostics]
L000440 | [Epoch 14] [Time: 8.772159337997437]
L000441 | [Train Loss: 2.9946]
L000442 | [Train F1: 0.7476427484232668]
L000443 | [Train Acc: 0.7489963678073026]
L000444 | [Dev Loss: 4.4235]
L000445 | [Dev F1: 0.6018484866425502]
L000446 | [Dev Acc: 0.616580310880829]
L000447 | 
L000448-L000463 | [REDACTED: batch progress and internal diagnostics]
L000464 | [Epoch 15] [Time: 8.420320749282837]
L000465 | [Train Loss: 2.8758]
L000466 | [Train F1: 0.7457113921873056]
L000467 | [Train Acc: 0.7489963678073026]
L000468 | [Dev Loss: 4.2708]
L000469 | [Dev F1: 0.6190554349572863]
L000470 | [Dev Acc: 0.6234887737478411]
L000471 | 
L000472-L000487 | [REDACTED: batch progress and internal diagnostics]
L000488 | [Epoch 16] [Time: 8.590546607971191]
L000489 | [Train Loss: 2.7499]
L000490 | [Train F1: 0.755864231359486]
L000491 | [Train Acc: 0.7575989294589944]
L000492 | [Dev Loss: 4.4233]
L000493 | [Dev F1: 0.6059744016139766]
L000494 | [Dev Acc: 0.616580310880829]
L000495 | 
L000496-L000511 | [REDACTED: batch progress and internal diagnostics]
L000512 | [Epoch 17] [Time: 8.420054197311401]
L000513 | [Train Loss: 2.6433]
L000514 | [Train F1: 0.7786200442961977]
L000515 | [Train Acc: 0.7809214299369146]
L000516 | [Dev Loss: 4.2628]
L000517 | [Dev F1: 0.6411854068827769]
L000518 | [Dev Acc: 0.6442141623488774]
L000519 | 
L000520-L000535 | [REDACTED: batch progress and internal diagnostics]
L000536 | [Epoch 18] [Time: 8.038537740707397]
L000537 | [Train Loss: 2.6115]
L000538 | [Train F1: 0.7752753254166472]
L000539 | [Train Acc: 0.7767157331294208]
L000540 | [Dev Loss: 4.3794]
L000541 | [Dev F1: 0.6032241912308965]
L000542 | [Dev Acc: 0.614853195164076]
L000543 | 
L000544-L000559 | [REDACTED: batch progress and internal diagnostics]
L000560 | [Epoch 19] [Time: 7.995817184448242]
L000561 | [Train Loss: 2.5637]
L000562 | [Train F1: 0.7801053010014285]
L000563 | [Train Acc: 0.7820684381571401]
L000564 | [Dev Loss: 4.2265]
L000565 | [Dev F1: 0.6238034081879622]
L000566 | [Dev Acc: 0.6252158894645942]
L000567 | 
L000568-L000583 | [REDACTED: batch progress and internal diagnostics]
L000584 | [Epoch 20] [Time: 8.36792254447937]
L000585 | [Train Loss: 2.4354]
L000586 | [Train F1: 0.7934454220990772]
L000587 | [Train Acc: 0.7941120244695087]
L000588 | [Dev Loss: 4.3173]
L000589 | [Dev F1: 0.6250708681753843]
L000590 | [Dev Acc: 0.6338514680483592]
L000591 | 
L000592-L000607 | [REDACTED: batch progress and internal diagnostics]
L000608 | [Epoch 21] [Time: 7.921144485473633]
L000609 | [Train Loss: 2.3121]
L000610 | [Train F1: 0.8012001802294109]
L000611 | [Train Acc: 0.802332250047792]
L000612 | [Dev Loss: 4.3912]
L000613 | [Dev F1: 0.6222811019897193]
L000614 | [Dev Acc: 0.6234887737478411]
L000615 | 
L000616-L000631 | [REDACTED: batch progress and internal diagnostics]
L000632 | [Epoch 22] [Time: 7.673534154891968]
L000633 | [Train Loss: 2.2188]
L000634 | [Train F1: 0.8132929590627015]
L000635 | [Train Acc: 0.8143758363601605]
L000636 | [Dev Loss: 4.2574]
L000637 | [Dev F1: 0.6079795241142106]
L000638 | [Dev Acc: 0.613126079447323]
L000639 | 
L000640-L000655 | [REDACTED: batch progress and internal diagnostics]
L000656 | [Epoch 23] [Time: 7.630277633666992]
L000657 | [Train Loss: 2.1688]
L000658 | [Train F1: 0.8041329961639114]
L000659 | [Train Acc: 0.8057732747084687]
L000660 | [Dev Loss: 4.5315]
L000661 | [Dev F1: 0.6241817781055473]
L000662 | [Dev Acc: 0.6286701208981001]
L000663 | 
L000664-L000679 | [REDACTED: batch progress and internal diagnostics]
L000680 | [Epoch 24] [Time: 8.016208410263062]
L000681 | [Train Loss: 2.092]
L000682 | [Train F1: 0.8169533673145977]
L000683 | [Train Acc: 0.8178168610208373]
L000684 | [Dev Loss: 4.3164]
L000685 | [Dev F1: 0.6087682922281328]
L000686 | [Dev Acc: 0.614853195164076]
L000687 | 
L000688-L000703 | [REDACTED: batch progress and internal diagnostics]
L000704 | [Epoch 25] [Time: 8.458141088485718]
L000705 | [Train Loss: 2.0465]
L000706 | [Train F1: 0.8211309580651256]
L000707 | [Train Acc: 0.8225960619384439]
L000708 | [Dev Loss: 4.3672]
L000709 | [Dev F1: 0.6087211496146876]
L000710 | [Dev Acc: 0.613126079447323]
L000711 | 
L000712-L000727 | [REDACTED: batch progress and internal diagnostics]
L000728 | [Epoch 26] [Time: 8.131560564041138]
L000729 | [Train Loss: 2.0107]
L000730 | [Train F1: 0.8227656991669222]
L000731 | [Train Acc: 0.8233607340852609]
L000732 | [Dev Loss: 4.5564]
L000733 | [Dev F1: 0.6193122133243606]
L000734 | [Dev Acc: 0.6217616580310881]
L000735 | 
L000736-L000751 | [REDACTED: batch progress and internal diagnostics]
L000752 | [Epoch 27] [Time: 9.003764390945435]
L000753 | [Train Loss: 1.8855]
L000754 | [Train F1: 0.8318148857952264]
L000755 | [Train Acc: 0.8329191359204741]
L000756 | [Dev Loss: 4.6217]
L000757 | [Dev F1: 0.603749891871739]
L000758 | [Dev Acc: 0.6079447322970639]
L000759 | 
L000760-L000775 | [REDACTED: batch progress and internal diagnostics]
L000776 | [Epoch 28] [Time: 7.924420356750488]
L000777 | [Train Loss: 1.8369]
L000778 | [Train F1: 0.8359983861146434]
L000779 | [Train Acc: 0.8369336646912636]
L000780 | [Dev Loss: 4.5124]
L000781 | [Dev F1: 0.6118774759144295]
L000782 | [Dev Acc: 0.613126079447323]
L000783 | 
L000784-L000799 | [REDACTED: batch progress and internal diagnostics]
L000800 | [Epoch 29] [Time: 8.294402837753296]
L000801 | [Train Loss: 1.825]
L000802 | [Train F1: 0.8295210455754216]
L000803 | [Train Acc: 0.8304339514433187]
L000804 | [Dev Loss: 4.6824]
L000805 | [Dev F1: 0.6185764846867026]
L000806 | [Dev Acc: 0.6217616580310881]
L000807 | 
L000808-L000823 | [REDACTED: batch progress and internal diagnostics]
L000824 | [Epoch 30] [Time: 8.326433420181274]
L000825 | [Train Loss: 1.7518]
L000826 | [Train F1: 0.8456625485730215]
L000827 | [Train Acc: 0.8461097304530683]
L000828 | [Dev Loss: 4.7374]
L000829 | [Dev F1: 0.6161128028793175]
L000830 | [Dev Acc: 0.6183074265975821]
L000831 | 
L000832-L000847 | [REDACTED: batch progress and internal diagnostics]
L000848 | [Epoch 31] [Time: 8.640239238739014]
L000849 | [Train Loss: 1.7262]
L000850 | [Train F1: 0.843532201265168]
L000851 | [Train Acc: 0.8445803861594341]
L000852 | [Dev Loss: 4.6964]
L000853 | [Dev F1: 0.6154818257283752]
L000854 | [Dev Acc: 0.6183074265975821]
L000855 | 
L000856-L000871 | [REDACTED: batch progress and internal diagnostics]
L000872 | [Epoch 32] [Time: 8.541425704956055]
L000873 | [Train Loss: 1.7138]
L000874 | [Train F1: 0.8416726265303036]
L000875 | [Train Acc: 0.8424775377556872]
L000876 | [Dev Loss: 4.9919]
L000877 | [Dev F1: 0.607599224524864]
L000878 | [Dev Acc: 0.6096718480138169]
L000879 | 
L000880-L000895 | [REDACTED: batch progress and internal diagnostics]
L000896 | [Epoch 33] [Time: 8.534713506698608]
L000897 | [Train Loss: 1.6256]
L000898 | [Train F1: 0.8487704380708381]
L000899 | [Train Acc: 0.8499330911871535]
L000900 | [Dev Loss: 4.8541]
L000901 | [Dev F1: 0.5733497807586205]
L000902 | [Dev Acc: 0.5751295336787565]
L000903 | 
L000904-L000919 | [REDACTED: batch progress and internal diagnostics]
L000920 | [Epoch 34] [Time: 8.263104915618896]
L000921 | [Train Loss: 1.5471]
L000922 | [Train F1: 0.855072502284741]
L000923 | [Train Acc: 0.8556681322882814]
L000924 | [Dev Loss: 4.7857]
L000925 | [Dev F1: 0.6101095963154441]
L000926 | [Dev Acc: 0.613126079447323]
L000927 | 
L000928-L000943 | [REDACTED: batch progress and internal diagnostics]
L000944 | [Epoch 35] [Time: 8.79888916015625]
L000945 | [Train Loss: 1.566]
L000946 | [Train F1: 0.858039814771929]
L000947 | [Train Acc: 0.8589179889122539]
L000948 | [Dev Loss: 4.8927]
L000949 | [Dev F1: 0.6155534097499584]
L000950 | [Dev Acc: 0.6200345423143351]
L000951 | 
L000952-L000967 | [REDACTED: batch progress and internal diagnostics]
L000968 | [Epoch 36] [Time: 8.55543565750122]
L000969 | [Train Loss: 1.5428]
L000970 | [Train F1: 0.8557713547121132]
L000971 | [Train Acc: 0.8562416363983942]
L000972 | [Dev Loss: 5.0867]
L000973 | [Dev F1: 0.5947489786370254]
L000974 | [Dev Acc: 0.5975820379965457]
L000975 | 
L000976-L000991 | [REDACTED: batch progress and internal diagnostics]
L000992 | [Epoch 37] [Time: 8.618118524551392]
L000993 | [Train Loss: 1.4952]
L000994 | [Train F1: 0.8623589318971759]
L000995 | [Train Acc: 0.8631236857197476]
L000996 | [Dev Loss: 4.8847]
L000997 | [Dev F1: 0.5925647015117846]
L000998 | [Dev Acc: 0.5924006908462867]
L000999 | 
L001000-L001015 | [REDACTED: batch progress and internal diagnostics]
L001016 | [Epoch 38] [Time: 8.188403129577637]
L001017 | [Train Loss: 1.4946]
L001018 | [Train F1: 0.8606188422763458]
L001019 | [Train Acc: 0.8614031733894093]
L001020 | [Dev Loss: 5.0976]
L001021 | [Dev F1: 0.6093819951450415]
L001022 | [Dev Acc: 0.6096718480138169]
L001023 | 
L001024-L001039 | [REDACTED: batch progress and internal diagnostics]
L001040 | [Epoch 39] [Time: 8.651766061782837]
L001041 | [Train Loss: 1.4228]
L001042 | [Train F1: 0.874150646652389]
L001043 | [Train Acc: 0.8747849359587077]
L001044 | [Dev Loss: 4.7126]
L001045 | [Dev F1: 0.6224746259678118]
L001046 | [Dev Acc: 0.6269430051813472]
L001047 | 
L001048-L001063 | [REDACTED: batch progress and internal diagnostics]
L001064 | [Epoch 40] [Time: 8.483423233032227]
L001065 | [Train Loss: 1.3759]
L001066 | [Train F1: 0.8669084445136359]
L001067 | [Train Acc: 0.8675205505639457]
L001068 | [Dev Loss: 5.1468]
L001069 | [Dev F1: 0.5954249289830494]
L001070 | [Dev Acc: 0.5958549222797928]
L001071 | 
L001072-L001087 | [REDACTED: batch progress and internal diagnostics]
L001088 | [Epoch 41] [Time: 8.402993202209473]
L001089 | [Train Loss: 1.3564]
L001090 | [Train F1: 0.8775970899184788]
L001091 | [Train Acc: 0.878608296692793]
L001092 | [Dev Loss: 5.02]
L001093 | [Dev F1: 0.5744732544803981]
L001094 | [Dev Acc: 0.5751295336787565]
L001095 | 
L001096-L001111 | [REDACTED: batch progress and internal diagnostics]
L001112 | [Epoch 42] [Time: 8.289223670959473]
L001113 | [Train Loss: 1.3842]
L001114 | [Train F1: 0.8759468865977631]
L001115 | [Train Acc: 0.8761231122156375]
L001116 | [Dev Loss: 5.2668]
L001117 | [Dev F1: 0.6101744537527429]
L001118 | [Dev Acc: 0.614853195164076]
L001119 | Early stopping at epoch: 42
L001120 | Last model
L001121 |               precision    recall  f1-score   support
L001122 | 
L001123 |          hap     0.6118    0.3611    0.4541       144
L001124 |          sad     0.7747    0.8000    0.7871       245
L001125 |          neu     0.5792    0.6953    0.6320       384
L001126 |          ang     0.4845    0.8294    0.6117       170
L001127 |          exc     0.7475    0.7625    0.7550       299
L001128 |          fru     0.6272    0.3753    0.4696       381
L001129 | 
L001130 |     accuracy                         0.6328      1623
L001131 |    macro avg     0.6375    0.6373    0.6183      1623
L001132 | weighted avg     0.6440    0.6328    0.6220      1623
L001133 | 
L001134 | Best model at epoch: 17
L001135 | Best dev F1: 0.6411854068827769
L001136 |               precision    recall  f1-score   support
L001137 | 
L001138 |          hap     0.5221    0.4931    0.5071       144
L001139 |          sad     0.8060    0.7633    0.7841       245
L001140 |          neu     0.6351    0.6979    0.6650       384
L001141 |          ang     0.5556    0.6471    0.5978       170
L001142 |          exc     0.7456    0.7157    0.7304       299
L001143 |          fru     0.6149    0.5617    0.5871       381
L001144 | 
L001145 |     accuracy                         0.6556      1623
L001146 |    macro avg     0.6466    0.6464    0.6453      1623
L001147 | weighted avg     0.6582    0.6556    0.6557      1623
L001148 | 
L001149 | Best test F1: 0.6556929771386022
L001150 | Best test Acc: 0.6555760936537277
L001151 | [SANITIZED] Saved checkpoint: [path and filename removed]
