# Redacted copy of an existing run log.
# run_id: G01-seed5
# dataset: IEMOCAP
# model: GCNet+AMBER
# imr: (0.3,0.5,0.7)
# seed_alias: seed5
# original_log_sha256: 137c907c2e537e208dc03b51d99c1e1e1ec5a17e210494c1dd5b0087508fa740
# source_record_status: ok
# source_record_process_return_code: 3221226505
# L numbers refer to source logical lines; REDACTED/SANITIZED text is editorial.
L000001-L000005 | [REDACTED: configuration or implementation details]
L000006 | [SANITIZED] FutureWarning: [dependency deprecation notice; implementation details removed]
L000007-L000068 | [REDACTED: configuration or implementation details]
L000069 | [SANITIZED] Seed alias: seed5
L000070 | [REDACTED: configuration or implementation details]
L000071 | 
L000072-L000073 | [REDACTED: batch progress and internal diagnostics]
L000074 | 
L000075-L000076 | [REDACTED: batch progress and internal diagnostics]
L000077 | 
L000078-L000079 | [REDACTED: batch progress and internal diagnostics]
L000080-L000083 | [REDACTED: configuration or implementation details]
L000084 | [SANITIZED] Seed alias: seed5
L000085-L000088 | [REDACTED: configuration or implementation details]
L000089 | 
L000090-L000105 | [REDACTED: batch progress and internal diagnostics]
L000106 | [Epoch 0] [Time: 3.27]
L000107 | [Train Loss: 1.7363]
L000108 | [Train F1: 0.16714747720551884]
L000109 | [Train Acc: 0.24793229467205233]
L000110 | [Dev Loss: 1.6757]
L000111 | [Dev F1: 0.24025957332847805]
L000112 | [Dev Acc: 0.3355155482815057]
L000113 | 
L000114-L000129 | [REDACTED: batch progress and internal diagnostics]
L000130 | [Epoch 1] [Time: 2.65]
L000131 | [Train Loss: 1.5007]
L000132 | [Train F1: 0.40011453181312034]
L000133 | [Train Acc: 0.4456626274283516]
L000134 | [Dev Loss: 1.4997]
L000135 | [Dev F1: 0.2551734618120933]
L000136 | [Dev Acc: 0.381342062193126]
L000137 | 
L000138-L000153 | [REDACTED: batch progress and internal diagnostics]
L000154 | [Epoch 2] [Time: 2.70]
L000155 | [Train Loss: 1.296]
L000156 | [Train F1: 0.392270409926975]
L000157 | [Train Acc: 0.47220619349874976]
L000158 | [Dev Loss: 1.4939]
L000159 | [Dev F1: 0.3089935768627543]
L000160 | [Dev Acc: 0.40916530278232405]
L000161 | 
L000162-L000177 | [REDACTED: batch progress and internal diagnostics]
L000178 | [Epoch 3] [Time: 2.51]
L000179 | [Train Loss: 1.1946]
L000180 | [Train F1: 0.4685107284261122]
L000181 | [Train Acc: 0.5222158107328332]
L000182 | [Dev Loss: 1.4222]
L000183 | [Dev F1: 0.3041298133752539]
L000184 | [Dev Acc: 0.35842880523731585]
L000185 | 
L000186-L000201 | [REDACTED: batch progress and internal diagnostics]
L000202 | [Epoch 4] [Time: 2.68]
L000203 | [Train Loss: 1.1458]
L000204 | [Train F1: 0.49212086180555586]
L000205 | [Train Acc: 0.5251009809578765]
L000206 | [Dev Loss: 1.4352]
L000207 | [Dev F1: 0.3390386997265521]
L000208 | [Dev Acc: 0.40425531914893614]
L000209 | 
L000210-L000225 | [REDACTED: batch progress and internal diagnostics]
L000226 | [Epoch 5] [Time: 2.74]
L000227 | [Train Loss: 1.1248]
L000228 | [Train F1: 0.511470053533806]
L000229 | [Train Acc: 0.5404885554914407]
L000230 | [Dev Loss: 1.3879]
L000231 | [Dev F1: 0.3651826692854401]
L000232 | [Dev Acc: 0.41407528641571195]
L000233 | 
L000234-L000249 | [REDACTED: batch progress and internal diagnostics]
L000250 | [Epoch 6] [Time: 2.68]
L000251 | [Train Loss: 1.0845]
L000252 | [Train F1: 0.5288674155880148]
L000253 | [Train Acc: 0.5506828236199269]
L000254 | [Dev Loss: 1.3269]
L000255 | [Dev F1: 0.3468424018892667]
L000256 | [Dev Acc: 0.40916530278232405]
L000257 | 
L000258-L000273 | [REDACTED: batch progress and internal diagnostics]
L000274 | [Epoch 7] [Time: 2.98]
L000275 | [Train Loss: 1.0571]
L000276 | [Train F1: 0.5483641037177489]
L000277 | [Train Acc: 0.5608770917484132]
L000278 | [Dev Loss: 1.4146]
L000279 | [Dev F1: 0.32654581371409364]
L000280 | [Dev Acc: 0.37970540098199673]
L000281 | 
L000282-L000297 | [REDACTED: batch progress and internal diagnostics]
L000298 | [Epoch 8] [Time: 2.69]
L000299 | [Train Loss: 1.0432]
L000300 | [Train F1: 0.5636710999009101]
L000301 | [Train Acc: 0.5701096364685516]
L000302 | [Dev Loss: 1.341]
L000303 | [Dev F1: 0.34468241437662367]
L000304 | [Dev Acc: 0.3617021276595745]
L000305 | 
L000306-L000321 | [REDACTED: batch progress and internal diagnostics]
L000322 | [Epoch 9] [Time: 2.68]
L000323 | [Train Loss: 1.0437]
L000324 | [Train F1: 0.5590387737684568]
L000325 | [Train Acc: 0.5678015002885171]
L000326 | [Dev Loss: 1.3869]
L000327 | [Dev F1: 0.3620495635594106]
L000328 | [Dev Acc: 0.4238952536824877]
L000329 | 
L000330-L000345 | [REDACTED: batch progress and internal diagnostics]
L000346 | [Epoch 10] [Time: 2.74]
L000347 | [Train Loss: 1.0359]
L000348 | [Train F1: 0.5505427488965402]
L000349 | [Train Acc: 0.5608770917484132]
L000350 | [Dev Loss: 1.3599]
L000351 | [Dev F1: 0.35003765728196384]
L000352 | [Dev Acc: 0.3944353518821604]
L000353 | 
L000354-L000369 | [REDACTED: batch progress and internal diagnostics]
L000370 | [Epoch 11] [Time: 2.63]
L000371 | [Train Loss: 1.0377]
L000372 | [Train F1: 0.5604715360492837]
L000373 | [Train Acc: 0.5685708790151952]
L000374 | [Dev Loss: 1.3679]
L000375 | [Dev F1: 0.36503096985805417]
L000376 | [Dev Acc: 0.4386252045826514]
L000377 | 
L000378-L000393 | [REDACTED: batch progress and internal diagnostics]
L000394 | [Epoch 12] [Time: 2.70]
L000395 | [Train Loss: 0.9943]
L000396 | [Train F1: 0.586750668830125]
L000397 | [Train Acc: 0.5920369301788806]
L000398 | [Dev Loss: 1.2866]
L000399 | [Dev F1: 0.3447035290061214]
L000400 | [Dev Acc: 0.38461538461538464]
L000401 | 
L000402-L000417 | [REDACTED: batch progress and internal diagnostics]
L000418 | [Epoch 13] [Time: 2.68]
L000419 | [Train Loss: 0.9962]
L000420 | [Train F1: 0.581646493677578]
L000421 | [Train Acc: 0.5922292748605501]
L000422 | [Dev Loss: 1.3615]
L000423 | [Dev F1: 0.33747151258735947]
L000424 | [Dev Acc: 0.40098199672667756]
L000425 | 
L000426-L000441 | [REDACTED: batch progress and internal diagnostics]
L000442 | [Epoch 14] [Time: 2.75]
L000443 | [Train Loss: 0.9878]
L000444 | [Train F1: 0.5852843979428103]
L000445 | [Train Acc: 0.5924216195422196]
L000446 | [Dev Loss: 1.2885]
L000447 | [Dev F1: 0.39098898796235226]
L000448 | [Dev Acc: 0.44353518821603927]
L000449 | 
L000450-L000465 | [REDACTED: batch progress and internal diagnostics]
L000466 | [Epoch 15] [Time: 2.73]
L000467 | [Train Loss: 0.9734]
L000468 | [Train F1: 0.5918550471899685]
L000469 | [Train Acc: 0.6066551259857665]
L000470 | [Dev Loss: 1.3585]
L000471 | [Dev F1: 0.35995767366451387]
L000472 | [Dev Acc: 0.4075286415711948]
L000473 | 
L000474-L000489 | [REDACTED: batch progress and internal diagnostics]
L000490 | [Epoch 16] [Time: 2.63]
L000491 | [Train Loss: 0.976]
L000492 | [Train F1: 0.5748863449981192]
L000493 | [Train Acc: 0.5766493556453164]
L000494 | [Dev Loss: 1.2786]
L000495 | [Dev F1: 0.3959835319934459]
L000496 | [Dev Acc: 0.4337152209492635]
L000497 | 
L000498-L000513 | [REDACTED: batch progress and internal diagnostics]
L000514 | [Epoch 17] [Time: 2.61]
L000515 | [Train Loss: 0.9497]
L000516 | [Train F1: 0.5970211745913173]
L000517 | [Train Acc: 0.6028082323523755]
L000518 | [Dev Loss: 1.3319]
L000519 | [Dev F1: 0.39700596753347495]
L000520 | [Dev Acc: 0.4337152209492635]
L000521 | 
L000522-L000537 | [REDACTED: batch progress and internal diagnostics]
L000538 | [Epoch 18] [Time: 2.70]
L000539 | [Train Loss: 0.9427]
L000540 | [Train F1: 0.6033650713077564]
L000541 | [Train Acc: 0.6060780919407578]
L000542 | [Dev Loss: 1.3074]
L000543 | [Dev F1: 0.39726843500302145]
L000544 | [Dev Acc: 0.44353518821603927]
L000545 | 
L000546-L000561 | [REDACTED: batch progress and internal diagnostics]
L000562 | [Epoch 19] [Time: 2.54]
L000563 | [Train Loss: 0.9489]
L000564 | [Train F1: 0.5978827614782322]
L000565 | [Train Acc: 0.6089632621658011]
L000566 | [Dev Loss: 1.3964]
L000567 | [Dev F1: 0.3387329449428209]
L000568 | [Dev Acc: 0.3829787234042553]
L000569 | 
L000570-L000585 | [REDACTED: batch progress and internal diagnostics]
L000586 | [Epoch 20] [Time: 2.78]
L000587 | [Train Loss: 0.9474]
L000588 | [Train F1: 0.6069971126898424]
L000589 | [Train Acc: 0.6122331217541835]
L000590 | [Dev Loss: 1.3237]
L000591 | [Dev F1: 0.3435482930617856]
L000592 | [Dev Acc: 0.37643207855973815]
L000593 | 
L000594-L000609 | [REDACTED: batch progress and internal diagnostics]
L000610 | [Epoch 21] [Time: 2.60]
L000611 | [Train Loss: 0.9274]
L000612 | [Train F1: 0.6003566073658452]
L000613 | [Train Acc: 0.6043469898057319]
L000614 | [Dev Loss: 1.3224]
L000615 | [Dev F1: 0.3399059870886024]
L000616 | [Dev Acc: 0.3960720130932897]
L000617 | 
L000618-L000633 | [REDACTED: batch progress and internal diagnostics]
L000634 | [Epoch 22] [Time: 2.77]
L000635 | [Train Loss: 0.9121]
L000636 | [Train F1: 0.609852262024841]
L000637 | [Train Acc: 0.6164647047509136]
L000638 | [Dev Loss: 1.2738]
L000639 | [Dev F1: 0.35511315555781614]
L000640 | [Dev Acc: 0.39279869067103107]
L000641 | 
L000642-L000657 | [REDACTED: batch progress and internal diagnostics]
L000658 | [Epoch 23] [Time: 2.77]
L000659 | [Train Loss: 0.9093]
L000660 | [Train F1: 0.612614526243766]
L000661 | [Train Acc: 0.6155029813425659]
L000662 | [Dev Loss: 1.2828]
L000663 | [Dev F1: 0.38802685821716776]
L000664 | [Dev Acc: 0.4353518821603928]
L000665 | 
L000666-L000681 | [REDACTED: batch progress and internal diagnostics]
L000682 | [Epoch 24] [Time: 2.68]
L000683 | [Train Loss: 0.898]
L000684 | [Train F1: 0.6075323460995384]
L000685 | [Train Acc: 0.6108867089824966]
L000686 | [Dev Loss: 1.3556]
L000687 | [Dev F1: 0.37811348356481955]
L000688 | [Dev Acc: 0.44189852700491]
L000689 | 
L000690-L000705 | [REDACTED: batch progress and internal diagnostics]
L000706 | [Epoch 25] [Time: 2.75]
L000707 | [Train Loss: 0.8949]
L000708 | [Train F1: 0.6182646399596313]
L000709 | [Train Acc: 0.6210809771109829]
L000710 | [Dev Loss: 1.2623]
L000711 | [Dev F1: 0.3596881608510381]
L000712 | [Dev Acc: 0.40098199672667756]
L000713 | 
L000714-L000729 | [REDACTED: batch progress and internal diagnostics]
L000730 | [Epoch 26] [Time: 2.76]
L000731 | [Train Loss: 0.8939]
L000732 | [Train F1: 0.6216557763709771]
L000733 | [Train Acc: 0.6243508366993653]
L000734 | [Dev Loss: 1.2958]
L000735 | [Dev F1: 0.3773718197657715]
L000736 | [Dev Acc: 0.4238952536824877]
L000737 | 
L000738-L000753 | [REDACTED: batch progress and internal diagnostics]
L000754 | [Epoch 27] [Time: 2.61]
L000755 | [Train Loss: 0.8914]
L000756 | [Train F1: 0.6183164751208717]
L000757 | [Train Acc: 0.6241584920176957]
L000758 | [Dev Loss: 1.3186]
L000759 | [Dev F1: 0.3421631590748004]
L000760 | [Dev Acc: 0.3944353518821604]
L000761 | 
L000762-L000777 | [REDACTED: batch progress and internal diagnostics]
L000778 | [Epoch 28] [Time: 2.69]
L000779 | [Train Loss: 0.8883]
L000780 | [Train F1: 0.6173724940954042]
L000781 | [Train Acc: 0.6189651856126178]
L000782 | [Dev Loss: 1.2781]
L000783 | [Dev F1: 0.3763799465926906]
L000784 | [Dev Acc: 0.4157119476268412]
L000785 | 
L000786-L000801 | [REDACTED: batch progress and internal diagnostics]
L000802 | [Epoch 29] [Time: 2.69]
L000803 | [Train Loss: 0.8792]
L000804 | [Train F1: 0.6108858879689143]
L000805 | [Train Acc: 0.6183881515676092]
L000806 | [Dev Loss: 1.2449]
L000807 | [Dev F1: 0.4052720403124967]
L000808 | [Dev Acc: 0.44189852700491]
L000809 | 
L000810-L000825 | [REDACTED: batch progress and internal diagnostics]
L000826 | [Epoch 30] [Time: 2.81]
L000827 | [Train Loss: 0.8856]
L000828 | [Train F1: 0.6138021237296369]
L000829 | [Train Acc: 0.6166570494325831]
L000830 | [Dev Loss: 1.2867]
L000831 | [Dev F1: 0.3730174994806834]
L000832 | [Dev Acc: 0.41407528641571195]
L000833 | 
L000834-L000849 | [REDACTED: batch progress and internal diagnostics]
L000850 | [Epoch 31] [Time: 2.91]
L000851 | [Train Loss: 0.8757]
L000852 | [Train F1: 0.6232081575488424]
L000853 | [Train Acc: 0.6264666281977304]
L000854 | [Dev Loss: 1.3054]
L000855 | [Dev F1: 0.34480577339556795]
L000856 | [Dev Acc: 0.40098199672667756]
L000857 | 
L000858-L000873 | [REDACTED: batch progress and internal diagnostics]
L000874 | [Epoch 32] [Time: 2.68]
L000875 | [Train Loss: 0.8708]
L000876 | [Train F1: 0.622048105710589]
L000877 | [Train Acc: 0.624927870744374]
L000878 | [Dev Loss: 1.2052]
L000879 | [Dev F1: 0.4309775571233979]
L000880 | [Dev Acc: 0.46808510638297873]
L000881 | 
L000882-L000897 | [REDACTED: batch progress and internal diagnostics]
L000898 | [Epoch 33] [Time: 2.66]
L000899 | [Train Loss: 0.8682]
L000900 | [Train F1: 0.6242736377959198]
L000901 | [Train Acc: 0.6260819388343912]
L000902 | [Dev Loss: 1.2443]
L000903 | [Dev F1: 0.39437824341940103]
L000904 | [Dev Acc: 0.4320785597381342]
L000905 | 
L000906-L000921 | [REDACTED: batch progress and internal diagnostics]
L000922 | [Epoch 34] [Time: 2.69]
L000923 | [Train Loss: 0.8642]
L000924 | [Train F1: 0.6301343974280202]
L000925 | [Train Acc: 0.6351221388728602]
L000926 | [Dev Loss: 1.2392]
L000927 | [Dev F1: 0.4368090678106885]
L000928 | [Dev Acc: 0.45499181669394434]
L000929 | 
L000930-L000945 | [REDACTED: batch progress and internal diagnostics]
L000946 | [Epoch 35] [Time: 2.75]
L000947 | [Train Loss: 0.8442]
L000948 | [Train F1: 0.6316011589751271]
L000949 | [Train Acc: 0.6333910367378341]
L000950 | [Dev Loss: 1.2415]
L000951 | [Dev F1: 0.39976277002551674]
L000952 | [Dev Acc: 0.45662847790507366]
L000953 | 
L000954-L000969 | [REDACTED: batch progress and internal diagnostics]
L000970 | [Epoch 36] [Time: 2.61]
L000971 | [Train Loss: 0.8401]
L000972 | [Train F1: 0.63848101161246]
L000973 | [Train Acc: 0.6424312367763031]
L000974 | [Dev Loss: 1.2297]
L000975 | [Dev F1: 0.4598141680146729]
L000976 | [Dev Acc: 0.47299509001636664]
L000977 | 
L000978-L000993 | [REDACTED: batch progress and internal diagnostics]
L000994 | [Epoch 37] [Time: 2.88]
L000995 | [Train Loss: 0.8603]
L000996 | [Train F1: 0.6249056194000325]
L000997 | [Train Acc: 0.6274283516060781]
L000998 | [Dev Loss: 1.2451]
L000999 | [Dev F1: 0.4078945044728284]
L001000 | [Dev Acc: 0.44189852700491]
L001001 | 
L001002-L001017 | [REDACTED: batch progress and internal diagnostics]
L001018 | [Epoch 38] [Time: 2.82]
L001019 | [Train Loss: 0.8573]
L001020 | [Train F1: 0.621442217776195]
L001021 | [Train Acc: 0.6274283516060781]
L001022 | [Dev Loss: 1.2753]
L001023 | [Dev F1: 0.3906937829301355]
L001024 | [Dev Acc: 0.4533551554828151]
L001025 | 
L001026-L001041 | [REDACTED: batch progress and internal diagnostics]
L001042 | [Epoch 39] [Time: 2.72]
L001043 | [Train Loss: 0.8435]
L001044 | [Train F1: 0.6303822320282024]
L001045 | [Train Acc: 0.6335833814195038]
L001046 | [Dev Loss: 1.2235]
L001047 | [Dev F1: 0.41307172081934784]
L001048 | [Dev Acc: 0.44189852700491]
L001049 | 
L001050-L001065 | [REDACTED: batch progress and internal diagnostics]
L001066 | [Epoch 40] [Time: 2.74]
L001067 | [Train Loss: 0.8349]
L001068 | [Train F1: 0.6319603558060063]
L001069 | [Train Acc: 0.6353144835545297]
L001070 | [Dev Loss: 1.2394]
L001071 | [Dev F1: 0.38269143841169145]
L001072 | [Dev Acc: 0.4337152209492635]
L001073 | 
L001074-L001089 | [REDACTED: batch progress and internal diagnostics]
L001090 | [Epoch 41] [Time: 2.72]
L001091 | [Train Loss: 0.8326]
L001092 | [Train F1: 0.6383281395258384]
L001093 | [Train Acc: 0.6401231005962685]
L001094 | [Dev Loss: 1.2698]
L001095 | [Dev F1: 0.399474172730921]
L001096 | [Dev Acc: 0.45990180032733224]
L001097 | 
L001098-L001113 | [REDACTED: batch progress and internal diagnostics]
L001114 | [Epoch 42] [Time: 2.51]
L001115 | [Train Loss: 0.836]
L001116 | [Train F1: 0.6369907668085414]
L001117 | [Train Acc: 0.640315445277938]
L001118 | [Dev Loss: 1.2222]
L001119 | [Dev F1: 0.41369484570254583]
L001120 | [Dev Acc: 0.44353518821603927]
L001121 | 
L001122-L001137 | [REDACTED: batch progress and internal diagnostics]
L001138 | [Epoch 43] [Time: 2.70]
L001139 | [Train Loss: 0.8386]
L001140 | [Train F1: 0.6322089468962382]
L001141 | [Train Acc: 0.6353144835545297]
L001142 | [Dev Loss: 1.2665]
L001143 | [Dev F1: 0.37397811049959506]
L001144 | [Dev Acc: 0.4386252045826514]
L001145 | 
L001146-L001161 | [REDACTED: batch progress and internal diagnostics]
L001162 | [Epoch 44] [Time: 2.51]
L001163 | [Train Loss: 0.8398]
L001164 | [Train F1: 0.6335519143748091]
L001165 | [Train Acc: 0.6358915175995383]
L001166 | [Dev Loss: 1.2442]
L001167 | [Dev F1: 0.4213945870322665]
L001168 | [Dev Acc: 0.4664484451718494]
L001169 | 
L001170-L001185 | [REDACTED: batch progress and internal diagnostics]
L001186 | [Epoch 45] [Time: 2.91]
L001187 | [Train Loss: 0.8471]
L001188 | [Train F1: 0.6335294691418613]
L001189 | [Train Acc: 0.6353144835545297]
L001190 | [Dev Loss: 1.2657]
L001191 | [Dev F1: 0.367159934617789]
L001192 | [Dev Acc: 0.44189852700491]
L001193 | 
L001194-L001209 | [REDACTED: batch progress and internal diagnostics]
L001210 | [Epoch 46] [Time: 2.55]
L001211 | [Train Loss: 0.8502]
L001212 | [Train F1: 0.6213296319917043]
L001213 | [Train Acc: 0.6268513175610695]
L001214 | [Dev Loss: 1.2394]
L001215 | [Dev F1: 0.39398692823565534]
L001216 | [Dev Acc: 0.44680851063829785]
L001217 | 
L001218-L001233 | [REDACTED: batch progress and internal diagnostics]
L001234 | [Epoch 47] [Time: 2.67]
L001235 | [Train Loss: 0.8274]
L001236 | [Train F1: 0.6367548624154278]
L001237 | [Train Acc: 0.6391613771879208]
L001238 | [Dev Loss: 1.1794]
L001239 | [Dev F1: 0.41534581678908433]
L001240 | [Dev Acc: 0.45662847790507366]
L001241 | 
L001242-L001257 | [REDACTED: batch progress and internal diagnostics]
L001258 | [Epoch 48] [Time: 2.68]
L001259 | [Train Loss: 0.8418]
L001260 | [Train F1: 0.635329383672263]
L001261 | [Train Acc: 0.638199653779573]
L001262 | [Dev Loss: 1.2107]
L001263 | [Dev F1: 0.41607272614741325]
L001264 | [Dev Acc: 0.45990180032733224]
L001265 | 
L001266-L001281 | [REDACTED: batch progress and internal diagnostics]
L001282 | [Epoch 49] [Time: 2.65]
L001283 | [Train Loss: 0.8311]
L001284 | [Train F1: 0.6364746246195296]
L001285 | [Train Acc: 0.6372379303712252]
L001286 | [Dev Loss: 1.2021]
L001287 | [Dev F1: 0.4370160056478496]
L001288 | [Dev Acc: 0.4844517184942717]
L001289 | 
L001290-L001305 | [REDACTED: batch progress and internal diagnostics]
L001306 | [Epoch 50] [Time: 2.81]
L001307 | [Train Loss: 0.8174]
L001308 | [Train F1: 0.6414099432577477]
L001309 | [Train Acc: 0.6447393729563378]
L001310 | [Dev Loss: 1.222]
L001311 | [Dev F1: 0.42885235651193104]
L001312 | [Dev Acc: 0.46481178396072015]
L001313 | 
L001314-L001329 | [REDACTED: batch progress and internal diagnostics]
L001330 | [Epoch 51] [Time: 2.66]
L001331 | [Train Loss: 0.8132]
L001332 | [Train F1: 0.6450368126601652]
L001333 | [Train Acc: 0.6472398538180419]
L001334 | [Dev Loss: 1.1908]
L001335 | [Dev F1: 0.45276059277367886]
L001336 | [Dev Acc: 0.4795417348608838]
L001337 | 
L001338-L001353 | [REDACTED: batch progress and internal diagnostics]
L001354 | [Epoch 52] [Time: 2.85]
L001355 | [Train Loss: 0.8198]
L001356 | [Train F1: 0.6384763224818645]
L001357 | [Train Acc: 0.6399307559145989]
L001358 | [Dev Loss: 1.2387]
L001359 | [Dev F1: 0.40603412613305456]
L001360 | [Dev Acc: 0.4533551554828151]
L001361 | 
L001362-L001377 | [REDACTED: batch progress and internal diagnostics]
L001378 | [Epoch 53] [Time: 2.91]
L001379 | [Train Loss: 0.8091]
L001380 | [Train F1: 0.6381476160320608]
L001381 | [Train Acc: 0.6420465474129641]
L001382 | [Dev Loss: 1.1255]
L001383 | [Dev F1: 0.4580532036785109]
L001384 | [Dev Acc: 0.4959083469721768]
L001385 | 
L001386-L001401 | [REDACTED: batch progress and internal diagnostics]
L001402 | [Epoch 54] [Time: 2.87]
L001403 | [Train Loss: 0.8114]
L001404 | [Train F1: 0.6467235249577469]
L001405 | [Train Acc: 0.6501250240430853]
L001406 | [Dev Loss: 1.1735]
L001407 | [Dev F1: 0.4597260701113067]
L001408 | [Dev Acc: 0.5057283142389526]
L001409 | 
L001410-L001425 | [REDACTED: batch progress and internal diagnostics]
L001426 | [Epoch 55] [Time: 2.68]
L001427 | [Train Loss: 0.8023]
L001428 | [Train F1: 0.6431406124707814]
L001429 | [Train Acc: 0.6447393729563378]
L001430 | [Dev Loss: 1.2074]
L001431 | [Dev F1: 0.4004529258014331]
L001432 | [Dev Acc: 0.44189852700491]
L001433 | 
L001434-L001449 | [REDACTED: batch progress and internal diagnostics]
L001450 | [Epoch 56] [Time: 2.82]
L001451 | [Train Loss: 0.8007]
L001452 | [Train F1: 0.6404366531320418]
L001453 | [Train Acc: 0.6422388920946336]
L001454 | [Dev Loss: 1.2716]
L001455 | [Dev F1: 0.4187827713820804]
L001456 | [Dev Acc: 0.4533551554828151]
L001457 | 
L001458-L001473 | [REDACTED: batch progress and internal diagnostics]
L001474 | [Epoch 57] [Time: 2.65]
L001475 | [Train Loss: 0.797]
L001476 | [Train F1: 0.6490109062885628]
L001477 | [Train Acc: 0.651086747451433]
L001478 | [Dev Loss: 1.2071]
L001479 | [Dev F1: 0.3796957526214598]
L001480 | [Dev Acc: 0.4451718494271686]
L001481 | 
L001482-L001497 | [REDACTED: batch progress and internal diagnostics]
L001498 | [Epoch 58] [Time: 2.73]
L001499 | [Train Loss: 0.7897]
L001500 | [Train F1: 0.6478340795848407]
L001501 | [Train Acc: 0.6497403346797461]
L001502 | [Dev Loss: 1.2203]
L001503 | [Dev F1: 0.40122116260185503]
L001504 | [Dev Acc: 0.45662847790507366]
L001505 | 
L001506-L001521 | [REDACTED: batch progress and internal diagnostics]
L001522 | [Epoch 59] [Time: 2.82]
L001523 | [Train Loss: 0.8013]
L001524 | [Train F1: 0.6477376786114295]
L001525 | [Train Acc: 0.6501250240430853]
L001526 | [Dev Loss: 1.204]
L001527 | [Dev F1: 0.43281048435425695]
L001528 | [Dev Acc: 0.4664484451718494]
L001529 | 
L001530-L001545 | [REDACTED: batch progress and internal diagnostics]
L001546 | [Epoch 60] [Time: 2.66]
L001547 | [Train Loss: 0.7975]
L001548 | [Train F1: 0.651588348744475]
L001549 | [Train Acc: 0.6537795729948067]
L001550 | [Dev Loss: 1.2504]
L001551 | [Dev F1: 0.3879956063324067]
L001552 | [Dev Acc: 0.45662847790507366]
L001553 | 
L001554-L001569 | [REDACTED: batch progress and internal diagnostics]
L001570 | [Epoch 61] [Time: 2.72]
L001571 | [Train Loss: 0.7885]
L001572 | [Train F1: 0.648867648113044]
L001573 | [Train Acc: 0.649355645316407]
L001574 | [Dev Loss: 1.2399]
L001575 | [Dev F1: 0.4352827927277441]
L001576 | [Dev Acc: 0.486088379705401]
L001577 | 
L001578-L001593 | [REDACTED: batch progress and internal diagnostics]
L001594 | [Epoch 62] [Time: 2.73]
L001595 | [Train Loss: 0.799]
L001596 | [Train F1: 0.6477374900019854]
L001597 | [Train Acc: 0.6516637814964417]
L001598 | [Dev Loss: 1.29]
L001599 | [Dev F1: 0.40165076837131414]
L001600 | [Dev Acc: 0.45171849427168576]
L001601 | 
L001602-L001617 | [REDACTED: batch progress and internal diagnostics]
L001618 | [Epoch 63] [Time: 2.74]
L001619 | [Train Loss: 0.7936]
L001620 | [Train F1: 0.6488086652634442]
L001621 | [Train Acc: 0.6503173687247548]
L001622 | [Dev Loss: 1.2051]
L001623 | [Dev F1: 0.43845535551031306]
L001624 | [Dev Acc: 0.486088379705401]
L001625 | 
L001626-L001641 | [REDACTED: batch progress and internal diagnostics]
L001642 | [Epoch 64] [Time: 2.79]
L001643 | [Train Loss: 0.7835]
L001644 | [Train F1: 0.6523457973185388]
L001645 | [Train Acc: 0.6553183304481631]
L001646 | [Dev Loss: 1.22]
L001647 | [Dev F1: 0.41445699486505827]
L001648 | [Dev Acc: 0.4713584288052373]
L001649 | 
L001650-L001665 | [REDACTED: batch progress and internal diagnostics]
L001666 | [Epoch 65] [Time: 2.67]
L001667 | [Train Loss: 0.7871]
L001668 | [Train F1: 0.6552434207735234]
L001669 | [Train Acc: 0.6568570879015195]
L001670 | [Dev Loss: 1.246]
L001671 | [Dev F1: 0.41060021182415357]
L001672 | [Dev Acc: 0.45171849427168576]
L001673 | 
L001674-L001689 | [REDACTED: batch progress and internal diagnostics]
L001690 | [Epoch 66] [Time: 2.74]
L001691 | [Train Loss: 0.7793]
L001692 | [Train F1: 0.6554361678852015]
L001693 | [Train Acc: 0.6585881900365455]
L001694 | [Dev Loss: 1.2693]
L001695 | [Dev F1: 0.41280388012100244]
L001696 | [Dev Acc: 0.469721767594108]
L001697 | 
L001698-L001713 | [REDACTED: batch progress and internal diagnostics]
L001714 | [Epoch 67] [Time: 2.71]
L001715 | [Train Loss: 0.7866]
L001716 | [Train F1: 0.655402826743069]
L001717 | [Train Acc: 0.657049432583189]
L001718 | [Dev Loss: 1.2431]
L001719 | [Dev F1: 0.43388860095901555]
L001720 | [Dev Acc: 0.4844517184942717]
L001721 | 
L001722-L001737 | [REDACTED: batch progress and internal diagnostics]
L001738 | [Epoch 68] [Time: 2.68]
L001739 | [Train Loss: 0.7829]
L001740 | [Train F1: 0.6522342708831911]
L001741 | [Train Acc: 0.6545489517214849]
L001742 | [Dev Loss: 1.1894]
L001743 | [Dev F1: 0.43527314547502877]
L001744 | [Dev Acc: 0.48936170212765956]
L001745 | 
L001746-L001761 | [REDACTED: batch progress and internal diagnostics]
L001762 | [Epoch 69] [Time: 2.73]
L001763 | [Train Loss: 0.7799]
L001764 | [Train F1: 0.6531287558114767]
L001765 | [Train Acc: 0.6547412964031545]
L001766 | [Dev Loss: 1.2308]
L001767 | [Dev F1: 0.41691465490623436]
L001768 | [Dev Acc: 0.47299509001636664]
L001769 | 
L001770-L001785 | [REDACTED: batch progress and internal diagnostics]
L001786 | [Epoch 70] [Time: 2.62]
L001787 | [Train Loss: 0.7846]
L001788 | [Train F1: 0.6545428331722716]
L001789 | [Train Acc: 0.6564723985381804]
L001790 | [Dev Loss: 1.2739]
L001791 | [Dev F1: 0.4584138044176925]
L001792 | [Dev Acc: 0.49427168576104746]
L001793 | 
L001794-L001809 | [REDACTED: batch progress and internal diagnostics]
L001810 | [Epoch 71] [Time: 2.74]
L001811 | [Train Loss: 0.7799]
L001812 | [Train F1: 0.6586630974058576]
L001813 | [Train Acc: 0.6591652240815541]
L001814 | [Dev Loss: 1.2537]
L001815 | [Dev F1: 0.42451593955010003]
L001816 | [Dev Acc: 0.46153846153846156]
L001817 | 
L001818-L001833 | [REDACTED: batch progress and internal diagnostics]
L001834 | [Epoch 72] [Time: 2.81]
L001835 | [Train Loss: 0.7772]
L001836 | [Train F1: 0.6557070437433414]
L001837 | [Train Acc: 0.6587805347182151]
L001838 | [Dev Loss: 1.2232]
L001839 | [Dev F1: 0.4465862573744966]
L001840 | [Dev Acc: 0.49754500818330605]
L001841 | 
L001842-L001857 | [REDACTED: batch progress and internal diagnostics]
L001858 | [Epoch 73] [Time: 2.70]
L001859 | [Train Loss: 0.7869]
L001860 | [Train F1: 0.6606148562391377]
L001861 | [Train Acc: 0.6630121177149452]
L001862 | [Dev Loss: 1.2094]
L001863 | [Dev F1: 0.44175236945441404]
L001864 | [Dev Acc: 0.48936170212765956]
L001865 | 
L001866-L001881 | [REDACTED: batch progress and internal diagnostics]
L001882 | [Epoch 74] [Time: 2.67]
L001883 | [Train Loss: 0.7663]
L001884 | [Train F1: 0.6598241500257869]
L001885 | [Train Acc: 0.6616657049432583]
L001886 | [Dev Loss: 1.2295]
L001887 | [Dev F1: 0.452841794105377]
L001888 | [Dev Acc: 0.5057283142389526]
L001889 | 
L001890-L001905 | [REDACTED: batch progress and internal diagnostics]
L001906 | [Epoch 75] [Time: 2.73]
L001907 | [Train Loss: 0.7697]
L001908 | [Train F1: 0.6574664489518943]
L001909 | [Train Acc: 0.6583958453548759]
L001910 | [Dev Loss: 1.1884]
L001911 | [Dev F1: 0.4454685014536637]
L001912 | [Dev Acc: 0.49427168576104746]
L001913 | 
L001914-L001929 | [REDACTED: batch progress and internal diagnostics]
L001930 | [Epoch 76] [Time: 2.72]
L001931 | [Train Loss: 0.7636]
L001932 | [Train F1: 0.6630479386098366]
L001933 | [Train Acc: 0.6662819773033276]
L001934 | [Dev Loss: 1.2028]
L001935 | [Dev F1: 0.44651710856288607]
L001936 | [Dev Acc: 0.4909983633387889]
L001937 | Early stopping at epoch: 76
L001938 | Last model
L001939 |               precision    recall  f1-score   support
L001940 | 
L001941 |          hap     0.5556    0.4514    0.4981       144
L001942 |          sad     0.8289    0.6327    0.7176       245
L001943 |          neu     0.5749    0.6198    0.5965       384
L001944 |          ang     0.7000    0.5353    0.6067       170
L001945 |          exc     0.7045    0.7893    0.7445       299
L001946 |          fru     0.5364    0.6194    0.5749       381
L001947 | 
L001948 |     accuracy                         0.6291      1623
L001949 |    macro avg     0.6500    0.6080    0.6230      1623
L001950 | weighted avg     0.6394    0.6291    0.6293      1623
L001951 | 
L001952 | Best model at epoch: 36
L001953 | Best dev F1: 0.4598141680146729
L001954 |               precision    recall  f1-score   support
L001955 | 
L001956 |          hap     0.6000    0.4375    0.5060       144
L001957 |          sad     0.8041    0.6367    0.7107       245
L001958 |          neu     0.5913    0.5990    0.5951       384
L001959 |          ang     0.6573    0.5529    0.6006       170
L001960 |          exc     0.6752    0.8829    0.7652       299
L001961 |          fru     0.5362    0.5643    0.5499       381
L001962 | 
L001963 |     accuracy                         0.6297      1623
L001964 |    macro avg     0.6440    0.6122    0.6213      1623
L001965 | weighted avg     0.6336    0.6297    0.6259      1623
L001966 | 
L001967 | Best test F1: 0.625947425424381
L001968 | Best test Acc: 0.62969808995687
L001969 | [SANITIZED] Saved checkpoint: [path and filename removed]
