# Redacted copy of an existing run log.
# run_id: G01-seed2
# dataset: IEMOCAP
# model: GCNet+AMBER
# imr: (0.3,0.5,0.7)
# seed_alias: seed2
# original_log_sha256: a6e19ee6fa01889238076e51226663cd885da28f2add2b7495ddd2a643d42665
# source_record_status: ok
# source_record_process_return_code: 3221226505
# L numbers refer to source logical lines; REDACTED/SANITIZED text is editorial.
L000001-L000005 | [REDACTED: configuration or implementation details]
L000006 | [SANITIZED] FutureWarning: [dependency deprecation notice; implementation details removed]
L000007-L000068 | [REDACTED: configuration or implementation details]
L000069 | [SANITIZED] Seed alias: seed2
L000070 | [REDACTED: configuration or implementation details]
L000071 | 
L000072-L000073 | [REDACTED: batch progress and internal diagnostics]
L000074 | 
L000075-L000076 | [REDACTED: batch progress and internal diagnostics]
L000077 | 
L000078-L000079 | [REDACTED: batch progress and internal diagnostics]
L000080-L000083 | [REDACTED: configuration or implementation details]
L000084 | [SANITIZED] Seed alias: seed2
L000085-L000088 | [REDACTED: configuration or implementation details]
L000089 | 
L000090-L000105 | [REDACTED: batch progress and internal diagnostics]
L000106 | [Epoch 0] [Time: 3.17]
L000107 | [Train Loss: 1.7209]
L000108 | [Train F1: 0.2676909018923277]
L000109 | [Train Acc: 0.3146758992113868]
L000110 | [Dev Loss: 1.6525]
L000111 | [Dev F1: 0.16715083359521835]
L000112 | [Dev Acc: 0.2896890343698854]
L000113 | 
L000114-L000129 | [REDACTED: batch progress and internal diagnostics]
L000130 | [Epoch 1] [Time: 2.72]
L000131 | [Train Loss: 1.472]
L000132 | [Train F1: 0.330367976624507]
L000133 | [Train Acc: 0.4021927293710329]
L000134 | [Dev Loss: 1.5601]
L000135 | [Dev F1: 0.24832187265145442]
L000136 | [Dev Acc: 0.36661211129296234]
L000137 | 
L000138-L000153 | [REDACTED: batch progress and internal diagnostics]
L000154 | [Epoch 2] [Time: 2.76]
L000155 | [Train Loss: 1.293]
L000156 | [Train F1: 0.4342462419507213]
L000157 | [Train Acc: 0.48066935949221]
L000158 | [Dev Loss: 1.441]
L000159 | [Dev F1: 0.30054439979785635]
L000160 | [Dev Acc: 0.3698854337152209]
L000161 | 
L000162-L000177 | [REDACTED: batch progress and internal diagnostics]
L000178 | [Epoch 3] [Time: 2.72]
L000179 | [Train Loss: 1.1934]
L000180 | [Train F1: 0.48063487135296035]
L000181 | [Train Acc: 0.5299095979996153]
L000182 | [Dev Loss: 1.4236]
L000183 | [Dev F1: 0.3356173351337436]
L000184 | [Dev Acc: 0.42225859247135844]
L000185 | 
L000186-L000201 | [REDACTED: batch progress and internal diagnostics]
L000202 | [Epoch 4] [Time: 2.68]
L000203 | [Train Loss: 1.1514]
L000204 | [Train F1: 0.49716634122171627]
L000205 | [Train Acc: 0.5276014618195807]
L000206 | [Dev Loss: 1.3414]
L000207 | [Dev F1: 0.365471522306132]
L000208 | [Dev Acc: 0.41080196399345337]
L000209 | 
L000210-L000225 | [REDACTED: batch progress and internal diagnostics]
L000226 | [Epoch 5] [Time: 2.81]
L000227 | [Train Loss: 1.1366]
L000228 | [Train F1: 0.5121058337206408]
L000229 | [Train Acc: 0.5266397384112329]
L000230 | [Dev Loss: 1.3821]
L000231 | [Dev F1: 0.3266671681998667]
L000232 | [Dev Acc: 0.37315875613747956]
L000233 | 
L000234-L000249 | [REDACTED: batch progress and internal diagnostics]
L000250 | [Epoch 6] [Time: 2.76]
L000251 | [Train Loss: 1.1107]
L000252 | [Train F1: 0.5151085806602699]
L000253 | [Train Acc: 0.5389497980380843]
L000254 | [Dev Loss: 1.4387]
L000255 | [Dev F1: 0.35161380984818996]
L000256 | [Dev Acc: 0.39279869067103107]
L000257 | 
L000258-L000273 | [REDACTED: batch progress and internal diagnostics]
L000274 | [Epoch 7] [Time: 2.59]
L000275 | [Train Loss: 1.0866]
L000276 | [Train F1: 0.5443487165880927]
L000277 | [Train Acc: 0.5589536449317176]
L000278 | [Dev Loss: 1.4015]
L000279 | [Dev F1: 0.29440809711945015]
L000280 | [Dev Acc: 0.34206219312602293]
L000281 | 
L000282-L000297 | [REDACTED: batch progress and internal diagnostics]
L000298 | [Epoch 8] [Time: 2.79]
L000299 | [Train Loss: 1.0559]
L000300 | [Train F1: 0.543479150396988]
L000301 | [Train Acc: 0.5526062704366225]
L000302 | [Dev Loss: 1.3949]
L000303 | [Dev F1: 0.33823385027756775]
L000304 | [Dev Acc: 0.37315875613747956]
L000305 | 
L000306-L000321 | [REDACTED: batch progress and internal diagnostics]
L000322 | [Epoch 9] [Time: 2.71]
L000323 | [Train Loss: 1.0383]
L000324 | [Train F1: 0.5459449915345974]
L000325 | [Train Acc: 0.5691479130602038]
L000326 | [Dev Loss: 1.3496]
L000327 | [Dev F1: 0.3331448252858418]
L000328 | [Dev Acc: 0.3698854337152209]
L000329 | 
L000330-L000345 | [REDACTED: batch progress and internal diagnostics]
L000346 | [Epoch 10] [Time: 2.80]
L000347 | [Train Loss: 1.0203]
L000348 | [Train F1: 0.5741066828695455]
L000349 | [Train Acc: 0.5793421811886902]
L000350 | [Dev Loss: 1.3232]
L000351 | [Dev F1: 0.33124505846755076]
L000352 | [Dev Acc: 0.4157119476268412]
L000353 | 
L000354-L000369 | [REDACTED: batch progress and internal diagnostics]
L000370 | [Epoch 11] [Time: 2.60]
L000371 | [Train Loss: 1.0121]
L000372 | [Train F1: 0.5678322665544822]
L000373 | [Train Acc: 0.5789574918253511]
L000374 | [Dev Loss: 1.3024]
L000375 | [Dev F1: 0.4116602178869139]
L000376 | [Dev Acc: 0.45990180032733224]
L000377 | 
L000378-L000393 | [REDACTED: batch progress and internal diagnostics]
L000394 | [Epoch 12] [Time: 2.66]
L000395 | [Train Loss: 1.0011]
L000396 | [Train F1: 0.5743460241667893]
L000397 | [Train Acc: 0.5822273514137334]
L000398 | [Dev Loss: 1.3211]
L000399 | [Dev F1: 0.37018404276213157]
L000400 | [Dev Acc: 0.3993453355155483]
L000401 | 
L000402-L000417 | [REDACTED: batch progress and internal diagnostics]
L000418 | [Epoch 13] [Time: 2.75]
L000419 | [Train Loss: 0.9981]
L000420 | [Train F1: 0.5704103167051064]
L000421 | [Train Acc: 0.5810732833237161]
L000422 | [Dev Loss: 1.3415]
L000423 | [Dev F1: 0.3436005058706542]
L000424 | [Dev Acc: 0.4075286415711948]
L000425 | 
L000426-L000441 | [REDACTED: batch progress and internal diagnostics]
L000442 | [Epoch 14] [Time: 2.61]
L000443 | [Train Loss: 0.9847]
L000444 | [Train F1: 0.5861272591755854]
L000445 | [Train Acc: 0.5903058280438546]
L000446 | [Dev Loss: 1.3124]
L000447 | [Dev F1: 0.3863057848065949]
L000448 | [Dev Acc: 0.4206219312602291]
L000449 | 
L000450-L000465 | [REDACTED: batch progress and internal diagnostics]
L000466 | [Epoch 15] [Time: 2.81]
L000467 | [Train Loss: 0.9818]
L000468 | [Train F1: 0.5842817970691281]
L000469 | [Train Acc: 0.5983843046739757]
L000470 | [Dev Loss: 1.311]
L000471 | [Dev F1: 0.37940529436818404]
L000472 | [Dev Acc: 0.40916530278232405]
L000473 | 
L000474-L000489 | [REDACTED: batch progress and internal diagnostics]
L000490 | [Epoch 16] [Time: 2.68]
L000491 | [Train Loss: 0.9497]
L000492 | [Train F1: 0.6041902036843728]
L000493 | [Train Acc: 0.6064627813040969]
L000494 | [Dev Loss: 1.3025]
L000495 | [Dev F1: 0.4061416293252692]
L000496 | [Dev Acc: 0.4451718494271686]
L000497 | 
L000498-L000513 | [REDACTED: batch progress and internal diagnostics]
L000514 | [Epoch 17] [Time: 2.69]
L000515 | [Train Loss: 0.9495]
L000516 | [Train F1: 0.6041131745230175]
L000517 | [Train Acc: 0.610309674937488]
L000518 | [Dev Loss: 1.2977]
L000519 | [Dev F1: 0.36448108044636285]
L000520 | [Dev Acc: 0.3944353518821604]
L000521 | 
L000522-L000537 | [REDACTED: batch progress and internal diagnostics]
L000538 | [Epoch 18] [Time: 2.76]
L000539 | [Train Loss: 0.9557]
L000540 | [Train F1: 0.6059383746612778]
L000541 | [Train Acc: 0.6120407770725139]
L000542 | [Dev Loss: 1.3725]
L000543 | [Dev F1: 0.3578777755380407]
L000544 | [Dev Acc: 0.397708674304419]
L000545 | 
L000546-L000561 | [REDACTED: batch progress and internal diagnostics]
L000562 | [Epoch 19] [Time: 2.63]
L000563 | [Train Loss: 0.9319]
L000564 | [Train F1: 0.6094283791851179]
L000565 | [Train Acc: 0.6114637430275053]
L000566 | [Dev Loss: 1.2498]
L000567 | [Dev F1: 0.42538422507518353]
L000568 | [Dev Acc: 0.4451718494271686]
L000569 | 
L000570-L000585 | [REDACTED: batch progress and internal diagnostics]
L000586 | [Epoch 20] [Time: 2.74]
L000587 | [Train Loss: 0.9162]
L000588 | [Train F1: 0.6153066920999475]
L000589 | [Train Acc: 0.619734564339296]
L000590 | [Dev Loss: 1.3501]
L000591 | [Dev F1: 0.37239508263571985]
L000592 | [Dev Acc: 0.40098199672667756]
L000593 | 
L000594-L000609 | [REDACTED: batch progress and internal diagnostics]
L000610 | [Epoch 21] [Time: 2.58]
L000611 | [Train Loss: 0.9074]
L000612 | [Train F1: 0.6091630639691671]
L000613 | [Train Acc: 0.6128101557991922]
L000614 | [Dev Loss: 1.3254]
L000615 | [Dev F1: 0.41016403926364414]
L000616 | [Dev Acc: 0.42716857610474634]
L000617 | 
L000618-L000633 | [REDACTED: batch progress and internal diagnostics]
L000634 | [Epoch 22] [Time: 2.91]
L000635 | [Train Loss: 0.9143]
L000636 | [Train F1: 0.6143814984011605]
L000637 | [Train Acc: 0.6206962877476437]
L000638 | [Dev Loss: 1.3278]
L000639 | [Dev F1: 0.37223331650813185]
L000640 | [Dev Acc: 0.40916530278232405]
L000641 | 
L000642-L000657 | [REDACTED: batch progress and internal diagnostics]
L000658 | [Epoch 23] [Time: 2.69]
L000659 | [Train Loss: 0.907]
L000660 | [Train F1: 0.6217897383136858]
L000661 | [Train Acc: 0.6239661473360262]
L000662 | [Dev Loss: 1.3442]
L000663 | [Dev F1: 0.36748042772932743]
L000664 | [Dev Acc: 0.3895253682487725]
L000665 | 
L000666-L000681 | [REDACTED: batch progress and internal diagnostics]
L000682 | [Epoch 24] [Time: 2.61]
L000683 | [Train Loss: 0.8972]
L000684 | [Train F1: 0.6183183069577525]
L000685 | [Train Acc: 0.6226197345643393]
L000686 | [Dev Loss: 1.343]
L000687 | [Dev F1: 0.3790605348751662]
L000688 | [Dev Acc: 0.3993453355155483]
L000689 | 
L000690-L000705 | [REDACTED: batch progress and internal diagnostics]
L000706 | [Epoch 25] [Time: 2.76]
L000707 | [Train Loss: 0.8963]
L000708 | [Train F1: 0.6186209129922743]
L000709 | [Train Acc: 0.6226197345643393]
L000710 | [Dev Loss: 1.3165]
L000711 | [Dev F1: 0.3740616372568077]
L000712 | [Dev Acc: 0.40916530278232405]
L000713 | 
L000714-L000729 | [REDACTED: batch progress and internal diagnostics]
L000730 | [Epoch 26] [Time: 2.68]
L000731 | [Train Loss: 0.8922]
L000732 | [Train F1: 0.6190944485478981]
L000733 | [Train Acc: 0.6210809771109829]
L000734 | [Dev Loss: 1.2601]
L000735 | [Dev F1: 0.40450736816436994]
L000736 | [Dev Acc: 0.42716857610474634]
L000737 | 
L000738-L000753 | [REDACTED: batch progress and internal diagnostics]
L000754 | [Epoch 27] [Time: 2.67]
L000755 | [Train Loss: 0.8855]
L000756 | [Train F1: 0.6203424045051936]
L000757 | [Train Acc: 0.6243508366993653]
L000758 | [Dev Loss: 1.2773]
L000759 | [Dev F1: 0.38602011427399346]
L000760 | [Dev Acc: 0.42225859247135844]
L000761 | 
L000762-L000777 | [REDACTED: batch progress and internal diagnostics]
L000778 | [Epoch 28] [Time: 2.66]
L000779 | [Train Loss: 0.8766]
L000780 | [Train F1: 0.6239464884789914]
L000781 | [Train Acc: 0.6278130409694171]
L000782 | [Dev Loss: 1.2516]
L000783 | [Dev F1: 0.3529332404064483]
L000784 | [Dev Acc: 0.381342062193126]
L000785 | 
L000786-L000801 | [REDACTED: batch progress and internal diagnostics]
L000802 | [Epoch 29] [Time: 2.72]
L000803 | [Train Loss: 0.874]
L000804 | [Train F1: 0.6239351612793268]
L000805 | [Train Acc: 0.6260819388343912]
L000806 | [Dev Loss: 1.2864]
L000807 | [Dev F1: 0.4113041156475528]
L000808 | [Dev Acc: 0.4402618657937807]
L000809 | 
L000810-L000825 | [REDACTED: batch progress and internal diagnostics]
L000826 | [Epoch 30] [Time: 2.60]
L000827 | [Train Loss: 0.8697]
L000828 | [Train F1: 0.625344991514336]
L000829 | [Train Acc: 0.629159453741104]
L000830 | [Dev Loss: 1.3229]
L000831 | [Dev F1: 0.3617213836114962]
L000832 | [Dev Acc: 0.37152209492635024]
L000833 | 
L000834-L000849 | [REDACTED: batch progress and internal diagnostics]
L000850 | [Epoch 31] [Time: 2.69]
L000851 | [Train Loss: 0.8647]
L000852 | [Train F1: 0.620272383674585]
L000853 | [Train Acc: 0.6220427005193306]
L000854 | [Dev Loss: 1.365]
L000855 | [Dev F1: 0.3758875827386288]
L000856 | [Dev Acc: 0.4206219312602291]
L000857 | 
L000858-L000873 | [REDACTED: batch progress and internal diagnostics]
L000874 | [Epoch 32] [Time: 2.74]
L000875 | [Train Loss: 0.8576]
L000876 | [Train F1: 0.6228998536120324]
L000877 | [Train Acc: 0.624927870744374]
L000878 | [Dev Loss: 1.3296]
L000879 | [Dev F1: 0.39302270861668775]
L000880 | [Dev Acc: 0.42225859247135844]
L000881 | 
L000882-L000897 | [REDACTED: batch progress and internal diagnostics]
L000898 | [Epoch 33] [Time: 2.88]
L000899 | [Train Loss: 0.8623]
L000900 | [Train F1: 0.633969406262478]
L000901 | [Train Acc: 0.6351221388728602]
L000902 | [Dev Loss: 1.2673]
L000903 | [Dev F1: 0.3920996025446113]
L000904 | [Dev Acc: 0.41734860883797054]
L000905 | 
L000906-L000921 | [REDACTED: batch progress and internal diagnostics]
L000922 | [Epoch 34] [Time: 2.79]
L000923 | [Train Loss: 0.85]
L000924 | [Train F1: 0.6205823495514864]
L000925 | [Train Acc: 0.6266589728793999]
L000926 | [Dev Loss: 1.3178]
L000927 | [Dev F1: 0.39424399184824105]
L000928 | [Dev Acc: 0.4157119476268412]
L000929 | 
L000930-L000945 | [REDACTED: batch progress and internal diagnostics]
L000946 | [Epoch 35] [Time: 2.70]
L000947 | [Train Loss: 0.8502]
L000948 | [Train F1: 0.6336637765826111]
L000949 | [Train Acc: 0.6368532410078861]
L000950 | [Dev Loss: 1.2789]
L000951 | [Dev F1: 0.39803165474076413]
L000952 | [Dev Acc: 0.41243862520458263]
L000953 | 
L000954-L000969 | [REDACTED: batch progress and internal diagnostics]
L000970 | [Epoch 36] [Time: 2.82]
L000971 | [Train Loss: 0.8446]
L000972 | [Train F1: 0.6280800871534685]
L000973 | [Train Acc: 0.6297364877861127]
L000974 | [Dev Loss: 1.2715]
L000975 | [Dev F1: 0.4232612755236762]
L000976 | [Dev Acc: 0.44189852700491]
L000977 | 
L000978-L000993 | [REDACTED: batch progress and internal diagnostics]
L000994 | [Epoch 37] [Time: 2.69]
L000995 | [Train Loss: 0.8463]
L000996 | [Train F1: 0.6307625008373701]
L000997 | [Train Acc: 0.6331986920561646]
L000998 | [Dev Loss: 1.3545]
L000999 | [Dev F1: 0.3727831723094922]
L001000 | [Dev Acc: 0.4288052373158756]
L001001 | 
L001002-L001017 | [REDACTED: batch progress and internal diagnostics]
L001018 | [Epoch 38] [Time: 2.53]
L001019 | [Train Loss: 0.8495]
L001020 | [Train F1: 0.6273708837824112]
L001021 | [Train Acc: 0.6303135218311213]
L001022 | [Dev Loss: 1.299]
L001023 | [Dev F1: 0.41834367414631846]
L001024 | [Dev Acc: 0.4402618657937807]
L001025 | 
L001026-L001041 | [REDACTED: batch progress and internal diagnostics]
L001042 | [Epoch 39] [Time: 2.62]
L001043 | [Train Loss: 0.856]
L001044 | [Train F1: 0.6299923205796927]
L001045 | [Train Acc: 0.6331986920561646]
L001046 | [Dev Loss: 1.2617]
L001047 | [Dev F1: 0.3954351817167955]
L001048 | [Dev Acc: 0.41080196399345337]
L001049 | 
L001050-L001065 | [REDACTED: batch progress and internal diagnostics]
L001066 | [Epoch 40] [Time: 2.68]
L001067 | [Train Loss: 0.8479]
L001068 | [Train F1: 0.6257060170513293]
L001069 | [Train Acc: 0.627043662242739]
L001070 | [Dev Loss: 1.2587]
L001071 | [Dev F1: 0.4422755444555837]
L001072 | [Dev Acc: 0.46808510638297873]
L001073 | 
L001074-L001089 | [REDACTED: batch progress and internal diagnostics]
L001090 | [Epoch 41] [Time: 2.70]
L001091 | [Train Loss: 0.8577]
L001092 | [Train F1: 0.6226420635366555]
L001093 | [Train Acc: 0.6276206962877476]
L001094 | [Dev Loss: 1.318]
L001095 | [Dev F1: 0.4097924034419771]
L001096 | [Dev Acc: 0.4337152209492635]
L001097 | 
L001098-L001113 | [REDACTED: batch progress and internal diagnostics]
L001114 | [Epoch 42] [Time: 2.73]
L001115 | [Train Loss: 0.8483]
L001116 | [Train F1: 0.6345386701395642]
L001117 | [Train Acc: 0.6364685516445471]
L001118 | [Dev Loss: 1.3512]
L001119 | [Dev F1: 0.4000785378287805]
L001120 | [Dev Acc: 0.42716857610474634]
L001121 | 
L001122-L001137 | [REDACTED: batch progress and internal diagnostics]
L001138 | [Epoch 43] [Time: 2.71]
L001139 | [Train Loss: 0.8604]
L001140 | [Train F1: 0.6194143572196897]
L001141 | [Train Acc: 0.6218503558376611]
L001142 | [Dev Loss: 1.2755]
L001143 | [Dev F1: 0.4244931545665789]
L001144 | [Dev Acc: 0.4451718494271686]
L001145 | 
L001146-L001161 | [REDACTED: batch progress and internal diagnostics]
L001162 | [Epoch 44] [Time: 2.69]
L001163 | [Train Loss: 0.8403]
L001164 | [Train F1: 0.6317642883442097]
L001165 | [Train Acc: 0.6370455856895557]
L001166 | [Dev Loss: 1.249]
L001167 | [Dev F1: 0.38611190367459913]
L001168 | [Dev Acc: 0.397708674304419]
L001169 | 
L001170-L001185 | [REDACTED: batch progress and internal diagnostics]
L001186 | [Epoch 45] [Time: 2.78]
L001187 | [Train Loss: 0.8405]
L001188 | [Train F1: 0.6435228462540924]
L001189 | [Train Acc: 0.6453164070013464]
L001190 | [Dev Loss: 1.2329]
L001191 | [Dev F1: 0.4291416443625243]
L001192 | [Dev Acc: 0.4533551554828151]
L001193 | 
L001194-L001209 | [REDACTED: batch progress and internal diagnostics]
L001210 | [Epoch 46] [Time: 2.73]
L001211 | [Train Loss: 0.8289]
L001212 | [Train F1: 0.6391606411767797]
L001213 | [Train Acc: 0.6410848240046163]
L001214 | [Dev Loss: 1.2318]
L001215 | [Dev F1: 0.44576029276359763]
L001216 | [Dev Acc: 0.4762684124386252]
L001217 | 
L001218-L001233 | [REDACTED: batch progress and internal diagnostics]
L001234 | [Epoch 47] [Time: 2.77]
L001235 | [Train Loss: 0.8268]
L001236 | [Train F1: 0.6422595246974053]
L001237 | [Train Acc: 0.6445470282746683]
L001238 | [Dev Loss: 1.2512]
L001239 | [Dev F1: 0.3983662737988799]
L001240 | [Dev Acc: 0.42225859247135844]
L001241 | 
L001242-L001257 | [REDACTED: batch progress and internal diagnostics]
L001258 | [Epoch 48] [Time: 2.72]
L001259 | [Train Loss: 0.8304]
L001260 | [Train F1: 0.6395257213552548]
L001261 | [Train Acc: 0.6420465474129641]
L001262 | [Dev Loss: 1.2376]
L001263 | [Dev F1: 0.407338245712824]
L001264 | [Dev Acc: 0.425531914893617]
L001265 | 
L001266-L001281 | [REDACTED: batch progress and internal diagnostics]
L001282 | [Epoch 49] [Time: 2.98]
L001283 | [Train Loss: 0.824]
L001284 | [Train F1: 0.6410492617997072]
L001285 | [Train Acc: 0.6428159261396422]
L001286 | [Dev Loss: 1.262]
L001287 | [Dev F1: 0.41741945380998613]
L001288 | [Dev Acc: 0.44353518821603927]
L001289 | 
L001290-L001305 | [REDACTED: batch progress and internal diagnostics]
L001306 | [Epoch 50] [Time: 2.63]
L001307 | [Train Loss: 0.8152]
L001308 | [Train F1: 0.6518076782052296]
L001309 | [Train Acc: 0.6543566070398154]
L001310 | [Dev Loss: 1.2083]
L001311 | [Dev F1: 0.44529880434901437]
L001312 | [Dev Acc: 0.4795417348608838]
L001313 | 
L001314-L001329 | [REDACTED: batch progress and internal diagnostics]
L001330 | [Epoch 51] [Time: 2.76]
L001331 | [Train Loss: 0.806]
L001332 | [Train F1: 0.6458867617800526]
L001333 | [Train Acc: 0.649355645316407]
L001334 | [Dev Loss: 1.3252]
L001335 | [Dev F1: 0.40738599161564343]
L001336 | [Dev Acc: 0.44189852700491]
L001337 | 
L001338-L001353 | [REDACTED: batch progress and internal diagnostics]
L001354 | [Epoch 52] [Time: 2.72]
L001355 | [Train Loss: 0.8196]
L001356 | [Train F1: 0.652051220187986]
L001357 | [Train Acc: 0.6530101942681285]
L001358 | [Dev Loss: 1.2263]
L001359 | [Dev F1: 0.4438244107512901]
L001360 | [Dev Acc: 0.469721767594108]
L001361 | 
L001362-L001377 | [REDACTED: batch progress and internal diagnostics]
L001378 | [Epoch 53] [Time: 2.67]
L001379 | [Train Loss: 0.816]
L001380 | [Train F1: 0.6475209604960691]
L001381 | [Train Acc: 0.6508944027697634]
L001382 | [Dev Loss: 1.2721]
L001383 | [Dev F1: 0.3958383248992252]
L001384 | [Dev Acc: 0.44353518821603927]
L001385 | 
L001386-L001401 | [REDACTED: batch progress and internal diagnostics]
L001402 | [Epoch 54] [Time: 2.66]
L001403 | [Train Loss: 0.8094]
L001404 | [Train F1: 0.6530897603310083]
L001405 | [Train Acc: 0.6547412964031545]
L001406 | [Dev Loss: 1.2271]
L001407 | [Dev F1: 0.44378762609170064]
L001408 | [Dev Acc: 0.4762684124386252]
L001409 | 
L001410-L001425 | [REDACTED: batch progress and internal diagnostics]
L001426 | [Epoch 55] [Time: 2.63]
L001427 | [Train Loss: 0.8182]
L001428 | [Train F1: 0.6451571348369693]
L001429 | [Train Acc: 0.6472398538180419]
L001430 | [Dev Loss: 1.3159]
L001431 | [Dev F1: 0.382627998589377]
L001432 | [Dev Acc: 0.40916530278232405]
L001433 | 
L001434-L001449 | [REDACTED: batch progress and internal diagnostics]
L001450 | [Epoch 56] [Time: 2.65]
L001451 | [Train Loss: 0.7989]
L001452 | [Train F1: 0.6436860004442563]
L001453 | [Train Acc: 0.6460857857280247]
L001454 | [Dev Loss: 1.2518]
L001455 | [Dev F1: 0.4334167178010523]
L001456 | [Dev Acc: 0.45171849427168576]
L001457 | 
L001458-L001473 | [REDACTED: batch progress and internal diagnostics]
L001474 | [Epoch 57] [Time: 2.65]
L001475 | [Train Loss: 0.8076]
L001476 | [Train F1: 0.6345093133895735]
L001477 | [Train Acc: 0.6393537218695903]
L001478 | [Dev Loss: 1.2733]
L001479 | [Dev F1: 0.4153529293305203]
L001480 | [Dev Acc: 0.4402618657937807]
L001481 | 
L001482-L001497 | [REDACTED: batch progress and internal diagnostics]
L001498 | [Epoch 58] [Time: 2.65]
L001499 | [Train Loss: 0.8105]
L001500 | [Train F1: 0.6471366798010487]
L001501 | [Train Acc: 0.6474321984997115]
L001502 | [Dev Loss: 1.2199]
L001503 | [Dev F1: 0.45075037027720516]
L001504 | [Dev Acc: 0.49263502454991814]
L001505 | 
L001506-L001521 | [REDACTED: batch progress and internal diagnostics]
L001522 | [Epoch 59] [Time: 2.72]
L001523 | [Train Loss: 0.7998]
L001524 | [Train F1: 0.6503577183069484]
L001525 | [Train Acc: 0.6528178495864589]
L001526 | [Dev Loss: 1.2243]
L001527 | [Dev F1: 0.450408345225789]
L001528 | [Dev Acc: 0.4762684124386252]
L001529 | 
L001530-L001545 | [REDACTED: batch progress and internal diagnostics]
L001546 | [Epoch 60] [Time: 2.68]
L001547 | [Train Loss: 0.7855]
L001548 | [Train F1: 0.6579670216703463]
L001549 | [Train Acc: 0.6595499134448932]
L001550 | [Dev Loss: 1.214]
L001551 | [Dev F1: 0.445028519057268]
L001552 | [Dev Acc: 0.47299509001636664]
L001553 | 
L001554-L001569 | [REDACTED: batch progress and internal diagnostics]
L001570 | [Epoch 61] [Time: 2.64]
L001571 | [Train Loss: 0.7787]
L001572 | [Train F1: 0.6573135640517611]
L001573 | [Train Acc: 0.6608963262165801]
L001574 | [Dev Loss: 1.2623]
L001575 | [Dev F1: 0.42037721947040635]
L001576 | [Dev Acc: 0.45499181669394434]
L001577 | 
L001578-L001593 | [REDACTED: batch progress and internal diagnostics]
L001594 | [Epoch 62] [Time: 2.75]
L001595 | [Train Loss: 0.7914]
L001596 | [Train F1: 0.6592021019141362]
L001597 | [Train Acc: 0.6597422581265628]
L001598 | [Dev Loss: 1.2254]
L001599 | [Dev F1: 0.44362683604569975]
L001600 | [Dev Acc: 0.46317512274959083]
L001601 | 
L001602-L001617 | [REDACTED: batch progress and internal diagnostics]
L001618 | [Epoch 63] [Time: 2.64]
L001619 | [Train Loss: 0.7887]
L001620 | [Train F1: 0.6538316820393256]
L001621 | [Train Acc: 0.6582035006732064]
L001622 | [Dev Loss: 1.268]
L001623 | [Dev F1: 0.3909972571225159]
L001624 | [Dev Acc: 0.41734860883797054]
L001625 | 
L001626-L001641 | [REDACTED: batch progress and internal diagnostics]
L001642 | [Epoch 64] [Time: 2.72]
L001643 | [Train Loss: 0.7994]
L001644 | [Train F1: 0.6526148516175646]
L001645 | [Train Acc: 0.654933641084824]
L001646 | [Dev Loss: 1.2412]
L001647 | [Dev F1: 0.45266120944911653]
L001648 | [Dev Acc: 0.4746317512274959]
L001649 | 
L001650-L001665 | [REDACTED: batch progress and internal diagnostics]
L001666 | [Epoch 65] [Time: 2.67]
L001667 | [Train Loss: 0.7869]
L001668 | [Train F1: 0.6586117130116437]
L001669 | [Train Acc: 0.6591652240815541]
L001670 | [Dev Loss: 1.2921]
L001671 | [Dev F1: 0.42110422004718834]
L001672 | [Dev Acc: 0.46317512274959083]
L001673 | 
L001674-L001689 | [REDACTED: batch progress and internal diagnostics]
L001690 | [Epoch 66] [Time: 2.77]
L001691 | [Train Loss: 0.7897]
L001692 | [Train F1: 0.6590771847475132]
L001693 | [Train Acc: 0.6612810155799193]
L001694 | [Dev Loss: 1.2366]
L001695 | [Dev F1: 0.4080557683484473]
L001696 | [Dev Acc: 0.4353518821603928]
L001697 | 
L001698-L001713 | [REDACTED: batch progress and internal diagnostics]
L001714 | [Epoch 67] [Time: 2.82]
L001715 | [Train Loss: 0.791]
L001716 | [Train F1: 0.6555112093016863]
L001717 | [Train Acc: 0.6568570879015195]
L001718 | [Dev Loss: 1.2098]
L001719 | [Dev F1: 0.421522334554421]
L001720 | [Dev Acc: 0.44844517184942717]
L001721 | 
L001722-L001737 | [REDACTED: batch progress and internal diagnostics]
L001738 | [Epoch 68] [Time: 2.67]
L001739 | [Train Loss: 0.7843]
L001740 | [Train F1: 0.6533122996428794]
L001741 | [Train Acc: 0.654933641084824]
L001742 | [Dev Loss: 1.2739]
L001743 | [Dev F1: 0.4199207487436784]
L001744 | [Dev Acc: 0.45662847790507366]
L001745 | 
L001746-L001761 | [REDACTED: batch progress and internal diagnostics]
L001762 | [Epoch 69] [Time: 2.73]
L001763 | [Train Loss: 0.7906]
L001764 | [Train F1: 0.6564593404112175]
L001765 | [Train Acc: 0.6564723985381804]
L001766 | [Dev Loss: 1.1891]
L001767 | [Dev F1: 0.4374961259635287]
L001768 | [Dev Acc: 0.47299509001636664]
L001769 | 
L001770-L001785 | [REDACTED: batch progress and internal diagnostics]
L001786 | [Epoch 70] [Time: 2.70]
L001787 | [Train Loss: 0.7912]
L001788 | [Train F1: 0.6549331235019328]
L001789 | [Train Acc: 0.6576264666281977]
L001790 | [Dev Loss: 1.3478]
L001791 | [Dev F1: 0.40521746939488806]
L001792 | [Dev Acc: 0.46808510638297873]
L001793 | 
L001794-L001809 | [REDACTED: batch progress and internal diagnostics]
L001810 | [Epoch 71] [Time: 2.68]
L001811 | [Train Loss: 0.7896]
L001812 | [Train F1: 0.653162999443433]
L001813 | [Train Acc: 0.6551259857664935]
L001814 | [Dev Loss: 1.1534]
L001815 | [Dev F1: 0.4571982455184146]
L001816 | [Dev Acc: 0.4779050736497545]
L001817 | 
L001818-L001833 | [REDACTED: batch progress and internal diagnostics]
L001834 | [Epoch 72] [Time: 2.79]
L001835 | [Train Loss: 0.7965]
L001836 | [Train F1: 0.6545896492053254]
L001837 | [Train Acc: 0.6564723985381804]
L001838 | [Dev Loss: 1.2813]
L001839 | [Dev F1: 0.4131855486162442]
L001840 | [Dev Acc: 0.46317512274959083]
L001841 | 
L001842-L001857 | [REDACTED: batch progress and internal diagnostics]
L001858 | [Epoch 73] [Time: 2.74]
L001859 | [Train Loss: 0.7901]
L001860 | [Train F1: 0.659447012959189]
L001861 | [Train Acc: 0.6595499134448932]
L001862 | [Dev Loss: 1.2026]
L001863 | [Dev F1: 0.45128152521495135]
L001864 | [Dev Acc: 0.46808510638297873]
L001865 | 
L001866-L001881 | [REDACTED: batch progress and internal diagnostics]
L001882 | [Epoch 74] [Time: 2.62]
L001883 | [Train Loss: 0.7823]
L001884 | [Train F1: 0.6543494122783511]
L001885 | [Train Acc: 0.6564723985381804]
L001886 | [Dev Loss: 1.264]
L001887 | [Dev F1: 0.43818291440582896]
L001888 | [Dev Acc: 0.45990180032733224]
L001889 | 
L001890-L001905 | [REDACTED: batch progress and internal diagnostics]
L001906 | [Epoch 75] [Time: 2.75]
L001907 | [Train Loss: 0.7972]
L001908 | [Train F1: 0.6498429911491589]
L001909 | [Train Acc: 0.6520484708597807]
L001910 | [Dev Loss: 1.2327]
L001911 | [Dev F1: 0.4474404923051758]
L001912 | [Dev Acc: 0.48936170212765956]
L001913 | 
L001914-L001929 | [REDACTED: batch progress and internal diagnostics]
L001930 | [Epoch 76] [Time: 2.60]
L001931 | [Train Loss: 0.7795]
L001932 | [Train F1: 0.6567587637081258]
L001933 | [Train Acc: 0.6589728793998846]
L001934 | [Dev Loss: 1.2071]
L001935 | [Dev F1: 0.44128040671408425]
L001936 | [Dev Acc: 0.46481178396072015]
L001937 | 
L001938-L001953 | [REDACTED: batch progress and internal diagnostics]
L001954 | [Epoch 77] [Time: 2.70]
L001955 | [Train Loss: 0.7638]
L001956 | [Train F1: 0.6598724465441914]
L001957 | [Train Acc: 0.6635891517599538]
L001958 | [Dev Loss: 1.2481]
L001959 | [Dev F1: 0.44228003746715777]
L001960 | [Dev Acc: 0.47299509001636664]
L001961 | 
L001962-L001977 | [REDACTED: batch progress and internal diagnostics]
L001978 | [Epoch 78] [Time: 2.48]
L001979 | [Train Loss: 0.761]
L001980 | [Train F1: 0.6652334655976202]
L001981 | [Train Acc: 0.6653202538949798]
L001982 | [Dev Loss: 1.2193]
L001983 | [Dev F1: 0.45232552677835947]
L001984 | [Dev Acc: 0.4779050736497545]
L001985 | 
L001986-L002001 | [REDACTED: batch progress and internal diagnostics]
L002002 | [Epoch 79] [Time: 2.62]
L002003 | [Train Loss: 0.7674]
L002004 | [Train F1: 0.664150830640708]
L002005 | [Train Acc: 0.6653202538949798]
L002006 | [Dev Loss: 1.2832]
L002007 | [Dev F1: 0.44537152387162565]
L002008 | [Dev Acc: 0.4828150572831424]
L002009 | 
L002010-L002025 | [REDACTED: batch progress and internal diagnostics]
L002026 | [Epoch 80] [Time: 2.82]
L002027 | [Train Loss: 0.7577]
L002028 | [Train F1: 0.6727224116039535]
L002029 | [Train Acc: 0.6735910752067705]
L002030 | [Dev Loss: 1.2695]
L002031 | [Dev F1: 0.4199184541290881]
L002032 | [Dev Acc: 0.45171849427168576]
L002033 | 
L002034-L002049 | [REDACTED: batch progress and internal diagnostics]
L002050 | [Epoch 81] [Time: 2.70]
L002051 | [Train Loss: 0.7534]
L002052 | [Train F1: 0.6621613946940561]
L002053 | [Train Acc: 0.6641661858049625]
L002054 | [Dev Loss: 1.2031]
L002055 | [Dev F1: 0.4572745790370697]
L002056 | [Dev Acc: 0.4828150572831424]
L002057 | 
L002058-L002073 | [REDACTED: batch progress and internal diagnostics]
L002074 | [Epoch 82] [Time: 2.76]
L002075 | [Train Loss: 0.7601]
L002076 | [Train F1: 0.6660574251627386]
L002077 | [Train Acc: 0.6674360453933449]
L002078 | [Dev Loss: 1.2811]
L002079 | [Dev F1: 0.4638760753669707]
L002080 | [Dev Acc: 0.486088379705401]
L002081 | 
L002082-L002097 | [REDACTED: batch progress and internal diagnostics]
L002098 | [Epoch 83] [Time: 2.61]
L002099 | [Train Loss: 0.7411]
L002100 | [Train F1: 0.6748159915658399]
L002101 | [Train Acc: 0.6760915560684747]
L002102 | [Dev Loss: 1.2293]
L002103 | [Dev F1: 0.43936623911953987]
L002104 | [Dev Acc: 0.4664484451718494]
L002105 | 
L002106-L002121 | [REDACTED: batch progress and internal diagnostics]
L002122 | [Epoch 84] [Time: 2.67]
L002123 | [Train Loss: 0.7436]
L002124 | [Train F1: 0.6757497082806545]
L002125 | [Train Acc: 0.6770532794768225]
L002126 | [Dev Loss: 1.2543]
L002127 | [Dev F1: 0.4280879082021898]
L002128 | [Dev Acc: 0.46153846153846156]
L002129 | 
L002130-L002145 | [REDACTED: batch progress and internal diagnostics]
L002146 | [Epoch 85] [Time: 2.80]
L002147 | [Train Loss: 0.7365]
L002148 | [Train F1: 0.6706498057625654]
L002149 | [Train Acc: 0.6718599730717446]
L002150 | [Dev Loss: 1.2501]
L002151 | [Dev F1: 0.4511692080411113]
L002152 | [Dev Acc: 0.486088379705401]
L002153 | 
L002154-L002169 | [REDACTED: batch progress and internal diagnostics]
L002170 | [Epoch 86] [Time: 2.69]
L002171 | [Train Loss: 0.7462]
L002172 | [Train F1: 0.6757024074123662]
L002173 | [Train Acc: 0.677245624158492]
L002174 | [Dev Loss: 1.2874]
L002175 | [Dev F1: 0.43215519524095125]
L002176 | [Dev Acc: 0.45990180032733224]
L002177 | 
L002178-L002193 | [REDACTED: batch progress and internal diagnostics]
L002194 | [Epoch 87] [Time: 2.76]
L002195 | [Train Loss: 0.7391]
L002196 | [Train F1: 0.675717930022952]
L002197 | [Train Acc: 0.676860934795153]
L002198 | [Dev Loss: 1.2598]
L002199 | [Dev F1: 0.4774870046634311]
L002200 | [Dev Acc: 0.5057283142389526]
L002201 | 
L002202-L002217 | [REDACTED: batch progress and internal diagnostics]
L002218 | [Epoch 88] [Time: 2.66]
L002219 | [Train Loss: 0.7399]
L002220 | [Train F1: 0.669710644007171]
L002221 | [Train Acc: 0.671667628390075]
L002222 | [Dev Loss: 1.2532]
L002223 | [Dev F1: 0.43350715505522625]
L002224 | [Dev Acc: 0.46317512274959083]
L002225 | 
L002226-L002241 | [REDACTED: batch progress and internal diagnostics]
L002242 | [Epoch 89] [Time: 2.85]
L002243 | [Train Loss: 0.7488]
L002244 | [Train F1: 0.6743132499596989]
L002245 | [Train Acc: 0.6753221773417964]
L002246 | [Dev Loss: 1.1742]
L002247 | [Dev F1: 0.4312875783584283]
L002248 | [Dev Acc: 0.46153846153846156]
L002249 | 
L002250-L002265 | [REDACTED: batch progress and internal diagnostics]
L002266 | [Epoch 90] [Time: 2.95]
L002267 | [Train Loss: 0.7371]
L002268 | [Train F1: 0.6774637511200842]
L002269 | [Train Acc: 0.679361415656857]
L002270 | [Dev Loss: 1.2621]
L002271 | [Dev F1: 0.41960040301091983]
L002272 | [Dev Acc: 0.4451718494271686]
L002273 | 
L002274-L002289 | [REDACTED: batch progress and internal diagnostics]
L002290 | [Epoch 91] [Time: 2.72]
L002291 | [Train Loss: 0.7401]
L002292 | [Train F1: 0.6745794516846707]
L002293 | [Train Acc: 0.6751298326601269]
L002294 | [Dev Loss: 1.2321]
L002295 | [Dev F1: 0.4544217223149984]
L002296 | [Dev Acc: 0.4844517184942717]
L002297 | 
L002298-L002313 | [REDACTED: batch progress and internal diagnostics]
L002314 | [Epoch 92] [Time: 2.78]
L002315 | [Train Loss: 0.729]
L002316 | [Train F1: 0.679804776280694]
L002317 | [Train Acc: 0.6820542412002308]
L002318 | [Dev Loss: 1.2663]
L002319 | [Dev F1: 0.43392407536708777]
L002320 | [Dev Acc: 0.46317512274959083]
L002321 | 
L002322-L002337 | [REDACTED: batch progress and internal diagnostics]
L002338 | [Epoch 93] [Time: 2.66]
L002339 | [Train Loss: 0.7248]
L002340 | [Train F1: 0.6806673765205378]
L002341 | [Train Acc: 0.6807078284285439]
L002342 | [Dev Loss: 1.287]
L002343 | [Dev F1: 0.4495923608085648]
L002344 | [Dev Acc: 0.4795417348608838]
L002345 | 
L002346-L002361 | [REDACTED: batch progress and internal diagnostics]
L002362 | [Epoch 94] [Time: 2.78]
L002363 | [Train Loss: 0.7246]
L002364 | [Train F1: 0.6823808683279052]
L002365 | [Train Acc: 0.684554722061935]
L002366 | [Dev Loss: 1.2428]
L002367 | [Dev F1: 0.44136793867678226]
L002368 | [Dev Acc: 0.47299509001636664]
L002369 | 
L002370-L002385 | [REDACTED: batch progress and internal diagnostics]
L002386 | [Epoch 95] [Time: 2.78]
L002387 | [Train Loss: 0.7207]
L002388 | [Train F1: 0.6843240705681259]
L002389 | [Train Acc: 0.684939411425274]
L002390 | [Dev Loss: 1.2572]
L002391 | [Dev F1: 0.42795275499410845]
L002392 | [Dev Acc: 0.45662847790507366]
L002393 | 
L002394-L002409 | [REDACTED: batch progress and internal diagnostics]
L002410 | [Epoch 96] [Time: 2.76]
L002411 | [Train Loss: 0.7317]
L002412 | [Train F1: 0.6715862221579784]
L002413 | [Train Acc: 0.673398730525101]
L002414 | [Dev Loss: 1.3091]
L002415 | [Dev F1: 0.385793105889083]
L002416 | [Dev Acc: 0.4337152209492635]
L002417 | 
L002418-L002433 | [REDACTED: batch progress and internal diagnostics]
L002434 | [Epoch 97] [Time: 2.76]
L002435 | [Train Loss: 0.7372]
L002436 | [Train F1: 0.6811302494383281]
L002437 | [Train Acc: 0.68243893056357]
L002438 | [Dev Loss: 1.2157]
L002439 | [Dev F1: 0.43361700117598323]
L002440 | [Dev Acc: 0.46481178396072015]
L002441 | 
L002442-L002457 | [REDACTED: batch progress and internal diagnostics]
L002458 | [Epoch 98] [Time: 2.70]
L002459 | [Train Loss: 0.7293]
L002460 | [Train F1: 0.6915394078970427]
L002461 | [Train Acc: 0.6926331986920562]
L002462 | [Dev Loss: 1.2195]
L002463 | [Dev F1: 0.4229179622078456]
L002464 | [Dev Acc: 0.4451718494271686]
L002465 | 
L002466-L002481 | [REDACTED: batch progress and internal diagnostics]
L002482 | [Epoch 99] [Time: 2.63]
L002483 | [Train Loss: 0.7169]
L002484 | [Train F1: 0.689930363810537]
L002485 | [Train Acc: 0.688401615695326]
L002486 | [Dev Loss: 1.248]
L002487 | [Dev F1: 0.42285601917347204]
L002488 | [Dev Acc: 0.46317512274959083]
L002489 | 
L002490-L002505 | [REDACTED: batch progress and internal diagnostics]
L002506 | [Epoch 100] [Time: 2.67]
L002507 | [Train Loss: 0.7104]
L002508 | [Train F1: 0.6875942783909907]
L002509 | [Train Acc: 0.6912867859203693]
L002510 | [Dev Loss: 1.286]
L002511 | [Dev F1: 0.40328545330457716]
L002512 | [Dev Acc: 0.4451718494271686]
L002513 | 
L002514-L002529 | [REDACTED: batch progress and internal diagnostics]
L002530 | [Epoch 101] [Time: 2.57]
L002531 | [Train Loss: 0.6944]
L002532 | [Train F1: 0.7025712275263328]
L002533 | [Train Acc: 0.7030198115022119]
L002534 | [Dev Loss: 1.2756]
L002535 | [Dev F1: 0.4538058488596352]
L002536 | [Dev Acc: 0.48117839607201307]
L002537 | 
L002538-L002553 | [REDACTED: batch progress and internal diagnostics]
L002554 | [Epoch 102] [Time: 2.78]
L002555 | [Train Loss: 0.693]
L002556 | [Train F1: 0.6978885997273484]
L002557 | [Train Acc: 0.6982111944604732]
L002558 | [Dev Loss: 1.2755]
L002559 | [Dev F1: 0.4141852352824626]
L002560 | [Dev Acc: 0.45171849427168576]
L002561 | 
L002562-L002577 | [REDACTED: batch progress and internal diagnostics]
L002578 | [Epoch 103] [Time: 2.65]
L002579 | [Train Loss: 0.691]
L002580 | [Train F1: 0.7021934178318139]
L002581 | [Train Acc: 0.7024427774572033]
L002582 | [Dev Loss: 1.1979]
L002583 | [Dev F1: 0.4437655660766378]
L002584 | [Dev Acc: 0.46317512274959083]
L002585 | 
L002586-L002601 | [REDACTED: batch progress and internal diagnostics]
L002602 | [Epoch 104] [Time: 2.72]
L002603 | [Train Loss: 0.6828]
L002604 | [Train F1: 0.7009713023388916]
L002605 | [Train Acc: 0.7022504327755338]
L002606 | [Dev Loss: 1.3253]
L002607 | [Dev F1: 0.4189056115071881]
L002608 | [Dev Acc: 0.4533551554828151]
L002609 | 
L002610-L002625 | [REDACTED: batch progress and internal diagnostics]
L002626 | [Epoch 105] [Time: 2.56]
L002627 | [Train Loss: 0.6722]
L002628 | [Train F1: 0.7103721408305498]
L002629 | [Train Acc: 0.7110982881323331]
L002630 | [Dev Loss: 1.1883]
L002631 | [Dev F1: 0.4743089813437033]
L002632 | [Dev Acc: 0.48936170212765956]
L002633 | 
L002634-L002649 | [REDACTED: batch progress and internal diagnostics]
L002650 | [Epoch 106] [Time: 2.63]
L002651 | [Train Loss: 0.6802]
L002652 | [Train F1: 0.7063764031876137]
L002653 | [Train Acc: 0.7059049817272552]
L002654 | [Dev Loss: 1.3535]
L002655 | [Dev F1: 0.4245212658355905]
L002656 | [Dev Acc: 0.4713584288052373]
L002657 | 
L002658-L002673 | [REDACTED: batch progress and internal diagnostics]
L002674 | [Epoch 107] [Time: 2.59]
L002675 | [Train Loss: 0.6804]
L002676 | [Train F1: 0.7050707810031365]
L002677 | [Train Acc: 0.7070590498172725]
L002678 | [Dev Loss: 1.1918]
L002679 | [Dev F1: 0.47269088584718716]
L002680 | [Dev Acc: 0.4795417348608838]
L002681 | 
L002682-L002697 | [REDACTED: batch progress and internal diagnostics]
L002698 | [Epoch 108] [Time: 2.64]
L002699 | [Train Loss: 0.6755]
L002700 | [Train F1: 0.7090180138448272]
L002701 | [Train Acc: 0.7097518753606463]
L002702 | [Dev Loss: 1.2852]
L002703 | [Dev F1: 0.452419653435826]
L002704 | [Dev Acc: 0.4828150572831424]
L002705 | 
L002706-L002721 | [REDACTED: batch progress and internal diagnostics]
L002722 | [Epoch 109] [Time: 2.57]
L002723 | [Train Loss: 0.6567]
L002724 | [Train F1: 0.7224665767349019]
L002725 | [Train Acc: 0.7228313137141757]
L002726 | [Dev Loss: 1.2222]
L002727 | [Dev F1: 0.47659557007627545]
L002728 | [Dev Acc: 0.4844517184942717]
L002729 | 
L002730-L002745 | [REDACTED: batch progress and internal diagnostics]
L002746 | [Epoch 110] [Time: 2.64]
L002747 | [Train Loss: 0.6415]
L002748 | [Train F1: 0.7302825158694968]
L002749 | [Train Acc: 0.7309097903442969]
L002750 | [Dev Loss: 1.2637]
L002751 | [Dev F1: 0.4862839853114224]
L002752 | [Dev Acc: 0.5057283142389526]
L002753 | 
L002754-L002769 | [REDACTED: batch progress and internal diagnostics]
L002770 | [Epoch 111] [Time: 2.54]
L002771 | [Train Loss: 0.6417]
L002772 | [Train F1: 0.7312802631260268]
L002773 | [Train Acc: 0.7309097903442969]
L002774 | [Dev Loss: 1.2794]
L002775 | [Dev F1: 0.46790972445506623]
L002776 | [Dev Acc: 0.49263502454991814]
L002777 | 
L002778-L002793 | [REDACTED: batch progress and internal diagnostics]
L002794 | [Epoch 112] [Time: 2.63]
L002795 | [Train Loss: 0.6287]
L002796 | [Train F1: 0.7340389154605133]
L002797 | [Train Acc: 0.734756683977688]
L002798 | [Dev Loss: 1.2994]
L002799 | [Dev F1: 0.48710083537817844]
L002800 | [Dev Acc: 0.5040916530278232]
L002801 | 
L002802-L002817 | [REDACTED: batch progress and internal diagnostics]
L002818 | [Epoch 113] [Time: 2.72]
L002819 | [Train Loss: 0.6317]
L002820 | [Train F1: 0.7406846978638594]
L002821 | [Train Acc: 0.7405270244277746]
L002822 | [Dev Loss: 1.2133]
L002823 | [Dev F1: 0.5229847027385804]
L002824 | [Dev Acc: 0.5400981996726678]
L002825 | 
L002826-L002841 | [REDACTED: batch progress and internal diagnostics]
L002842 | [Epoch 114] [Time: 2.64]
L002843 | [Train Loss: 0.618]
L002844 | [Train F1: 0.7416760948719476]
L002845 | [Train Acc: 0.7422581265628005]
L002846 | [Dev Loss: 1.2643]
L002847 | [Dev F1: 0.4928976211781848]
L002848 | [Dev Acc: 0.5073649754500819]
L002849 | 
L002850-L002865 | [REDACTED: batch progress and internal diagnostics]
L002866 | [Epoch 115] [Time: 2.56]
L002867 | [Train Loss: 0.6029]
L002868 | [Train F1: 0.749536941056339]
L002869 | [Train Acc: 0.7495672244662435]
L002870 | [Dev Loss: 1.3146]
L002871 | [Dev F1: 0.4719674540916978]
L002872 | [Dev Acc: 0.48117839607201307]
L002873 | 
L002874-L002889 | [REDACTED: batch progress and internal diagnostics]
L002890 | [Epoch 116] [Time: 2.68]
L002891 | [Train Loss: 0.5946]
L002892 | [Train F1: 0.7469711480608825]
L002893 | [Train Acc: 0.7466820542412003]
L002894 | [Dev Loss: 1.4973]
L002895 | [Dev F1: 0.44795518473120105]
L002896 | [Dev Acc: 0.46481178396072015]
L002897 | 
L002898-L002913 | [REDACTED: batch progress and internal diagnostics]
L002914 | [Epoch 117] [Time: 2.63]
L002915 | [Train Loss: 0.5934]
L002916 | [Train F1: 0.7534894975603417]
L002917 | [Train Acc: 0.753221773417965]
L002918 | [Dev Loss: 1.4772]
L002919 | [Dev F1: 0.4322635381184736]
L002920 | [Dev Acc: 0.44353518821603927]
L002921 | 
L002922-L002937 | [REDACTED: batch progress and internal diagnostics]
L002938 | [Epoch 118] [Time: 2.55]
L002939 | [Train Loss: 0.5824]
L002940 | [Train F1: 0.7540535590295586]
L002941 | [Train Acc: 0.7547605308713214]
L002942 | [Dev Loss: 1.412]
L002943 | [Dev F1: 0.4560873537424801]
L002944 | [Dev Acc: 0.47299509001636664]
L002945 | 
L002946-L002961 | [REDACTED: batch progress and internal diagnostics]
L002962 | [Epoch 119] [Time: 2.52]
L002963 | [Train Loss: 0.5783]
L002964 | [Train F1: 0.7547672182999167]
L002965 | [Train Acc: 0.7539911521446432]
L002966 | [Dev Loss: 1.3562]
L002967 | [Dev F1: 0.44994677977640535]
L002968 | [Dev Acc: 0.469721767594108]
L002969 | 
L002970-L002985 | [REDACTED: batch progress and internal diagnostics]
L002986 | [Epoch 120] [Time: 2.64]
L002987 | [Train Loss: 0.5592]
L002988 | [Train F1: 0.7625128415249569]
L002989 | [Train Acc: 0.7618772840930949]
L002990 | [Dev Loss: 1.3475]
L002991 | [Dev F1: 0.47241981993144433]
L002992 | [Dev Acc: 0.4909983633387889]
L002993 | 
L002994-L003009 | [REDACTED: batch progress and internal diagnostics]
L003010 | [Epoch 121] [Time: 2.50]
L003011 | [Train Loss: 0.538]
L003012 | [Train F1: 0.771788399213432]
L003013 | [Train Acc: 0.7714945181765724]
L003014 | [Dev Loss: 1.396]
L003015 | [Dev F1: 0.4698098654784581]
L003016 | [Dev Acc: 0.49427168576104746]
L003017 | 
L003018-L003033 | [REDACTED: batch progress and internal diagnostics]
L003034 | [Epoch 122] [Time: 2.64]
L003035 | [Train Loss: 0.5405]
L003036 | [Train F1: 0.7786061354189484]
L003037 | [Train Acc: 0.778995960761685]
L003038 | [Dev Loss: 1.4604]
L003039 | [Dev F1: 0.4538353598797086]
L003040 | [Dev Acc: 0.469721767594108]
L003041 | 
L003042-L003057 | [REDACTED: batch progress and internal diagnostics]
L003058 | [Epoch 123] [Time: 2.69]
L003059 | [Train Loss: 0.5486]
L003060 | [Train F1: 0.7727209474264128]
L003061 | [Train Acc: 0.7722638969032506]
L003062 | [Dev Loss: 1.4135]
L003063 | [Dev F1: 0.43272655980181934]
L003064 | [Dev Acc: 0.44844517184942717]
L003065 | 
L003066-L003081 | [REDACTED: batch progress and internal diagnostics]
L003082 | [Epoch 124] [Time: 2.59]
L003083 | [Train Loss: 0.5316]
L003084 | [Train F1: 0.7776185862288381]
L003085 | [Train Acc: 0.7776495479899981]
L003086 | [Dev Loss: 1.4895]
L003087 | [Dev F1: 0.5023249788358172]
L003088 | [Dev Acc: 0.513911620294599]
L003089 | 
L003090-L003105 | [REDACTED: batch progress and internal diagnostics]
L003106 | [Epoch 125] [Time: 2.51]
L003107 | [Train Loss: 0.5523]
L003108 | [Train F1: 0.7738871178509678]
L003109 | [Train Acc: 0.7743796884016156]
L003110 | [Dev Loss: 1.4215]
L003111 | [Dev F1: 0.456258671063967]
L003112 | [Dev Acc: 0.4762684124386252]
L003113 | 
L003114-L003129 | [REDACTED: batch progress and internal diagnostics]
L003130 | [Epoch 126] [Time: 2.77]
L003131 | [Train Loss: 0.5281]
L003132 | [Train F1: 0.7738373787850705]
L003133 | [Train Acc: 0.771686862858242]
L003134 | [Dev Loss: 1.477]
L003135 | [Dev F1: 0.5044244559860874]
L003136 | [Dev Acc: 0.5188216039279869]
L003137 | 
L003138-L003153 | [REDACTED: batch progress and internal diagnostics]
L003154 | [Epoch 127] [Time: 2.67]
L003155 | [Train Loss: 0.5295]
L003156 | [Train F1: 0.7789255884458346]
L003157 | [Train Acc: 0.7791883054433545]
L003158 | [Dev Loss: 1.405]
L003159 | [Dev F1: 0.48592965459610205]
L003160 | [Dev Acc: 0.49263502454991814]
L003161 | 
L003162-L003177 | [REDACTED: batch progress and internal diagnostics]
L003178 | [Epoch 128] [Time: 2.62]
L003179 | [Train Loss: 0.5265]
L003180 | [Train F1: 0.7768621388912891]
L003181 | [Train Acc: 0.7768801692633198]
L003182 | [Dev Loss: 1.3389]
L003183 | [Dev F1: 0.5071572813814071]
L003184 | [Dev Acc: 0.5253682487725041]
L003185 | 
L003186-L003201 | [REDACTED: batch progress and internal diagnostics]
L003202 | [Epoch 129] [Time: 2.64]
L003203 | [Train Loss: 0.5152]
L003204 | [Train F1: 0.7873838131802149]
L003205 | [Train Acc: 0.7878438161184843]
L003206 | [Dev Loss: 1.4713]
L003207 | [Dev F1: 0.47641006017146714]
L003208 | [Dev Acc: 0.49427168576104746]
L003209 | 
L003210-L003225 | [REDACTED: batch progress and internal diagnostics]
L003226 | [Epoch 130] [Time: 2.59]
L003227 | [Train Loss: 0.4956]
L003228 | [Train F1: 0.7939992288037078]
L003229 | [Train Acc: 0.7926524331602232]
L003230 | [Dev Loss: 1.4094]
L003231 | [Dev F1: 0.49560048765141285]
L003232 | [Dev Acc: 0.502454991816694]
L003233 | 
L003234-L003249 | [REDACTED: batch progress and internal diagnostics]
L003250 | [Epoch 131] [Time: 2.54]
L003251 | [Train Loss: 0.4716]
L003252 | [Train F1: 0.8062513953115011]
L003253 | [Train Acc: 0.8055395268320831]
L003254 | [Dev Loss: 1.4859]
L003255 | [Dev F1: 0.48490484980469084]
L003256 | [Dev Acc: 0.5155482815057283]
L003257 | 
L003258-L003273 | [REDACTED: batch progress and internal diagnostics]
L003274 | [Epoch 132] [Time: 2.67]
L003275 | [Train Loss: 0.4642]
L003276 | [Train F1: 0.8103090538340803]
L003277 | [Train Acc: 0.8115022119638392]
L003278 | [Dev Loss: 1.5031]
L003279 | [Dev F1: 0.4987336798979031]
L003280 | [Dev Acc: 0.5155482815057283]
L003281 | 
L003282-L003297 | [REDACTED: batch progress and internal diagnostics]
L003298 | [Epoch 133] [Time: 2.50]
L003299 | [Train Loss: 0.4434]
L003300 | [Train F1: 0.821019039210403]
L003301 | [Train Acc: 0.8203500673206385]
L003302 | [Dev Loss: 1.6987]
L003303 | [Dev F1: 0.4339853541759705]
L003304 | [Dev Acc: 0.4533551554828151]
L003305 | 
L003306-L003321 | [REDACTED: batch progress and internal diagnostics]
L003322 | [Epoch 134] [Time: 2.81]
L003323 | [Train Loss: 0.4412]
L003324 | [Train F1: 0.8250609141421096]
L003325 | [Train Acc: 0.8251586843623774]
L003326 | [Dev Loss: 1.5579]
L003327 | [Dev F1: 0.49055220257520893]
L003328 | [Dev Acc: 0.513911620294599]
L003329 | 
L003330-L003345 | [REDACTED: batch progress and internal diagnostics]
L003346 | [Epoch 135] [Time: 2.65]
L003347 | [Train Loss: 0.4635]
L003348 | [Train F1: 0.8152046000537209]
L003349 | [Train Acc: 0.8147720715522215]
L003350 | [Dev Loss: 1.5438]
L003351 | [Dev F1: 0.49060110570499404]
L003352 | [Dev Acc: 0.5220949263502455]
L003353 | 
L003354-L003369 | [REDACTED: batch progress and internal diagnostics]
L003370 | [Epoch 136] [Time: 2.72]
L003371 | [Train Loss: 0.4503]
L003372 | [Train F1: 0.8147777604294231]
L003373 | [Train Acc: 0.8147720715522215]
L003374 | [Dev Loss: 1.5337]
L003375 | [Dev F1: 0.5262860523073328]
L003376 | [Dev Acc: 0.5515548281505729]
L003377 | 
L003378-L003393 | [REDACTED: batch progress and internal diagnostics]
L003394 | [Epoch 137] [Time: 2.64]
L003395 | [Train Loss: 0.4212]
L003396 | [Train F1: 0.8301783212945522]
L003397 | [Train Acc: 0.8307366801307944]
L003398 | [Dev Loss: 1.5832]
L003399 | [Dev F1: 0.43816102620654424]
L003400 | [Dev Acc: 0.4746317512274959]
L003401 | 
L003402-L003417 | [REDACTED: batch progress and internal diagnostics]
L003418 | [Epoch 138] [Time: 2.71]
L003419 | [Train Loss: 0.4213]
L003420 | [Train F1: 0.8285881555011763]
L003421 | [Train Acc: 0.8278515099057511]
L003422 | [Dev Loss: 1.5882]
L003423 | [Dev F1: 0.47234443413295835]
L003424 | [Dev Acc: 0.4877250409165303]
L003425 | 
L003426-L003441 | [REDACTED: batch progress and internal diagnostics]
L003442 | [Epoch 139] [Time: 2.74]
L003443 | [Train Loss: 0.4328]
L003444 | [Train F1: 0.8277452502248164]
L003445 | [Train Acc: 0.8280438545874207]
L003446 | [Dev Loss: 1.6208]
L003447 | [Dev F1: 0.5291351602955834]
L003448 | [Dev Acc: 0.5368248772504092]
L003449 | 
L003450-L003465 | [REDACTED: batch progress and internal diagnostics]
L003466 | [Epoch 140] [Time: 2.81]
L003467 | [Train Loss: 0.4329]
L003468 | [Train F1: 0.8219204898918174]
L003469 | [Train Acc: 0.8199653779572995]
L003470 | [Dev Loss: 1.6085]
L003471 | [Dev F1: 0.48730605695528484]
L003472 | [Dev Acc: 0.49918166939443537]
L003473 | 
L003474-L003489 | [REDACTED: batch progress and internal diagnostics]
L003490 | [Epoch 141] [Time: 2.60]
L003491 | [Train Loss: 0.4246]
L003492 | [Train F1: 0.8326720823705953]
L003493 | [Train Acc: 0.8332371609924986]
L003494 | [Dev Loss: 1.6875]
L003495 | [Dev F1: 0.4458907022983534]
L003496 | [Dev Acc: 0.4779050736497545]
L003497 | 
L003498-L003513 | [REDACTED: batch progress and internal diagnostics]
L003514 | [Epoch 142] [Time: 2.69]
L003515 | [Train Loss: 0.4114]
L003516 | [Train F1: 0.8394244426896842]
L003517 | [Train Acc: 0.8390075014425851]
L003518 | [Dev Loss: 1.7371]
L003519 | [Dev F1: 0.4641018756832373]
L003520 | [Dev Acc: 0.4779050736497545]
L003521 | 
L003522-L003537 | [REDACTED: batch progress and internal diagnostics]
L003538 | [Epoch 143] [Time: 2.59]
L003539 | [Train Loss: 0.3862]
L003540 | [Train F1: 0.8464860509741046]
L003541 | [Train Acc: 0.8465089440276976]
L003542 | [Dev Loss: 1.7193]
L003543 | [Dev F1: 0.43249900646415695]
L003544 | [Dev Acc: 0.46153846153846156]
L003545 | 
L003546-L003561 | [REDACTED: batch progress and internal diagnostics]
L003562 | [Epoch 144] [Time: 2.59]
L003563 | [Train Loss: 0.3784]
L003564 | [Train F1: 0.8537012403733814]
L003565 | [Train Acc: 0.8528563185227929]
L003566 | [Dev Loss: 1.7632]
L003567 | [Dev F1: 0.49621081326530364]
L003568 | [Dev Acc: 0.5040916530278232]
L003569 | 
L003570-L003585 | [REDACTED: batch progress and internal diagnostics]
L003586 | [Epoch 145] [Time: 2.80]
L003587 | [Train Loss: 0.363]
L003588 | [Train F1: 0.861346601522574]
L003589 | [Train Acc: 0.860934795152914]
L003590 | [Dev Loss: 1.7547]
L003591 | [Dev F1: 0.48266227927795863]
L003592 | [Dev Acc: 0.49427168576104746]
L003593 | 
L003594-L003609 | [REDACTED: batch progress and internal diagnostics]
L003610 | [Epoch 146] [Time: 2.61]
L003611 | [Train Loss: 0.3378]
L003612 | [Train F1: 0.8686090556234958]
L003613 | [Train Acc: 0.8676668590113483]
L003614 | [Dev Loss: 1.7422]
L003615 | [Dev F1: 0.5150378563288069]
L003616 | [Dev Acc: 0.5220949263502455]
L003617 | 
L003618-L003633 | [REDACTED: batch progress and internal diagnostics]
L003634 | [Epoch 147] [Time: 2.81]
L003635 | [Train Loss: 0.3319]
L003636 | [Train F1: 0.8714737810954237]
L003637 | [Train Acc: 0.8709367185997308]
L003638 | [Dev Loss: 1.7192]
L003639 | [Dev F1: 0.4999362326617037]
L003640 | [Dev Acc: 0.5155482815057283]
L003641 | 
L003642-L003657 | [REDACTED: batch progress and internal diagnostics]
L003658 | [Epoch 148] [Time: 2.51]
L003659 | [Train Loss: 0.3522]
L003660 | [Train F1: 0.8658850874934816]
L003661 | [Train Acc: 0.8649740334679746]
L003662 | [Dev Loss: 1.8026]
L003663 | [Dev F1: 0.49156553309146617]
L003664 | [Dev Acc: 0.4959083469721768]
L003665 | 
L003666-L003681 | [REDACTED: batch progress and internal diagnostics]
L003682 | [Epoch 149] [Time: 2.65]
L003683 | [Train Loss: 0.3549]
L003684 | [Train F1: 0.8653742772052625]
L003685 | [Train Acc: 0.8653587228313138]
L003686 | [Dev Loss: 1.848]
L003687 | [Dev F1: 0.4549494904825284]
L003688 | [Dev Acc: 0.4762684124386252]
L003689 | Last model
L003690 |               precision    recall  f1-score   support
L003691 | 
L003692 |          hap     0.5893    0.4583    0.5156       144
L003693 |          sad     0.8041    0.6367    0.7107       245
L003694 |          neu     0.5256    0.6146    0.5666       384
L003695 |          ang     0.5327    0.6235    0.5745       170
L003696 |          exc     0.6968    0.6455    0.6701       299
L003697 |          fru     0.5128    0.5276    0.5201       381
L003698 | 
L003699 |     accuracy                         0.5903      1623
L003700 |    macro avg     0.6102    0.5844    0.5929      1623
L003701 | weighted avg     0.6026    0.5903    0.5928      1623
L003702 | 
L003703 | Best model at epoch: 139
L003704 | Best dev F1: 0.5291351602955834
L003705 |               precision    recall  f1-score   support
L003706 | 
L003707 |          hap     0.3953    0.4722    0.4304       144
L003708 |          sad     0.7964    0.7184    0.7554       245
L003709 |          neu     0.5960    0.6146    0.6051       384
L003710 |          ang     0.6294    0.5294    0.5751       170
L003711 |          exc     0.6730    0.7157    0.6937       299
L003712 |          fru     0.5764    0.5643    0.5703       381
L003713 | 
L003714 |     accuracy                         0.6155      1623
L003715 |    macro avg     0.6111    0.6024    0.6050      1623
L003716 | weighted avg     0.6215    0.6155    0.6173      1623
L003717 | 
L003718 | Best test F1: 0.6172908724595304
L003719 | Best test Acc: 0.6155268022181146
L003720 | [SANITIZED] Saved checkpoint: [path and filename removed]
