# Redacted copy of an existing run log.
# run_id: G01-seed3
# dataset: IEMOCAP
# model: GCNet+AMBER
# imr: (0.3,0.5,0.7)
# seed_alias: seed3
# original_log_sha256: 3871465e813b3c1c503336599c5a90347a58c2daa57a8b8234f74c0e2f8c8851
# source_record_status: ok
# source_record_process_return_code: 3221226505
# L numbers refer to source logical lines; REDACTED/SANITIZED text is editorial.
L000001-L000005 | [REDACTED: configuration or implementation details]
L000006 | [SANITIZED] FutureWarning: [dependency deprecation notice; implementation details removed]
L000007-L000068 | [REDACTED: configuration or implementation details]
L000069 | [SANITIZED] Seed alias: seed3
L000070 | [REDACTED: configuration or implementation details]
L000071 | 
L000072-L000073 | [REDACTED: batch progress and internal diagnostics]
L000074 | 
L000075-L000076 | [REDACTED: batch progress and internal diagnostics]
L000077 | 
L000078-L000079 | [REDACTED: batch progress and internal diagnostics]
L000080-L000083 | [REDACTED: configuration or implementation details]
L000084 | [SANITIZED] Seed alias: seed3
L000085-L000088 | [REDACTED: configuration or implementation details]
L000089 | 
L000090-L000105 | [REDACTED: batch progress and internal diagnostics]
L000106 | [Epoch 0] [Time: 3.12]
L000107 | [Train Loss: 1.7341]
L000108 | [Train F1: 0.23298098941260367]
L000109 | [Train Acc: 0.2637045585689556]
L000110 | [Dev Loss: 1.6766]
L000111 | [Dev F1: 0.1851222861632115]
L000112 | [Dev Acc: 0.29132569558101473]
L000113 | 
L000114-L000129 | [REDACTED: batch progress and internal diagnostics]
L000130 | [Epoch 1] [Time: 2.76]
L000131 | [Train Loss: 1.5004]
L000132 | [Train F1: 0.3243135395983799]
L000133 | [Train Acc: 0.3993075591459896]
L000134 | [Dev Loss: 1.5331]
L000135 | [Dev F1: 0.27143964087107403]
L000136 | [Dev Acc: 0.3878887070376432]
L000137 | 
L000138-L000153 | [REDACTED: batch progress and internal diagnostics]
L000154 | [Epoch 2] [Time: 2.73]
L000155 | [Train Loss: 1.2882]
L000156 | [Train F1: 0.4207545277307042]
L000157 | [Train Acc: 0.47547605308713214]
L000158 | [Dev Loss: 1.4807]
L000159 | [Dev F1: 0.3005123805472617]
L000160 | [Dev Acc: 0.37970540098199673]
L000161 | 
L000162-L000177 | [REDACTED: batch progress and internal diagnostics]
L000178 | [Epoch 3] [Time: 2.76]
L000179 | [Train Loss: 1.2125]
L000180 | [Train F1: 0.4529391607590661]
L000181 | [Train Acc: 0.4908636276206963]
L000182 | [Dev Loss: 1.4023]
L000183 | [Dev F1: 0.3089935768627543]
L000184 | [Dev Acc: 0.40916530278232405]
L000185 | 
L000186-L000201 | [REDACTED: batch progress and internal diagnostics]
L000202 | [Epoch 4] [Time: 2.69]
L000203 | [Train Loss: 1.1563]
L000204 | [Train F1: 0.4904703053058516]
L000205 | [Train Acc: 0.5233698788228506]
L000206 | [Dev Loss: 1.4972]
L000207 | [Dev F1: 0.252020260528159]
L000208 | [Dev Acc: 0.3076923076923077]
L000209 | 
L000210-L000225 | [REDACTED: batch progress and internal diagnostics]
L000226 | [Epoch 5] [Time: 2.65]
L000227 | [Train Loss: 1.1429]
L000228 | [Train F1: 0.5038199975263982]
L000229 | [Train Acc: 0.5220234660511637]
L000230 | [Dev Loss: 1.3847]
L000231 | [Dev F1: 0.30966280459130274]
L000232 | [Dev Acc: 0.38461538461538464]
L000233 | 
L000234-L000249 | [REDACTED: batch progress and internal diagnostics]
L000250 | [Epoch 6] [Time: 2.64]
L000251 | [Train Loss: 1.119]
L000252 | [Train F1: 0.5194854923294825]
L000253 | [Train Acc: 0.5402962108097711]
L000254 | [Dev Loss: 1.5099]
L000255 | [Dev F1: 0.3266938770722437]
L000256 | [Dev Acc: 0.37970540098199673]
L000257 | 
L000258-L000273 | [REDACTED: batch progress and internal diagnostics]
L000274 | [Epoch 7] [Time: 2.62]
L000275 | [Train Loss: 1.083]
L000276 | [Train F1: 0.5477170546585589]
L000277 | [Train Acc: 0.5572225427966917]
L000278 | [Dev Loss: 1.4026]
L000279 | [Dev F1: 0.3185972086932625]
L000280 | [Dev Acc: 0.41407528641571195]
L000281 | 
L000282-L000297 | [REDACTED: batch progress and internal diagnostics]
L000298 | [Epoch 8] [Time: 2.76]
L000299 | [Train Loss: 1.0801]
L000300 | [Train F1: 0.5508233609242204]
L000301 | [Train Acc: 0.5664550875168302]
L000302 | [Dev Loss: 1.4456]
L000303 | [Dev F1: 0.325073095964601]
L000304 | [Dev Acc: 0.3780687397708674]
L000305 | 
L000306-L000321 | [REDACTED: batch progress and internal diagnostics]
L000322 | [Epoch 9] [Time: 2.72]
L000323 | [Train Loss: 1.0595]
L000324 | [Train F1: 0.5466293607445092]
L000325 | [Train Acc: 0.5601077130217349]
L000326 | [Dev Loss: 1.3853]
L000327 | [Dev F1: 0.34625352073072774]
L000328 | [Dev Acc: 0.3960720130932897]
L000329 | 
L000330-L000345 | [REDACTED: batch progress and internal diagnostics]
L000346 | [Epoch 10] [Time: 2.84]
L000347 | [Train Loss: 1.0493]
L000348 | [Train F1: 0.5617177117750851]
L000349 | [Train Acc: 0.569532602423543]
L000350 | [Dev Loss: 1.4484]
L000351 | [Dev F1: 0.30535520596225074]
L000352 | [Dev Acc: 0.41898527004909986]
L000353 | 
L000354-L000369 | [REDACTED: batch progress and internal diagnostics]
L000370 | [Epoch 11] [Time: 2.72]
L000371 | [Train Loss: 1.0351]
L000372 | [Train F1: 0.5568489231738578]
L000373 | [Train Acc: 0.5643392960184651]
L000374 | [Dev Loss: 1.3569]
L000375 | [Dev F1: 0.36461910732578673]
L000376 | [Dev Acc: 0.397708674304419]
L000377 | 
L000378-L000393 | [REDACTED: batch progress and internal diagnostics]
L000394 | [Epoch 12] [Time: 2.62]
L000395 | [Train Loss: 1.037]
L000396 | [Train F1: 0.5530141172154079]
L000397 | [Train Acc: 0.5683785343335257]
L000398 | [Dev Loss: 1.3726]
L000399 | [Dev F1: 0.3281239296464356]
L000400 | [Dev Acc: 0.4337152209492635]
L000401 | 
L000402-L000417 | [REDACTED: batch progress and internal diagnostics]
L000418 | [Epoch 13] [Time: 2.66]
L000419 | [Train Loss: 1.0252]
L000420 | [Train F1: 0.56072436050502]
L000421 | [Train Acc: 0.5670321215618388]
L000422 | [Dev Loss: 1.3328]
L000423 | [Dev F1: 0.35826007431140505]
L000424 | [Dev Acc: 0.3944353518821604]
L000425 | 
L000426-L000441 | [REDACTED: batch progress and internal diagnostics]
L000442 | [Epoch 14] [Time: 2.79]
L000443 | [Train Loss: 1.0024]
L000444 | [Train F1: 0.565887982587226]
L000445 | [Train Acc: 0.5753029428736296]
L000446 | [Dev Loss: 1.3636]
L000447 | [Dev F1: 0.3517498711168807]
L000448 | [Dev Acc: 0.4353518821603928]
L000449 | 
L000450-L000465 | [REDACTED: batch progress and internal diagnostics]
L000466 | [Epoch 15] [Time: 2.66]
L000467 | [Train Loss: 0.9894]
L000468 | [Train F1: 0.5720477178854949]
L000469 | [Train Acc: 0.5822273514137334]
L000470 | [Dev Loss: 1.3339]
L000471 | [Dev F1: 0.34891811189097593]
L000472 | [Dev Acc: 0.3895253682487725]
L000473 | 
L000474-L000489 | [REDACTED: batch progress and internal diagnostics]
L000490 | [Epoch 16] [Time: 2.73]
L000491 | [Train Loss: 0.9711]
L000492 | [Train F1: 0.5895955738119576]
L000493 | [Train Acc: 0.5989613387189844]
L000494 | [Dev Loss: 1.3704]
L000495 | [Dev F1: 0.3388627281506799]
L000496 | [Dev Acc: 0.3944353518821604]
L000497 | 
L000498-L000513 | [REDACTED: batch progress and internal diagnostics]
L000514 | [Epoch 17] [Time: 2.68]
L000515 | [Train Loss: 0.9568]
L000516 | [Train F1: 0.5861379972155932]
L000517 | [Train Acc: 0.5968455472206193]
L000518 | [Dev Loss: 1.3537]
L000519 | [Dev F1: 0.3873562242526467]
L000520 | [Dev Acc: 0.4451718494271686]
L000521 | 
L000522-L000537 | [REDACTED: batch progress and internal diagnostics]
L000538 | [Epoch 18] [Time: 2.86]
L000539 | [Train Loss: 0.9605]
L000540 | [Train F1: 0.5892120397661169]
L000541 | [Train Acc: 0.5945374110405848]
L000542 | [Dev Loss: 1.3897]
L000543 | [Dev F1: 0.3599696139649953]
L000544 | [Dev Acc: 0.41734860883797054]
L000545 | 
L000546-L000561 | [REDACTED: batch progress and internal diagnostics]
L000562 | [Epoch 19] [Time: 2.70]
L000563 | [Train Loss: 0.9474]
L000564 | [Train F1: 0.5899134484021531]
L000565 | [Train Acc: 0.5999230621273322]
L000566 | [Dev Loss: 1.3255]
L000567 | [Dev F1: 0.3720113195098724]
L000568 | [Dev Acc: 0.4337152209492635]
L000569 | 
L000570-L000585 | [REDACTED: batch progress and internal diagnostics]
L000586 | [Epoch 20] [Time: 2.71]
L000587 | [Train Loss: 0.9525]
L000588 | [Train F1: 0.5854007672662386]
L000589 | [Train Acc: 0.593575687632237]
L000590 | [Dev Loss: 1.3574]
L000591 | [Dev F1: 0.39550533347849015]
L000592 | [Dev Acc: 0.4353518821603928]
L000593 | 
L000594-L000609 | [REDACTED: batch progress and internal diagnostics]
L000610 | [Epoch 21] [Time: 2.72]
L000611 | [Train Loss: 0.9411]
L000612 | [Train F1: 0.6015484527589982]
L000613 | [Train Acc: 0.6043469898057319]
L000614 | [Dev Loss: 1.3541]
L000615 | [Dev F1: 0.3589089835839754]
L000616 | [Dev Acc: 0.44844517184942717]
L000617 | 
L000618-L000633 | [REDACTED: batch progress and internal diagnostics]
L000634 | [Epoch 22] [Time: 2.69]
L000635 | [Train Loss: 0.9349]
L000636 | [Train F1: 0.5966196434744653]
L000637 | [Train Acc: 0.6043469898057319]
L000638 | [Dev Loss: 1.3748]
L000639 | [Dev F1: 0.3857926257250498]
L000640 | [Dev Acc: 0.43044189852700493]
L000641 | 
L000642-L000657 | [REDACTED: batch progress and internal diagnostics]
L000658 | [Epoch 23] [Time: 2.70]
L000659 | [Train Loss: 0.925]
L000660 | [Train F1: 0.6077584374541495]
L000661 | [Train Acc: 0.6151182919792267]
L000662 | [Dev Loss: 1.4169]
L000663 | [Dev F1: 0.36927210609236993]
L000664 | [Dev Acc: 0.44353518821603927]
L000665 | 
L000666-L000681 | [REDACTED: batch progress and internal diagnostics]
L000682 | [Epoch 24] [Time: 2.70]
L000683 | [Train Loss: 0.9323]
L000684 | [Train F1: 0.6038483199585588]
L000685 | [Train Acc: 0.6056934025774188]
L000686 | [Dev Loss: 1.371]
L000687 | [Dev F1: 0.35360472916217817]
L000688 | [Dev Acc: 0.4353518821603928]
L000689 | 
L000690-L000705 | [REDACTED: batch progress and internal diagnostics]
L000706 | [Epoch 25] [Time: 2.72]
L000707 | [Train Loss: 0.9238]
L000708 | [Train F1: 0.6083442215214528]
L000709 | [Train Acc: 0.6172340834775919]
L000710 | [Dev Loss: 1.3188]
L000711 | [Dev F1: 0.39447566882466056]
L000712 | [Dev Acc: 0.4386252045826514]
L000713 | 
L000714-L000729 | [REDACTED: batch progress and internal diagnostics]
L000730 | [Epoch 26] [Time: 2.73]
L000731 | [Train Loss: 0.9141]
L000732 | [Train F1: 0.6050621953613473]
L000733 | [Train Acc: 0.6101173302558184]
L000734 | [Dev Loss: 1.3678]
L000735 | [Dev F1: 0.34031313733746726]
L000736 | [Dev Acc: 0.4386252045826514]
L000737 | 
L000738-L000753 | [REDACTED: batch progress and internal diagnostics]
L000754 | [Epoch 27] [Time: 2.63]
L000755 | [Train Loss: 0.9074]
L000756 | [Train F1: 0.6066387187640783]
L000757 | [Train Acc: 0.6099249855741489]
L000758 | [Dev Loss: 1.232]
L000759 | [Dev F1: 0.4560008016750823]
L000760 | [Dev Acc: 0.48936170212765956]
L000761 | 
L000762-L000777 | [REDACTED: batch progress and internal diagnostics]
L000778 | [Epoch 28] [Time: 2.66]
L000779 | [Train Loss: 0.8982]
L000780 | [Train F1: 0.6142019570448294]
L000781 | [Train Acc: 0.6189651856126178]
L000782 | [Dev Loss: 1.3357]
L000783 | [Dev F1: 0.396650621264289]
L000784 | [Dev Acc: 0.4500818330605565]
L000785 | 
L000786-L000801 | [REDACTED: batch progress and internal diagnostics]
L000802 | [Epoch 29] [Time: 2.76]
L000803 | [Train Loss: 0.8891]
L000804 | [Train F1: 0.6129908301793384]
L000805 | [Train Acc: 0.6178111175226005]
L000806 | [Dev Loss: 1.2935]
L000807 | [Dev F1: 0.4044506642258153]
L000808 | [Dev Acc: 0.46481178396072015]
L000809 | 
L000810-L000825 | [REDACTED: batch progress and internal diagnostics]
L000826 | [Epoch 30] [Time: 2.79]
L000827 | [Train Loss: 0.8829]
L000828 | [Train F1: 0.6160998645698464]
L000829 | [Train Acc: 0.6160800153875745]
L000830 | [Dev Loss: 1.3229]
L000831 | [Dev F1: 0.3979416844024076]
L000832 | [Dev Acc: 0.45662847790507366]
L000833 | 
L000834-L000849 | [REDACTED: batch progress and internal diagnostics]
L000850 | [Epoch 31] [Time: 2.81]
L000851 | [Train Loss: 0.871]
L000852 | [Train F1: 0.6232821148061861]
L000853 | [Train Acc: 0.6306982111944605]
L000854 | [Dev Loss: 1.2657]
L000855 | [Dev F1: 0.3964646480788712]
L000856 | [Dev Acc: 0.45499181669394434]
L000857 | 
L000858-L000873 | [REDACTED: batch progress and internal diagnostics]
L000874 | [Epoch 32] [Time: 2.76]
L000875 | [Train Loss: 0.8571]
L000876 | [Train F1: 0.6290307552323431]
L000877 | [Train Acc: 0.6333910367378341]
L000878 | [Dev Loss: 1.3133]
L000879 | [Dev F1: 0.3960755284261157]
L000880 | [Dev Acc: 0.44844517184942717]
L000881 | 
L000882-L000897 | [REDACTED: batch progress and internal diagnostics]
L000898 | [Epoch 33] [Time: 2.76]
L000899 | [Train Loss: 0.8654]
L000900 | [Train F1: 0.6281971631223054]
L000901 | [Train Acc: 0.6299288324677823]
L000902 | [Dev Loss: 1.279]
L000903 | [Dev F1: 0.3994291119926795]
L000904 | [Dev Acc: 0.45662847790507366]
L000905 | 
L000906-L000921 | [REDACTED: batch progress and internal diagnostics]
L000922 | [Epoch 34] [Time: 2.68]
L000923 | [Train Loss: 0.8622]
L000924 | [Train F1: 0.6282969923812253]
L000925 | [Train Acc: 0.6314675899211387]
L000926 | [Dev Loss: 1.2368]
L000927 | [Dev F1: 0.42265518284810333]
L000928 | [Dev Acc: 0.46153846153846156]
L000929 | 
L000930-L000945 | [REDACTED: batch progress and internal diagnostics]
L000946 | [Epoch 35] [Time: 2.77]
L000947 | [Train Loss: 0.851]
L000948 | [Train F1: 0.6272752077024963]
L000949 | [Train Acc: 0.6299288324677823]
L000950 | [Dev Loss: 1.3385]
L000951 | [Dev F1: 0.3891661450591168]
L000952 | [Dev Acc: 0.44189852700491]
L000953 | 
L000954-L000969 | [REDACTED: batch progress and internal diagnostics]
L000970 | [Epoch 36] [Time: 2.86]
L000971 | [Train Loss: 0.849]
L000972 | [Train F1: 0.6285585844406498]
L000973 | [Train Acc: 0.634737449509521]
L000974 | [Dev Loss: 1.2138]
L000975 | [Dev F1: 0.4385264964114532]
L000976 | [Dev Acc: 0.46808510638297873]
L000977 | 
L000978-L000993 | [REDACTED: batch progress and internal diagnostics]
L000994 | [Epoch 37] [Time: 2.67]
L000995 | [Train Loss: 0.8485]
L000996 | [Train F1: 0.6330271825520218]
L000997 | [Train Acc: 0.636083862281208]
L000998 | [Dev Loss: 1.2746]
L000999 | [Dev F1: 0.42306387223720077]
L001000 | [Dev Acc: 0.47299509001636664]
L001001 | 
L001002-L001017 | [REDACTED: batch progress and internal diagnostics]
L001018 | [Epoch 38] [Time: 2.85]
L001019 | [Train Loss: 0.8433]
L001020 | [Train F1: 0.6292518349367684]
L001021 | [Train Acc: 0.6337757261011733]
L001022 | [Dev Loss: 1.2819]
L001023 | [Dev F1: 0.4024112129790859]
L001024 | [Dev Acc: 0.46481178396072015]
L001025 | 
L001026-L001041 | [REDACTED: batch progress and internal diagnostics]
L001042 | [Epoch 39] [Time: 2.78]
L001043 | [Train Loss: 0.8365]
L001044 | [Train F1: 0.6365566134080944]
L001045 | [Train Acc: 0.6387766878245816]
L001046 | [Dev Loss: 1.2282]
L001047 | [Dev F1: 0.43372689603931336]
L001048 | [Dev Acc: 0.4795417348608838]
L001049 | 
L001050-L001065 | [REDACTED: batch progress and internal diagnostics]
L001066 | [Epoch 40] [Time: 2.78]
L001067 | [Train Loss: 0.8228]
L001068 | [Train F1: 0.6358375158872425]
L001069 | [Train Acc: 0.6395460665512599]
L001070 | [Dev Loss: 1.255]
L001071 | [Dev F1: 0.4278208855155511]
L001072 | [Dev Acc: 0.47299509001636664]
L001073 | 
L001074-L001089 | [REDACTED: batch progress and internal diagnostics]
L001090 | [Epoch 41] [Time: 2.80]
L001091 | [Train Loss: 0.8469]
L001092 | [Train F1: 0.6302636115023347]
L001093 | [Train Acc: 0.6331986920561646]
L001094 | [Dev Loss: 1.2933]
L001095 | [Dev F1: 0.41393616049432796]
L001096 | [Dev Acc: 0.4664484451718494]
L001097 | 
L001098-L001113 | [REDACTED: batch progress and internal diagnostics]
L001114 | [Epoch 42] [Time: 2.64]
L001115 | [Train Loss: 0.8457]
L001116 | [Train F1: 0.627641486808464]
L001117 | [Train Acc: 0.6308905558761301]
L001118 | [Dev Loss: 1.2162]
L001119 | [Dev F1: 0.4129979603565763]
L001120 | [Dev Acc: 0.4500818330605565]
L001121 | 
L001122-L001137 | [REDACTED: batch progress and internal diagnostics]
L001138 | [Epoch 43] [Time: 2.77]
L001139 | [Train Loss: 0.8299]
L001140 | [Train F1: 0.6343214681375591]
L001141 | [Train Acc: 0.6372379303712252]
L001142 | [Dev Loss: 1.3702]
L001143 | [Dev F1: 0.3680437829808586]
L001144 | [Dev Acc: 0.4402618657937807]
L001145 | 
L001146-L001161 | [REDACTED: batch progress and internal diagnostics]
L001162 | [Epoch 44] [Time: 2.86]
L001163 | [Train Loss: 0.8463]
L001164 | [Train F1: 0.6267563316607065]
L001165 | [Train Acc: 0.630505866512791]
L001166 | [Dev Loss: 1.2658]
L001167 | [Dev F1: 0.3940427206911253]
L001168 | [Dev Acc: 0.45990180032733224]
L001169 | 
L001170-L001185 | [REDACTED: batch progress and internal diagnostics]
L001186 | [Epoch 45] [Time: 2.74]
L001187 | [Train Loss: 0.8219]
L001188 | [Train F1: 0.6328805948784538]
L001189 | [Train Acc: 0.6368532410078861]
L001190 | [Dev Loss: 1.2697]
L001191 | [Dev F1: 0.4103334406186266]
L001192 | [Dev Acc: 0.45499181669394434]
L001193 | 
L001194-L001209 | [REDACTED: batch progress and internal diagnostics]
L001210 | [Epoch 46] [Time: 2.74]
L001211 | [Train Loss: 0.8362]
L001212 | [Train F1: 0.6334159535166916]
L001213 | [Train Acc: 0.634737449509521]
L001214 | [Dev Loss: 1.228]
L001215 | [Dev F1: 0.43398118069915265]
L001216 | [Dev Acc: 0.4795417348608838]
L001217 | 
L001218-L001233 | [REDACTED: batch progress and internal diagnostics]
L001234 | [Epoch 47] [Time: 2.66]
L001235 | [Train Loss: 0.8187]
L001236 | [Train F1: 0.6319572801836602]
L001237 | [Train Acc: 0.6370455856895557]
L001238 | [Dev Loss: 1.3665]
L001239 | [Dev F1: 0.35232285139699676]
L001240 | [Dev Acc: 0.4353518821603928]
L001241 | 
L001242-L001257 | [REDACTED: batch progress and internal diagnostics]
L001258 | [Epoch 48] [Time: 2.60]
L001259 | [Train Loss: 0.8232]
L001260 | [Train F1: 0.6365050520603717]
L001261 | [Train Acc: 0.6393537218695903]
L001262 | [Dev Loss: 1.2071]
L001263 | [Dev F1: 0.41469853778531934]
L001264 | [Dev Acc: 0.46317512274959083]
L001265 | 
L001266-L001281 | [REDACTED: batch progress and internal diagnostics]
L001282 | [Epoch 49] [Time: 2.67]
L001283 | [Train Loss: 0.8175]
L001284 | [Train F1: 0.6438645507806784]
L001285 | [Train Acc: 0.6466628197730333]
L001286 | [Dev Loss: 1.2695]
L001287 | [Dev F1: 0.3975525310033728]
L001288 | [Dev Acc: 0.46481178396072015]
L001289 | 
L001290-L001305 | [REDACTED: batch progress and internal diagnostics]
L001306 | [Epoch 50] [Time: 2.71]
L001307 | [Train Loss: 0.8158]
L001308 | [Train F1: 0.6376203375311109]
L001309 | [Train Acc: 0.6401231005962685]
L001310 | [Dev Loss: 1.189]
L001311 | [Dev F1: 0.41936673165635596]
L001312 | [Dev Acc: 0.4746317512274959]
L001313 | 
L001314-L001329 | [REDACTED: batch progress and internal diagnostics]
L001330 | [Epoch 51] [Time: 2.53]
L001331 | [Train Loss: 0.817]
L001332 | [Train F1: 0.6372397966578855]
L001333 | [Train Acc: 0.6399307559145989]
L001334 | [Dev Loss: 1.3081]
L001335 | [Dev F1: 0.400728365335673]
L001336 | [Dev Acc: 0.4533551554828151]
L001337 | 
L001338-L001353 | [REDACTED: batch progress and internal diagnostics]
L001354 | [Epoch 52] [Time: 2.82]
L001355 | [Train Loss: 0.8241]
L001356 | [Train F1: 0.6305820733797948]
L001357 | [Train Acc: 0.6356991729178688]
L001358 | [Dev Loss: 1.2506]
L001359 | [Dev F1: 0.42980680459875287]
L001360 | [Dev Acc: 0.4746317512274959]
L001361 | 
L001362-L001377 | [REDACTED: batch progress and internal diagnostics]
L001378 | [Epoch 53] [Time: 2.59]
L001379 | [Train Loss: 0.8092]
L001380 | [Train F1: 0.6438138896427563]
L001381 | [Train Acc: 0.6466628197730333]
L001382 | [Dev Loss: 1.2658]
L001383 | [Dev F1: 0.39589131343215117]
L001384 | [Dev Acc: 0.45990180032733224]
L001385 | 
L001386-L001401 | [REDACTED: batch progress and internal diagnostics]
L001402 | [Epoch 54] [Time: 2.95]
L001403 | [Train Loss: 0.8066]
L001404 | [Train F1: 0.6451953800126079]
L001405 | [Train Acc: 0.6470475091363724]
L001406 | [Dev Loss: 1.3561]
L001407 | [Dev F1: 0.36928679704485534]
L001408 | [Dev Acc: 0.4337152209492635]
L001409 | 
L001410-L001425 | [REDACTED: batch progress and internal diagnostics]
L001426 | [Epoch 55] [Time: 2.61]
L001427 | [Train Loss: 0.8094]
L001428 | [Train F1: 0.6407487571667663]
L001429 | [Train Acc: 0.6441623389113291]
L001430 | [Dev Loss: 1.2539]
L001431 | [Dev F1: 0.4269630213759532]
L001432 | [Dev Acc: 0.47299509001636664]
L001433 | 
L001434-L001449 | [REDACTED: batch progress and internal diagnostics]
L001450 | [Epoch 56] [Time: 2.82]
L001451 | [Train Loss: 0.8059]
L001452 | [Train F1: 0.6465908196520814]
L001453 | [Train Acc: 0.6495479899980765]
L001454 | [Dev Loss: 1.2511]
L001455 | [Dev F1: 0.4450859767735189]
L001456 | [Dev Acc: 0.4779050736497545]
L001457 | 
L001458-L001473 | [REDACTED: batch progress and internal diagnostics]
L001474 | [Epoch 57] [Time: 2.59]
L001475 | [Train Loss: 0.7998]
L001476 | [Train F1: 0.6422652155207952]
L001477 | [Train Acc: 0.6455087516830159]
L001478 | [Dev Loss: 1.3592]
L001479 | [Dev F1: 0.33388575913038876]
L001480 | [Dev Acc: 0.4386252045826514]
L001481 | 
L001482-L001497 | [REDACTED: batch progress and internal diagnostics]
L001498 | [Epoch 58] [Time: 2.70]
L001499 | [Train Loss: 0.81]
L001500 | [Train F1: 0.6407005975138452]
L001501 | [Train Acc: 0.6433929601846509]
L001502 | [Dev Loss: 1.2449]
L001503 | [Dev F1: 0.40581799234360105]
L001504 | [Dev Acc: 0.45171849427168576]
L001505 | 
L001506-L001521 | [REDACTED: batch progress and internal diagnostics]
L001522 | [Epoch 59] [Time: 2.72]
L001523 | [Train Loss: 0.8046]
L001524 | [Train F1: 0.6452609499513685]
L001525 | [Train Acc: 0.6491633006347375]
L001526 | [Dev Loss: 1.2633]
L001527 | [Dev F1: 0.38515760919634484]
L001528 | [Dev Acc: 0.44353518821603927]
L001529 | 
L001530-L001545 | [REDACTED: batch progress and internal diagnostics]
L001546 | [Epoch 60] [Time: 2.62]
L001547 | [Train Loss: 0.8023]
L001548 | [Train F1: 0.6395397587119445]
L001549 | [Train Acc: 0.64377764954799]
L001550 | [Dev Loss: 1.3452]
L001551 | [Dev F1: 0.37349164794181827]
L001552 | [Dev Acc: 0.45171849427168576]
L001553 | 
L001554-L001569 | [REDACTED: batch progress and internal diagnostics]
L001570 | [Epoch 61] [Time: 2.82]
L001571 | [Train Loss: 0.8046]
L001572 | [Train F1: 0.6476890883641648]
L001573 | [Train Acc: 0.6487786112713984]
L001574 | [Dev Loss: 1.2306]
L001575 | [Dev F1: 0.4052830377084411]
L001576 | [Dev Acc: 0.4582651391162029]
L001577 | 
L001578-L001593 | [REDACTED: batch progress and internal diagnostics]
L001594 | [Epoch 62] [Time: 2.73]
L001595 | [Train Loss: 0.8033]
L001596 | [Train F1: 0.6401812662814097]
L001597 | [Train Acc: 0.6453164070013464]
L001598 | [Dev Loss: 1.3496]
L001599 | [Dev F1: 0.3751254597847025]
L001600 | [Dev Acc: 0.4402618657937807]
L001601 | 
L001602-L001617 | [REDACTED: batch progress and internal diagnostics]
L001618 | [Epoch 63] [Time: 2.83]
L001619 | [Train Loss: 0.7933]
L001620 | [Train F1: 0.6473970485753019]
L001621 | [Train Acc: 0.6489709559530679]
L001622 | [Dev Loss: 1.2804]
L001623 | [Dev F1: 0.3983946433217502]
L001624 | [Dev Acc: 0.46481178396072015]
L001625 | 
L001626-L001641 | [REDACTED: batch progress and internal diagnostics]
L001642 | [Epoch 64] [Time: 2.68]
L001643 | [Train Loss: 0.8038]
L001644 | [Train F1: 0.6417533239046608]
L001645 | [Train Acc: 0.6453164070013464]
L001646 | [Dev Loss: 1.259]
L001647 | [Dev F1: 0.4382087403988833]
L001648 | [Dev Acc: 0.4713584288052373]
L001649 | 
L001650-L001665 | [REDACTED: batch progress and internal diagnostics]
L001666 | [Epoch 65] [Time: 2.62]
L001667 | [Train Loss: 0.8013]
L001668 | [Train F1: 0.6457936046417112]
L001669 | [Train Acc: 0.6489709559530679]
L001670 | [Dev Loss: 1.2761]
L001671 | [Dev F1: 0.39902239894627045]
L001672 | [Dev Acc: 0.46317512274959083]
L001673 | 
L001674-L001689 | [REDACTED: batch progress and internal diagnostics]
L001690 | [Epoch 66] [Time: 2.77]
L001691 | [Train Loss: 0.7865]
L001692 | [Train F1: 0.6549256409947505]
L001693 | [Train Acc: 0.6574341219465282]
L001694 | [Dev Loss: 1.2507]
L001695 | [Dev F1: 0.4320139582341718]
L001696 | [Dev Acc: 0.47299509001636664]
L001697 | 
L001698-L001713 | [REDACTED: batch progress and internal diagnostics]
L001714 | [Epoch 67] [Time: 2.77]
L001715 | [Train Loss: 0.7759]
L001716 | [Train F1: 0.6483259062196965]
L001717 | [Train Acc: 0.6512790921331025]
L001718 | [Dev Loss: 1.2884]
L001719 | [Dev F1: 0.39385988715980574]
L001720 | [Dev Acc: 0.4582651391162029]
L001721 | Early stopping at epoch: 67
L001722 | Last model
L001723 |               precision    recall  f1-score   support
L001724 | 
L001725 |          hap     0.5565    0.4444    0.4942       144
L001726 |          sad     0.7902    0.6612    0.7200       245
L001727 |          neu     0.5765    0.5885    0.5825       384
L001728 |          ang     0.5602    0.5471    0.5536       170
L001729 |          exc     0.6940    0.8495    0.7639       299
L001730 |          fru     0.5251    0.5223    0.5237       381
L001731 | 
L001732 |     accuracy                         0.6149      1623
L001733 |    macro avg     0.6171    0.6022    0.6063      1623
L001734 | weighted avg     0.6149    0.6149    0.6120      1623
L001735 | 
L001736 | Best model at epoch: 27
L001737 | Best dev F1: 0.4560008016750823
L001738 |               precision    recall  f1-score   support
L001739 | 
L001740 |          hap     0.6375    0.3542    0.4554       144
L001741 |          sad     0.6850    0.7102    0.6974       245
L001742 |          neu     0.5349    0.6380    0.5819       384
L001743 |          ang     0.6549    0.5471    0.5962       170
L001744 |          exc     0.7125    0.7458    0.7288       299
L001745 |          fru     0.5346    0.5276    0.5310       381
L001746 | 
L001747 |     accuracy                         0.6081      1623
L001748 |    macro avg     0.6266    0.5871    0.5984      1623
L001749 | weighted avg     0.6119    0.6081    0.6047      1623
L001750 | 
L001751 | Best test F1: 0.604727998243652
L001752 | Best test Acc: 0.6081330868761553
L001753 | [SANITIZED] Saved checkpoint: [path and filename removed]
