# Redacted copy of an existing run log.
# run_id: G01-seed4
# dataset: IEMOCAP
# model: GCNet+AMBER
# imr: (0.3,0.5,0.7)
# seed_alias: seed4
# original_log_sha256: 4de5da7c3b5798021861c27ec1e2939d5036de5b024e8f0bbed2767ea8f533b0
# source_record_status: ok
# source_record_process_return_code: 3221226505
# L numbers refer to source logical lines; REDACTED/SANITIZED text is editorial.
L000001-L000005 | [REDACTED: configuration or implementation details]
L000006 | [SANITIZED] FutureWarning: [dependency deprecation notice; implementation details removed]
L000007-L000068 | [REDACTED: configuration or implementation details]
L000069 | [SANITIZED] Seed alias: seed4
L000070 | [REDACTED: configuration or implementation details]
L000071 | 
L000072-L000073 | [REDACTED: batch progress and internal diagnostics]
L000074 | 
L000075-L000076 | [REDACTED: batch progress and internal diagnostics]
L000077 | 
L000078-L000079 | [REDACTED: batch progress and internal diagnostics]
L000080-L000083 | [REDACTED: configuration or implementation details]
L000084 | [SANITIZED] Seed alias: seed4
L000085-L000088 | [REDACTED: configuration or implementation details]
L000089 | 
L000090-L000105 | [REDACTED: batch progress and internal diagnostics]
L000106 | [Epoch 0] [Time: 3.20]
L000107 | [Train Loss: 1.7073]
L000108 | [Train F1: 0.2534551315061975]
L000109 | [Train Acc: 0.3325639546066551]
L000110 | [Dev Loss: 1.6252]
L000111 | [Dev F1: 0.25093575189045786]
L000112 | [Dev Acc: 0.3862520458265139]
L000113 | 
L000114-L000129 | [REDACTED: batch progress and internal diagnostics]
L000130 | [Epoch 1] [Time: 2.74]
L000131 | [Train Loss: 1.4487]
L000132 | [Train F1: 0.35288545264424054]
L000133 | [Train Acc: 0.452779380650125]
L000134 | [Dev Loss: 1.4973]
L000135 | [Dev F1: 0.27143964087107403]
L000136 | [Dev Acc: 0.3878887070376432]
L000137 | 
L000138-L000153 | [REDACTED: batch progress and internal diagnostics]
L000154 | [Epoch 2] [Time: 2.75]
L000155 | [Train Loss: 1.264]
L000156 | [Train F1: 0.38800863408823894]
L000157 | [Train Acc: 0.46662819773033276]
L000158 | [Dev Loss: 1.4344]
L000159 | [Dev F1: 0.35109954157106477]
L000160 | [Dev Acc: 0.41080196399345337]
L000161 | 
L000162-L000177 | [REDACTED: batch progress and internal diagnostics]
L000178 | [Epoch 3] [Time: 2.75]
L000179 | [Train Loss: 1.1888]
L000180 | [Train F1: 0.4707044639271472]
L000181 | [Train Acc: 0.5125985766493556]
L000182 | [Dev Loss: 1.4193]
L000183 | [Dev F1: 0.34146306281794997]
L000184 | [Dev Acc: 0.3878887070376432]
L000185 | 
L000186-L000201 | [REDACTED: batch progress and internal diagnostics]
L000202 | [Epoch 4] [Time: 2.76]
L000203 | [Train Loss: 1.1332]
L000204 | [Train F1: 0.5151480125098316]
L000205 | [Train Acc: 0.5393344874014233]
L000206 | [Dev Loss: 1.3527]
L000207 | [Dev F1: 0.31684165419127447]
L000208 | [Dev Acc: 0.381342062193126]
L000209 | 
L000210-L000225 | [REDACTED: batch progress and internal diagnostics]
L000226 | [Epoch 5] [Time: 2.70]
L000227 | [Train Loss: 1.1229]
L000228 | [Train F1: 0.5174109547051362]
L000229 | [Train Acc: 0.5337564916330063]
L000230 | [Dev Loss: 1.3837]
L000231 | [Dev F1: 0.3470224674493645]
L000232 | [Dev Acc: 0.3911620294599018]
L000233 | 
L000234-L000249 | [REDACTED: batch progress and internal diagnostics]
L000250 | [Epoch 6] [Time: 2.74]
L000251 | [Train Loss: 1.107]
L000252 | [Train F1: 0.5288065394622858]
L000253 | [Train Acc: 0.5510675129832661]
L000254 | [Dev Loss: 1.4328]
L000255 | [Dev F1: 0.3266938770722437]
L000256 | [Dev Acc: 0.37970540098199673]
L000257 | 
L000258-L000273 | [REDACTED: batch progress and internal diagnostics]
L000274 | [Epoch 7] [Time: 2.66]
L000275 | [Train Loss: 1.0817]
L000276 | [Train F1: 0.5404708417016851]
L000277 | [Train Acc: 0.5476053087132141]
L000278 | [Dev Loss: 1.3318]
L000279 | [Dev F1: 0.3347970540852175]
L000280 | [Dev Acc: 0.3649754500818331]
L000281 | 
L000282-L000297 | [REDACTED: batch progress and internal diagnostics]
L000298 | [Epoch 8] [Time: 2.70]
L000299 | [Train Loss: 1.0816]
L000300 | [Train F1: 0.5554741062908338]
L000301 | [Train Acc: 0.5743412194652818]
L000302 | [Dev Loss: 1.3728]
L000303 | [Dev F1: 0.3179047907923871]
L000304 | [Dev Acc: 0.3878887070376432]
L000305 | 
L000306-L000321 | [REDACTED: batch progress and internal diagnostics]
L000322 | [Epoch 9] [Time: 2.80]
L000323 | [Train Loss: 1.0431]
L000324 | [Train F1: 0.5579009688933638]
L000325 | [Train Acc: 0.571263704558569]
L000326 | [Dev Loss: 1.2832]
L000327 | [Dev F1: 0.33071790986519745]
L000328 | [Dev Acc: 0.3617021276595745]
L000329 | 
L000330-L000345 | [REDACTED: batch progress and internal diagnostics]
L000346 | [Epoch 10] [Time: 2.57]
L000347 | [Train Loss: 1.0333]
L000348 | [Train F1: 0.5591021148280214]
L000349 | [Train Acc: 0.5687632236968648]
L000350 | [Dev Loss: 1.3693]
L000351 | [Dev F1: 0.3171954044507712]
L000352 | [Dev Acc: 0.3829787234042553]
L000353 | 
L000354-L000369 | [REDACTED: batch progress and internal diagnostics]
L000370 | [Epoch 11] [Time: 2.49]
L000371 | [Train Loss: 1.0165]
L000372 | [Train F1: 0.5746342289889025]
L000373 | [Train Acc: 0.5881900365454895]
L000374 | [Dev Loss: 1.2556]
L000375 | [Dev F1: 0.35179578062684824]
L000376 | [Dev Acc: 0.41407528641571195]
L000377 | 
L000378-L000393 | [REDACTED: batch progress and internal diagnostics]
L000394 | [Epoch 12] [Time: 2.74]
L000395 | [Train Loss: 0.9956]
L000396 | [Train F1: 0.5853262863109913]
L000397 | [Train Acc: 0.591844585497211]
L000398 | [Dev Loss: 1.3291]
L000399 | [Dev F1: 0.35168556344895674]
L000400 | [Dev Acc: 0.381342062193126]
L000401 | 
L000402-L000417 | [REDACTED: batch progress and internal diagnostics]
L000418 | [Epoch 13] [Time: 2.67]
L000419 | [Train Loss: 0.9855]
L000420 | [Train F1: 0.5818556418152848]
L000421 | [Train Acc: 0.5943450663589152]
L000422 | [Dev Loss: 1.2902]
L000423 | [Dev F1: 0.37210930705642087]
L000424 | [Dev Acc: 0.42225859247135844]
L000425 | 
L000426-L000441 | [REDACTED: batch progress and internal diagnostics]
L000442 | [Epoch 14] [Time: 2.80]
L000443 | [Train Loss: 0.972]
L000444 | [Train F1: 0.5924601913181589]
L000445 | [Train Acc: 0.5997307174456626]
L000446 | [Dev Loss: 1.3196]
L000447 | [Dev F1: 0.33540598678239947]
L000448 | [Dev Acc: 0.41080196399345337]
L000449 | 
L000450-L000465 | [REDACTED: batch progress and internal diagnostics]
L000466 | [Epoch 15] [Time: 2.76]
L000467 | [Train Loss: 0.9668]
L000468 | [Train F1: 0.5833595789171003]
L000469 | [Train Acc: 0.5914598961338718]
L000470 | [Dev Loss: 1.2564]
L000471 | [Dev F1: 0.42125228881919685]
L000472 | [Dev Acc: 0.4762684124386252]
L000473 | 
L000474-L000489 | [REDACTED: batch progress and internal diagnostics]
L000490 | [Epoch 16] [Time: 2.67]
L000491 | [Train Loss: 0.9569]
L000492 | [Train F1: 0.5847314261927767]
L000493 | [Train Acc: 0.5949221004039238]
L000494 | [Dev Loss: 1.2204]
L000495 | [Dev F1: 0.3987525378992421]
L000496 | [Dev Acc: 0.4369885433715221]
L000497 | 
L000498-L000513 | [REDACTED: batch progress and internal diagnostics]
L000514 | [Epoch 17] [Time: 2.79]
L000515 | [Train Loss: 0.9616]
L000516 | [Train F1: 0.5868199796615997]
L000517 | [Train Acc: 0.5937680323139065]
L000518 | [Dev Loss: 1.3532]
L000519 | [Dev F1: 0.33090666415430436]
L000520 | [Dev Acc: 0.40425531914893614]
L000521 | 
L000522-L000537 | [REDACTED: batch progress and internal diagnostics]
L000538 | [Epoch 18] [Time: 2.78]
L000539 | [Train Loss: 0.9352]
L000540 | [Train F1: 0.5992413404014058]
L000541 | [Train Acc: 0.6080015387574533]
L000542 | [Dev Loss: 1.2538]
L000543 | [Dev F1: 0.40886883464449914]
L000544 | [Dev Acc: 0.46808510638297873]
L000545 | 
L000546-L000561 | [REDACTED: batch progress and internal diagnostics]
L000562 | [Epoch 19] [Time: 2.64]
L000563 | [Train Loss: 0.9381]
L000564 | [Train F1: 0.6002136822825321]
L000565 | [Train Acc: 0.606847470667436]
L000566 | [Dev Loss: 1.3397]
L000567 | [Dev F1: 0.3336139123540918]
L000568 | [Dev Acc: 0.40916530278232405]
L000569 | 
L000570-L000585 | [REDACTED: batch progress and internal diagnostics]
L000586 | [Epoch 20] [Time: 2.82]
L000587 | [Train Loss: 0.9343]
L000588 | [Train F1: 0.5979894870530212]
L000589 | [Train Acc: 0.6041546451240624]
L000590 | [Dev Loss: 1.2875]
L000591 | [Dev F1: 0.34971461850680763]
L000592 | [Dev Acc: 0.40098199672667756]
L000593 | 
L000594-L000609 | [REDACTED: batch progress and internal diagnostics]
L000610 | [Epoch 21] [Time: 2.78]
L000611 | [Train Loss: 0.9332]
L000612 | [Train F1: 0.5964634275939563]
L000613 | [Train Acc: 0.6039623004423927]
L000614 | [Dev Loss: 1.345]
L000615 | [Dev F1: 0.35054447258418625]
L000616 | [Dev Acc: 0.4075286415711948]
L000617 | 
L000618-L000633 | [REDACTED: batch progress and internal diagnostics]
L000634 | [Epoch 22] [Time: 2.59]
L000635 | [Train Loss: 0.9301]
L000636 | [Train F1: 0.5980876100283327]
L000637 | [Train Acc: 0.6005000961723408]
L000638 | [Dev Loss: 1.2634]
L000639 | [Dev F1: 0.3701770662867732]
L000640 | [Dev Acc: 0.4500818330605565]
L000641 | 
L000642-L000657 | [REDACTED: batch progress and internal diagnostics]
L000658 | [Epoch 23] [Time: 2.66]
L000659 | [Train Loss: 0.9286]
L000660 | [Train F1: 0.6093022294628385]
L000661 | [Train Acc: 0.6156953260242354]
L000662 | [Dev Loss: 1.2614]
L000663 | [Dev F1: 0.40065037413508997]
L000664 | [Dev Acc: 0.44844517184942717]
L000665 | 
L000666-L000681 | [REDACTED: batch progress and internal diagnostics]
L000682 | [Epoch 24] [Time: 2.66]
L000683 | [Train Loss: 0.9211]
L000684 | [Train F1: 0.5978871632267548]
L000685 | [Train Acc: 0.603000577034045]
L000686 | [Dev Loss: 1.2513]
L000687 | [Dev F1: 0.3800900845370935]
L000688 | [Dev Acc: 0.4500818330605565]
L000689 | 
L000690-L000705 | [REDACTED: batch progress and internal diagnostics]
L000706 | [Epoch 25] [Time: 2.66]
L000707 | [Train Loss: 0.9115]
L000708 | [Train F1: 0.607383286025566]
L000709 | [Train Acc: 0.6083862281207925]
L000710 | [Dev Loss: 1.2564]
L000711 | [Dev F1: 0.388898582537119]
L000712 | [Dev Acc: 0.4157119476268412]
L000713 | 
L000714-L000729 | [REDACTED: batch progress and internal diagnostics]
L000730 | [Epoch 26] [Time: 2.76]
L000731 | [Train Loss: 0.909]
L000732 | [Train F1: 0.6088717658578691]
L000733 | [Train Acc: 0.6185804962492787]
L000734 | [Dev Loss: 1.2569]
L000735 | [Dev F1: 0.40640039635300423]
L000736 | [Dev Acc: 0.45171849427168576]
L000737 | 
L000738-L000753 | [REDACTED: batch progress and internal diagnostics]
L000754 | [Epoch 27] [Time: 2.63]
L000755 | [Train Loss: 0.9068]
L000756 | [Train F1: 0.6224233787649709]
L000757 | [Train Acc: 0.6256972494710521]
L000758 | [Dev Loss: 1.2315]
L000759 | [Dev F1: 0.43396186190033004]
L000760 | [Dev Acc: 0.4713584288052373]
L000761 | 
L000762-L000777 | [REDACTED: batch progress and internal diagnostics]
L000778 | [Epoch 28] [Time: 2.71]
L000779 | [Train Loss: 0.8991]
L000780 | [Train F1: 0.6155678013139979]
L000781 | [Train Acc: 0.6185804962492787]
L000782 | [Dev Loss: 1.2535]
L000783 | [Dev F1: 0.4002972861558775]
L000784 | [Dev Acc: 0.4288052373158756]
L000785 | 
L000786-L000801 | [REDACTED: batch progress and internal diagnostics]
L000802 | [Epoch 29] [Time: 2.73]
L000803 | [Train Loss: 0.8891]
L000804 | [Train F1: 0.6114541665899377]
L000805 | [Train Acc: 0.6191575302942873]
L000806 | [Dev Loss: 1.3212]
L000807 | [Dev F1: 0.4042605152672448]
L000808 | [Dev Acc: 0.44844517184942717]
L000809 | 
L000810-L000825 | [REDACTED: batch progress and internal diagnostics]
L000826 | [Epoch 30] [Time: 2.59]
L000827 | [Train Loss: 0.8945]
L000828 | [Train F1: 0.6093106793384839]
L000829 | [Train Acc: 0.6108867089824966]
L000830 | [Dev Loss: 1.2148]
L000831 | [Dev F1: 0.44719040569015234]
L000832 | [Dev Acc: 0.4828150572831424]
L000833 | 
L000834-L000849 | [REDACTED: batch progress and internal diagnostics]
L000850 | [Epoch 31] [Time: 2.71]
L000851 | [Train Loss: 0.8985]
L000852 | [Train F1: 0.6066097775905721]
L000853 | [Train Acc: 0.6153106366608964]
L000854 | [Dev Loss: 1.2636]
L000855 | [Dev F1: 0.4035823135581197]
L000856 | [Dev Acc: 0.45662847790507366]
L000857 | 
L000858-L000873 | [REDACTED: batch progress and internal diagnostics]
L000874 | [Epoch 32] [Time: 2.78]
L000875 | [Train Loss: 0.8841]
L000876 | [Train F1: 0.6287057838952121]
L000877 | [Train Acc: 0.6293517984227736]
L000878 | [Dev Loss: 1.23]
L000879 | [Dev F1: 0.4350669050718586]
L000880 | [Dev Acc: 0.4828150572831424]
L000881 | 
L000882-L000897 | [REDACTED: batch progress and internal diagnostics]
L000898 | [Epoch 33] [Time: 2.62]
L000899 | [Train Loss: 0.8662]
L000900 | [Train F1: 0.6264979321739843]
L000901 | [Train Acc: 0.6316599346028082]
L000902 | [Dev Loss: 1.2699]
L000903 | [Dev F1: 0.3809413531643244]
L000904 | [Dev Acc: 0.4206219312602291]
L000905 | 
L000906-L000921 | [REDACTED: batch progress and internal diagnostics]
L000922 | [Epoch 34] [Time: 2.82]
L000923 | [Train Loss: 0.861]
L000924 | [Train F1: 0.6336011812984951]
L000925 | [Train Acc: 0.6353144835545297]
L000926 | [Dev Loss: 1.1949]
L000927 | [Dev F1: 0.4499763325340537]
L000928 | [Dev Acc: 0.4877250409165303]
L000929 | 
L000930-L000945 | [REDACTED: batch progress and internal diagnostics]
L000946 | [Epoch 35] [Time: 2.68]
L000947 | [Train Loss: 0.8434]
L000948 | [Train F1: 0.6347289162201359]
L000949 | [Train Acc: 0.6405077899596077]
L000950 | [Dev Loss: 1.2131]
L000951 | [Dev F1: 0.4159777777877017]
L000952 | [Dev Acc: 0.4500818330605565]
L000953 | 
L000954-L000969 | [REDACTED: batch progress and internal diagnostics]
L000970 | [Epoch 36] [Time: 2.79]
L000971 | [Train Loss: 0.8569]
L000972 | [Train F1: 0.6302155233844837]
L000973 | [Train Acc: 0.6310829005577996]
L000974 | [Dev Loss: 1.1855]
L000975 | [Dev F1: 0.43954867620235244]
L000976 | [Dev Acc: 0.4795417348608838]
L000977 | 
L000978-L000993 | [REDACTED: batch progress and internal diagnostics]
L000994 | [Epoch 37] [Time: 2.62]
L000995 | [Train Loss: 0.8611]
L000996 | [Train F1: 0.6181190209403145]
L000997 | [Train Acc: 0.6212733217926524]
L000998 | [Dev Loss: 1.1866]
L000999 | [Dev F1: 0.45936650862188494]
L001000 | [Dev Acc: 0.4713584288052373]
L001001 | 
L001002-L001017 | [REDACTED: batch progress and internal diagnostics]
L001018 | [Epoch 38] [Time: 2.77]
L001019 | [Train Loss: 0.8645]
L001020 | [Train F1: 0.6213083699447726]
L001021 | [Train Acc: 0.6245431813810348]
L001022 | [Dev Loss: 1.2251]
L001023 | [Dev F1: 0.4174702498113001]
L001024 | [Dev Acc: 0.469721767594108]
L001025 | 
L001026-L001041 | [REDACTED: batch progress and internal diagnostics]
L001042 | [Epoch 39] [Time: 2.61]
L001043 | [Train Loss: 0.8603]
L001044 | [Train F1: 0.6208503050271077]
L001045 | [Train Acc: 0.6256972494710521]
L001046 | [Dev Loss: 1.1571]
L001047 | [Dev F1: 0.46398101093869737]
L001048 | [Dev Acc: 0.4877250409165303]
L001049 | 
L001050-L001065 | [REDACTED: batch progress and internal diagnostics]
L001066 | [Epoch 40] [Time: 2.54]
L001067 | [Train Loss: 0.8633]
L001068 | [Train F1: 0.6246937492906406]
L001069 | [Train Acc: 0.624927870744374]
L001070 | [Dev Loss: 1.1893]
L001071 | [Dev F1: 0.4513228715926322]
L001072 | [Dev Acc: 0.4713584288052373]
L001073 | 
L001074-L001089 | [REDACTED: batch progress and internal diagnostics]
L001090 | [Epoch 41] [Time: 2.67]
L001091 | [Train Loss: 0.8644]
L001092 | [Train F1: 0.6253404723530539]
L001093 | [Train Acc: 0.6301211771494518]
L001094 | [Dev Loss: 1.2391]
L001095 | [Dev F1: 0.4285867105740116]
L001096 | [Dev Acc: 0.4713584288052373]
L001097 | 
L001098-L001113 | [REDACTED: batch progress and internal diagnostics]
L001114 | [Epoch 42] [Time: 2.74]
L001115 | [Train Loss: 0.8515]
L001116 | [Train F1: 0.6242427907240783]
L001117 | [Train Acc: 0.6266589728793999]
L001118 | [Dev Loss: 1.1508]
L001119 | [Dev F1: 0.45183125063312146]
L001120 | [Dev Acc: 0.4664484451718494]
L001121 | 
L001122-L001137 | [REDACTED: batch progress and internal diagnostics]
L001138 | [Epoch 43] [Time: 2.74]
L001139 | [Train Loss: 0.8414]
L001140 | [Train F1: 0.6372157776500921]
L001141 | [Train Acc: 0.6422388920946336]
L001142 | [Dev Loss: 1.1863]
L001143 | [Dev F1: 0.4390992906623776]
L001144 | [Dev Acc: 0.4828150572831424]
L001145 | 
L001146-L001161 | [REDACTED: batch progress and internal diagnostics]
L001162 | [Epoch 44] [Time: 2.69]
L001163 | [Train Loss: 0.8361]
L001164 | [Train F1: 0.6359285522788857]
L001165 | [Train Acc: 0.6383919984612425]
L001166 | [Dev Loss: 1.2083]
L001167 | [Dev F1: 0.42588495375241836]
L001168 | [Dev Acc: 0.47299509001636664]
L001169 | 
L001170-L001185 | [REDACTED: batch progress and internal diagnostics]
L001186 | [Epoch 45] [Time: 2.76]
L001187 | [Train Loss: 0.8372]
L001188 | [Train F1: 0.6249959233716582]
L001189 | [Train Acc: 0.630505866512791]
L001190 | [Dev Loss: 1.1673]
L001191 | [Dev F1: 0.43699543253175127]
L001192 | [Dev Acc: 0.4779050736497545]
L001193 | 
L001194-L001209 | [REDACTED: batch progress and internal diagnostics]
L001210 | [Epoch 46] [Time: 2.70]
L001211 | [Train Loss: 0.8324]
L001212 | [Train F1: 0.6369457596277412]
L001213 | [Train Acc: 0.640315445277938]
L001214 | [Dev Loss: 1.1905]
L001215 | [Dev F1: 0.42986604808277673]
L001216 | [Dev Acc: 0.46317512274959083]
L001217 | 
L001218-L001233 | [REDACTED: batch progress and internal diagnostics]
L001234 | [Epoch 47] [Time: 2.76]
L001235 | [Train Loss: 0.8377]
L001236 | [Train F1: 0.6289338430180923]
L001237 | [Train Acc: 0.6316599346028082]
L001238 | [Dev Loss: 1.1448]
L001239 | [Dev F1: 0.4660137336977845]
L001240 | [Dev Acc: 0.49918166939443537]
L001241 | 
L001242-L001257 | [REDACTED: batch progress and internal diagnostics]
L001258 | [Epoch 48] [Time: 2.63]
L001259 | [Train Loss: 0.8241]
L001260 | [Train F1: 0.6373960973923964]
L001261 | [Train Acc: 0.6410848240046163]
L001262 | [Dev Loss: 1.1929]
L001263 | [Dev F1: 0.4544556603158268]
L001264 | [Dev Acc: 0.4828150572831424]
L001265 | 
L001266-L001281 | [REDACTED: batch progress and internal diagnostics]
L001282 | [Epoch 49] [Time: 2.77]
L001283 | [Train Loss: 0.8222]
L001284 | [Train F1: 0.6426406465575804]
L001285 | [Train Acc: 0.6449317176380073]
L001286 | [Dev Loss: 1.1682]
L001287 | [Dev F1: 0.4402908975618378]
L001288 | [Dev Acc: 0.46808510638297873]
L001289 | 
L001290-L001305 | [REDACTED: batch progress and internal diagnostics]
L001306 | [Epoch 50] [Time: 2.77]
L001307 | [Train Loss: 0.819]
L001308 | [Train F1: 0.6404794826213429]
L001309 | [Train Acc: 0.6435853048663205]
L001310 | [Dev Loss: 1.1827]
L001311 | [Dev F1: 0.43696726339930153]
L001312 | [Dev Acc: 0.4779050736497545]
L001313 | 
L001314-L001329 | [REDACTED: batch progress and internal diagnostics]
L001330 | [Epoch 51] [Time: 2.74]
L001331 | [Train Loss: 0.8106]
L001332 | [Train F1: 0.6467981678444362]
L001333 | [Train Acc: 0.6505097134064243]
L001334 | [Dev Loss: 1.1612]
L001335 | [Dev F1: 0.4473814339439217]
L001336 | [Dev Acc: 0.4844517184942717]
L001337 | 
L001338-L001353 | [REDACTED: batch progress and internal diagnostics]
L001354 | [Epoch 52] [Time: 2.82]
L001355 | [Train Loss: 0.8051]
L001356 | [Train F1: 0.6458526314820727]
L001357 | [Train Acc: 0.6482015772263897]
L001358 | [Dev Loss: 1.2028]
L001359 | [Dev F1: 0.42425769900110816]
L001360 | [Dev Acc: 0.46481178396072015]
L001361 | 
L001362-L001377 | [REDACTED: batch progress and internal diagnostics]
L001378 | [Epoch 53] [Time: 2.78]
L001379 | [Train Loss: 0.8081]
L001380 | [Train F1: 0.6437983746687334]
L001381 | [Train Acc: 0.6480092325447201]
L001382 | [Dev Loss: 1.1672]
L001383 | [Dev F1: 0.46503542512917406]
L001384 | [Dev Acc: 0.48117839607201307]
L001385 | 
L001386-L001401 | [REDACTED: batch progress and internal diagnostics]
L001402 | [Epoch 54] [Time: 2.67]
L001403 | [Train Loss: 0.8074]
L001404 | [Train F1: 0.6463284630747885]
L001405 | [Train Acc: 0.6495479899980765]
L001406 | [Dev Loss: 1.1843]
L001407 | [Dev F1: 0.4451492168275489]
L001408 | [Dev Acc: 0.4877250409165303]
L001409 | 
L001410-L001425 | [REDACTED: batch progress and internal diagnostics]
L001426 | [Epoch 55] [Time: 2.85]
L001427 | [Train Loss: 0.809]
L001428 | [Train F1: 0.6461689593463696]
L001429 | [Train Acc: 0.6476245431813811]
L001430 | [Dev Loss: 1.1965]
L001431 | [Dev F1: 0.45064652937897137]
L001432 | [Dev Acc: 0.4795417348608838]
L001433 | 
L001434-L001449 | [REDACTED: batch progress and internal diagnostics]
L001450 | [Epoch 56] [Time: 2.68]
L001451 | [Train Loss: 0.8091]
L001452 | [Train F1: 0.6435830545742055]
L001453 | [Train Acc: 0.6474321984997115]
L001454 | [Dev Loss: 1.1806]
L001455 | [Dev F1: 0.4447273843153768]
L001456 | [Dev Acc: 0.46808510638297873]
L001457 | 
L001458-L001473 | [REDACTED: batch progress and internal diagnostics]
L001474 | [Epoch 57] [Time: 2.59]
L001475 | [Train Loss: 0.7985]
L001476 | [Train F1: 0.6448731658816964]
L001477 | [Train Acc: 0.6485862665897288]
L001478 | [Dev Loss: 1.1615]
L001479 | [Dev F1: 0.4588664425667839]
L001480 | [Dev Acc: 0.5008183306055647]
L001481 | 
L001482-L001497 | [REDACTED: batch progress and internal diagnostics]
L001498 | [Epoch 58] [Time: 2.74]
L001499 | [Train Loss: 0.7986]
L001500 | [Train F1: 0.6566258053693372]
L001501 | [Train Acc: 0.6578188113098673]
L001502 | [Dev Loss: 1.1932]
L001503 | [Dev F1: 0.4506052242387438]
L001504 | [Dev Acc: 0.4877250409165303]
L001505 | 
L001506-L001521 | [REDACTED: batch progress and internal diagnostics]
L001522 | [Epoch 59] [Time: 2.76]
L001523 | [Train Loss: 0.7935]
L001524 | [Train F1: 0.6394954748819808]
L001525 | [Train Acc: 0.6439699942296595]
L001526 | [Dev Loss: 1.1828]
L001527 | [Dev F1: 0.4570681032043158]
L001528 | [Dev Acc: 0.46808510638297873]
L001529 | 
L001530-L001545 | [REDACTED: batch progress and internal diagnostics]
L001546 | [Epoch 60] [Time: 2.82]
L001547 | [Train Loss: 0.8055]
L001548 | [Train F1: 0.6429515681459415]
L001549 | [Train Acc: 0.6449317176380073]
L001550 | [Dev Loss: 1.1672]
L001551 | [Dev F1: 0.43667321408346466]
L001552 | [Dev Acc: 0.47299509001636664]
L001553 | 
L001554-L001569 | [REDACTED: batch progress and internal diagnostics]
L001570 | [Epoch 61] [Time: 2.75]
L001571 | [Train Loss: 0.7978]
L001572 | [Train F1: 0.6487573716024709]
L001573 | [Train Acc: 0.651086747451433]
L001574 | [Dev Loss: 1.2195]
L001575 | [Dev F1: 0.4285721953591244]
L001576 | [Dev Acc: 0.4762684124386252]
L001577 | 
L001578-L001593 | [REDACTED: batch progress and internal diagnostics]
L001594 | [Epoch 62] [Time: 2.83]
L001595 | [Train Loss: 0.7979]
L001596 | [Train F1: 0.6430407169736394]
L001597 | [Train Acc: 0.6451240623196769]
L001598 | [Dev Loss: 1.1673]
L001599 | [Dev F1: 0.43116022127383774]
L001600 | [Dev Acc: 0.46153846153846156]
L001601 | 
L001602-L001617 | [REDACTED: batch progress and internal diagnostics]
L001618 | [Epoch 63] [Time: 2.71]
L001619 | [Train Loss: 0.7987]
L001620 | [Train F1: 0.6447052731257218]
L001621 | [Train Acc: 0.6487786112713984]
L001622 | [Dev Loss: 1.2227]
L001623 | [Dev F1: 0.4072310583902796]
L001624 | [Dev Acc: 0.46481178396072015]
L001625 | 
L001626-L001641 | [REDACTED: batch progress and internal diagnostics]
L001642 | [Epoch 64] [Time: 2.63]
L001643 | [Train Loss: 0.7946]
L001644 | [Train F1: 0.6506250208697366]
L001645 | [Train Acc: 0.6524331602231198]
L001646 | [Dev Loss: 1.1655]
L001647 | [Dev F1: 0.45926209768186305]
L001648 | [Dev Acc: 0.49754500818330605]
L001649 | 
L001650-L001665 | [REDACTED: batch progress and internal diagnostics]
L001666 | [Epoch 65] [Time: 2.83]
L001667 | [Train Loss: 0.7922]
L001668 | [Train F1: 0.6535524797560763]
L001669 | [Train Acc: 0.6562800538565109]
L001670 | [Dev Loss: 1.177]
L001671 | [Dev F1: 0.4563574266214056]
L001672 | [Dev Acc: 0.4877250409165303]
L001673 | 
L001674-L001689 | [REDACTED: batch progress and internal diagnostics]
L001690 | [Epoch 66] [Time: 2.74]
L001691 | [Train Loss: 0.7877]
L001692 | [Train F1: 0.6441172425460322]
L001693 | [Train Acc: 0.6472398538180419]
L001694 | [Dev Loss: 1.1669]
L001695 | [Dev F1: 0.42850966190848544]
L001696 | [Dev Acc: 0.46808510638297873]
L001697 | 
L001698-L001713 | [REDACTED: batch progress and internal diagnostics]
L001714 | [Epoch 67] [Time: 2.77]
L001715 | [Train Loss: 0.7854]
L001716 | [Train F1: 0.6537431755570773]
L001717 | [Train Acc: 0.657049432583189]
L001718 | [Dev Loss: 1.1781]
L001719 | [Dev F1: 0.42418841179123523]
L001720 | [Dev Acc: 0.47299509001636664]
L001721 | 
L001722-L001737 | [REDACTED: batch progress and internal diagnostics]
L001738 | [Epoch 68] [Time: 2.65]
L001739 | [Train Loss: 0.7812]
L001740 | [Train F1: 0.6524381905940544]
L001741 | [Train Acc: 0.6541642623581458]
L001742 | [Dev Loss: 1.1365]
L001743 | [Dev F1: 0.4364875565572168]
L001744 | [Dev Acc: 0.4746317512274959]
L001745 | 
L001746-L001761 | [REDACTED: batch progress and internal diagnostics]
L001762 | [Epoch 69] [Time: 2.84]
L001763 | [Train Loss: 0.7915]
L001764 | [Train F1: 0.6502378096050289]
L001765 | [Train Acc: 0.6526255049047894]
L001766 | [Dev Loss: 1.2361]
L001767 | [Dev F1: 0.4353318930606098]
L001768 | [Dev Acc: 0.469721767594108]
L001769 | 
L001770-L001785 | [REDACTED: batch progress and internal diagnostics]
L001786 | [Epoch 70] [Time: 2.67]
L001787 | [Train Loss: 0.7937]
L001788 | [Train F1: 0.6480670586314422]
L001789 | [Train Acc: 0.6516637814964417]
L001790 | [Dev Loss: 1.198]
L001791 | [Dev F1: 0.4294804463017981]
L001792 | [Dev Acc: 0.4762684124386252]
L001793 | 
L001794-L001809 | [REDACTED: batch progress and internal diagnostics]
L001810 | [Epoch 71] [Time: 2.86]
L001811 | [Train Loss: 0.7963]
L001812 | [Train F1: 0.6491295187598672]
L001813 | [Train Acc: 0.6491633006347375]
L001814 | [Dev Loss: 1.2253]
L001815 | [Dev F1: 0.44576883207094836]
L001816 | [Dev Acc: 0.4828150572831424]
L001817 | 
L001818-L001833 | [REDACTED: batch progress and internal diagnostics]
L001834 | [Epoch 72] [Time: 2.84]
L001835 | [Train Loss: 0.7932]
L001836 | [Train F1: 0.6472090179121317]
L001837 | [Train Acc: 0.6508944027697634]
L001838 | [Dev Loss: 1.174]
L001839 | [Dev F1: 0.4536827548120641]
L001840 | [Dev Acc: 0.48117839607201307]
L001841 | 
L001842-L001857 | [REDACTED: batch progress and internal diagnostics]
L001858 | [Epoch 73] [Time: 2.74]
L001859 | [Train Loss: 0.781]
L001860 | [Train F1: 0.6511522954481774]
L001861 | [Train Acc: 0.6551259857664935]
L001862 | [Dev Loss: 1.1435]
L001863 | [Dev F1: 0.45404416624084026]
L001864 | [Dev Acc: 0.49263502454991814]
L001865 | 
L001866-L001881 | [REDACTED: batch progress and internal diagnostics]
L001882 | [Epoch 74] [Time: 2.66]
L001883 | [Train Loss: 0.7858]
L001884 | [Train F1: 0.6554537981305667]
L001885 | [Train Acc: 0.6572417772648587]
L001886 | [Dev Loss: 1.1545]
L001887 | [Dev F1: 0.4374816529672172]
L001888 | [Dev Acc: 0.4795417348608838]
L001889 | 
L001890-L001905 | [REDACTED: batch progress and internal diagnostics]
L001906 | [Epoch 75] [Time: 2.76]
L001907 | [Train Loss: 0.7735]
L001908 | [Train F1: 0.6521047804133272]
L001909 | [Train Acc: 0.6562800538565109]
L001910 | [Dev Loss: 1.1817]
L001911 | [Dev F1: 0.4724048583637335]
L001912 | [Dev Acc: 0.49263502454991814]
L001913 | 
L001914-L001929 | [REDACTED: batch progress and internal diagnostics]
L001930 | [Epoch 76] [Time: 2.56]
L001931 | [Train Loss: 0.7758]
L001932 | [Train F1: 0.6589150216919415]
L001933 | [Train Acc: 0.6601269474899019]
L001934 | [Dev Loss: 1.184]
L001935 | [Dev F1: 0.45512467104812165]
L001936 | [Dev Acc: 0.486088379705401]
L001937 | 
L001938-L001953 | [REDACTED: batch progress and internal diagnostics]
L001954 | [Epoch 77] [Time: 2.66]
L001955 | [Train Loss: 0.7761]
L001956 | [Train F1: 0.6552746067554792]
L001957 | [Train Acc: 0.6582035006732064]
L001958 | [Dev Loss: 1.1889]
L001959 | [Dev F1: 0.43118808770276557]
L001960 | [Dev Acc: 0.47299509001636664]
L001961 | 
L001962-L001977 | [REDACTED: batch progress and internal diagnostics]
L001978 | [Epoch 78] [Time: 2.84]
L001979 | [Train Loss: 0.7651]
L001980 | [Train F1: 0.6612979352498167]
L001981 | [Train Acc: 0.6624350836699365]
L001982 | [Dev Loss: 1.2236]
L001983 | [Dev F1: 0.4521945926042179]
L001984 | [Dev Acc: 0.4844517184942717]
L001985 | 
L001986-L002001 | [REDACTED: batch progress and internal diagnostics]
L002002 | [Epoch 79] [Time: 2.63]
L002003 | [Train Loss: 0.7675]
L002004 | [Train F1: 0.6594879933171616]
L002005 | [Train Acc: 0.660511636853241]
L002006 | [Dev Loss: 1.165]
L002007 | [Dev F1: 0.4674423295766676]
L002008 | [Dev Acc: 0.49918166939443537]
L002009 | 
L002010-L002025 | [REDACTED: batch progress and internal diagnostics]
L002026 | [Epoch 80] [Time: 2.60]
L002027 | [Train Loss: 0.7795]
L002028 | [Train F1: 0.6576849318448057]
L002029 | [Train Acc: 0.6635891517599538]
L002030 | [Dev Loss: 1.2183]
L002031 | [Dev F1: 0.4526552429143733]
L002032 | [Dev Acc: 0.47299509001636664]
L002033 | 
L002034-L002049 | [REDACTED: batch progress and internal diagnostics]
L002050 | [Epoch 81] [Time: 2.62]
L002051 | [Train Loss: 0.7796]
L002052 | [Train F1: 0.6557109535575224]
L002053 | [Train Acc: 0.6555106751298326]
L002054 | [Dev Loss: 1.1784]
L002055 | [Dev F1: 0.44460968909676357]
L002056 | [Dev Acc: 0.4779050736497545]
L002057 | 
L002058-L002073 | [REDACTED: batch progress and internal diagnostics]
L002074 | [Epoch 82] [Time: 2.72]
L002075 | [Train Loss: 0.7774]
L002076 | [Train F1: 0.6535377940228101]
L002077 | [Train Acc: 0.65666474321985]
L002078 | [Dev Loss: 1.2023]
L002079 | [Dev F1: 0.4398237624267333]
L002080 | [Dev Acc: 0.4795417348608838]
L002081 | 
L002082-L002097 | [REDACTED: batch progress and internal diagnostics]
L002098 | [Epoch 83] [Time: 2.71]
L002099 | [Train Loss: 0.7735]
L002100 | [Train F1: 0.6601230541173204]
L002101 | [Train Acc: 0.6649355645316407]
L002102 | [Dev Loss: 1.1643]
L002103 | [Dev F1: 0.44952716549632615]
L002104 | [Dev Acc: 0.4746317512274959]
L002105 | 
L002106-L002121 | [REDACTED: batch progress and internal diagnostics]
L002122 | [Epoch 84] [Time: 2.77]
L002123 | [Train Loss: 0.7645]
L002124 | [Train F1: 0.6610665561579029]
L002125 | [Train Acc: 0.6618580496249279]
L002126 | [Dev Loss: 1.2175]
L002127 | [Dev F1: 0.45259910412968873]
L002128 | [Dev Acc: 0.49427168576104746]
L002129 | 
L002130-L002145 | [REDACTED: batch progress and internal diagnostics]
L002146 | [Epoch 85] [Time: 2.79]
L002147 | [Train Loss: 0.7615]
L002148 | [Train F1: 0.6600709927094507]
L002149 | [Train Acc: 0.6614733602615888]
L002150 | [Dev Loss: 1.2301]
L002151 | [Dev F1: 0.4638318110422761]
L002152 | [Dev Acc: 0.486088379705401]
L002153 | 
L002154-L002169 | [REDACTED: batch progress and internal diagnostics]
L002170 | [Epoch 86] [Time: 2.82]
L002171 | [Train Loss: 0.75]
L002172 | [Train F1: 0.6622985828948319]
L002173 | [Train Acc: 0.6633968070782843]
L002174 | [Dev Loss: 1.1949]
L002175 | [Dev F1: 0.4638424004113947]
L002176 | [Dev Acc: 0.49918166939443537]
L002177 | 
L002178-L002193 | [REDACTED: batch progress and internal diagnostics]
L002194 | [Epoch 87] [Time: 2.67]
L002195 | [Train Loss: 0.7522]
L002196 | [Train F1: 0.661772979023229]
L002197 | [Train Acc: 0.6657049432583189]
L002198 | [Dev Loss: 1.2298]
L002199 | [Dev F1: 0.4288365946750822]
L002200 | [Dev Acc: 0.46808510638297873]
L002201 | 
L002202-L002217 | [REDACTED: batch progress and internal diagnostics]
L002218 | [Epoch 88] [Time: 2.60]
L002219 | [Train Loss: 0.7419]
L002220 | [Train F1: 0.6731324786508746]
L002221 | [Train Acc: 0.6747451432967878]
L002222 | [Dev Loss: 1.2866]
L002223 | [Dev F1: 0.42995293407152085]
L002224 | [Dev Acc: 0.4779050736497545]
L002225 | 
L002226-L002241 | [REDACTED: batch progress and internal diagnostics]
L002242 | [Epoch 89] [Time: 2.71]
L002243 | [Train Loss: 0.7501]
L002244 | [Train F1: 0.6624832011280625]
L002245 | [Train Acc: 0.6664743219849971]
L002246 | [Dev Loss: 1.2091]
L002247 | [Dev F1: 0.43442059896510926]
L002248 | [Dev Acc: 0.4713584288052373]
L002249 | 
L002250-L002265 | [REDACTED: batch progress and internal diagnostics]
L002266 | [Epoch 90] [Time: 2.74]
L002267 | [Train Loss: 0.7478]
L002268 | [Train F1: 0.6646204758466967]
L002269 | [Train Acc: 0.667820734756684]
L002270 | [Dev Loss: 1.255]
L002271 | [Dev F1: 0.44343576918371425]
L002272 | [Dev Acc: 0.4762684124386252]
L002273 | 
L002274-L002289 | [REDACTED: batch progress and internal diagnostics]
L002290 | [Epoch 91] [Time: 2.74]
L002291 | [Train Loss: 0.7336]
L002292 | [Train F1: 0.6744972790597218]
L002293 | [Train Acc: 0.6749374879784574]
L002294 | [Dev Loss: 1.2715]
L002295 | [Dev F1: 0.4542589260783594]
L002296 | [Dev Acc: 0.4844517184942717]
L002297 | 
L002298-L002313 | [REDACTED: batch progress and internal diagnostics]
L002314 | [Epoch 92] [Time: 2.75]
L002315 | [Train Loss: 0.739]
L002316 | [Train F1: 0.662274214578868]
L002317 | [Train Acc: 0.6641661858049625]
L002318 | [Dev Loss: 1.3017]
L002319 | [Dev F1: 0.4328828743930663]
L002320 | [Dev Acc: 0.469721767594108]
L002321 | 
L002322-L002337 | [REDACTED: batch progress and internal diagnostics]
L002338 | [Epoch 93] [Time: 2.69]
L002339 | [Train Loss: 0.7413]
L002340 | [Train F1: 0.6642474799633147]
L002341 | [Train Acc: 0.6676283900750144]
L002342 | [Dev Loss: 1.2423]
L002343 | [Dev F1: 0.4205029410289995]
L002344 | [Dev Acc: 0.44353518821603927]
L002345 | 
L002346-L002361 | [REDACTED: batch progress and internal diagnostics]
L002362 | [Epoch 94] [Time: 2.74]
L002363 | [Train Loss: 0.7412]
L002364 | [Train F1: 0.6649852572343533]
L002365 | [Train Acc: 0.6672437007116753]
L002366 | [Dev Loss: 1.2128]
L002367 | [Dev F1: 0.4470876647394164]
L002368 | [Dev Acc: 0.4713584288052373]
L002369 | 
L002370-L002385 | [REDACTED: batch progress and internal diagnostics]
L002386 | [Epoch 95] [Time: 2.64]
L002387 | [Train Loss: 0.742]
L002388 | [Train F1: 0.663988109120718]
L002389 | [Train Acc: 0.6664743219849971]
L002390 | [Dev Loss: 1.2553]
L002391 | [Dev F1: 0.41939585469113705]
L002392 | [Dev Acc: 0.469721767594108]
L002393 | 
L002394-L002409 | [REDACTED: batch progress and internal diagnostics]
L002410 | [Epoch 96] [Time: 2.84]
L002411 | [Train Loss: 0.7403]
L002412 | [Train F1: 0.667152774125759]
L002413 | [Train Acc: 0.6687824581650318]
L002414 | [Dev Loss: 1.2617]
L002415 | [Dev F1: 0.42127894875888916]
L002416 | [Dev Acc: 0.4582651391162029]
L002417 | 
L002418-L002433 | [REDACTED: batch progress and internal diagnostics]
L002434 | [Epoch 97] [Time: 2.71]
L002435 | [Train Loss: 0.7412]
L002436 | [Train F1: 0.6671722568074832]
L002437 | [Train Acc: 0.6705135603000577]
L002438 | [Dev Loss: 1.2539]
L002439 | [Dev F1: 0.4166427821325415]
L002440 | [Dev Acc: 0.44680851063829785]
L002441 | 
L002442-L002457 | [REDACTED: batch progress and internal diagnostics]
L002458 | [Epoch 98] [Time: 2.88]
L002459 | [Train Loss: 0.7256]
L002460 | [Train F1: 0.674999264588109]
L002461 | [Train Acc: 0.6770532794768225]
L002462 | [Dev Loss: 1.2804]
L002463 | [Dev F1: 0.4156017472534304]
L002464 | [Dev Acc: 0.45662847790507366]
L002465 | 
L002466-L002481 | [REDACTED: batch progress and internal diagnostics]
L002482 | [Epoch 99] [Time: 2.65]
L002483 | [Train Loss: 0.7267]
L002484 | [Train F1: 0.6740114699265016]
L002485 | [Train Acc: 0.6758992113868052]
L002486 | [Dev Loss: 1.2905]
L002487 | [Dev F1: 0.43585862861679026]
L002488 | [Dev Acc: 0.46481178396072015]
L002489 | 
L002490-L002505 | [REDACTED: batch progress and internal diagnostics]
L002506 | [Epoch 100] [Time: 2.67]
L002507 | [Train Loss: 0.7208]
L002508 | [Train F1: 0.6752257103889702]
L002509 | [Train Acc: 0.6783996922485094]
L002510 | [Dev Loss: 1.2931]
L002511 | [Dev F1: 0.42784529211062794]
L002512 | [Dev Acc: 0.47299509001636664]
L002513 | 
L002514-L002529 | [REDACTED: batch progress and internal diagnostics]
L002530 | [Epoch 101] [Time: 2.52]
L002531 | [Train Loss: 0.7181]
L002532 | [Train F1: 0.673809647300669]
L002533 | [Train Acc: 0.6758992113868052]
L002534 | [Dev Loss: 1.257]
L002535 | [Dev F1: 0.4219422586116706]
L002536 | [Dev Acc: 0.44844517184942717]
L002537 | 
L002538-L002553 | [REDACTED: batch progress and internal diagnostics]
L002554 | [Epoch 102] [Time: 2.58]
L002555 | [Train Loss: 0.7238]
L002556 | [Train F1: 0.670733421169448]
L002557 | [Train Acc: 0.6730140411617619]
L002558 | [Dev Loss: 1.3807]
L002559 | [Dev F1: 0.4104800391939543]
L002560 | [Dev Acc: 0.45662847790507366]
L002561 | 
L002562-L002577 | [REDACTED: batch progress and internal diagnostics]
L002578 | [Epoch 103] [Time: 2.61]
L002579 | [Train Loss: 0.7299]
L002580 | [Train F1: 0.6698175462369649]
L002581 | [Train Acc: 0.6695518368917099]
L002582 | [Dev Loss: 1.3053]
L002583 | [Dev F1: 0.42853960793995]
L002584 | [Dev Acc: 0.45171849427168576]
L002585 | 
L002586-L002601 | [REDACTED: batch progress and internal diagnostics]
L002602 | [Epoch 104] [Time: 2.60]
L002603 | [Train Loss: 0.7258]
L002604 | [Train F1: 0.6707121169290463]
L002605 | [Train Acc: 0.6745527986151183]
L002606 | [Dev Loss: 1.2972]
L002607 | [Dev F1: 0.4163764010184434]
L002608 | [Dev Acc: 0.4582651391162029]
L002609 | 
L002610-L002625 | [REDACTED: batch progress and internal diagnostics]
L002626 | [Epoch 105] [Time: 2.52]
L002627 | [Train Loss: 0.7339]
L002628 | [Train F1: 0.6732925231148148]
L002629 | [Train Acc: 0.6758992113868052]
L002630 | [Dev Loss: 1.3192]
L002631 | [Dev F1: 0.4031948183580242]
L002632 | [Dev Acc: 0.4320785597381342]
L002633 | 
L002634-L002649 | [REDACTED: batch progress and internal diagnostics]
L002650 | [Epoch 106] [Time: 2.73]
L002651 | [Train Loss: 0.7239]
L002652 | [Train F1: 0.6760523415483595]
L002653 | [Train Acc: 0.6755145220234661]
L002654 | [Dev Loss: 1.2978]
L002655 | [Dev F1: 0.40987750577598003]
L002656 | [Dev Acc: 0.44844517184942717]
L002657 | 
L002658-L002673 | [REDACTED: batch progress and internal diagnostics]
L002674 | [Epoch 107] [Time: 2.61]
L002675 | [Train Loss: 0.7187]
L002676 | [Train F1: 0.6738397863297253]
L002677 | [Train Acc: 0.6776303135218311]
L002678 | [Dev Loss: 1.2433]
L002679 | [Dev F1: 0.42410127363104716]
L002680 | [Dev Acc: 0.45171849427168576]
L002681 | 
L002682-L002697 | [REDACTED: batch progress and internal diagnostics]
L002698 | [Epoch 108] [Time: 2.73]
L002699 | [Train Loss: 0.7154]
L002700 | [Train F1: 0.6701681447655217]
L002701 | [Train Acc: 0.6710905943450663]
L002702 | [Dev Loss: 1.3465]
L002703 | [Dev F1: 0.3985578094619087]
L002704 | [Dev Acc: 0.44844517184942717]
L002705 | 
L002706-L002721 | [REDACTED: batch progress and internal diagnostics]
L002722 | [Epoch 109] [Time: 2.74]
L002723 | [Train Loss: 0.7126]
L002724 | [Train F1: 0.6794908046730704]
L002725 | [Train Acc: 0.6816695518368917]
L002726 | [Dev Loss: 1.3056]
L002727 | [Dev F1: 0.44405158678686263]
L002728 | [Dev Acc: 0.4779050736497545]
L002729 | 
L002730-L002745 | [REDACTED: batch progress and internal diagnostics]
L002746 | [Epoch 110] [Time: 2.53]
L002747 | [Train Loss: 0.7129]
L002748 | [Train F1: 0.6756142640182341]
L002749 | [Train Acc: 0.6783996922485094]
L002750 | [Dev Loss: 1.3377]
L002751 | [Dev F1: 0.4244523582533992]
L002752 | [Dev Acc: 0.46481178396072015]
L002753 | 
L002754-L002769 | [REDACTED: batch progress and internal diagnostics]
L002770 | [Epoch 111] [Time: 2.62]
L002771 | [Train Loss: 0.7061]
L002772 | [Train F1: 0.6898678615330658]
L002773 | [Train Acc: 0.6909020965570302]
L002774 | [Dev Loss: 1.3851]
L002775 | [Dev F1: 0.4199996837302402]
L002776 | [Dev Acc: 0.46481178396072015]
L002777 | 
L002778-L002793 | [REDACTED: batch progress and internal diagnostics]
L002794 | [Epoch 112] [Time: 2.68]
L002795 | [Train Loss: 0.7083]
L002796 | [Train F1: 0.6821338807418608]
L002797 | [Train Acc: 0.68243893056357]
L002798 | [Dev Loss: 1.2618]
L002799 | [Dev F1: 0.4474682915925754]
L002800 | [Dev Acc: 0.4762684124386252]
L002801 | 
L002802-L002817 | [REDACTED: batch progress and internal diagnostics]
L002818 | [Epoch 113] [Time: 2.54]
L002819 | [Train Loss: 0.7097]
L002820 | [Train F1: 0.6837657336360652]
L002821 | [Train Acc: 0.6857087901519523]
L002822 | [Dev Loss: 1.3668]
L002823 | [Dev F1: 0.4192611407617926]
L002824 | [Dev Acc: 0.45662847790507366]
L002825 | 
L002826-L002841 | [REDACTED: batch progress and internal diagnostics]
L002842 | [Epoch 114] [Time: 2.75]
L002843 | [Train Loss: 0.6956]
L002844 | [Train F1: 0.6806368944499936]
L002845 | [Train Acc: 0.6822465858819003]
L002846 | [Dev Loss: 1.3245]
L002847 | [Dev F1: 0.4340429060425639]
L002848 | [Dev Acc: 0.46153846153846156]
L002849 | 
L002850-L002865 | [REDACTED: batch progress and internal diagnostics]
L002866 | [Epoch 115] [Time: 2.72]
L002867 | [Train Loss: 0.7096]
L002868 | [Train F1: 0.6792780700103197]
L002869 | [Train Acc: 0.6807078284285439]
L002870 | [Dev Loss: 1.2816]
L002871 | [Dev F1: 0.4485583811620436]
L002872 | [Dev Acc: 0.469721767594108]
L002873 | Early stopping at epoch: 115
L002874 | Last model
L002875 |               precision    recall  f1-score   support
L002876 | 
L002877 |          hap     0.5470    0.4444    0.4904       144
L002878 |          sad     0.7895    0.6735    0.7269       245
L002879 |          neu     0.5481    0.6979    0.6140       384
L002880 |          ang     0.5048    0.6235    0.5579       170
L002881 |          exc     0.7042    0.8361    0.7645       299
L002882 |          fru     0.5967    0.3806    0.4647       381
L002883 | 
L002884 |     accuracy                         0.6149      1623
L002885 |    macro avg     0.6150    0.6093    0.6031      1623
L002886 | weighted avg     0.6201    0.6149    0.6069      1623
L002887 | 
L002888 | Best model at epoch: 75
L002889 | Best dev F1: 0.4724048583637335
L002890 |               precision    recall  f1-score   support
L002891 | 
L002892 |          hap     0.5508    0.4514    0.4962       144
L002893 |          sad     0.8051    0.6408    0.7136       245
L002894 |          neu     0.5635    0.6354    0.5973       384
L002895 |          ang     0.5096    0.6235    0.5608       170
L002896 |          exc     0.6983    0.8127    0.7512       299
L002897 |          fru     0.5452    0.4593    0.4986       381
L002898 | 
L002899 |     accuracy                         0.6100      1623
L002900 |    macro avg     0.6121    0.6039    0.6030      1623
L002901 | weighted avg     0.6137    0.6100    0.6072      1623
L002902 | 
L002903 | Best test F1: 0.6072427873287586
L002904 | Best test Acc: 0.609981515711645
L002905 | [SANITIZED] Saved checkpoint: [path and filename removed]
