# Redacted copy of an existing run log.
# run_id: G01-seed1
# dataset: IEMOCAP
# model: GCNet+AMBER
# imr: (0.3,0.5,0.7)
# seed_alias: seed1
# original_log_sha256: a1e8fa8e2270d1bb8b62680d460e837ea330016ff4d15c7173642e872722add6
# source_record_status: ok
# source_record_process_return_code: 3221226505
# L numbers refer to source logical lines; REDACTED/SANITIZED text is editorial.
L000001-L000005 | [REDACTED: configuration or implementation details]
L000006 | [SANITIZED] FutureWarning: [dependency deprecation notice; implementation details removed]
L000007-L000068 | [REDACTED: configuration or implementation details]
L000069 | [SANITIZED] Seed alias: seed1
L000070 | [REDACTED: configuration or implementation details]
L000071 | 
L000072-L000073 | [REDACTED: batch progress and internal diagnostics]
L000074 | 
L000075-L000076 | [REDACTED: batch progress and internal diagnostics]
L000077 | 
L000078-L000079 | [REDACTED: batch progress and internal diagnostics]
L000080-L000083 | [REDACTED: configuration or implementation details]
L000084 | [SANITIZED] Seed alias: seed1
L000085-L000088 | [REDACTED: configuration or implementation details]
L000089 | 
L000090-L000105 | [REDACTED: batch progress and internal diagnostics]
L000106 | [Epoch 0] [Time: 3.17]
L000107 | [Train Loss: 1.6808]
L000108 | [Train F1: 0.3024116992409729]
L000109 | [Train Acc: 0.3387189844200808]
L000110 | [Dev Loss: 1.6153]
L000111 | [Dev F1: 0.2412847673284817]
L000112 | [Dev Acc: 0.36661211129296234]
L000113 | 
L000114-L000129 | [REDACTED: batch progress and internal diagnostics]
L000130 | [Epoch 1] [Time: 2.82]
L000131 | [Train Loss: 1.3983]
L000132 | [Train F1: 0.39581657520163727]
L000133 | [Train Acc: 0.45797268705520294]
L000134 | [Dev Loss: 1.4536]
L000135 | [Dev F1: 0.29964787525274583]
L000136 | [Dev Acc: 0.425531914893617]
L000137 | 
L000138-L000153 | [REDACTED: batch progress and internal diagnostics]
L000154 | [Epoch 2] [Time: 2.75]
L000155 | [Train Loss: 1.255]
L000156 | [Train F1: 0.4259134775994838]
L000157 | [Train Acc: 0.48413156376226196]
L000158 | [Dev Loss: 1.3833]
L000159 | [Dev F1: 0.3054324847050881]
L000160 | [Dev Acc: 0.381342062193126]
L000161 | 
L000162-L000177 | [REDACTED: batch progress and internal diagnostics]
L000178 | [Epoch 3] [Time: 2.86]
L000179 | [Train Loss: 1.2116]
L000180 | [Train F1: 0.45873164971202174]
L000181 | [Train Acc: 0.5022119638391999]
L000182 | [Dev Loss: 1.5176]
L000183 | [Dev F1: 0.32158475479283855]
L000184 | [Dev Acc: 0.3649754500818331]
L000185 | 
L000186-L000201 | [REDACTED: batch progress and internal diagnostics]
L000202 | [Epoch 4] [Time: 2.97]
L000203 | [Train Loss: 1.1636]
L000204 | [Train F1: 0.49507974791653686]
L000205 | [Train Acc: 0.5283708405462589]
L000206 | [Dev Loss: 1.3493]
L000207 | [Dev F1: 0.3421887343297499]
L000208 | [Dev Acc: 0.3944353518821604]
L000209 | 
L000210-L000225 | [REDACTED: batch progress and internal diagnostics]
L000226 | [Epoch 5] [Time: 2.63]
L000227 | [Train Loss: 1.1239]
L000228 | [Train F1: 0.5184640121760022]
L000229 | [Train Acc: 0.5302942873629544]
L000230 | [Dev Loss: 1.4189]
L000231 | [Dev F1: 0.34807980071754313]
L000232 | [Dev Acc: 0.3911620294599018]
L000233 | 
L000234-L000249 | [REDACTED: batch progress and internal diagnostics]
L000250 | [Epoch 6] [Time: 2.72]
L000251 | [Train Loss: 1.0989]
L000252 | [Train F1: 0.5278718056891357]
L000253 | [Train Acc: 0.5408732448547797]
L000254 | [Dev Loss: 1.3995]
L000255 | [Dev F1: 0.34090095111757135]
L000256 | [Dev Acc: 0.3944353518821604]
L000257 | 
L000258-L000273 | [REDACTED: batch progress and internal diagnostics]
L000274 | [Epoch 7] [Time: 2.81]
L000275 | [Train Loss: 1.0741]
L000276 | [Train F1: 0.52549202044914]
L000277 | [Train Acc: 0.5551067512983267]
L000278 | [Dev Loss: 1.4184]
L000279 | [Dev F1: 0.32552957236032587]
L000280 | [Dev Acc: 0.3698854337152209]
L000281 | 
L000282-L000297 | [REDACTED: batch progress and internal diagnostics]
L000298 | [Epoch 8] [Time: 2.65]
L000299 | [Train Loss: 1.0493]
L000300 | [Train F1: 0.551453835703449]
L000301 | [Train Acc: 0.5610694364300827]
L000302 | [Dev Loss: 1.4349]
L000303 | [Dev F1: 0.33732906806888224]
L000304 | [Dev Acc: 0.37152209492635024]
L000305 | 
L000306-L000321 | [REDACTED: batch progress and internal diagnostics]
L000322 | [Epoch 9] [Time: 2.60]
L000323 | [Train Loss: 1.0365]
L000324 | [Train F1: 0.5641910514111419]
L000325 | [Train Acc: 0.5728024620119254]
L000326 | [Dev Loss: 1.3921]
L000327 | [Dev F1: 0.32019337013735605]
L000328 | [Dev Acc: 0.3698854337152209]
L000329 | 
L000330-L000345 | [REDACTED: batch progress and internal diagnostics]
L000346 | [Epoch 10] [Time: 2.67]
L000347 | [Train Loss: 1.0244]
L000348 | [Train F1: 0.5696282573119856]
L000349 | [Train Acc: 0.5795345258703597]
L000350 | [Dev Loss: 1.3301]
L000351 | [Dev F1: 0.33618573989854983]
L000352 | [Dev Acc: 0.39279869067103107]
L000353 | 
L000354-L000369 | [REDACTED: batch progress and internal diagnostics]
L000370 | [Epoch 11] [Time: 2.67]
L000371 | [Train Loss: 0.9977]
L000372 | [Train F1: 0.5796340221459183]
L000373 | [Train Acc: 0.58799769186382]
L000374 | [Dev Loss: 1.3533]
L000375 | [Dev F1: 0.374543758149489]
L000376 | [Dev Acc: 0.41407528641571195]
L000377 | 
L000378-L000393 | [REDACTED: batch progress and internal diagnostics]
L000394 | [Epoch 12] [Time: 2.54]
L000395 | [Train Loss: 0.9927]
L000396 | [Train F1: 0.5780370732674437]
L000397 | [Train Acc: 0.5868436237738026]
L000398 | [Dev Loss: 1.3094]
L000399 | [Dev F1: 0.37507161050091237]
L000400 | [Dev Acc: 0.41734860883797054]
L000401 | 
L000402-L000417 | [REDACTED: batch progress and internal diagnostics]
L000418 | [Epoch 13] [Time: 2.74]
L000419 | [Train Loss: 0.9722]
L000420 | [Train F1: 0.5882372928999092]
L000421 | [Train Acc: 0.5943450663589152]
L000422 | [Dev Loss: 1.3088]
L000423 | [Dev F1: 0.3831221034844045]
L000424 | [Dev Acc: 0.4320785597381342]
L000425 | 
L000426-L000441 | [REDACTED: batch progress and internal diagnostics]
L000442 | [Epoch 14] [Time: 2.69]
L000443 | [Train Loss: 0.9541]
L000444 | [Train F1: 0.591080746469113]
L000445 | [Train Acc: 0.6051163685324101]
L000446 | [Dev Loss: 1.3441]
L000447 | [Dev F1: 0.35833761359939864]
L000448 | [Dev Acc: 0.40589198036006546]
L000449 | 
L000450-L000465 | [REDACTED: batch progress and internal diagnostics]
L000466 | [Epoch 15] [Time: 2.84]
L000467 | [Train Loss: 0.9445]
L000468 | [Train F1: 0.5990359628136483]
L000469 | [Train Acc: 0.6028082323523755]
L000470 | [Dev Loss: 1.2868]
L000471 | [Dev F1: 0.39765707652282506]
L000472 | [Dev Acc: 0.45499181669394434]
L000473 | 
L000474-L000489 | [REDACTED: batch progress and internal diagnostics]
L000490 | [Epoch 16] [Time: 2.79]
L000491 | [Train Loss: 0.9364]
L000492 | [Train F1: 0.6040180695721811]
L000493 | [Train Acc: 0.6093479515291402]
L000494 | [Dev Loss: 1.355]
L000495 | [Dev F1: 0.38335931359586317]
L000496 | [Dev Acc: 0.4288052373158756]
L000497 | 
L000498-L000513 | [REDACTED: batch progress and internal diagnostics]
L000514 | [Epoch 17] [Time: 2.63]
L000515 | [Train Loss: 0.937]
L000516 | [Train F1: 0.597245971731911]
L000517 | [Train Acc: 0.6060780919407578]
L000518 | [Dev Loss: 1.2705]
L000519 | [Dev F1: 0.3892325610274361]
L000520 | [Dev Acc: 0.4533551554828151]
L000521 | 
L000522-L000537 | [REDACTED: batch progress and internal diagnostics]
L000538 | [Epoch 18] [Time: 2.72]
L000539 | [Train Loss: 0.918]
L000540 | [Train F1: 0.6144364525881522]
L000541 | [Train Acc: 0.6168493941142528]
L000542 | [Dev Loss: 1.2646]
L000543 | [Dev F1: 0.3718180638708103]
L000544 | [Dev Acc: 0.4386252045826514]
L000545 | 
L000546-L000561 | [REDACTED: batch progress and internal diagnostics]
L000562 | [Epoch 19] [Time: 2.77]
L000563 | [Train Loss: 0.9096]
L000564 | [Train F1: 0.6054847352181503]
L000565 | [Train Acc: 0.6126178111175226]
L000566 | [Dev Loss: 1.34]
L000567 | [Dev F1: 0.37578665727891475]
L000568 | [Dev Acc: 0.41407528641571195]
L000569 | 
L000570-L000585 | [REDACTED: batch progress and internal diagnostics]
L000586 | [Epoch 20] [Time: 2.74]
L000587 | [Train Loss: 0.9024]
L000588 | [Train F1: 0.6100982838304032]
L000589 | [Train Acc: 0.6133871898442008]
L000590 | [Dev Loss: 1.2814]
L000591 | [Dev F1: 0.38622639322464103]
L000592 | [Dev Acc: 0.4533551554828151]
L000593 | 
L000594-L000609 | [REDACTED: batch progress and internal diagnostics]
L000610 | [Epoch 21] [Time: 2.80]
L000611 | [Train Loss: 0.9044]
L000612 | [Train F1: 0.6207573396662494]
L000613 | [Train Acc: 0.6260819388343912]
L000614 | [Dev Loss: 1.2755]
L000615 | [Dev F1: 0.4260741047158636]
L000616 | [Dev Acc: 0.46153846153846156]
L000617 | 
L000618-L000633 | [REDACTED: batch progress and internal diagnostics]
L000634 | [Epoch 22] [Time: 2.60]
L000635 | [Train Loss: 0.8904]
L000636 | [Train F1: 0.6190562638256601]
L000637 | [Train Acc: 0.6256972494710521]
L000638 | [Dev Loss: 1.3245]
L000639 | [Dev F1: 0.3786631609334082]
L000640 | [Dev Acc: 0.44189852700491]
L000641 | 
L000642-L000657 | [REDACTED: batch progress and internal diagnostics]
L000658 | [Epoch 23] [Time: 2.61]
L000659 | [Train Loss: 0.8829]
L000660 | [Train F1: 0.6299847357199317]
L000661 | [Train Acc: 0.6355068282361993]
L000662 | [Dev Loss: 1.2972]
L000663 | [Dev F1: 0.3762616721677422]
L000664 | [Dev Acc: 0.4337152209492635]
L000665 | 
L000666-L000681 | [REDACTED: batch progress and internal diagnostics]
L000682 | [Epoch 24] [Time: 2.70]
L000683 | [Train Loss: 0.896]
L000684 | [Train F1: 0.6132492467378134]
L000685 | [Train Acc: 0.6139642238892095]
L000686 | [Dev Loss: 1.2179]
L000687 | [Dev F1: 0.4510566974832067]
L000688 | [Dev Acc: 0.49754500818330605]
L000689 | 
L000690-L000705 | [REDACTED: batch progress and internal diagnostics]
L000706 | [Epoch 25] [Time: 2.76]
L000707 | [Train Loss: 0.892]
L000708 | [Train F1: 0.6092101106712817]
L000709 | [Train Acc: 0.6153106366608964]
L000710 | [Dev Loss: 1.2666]
L000711 | [Dev F1: 0.4502802537631816]
L000712 | [Dev Acc: 0.4844517184942717]
L000713 | 
L000714-L000729 | [REDACTED: batch progress and internal diagnostics]
L000730 | [Epoch 26] [Time: 2.70]
L000731 | [Train Loss: 0.877]
L000732 | [Train F1: 0.6235979972404241]
L000733 | [Train Acc: 0.6262742835160607]
L000734 | [Dev Loss: 1.3241]
L000735 | [Dev F1: 0.38230493747937533]
L000736 | [Dev Acc: 0.44844517184942717]
L000737 | 
L000738-L000753 | [REDACTED: batch progress and internal diagnostics]
L000754 | [Epoch 27] [Time: 2.76]
L000755 | [Train Loss: 0.8756]
L000756 | [Train F1: 0.6201738612501522]
L000757 | [Train Acc: 0.6247355260627043]
L000758 | [Dev Loss: 1.2437]
L000759 | [Dev F1: 0.42808664953088615]
L000760 | [Dev Acc: 0.4500818330605565]
L000761 | 
L000762-L000777 | [REDACTED: batch progress and internal diagnostics]
L000778 | [Epoch 28] [Time: 2.69]
L000779 | [Train Loss: 0.8643]
L000780 | [Train F1: 0.6213019852154645]
L000781 | [Train Acc: 0.6266589728793999]
L000782 | [Dev Loss: 1.3335]
L000783 | [Dev F1: 0.4030542564966086]
L000784 | [Dev Acc: 0.4500818330605565]
L000785 | 
L000786-L000801 | [REDACTED: batch progress and internal diagnostics]
L000802 | [Epoch 29] [Time: 2.87]
L000803 | [Train Loss: 0.8783]
L000804 | [Train F1: 0.6218031169177044]
L000805 | [Train Acc: 0.6268513175610695]
L000806 | [Dev Loss: 1.2244]
L000807 | [Dev F1: 0.4397803791693128]
L000808 | [Dev Acc: 0.44680851063829785]
L000809 | 
L000810-L000825 | [REDACTED: batch progress and internal diagnostics]
L000826 | [Epoch 30] [Time: 2.72]
L000827 | [Train Loss: 0.8632]
L000828 | [Train F1: 0.6290306565539727]
L000829 | [Train Acc: 0.6303135218311213]
L000830 | [Dev Loss: 1.3868]
L000831 | [Dev F1: 0.42686528856862443]
L000832 | [Dev Acc: 0.4713584288052373]
L000833 | 
L000834-L000849 | [REDACTED: batch progress and internal diagnostics]
L000850 | [Epoch 31] [Time: 2.62]
L000851 | [Train Loss: 0.863]
L000852 | [Train F1: 0.6227866631418106]
L000853 | [Train Acc: 0.6280053856510868]
L000854 | [Dev Loss: 1.2614]
L000855 | [Dev F1: 0.43207443885585756]
L000856 | [Dev Acc: 0.46808510638297873]
L000857 | 
L000858-L000873 | [REDACTED: batch progress and internal diagnostics]
L000874 | [Epoch 32] [Time: 2.73]
L000875 | [Train Loss: 0.8584]
L000876 | [Train F1: 0.6262724923841061]
L000877 | [Train Acc: 0.6268513175610695]
L000878 | [Dev Loss: 1.2976]
L000879 | [Dev F1: 0.4533890348190901]
L000880 | [Dev Acc: 0.4779050736497545]
L000881 | 
L000882-L000897 | [REDACTED: batch progress and internal diagnostics]
L000898 | [Epoch 33] [Time: 2.77]
L000899 | [Train Loss: 0.8773]
L000900 | [Train F1: 0.6120414775159109]
L000901 | [Train Acc: 0.6199269090209656]
L000902 | [Dev Loss: 1.2658]
L000903 | [Dev F1: 0.45493819783144307]
L000904 | [Dev Acc: 0.4746317512274959]
L000905 | 
L000906-L000921 | [REDACTED: batch progress and internal diagnostics]
L000922 | [Epoch 34] [Time: 2.76]
L000923 | [Train Loss: 0.8641]
L000924 | [Train F1: 0.6255595447610284]
L000925 | [Train Acc: 0.6262742835160607]
L000926 | [Dev Loss: 1.2526]
L000927 | [Dev F1: 0.43780306664882157]
L000928 | [Dev Acc: 0.4746317512274959]
L000929 | 
L000930-L000945 | [REDACTED: batch progress and internal diagnostics]
L000946 | [Epoch 35] [Time: 2.78]
L000947 | [Train Loss: 0.8598]
L000948 | [Train F1: 0.622318596059981]
L000949 | [Train Acc: 0.6306982111944605]
L000950 | [Dev Loss: 1.2614]
L000951 | [Dev F1: 0.44232938676728095]
L000952 | [Dev Acc: 0.46317512274959083]
L000953 | 
L000954-L000969 | [REDACTED: batch progress and internal diagnostics]
L000970 | [Epoch 36] [Time: 2.60]
L000971 | [Train Loss: 0.8484]
L000972 | [Train F1: 0.6313193503226753]
L000973 | [Train Acc: 0.6306982111944605]
L000974 | [Dev Loss: 1.2742]
L000975 | [Dev F1: 0.44708361576291145]
L000976 | [Dev Acc: 0.4828150572831424]
L000977 | 
L000978-L000993 | [REDACTED: batch progress and internal diagnostics]
L000994 | [Epoch 37] [Time: 2.70]
L000995 | [Train Loss: 0.8489]
L000996 | [Train F1: 0.6306268420010224]
L000997 | [Train Acc: 0.6343527601461819]
L000998 | [Dev Loss: 1.2532]
L000999 | [Dev F1: 0.40606941223228826]
L001000 | [Dev Acc: 0.4582651391162029]
L001001 | 
L001002-L001017 | [REDACTED: batch progress and internal diagnostics]
L001018 | [Epoch 38] [Time: 2.70]
L001019 | [Train Loss: 0.8364]
L001020 | [Train F1: 0.6374473856231347]
L001021 | [Train Acc: 0.6405077899596077]
L001022 | [Dev Loss: 1.2857]
L001023 | [Dev F1: 0.412515236005537]
L001024 | [Dev Acc: 0.4713584288052373]
L001025 | 
L001026-L001041 | [REDACTED: batch progress and internal diagnostics]
L001042 | [Epoch 39] [Time: 2.61]
L001043 | [Train Loss: 0.8301]
L001044 | [Train F1: 0.6397168719111342]
L001045 | [Train Acc: 0.6432006155029814]
L001046 | [Dev Loss: 1.2396]
L001047 | [Dev F1: 0.4143961251355732]
L001048 | [Dev Acc: 0.4451718494271686]
L001049 | 
L001050-L001065 | [REDACTED: batch progress and internal diagnostics]
L001066 | [Epoch 40] [Time: 2.64]
L001067 | [Train Loss: 0.8312]
L001068 | [Train F1: 0.6352167717797927]
L001069 | [Train Acc: 0.640315445277938]
L001070 | [Dev Loss: 1.2771]
L001071 | [Dev F1: 0.43527182084799876]
L001072 | [Dev Acc: 0.469721767594108]
L001073 | 
L001074-L001089 | [REDACTED: batch progress and internal diagnostics]
L001090 | [Epoch 41] [Time: 2.67]
L001091 | [Train Loss: 0.8263]
L001092 | [Train F1: 0.6399203525552077]
L001093 | [Train Acc: 0.6428159261396422]
L001094 | [Dev Loss: 1.287]
L001095 | [Dev F1: 0.4422454846905213]
L001096 | [Dev Acc: 0.4664484451718494]
L001097 | 
L001098-L001113 | [REDACTED: batch progress and internal diagnostics]
L001114 | [Epoch 42] [Time: 2.60]
L001115 | [Train Loss: 0.8232]
L001116 | [Train F1: 0.6376175079647229]
L001117 | [Train Acc: 0.6389690325062513]
L001118 | [Dev Loss: 1.2506]
L001119 | [Dev F1: 0.43253580969584526]
L001120 | [Dev Acc: 0.4713584288052373]
L001121 | 
L001122-L001137 | [REDACTED: batch progress and internal diagnostics]
L001138 | [Epoch 43] [Time: 2.85]
L001139 | [Train Loss: 0.811]
L001140 | [Train F1: 0.6412708419224686]
L001141 | [Train Acc: 0.645893441046355]
L001142 | [Dev Loss: 1.2656]
L001143 | [Dev F1: 0.41685051540159984]
L001144 | [Dev Acc: 0.4386252045826514]
L001145 | 
L001146-L001161 | [REDACTED: batch progress and internal diagnostics]
L001162 | [Epoch 44] [Time: 2.60]
L001163 | [Train Loss: 0.8051]
L001164 | [Train F1: 0.6423174378676673]
L001165 | [Train Acc: 0.64377764954799]
L001166 | [Dev Loss: 1.2514]
L001167 | [Dev F1: 0.4260935400669811]
L001168 | [Dev Acc: 0.45171849427168576]
L001169 | 
L001170-L001185 | [REDACTED: batch progress and internal diagnostics]
L001186 | [Epoch 45] [Time: 2.67]
L001187 | [Train Loss: 0.8085]
L001188 | [Train F1: 0.6427484560433467]
L001189 | [Train Acc: 0.6462781304096942]
L001190 | [Dev Loss: 1.2665]
L001191 | [Dev F1: 0.4147616408529207]
L001192 | [Dev Acc: 0.4402618657937807]
L001193 | 
L001194-L001209 | [REDACTED: batch progress and internal diagnostics]
L001210 | [Epoch 46] [Time: 2.57]
L001211 | [Train Loss: 0.8122]
L001212 | [Train F1: 0.6471613854568498]
L001213 | [Train Acc: 0.6487786112713984]
L001214 | [Dev Loss: 1.2697]
L001215 | [Dev F1: 0.43822214050033054]
L001216 | [Dev Acc: 0.4795417348608838]
L001217 | 
L001218-L001233 | [REDACTED: batch progress and internal diagnostics]
L001234 | [Epoch 47] [Time: 2.82]
L001235 | [Train Loss: 0.8076]
L001236 | [Train F1: 0.6454454000636131]
L001237 | [Train Acc: 0.6476245431813811]
L001238 | [Dev Loss: 1.276]
L001239 | [Dev F1: 0.4265101774383959]
L001240 | [Dev Acc: 0.4713584288052373]
L001241 | 
L001242-L001257 | [REDACTED: batch progress and internal diagnostics]
L001258 | [Epoch 48] [Time: 2.77]
L001259 | [Train Loss: 0.8153]
L001260 | [Train F1: 0.6423050183417002]
L001261 | [Train Acc: 0.6447393729563378]
L001262 | [Dev Loss: 1.2825]
L001263 | [Dev F1: 0.4176260033145422]
L001264 | [Dev Acc: 0.4664484451718494]
L001265 | 
L001266-L001281 | [REDACTED: batch progress and internal diagnostics]
L001282 | [Epoch 49] [Time: 2.72]
L001283 | [Train Loss: 0.8209]
L001284 | [Train F1: 0.634258445662443]
L001285 | [Train Acc: 0.6356991729178688]
L001286 | [Dev Loss: 1.2205]
L001287 | [Dev F1: 0.45239791090306264]
L001288 | [Dev Acc: 0.4959083469721768]
L001289 | 
L001290-L001305 | [REDACTED: batch progress and internal diagnostics]
L001306 | [Epoch 50] [Time: 2.62]
L001307 | [Train Loss: 0.8165]
L001308 | [Train F1: 0.6370425746129599]
L001309 | [Train Acc: 0.6424312367763031]
L001310 | [Dev Loss: 1.2955]
L001311 | [Dev F1: 0.40468767510889314]
L001312 | [Dev Acc: 0.45662847790507366]
L001313 | 
L001314-L001329 | [REDACTED: batch progress and internal diagnostics]
L001330 | [Epoch 51] [Time: 2.71]
L001331 | [Train Loss: 0.8077]
L001332 | [Train F1: 0.6452562415309859]
L001333 | [Train Acc: 0.6487786112713984]
L001334 | [Dev Loss: 1.2306]
L001335 | [Dev F1: 0.4556800326418573]
L001336 | [Dev Acc: 0.4713584288052373]
L001337 | 
L001338-L001353 | [REDACTED: batch progress and internal diagnostics]
L001354 | [Epoch 52] [Time: 2.62]
L001355 | [Train Loss: 0.7989]
L001356 | [Train F1: 0.6489183229836375]
L001357 | [Train Acc: 0.6505097134064243]
L001358 | [Dev Loss: 1.3354]
L001359 | [Dev F1: 0.41535594153455435]
L001360 | [Dev Acc: 0.46481178396072015]
L001361 | 
L001362-L001377 | [REDACTED: batch progress and internal diagnostics]
L001378 | [Epoch 53] [Time: 2.60]
L001379 | [Train Loss: 0.8001]
L001380 | [Train F1: 0.6548549742825457]
L001381 | [Train Acc: 0.65666474321985]
L001382 | [Dev Loss: 1.2089]
L001383 | [Dev F1: 0.43357807814298904]
L001384 | [Dev Acc: 0.46153846153846156]
L001385 | 
L001386-L001401 | [REDACTED: batch progress and internal diagnostics]
L001402 | [Epoch 54] [Time: 2.65]
L001403 | [Train Loss: 0.7914]
L001404 | [Train F1: 0.6506870865893732]
L001405 | [Train Acc: 0.6547412964031545]
L001406 | [Dev Loss: 1.2601]
L001407 | [Dev F1: 0.4492805635586014]
L001408 | [Dev Acc: 0.469721767594108]
L001409 | 
L001410-L001425 | [REDACTED: batch progress and internal diagnostics]
L001426 | [Epoch 55] [Time: 2.46]
L001427 | [Train Loss: 0.7975]
L001428 | [Train F1: 0.6532541753887635]
L001429 | [Train Acc: 0.6555106751298326]
L001430 | [Dev Loss: 1.2203]
L001431 | [Dev F1: 0.464352265298027]
L001432 | [Dev Acc: 0.4877250409165303]
L001433 | 
L001434-L001449 | [REDACTED: batch progress and internal diagnostics]
L001450 | [Epoch 56] [Time: 2.72]
L001451 | [Train Loss: 0.7857]
L001452 | [Train F1: 0.656290731035624]
L001453 | [Train Acc: 0.657049432583189]
L001454 | [Dev Loss: 1.2532]
L001455 | [Dev F1: 0.42842552859097993]
L001456 | [Dev Acc: 0.4762684124386252]
L001457 | 
L001458-L001473 | [REDACTED: batch progress and internal diagnostics]
L001474 | [Epoch 57] [Time: 2.66]
L001475 | [Train Loss: 0.7932]
L001476 | [Train F1: 0.656163041860835]
L001477 | [Train Acc: 0.6583958453548759]
L001478 | [Dev Loss: 1.2616]
L001479 | [Dev F1: 0.4543437983452245]
L001480 | [Dev Acc: 0.4877250409165303]
L001481 | 
L001482-L001497 | [REDACTED: batch progress and internal diagnostics]
L001498 | [Epoch 58] [Time: 2.76]
L001499 | [Train Loss: 0.7875]
L001500 | [Train F1: 0.6509519571204225]
L001501 | [Train Acc: 0.6532025389497981]
L001502 | [Dev Loss: 1.2542]
L001503 | [Dev F1: 0.39850834841755106]
L001504 | [Dev Acc: 0.44189852700491]
L001505 | 
L001506-L001521 | [REDACTED: batch progress and internal diagnostics]
L001522 | [Epoch 59] [Time: 2.89]
L001523 | [Train Loss: 0.7756]
L001524 | [Train F1: 0.6590193317764754]
L001525 | [Train Acc: 0.6616657049432583]
L001526 | [Dev Loss: 1.2684]
L001527 | [Dev F1: 0.44758601805108095]
L001528 | [Dev Acc: 0.49263502454991814]
L001529 | 
L001530-L001545 | [REDACTED: batch progress and internal diagnostics]
L001546 | [Epoch 60] [Time: 2.73]
L001547 | [Train Loss: 0.7866]
L001548 | [Train F1: 0.6575052465256196]
L001549 | [Train Acc: 0.6589728793998846]
L001550 | [Dev Loss: 1.2602]
L001551 | [Dev F1: 0.4357606359411657]
L001552 | [Dev Acc: 0.48117839607201307]
L001553 | 
L001554-L001569 | [REDACTED: batch progress and internal diagnostics]
L001570 | [Epoch 61] [Time: 2.84]
L001571 | [Train Loss: 0.7689]
L001572 | [Train F1: 0.6542152617871919]
L001573 | [Train Acc: 0.6562800538565109]
L001574 | [Dev Loss: 1.3007]
L001575 | [Dev F1: 0.43794262432223474]
L001576 | [Dev Acc: 0.4664484451718494]
L001577 | 
L001578-L001593 | [REDACTED: batch progress and internal diagnostics]
L001594 | [Epoch 62] [Time: 2.63]
L001595 | [Train Loss: 0.774]
L001596 | [Train F1: 0.6550004260242268]
L001597 | [Train Acc: 0.6564723985381804]
L001598 | [Dev Loss: 1.3292]
L001599 | [Dev F1: 0.4279656146624931]
L001600 | [Dev Acc: 0.4762684124386252]
L001601 | 
L001602-L001617 | [REDACTED: batch progress and internal diagnostics]
L001618 | [Epoch 63] [Time: 2.81]
L001619 | [Train Loss: 0.7724]
L001620 | [Train F1: 0.6552178633671252]
L001621 | [Train Acc: 0.6587805347182151]
L001622 | [Dev Loss: 1.2143]
L001623 | [Dev F1: 0.4664640773169356]
L001624 | [Dev Acc: 0.48936170212765956]
L001625 | 
L001626-L001641 | [REDACTED: batch progress and internal diagnostics]
L001642 | [Epoch 64] [Time: 2.67]
L001643 | [Train Loss: 0.7699]
L001644 | [Train F1: 0.6616128884989605]
L001645 | [Train Acc: 0.6618580496249279]
L001646 | [Dev Loss: 1.3658]
L001647 | [Dev F1: 0.43490766865815056]
L001648 | [Dev Acc: 0.4795417348608838]
L001649 | 
L001650-L001665 | [REDACTED: batch progress and internal diagnostics]
L001666 | [Epoch 65] [Time: 2.70]
L001667 | [Train Loss: 0.7743]
L001668 | [Train F1: 0.6580646606646848]
L001669 | [Train Acc: 0.6620503943065974]
L001670 | [Dev Loss: 1.2464]
L001671 | [Dev F1: 0.4544534588169695]
L001672 | [Dev Acc: 0.4877250409165303]
L001673 | 
L001674-L001689 | [REDACTED: batch progress and internal diagnostics]
L001690 | [Epoch 66] [Time: 2.73]
L001691 | [Train Loss: 0.7742]
L001692 | [Train F1: 0.6606377909018178]
L001693 | [Train Acc: 0.6599346028082324]
L001694 | [Dev Loss: 1.2538]
L001695 | [Dev F1: 0.4683360795720169]
L001696 | [Dev Acc: 0.5008183306055647]
L001697 | 
L001698-L001713 | [REDACTED: batch progress and internal diagnostics]
L001714 | [Epoch 67] [Time: 2.71]
L001715 | [Train Loss: 0.772]
L001716 | [Train F1: 0.6534494793294783]
L001717 | [Train Acc: 0.6587805347182151]
L001718 | [Dev Loss: 1.2589]
L001719 | [Dev F1: 0.44620313376303006]
L001720 | [Dev Acc: 0.4795417348608838]
L001721 | 
L001722-L001737 | [REDACTED: batch progress and internal diagnostics]
L001738 | [Epoch 68] [Time: 2.65]
L001739 | [Train Loss: 0.7749]
L001740 | [Train F1: 0.6584100274768245]
L001741 | [Train Acc: 0.6582035006732064]
L001742 | [Dev Loss: 1.2119]
L001743 | [Dev F1: 0.4565224438808578]
L001744 | [Dev Acc: 0.5008183306055647]
L001745 | 
L001746-L001761 | [REDACTED: batch progress and internal diagnostics]
L001762 | [Epoch 69] [Time: 2.73]
L001763 | [Train Loss: 0.7556]
L001764 | [Train F1: 0.66497185510451]
L001765 | [Train Acc: 0.6701288709367186]
L001766 | [Dev Loss: 1.2744]
L001767 | [Dev F1: 0.4276488783898909]
L001768 | [Dev Acc: 0.469721767594108]
L001769 | 
L001770-L001785 | [REDACTED: batch progress and internal diagnostics]
L001786 | [Epoch 70] [Time: 2.74]
L001787 | [Train Loss: 0.7526]
L001788 | [Train F1: 0.6637036529352703]
L001789 | [Train Acc: 0.6641661858049625]
L001790 | [Dev Loss: 1.2032]
L001791 | [Dev F1: 0.47013000880051625]
L001792 | [Dev Acc: 0.5040916530278232]
L001793 | 
L001794-L001809 | [REDACTED: batch progress and internal diagnostics]
L001810 | [Epoch 71] [Time: 2.75]
L001811 | [Train Loss: 0.7587]
L001812 | [Train F1: 0.6666060206174683]
L001813 | [Train Acc: 0.668205424120023]
L001814 | [Dev Loss: 1.263]
L001815 | [Dev F1: 0.44756993956944896]
L001816 | [Dev Acc: 0.4909983633387889]
L001817 | 
L001818-L001833 | [REDACTED: batch progress and internal diagnostics]
L001834 | [Epoch 72] [Time: 2.67]
L001835 | [Train Loss: 0.7418]
L001836 | [Train F1: 0.6727413923936527]
L001837 | [Train Acc: 0.6749374879784574]
L001838 | [Dev Loss: 1.2265]
L001839 | [Dev F1: 0.4443887257779214]
L001840 | [Dev Acc: 0.486088379705401]
L001841 | 
L001842-L001857 | [REDACTED: batch progress and internal diagnostics]
L001858 | [Epoch 73] [Time: 2.59]
L001859 | [Train Loss: 0.7443]
L001860 | [Train F1: 0.666954765994746]
L001861 | [Train Acc: 0.6708982496633968]
L001862 | [Dev Loss: 1.2198]
L001863 | [Dev F1: 0.4391257685714663]
L001864 | [Dev Acc: 0.48936170212765956]
L001865 | 
L001866-L001881 | [REDACTED: batch progress and internal diagnostics]
L001882 | [Epoch 74] [Time: 2.57]
L001883 | [Train Loss: 0.7381]
L001884 | [Train F1: 0.6752075036658705]
L001885 | [Train Acc: 0.6758992113868052]
L001886 | [Dev Loss: 1.2291]
L001887 | [Dev F1: 0.46240277741743024]
L001888 | [Dev Acc: 0.5057283142389526]
L001889 | 
L001890-L001905 | [REDACTED: batch progress and internal diagnostics]
L001906 | [Epoch 75] [Time: 2.72]
L001907 | [Train Loss: 0.7298]
L001908 | [Train F1: 0.6769303210798839]
L001909 | [Train Acc: 0.6795537603385267]
L001910 | [Dev Loss: 1.2628]
L001911 | [Dev F1: 0.4468115764731924]
L001912 | [Dev Acc: 0.49263502454991814]
L001913 | 
L001914-L001929 | [REDACTED: batch progress and internal diagnostics]
L001930 | [Epoch 76] [Time: 2.76]
L001931 | [Train Loss: 0.7334]
L001932 | [Train F1: 0.6780787874187117]
L001933 | [Train Acc: 0.678976726293518]
L001934 | [Dev Loss: 1.1886]
L001935 | [Dev F1: 0.45368380341715014]
L001936 | [Dev Acc: 0.4959083469721768]
L001937 | 
L001938-L001953 | [REDACTED: batch progress and internal diagnostics]
L001954 | [Epoch 77] [Time: 2.66]
L001955 | [Train Loss: 0.7308]
L001956 | [Train F1: 0.6796119122961675]
L001957 | [Train Acc: 0.6818618965185612]
L001958 | [Dev Loss: 1.2732]
L001959 | [Dev F1: 0.427907136935338]
L001960 | [Dev Acc: 0.4828150572831424]
L001961 | 
L001962-L001977 | [REDACTED: batch progress and internal diagnostics]
L001978 | [Epoch 78] [Time: 2.71]
L001979 | [Train Loss: 0.7319]
L001980 | [Train F1: 0.678350069720463]
L001981 | [Train Acc: 0.6791690709751875]
L001982 | [Dev Loss: 1.2502]
L001983 | [Dev F1: 0.4519095804655325]
L001984 | [Dev Acc: 0.49263502454991814]
L001985 | 
L001986-L002001 | [REDACTED: batch progress and internal diagnostics]
L002002 | [Epoch 79] [Time: 2.67]
L002003 | [Train Loss: 0.7376]
L002004 | [Train F1: 0.6716636896458203]
L002005 | [Train Acc: 0.6741681092517792]
L002006 | [Dev Loss: 1.2685]
L002007 | [Dev F1: 0.442354881473725]
L002008 | [Dev Acc: 0.49263502454991814]
L002009 | 
L002010-L002025 | [REDACTED: batch progress and internal diagnostics]
L002026 | [Epoch 80] [Time: 2.66]
L002027 | [Train Loss: 0.7307]
L002028 | [Train F1: 0.6759690699260952]
L002029 | [Train Acc: 0.676860934795153]
L002030 | [Dev Loss: 1.2116]
L002031 | [Dev F1: 0.4552271592756321]
L002032 | [Dev Acc: 0.5057283142389526]
L002033 | 
L002034-L002049 | [REDACTED: batch progress and internal diagnostics]
L002050 | [Epoch 81] [Time: 2.69]
L002051 | [Train Loss: 0.733]
L002052 | [Train F1: 0.6789356909167739]
L002053 | [Train Acc: 0.6818618965185612]
L002054 | [Dev Loss: 1.2498]
L002055 | [Dev F1: 0.4569110822126275]
L002056 | [Dev Acc: 0.4828150572831424]
L002057 | 
L002058-L002073 | [REDACTED: batch progress and internal diagnostics]
L002074 | [Epoch 82] [Time: 2.68]
L002075 | [Train Loss: 0.7248]
L002076 | [Train F1: 0.6818688790329606]
L002077 | [Train Acc: 0.6822465858819003]
L002078 | [Dev Loss: 1.3002]
L002079 | [Dev F1: 0.4472195679913259]
L002080 | [Dev Acc: 0.49427168576104746]
L002081 | 
L002082-L002097 | [REDACTED: batch progress and internal diagnostics]
L002098 | [Epoch 83] [Time: 2.70]
L002099 | [Train Loss: 0.7194]
L002100 | [Train F1: 0.6808032215078202]
L002101 | [Train Acc: 0.6841700326985959]
L002102 | [Dev Loss: 1.2515]
L002103 | [Dev F1: 0.41459014152422624]
L002104 | [Dev Acc: 0.4582651391162029]
L002105 | 
L002106-L002121 | [REDACTED: batch progress and internal diagnostics]
L002122 | [Epoch 84] [Time: 2.79]
L002123 | [Train Loss: 0.7251]
L002124 | [Train F1: 0.6763212891058997]
L002125 | [Train Acc: 0.6762839007501442]
L002126 | [Dev Loss: 1.2655]
L002127 | [Dev F1: 0.45066920936292704]
L002128 | [Dev Acc: 0.49918166939443537]
L002129 | 
L002130-L002145 | [REDACTED: batch progress and internal diagnostics]
L002146 | [Epoch 85] [Time: 2.64]
L002147 | [Train Loss: 0.7315]
L002148 | [Train F1: 0.6771042956722075]
L002149 | [Train Acc: 0.678976726293518]
L002150 | [Dev Loss: 1.2608]
L002151 | [Dev F1: 0.41634893197835104]
L002152 | [Dev Acc: 0.4664484451718494]
L002153 | 
L002154-L002169 | [REDACTED: batch progress and internal diagnostics]
L002170 | [Epoch 86] [Time: 2.72]
L002171 | [Train Loss: 0.7243]
L002172 | [Train F1: 0.6792004143242601]
L002173 | [Train Acc: 0.6818618965185612]
L002174 | [Dev Loss: 1.2216]
L002175 | [Dev F1: 0.4679156174276834]
L002176 | [Dev Acc: 0.49918166939443537]
L002177 | 
L002178-L002193 | [REDACTED: batch progress and internal diagnostics]
L002194 | [Epoch 87] [Time: 2.74]
L002195 | [Train Loss: 0.7387]
L002196 | [Train F1: 0.6758449442705122]
L002197 | [Train Acc: 0.6760915560684747]
L002198 | [Dev Loss: 1.2042]
L002199 | [Dev F1: 0.451696499444613]
L002200 | [Dev Acc: 0.4844517184942717]
L002201 | 
L002202-L002217 | [REDACTED: batch progress and internal diagnostics]
L002218 | [Epoch 88] [Time: 2.64]
L002219 | [Train Loss: 0.7381]
L002220 | [Train F1: 0.6700520068914061]
L002221 | [Train Acc: 0.6732063858434314]
L002222 | [Dev Loss: 1.3792]
L002223 | [Dev F1: 0.4115331016262371]
L002224 | [Dev Acc: 0.4664484451718494]
L002225 | 
L002226-L002241 | [REDACTED: batch progress and internal diagnostics]
L002242 | [Epoch 89] [Time: 2.73]
L002243 | [Train Loss: 0.7524]
L002244 | [Train F1: 0.6710235401601331]
L002245 | [Train Acc: 0.6728216964800924]
L002246 | [Dev Loss: 1.2118]
L002247 | [Dev F1: 0.4342020322854084]
L002248 | [Dev Acc: 0.46481178396072015]
L002249 | 
L002250-L002265 | [REDACTED: batch progress and internal diagnostics]
L002266 | [Epoch 90] [Time: 2.82]
L002267 | [Train Loss: 0.7315]
L002268 | [Train F1: 0.6811683492442134]
L002269 | [Train Acc: 0.6820542412002308]
L002270 | [Dev Loss: 1.3178]
L002271 | [Dev F1: 0.4055727597568215]
L002272 | [Dev Acc: 0.46153846153846156]
L002273 | 
L002274-L002289 | [REDACTED: batch progress and internal diagnostics]
L002290 | [Epoch 91] [Time: 2.86]
L002291 | [Train Loss: 0.7246]
L002292 | [Train F1: 0.6774834568372677]
L002293 | [Train Acc: 0.6803231390652048]
L002294 | [Dev Loss: 1.2052]
L002295 | [Dev F1: 0.4567525284837715]
L002296 | [Dev Acc: 0.49263502454991814]
L002297 | 
L002298-L002313 | [REDACTED: batch progress and internal diagnostics]
L002314 | [Epoch 92] [Time: 2.65]
L002315 | [Train Loss: 0.7128]
L002316 | [Train F1: 0.6810994908432323]
L002317 | [Train Acc: 0.6832083092902481]
L002318 | [Dev Loss: 1.255]
L002319 | [Dev F1: 0.42196068535383735]
L002320 | [Dev Acc: 0.486088379705401]
L002321 | 
L002322-L002337 | [REDACTED: batch progress and internal diagnostics]
L002338 | [Epoch 93] [Time: 2.62]
L002339 | [Train Loss: 0.7108]
L002340 | [Train F1: 0.68421969770481]
L002341 | [Train Acc: 0.6855164454702828]
L002342 | [Dev Loss: 1.1817]
L002343 | [Dev F1: 0.4768450796432292]
L002344 | [Dev Acc: 0.49263502454991814]
L002345 | 
L002346-L002361 | [REDACTED: batch progress and internal diagnostics]
L002362 | [Epoch 94] [Time: 2.74]
L002363 | [Train Loss: 0.7119]
L002364 | [Train F1: 0.685762278487009]
L002365 | [Train Acc: 0.6882092710136565]
L002366 | [Dev Loss: 1.264]
L002367 | [Dev F1: 0.4440353435683658]
L002368 | [Dev Acc: 0.49427168576104746]
L002369 | 
L002370-L002385 | [REDACTED: batch progress and internal diagnostics]
L002386 | [Epoch 95] [Time: 2.69]
L002387 | [Train Loss: 0.7166]
L002388 | [Train F1: 0.6897180936850081]
L002389 | [Train Acc: 0.6918638199653779]
L002390 | [Dev Loss: 1.2718]
L002391 | [Dev F1: 0.4354520577145529]
L002392 | [Dev Acc: 0.4762684124386252]
L002393 | 
L002394-L002409 | [REDACTED: batch progress and internal diagnostics]
L002410 | [Epoch 96] [Time: 2.94]
L002411 | [Train Loss: 0.6957]
L002412 | [Train F1: 0.6982935902705275]
L002413 | [Train Acc: 0.6989805731871513]
L002414 | [Dev Loss: 1.2515]
L002415 | [Dev F1: 0.4286864937209145]
L002416 | [Dev Acc: 0.46317512274959083]
L002417 | 
L002418-L002433 | [REDACTED: batch progress and internal diagnostics]
L002434 | [Epoch 97] [Time: 2.58]
L002435 | [Train Loss: 0.6951]
L002436 | [Train F1: 0.7026930538738687]
L002437 | [Train Acc: 0.7053279476822466]
L002438 | [Dev Loss: 1.2424]
L002439 | [Dev F1: 0.45992956226930826]
L002440 | [Dev Acc: 0.48936170212765956]
L002441 | 
L002442-L002457 | [REDACTED: batch progress and internal diagnostics]
L002458 | [Epoch 98] [Time: 2.67]
L002459 | [Train Loss: 0.6855]
L002460 | [Train F1: 0.6976162275278618]
L002461 | [Train Acc: 0.6987882285054818]
L002462 | [Dev Loss: 1.2553]
L002463 | [Dev F1: 0.41554385286813206]
L002464 | [Dev Acc: 0.4746317512274959]
L002465 | 
L002466-L002481 | [REDACTED: batch progress and internal diagnostics]
L002482 | [Epoch 99] [Time: 2.76]
L002483 | [Train Loss: 0.6816]
L002484 | [Train F1: 0.7032655632772911]
L002485 | [Train Acc: 0.7041738795922293]
L002486 | [Dev Loss: 1.2146]
L002487 | [Dev F1: 0.4331920960763122]
L002488 | [Dev Acc: 0.4746317512274959]
L002489 | 
L002490-L002505 | [REDACTED: batch progress and internal diagnostics]
L002506 | [Epoch 100] [Time: 2.67]
L002507 | [Train Loss: 0.6773]
L002508 | [Train F1: 0.70271356999395]
L002509 | [Train Acc: 0.7053279476822466]
L002510 | [Dev Loss: 1.1833]
L002511 | [Dev F1: 0.4403966183544086]
L002512 | [Dev Acc: 0.4828150572831424]
L002513 | 
L002514-L002529 | [REDACTED: batch progress and internal diagnostics]
L002530 | [Epoch 101] [Time: 2.56]
L002531 | [Train Loss: 0.6741]
L002532 | [Train F1: 0.7048654337899309]
L002533 | [Train Acc: 0.705135603000577]
L002534 | [Dev Loss: 1.2285]
L002535 | [Dev F1: 0.4677007012782985]
L002536 | [Dev Acc: 0.5057283142389526]
L002537 | 
L002538-L002553 | [REDACTED: batch progress and internal diagnostics]
L002554 | [Epoch 102] [Time: 2.45]
L002555 | [Train Loss: 0.6709]
L002556 | [Train F1: 0.7078967043534662]
L002557 | [Train Acc: 0.7109059434506636]
L002558 | [Dev Loss: 1.2317]
L002559 | [Dev F1: 0.4690532999533958]
L002560 | [Dev Acc: 0.49918166939443537]
L002561 | 
L002562-L002577 | [REDACTED: batch progress and internal diagnostics]
L002578 | [Epoch 103] [Time: 2.67]
L002579 | [Train Loss: 0.6629]
L002580 | [Train F1: 0.707801218157224]
L002581 | [Train Acc: 0.7080207732256203]
L002582 | [Dev Loss: 1.2228]
L002583 | [Dev F1: 0.4284768437886041]
L002584 | [Dev Acc: 0.469721767594108]
L002585 | 
L002586-L002601 | [REDACTED: batch progress and internal diagnostics]
L002602 | [Epoch 104] [Time: 2.63]
L002603 | [Train Loss: 0.6551]
L002604 | [Train F1: 0.71090226219631]
L002605 | [Train Acc: 0.7122523562223505]
L002606 | [Dev Loss: 1.2074]
L002607 | [Dev F1: 0.46251016738783624]
L002608 | [Dev Acc: 0.49754500818330605]
L002609 | 
L002610-L002625 | [REDACTED: batch progress and internal diagnostics]
L002626 | [Epoch 105] [Time: 2.64]
L002627 | [Train Loss: 0.6493]
L002628 | [Train F1: 0.7133677255973443]
L002629 | [Train Acc: 0.7157145604924023]
L002630 | [Dev Loss: 1.2492]
L002631 | [Dev F1: 0.48130621202683116]
L002632 | [Dev Acc: 0.5090016366612111]
L002633 | 
L002634-L002649 | [REDACTED: batch progress and internal diagnostics]
L002650 | [Epoch 106] [Time: 2.61]
L002651 | [Train Loss: 0.6511]
L002652 | [Train F1: 0.7181295300201918]
L002653 | [Train Acc: 0.7189844200807848]
L002654 | [Dev Loss: 1.3406]
L002655 | [Dev F1: 0.4604438591443884]
L002656 | [Dev Acc: 0.49918166939443537]
L002657 | 
L002658-L002673 | [REDACTED: batch progress and internal diagnostics]
L002674 | [Epoch 107] [Time: 2.51]
L002675 | [Train Loss: 0.6558]
L002676 | [Train F1: 0.7124533773414461]
L002677 | [Train Acc: 0.7147528370840546]
L002678 | [Dev Loss: 1.2397]
L002679 | [Dev F1: 0.45760956081046505]
L002680 | [Dev Acc: 0.4844517184942717]
L002681 | 
L002682-L002697 | [REDACTED: batch progress and internal diagnostics]
L002698 | [Epoch 108] [Time: 2.63]
L002699 | [Train Loss: 0.647]
L002700 | [Train F1: 0.7224770039846472]
L002701 | [Train Acc: 0.7218695903058281]
L002702 | [Dev Loss: 1.3055]
L002703 | [Dev F1: 0.4291956056919657]
L002704 | [Dev Acc: 0.4762684124386252]
L002705 | 
L002706-L002721 | [REDACTED: batch progress and internal diagnostics]
L002722 | [Epoch 109] [Time: 2.63]
L002723 | [Train Loss: 0.6543]
L002724 | [Train F1: 0.7231657568713108]
L002725 | [Train Acc: 0.7255241392575495]
L002726 | [Dev Loss: 1.2992]
L002727 | [Dev F1: 0.44861583672197985]
L002728 | [Dev Acc: 0.46808510638297873]
L002729 | 
L002730-L002745 | [REDACTED: batch progress and internal diagnostics]
L002746 | [Epoch 110] [Time: 2.67]
L002747 | [Train Loss: 0.6632]
L002748 | [Train F1: 0.7146100303538651]
L002749 | [Train Acc: 0.7143681477207156]
L002750 | [Dev Loss: 1.292]
L002751 | [Dev F1: 0.447699598177949]
L002752 | [Dev Acc: 0.48936170212765956]
L002753 | 
L002754-L002769 | [REDACTED: batch progress and internal diagnostics]
L002770 | [Epoch 111] [Time: 2.54]
L002771 | [Train Loss: 0.6475]
L002772 | [Train F1: 0.7228366562868277]
L002773 | [Train Acc: 0.7234083477591845]
L002774 | [Dev Loss: 1.2373]
L002775 | [Dev F1: 0.4599860231178339]
L002776 | [Dev Acc: 0.48936170212765956]
L002777 | 
L002778-L002793 | [REDACTED: batch progress and internal diagnostics]
L002794 | [Epoch 112] [Time: 2.53]
L002795 | [Train Loss: 0.632]
L002796 | [Train F1: 0.7346869969168187]
L002797 | [Train Acc: 0.7359107520677053]
L002798 | [Dev Loss: 1.1609]
L002799 | [Dev F1: 0.4903398961872647]
L002800 | [Dev Acc: 0.5204582651391162]
L002801 | 
L002802-L002817 | [REDACTED: batch progress and internal diagnostics]
L002818 | [Epoch 113] [Time: 2.81]
L002819 | [Train Loss: 0.6275]
L002820 | [Train F1: 0.7346847383185191]
L002821 | [Train Acc: 0.7357184073860358]
L002822 | [Dev Loss: 1.2701]
L002823 | [Dev F1: 0.4675349633648103]
L002824 | [Dev Acc: 0.5106382978723404]
L002825 | 
L002826-L002841 | [REDACTED: batch progress and internal diagnostics]
L002842 | [Epoch 114] [Time: 2.65]
L002843 | [Train Loss: 0.6164]
L002844 | [Train F1: 0.742887375400233]
L002845 | [Train Acc: 0.7432198499711483]
L002846 | [Dev Loss: 1.2156]
L002847 | [Dev F1: 0.43419441526024616]
L002848 | [Dev Acc: 0.4664484451718494]
L002849 | 
L002850-L002865 | [REDACTED: batch progress and internal diagnostics]
L002866 | [Epoch 115] [Time: 2.63]
L002867 | [Train Loss: 0.5878]
L002868 | [Train F1: 0.7538697845824766]
L002869 | [Train Acc: 0.7541834968263128]
L002870 | [Dev Loss: 1.3223]
L002871 | [Dev F1: 0.4249946651227538]
L002872 | [Dev Acc: 0.469721767594108]
L002873 | 
L002874-L002889 | [REDACTED: batch progress and internal diagnostics]
L002890 | [Epoch 116] [Time: 2.58]
L002891 | [Train Loss: 0.5803]
L002892 | [Train F1: 0.7653005754168262]
L002893 | [Train Acc: 0.7655318330448163]
L002894 | [Dev Loss: 1.3016]
L002895 | [Dev F1: 0.4767628561616399]
L002896 | [Dev Acc: 0.502454991816694]
L002897 | 
L002898-L002913 | [REDACTED: batch progress and internal diagnostics]
L002914 | [Epoch 117] [Time: 2.57]
L002915 | [Train Loss: 0.5797]
L002916 | [Train F1: 0.7566244474437949]
L002917 | [Train Acc: 0.7580303904597038]
L002918 | [Dev Loss: 1.3775]
L002919 | [Dev F1: 0.4700724804633581]
L002920 | [Dev Acc: 0.5040916530278232]
L002921 | 
L002922-L002937 | [REDACTED: batch progress and internal diagnostics]
L002938 | [Epoch 118] [Time: 2.51]
L002939 | [Train Loss: 0.5675]
L002940 | [Train F1: 0.7679284342277327]
L002941 | [Train Acc: 0.7680323139065205]
L002942 | [Dev Loss: 1.1892]
L002943 | [Dev F1: 0.5266833077217827]
L002944 | [Dev Acc: 0.5482815057283142]
L002945 | 
L002946-L002961 | [REDACTED: batch progress and internal diagnostics]
L002962 | [Epoch 119] [Time: 2.62]
L002963 | [Train Loss: 0.5518]
L002964 | [Train F1: 0.7739216285937872]
L002965 | [Train Acc: 0.775533756491633]
L002966 | [Dev Loss: 1.3016]
L002967 | [Dev F1: 0.4557134591293218]
L002968 | [Dev Acc: 0.4959083469721768]
L002969 | 
L002970-L002985 | [REDACTED: batch progress and internal diagnostics]
L002986 | [Epoch 120] [Time: 2.56]
L002987 | [Train Loss: 0.5533]
L002988 | [Train F1: 0.7734326687360158]
L002989 | [Train Acc: 0.7736103096749375]
L002990 | [Dev Loss: 1.2711]
L002991 | [Dev F1: 0.5087439026355246]
L002992 | [Dev Acc: 0.5319148936170213]
L002993 | 
L002994-L003009 | [REDACTED: batch progress and internal diagnostics]
L003010 | [Epoch 121] [Time: 2.57]
L003011 | [Train Loss: 0.518]
L003012 | [Train F1: 0.7863216053370066]
L003013 | [Train Acc: 0.7864974033467974]
L003014 | [Dev Loss: 1.331]
L003015 | [Dev F1: 0.41664141950079436]
L003016 | [Dev Acc: 0.45990180032733224]
L003017 | 
L003018-L003033 | [REDACTED: batch progress and internal diagnostics]
L003034 | [Epoch 122] [Time: 2.53]
L003035 | [Train Loss: 0.5198]
L003036 | [Train F1: 0.7922720487301778]
L003037 | [Train Acc: 0.7916907097518754]
L003038 | [Dev Loss: 1.3558]
L003039 | [Dev F1: 0.4938488468119278]
L003040 | [Dev Acc: 0.5253682487725041]
L003041 | 
L003042-L003057 | [REDACTED: batch progress and internal diagnostics]
L003058 | [Epoch 123] [Time: 2.73]
L003059 | [Train Loss: 0.5075]
L003060 | [Train F1: 0.7917708894788793]
L003061 | [Train Acc: 0.7928447778418927]
L003062 | [Dev Loss: 1.4229]
L003063 | [Dev F1: 0.4432166163003165]
L003064 | [Dev Acc: 0.4746317512274959]
L003065 | 
L003066-L003081 | [REDACTED: batch progress and internal diagnostics]
L003082 | [Epoch 124] [Time: 2.62]
L003083 | [Train Loss: 0.5061]
L003084 | [Train F1: 0.7927775112270231]
L003085 | [Train Acc: 0.7920753991152145]
L003086 | [Dev Loss: 1.3326]
L003087 | [Dev F1: 0.5354792482704884]
L003088 | [Dev Acc: 0.5548281505728314]
L003089 | 
L003090-L003105 | [REDACTED: batch progress and internal diagnostics]
L003106 | [Epoch 125] [Time: 2.56]
L003107 | [Train Loss: 0.5077]
L003108 | [Train F1: 0.7963322345826904]
L003109 | [Train Acc: 0.7974610502019619]
L003110 | [Dev Loss: 1.3588]
L003111 | [Dev F1: 0.4940100245987805]
L003112 | [Dev Acc: 0.5270049099836334]
L003113 | 
L003114-L003129 | [REDACTED: batch progress and internal diagnostics]
L003130 | [Epoch 126] [Time: 2.57]
L003131 | [Train Loss: 0.5059]
L003132 | [Train F1: 0.7941969771953697]
L003133 | [Train Acc: 0.7938065012502404]
L003134 | [Dev Loss: 1.2658]
L003135 | [Dev F1: 0.48771407998630023]
L003136 | [Dev Acc: 0.5122749590834698]
L003137 | 
L003138-L003153 | [REDACTED: batch progress and internal diagnostics]
L003154 | [Epoch 127] [Time: 2.56]
L003155 | [Train Loss: 0.4855]
L003156 | [Train F1: 0.7978315382253901]
L003157 | [Train Acc: 0.7972687055202924]
L003158 | [Dev Loss: 1.5379]
L003159 | [Dev F1: 0.4426159119877544]
L003160 | [Dev Acc: 0.4746317512274959]
L003161 | 
L003162-L003177 | [REDACTED: batch progress and internal diagnostics]
L003178 | [Epoch 128] [Time: 2.57]
L003179 | [Train Loss: 0.4634]
L003180 | [Train F1: 0.8082928113616852]
L003181 | [Train Acc: 0.8086170417387959]
L003182 | [Dev Loss: 1.4291]
L003183 | [Dev F1: 0.4587324698443871]
L003184 | [Dev Acc: 0.48936170212765956]
L003185 | 
L003186-L003201 | [REDACTED: batch progress and internal diagnostics]
L003202 | [Epoch 129] [Time: 2.74]
L003203 | [Train Loss: 0.4597]
L003204 | [Train F1: 0.8154915712357075]
L003205 | [Train Acc: 0.8151567609155607]
L003206 | [Dev Loss: 1.5363]
L003207 | [Dev F1: 0.44116587063119034]
L003208 | [Dev Acc: 0.4844517184942717]
L003209 | 
L003210-L003225 | [REDACTED: batch progress and internal diagnostics]
L003226 | [Epoch 130] [Time: 2.84]
L003227 | [Train Loss: 0.4681]
L003228 | [Train F1: 0.8162741508161946]
L003229 | [Train Acc: 0.8165031736872476]
L003230 | [Dev Loss: 1.5777]
L003231 | [Dev F1: 0.3955993857215219]
L003232 | [Dev Acc: 0.44680851063829785]
L003233 | 
L003234-L003249 | [REDACTED: batch progress and internal diagnostics]
L003250 | [Epoch 131] [Time: 2.73]
L003251 | [Train Loss: 0.4597]
L003252 | [Train F1: 0.8183980614949153]
L003253 | [Train Acc: 0.8188113098672821]
L003254 | [Dev Loss: 1.4876]
L003255 | [Dev F1: 0.44392778184237147]
L003256 | [Dev Acc: 0.4779050736497545]
L003257 | 
L003258-L003273 | [REDACTED: batch progress and internal diagnostics]
L003274 | [Epoch 132] [Time: 2.66]
L003275 | [Train Loss: 0.4524]
L003276 | [Train F1: 0.8243499426189227]
L003277 | [Train Acc: 0.8238122715906905]
L003278 | [Dev Loss: 1.4013]
L003279 | [Dev F1: 0.47304019747040094]
L003280 | [Dev Acc: 0.4909983633387889]
L003281 | 
L003282-L003297 | [REDACTED: batch progress and internal diagnostics]
L003298 | [Epoch 133] [Time: 2.71]
L003299 | [Train Loss: 0.4384]
L003300 | [Train F1: 0.8294271102258948]
L003301 | [Train Acc: 0.8299673014041162]
L003302 | [Dev Loss: 1.525]
L003303 | [Dev F1: 0.46302203539928055]
L003304 | [Dev Acc: 0.49263502454991814]
L003305 | 
L003306-L003321 | [REDACTED: batch progress and internal diagnostics]
L003322 | [Epoch 134] [Time: 2.57]
L003323 | [Train Loss: 0.4297]
L003324 | [Train F1: 0.8269575816446808]
L003325 | [Train Acc: 0.8272744758607424]
L003326 | [Dev Loss: 1.4395]
L003327 | [Dev F1: 0.4465801317630828]
L003328 | [Dev Acc: 0.4746317512274959]
L003329 | 
L003330-L003345 | [REDACTED: batch progress and internal diagnostics]
L003346 | [Epoch 135] [Time: 2.71]
L003347 | [Train Loss: 0.429]
L003348 | [Train F1: 0.8300253257993933]
L003349 | [Train Acc: 0.8301596460857857]
L003350 | [Dev Loss: 1.6302]
L003351 | [Dev F1: 0.44580039431648566]
L003352 | [Dev Acc: 0.4795417348608838]
L003353 | 
L003354-L003369 | [REDACTED: batch progress and internal diagnostics]
L003370 | [Epoch 136] [Time: 2.69]
L003371 | [Train Loss: 0.4303]
L003372 | [Train F1: 0.8277121284995261]
L003373 | [Train Acc: 0.8282361992690902]
L003374 | [Dev Loss: 1.5238]
L003375 | [Dev F1: 0.48499168504948864]
L003376 | [Dev Acc: 0.5057283142389526]
L003377 | 
L003378-L003393 | [REDACTED: batch progress and internal diagnostics]
L003394 | [Epoch 137] [Time: 2.75]
L003395 | [Train Loss: 0.4169]
L003396 | [Train F1: 0.8357976343640073]
L003397 | [Train Acc: 0.8355452971725332]
L003398 | [Dev Loss: 1.6411]
L003399 | [Dev F1: 0.45320202452240277]
L003400 | [Dev Acc: 0.4795417348608838]
L003401 | 
L003402-L003417 | [REDACTED: batch progress and internal diagnostics]
L003418 | [Epoch 138] [Time: 2.53]
L003419 | [Train Loss: 0.4131]
L003420 | [Train F1: 0.8301825829394038]
L003421 | [Train Acc: 0.8303519907674553]
L003422 | [Dev Loss: 1.623]
L003423 | [Dev F1: 0.47446445735185255]
L003424 | [Dev Acc: 0.4959083469721768]
L003425 | 
L003426-L003441 | [REDACTED: batch progress and internal diagnostics]
L003442 | [Epoch 139] [Time: 2.71]
L003443 | [Train Loss: 0.4036]
L003444 | [Train F1: 0.8370453957072639]
L003445 | [Train Acc: 0.8370840546258896]
L003446 | [Dev Loss: 1.5831]
L003447 | [Dev F1: 0.46476230083832915]
L003448 | [Dev Acc: 0.49263502454991814]
L003449 | 
L003450-L003465 | [REDACTED: batch progress and internal diagnostics]
L003466 | [Epoch 140] [Time: 2.60]
L003467 | [Train Loss: 0.3854]
L003468 | [Train F1: 0.8412879249838335]
L003469 | [Train Acc: 0.8413156376226197]
L003470 | [Dev Loss: 1.5892]
L003471 | [Dev F1: 0.44800262777531763]
L003472 | [Dev Acc: 0.4828150572831424]
L003473 | 
L003474-L003489 | [REDACTED: batch progress and internal diagnostics]
L003490 | [Epoch 141] [Time: 2.74]
L003491 | [Train Loss: 0.3838]
L003492 | [Train F1: 0.8460890564431289]
L003493 | [Train Acc: 0.8455472206193498]
L003494 | [Dev Loss: 1.4966]
L003495 | [Dev F1: 0.5135832537210546]
L003496 | [Dev Acc: 0.530278232405892]
L003497 | 
L003498-L003513 | [REDACTED: batch progress and internal diagnostics]
L003514 | [Epoch 142] [Time: 2.66]
L003515 | [Train Loss: 0.3653]
L003516 | [Train F1: 0.8557206466017742]
L003517 | [Train Acc: 0.8555491440661666]
L003518 | [Dev Loss: 1.5573]
L003519 | [Dev F1: 0.4830443089643562]
L003520 | [Dev Acc: 0.5106382978723404]
L003521 | 
L003522-L003537 | [REDACTED: batch progress and internal diagnostics]
L003538 | [Epoch 143] [Time: 2.77]
L003539 | [Train Loss: 0.3644]
L003540 | [Train F1: 0.8560743040412935]
L003541 | [Train Acc: 0.8555491440661666]
L003542 | [Dev Loss: 1.7934]
L003543 | [Dev F1: 0.44903800880088846]
L003544 | [Dev Acc: 0.4762684124386252]
L003545 | 
L003546-L003561 | [REDACTED: batch progress and internal diagnostics]
L003562 | [Epoch 144] [Time: 2.68]
L003563 | [Train Loss: 0.3752]
L003564 | [Train F1: 0.8480776947607588]
L003565 | [Train Acc: 0.8484323908443931]
L003566 | [Dev Loss: 1.5582]
L003567 | [Dev F1: 0.4819916934212647]
L003568 | [Dev Acc: 0.513911620294599]
L003569 | 
L003570-L003585 | [REDACTED: batch progress and internal diagnostics]
L003586 | [Epoch 145] [Time: 2.44]
L003587 | [Train Loss: 0.379]
L003588 | [Train F1: 0.8457533980765936]
L003589 | [Train Acc: 0.8457395653010195]
L003590 | [Dev Loss: 1.6084]
L003591 | [Dev F1: 0.46795338198475367]
L003592 | [Dev Acc: 0.49754500818330605]
L003593 | 
L003594-L003609 | [REDACTED: batch progress and internal diagnostics]
L003610 | [Epoch 146] [Time: 2.60]
L003611 | [Train Loss: 0.3763]
L003612 | [Train F1: 0.8486790738471676]
L003613 | [Train Acc: 0.8493941142527409]
L003614 | [Dev Loss: 1.6014]
L003615 | [Dev F1: 0.4971015454045071]
L003616 | [Dev Acc: 0.5171849427168577]
L003617 | 
L003618-L003633 | [REDACTED: batch progress and internal diagnostics]
L003634 | [Epoch 147] [Time: 2.61]
L003635 | [Train Loss: 0.3777]
L003636 | [Train F1: 0.846700108788612]
L003637 | [Train Acc: 0.8461242546643585]
L003638 | [Dev Loss: 1.5467]
L003639 | [Dev F1: 0.48464878315254495]
L003640 | [Dev Acc: 0.5122749590834698]
L003641 | 
L003642-L003657 | [REDACTED: batch progress and internal diagnostics]
L003658 | [Epoch 148] [Time: 2.73]
L003659 | [Train Loss: 0.3744]
L003660 | [Train F1: 0.8485300511218868]
L003661 | [Train Acc: 0.8488170802077323]
L003662 | [Dev Loss: 1.5361]
L003663 | [Dev F1: 0.4916429343450484]
L003664 | [Dev Acc: 0.5286415711947627]
L003665 | 
L003666-L003681 | [REDACTED: batch progress and internal diagnostics]
L003682 | [Epoch 149] [Time: 2.70]
L003683 | [Train Loss: 0.3657]
L003684 | [Train F1: 0.8546603018945362]
L003685 | [Train Acc: 0.8547797653394884]
L003686 | [Dev Loss: 1.6252]
L003687 | [Dev F1: 0.49960389815732187]
L003688 | [Dev Acc: 0.5220949263502455]
L003689 | Last model
L003690 |               precision    recall  f1-score   support
L003691 | 
L003692 |          hap     0.3232    0.2222    0.2634       144
L003693 |          sad     0.8148    0.6286    0.7097       245
L003694 |          neu     0.5375    0.6719    0.5972       384
L003695 |          ang     0.6242    0.5471    0.5831       170
L003696 |          exc     0.6465    0.6789    0.6623       299
L003697 |          fru     0.5714    0.5879    0.5796       381
L003698 | 
L003699 |     accuracy                         0.5940      1623
L003700 |    macro avg     0.5863    0.5561    0.5659      1623
L003701 | weighted avg     0.5975    0.5940    0.5909      1623
L003702 | 
L003703 | Best model at epoch: 124
L003704 | Best dev F1: 0.5354792482704884
L003705 |               precision    recall  f1-score   support
L003706 | 
L003707 |          hap     0.4345    0.4375    0.4360       144
L003708 |          sad     0.7840    0.6816    0.7293       245
L003709 |          neu     0.5850    0.6901    0.6332       384
L003710 |          ang     0.6594    0.5353    0.5909       170
L003711 |          exc     0.6997    0.7324    0.7157       299
L003712 |          fru     0.5983    0.5669    0.5822       381
L003713 | 
L003714 |     accuracy                         0.6291      1623
L003715 |    macro avg     0.6268    0.6073    0.6145      1623
L003716 | weighted avg     0.6337    0.6291    0.6290      1623
L003717 | 
L003718 | Best test F1: 0.6290025231138692
L003719 | Best test Acc: 0.6290819470117067
L003720 | [SANITIZED] Saved checkpoint: [path and filename removed]
