# Redacted copy of an existing run log.
# run_id: G16-seed2
# dataset: IEMOCAP
# model: MM-DFN+AMBER
# imr: (0.5,0.7,0.3)
# seed_alias: seed2
# original_log_sha256: 09d902ce54608d8abe934afcddbe02274a9c29ca6b4fa06d588eea709cc437bf
# source_record_status: ok
# source_record_process_return_code: 3221226505
# L numbers refer to source logical lines; REDACTED/SANITIZED text is editorial.
L000001-L000076 | [REDACTED: configuration or implementation details]
L000077 | [SANITIZED] Seed alias: seed2
L000078 | 
L000079-L000080 | [REDACTED: batch progress and internal diagnostics]
L000081 | 
L000082-L000083 | [REDACTED: batch progress and internal diagnostics]
L000084 | 
L000085-L000086 | [REDACTED: batch progress and internal diagnostics]
L000087 | 
L000088-L000103 | [REDACTED: batch progress and internal diagnostics]
L000104 | [Epoch 0] [Time: 8.566094160079956]
L000105 | [Train Loss: 9.035]
L000106 | [Train F1: 0.270077590976111]
L000107 | [Train Acc: 0.2903842477537756]
L000108 | [Dev Loss: 9.3063]
L000109 | [Dev F1: 0.32922179615013203]
L000110 | [Dev Acc: 0.36787564766839376]
L000111 | 
L000112-L000127 | [REDACTED: batch progress and internal diagnostics]
L000128 | [Epoch 1] [Time: 8.053868293762207]
L000129 | [Train Loss: 7.9748]
L000130 | [Train F1: 0.36715045645746663]
L000131 | [Train Acc: 0.3909386350602179]
L000132 | [Dev Loss: 8.2493]
L000133 | [Dev F1: 0.4025770800711468]
L000134 | [Dev Acc: 0.4680483592400691]
L000135 | 
L000136-L000151 | [REDACTED: batch progress and internal diagnostics]
L000152 | [Epoch 2] [Time: 7.92547869682312]
L000153 | [Train Loss: 7.1021]
L000154 | [Train F1: 0.43772252149003765]
L000155 | [Train Acc: 0.4584209520168228]
L000156 | [Dev Loss: 7.25]
L000157 | [Dev F1: 0.43501372262937643]
L000158 | [Dev Acc: 0.4991364421416235]
L000159 | 
L000160-L000175 | [REDACTED: batch progress and internal diagnostics]
L000176 | [Epoch 3] [Time: 8.461426258087158]
L000177 | [Train Loss: 6.3667]
L000178 | [Train F1: 0.5055338096550671]
L000179 | [Train Acc: 0.5201682278722998]
L000180 | [Dev Loss: 6.4843]
L000181 | [Dev F1: 0.49711937146484997]
L000182 | [Dev Acc: 0.542314335060449]
L000183 | 
L000184-L000199 | [REDACTED: batch progress and internal diagnostics]
L000200 | [Epoch 4] [Time: 7.794638156890869]
L000201 | [Train Loss: 5.6711]
L000202 | [Train F1: 0.561257289408853]
L000203 | [Train Acc: 0.5681514050850698]
L000204 | [Dev Loss: 5.9531]
L000205 | [Dev F1: 0.5149816755730546]
L000206 | [Dev Acc: 0.5457685664939551]
L000207 | 
L000208-L000223 | [REDACTED: batch progress and internal diagnostics]
L000224 | [Epoch 5] [Time: 8.01362919807434]
L000225 | [Train Loss: 5.1124]
L000226 | [Train F1: 0.5858216376847131]
L000227 | [Train Acc: 0.5910915694895813]
L000228 | [Dev Loss: 5.5963]
L000229 | [Dev F1: 0.5324286358077321]
L000230 | [Dev Acc: 0.5595854922279793]
L000231 | 
L000232-L000247 | [REDACTED: batch progress and internal diagnostics]
L000248 | [Epoch 6] [Time: 8.499469518661499]
L000249 | [Train Loss: 4.7939]
L000250 | [Train F1: 0.5986506537066796]
L000251 | [Train Acc: 0.6042821640221755]
L000252 | [Dev Loss: 5.4309]
L000253 | [Dev F1: 0.5310852260572698]
L000254 | [Dev Acc: 0.5595854922279793]
L000255 | 
L000256-L000271 | [REDACTED: batch progress and internal diagnostics]
L000272 | [Epoch 7] [Time: 7.9255430698394775]
L000273 | [Train Loss: 4.4655]
L000274 | [Train F1: 0.6225385704130489]
L000275 | [Train Acc: 0.6276046645000956]
L000276 | [Dev Loss: 5.2044]
L000277 | [Dev F1: 0.5590360609755326]
L000278 | [Dev Acc: 0.5820379965457686]
L000279 | 
L000280-L000295 | [REDACTED: batch progress and internal diagnostics]
L000296 | [Epoch 8] [Time: 7.813380241394043]
L000297 | [Train Loss: 4.2496]
L000298 | [Train F1: 0.6401809678774376]
L000299 | [Train Acc: 0.6425157713630281]
L000300 | [Dev Loss: 5.0903]
L000301 | [Dev F1: 0.5672872207872133]
L000302 | [Dev Acc: 0.5906735751295337]
L000303 | 
L000304-L000319 | [REDACTED: batch progress and internal diagnostics]
L000320 | [Epoch 9] [Time: 8.392011880874634]
L000321 | [Train Loss: 4.0453]
L000322 | [Train F1: 0.6545159670064683]
L000323 | [Train Acc: 0.6574268782259606]
L000324 | [Dev Loss: 4.9914]
L000325 | [Dev F1: 0.5730050747246666]
L000326 | [Dev Acc: 0.5924006908462867]
L000327 | 
L000328-L000343 | [REDACTED: batch progress and internal diagnostics]
L000344 | [Epoch 10] [Time: 8.28611707687378]
L000345 | [Train Loss: 3.8167]
L000346 | [Train F1: 0.6685848200331505]
L000347 | [Train Acc: 0.6725291531255974]
L000348 | [Dev Loss: 5.0151]
L000349 | [Dev F1: 0.559584737588969]
L000350 | [Dev Acc: 0.5820379965457686]
L000351 | 
L000352-L000367 | [REDACTED: batch progress and internal diagnostics]
L000368 | [Epoch 11] [Time: 8.22718596458435]
L000369 | [Train Loss: 3.62]
L000370 | [Train F1: 0.6869367124132468]
L000371 | [Train Acc: 0.6895431083922768]
L000372 | [Dev Loss: 5.0249]
L000373 | [Dev F1: 0.5631860587809846]
L000374 | [Dev Acc: 0.5854922279792746]
L000375 | 
L000376-L000391 | [REDACTED: batch progress and internal diagnostics]
L000392 | [Epoch 12] [Time: 8.362622737884521]
L000393 | [Train Loss: 3.3759]
L000394 | [Train F1: 0.7128396980692802]
L000395 | [Train Acc: 0.7142037851271268]
L000396 | [Dev Loss: 5.0056]
L000397 | [Dev F1: 0.5662781737022882]
L000398 | [Dev Acc: 0.5889464594127807]
L000399 | 
L000400-L000415 | [REDACTED: batch progress and internal diagnostics]
L000416 | [Epoch 13] [Time: 7.885416269302368]
L000417 | [Train Loss: 3.2491]
L000418 | [Train F1: 0.7215928176202363]
L000419 | [Train Acc: 0.7237621869623398]
L000420 | [Dev Loss: 5.0011]
L000421 | [Dev F1: 0.5706636523294839]
L000422 | [Dev Acc: 0.5941278065630398]
L000423 | 
L000424-L000439 | [REDACTED: batch progress and internal diagnostics]
L000440 | [Epoch 14] [Time: 9.032042264938354]
L000441 | [Train Loss: 3.0317]
L000442 | [Train F1: 0.7385571410694933]
L000443 | [Train Acc: 0.7407761422290193]
L000444 | [Dev Loss: 5.0338]
L000445 | [Dev F1: 0.572489953952751]
L000446 | [Dev Acc: 0.5941278065630398]
L000447 | 
L000448-L000463 | [REDACTED: batch progress and internal diagnostics]
L000464 | [Epoch 15] [Time: 8.094813823699951]
L000465 | [Train Loss: 3.004]
L000466 | [Train F1: 0.743542914067488]
L000467 | [Train Acc: 0.7445995029631046]
L000468 | [Dev Loss: 5.1589]
L000469 | [Dev F1: 0.5765880482628296]
L000470 | [Dev Acc: 0.5993091537132987]
L000471 | 
L000472-L000487 | [REDACTED: batch progress and internal diagnostics]
L000488 | [Epoch 16] [Time: 8.721337080001831]
L000489 | [Train Loss: 2.8167]
L000490 | [Train F1: 0.7526013897193163]
L000491 | [Train Acc: 0.754349072835022]
L000492 | [Dev Loss: 4.9504]
L000493 | [Dev F1: 0.5957463311592841]
L000494 | [Dev Acc: 0.614853195164076]
L000495 | 
L000496-L000511 | [REDACTED: batch progress and internal diagnostics]
L000512 | [Epoch 17] [Time: 8.417284727096558]
L000513 | [Train Loss: 2.6968]
L000514 | [Train F1: 0.7649303709051573]
L000515 | [Train Acc: 0.7663926591473905]
L000516 | [Dev Loss: 5.32]
L000517 | [Dev F1: 0.5783541285804921]
L000518 | [Dev Acc: 0.6027633851468048]
L000519 | 
L000520-L000535 | [REDACTED: batch progress and internal diagnostics]
L000536 | [Epoch 18] [Time: 8.199556350708008]
L000537 | [Train Loss: 2.6062]
L000538 | [Train F1: 0.7742053024469943]
L000539 | [Train Acc: 0.7753775568724909]
L000540 | [Dev Loss: 5.5034]
L000541 | [Dev F1: 0.5960158509372766]
L000542 | [Dev Acc: 0.6183074265975821]
L000543 | 
L000544-L000559 | [REDACTED: batch progress and internal diagnostics]
L000560 | [Epoch 19] [Time: 8.165988445281982]
L000561 | [Train Loss: 2.4845]
L000562 | [Train F1: 0.7854901687659447]
L000563 | [Train Acc: 0.7870388071114509]
L000564 | [Dev Loss: 5.2368]
L000565 | [Dev F1: 0.5932620004901292]
L000566 | [Dev Acc: 0.6113989637305699]
L000567 | 
L000568-L000583 | [REDACTED: batch progress and internal diagnostics]
L000584 | [Epoch 20] [Time: 8.21234941482544]
L000585 | [Train Loss: 2.3803]
L000586 | [Train F1: 0.7913715375570771]
L000587 | [Train Acc: 0.7927738482125789]
L000588 | [Dev Loss: 5.3555]
L000589 | [Dev F1: 0.5896216307833348]
L000590 | [Dev Acc: 0.6113989637305699]
L000591 | 
L000592-L000607 | [REDACTED: batch progress and internal diagnostics]
L000608 | [Epoch 21] [Time: 8.39382290840149]
L000609 | [Train Loss: 2.3423]
L000610 | [Train F1: 0.7987178223333977]
L000611 | [Train Acc: 0.7996558975339323]
L000612 | [Dev Loss: 5.7617]
L000613 | [Dev F1: 0.5978252837477447]
L000614 | [Dev Acc: 0.6200345423143351]
L000615 | 
L000616-L000631 | [REDACTED: batch progress and internal diagnostics]
L000632 | [Epoch 22] [Time: 8.32481837272644]
L000633 | [Train Loss: 2.2274]
L000634 | [Train F1: 0.7909902496945583]
L000635 | [Train Acc: 0.7920091760657618]
L000636 | [Dev Loss: 5.6296]
L000637 | [Dev F1: 0.5870501470064223]
L000638 | [Dev Acc: 0.6079447322970639]
L000639 | 
L000640-L000655 | [REDACTED: batch progress and internal diagnostics]
L000656 | [Epoch 23] [Time: 8.331639289855957]
L000657 | [Train Loss: 2.1526]
L000658 | [Train F1: 0.8031518576614721]
L000659 | [Train Acc: 0.8044350984515389]
L000660 | [Dev Loss: 5.6379]
L000661 | [Dev F1: 0.5724731840372781]
L000662 | [Dev Acc: 0.5941278065630398]
L000663 | 
L000664-L000679 | [REDACTED: batch progress and internal diagnostics]
L000680 | [Epoch 24] [Time: 8.46565294265747]
L000681 | [Train Loss: 2.0752]
L000682 | [Train F1: 0.8211785905688693]
L000683 | [Train Acc: 0.8220225578283311]
L000684 | [Dev Loss: 6.2744]
L000685 | [Dev F1: 0.5732470749173532]
L000686 | [Dev Acc: 0.6010362694300518]
L000687 | 
L000688-L000703 | [REDACTED: batch progress and internal diagnostics]
L000704 | [Epoch 25] [Time: 7.681715965270996]
L000705 | [Train Loss: 2.0284]
L000706 | [Train F1: 0.8169940329567104]
L000707 | [Train Acc: 0.8181991970942458]
L000708 | [Dev Loss: 5.8192]
L000709 | [Dev F1: 0.5879820026326442]
L000710 | [Dev Acc: 0.6096718480138169]
L000711 | 
L000712-L000727 | [REDACTED: batch progress and internal diagnostics]
L000728 | [Epoch 26] [Time: 8.460766553878784]
L000729 | [Train Loss: 1.944]
L000730 | [Train F1: 0.8247292091488391]
L000731 | [Train Acc: 0.8260370865991207]
L000732 | [Dev Loss: 5.6104]
L000733 | [Dev F1: 0.5936565153223123]
L000734 | [Dev Acc: 0.6113989637305699]
L000735 | 
L000736-L000751 | [REDACTED: batch progress and internal diagnostics]
L000752 | [Epoch 27] [Time: 8.898752927780151]
L000753 | [Train Loss: 1.9481]
L000754 | [Train F1: 0.8239113848555544]
L000755 | [Train Acc: 0.824890078378895]
L000756 | [Dev Loss: 6.1666]
L000757 | [Dev F1: 0.5803930714584941]
L000758 | [Dev Acc: 0.6027633851468048]
L000759 | 
L000760-L000775 | [REDACTED: batch progress and internal diagnostics]
L000776 | [Epoch 28] [Time: 7.7781822681427]
L000777 | [Train Loss: 1.8729]
L000778 | [Train F1: 0.8294733112960804]
L000779 | [Train Acc: 0.8302427834066144]
L000780 | [Dev Loss: 6.8089]
L000781 | [Dev F1: 0.5436054273391139]
L000782 | [Dev Acc: 0.5785837651122625]
L000783 | 
L000784-L000799 | [REDACTED: batch progress and internal diagnostics]
L000800 | [Epoch 29] [Time: 8.466917276382446]
L000801 | [Train Loss: 1.7903]
L000802 | [Train F1: 0.8340282787250214]
L000803 | [Train Acc: 0.835021984324221]
L000804 | [Dev Loss: 6.0161]
L000805 | [Dev F1: 0.5647630749292096]
L000806 | [Dev Acc: 0.5837651122625216]
L000807 | 
L000808-L000823 | [REDACTED: batch progress and internal diagnostics]
L000824 | [Epoch 30] [Time: 7.913019180297852]
L000825 | [Train Loss: 1.7645]
L000826 | [Train F1: 0.8336936708535186]
L000827 | [Train Acc: 0.8346396482508125]
L000828 | [Dev Loss: 6.6054]
L000829 | [Dev F1: 0.5568427247826605]
L000830 | [Dev Acc: 0.5837651122625216]
L000831 | 
L000832-L000847 | [REDACTED: batch progress and internal diagnostics]
L000848 | [Epoch 31] [Time: 8.71790075302124]
L000849 | [Train Loss: 1.7298]
L000850 | [Train F1: 0.8361565477436104]
L000851 | [Train Acc: 0.8373160007646722]
L000852 | [Dev Loss: 6.8369]
L000853 | [Dev F1: 0.564942444668657]
L000854 | [Dev Acc: 0.5958549222797928]
L000855 | 
L000856-L000871 | [REDACTED: batch progress and internal diagnostics]
L000872 | [Epoch 32] [Time: 7.8389012813568115]
L000873 | [Train Loss: 1.6688]
L000874 | [Train F1: 0.8417059562364485]
L000875 | [Train Acc: 0.8426687057923915]
L000876 | [Dev Loss: 6.9465]
L000877 | [Dev F1: 0.5555840628104535]
L000878 | [Dev Acc: 0.5941278065630398]
L000879 | 
L000880-L000895 | [REDACTED: batch progress and internal diagnostics]
L000896 | [Epoch 33] [Time: 8.865099430084229]
L000897 | [Train Loss: 1.6377]
L000898 | [Train F1: 0.8524859824488165]
L000899 | [Train Acc: 0.853182947811126]
L000900 | [Dev Loss: 6.4618]
L000901 | [Dev F1: 0.5555869554946145]
L000902 | [Dev Acc: 0.5820379965457686]
L000903 | 
L000904-L000919 | [REDACTED: batch progress and internal diagnostics]
L000920 | [Epoch 34] [Time: 8.318885326385498]
L000921 | [Train Loss: 1.6083]
L000922 | [Train F1: 0.8507313715896112]
L000923 | [Train Acc: 0.8516536035174919]
L000924 | [Dev Loss: 6.802]
L000925 | [Dev F1: 0.5555867439829378]
L000926 | [Dev Acc: 0.5820379965457686]
L000927 | 
L000928-L000943 | [REDACTED: batch progress and internal diagnostics]
L000944 | [Epoch 35] [Time: 8.693174839019775]
L000945 | [Train Loss: 1.6371]
L000946 | [Train F1: 0.8459440978036731]
L000947 | [Train Acc: 0.8466832345631811]
L000948 | [Dev Loss: 7.1349]
L000949 | [Dev F1: 0.5658797281381485]
L000950 | [Dev Acc: 0.5958549222797928]
L000951 | 
L000952-L000967 | [REDACTED: batch progress and internal diagnostics]
L000968 | [Epoch 36] [Time: 8.071961164474487]
L000969 | [Train Loss: 1.5408]
L000970 | [Train F1: 0.8518112203511135]
L000971 | [Train Acc: 0.8526094437010132]
L000972 | [Dev Loss: 6.8617]
L000973 | [Dev F1: 0.5666725533697843]
L000974 | [Dev Acc: 0.5889464594127807]
L000975 | 
L000976-L000991 | [REDACTED: batch progress and internal diagnostics]
L000992 | [Epoch 37] [Time: 8.74247694015503]
L000993 | [Train Loss: 1.5557]
L000994 | [Train F1: 0.856292203331466]
L000995 | [Train Acc: 0.8568151405085069]
L000996 | [Dev Loss: 8.1905]
L000997 | [Dev F1: 0.5312704679393874]
L000998 | [Dev Acc: 0.5785837651122625]
L000999 | 
L001000-L001015 | [REDACTED: batch progress and internal diagnostics]
L001016 | [Epoch 38] [Time: 7.963164806365967]
L001017 | [Train Loss: 1.5129]
L001018 | [Train F1: 0.8549131241523401]
L001019 | [Train Acc: 0.8558593003249857]
L001020 | [Dev Loss: 6.8238]
L001021 | [Dev F1: 0.5612052307565486]
L001022 | [Dev Acc: 0.5803108808290155]
L001023 | 
L001024-L001039 | [REDACTED: batch progress and internal diagnostics]
L001040 | [Epoch 39] [Time: 8.245143413543701]
L001041 | [Train Loss: 1.4943]
L001042 | [Train F1: 0.8531294100739053]
L001043 | [Train Acc: 0.853947619957943]
L001044 | [Dev Loss: 8.1341]
L001045 | [Dev F1: 0.5180972013583474]
L001046 | [Dev Acc: 0.5647668393782384]
L001047 | 
L001048-L001063 | [REDACTED: batch progress and internal diagnostics]
L001064 | [Epoch 40] [Time: 8.168248176574707]
L001065 | [Train Loss: 1.4773]
L001066 | [Train F1: 0.8604299136330451]
L001067 | [Train Acc: 0.861212005352705]
L001068 | [Dev Loss: 6.855]
L001069 | [Dev F1: 0.5618210362130849]
L001070 | [Dev Acc: 0.5803108808290155]
L001071 | 
L001072-L001087 | [REDACTED: batch progress and internal diagnostics]
L001088 | [Epoch 41] [Time: 7.812952041625977]
L001089 | [Train Loss: 1.4462]
L001090 | [Train F1: 0.8699600654826595]
L001091 | [Train Acc: 0.8705792391512139]
L001092 | [Dev Loss: 7.6088]
L001093 | [Dev F1: 0.5470403009883784]
L001094 | [Dev Acc: 0.5837651122625216]
L001095 | 
L001096-L001111 | [REDACTED: batch progress and internal diagnostics]
L001112 | [Epoch 42] [Time: 8.076550960540771]
L001113 | [Train Loss: 1.4227]
L001114 | [Train F1: 0.864055164748305]
L001115 | [Train Acc: 0.864844198050086]
L001116 | [Dev Loss: 7.3532]
L001117 | [Dev F1: 0.5542915978637719]
L001118 | [Dev Acc: 0.5803108808290155]
L001119 | 
L001120-L001135 | [REDACTED: batch progress and internal diagnostics]
L001136 | [Epoch 43] [Time: 7.641416072845459]
L001137 | [Train Loss: 1.3691]
L001138 | [Train F1: 0.8694012399097366]
L001139 | [Train Acc: 0.8700057350411011]
L001140 | [Dev Loss: 7.3579]
L001141 | [Dev F1: 0.5460008809923567]
L001142 | [Dev Acc: 0.5768566493955095]
L001143 | 
L001144-L001159 | [REDACTED: batch progress and internal diagnostics]
L001160 | [Epoch 44] [Time: 7.687147855758667]
L001161 | [Train Loss: 1.331]
L001162 | [Train F1: 0.8759308314197174]
L001163 | [Train Acc: 0.8765054482890461]
L001164 | [Dev Loss: 7.5308]
L001165 | [Dev F1: 0.5411674403896304]
L001166 | [Dev Acc: 0.5699481865284974]
L001167 | 
L001168-L001183 | [REDACTED: batch progress and internal diagnostics]
L001184 | [Epoch 45] [Time: 8.160226583480835]
L001185 | [Train Loss: 1.2734]
L001186 | [Train F1: 0.8794790373637688]
L001187 | [Train Acc: 0.8803288090231314]
L001188 | [Dev Loss: 7.7333]
L001189 | [Dev F1: 0.5489828807063531]
L001190 | [Dev Acc: 0.5751295336787565]
L001191 | 
L001192-L001207 | [REDACTED: batch progress and internal diagnostics]
L001208 | [Epoch 46] [Time: 8.389567375183105]
L001209 | [Train Loss: 1.2959]
L001210 | [Train F1: 0.8765469370828534]
L001211 | [Train Acc: 0.8770789523991589]
L001212 | [Dev Loss: 7.5749]
L001213 | [Dev F1: 0.5492851531941301]
L001214 | [Dev Acc: 0.5785837651122625]
L001215 | Early stopping at epoch: 46
L001216 | Last model
L001217 |               precision    recall  f1-score   support
L001218 | 
L001219 |          hap     0.6579    0.3472    0.4545       144
L001220 |          sad     0.7857    0.7184    0.7505       245
L001221 |          neu     0.4952    0.8073    0.6139       384
L001222 |          ang     0.6127    0.6235    0.6181       170
L001223 |          exc     0.7125    0.5719    0.6345       299
L001224 |          fru     0.6268    0.4672    0.5353       381
L001225 | 
L001226 |     accuracy                         0.6106      1623
L001227 |    macro avg     0.6485    0.5893    0.6011      1623
L001228 | weighted avg     0.6367    0.6106    0.6062      1623
L001229 | 
L001230 | Best model at epoch: 21
L001231 | Best dev F1: 0.5978252837477447
L001232 |               precision    recall  f1-score   support
L001233 | 
L001234 |          hap     0.6418    0.2986    0.4076       144
L001235 |          sad     0.7764    0.7510    0.7635       245
L001236 |          neu     0.5533    0.7708    0.6442       384
L001237 |          ang     0.6688    0.6059    0.6358       170
L001238 |          exc     0.7385    0.6421    0.6869       299
L001239 |          fru     0.6108    0.5932    0.6019       381
L001240 | 
L001241 |     accuracy                         0.6433      1623
L001242 |    macro avg     0.6649    0.6103    0.6233      1623
L001243 | weighted avg     0.6545    0.6433    0.6383      1623
L001244 | 
L001245 | Best test F1: 0.6382639761444172
L001246 | Best test Acc: 0.6432532347504621
L001247 | [SANITIZED] Saved checkpoint: [path and filename removed]
