# Redacted copy of an existing run log.
# run_id: G16-seed5
# dataset: IEMOCAP
# model: MM-DFN+AMBER
# imr: (0.5,0.7,0.3)
# seed_alias: seed5
# original_log_sha256: ef3804c17c6d8e7fc478bddc8946c7e20ebb7e76eeebbee79330870fd05271d5
# source_record_status: ok
# source_record_process_return_code: 3221226505
# L numbers refer to source logical lines; REDACTED/SANITIZED text is editorial.
L000001-L000076 | [REDACTED: configuration or implementation details]
L000077 | [SANITIZED] Seed alias: seed5
L000078 | 
L000079-L000080 | [REDACTED: batch progress and internal diagnostics]
L000081 | 
L000082-L000083 | [REDACTED: batch progress and internal diagnostics]
L000084 | 
L000085-L000086 | [REDACTED: batch progress and internal diagnostics]
L000087 | 
L000088-L000103 | [REDACTED: batch progress and internal diagnostics]
L000104 | [Epoch 0] [Time: 8.32372522354126]
L000105 | [Train Loss: 9.5315]
L000106 | [Train F1: 0.22524704009606192]
L000107 | [Train Acc: 0.22864273373008254]
L000108 | [Dev Loss: 8.3531]
L000109 | [Dev F1: 0.32629443008925296]
L000110 | [Dev Acc: 0.41430948419301167]
L000111 | 
L000112-L000127 | [REDACTED: batch progress and internal diagnostics]
L000128 | [Epoch 1] [Time: 8.383944988250732]
L000129 | [Train Loss: 8.3184]
L000130 | [Train F1: 0.3419218703042731]
L000131 | [Train Acc: 0.3770397389134191]
L000132 | [Dev Loss: 7.5584]
L000133 | [Dev F1: 0.327451987061066]
L000134 | [Dev Acc: 0.4292845257903494]
L000135 | 
L000136-L000151 | [REDACTED: batch progress and internal diagnostics]
L000152 | [Epoch 2] [Time: 8.26150918006897]
L000153 | [Train Loss: 7.4151]
L000154 | [Train F1: 0.4336757255115784]
L000155 | [Train Acc: 0.46016509886734497]
L000156 | [Dev Loss: 6.761]
L000157 | [Dev F1: 0.3756626068576679]
L000158 | [Dev Acc: 0.4475873544093178]
L000159 | 
L000160-L000175 | [REDACTED: batch progress and internal diagnostics]
L000176 | [Epoch 3] [Time: 8.273055076599121]
L000177 | [Train Loss: 6.6538]
L000178 | [Train F1: 0.5061626882247215]
L000179 | [Train Acc: 0.5179497024380879]
L000180 | [Dev Loss: 6.1235]
L000181 | [Dev F1: 0.4662521384219232]
L000182 | [Dev Acc: 0.49584026622296173]
L000183 | 
L000184-L000199 | [REDACTED: batch progress and internal diagnostics]
L000200 | [Epoch 4] [Time: 8.577736854553223]
L000201 | [Train Loss: 5.944]
L000202 | [Train F1: 0.5332873758151334]
L000203 | [Train Acc: 0.5407947782683816]
L000204 | [Dev Loss: 5.6481]
L000205 | [Dev F1: 0.47970999377234624]
L000206 | [Dev Acc: 0.519134775374376]
L000207 | 
L000208-L000223 | [REDACTED: batch progress and internal diagnostics]
L000224 | [Epoch 5] [Time: 8.617299318313599]
L000225 | [Train Loss: 5.3961]
L000226 | [Train F1: 0.5780553937742081]
L000227 | [Train Acc: 0.5872528316375504]
L000228 | [Dev Loss: 5.2904]
L000229 | [Dev F1: 0.4843560858583505]
L000230 | [Dev Acc: 0.519134775374376]
L000231 | 
L000232-L000247 | [REDACTED: batch progress and internal diagnostics]
L000248 | [Epoch 6] [Time: 8.532097101211548]
L000249 | [Train Loss: 5.0214]
L000250 | [Train F1: 0.5863805744094985]
L000251 | [Train Acc: 0.5912843156076022]
L000252 | [Dev Loss: 5.0762]
L000253 | [Dev F1: 0.4967869505840503]
L000254 | [Dev Acc: 0.5224625623960066]
L000255 | 
L000256-L000271 | [REDACTED: batch progress and internal diagnostics]
L000272 | [Epoch 7] [Time: 8.507253408432007]
L000273 | [Train Loss: 4.6049]
L000274 | [Train F1: 0.6269876223164237]
L000275 | [Train Acc: 0.630063351890958]
L000276 | [Dev Loss: 4.934]
L000277 | [Dev F1: 0.5061519066688573]
L000278 | [Dev Acc: 0.5307820299500832]
L000279 | 
L000280-L000295 | [REDACTED: batch progress and internal diagnostics]
L000296 | [Epoch 8] [Time: 8.742239713668823]
L000297 | [Train Loss: 4.3177]
L000298 | [Train F1: 0.6363016542550542]
L000299 | [Train Acc: 0.6419658283739681]
L000300 | [Dev Loss: 4.9109]
L000301 | [Dev F1: 0.5215290753376609]
L000302 | [Dev Acc: 0.540765391014975]
L000303 | 
L000304-L000319 | [REDACTED: batch progress and internal diagnostics]
L000320 | [Epoch 9] [Time: 8.267158269882202]
L000321 | [Train Loss: 4.1431]
L000322 | [Train F1: 0.644371423965841]
L000323 | [Train Acc: 0.6486849683240545]
L000324 | [Dev Loss: 4.8355]
L000325 | [Dev F1: 0.5267992071317558]
L000326 | [Dev Acc: 0.5474209650582362]
L000327 | 
L000328-L000343 | [REDACTED: batch progress and internal diagnostics]
L000344 | [Epoch 10] [Time: 8.607698440551758]
L000345 | [Train Loss: 3.9583]
L000346 | [Train F1: 0.6645470020216406]
L000347 | [Train Acc: 0.6688423881743137]
L000348 | [Dev Loss: 4.8465]
L000349 | [Dev F1: 0.5146164427315744]
L000350 | [Dev Acc: 0.5391014975041597]
L000351 | 
L000352-L000367 | [REDACTED: batch progress and internal diagnostics]
L000368 | [Epoch 11] [Time: 8.528536081314087]
L000369 | [Train Loss: 3.6573]
L000370 | [Train F1: 0.6861129391816346]
L000371 | [Train Acc: 0.6907275868688808]
L000372 | [Dev Loss: 4.7716]
L000373 | [Dev F1: 0.5376313924381959]
L000374 | [Dev Acc: 0.5524126455906821]
L000375 | 
L000376-L000391 | [REDACTED: batch progress and internal diagnostics]
L000392 | [Epoch 12] [Time: 9.050864696502686]
L000393 | [Train Loss: 3.5273]
L000394 | [Train F1: 0.7152769358169915]
L000395 | [Train Acc: 0.7177961220963717]
L000396 | [Dev Loss: 4.8443]
L000397 | [Dev F1: 0.5392795015589295]
L000398 | [Dev Acc: 0.5524126455906821]
L000399 | 
L000400-L000415 | [REDACTED: batch progress and internal diagnostics]
L000416 | [Epoch 13] [Time: 8.556666851043701]
L000417 | [Train Loss: 3.2994]
L000418 | [Train F1: 0.7293193013747136]
L000419 | [Train Acc: 0.7298905740065271]
L000420 | [Dev Loss: 4.7993]
L000421 | [Dev F1: 0.5365219426370569]
L000422 | [Dev Acc: 0.5524126455906821]
L000423 | 
L000424-L000439 | [REDACTED: batch progress and internal diagnostics]
L000440 | [Epoch 14] [Time: 8.683910131454468]
L000441 | [Train Loss: 3.1868]
L000442 | [Train F1: 0.7219611784317945]
L000443 | [Train Acc: 0.7258590900364753]
L000444 | [Dev Loss: 4.9415]
L000445 | [Dev F1: 0.5381299253112027]
L000446 | [Dev Acc: 0.5507487520798668]
L000447 | 
L000448-L000463 | [REDACTED: batch progress and internal diagnostics]
L000464 | [Epoch 15] [Time: 8.535862445831299]
L000465 | [Train Loss: 3.0496]
L000466 | [Train F1: 0.7442852302878443]
L000467 | [Train Acc: 0.7456325590324439]
L000468 | [Dev Loss: 4.8274]
L000469 | [Dev F1: 0.5578660095175497]
L000470 | [Dev Acc: 0.5657237936772047]
L000471 | 
L000472-L000487 | [REDACTED: batch progress and internal diagnostics]
L000488 | [Epoch 16] [Time: 8.762059926986694]
L000489 | [Train Loss: 2.9178]
L000490 | [Train F1: 0.7541132667962128]
L000491 | [Train Acc: 0.7559992320982915]
L000492 | [Dev Loss: 4.9751]
L000493 | [Dev F1: 0.5380181211510453]
L000494 | [Dev Acc: 0.5524126455906821]
L000495 | 
L000496-L000511 | [REDACTED: batch progress and internal diagnostics]
L000512 | [Epoch 17] [Time: 8.35214638710022]
L000513 | [Train Loss: 2.7752]
L000514 | [Train F1: 0.7582034204665148]
L000515 | [Train Acc: 0.7596467652140526]
L000516 | [Dev Loss: 4.9144]
L000517 | [Dev F1: 0.5652653270207778]
L000518 | [Dev Acc: 0.5723793677204659]
L000519 | 
L000520-L000535 | [REDACTED: batch progress and internal diagnostics]
L000536 | [Epoch 18] [Time: 8.404742956161499]
L000537 | [Train Loss: 2.6794]
L000538 | [Train F1: 0.7754077646726659]
L000539 | [Train Acc: 0.7769245536571319]
L000540 | [Dev Loss: 4.8865]
L000541 | [Dev F1: 0.5617536634992171]
L000542 | [Dev Acc: 0.5723793677204659]
L000543 | 
L000544-L000559 | [REDACTED: batch progress and internal diagnostics]
L000560 | [Epoch 19] [Time: 8.22254228591919]
L000561 | [Train Loss: 2.5562]
L000562 | [Train F1: 0.7741037228636349]
L000563 | [Train Acc: 0.7753887502399693]
L000564 | [Dev Loss: 5.0721]
L000565 | [Dev F1: 0.5664416505766333]
L000566 | [Dev Acc: 0.5740432612312812]
L000567 | 
L000568-L000583 | [REDACTED: batch progress and internal diagnostics]
L000584 | [Epoch 20] [Time: 8.263842582702637]
L000585 | [Train Loss: 2.4034]
L000586 | [Train F1: 0.7927704612588805]
L000587 | [Train Acc: 0.7942023421002111]
L000588 | [Dev Loss: 4.819]
L000589 | [Dev F1: 0.5573096028060468]
L000590 | [Dev Acc: 0.5690515806988353]
L000591 | 
L000592-L000607 | [REDACTED: batch progress and internal diagnostics]
L000608 | [Epoch 21] [Time: 8.205817699432373]
L000609 | [Train Loss: 2.3107]
L000610 | [Train F1: 0.7953454995400056]
L000611 | [Train Acc: 0.7965060472259551]
L000612 | [Dev Loss: 5.2411]
L000613 | [Dev F1: 0.5670398713818554]
L000614 | [Dev Acc: 0.5740432612312812]
L000615 | 
L000616-L000631 | [REDACTED: batch progress and internal diagnostics]
L000632 | [Epoch 22] [Time: 8.063005685806274]
L000633 | [Train Loss: 2.2107]
L000634 | [Train F1: 0.8112527837366024]
L000635 | [Train Acc: 0.8126319831061624]
L000636 | [Dev Loss: 4.8921]
L000637 | [Dev F1: 0.565053435411783]
L000638 | [Dev Acc: 0.5757071547420965]
L000639 | 
L000640-L000655 | [REDACTED: batch progress and internal diagnostics]
L000656 | [Epoch 23] [Time: 8.203213930130005]
L000657 | [Train Loss: 2.1497]
L000658 | [Train F1: 0.8120830277483063]
L000659 | [Train Acc: 0.8128239585333077]
L000660 | [Dev Loss: 5.4485]
L000661 | [Dev F1: 0.5758917198360769]
L000662 | [Dev Acc: 0.5806988352745425]
L000663 | 
L000664-L000679 | [REDACTED: batch progress and internal diagnostics]
L000680 | [Epoch 24] [Time: 8.575810432434082]
L000681 | [Train Loss: 2.065]
L000682 | [Train F1: 0.8163956458608888]
L000683 | [Train Acc: 0.8180072950662315]
L000684 | [Dev Loss: 4.9174]
L000685 | [Dev F1: 0.570001939218679]
L000686 | [Dev Acc: 0.5790349417637272]
L000687 | 
L000688-L000703 | [REDACTED: batch progress and internal diagnostics]
L000704 | [Epoch 25] [Time: 7.885003566741943]
L000705 | [Train Loss: 2.0566]
L000706 | [Train F1: 0.8183266769963695]
L000707 | [Train Acc: 0.8193511230562488]
L000708 | [Dev Loss: 5.1617]
L000709 | [Dev F1: 0.5686809760253756]
L000710 | [Dev Acc: 0.5806988352745425]
L000711 | 
L000712-L000727 | [REDACTED: batch progress and internal diagnostics]
L000728 | [Epoch 26] [Time: 8.380710124969482]
L000729 | [Train Loss: 2.0222]
L000730 | [Train F1: 0.8286691270331886]
L000731 | [Train Acc: 0.8293338452678057]
L000732 | [Dev Loss: 4.8831]
L000733 | [Dev F1: 0.5976554533123459]
L000734 | [Dev Acc: 0.6006655574043261]
L000735 | 
L000736-L000751 | [REDACTED: batch progress and internal diagnostics]
L000752 | [Epoch 27] [Time: 8.333584547042847]
L000753 | [Train Loss: 1.9468]
L000754 | [Train F1: 0.8249666818710525]
L000755 | [Train Acc: 0.8256863121520446]
L000756 | [Dev Loss: 5.4679]
L000757 | [Dev F1: 0.5955347334469636]
L000758 | [Dev Acc: 0.5990016638935108]
L000759 | 
L000760-L000775 | [REDACTED: batch progress and internal diagnostics]
L000776 | [Epoch 28] [Time: 8.226911067962646]
L000777 | [Train Loss: 1.8565]
L000778 | [Train F1: 0.8340739704422617]
L000779 | [Train Acc: 0.8350931080821655]
L000780 | [Dev Loss: 5.4587]
L000781 | [Dev F1: 0.5707085730319947]
L000782 | [Dev Acc: 0.5856905158069884]
L000783 | 
L000784-L000799 | [REDACTED: batch progress and internal diagnostics]
L000800 | [Epoch 29] [Time: 8.631669282913208]
L000801 | [Train Loss: 1.8009]
L000802 | [Train F1: 0.8383835300503384]
L000803 | [Train Acc: 0.8387406411979267]
L000804 | [Dev Loss: 5.663]
L000805 | [Dev F1: 0.5643577236411725]
L000806 | [Dev Acc: 0.5707154742096506]
L000807 | 
L000808-L000823 | [REDACTED: batch progress and internal diagnostics]
L000824 | [Epoch 30] [Time: 8.079244136810303]
L000825 | [Train Loss: 1.7845]
L000826 | [Train F1: 0.8357825128992183]
L000827 | [Train Acc: 0.837204837780764]
L000828 | [Dev Loss: 5.3682]
L000829 | [Dev F1: 0.59450777909775]
L000830 | [Dev Acc: 0.5990016638935108]
L000831 | 
L000832-L000847 | [REDACTED: batch progress and internal diagnostics]
L000848 | [Epoch 31] [Time: 8.209885597229004]
L000849 | [Train Loss: 1.7016]
L000850 | [Train F1: 0.8461727716749409]
L000851 | [Train Acc: 0.846611633710885]
L000852 | [Dev Loss: 5.4855]
L000853 | [Dev F1: 0.5797779750989829]
L000854 | [Dev Acc: 0.5923460898502496]
L000855 | 
L000856-L000871 | [REDACTED: batch progress and internal diagnostics]
L000872 | [Epoch 32] [Time: 8.718218326568604]
L000873 | [Train Loss: 1.6723]
L000874 | [Train F1: 0.8465226797720256]
L000875 | [Train Acc: 0.847763486273757]
L000876 | [Dev Loss: 5.7628]
L000877 | [Dev F1: 0.5692820537229062]
L000878 | [Dev Acc: 0.5690515806988353]
L000879 | 
L000880-L000895 | [REDACTED: batch progress and internal diagnostics]
L000896 | [Epoch 33] [Time: 8.53322720527649]
L000897 | [Train Loss: 1.6406]
L000898 | [Train F1: 0.8556777865866013]
L000899 | [Train Acc: 0.8556344787867153]
L000900 | [Dev Loss: 5.5699]
L000901 | [Dev F1: 0.5766073036345154]
L000902 | [Dev Acc: 0.5906821963394343]
L000903 | 
L000904-L000919 | [REDACTED: batch progress and internal diagnostics]
L000920 | [Epoch 34] [Time: 8.47275161743164]
L000921 | [Train Loss: 1.6248]
L000922 | [Train F1: 0.8553298256428394]
L000923 | [Train Acc: 0.8564023804952966]
L000924 | [Dev Loss: 5.9542]
L000925 | [Dev F1: 0.5744534251227625]
L000926 | [Dev Acc: 0.5823627287853578]
L000927 | 
L000928-L000943 | [REDACTED: batch progress and internal diagnostics]
L000944 | [Epoch 35] [Time: 8.578794240951538]
L000945 | [Train Loss: 1.527]
L000946 | [Train F1: 0.8583844181634266]
L000947 | [Train Acc: 0.8590900364753311]
L000948 | [Dev Loss: 5.9137]
L000949 | [Dev F1: 0.5790840877919458]
L000950 | [Dev Acc: 0.5856905158069884]
L000951 | 
L000952-L000967 | [REDACTED: batch progress and internal diagnostics]
L000968 | [Epoch 36] [Time: 9.055950403213501]
L000969 | [Train Loss: 1.4841]
L000970 | [Train F1: 0.8703675919053523]
L000971 | [Train Acc: 0.8709925129583413]
L000972 | [Dev Loss: 5.7167]
L000973 | [Dev F1: 0.5790628452162531]
L000974 | [Dev Acc: 0.5856905158069884]
L000975 | 
L000976-L000991 | [REDACTED: batch progress and internal diagnostics]
L000992 | [Epoch 37] [Time: 8.27055811882019]
L000993 | [Train Loss: 1.4635]
L000994 | [Train F1: 0.8670304325396181]
L000995 | [Train Acc: 0.8677289306968708]
L000996 | [Dev Loss: 5.725]
L000997 | [Dev F1: 0.5806464323301856]
L000998 | [Dev Acc: 0.5873544093178037]
L000999 | 
L001000-L001015 | [REDACTED: batch progress and internal diagnostics]
L001016 | [Epoch 38] [Time: 8.532738208770752]
L001017 | [Train Loss: 1.413]
L001018 | [Train F1: 0.8722317454717045]
L001019 | [Train Acc: 0.8729122672297945]
L001020 | [Dev Loss: 5.9087]
L001021 | [Dev F1: 0.5740946482732024]
L001022 | [Dev Acc: 0.5773710482529119]
L001023 | 
L001024-L001039 | [REDACTED: batch progress and internal diagnostics]
L001040 | [Epoch 39] [Time: 8.473208665847778]
L001041 | [Train Loss: 1.3664]
L001042 | [Train F1: 0.8720455405354438]
L001043 | [Train Acc: 0.8727202918026492]
L001044 | [Dev Loss: 6.0679]
L001045 | [Dev F1: 0.5900019061649087]
L001046 | [Dev Acc: 0.5956738768718802]
L001047 | 
L001048-L001063 | [REDACTED: batch progress and internal diagnostics]
L001064 | [Epoch 40] [Time: 8.092553615570068]
L001065 | [Train Loss: 1.3524]
L001066 | [Train F1: 0.8752349571465813]
L001067 | [Train Acc: 0.8757918986369745]
L001068 | [Dev Loss: 6.114]
L001069 | [Dev F1: 0.58981489432081]
L001070 | [Dev Acc: 0.5956738768718802]
L001071 | 
L001072-L001087 | [REDACTED: batch progress and internal diagnostics]
L001088 | [Epoch 41] [Time: 8.165802240371704]
L001089 | [Train Loss: 1.3552]
L001090 | [Train F1: 0.8770295759775976]
L001091 | [Train Acc: 0.8777116529084277]
L001092 | [Dev Loss: 6.3605]
L001093 | [Dev F1: 0.5740652169595994]
L001094 | [Dev Acc: 0.5773710482529119]
L001095 | 
L001096-L001111 | [REDACTED: batch progress and internal diagnostics]
L001112 | [Epoch 42] [Time: 8.944077491760254]
L001113 | [Train Loss: 1.3036]
L001114 | [Train F1: 0.8777841464947685]
L001115 | [Train Acc: 0.8782875791898637]
L001116 | [Dev Loss: 6.121]
L001117 | [Dev F1: 0.5765274369900506]
L001118 | [Dev Acc: 0.5856905158069884]
L001119 | 
L001120-L001135 | [REDACTED: batch progress and internal diagnostics]
L001136 | [Epoch 43] [Time: 8.476085662841797]
L001137 | [Train Loss: 1.2866]
L001138 | [Train F1: 0.8786641312711418]
L001139 | [Train Acc: 0.8792474563255903]
L001140 | [Dev Loss: 6.6649]
L001141 | [Dev F1: 0.547912037712304]
L001142 | [Dev Acc: 0.5474209650582362]
L001143 | 
L001144-L001159 | [REDACTED: batch progress and internal diagnostics]
L001160 | [Epoch 44] [Time: 8.42321228981018]
L001161 | [Train Loss: 1.2601]
L001162 | [Train F1: 0.8806331793730973]
L001163 | [Train Acc: 0.8811672105970436]
L001164 | [Dev Loss: 6.361]
L001165 | [Dev F1: 0.5869181764742826]
L001166 | [Dev Acc: 0.5906821963394343]
L001167 | 
L001168-L001183 | [REDACTED: batch progress and internal diagnostics]
L001184 | [Epoch 45] [Time: 8.236381530761719]
L001185 | [Train Loss: 1.1947]
L001186 | [Train F1: 0.8860493952012902]
L001187 | [Train Acc: 0.886734497984258]
L001188 | [Dev Loss: 7.0115]
L001189 | [Dev F1: 0.5775502647115464]
L001190 | [Dev Acc: 0.5773710482529119]
L001191 | 
L001192-L001207 | [REDACTED: batch progress and internal diagnostics]
L001208 | [Epoch 46] [Time: 8.377496480941772]
L001209 | [Train Loss: 1.1874]
L001210 | [Train F1: 0.8937209494429944]
L001211 | [Train Acc: 0.8940295642157804]
L001212 | [Dev Loss: 6.6627]
L001213 | [Dev F1: 0.5537189865162858]
L001214 | [Dev Acc: 0.5590682196339434]
L001215 | 
L001216-L001231 | [REDACTED: batch progress and internal diagnostics]
L001232 | [Epoch 47] [Time: 8.840926885604858]
L001233 | [Train Loss: 1.1465]
L001234 | [Train F1: 0.8909607889558856]
L001235 | [Train Acc: 0.8915338836628911]
L001236 | [Dev Loss: 6.5354]
L001237 | [Dev F1: 0.5754641717437035]
L001238 | [Dev Acc: 0.5823627287853578]
L001239 | 
L001240-L001255 | [REDACTED: batch progress and internal diagnostics]
L001256 | [Epoch 48] [Time: 8.364768743515015]
L001257 | [Train Loss: 1.1213]
L001258 | [Train F1: 0.8926049974885018]
L001259 | [Train Acc: 0.8930696870800537]
L001260 | [Dev Loss: 6.4596]
L001261 | [Dev F1: 0.5696971128289546]
L001262 | [Dev Acc: 0.5723793677204659]
L001263 | 
L001264-L001279 | [REDACTED: batch progress and internal diagnostics]
L001280 | [Epoch 49] [Time: 8.896693468093872]
L001281 | [Train Loss: 1.1087]
L001282 | [Train F1: 0.8980694689803826]
L001283 | [Train Acc: 0.8986369744672682]
L001284 | [Dev Loss: 7.0389]
L001285 | [Dev F1: 0.5357720786813915]
L001286 | [Dev Acc: 0.5374376039933444]
L001287 | 
L001288-L001303 | [REDACTED: batch progress and internal diagnostics]
L001304 | [Epoch 50] [Time: 8.480316877365112]
L001305 | [Train Loss: 1.0852]
L001306 | [Train F1: 0.8966592581326768]
L001307 | [Train Acc: 0.8972931464772509]
L001308 | [Dev Loss: 6.9763]
L001309 | [Dev F1: 0.5669897532583169]
L001310 | [Dev Acc: 0.5723793677204659]
L001311 | 
L001312-L001327 | [REDACTED: batch progress and internal diagnostics]
L001328 | [Epoch 51] [Time: 8.509111166000366]
L001329 | [Train Loss: 1.0947]
L001330 | [Train F1: 0.8993340487298666]
L001331 | [Train Acc: 0.8995968516029949]
L001332 | [Dev Loss: 6.9137]
L001333 | [Dev F1: 0.5808288101710901]
L001334 | [Dev Acc: 0.5873544093178037]
L001335 | Early stopping at epoch: 51
L001336 | Last model
L001337 |               precision    recall  f1-score   support
L001338 | 
L001339 |          hap     0.5926    0.3333    0.4267       144
L001340 |          sad     0.7953    0.6980    0.7435       245
L001341 |          neu     0.6473    0.7552    0.6971       384
L001342 |          ang     0.4440    0.7235    0.5503       170
L001343 |          exc     0.7036    0.7860    0.7425       299
L001344 |          fru     0.5933    0.4173    0.4900       381
L001345 | 
L001346 |     accuracy                         0.6322      1623
L001347 |    macro avg     0.6294    0.6189    0.6083      1623
L001348 | weighted avg     0.6412    0.6322    0.6245      1623
L001349 | 
L001350 | Best model at epoch: 26
L001351 | Best dev F1: 0.5976554533123459
L001352 |               precision    recall  f1-score   support
L001353 | 
L001354 |          hap     0.5200    0.4514    0.4833       144
L001355 |          sad     0.7816    0.6571    0.7140       245
L001356 |          neu     0.6398    0.7448    0.6883       384
L001357 |          ang     0.5103    0.7294    0.6005       170
L001358 |          exc     0.7152    0.7391    0.7270       299
L001359 |          fru     0.6041    0.4646    0.5252       381
L001360 | 
L001361 |     accuracy                         0.6371      1623
L001362 |    macro avg     0.6285    0.6311    0.6230      1623
L001363 | weighted avg     0.6425    0.6371    0.6336      1623
L001364 | 
L001365 | Best test F1: 0.6336342640758549
L001366 | Best test Acc: 0.6370918052988294
L001367 | [SANITIZED] Saved checkpoint: [path and filename removed]
