# Redacted copy of an existing run log.
# run_id: G16-seed1
# dataset: IEMOCAP
# model: MM-DFN+AMBER
# imr: (0.5,0.7,0.3)
# seed_alias: seed1
# original_log_sha256: a9127f9bcfe2e44badaf479debc0e274314bd5348a8d163b14765c5cb5d9032a
# source_record_status: ok
# source_record_process_return_code: 3221226505
# L numbers refer to source logical lines; REDACTED/SANITIZED text is editorial.
L000001-L000076 | [REDACTED: configuration or implementation details]
L000077 | [SANITIZED] Seed alias: seed1
L000078 | 
L000079-L000080 | [REDACTED: batch progress and internal diagnostics]
L000081 | 
L000082-L000083 | [REDACTED: batch progress and internal diagnostics]
L000084 | 
L000085-L000086 | [REDACTED: batch progress and internal diagnostics]
L000087 | 
L000088-L000103 | [REDACTED: batch progress and internal diagnostics]
L000104 | [Epoch 0] [Time: 9.110866069793701]
L000105 | [Train Loss: 9.2235]
L000106 | [Train F1: 0.24664449829885546]
L000107 | [Train Acc: 0.2692825543373726]
L000108 | [Dev Loss: 9.1635]
L000109 | [Dev F1: 0.28133399621358146]
L000110 | [Dev Acc: 0.3142389525368249]
L000111 | 
L000112-L000127 | [REDACTED: batch progress and internal diagnostics]
L000128 | [Epoch 1] [Time: 8.358698844909668]
L000129 | [Train Loss: 8.1236]
L000130 | [Train F1: 0.3562619269869174]
L000131 | [Train Acc: 0.3958453548759377]
L000132 | [Dev Loss: 8.511]
L000133 | [Dev F1: 0.32756905765262917]
L000134 | [Dev Acc: 0.3518821603927987]
L000135 | 
L000136-L000151 | [REDACTED: batch progress and internal diagnostics]
L000152 | [Epoch 2] [Time: 8.590475797653198]
L000153 | [Train Loss: 7.2225]
L000154 | [Train F1: 0.4145711034661314]
L000155 | [Train Acc: 0.4481631082900558]
L000156 | [Dev Loss: 7.8608]
L000157 | [Dev F1: 0.3937831291708325]
L000158 | [Dev Acc: 0.3960720130932897]
L000159 | 
L000160-L000175 | [REDACTED: batch progress and internal diagnostics]
L000176 | [Epoch 3] [Time: 8.426445245742798]
L000177 | [Train Loss: 6.4599]
L000178 | [Train F1: 0.5015513283114272]
L000179 | [Train Acc: 0.5187536064627813]
L000180 | [Dev Loss: 7.2061]
L000181 | [Dev F1: 0.4904816198203169]
L000182 | [Dev Acc: 0.4959083469721768]
L000183 | 
L000184-L000199 | [REDACTED: batch progress and internal diagnostics]
L000200 | [Epoch 4] [Time: 8.284611940383911]
L000201 | [Train Loss: 5.7724]
L000202 | [Train F1: 0.550300311905331]
L000203 | [Train Acc: 0.5624158492017696]
L000204 | [Dev Loss: 6.6659]
L000205 | [Dev F1: 0.5310765064305377]
L000206 | [Dev Acc: 0.5368248772504092]
L000207 | 
L000208-L000223 | [REDACTED: batch progress and internal diagnostics]
L000224 | [Epoch 5] [Time: 8.072586059570312]
L000225 | [Train Loss: 5.2486]
L000226 | [Train F1: 0.5727117060628054]
L000227 | [Train Acc: 0.5808809386420466]
L000228 | [Dev Loss: 6.2882]
L000229 | [Dev F1: 0.5347268879901335]
L000230 | [Dev Acc: 0.5433715220949263]
L000231 | 
L000232-L000247 | [REDACTED: batch progress and internal diagnostics]
L000248 | [Epoch 6] [Time: 8.119160175323486]
L000249 | [Train Loss: 4.8396]
L000250 | [Train F1: 0.6035552157695687]
L000251 | [Train Acc: 0.608578572802462]
L000252 | [Dev Loss: 6.0485]
L000253 | [Dev F1: 0.5336559084928025]
L000254 | [Dev Acc: 0.5400981996726678]
L000255 | 
L000256-L000271 | [REDACTED: batch progress and internal diagnostics]
L000272 | [Epoch 7] [Time: 7.984100341796875]
L000273 | [Train Loss: 4.5566]
L000274 | [Train F1: 0.6198121788855965]
L000275 | [Train Acc: 0.6276206962877476]
L000276 | [Dev Loss: 5.9037]
L000277 | [Dev F1: 0.5554263428970944]
L000278 | [Dev Acc: 0.563011456628478]
L000279 | 
L000280-L000295 | [REDACTED: batch progress and internal diagnostics]
L000296 | [Epoch 8] [Time: 8.35662841796875]
L000297 | [Train Loss: 4.285]
L000298 | [Train F1: 0.6357007659473739]
L000299 | [Train Acc: 0.6410848240046163]
L000300 | [Dev Loss: 5.632]
L000301 | [Dev F1: 0.5625242421276031]
L000302 | [Dev Acc: 0.5662847790507365]
L000303 | 
L000304-L000319 | [REDACTED: batch progress and internal diagnostics]
L000320 | [Epoch 9] [Time: 8.089328050613403]
L000321 | [Train Loss: 4.0039]
L000322 | [Train F1: 0.6648629529817566]
L000323 | [Train Acc: 0.6687824581650318]
L000324 | [Dev Loss: 5.5811]
L000325 | [Dev F1: 0.57912334260032]
L000326 | [Dev Acc: 0.5826513911620295]
L000327 | 
L000328-L000343 | [REDACTED: batch progress and internal diagnostics]
L000344 | [Epoch 10] [Time: 7.954424858093262]
L000345 | [Train Loss: 3.7852]
L000346 | [Train F1: 0.683610861923508]
L000347 | [Train Acc: 0.6870552029236392]
L000348 | [Dev Loss: 5.4365]
L000349 | [Dev F1: 0.5849504361446768]
L000350 | [Dev Acc: 0.5891980360065466]
L000351 | 
L000352-L000367 | [REDACTED: batch progress and internal diagnostics]
L000368 | [Epoch 11] [Time: 7.780602216720581]
L000369 | [Train Loss: 3.6038]
L000370 | [Train F1: 0.6990145988544033]
L000371 | [Train Acc: 0.7016733987305251]
L000372 | [Dev Loss: 5.3101]
L000373 | [Dev F1: 0.5807468520954004]
L000374 | [Dev Acc: 0.5842880523731587]
L000375 | 
L000376-L000391 | [REDACTED: batch progress and internal diagnostics]
L000392 | [Epoch 12] [Time: 8.324249744415283]
L000393 | [Train Loss: 3.4696]
L000394 | [Train F1: 0.7121663303578549]
L000395 | [Train Acc: 0.7143681477207156]
L000396 | [Dev Loss: 5.3009]
L000397 | [Dev F1: 0.5964759313172504]
L000398 | [Dev Acc: 0.5990180032733224]
L000399 | 
L000400-L000415 | [REDACTED: batch progress and internal diagnostics]
L000416 | [Epoch 13] [Time: 7.694061040878296]
L000417 | [Train Loss: 3.2733]
L000418 | [Train F1: 0.7241980794100166]
L000419 | [Train Acc: 0.7266782073475668]
L000420 | [Dev Loss: 5.2544]
L000421 | [Dev F1: 0.5944828475444028]
L000422 | [Dev Acc: 0.6006546644844517]
L000423 | 
L000424-L000439 | [REDACTED: batch progress and internal diagnostics]
L000440 | [Epoch 14] [Time: 8.762152910232544]
L000441 | [Train Loss: 3.0578]
L000442 | [Train F1: 0.7361305970270716]
L000443 | [Train Acc: 0.7386035776110791]
L000444 | [Dev Loss: 5.1794]
L000445 | [Dev F1: 0.6112635814694933]
L000446 | [Dev Acc: 0.618657937806874]
L000447 | 
L000448-L000463 | [REDACTED: batch progress and internal diagnostics]
L000464 | [Epoch 15] [Time: 8.398201704025269]
L000465 | [Train Loss: 3.0189]
L000466 | [Train F1: 0.74703570815628]
L000467 | [Train Acc: 0.7495672244662435]
L000468 | [Dev Loss: 5.2176]
L000469 | [Dev F1: 0.619583968636678]
L000470 | [Dev Acc: 0.6252045826513911]
L000471 | 
L000472-L000487 | [REDACTED: batch progress and internal diagnostics]
L000488 | [Epoch 16] [Time: 8.317213535308838]
L000489 | [Train Loss: 2.8546]
L000490 | [Train F1: 0.7514797839740315]
L000491 | [Train Acc: 0.7543758415079823]
L000492 | [Dev Loss: 5.3849]
L000493 | [Dev F1: 0.6160997086926077]
L000494 | [Dev Acc: 0.6202945990180033]
L000495 | 
L000496-L000511 | [REDACTED: batch progress and internal diagnostics]
L000512 | [Epoch 17] [Time: 8.326703310012817]
L000513 | [Train Loss: 2.7626]
L000514 | [Train F1: 0.7654185189290563]
L000515 | [Train Acc: 0.7674552798615119]
L000516 | [Dev Loss: 5.3664]
L000517 | [Dev F1: 0.61193055707265]
L000518 | [Dev Acc: 0.6235679214402619]
L000519 | 
L000520-L000535 | [REDACTED: batch progress and internal diagnostics]
L000536 | [Epoch 18] [Time: 8.138282537460327]
L000537 | [Train Loss: 2.5789]
L000538 | [Train F1: 0.7788802745040119]
L000539 | [Train Acc: 0.7805347182150414]
L000540 | [Dev Loss: 5.3703]
L000541 | [Dev F1: 0.6334311425688429]
L000542 | [Dev Acc: 0.6399345335515548]
L000543 | 
L000544-L000559 | [REDACTED: batch progress and internal diagnostics]
L000560 | [Epoch 19] [Time: 8.200544834136963]
L000561 | [Train Loss: 2.4543]
L000562 | [Train F1: 0.7883252886261012]
L000563 | [Train Acc: 0.7893825735718407]
L000564 | [Dev Loss: 5.3624]
L000565 | [Dev F1: 0.6198766971407996]
L000566 | [Dev Acc: 0.6268412438625205]
L000567 | 
L000568-L000583 | [REDACTED: batch progress and internal diagnostics]
L000584 | [Epoch 20] [Time: 8.236777782440186]
L000585 | [Train Loss: 2.4023]
L000586 | [Train F1: 0.7839062364153624]
L000587 | [Train Acc: 0.7857280246201193]
L000588 | [Dev Loss: 5.5625]
L000589 | [Dev F1: 0.6247875530866808]
L000590 | [Dev Acc: 0.6333878887070377]
L000591 | 
L000592-L000607 | [REDACTED: batch progress and internal diagnostics]
L000608 | [Epoch 21] [Time: 7.80625319480896]
L000609 | [Train Loss: 2.2985]
L000610 | [Train F1: 0.7971360229782273]
L000611 | [Train Acc: 0.7991921523369879]
L000612 | [Dev Loss: 5.5745]
L000613 | [Dev F1: 0.6266749251179223]
L000614 | [Dev Acc: 0.6333878887070377]
L000615 | 
L000616-L000631 | [REDACTED: batch progress and internal diagnostics]
L000632 | [Epoch 22] [Time: 8.42015528678894]
L000633 | [Train Loss: 2.2124]
L000634 | [Train F1: 0.8064892427737276]
L000635 | [Train Acc: 0.8076553183304481]
L000636 | [Dev Loss: 5.5783]
L000637 | [Dev F1: 0.6161785947141802]
L000638 | [Dev Acc: 0.6219312602291326]
L000639 | 
L000640-L000655 | [REDACTED: batch progress and internal diagnostics]
L000656 | [Epoch 23] [Time: 8.228350400924683]
L000657 | [Train Loss: 2.1779]
L000658 | [Train F1: 0.8054127369064055]
L000659 | [Train Acc: 0.8063089055587613]
L000660 | [Dev Loss: 5.7848]
L000661 | [Dev F1: 0.6182189326285489]
L000662 | [Dev Acc: 0.6252045826513911]
L000663 | 
L000664-L000679 | [REDACTED: batch progress and internal diagnostics]
L000680 | [Epoch 24] [Time: 8.171712398529053]
L000681 | [Train Loss: 2.0808]
L000682 | [Train F1: 0.8072493905698225]
L000683 | [Train Acc: 0.8095787651471437]
L000684 | [Dev Loss: 5.9948]
L000685 | [Dev F1: 0.6088021790516633]
L000686 | [Dev Acc: 0.6202945990180033]
L000687 | 
L000688-L000703 | [REDACTED: batch progress and internal diagnostics]
L000704 | [Epoch 25] [Time: 7.598692417144775]
L000705 | [Train Loss: 2.0758]
L000706 | [Train F1: 0.811728768432625]
L000707 | [Train Acc: 0.8126562800538565]
L000708 | [Dev Loss: 5.9785]
L000709 | [Dev F1: 0.611792784500185]
L000710 | [Dev Acc: 0.6202945990180033]
L000711 | 
L000712-L000727 | [REDACTED: batch progress and internal diagnostics]
L000728 | [Epoch 26] [Time: 8.339715003967285]
L000729 | [Train Loss: 1.9865]
L000730 | [Train F1: 0.8148221036883146]
L000731 | [Train Acc: 0.8168878630505867]
L000732 | [Dev Loss: 6.0742]
L000733 | [Dev F1: 0.589592587404758]
L000734 | [Dev Acc: 0.6039279869067103]
L000735 | 
L000736-L000751 | [REDACTED: batch progress and internal diagnostics]
L000752 | [Epoch 27] [Time: 8.751238346099854]
L000753 | [Train Loss: 1.9491]
L000754 | [Train F1: 0.8184415920602242]
L000755 | [Train Acc: 0.8197730332756299]
L000756 | [Dev Loss: 5.7441]
L000757 | [Dev F1: 0.6234448553002916]
L000758 | [Dev Acc: 0.6284779050736498]
L000759 | 
L000760-L000775 | [REDACTED: batch progress and internal diagnostics]
L000776 | [Epoch 28] [Time: 8.602256298065186]
L000777 | [Train Loss: 1.8739]
L000778 | [Train F1: 0.8292224986161161]
L000779 | [Train Acc: 0.8305443354491249]
L000780 | [Dev Loss: 6.2975]
L000781 | [Dev F1: 0.6095988905790829]
L000782 | [Dev Acc: 0.6170212765957447]
L000783 | 
L000784-L000799 | [REDACTED: batch progress and internal diagnostics]
L000800 | [Epoch 29] [Time: 7.9677958488464355]
L000801 | [Train Loss: 1.8342]
L000802 | [Train F1: 0.8338230649915004]
L000803 | [Train Acc: 0.834775918445855]
L000804 | [Dev Loss: 5.9993]
L000805 | [Dev F1: 0.6042197770495326]
L000806 | [Dev Acc: 0.6121112929623568]
L000807 | 
L000808-L000823 | [REDACTED: batch progress and internal diagnostics]
L000824 | [Epoch 30] [Time: 8.186752557754517]
L000825 | [Train Loss: 1.7819]
L000826 | [Train F1: 0.8299817398801457]
L000827 | [Train Acc: 0.8318907482208117]
L000828 | [Dev Loss: 6.1469]
L000829 | [Dev F1: 0.6074556225120733]
L000830 | [Dev Acc: 0.6202945990180033]
L000831 | 
L000832-L000847 | [REDACTED: batch progress and internal diagnostics]
L000848 | [Epoch 31] [Time: 7.9490134716033936]
L000849 | [Train Loss: 1.7792]
L000850 | [Train F1: 0.8432206727252659]
L000851 | [Train Acc: 0.8434314291209848]
L000852 | [Dev Loss: 6.3503]
L000853 | [Dev F1: 0.60784457629738]
L000854 | [Dev Acc: 0.6153846153846154]
L000855 | 
L000856-L000871 | [REDACTED: batch progress and internal diagnostics]
L000872 | [Epoch 32] [Time: 8.006373882293701]
L000873 | [Train Loss: 1.7447]
L000874 | [Train F1: 0.8308984002296704]
L000875 | [Train Acc: 0.8332371609924986]
L000876 | [Dev Loss: 6.3615]
L000877 | [Dev F1: 0.5973961864508816]
L000878 | [Dev Acc: 0.613747954173486]
L000879 | 
L000880-L000895 | [REDACTED: batch progress and internal diagnostics]
L000896 | [Epoch 33] [Time: 8.23751974105835]
L000897 | [Train Loss: 1.7551]
L000898 | [Train F1: 0.8389097349322853]
L000899 | [Train Acc: 0.8390075014425851]
L000900 | [Dev Loss: 6.3589]
L000901 | [Dev F1: 0.6110160088463148]
L000902 | [Dev Acc: 0.6202945990180033]
L000903 | 
L000904-L000919 | [REDACTED: batch progress and internal diagnostics]
L000920 | [Epoch 34] [Time: 8.033296823501587]
L000921 | [Train Loss: 1.677]
L000922 | [Train F1: 0.8390090208644344]
L000923 | [Train Acc: 0.8407386035776111]
L000924 | [Dev Loss: 6.3099]
L000925 | [Dev F1: 0.6100998326231997]
L000926 | [Dev Acc: 0.6202945990180033]
L000927 | 
L000928-L000943 | [REDACTED: batch progress and internal diagnostics]
L000944 | [Epoch 35] [Time: 8.415491819381714]
L000945 | [Train Loss: 1.6133]
L000946 | [Train F1: 0.8504000435568431]
L000947 | [Train Acc: 0.8513175610694365]
L000948 | [Dev Loss: 6.4491]
L000949 | [Dev F1: 0.6008806638056954]
L000950 | [Dev Acc: 0.6088379705400983]
L000951 | 
L000952-L000967 | [REDACTED: batch progress and internal diagnostics]
L000968 | [Epoch 36] [Time: 8.044654846191406]
L000969 | [Train Loss: 1.5733]
L000970 | [Train F1: 0.8525888892954432]
L000971 | [Train Acc: 0.8540103866128101]
L000972 | [Dev Loss: 6.4833]
L000973 | [Dev F1: 0.5924025376415162]
L000974 | [Dev Acc: 0.6055646481178396]
L000975 | 
L000976-L000991 | [REDACTED: batch progress and internal diagnostics]
L000992 | [Epoch 37] [Time: 8.377180576324463]
L000993 | [Train Loss: 1.5397]
L000994 | [Train F1: 0.8559779328770392]
L000995 | [Train Acc: 0.8563185227928448]
L000996 | [Dev Loss: 6.5455]
L000997 | [Dev F1: 0.6083380690547495]
L000998 | [Dev Acc: 0.6170212765957447]
L000999 | 
L001000-L001015 | [REDACTED: batch progress and internal diagnostics]
L001016 | [Epoch 38] [Time: 8.310583591461182]
L001017 | [Train Loss: 1.5199]
L001018 | [Train F1: 0.8588380889151696]
L001019 | [Train Acc: 0.8603577611079054]
L001020 | [Dev Loss: 6.9967]
L001021 | [Dev F1: 0.5822033573187819]
L001022 | [Dev Acc: 0.602291325695581]
L001023 | 
L001024-L001039 | [REDACTED: batch progress and internal diagnostics]
L001040 | [Epoch 39] [Time: 8.143221855163574]
L001041 | [Train Loss: 1.4724]
L001042 | [Train F1: 0.8673061399028422]
L001043 | [Train Acc: 0.8680515483746875]
L001044 | [Dev Loss: 6.7584]
L001045 | [Dev F1: 0.6151167850689346]
L001046 | [Dev Acc: 0.6219312602291326]
L001047 | 
L001048-L001063 | [REDACTED: batch progress and internal diagnostics]
L001064 | [Epoch 40] [Time: 8.559324502944946]
L001065 | [Train Loss: 1.4532]
L001066 | [Train F1: 0.8597357784062747]
L001067 | [Train Acc: 0.8605501057895749]
L001068 | [Dev Loss: 6.4576]
L001069 | [Dev F1: 0.6141768949088577]
L001070 | [Dev Acc: 0.6219312602291326]
L001071 | 
L001072-L001087 | [REDACTED: batch progress and internal diagnostics]
L001088 | [Epoch 41] [Time: 7.767669677734375]
L001089 | [Train Loss: 1.3649]
L001090 | [Train F1: 0.8686845363319168]
L001091 | [Train Acc: 0.8692056164647047]
L001092 | [Dev Loss: 7.0668]
L001093 | [Dev F1: 0.600879163792779]
L001094 | [Dev Acc: 0.6121112929623568]
L001095 | 
L001096-L001111 | [REDACTED: batch progress and internal diagnostics]
L001112 | [Epoch 42] [Time: 8.364098310470581]
L001113 | [Train Loss: 1.3499]
L001114 | [Train F1: 0.8722734363031261]
L001115 | [Train Acc: 0.8732448547797653]
L001116 | [Dev Loss: 7.1478]
L001117 | [Dev F1: 0.6002878696886017]
L001118 | [Dev Acc: 0.6121112929623568]
L001119 | 
L001120-L001135 | [REDACTED: batch progress and internal diagnostics]
L001136 | [Epoch 43] [Time: 8.081546783447266]
L001137 | [Train Loss: 1.3002]
L001138 | [Train F1: 0.8804802281621588]
L001139 | [Train Acc: 0.8813233314098865]
L001140 | [Dev Loss: 7.1303]
L001141 | [Dev F1: 0.5848982735458319]
L001142 | [Dev Acc: 0.5941080196399345]
L001143 | Early stopping at epoch: 43
L001144 | Last model
L001145 |               precision    recall  f1-score   support
L001146 | 
L001147 |          hap     0.4795    0.2431    0.3226       144
L001148 |          sad     0.7832    0.7224    0.7516       245
L001149 |          neu     0.5578    0.7917    0.6545       384
L001150 |          ang     0.5801    0.6176    0.5983       170
L001151 |          exc     0.7079    0.7458    0.7264       299
L001152 |          fru     0.6325    0.4698    0.5392       381
L001153 | 
L001154 |     accuracy                         0.6303      1623
L001155 |    macro avg     0.6235    0.5984    0.5987      1623
L001156 | weighted avg     0.6324    0.6303    0.6200      1623
L001157 | 
L001158 | Best model at epoch: 18
L001159 | Best dev F1: 0.6334311425688429
L001160 |               precision    recall  f1-score   support
L001161 | 
L001162 |          hap     0.5244    0.2986    0.3805       144
L001163 |          sad     0.7932    0.7673    0.7801       245
L001164 |          neu     0.6088    0.7214    0.6603       384
L001165 |          ang     0.6114    0.6294    0.6203       170
L001166 |          exc     0.6958    0.8261    0.7554       299
L001167 |          fru     0.6395    0.5354    0.5829       381
L001168 | 
L001169 |     accuracy                         0.6568      1623
L001170 |    macro avg     0.6455    0.6297    0.6299      1623
L001171 | weighted avg     0.6527    0.6568    0.6487      1623
L001172 | 
L001173 | Best test F1: 0.6487022739564957
L001174 | Best test Acc: 0.6568083795440542
L001175 | [SANITIZED] Saved checkpoint: [path and filename removed]
