# Redacted copy of an existing run log.
# run_id: G16-seed4
# dataset: IEMOCAP
# model: MM-DFN+AMBER
# imr: (0.5,0.7,0.3)
# seed_alias: seed4
# original_log_sha256: 9f0e1fd8d38ecd74eefdcc4eb514fe6a03a79d58c31d3924c35dc443a0f60bd7
# source_record_status: ok
# source_record_process_return_code: 3221226505
# L numbers refer to source logical lines; REDACTED/SANITIZED text is editorial.
L000001-L000076 | [REDACTED: configuration or implementation details]
L000077 | [SANITIZED] Seed alias: seed4
L000078 | 
L000079-L000080 | [REDACTED: batch progress and internal diagnostics]
L000081 | 
L000082-L000083 | [REDACTED: batch progress and internal diagnostics]
L000084 | 
L000085-L000086 | [REDACTED: batch progress and internal diagnostics]
L000087 | 
L000088-L000103 | [REDACTED: batch progress and internal diagnostics]
L000104 | [Epoch 0] [Time: 8.399698972702026]
L000105 | [Train Loss: 9.2916]
L000106 | [Train F1: 0.24562754870537726]
L000107 | [Train Acc: 0.25463582489007835]
L000108 | [Dev Loss: 7.9322]
L000109 | [Dev F1: 0.34807798049129385]
L000110 | [Dev Acc: 0.4006908462867012]
L000111 | 
L000112-L000127 | [REDACTED: batch progress and internal diagnostics]
L000128 | [Epoch 1] [Time: 8.139431715011597]
L000129 | [Train Loss: 8.0412]
L000130 | [Train F1: 0.381399864394708]
L000131 | [Train Acc: 0.40986427069394]
L000132 | [Dev Loss: 6.9979]
L000133 | [Dev F1: 0.4618974015651315]
L000134 | [Dev Acc: 0.5008635578583766]
L000135 | 
L000136-L000151 | [REDACTED: batch progress and internal diagnostics]
L000152 | [Epoch 2] [Time: 7.8172314167022705]
L000153 | [Train Loss: 7.0778]
L000154 | [Train F1: 0.4594807422204827]
L000155 | [Train Acc: 0.48269929267826417]
L000156 | [Dev Loss: 6.2516]
L000157 | [Dev F1: 0.5156839995797087]
L000158 | [Dev Acc: 0.538860103626943]
L000159 | 
L000160-L000175 | [REDACTED: batch progress and internal diagnostics]
L000176 | [Epoch 3] [Time: 8.132544755935669]
L000177 | [Train Loss: 6.2992]
L000178 | [Train F1: 0.535008275791342]
L000179 | [Train Acc: 0.5455935767539667]
L000180 | [Dev Loss: 5.5322]
L000181 | [Dev F1: 0.5340646642975466]
L000182 | [Dev Acc: 0.5544041450777202]
L000183 | 
L000184-L000199 | [REDACTED: batch progress and internal diagnostics]
L000200 | [Epoch 4] [Time: 8.040910243988037]
L000201 | [Train Loss: 5.6562]
L000202 | [Train F1: 0.5667979412769198]
L000203 | [Train Acc: 0.5717835977824508]
L000204 | [Dev Loss: 5.0193]
L000205 | [Dev F1: 0.5298958153191017]
L000206 | [Dev Acc: 0.5440414507772021]
L000207 | 
L000208-L000223 | [REDACTED: batch progress and internal diagnostics]
L000224 | [Epoch 5] [Time: 8.15886640548706]
L000225 | [Train Loss: 5.1389]
L000226 | [Train F1: 0.5883458355511636]
L000227 | [Train Acc: 0.5920474096731027]
L000228 | [Dev Loss: 4.7722]
L000229 | [Dev F1: 0.5775805121785822]
L000230 | [Dev Acc: 0.5906735751295337]
L000231 | 
L000232-L000247 | [REDACTED: batch progress and internal diagnostics]
L000248 | [Epoch 6] [Time: 8.497043132781982]
L000249 | [Train Loss: 4.7031]
L000250 | [Train F1: 0.619277371806451]
L000251 | [Train Acc: 0.6233989676926018]
L000252 | [Dev Loss: 4.5749]
L000253 | [Dev F1: 0.5786094700310205]
L000254 | [Dev Acc: 0.5889464594127807]
L000255 | 
L000256-L000271 | [REDACTED: batch progress and internal diagnostics]
L000272 | [Epoch 7] [Time: 7.942704916000366]
L000273 | [Train Loss: 4.3712]
L000274 | [Train F1: 0.6423213285862625]
L000275 | [Train Acc: 0.6459567960237048]
L000276 | [Dev Loss: 4.4968]
L000277 | [Dev F1: 0.5759381055202796]
L000278 | [Dev Acc: 0.5872193436960277]
L000279 | 
L000280-L000295 | [REDACTED: batch progress and internal diagnostics]
L000296 | [Epoch 8] [Time: 8.177506446838379]
L000297 | [Train Loss: 4.0993]
L000298 | [Train F1: 0.6551564908943093]
L000299 | [Train Acc: 0.6589562225195947]
L000300 | [Dev Loss: 4.4851]
L000301 | [Dev F1: 0.5799689910224454]
L000302 | [Dev Acc: 0.5906735751295337]
L000303 | 
L000304-L000319 | [REDACTED: batch progress and internal diagnostics]
L000320 | [Epoch 9] [Time: 8.107372760772705]
L000321 | [Train Loss: 3.8637]
L000322 | [Train F1: 0.6799811220380573]
L000323 | [Train Acc: 0.6828522271076276]
L000324 | [Dev Loss: 4.4559]
L000325 | [Dev F1: 0.5861009785632801]
L000326 | [Dev Acc: 0.5958549222797928]
L000327 | 
L000328-L000343 | [REDACTED: batch progress and internal diagnostics]
L000344 | [Epoch 10] [Time: 8.468558549880981]
L000345 | [Train Loss: 3.6738]
L000346 | [Train F1: 0.6921497531243245]
L000347 | [Train Acc: 0.6958516536035175]
L000348 | [Dev Loss: 4.4352]
L000349 | [Dev F1: 0.6110709842492903]
L000350 | [Dev Acc: 0.6200345423143351]
L000351 | 
L000352-L000367 | [REDACTED: batch progress and internal diagnostics]
L000368 | [Epoch 11] [Time: 8.30335021018982]
L000369 | [Train Loss: 3.4469]
L000370 | [Train F1: 0.7098134454311094]
L000371 | [Train Acc: 0.7119097686866755]
L000372 | [Dev Loss: 4.5081]
L000373 | [Dev F1: 0.6021456473354405]
L000374 | [Dev Acc: 0.613126079447323]
L000375 | 
L000376-L000391 | [REDACTED: batch progress and internal diagnostics]
L000392 | [Epoch 12] [Time: 8.182442665100098]
L000393 | [Train Loss: 3.2871]
L000394 | [Train F1: 0.7182875992913058]
L000395 | [Train Acc: 0.7218505065952973]
L000396 | [Dev Loss: 4.4357]
L000397 | [Dev F1: 0.5998442015982592]
L000398 | [Dev Acc: 0.6079447322970639]
L000399 | 
L000400-L000415 | [REDACTED: batch progress and internal diagnostics]
L000416 | [Epoch 13] [Time: 8.156524419784546]
L000417 | [Train Loss: 3.1419]
L000418 | [Train F1: 0.7344996309738321]
L000419 | [Train Acc: 0.7371439495316383]
L000420 | [Dev Loss: 4.447]
L000421 | [Dev F1: 0.6157562526788998]
L000422 | [Dev Acc: 0.6234887737478411]
L000423 | 
L000424-L000439 | [REDACTED: batch progress and internal diagnostics]
L000440 | [Epoch 14] [Time: 8.735247135162354]
L000441 | [Train Loss: 3.0346]
L000442 | [Train F1: 0.7467292764439631]
L000443 | [Train Acc: 0.7482316956604855]
L000444 | [Dev Loss: 4.4899]
L000445 | [Dev F1: 0.6129151783947147]
L000446 | [Dev Acc: 0.6234887737478411]
L000447 | 
L000448-L000463 | [REDACTED: batch progress and internal diagnostics]
L000464 | [Epoch 15] [Time: 8.322821140289307]
L000465 | [Train Loss: 2.8989]
L000466 | [Train F1: 0.7455945811275733]
L000467 | [Train Acc: 0.7482316956604855]
L000468 | [Dev Loss: 4.3716]
L000469 | [Dev F1: 0.6177256359523939]
L000470 | [Dev Acc: 0.6217616580310881]
L000471 | 
L000472-L000487 | [REDACTED: batch progress and internal diagnostics]
L000488 | [Epoch 16] [Time: 8.663308382034302]
L000489 | [Train Loss: 2.7296]
L000490 | [Train F1: 0.7648786312458383]
L000491 | [Train Acc: 0.7663926591473905]
L000492 | [Dev Loss: 4.6109]
L000493 | [Dev F1: 0.6136561483139321]
L000494 | [Dev Acc: 0.6217616580310881]
L000495 | 
L000496-L000511 | [REDACTED: batch progress and internal diagnostics]
L000512 | [Epoch 17] [Time: 8.178830623626709]
L000513 | [Train Loss: 2.6349]
L000514 | [Train F1: 0.7799562875593687]
L000515 | [Train Acc: 0.7824507742305487]
L000516 | [Dev Loss: 4.3555]
L000517 | [Dev F1: 0.6140587743970696]
L000518 | [Dev Acc: 0.6183074265975821]
L000519 | 
L000520-L000535 | [REDACTED: batch progress and internal diagnostics]
L000536 | [Epoch 18] [Time: 7.911484479904175]
L000537 | [Train Loss: 2.6009]
L000538 | [Train F1: 0.7788313983780121]
L000539 | [Train Acc: 0.7807302619002103]
L000540 | [Dev Loss: 4.5911]
L000541 | [Dev F1: 0.6116853956509923]
L000542 | [Dev Acc: 0.6183074265975821]
L000543 | 
L000544-L000559 | [REDACTED: batch progress and internal diagnostics]
L000560 | [Epoch 19] [Time: 8.144443988800049]
L000561 | [Train Loss: 2.5499]
L000562 | [Train F1: 0.7849223165396818]
L000563 | [Train Acc: 0.7862741349646339]
L000564 | [Dev Loss: 4.5135]
L000565 | [Dev F1: 0.6078469479639674]
L000566 | [Dev Acc: 0.613126079447323]
L000567 | 
L000568-L000583 | [REDACTED: batch progress and internal diagnostics]
L000584 | [Epoch 20] [Time: 8.600723028182983]
L000585 | [Train Loss: 2.4104]
L000586 | [Train F1: 0.7939529916003033]
L000587 | [Train Acc: 0.7952590326897343]
L000588 | [Dev Loss: 4.4196]
L000589 | [Dev F1: 0.6039482528096839]
L000590 | [Dev Acc: 0.6096718480138169]
L000591 | 
L000592-L000607 | [REDACTED: batch progress and internal diagnostics]
L000608 | [Epoch 21] [Time: 8.20566463470459]
L000609 | [Train Loss: 2.2927]
L000610 | [Train F1: 0.7966609890583766]
L000611 | [Train Acc: 0.7983177212770025]
L000612 | [Dev Loss: 4.5331]
L000613 | [Dev F1: 0.6062414663087576]
L000614 | [Dev Acc: 0.6096718480138169]
L000615 | 
L000616-L000631 | [REDACTED: batch progress and internal diagnostics]
L000632 | [Epoch 22] [Time: 7.9916253089904785]
L000633 | [Train Loss: 2.2214]
L000634 | [Train F1: 0.8127575643623888]
L000635 | [Train Acc: 0.8136111642133436]
L000636 | [Dev Loss: 4.5528]
L000637 | [Dev F1: 0.6238571480354126]
L000638 | [Dev Acc: 0.6269430051813472]
L000639 | 
L000640-L000655 | [REDACTED: batch progress and internal diagnostics]
L000656 | [Epoch 23] [Time: 7.928116083145142]
L000657 | [Train Loss: 2.1684]
L000658 | [Train F1: 0.8062000789540852]
L000659 | [Train Acc: 0.8074937870388071]
L000660 | [Dev Loss: 4.7484]
L000661 | [Dev F1: 0.6072429122579108]
L000662 | [Dev Acc: 0.614853195164076]
L000663 | 
L000664-L000679 | [REDACTED: batch progress and internal diagnostics]
L000680 | [Epoch 24] [Time: 8.330745935440063]
L000681 | [Train Loss: 2.0753]
L000682 | [Train F1: 0.8145134971656737]
L000683 | [Train Acc: 0.8155228445803862]
L000684 | [Dev Loss: 4.6217]
L000685 | [Dev F1: 0.6021040330288969]
L000686 | [Dev Acc: 0.6079447322970639]
L000687 | 
L000688-L000703 | [REDACTED: batch progress and internal diagnostics]
L000704 | [Epoch 25] [Time: 8.699079036712646]
L000705 | [Train Loss: 2.0474]
L000706 | [Train F1: 0.8204577204109352]
L000707 | [Train Acc: 0.8214490537182183]
L000708 | [Dev Loss: 4.7407]
L000709 | [Dev F1: 0.6068147353173171]
L000710 | [Dev Acc: 0.6113989637305699]
L000711 | 
L000712-L000727 | [REDACTED: batch progress and internal diagnostics]
L000728 | [Epoch 26] [Time: 8.332973003387451]
L000729 | [Train Loss: 1.9508]
L000730 | [Train F1: 0.8271231355738681]
L000731 | [Train Acc: 0.8279487669661633]
L000732 | [Dev Loss: 4.8266]
L000733 | [Dev F1: 0.6129950943975897]
L000734 | [Dev Acc: 0.6200345423143351]
L000735 | 
L000736-L000751 | [REDACTED: batch progress and internal diagnostics]
L000752 | [Epoch 27] [Time: 8.901944160461426]
L000753 | [Train Loss: 1.8446]
L000754 | [Train F1: 0.8375498798305704]
L000755 | [Train Acc: 0.8384630089848977]
L000756 | [Dev Loss: 4.6732]
L000757 | [Dev F1: 0.6016215377976469]
L000758 | [Dev Acc: 0.6079447322970639]
L000759 | 
L000760-L000775 | [REDACTED: batch progress and internal diagnostics]
L000776 | [Epoch 28] [Time: 8.19768214225769]
L000777 | [Train Loss: 1.795]
L000778 | [Train F1: 0.8383433129111874]
L000779 | [Train Acc: 0.8392276811317148]
L000780 | [Dev Loss: 4.9848]
L000781 | [Dev F1: 0.5805347800011836]
L000782 | [Dev Acc: 0.5854922279792746]
L000783 | 
L000784-L000799 | [REDACTED: batch progress and internal diagnostics]
L000800 | [Epoch 29] [Time: 8.371264457702637]
L000801 | [Train Loss: 1.7787]
L000802 | [Train F1: 0.8375149165941964]
L000803 | [Train Acc: 0.8384630089848977]
L000804 | [Dev Loss: 4.8908]
L000805 | [Dev F1: 0.6025319350950775]
L000806 | [Dev Acc: 0.6079447322970639]
L000807 | 
L000808-L000823 | [REDACTED: batch progress and internal diagnostics]
L000824 | [Epoch 30] [Time: 8.15418004989624]
L000825 | [Train Loss: 1.6996]
L000826 | [Train F1: 0.846364586084161]
L000827 | [Train Acc: 0.8472567386732939]
L000828 | [Dev Loss: 4.9525]
L000829 | [Dev F1: 0.5989576577684769]
L000830 | [Dev Acc: 0.6027633851468048]
L000831 | 
L000832-L000847 | [REDACTED: batch progress and internal diagnostics]
L000848 | [Epoch 31] [Time: 8.411648750305176]
L000849 | [Train Loss: 1.6264]
L000850 | [Train F1: 0.8542028809087152]
L000851 | [Train Acc: 0.8549034601414643]
L000852 | [Dev Loss: 5.068]
L000853 | [Dev F1: 0.5974674922412504]
L000854 | [Dev Acc: 0.6062176165803109]
L000855 | 
L000856-L000871 | [REDACTED: batch progress and internal diagnostics]
L000872 | [Epoch 32] [Time: 8.442025661468506]
L000873 | [Train Loss: 1.6301]
L000874 | [Train F1: 0.8581984816717382]
L000875 | [Train Acc: 0.8587268208755496]
L000876 | [Dev Loss: 4.9521]
L000877 | [Dev F1: 0.598511321678698]
L000878 | [Dev Acc: 0.6027633851468048]
L000879 | 
L000880-L000895 | [REDACTED: batch progress and internal diagnostics]
L000896 | [Epoch 33] [Time: 8.195754766464233]
L000897 | [Train Loss: 1.5724]
L000898 | [Train F1: 0.8476391265758615]
L000899 | [Train Acc: 0.8487860829669279]
L000900 | [Dev Loss: 5.2392]
L000901 | [Dev F1: 0.5915585077859956]
L000902 | [Dev Acc: 0.5941278065630398]
L000903 | 
L000904-L000919 | [REDACTED: batch progress and internal diagnostics]
L000920 | [Epoch 34] [Time: 8.266463994979858]
L000921 | [Train Loss: 1.4621]
L000922 | [Train F1: 0.8638779842025618]
L000923 | [Train Acc: 0.8646530300133818]
L000924 | [Dev Loss: 5.3688]
L000925 | [Dev F1: 0.5949758891538875]
L000926 | [Dev Acc: 0.6027633851468048]
L000927 | 
L000928-L000943 | [REDACTED: batch progress and internal diagnostics]
L000944 | [Epoch 35] [Time: 8.405231714248657]
L000945 | [Train Loss: 1.473]
L000946 | [Train F1: 0.8617547092003706]
L000947 | [Train Acc: 0.8623590135729307]
L000948 | [Dev Loss: 5.1184]
L000949 | [Dev F1: 0.598891183330626]
L000950 | [Dev Acc: 0.6096718480138169]
L000951 | 
L000952-L000967 | [REDACTED: batch progress and internal diagnostics]
L000968 | [Epoch 36] [Time: 8.182723760604858]
L000969 | [Train Loss: 1.4453]
L000970 | [Train F1: 0.8678054404208506]
L000971 | [Train Acc: 0.8688587268208755]
L000972 | [Dev Loss: 5.3748]
L000973 | [Dev F1: 0.5756997184021545]
L000974 | [Dev Acc: 0.5820379965457686]
L000975 | 
L000976-L000991 | [REDACTED: batch progress and internal diagnostics]
L000992 | [Epoch 37] [Time: 7.937122821807861]
L000993 | [Train Loss: 1.3972]
L000994 | [Train F1: 0.8724604370945119]
L000995 | [Train Acc: 0.8732555916650736]
L000996 | [Dev Loss: 5.5346]
L000997 | [Dev F1: 0.5872777678838246]
L000998 | [Dev Acc: 0.5958549222797928]
L000999 | 
L001000-L001015 | [REDACTED: batch progress and internal diagnostics]
L001016 | [Epoch 38] [Time: 7.6125571727752686]
L001017 | [Train Loss: 1.41]
L001018 | [Train F1: 0.8714256968828852]
L001019 | [Train Acc: 0.872108583444848]
L001020 | [Dev Loss: 5.4067]
L001021 | [Dev F1: 0.5911000340191788]
L001022 | [Dev Acc: 0.5975820379965457]
L001023 | 
L001024-L001039 | [REDACTED: batch progress and internal diagnostics]
L001040 | [Epoch 39] [Time: 8.573608636856079]
L001041 | [Train Loss: 1.3178]
L001042 | [Train F1: 0.8836271992872408]
L001043 | [Train Acc: 0.8841521697572166]
L001044 | [Dev Loss: 5.1844]
L001045 | [Dev F1: 0.5949286308444819]
L001046 | [Dev Acc: 0.6027633851468048]
L001047 | 
L001048-L001063 | [REDACTED: batch progress and internal diagnostics]
L001064 | [Epoch 40] [Time: 8.015179634094238]
L001065 | [Train Loss: 1.2883]
L001066 | [Train F1: 0.8765981682178612]
L001067 | [Train Acc: 0.8770789523991589]
L001068 | [Dev Loss: 5.6924]
L001069 | [Dev F1: 0.5845177956159333]
L001070 | [Dev Acc: 0.5924006908462867]
L001071 | 
L001072-L001087 | [REDACTED: batch progress and internal diagnostics]
L001088 | [Epoch 41] [Time: 8.175925493240356]
L001089 | [Train Loss: 1.2825]
L001090 | [Train F1: 0.8810052808059505]
L001091 | [Train Acc: 0.8820493213534697]
L001092 | [Dev Loss: 5.3578]
L001093 | [Dev F1: 0.5952238129210773]
L001094 | [Dev Acc: 0.5993091537132987]
L001095 | 
L001096-L001111 | [REDACTED: batch progress and internal diagnostics]
L001112 | [Epoch 42] [Time: 8.61484670639038]
L001113 | [Train Loss: 1.272]
L001114 | [Train F1: 0.8815065684404666]
L001115 | [Train Acc: 0.8824316574268782]
L001116 | [Dev Loss: 5.9408]
L001117 | [Dev F1: 0.5652859728350796]
L001118 | [Dev Acc: 0.5734024179620034]
L001119 | 
L001120-L001135 | [REDACTED: batch progress and internal diagnostics]
L001136 | [Epoch 43] [Time: 7.824658155441284]
L001137 | [Train Loss: 1.2789]
L001138 | [Train F1: 0.8804469084023218]
L001139 | [Train Acc: 0.8810934811699483]
L001140 | [Dev Loss: 5.5763]
L001141 | [Dev F1: 0.5990735281815246]
L001142 | [Dev Acc: 0.6062176165803109]
L001143 | 
L001144-L001159 | [REDACTED: batch progress and internal diagnostics]
L001160 | [Epoch 44] [Time: 8.253326177597046]
L001161 | [Train Loss: 1.2421]
L001162 | [Train F1: 0.8876736016555666]
L001163 | [Train Acc: 0.8879755304913018]
L001164 | [Dev Loss: 5.4536]
L001165 | [Dev F1: 0.5954560482075875]
L001166 | [Dev Acc: 0.6044905008635578]
L001167 | 
L001168-L001183 | [REDACTED: batch progress and internal diagnostics]
L001184 | [Epoch 45] [Time: 8.241196870803833]
L001185 | [Train Loss: 1.2369]
L001186 | [Train F1: 0.883766175117706]
L001187 | [Train Acc: 0.8843433377939208]
L001188 | [Dev Loss: 5.7685]
L001189 | [Dev F1: 0.5800289318185448]
L001190 | [Dev Acc: 0.5872193436960277]
L001191 | 
L001192-L001207 | [REDACTED: batch progress and internal diagnostics]
L001208 | [Epoch 46] [Time: 7.98719334602356]
L001209 | [Train Loss: 1.1669]
L001210 | [Train F1: 0.8900384619260352]
L001211 | [Train Acc: 0.8904607149684572]
L001212 | [Dev Loss: 5.4871]
L001213 | [Dev F1: 0.5901818946066969]
L001214 | [Dev Acc: 0.5958549222797928]
L001215 | 
L001216-L001231 | [REDACTED: batch progress and internal diagnostics]
L001232 | [Epoch 47] [Time: 8.241373777389526]
L001233 | [Train Loss: 1.1774]
L001234 | [Train F1: 0.8905640088858258]
L001235 | [Train Acc: 0.8910342190785701]
L001236 | [Dev Loss: 5.7306]
L001237 | [Dev F1: 0.5682303942695366]
L001238 | [Dev Acc: 0.5751295336787565]
L001239 | Early stopping at epoch: 47
L001240 | Last model
L001241 |               precision    recall  f1-score   support
L001242 | 
L001243 |          hap     0.5542    0.3194    0.4053       144
L001244 |          sad     0.7911    0.7265    0.7574       245
L001245 |          neu     0.5267    0.7708    0.6258       384
L001246 |          ang     0.5283    0.6588    0.5864       170
L001247 |          exc     0.6958    0.7191    0.7072       299
L001248 |          fru     0.6681    0.4068    0.5057       381
L001249 | 
L001250 |     accuracy                         0.6174      1623
L001251 |    macro avg     0.6274    0.6003    0.5980      1623
L001252 | weighted avg     0.6336    0.6174    0.6088      1623
L001253 | 
L001254 | Best model at epoch: 22
L001255 | Best dev F1: 0.6238571480354126
L001256 |               precision    recall  f1-score   support
L001257 | 
L001258 |          hap     0.4963    0.4653    0.4803       144
L001259 |          sad     0.7704    0.8490    0.8078       245
L001260 |          neu     0.6124    0.7448    0.6722       384
L001261 |          ang     0.5212    0.7235    0.6059       170
L001262 |          exc     0.7463    0.6789    0.7110       299
L001263 |          fru     0.6955    0.4436    0.5417       381
L001264 | 
L001265 |     accuracy                         0.6506      1623
L001266 |    macro avg     0.6403    0.6508    0.6365      1623
L001267 | weighted avg     0.6606    0.6506    0.6452      1623
L001268 | 
L001269 | Best test F1: 0.6451933679581442
L001270 | Best test Acc: 0.6506469500924215
L001271 | [SANITIZED] Saved checkpoint: [path and filename removed]
