# Redacted copy of an existing run log.
# run_id: G16-seed3
# dataset: IEMOCAP
# model: MM-DFN+AMBER
# imr: (0.5,0.7,0.3)
# seed_alias: seed3
# original_log_sha256: f4caebcbda1599010c009dae7ee0f044d30dab58f8c9b0d066a50d2e910ba0d7
# source_record_status: ok
# source_record_process_return_code: 3221226505
# L numbers refer to source logical lines; REDACTED/SANITIZED text is editorial.
L000001-L000076 | [REDACTED: configuration or implementation details]
L000077 | [SANITIZED] Seed alias: seed3
L000078 | 
L000079-L000080 | [REDACTED: batch progress and internal diagnostics]
L000081 | 
L000082-L000083 | [REDACTED: batch progress and internal diagnostics]
L000084 | 
L000085-L000086 | [REDACTED: batch progress and internal diagnostics]
L000087 | 
L000088-L000103 | [REDACTED: batch progress and internal diagnostics]
L000104 | [Epoch 0] [Time: 8.949777603149414]
L000105 | [Train Loss: 9.4481]
L000106 | [Train F1: 0.23846165260271435]
L000107 | [Train Acc: 0.2725019069412662]
L000108 | [Dev Loss: 7.6771]
L000109 | [Dev F1: 0.323631867798042]
L000110 | [Dev Acc: 0.37809187279151946]
L000111 | 
L000112-L000127 | [REDACTED: batch progress and internal diagnostics]
L000128 | [Epoch 1] [Time: 8.262787580490112]
L000129 | [Train Loss: 8.0071]
L000130 | [Train F1: 0.36040257216601845]
L000131 | [Train Acc: 0.40827612509534705]
L000132 | [Dev Loss: 6.9616]
L000133 | [Dev F1: 0.39966169470299]
L000134 | [Dev Acc: 0.4363957597173145]
L000135 | 
L000136-L000151 | [REDACTED: batch progress and internal diagnostics]
L000152 | [Epoch 2] [Time: 8.076852798461914]
L000153 | [Train Loss: 7.1124]
L000154 | [Train F1: 0.44218713451868624]
L000155 | [Train Acc: 0.4750190694126621]
L000156 | [Dev Loss: 6.2423]
L000157 | [Dev F1: 0.4941975845001733]
L000158 | [Dev Acc: 0.5159010600706714]
L000159 | 
L000160-L000175 | [REDACTED: batch progress and internal diagnostics]
L000176 | [Epoch 3] [Time: 8.251658201217651]
L000177 | [Train Loss: 6.3115]
L000178 | [Train F1: 0.5165158604461074]
L000179 | [Train Acc: 0.5362318840579711]
L000180 | [Dev Loss: 5.6912]
L000181 | [Dev F1: 0.5187280677241746]
L000182 | [Dev Acc: 0.5353356890459364]
L000183 | 
L000184-L000199 | [REDACTED: batch progress and internal diagnostics]
L000200 | [Epoch 4] [Time: 8.469846963882446]
L000201 | [Train Loss: 5.624]
L000202 | [Train F1: 0.5430925589200811]
L000203 | [Train Acc: 0.555301296720061]
L000204 | [Dev Loss: 5.1617]
L000205 | [Dev F1: 0.5658629834916646]
L000206 | [Dev Acc: 0.5742049469964664]
L000207 | 
L000208-L000223 | [REDACTED: batch progress and internal diagnostics]
L000224 | [Epoch 5] [Time: 8.422152519226074]
L000225 | [Train Loss: 5.1297]
L000226 | [Train F1: 0.5729913816110606]
L000227 | [Train Acc: 0.5814263920671243]
L000228 | [Dev Loss: 4.7818]
L000229 | [Dev F1: 0.58588443610841]
L000230 | [Dev Acc: 0.5954063604240283]
L000231 | 
L000232-L000247 | [REDACTED: batch progress and internal diagnostics]
L000248 | [Epoch 6] [Time: 8.215596675872803]
L000249 | [Train Loss: 4.8033]
L000250 | [Train F1: 0.5925121213920567]
L000251 | [Train Acc: 0.5985888634630053]
L000252 | [Dev Loss: 4.4839]
L000253 | [Dev F1: 0.6210650135698137]
L000254 | [Dev Acc: 0.6219081272084805]
L000255 | 
L000256-L000271 | [REDACTED: batch progress and internal diagnostics]
L000272 | [Epoch 7] [Time: 7.699102163314819]
L000273 | [Train Loss: 4.484]
L000274 | [Train F1: 0.6057121299695378]
L000275 | [Train Acc: 0.6132723112128147]
L000276 | [Dev Loss: 4.3428]
L000277 | [Dev F1: 0.6295927735877465]
L000278 | [Dev Acc: 0.6289752650176679]
L000279 | 
L000280-L000295 | [REDACTED: batch progress and internal diagnostics]
L000296 | [Epoch 8] [Time: 8.749474048614502]
L000297 | [Train Loss: 4.2771]
L000298 | [Train F1: 0.6318258573660926]
L000299 | [Train Acc: 0.6371090770404272]
L000300 | [Dev Loss: 4.1895]
L000301 | [Dev F1: 0.6498531309307216]
L000302 | [Dev Acc: 0.6501766784452296]
L000303 | 
L000304-L000319 | [REDACTED: batch progress and internal diagnostics]
L000320 | [Epoch 9] [Time: 8.674099922180176]
L000321 | [Train Loss: 3.9929]
L000322 | [Train F1: 0.6498446821788939]
L000323 | [Train Acc: 0.6559877955758963]
L000324 | [Dev Loss: 4.0611]
L000325 | [Dev F1: 0.6570263272712187]
L000326 | [Dev Acc: 0.657243816254417]
L000327 | 
L000328-L000343 | [REDACTED: batch progress and internal diagnostics]
L000344 | [Epoch 10] [Time: 8.529481887817383]
L000345 | [Train Loss: 3.7462]
L000346 | [Train F1: 0.6709371575339398]
L000347 | [Train Acc: 0.6752479023646072]
L000348 | [Dev Loss: 4.0123]
L000349 | [Dev F1: 0.6677498499299461]
L000350 | [Dev Acc: 0.6678445229681979]
L000351 | 
L000352-L000367 | [REDACTED: batch progress and internal diagnostics]
L000368 | [Epoch 11] [Time: 8.25856065750122]
L000369 | [Train Loss: 3.5811]
L000370 | [Train F1: 0.6902570819181894]
L000371 | [Train Acc: 0.6945080091533181]
L000372 | [Dev Loss: 3.8656]
L000373 | [Dev F1: 0.6624538875102753]
L000374 | [Dev Acc: 0.6625441696113075]
L000375 | 
L000376-L000391 | [REDACTED: batch progress and internal diagnostics]
L000392 | [Epoch 12] [Time: 8.373581171035767]
L000393 | [Train Loss: 3.3657]
L000394 | [Train F1: 0.7054674274301278]
L000395 | [Train Acc: 0.7097635392829901]
L000396 | [Dev Loss: 3.8634]
L000397 | [Dev F1: 0.6631570749367895]
L000398 | [Dev Acc: 0.6625441696113075]
L000399 | 
L000400-L000415 | [REDACTED: batch progress and internal diagnostics]
L000416 | [Epoch 13] [Time: 8.581305503845215]
L000417 | [Train Loss: 3.206]
L000418 | [Train F1: 0.7235402955984553]
L000419 | [Train Acc: 0.7267353165522502]
L000420 | [Dev Loss: 3.8052]
L000421 | [Dev F1: 0.6886864320864908]
L000422 | [Dev Acc: 0.6890459363957597]
L000423 | 
L000424-L000439 | [REDACTED: batch progress and internal diagnostics]
L000440 | [Epoch 14] [Time: 7.842642784118652]
L000441 | [Train Loss: 3.0568]
L000442 | [Train F1: 0.7392705978053901]
L000443 | [Train Acc: 0.7419908466819222]
L000444 | [Dev Loss: 3.7817]
L000445 | [Dev F1: 0.6685928140314101]
L000446 | [Dev Acc: 0.6678445229681979]
L000447 | 
L000448-L000463 | [REDACTED: batch progress and internal diagnostics]
L000464 | [Epoch 15] [Time: 7.939103603363037]
L000465 | [Train Loss: 2.9158]
L000466 | [Train F1: 0.7464455499111706]
L000467 | [Train Acc: 0.7492372234935164]
L000468 | [Dev Loss: 3.7506]
L000469 | [Dev F1: 0.6778934672500121]
L000470 | [Dev Acc: 0.6784452296819788]
L000471 | 
L000472-L000487 | [REDACTED: batch progress and internal diagnostics]
L000488 | [Epoch 16] [Time: 8.404155731201172]
L000489 | [Train Loss: 2.8438]
L000490 | [Train F1: 0.7579375445381332]
L000491 | [Train Acc: 0.7597254004576659]
L000492 | [Dev Loss: 3.7945]
L000493 | [Dev F1: 0.682279902552811]
L000494 | [Dev Acc: 0.6837455830388692]
L000495 | 
L000496-L000511 | [REDACTED: batch progress and internal diagnostics]
L000512 | [Epoch 17] [Time: 7.901830673217773]
L000513 | [Train Loss: 2.6622]
L000514 | [Train F1: 0.7658994710626227]
L000515 | [Train Acc: 0.7681159420289855]
L000516 | [Dev Loss: 3.7763]
L000517 | [Dev F1: 0.6861413545694762]
L000518 | [Dev Acc: 0.6872791519434629]
L000519 | 
L000520-L000535 | [REDACTED: batch progress and internal diagnostics]
L000536 | [Epoch 18] [Time: 8.653331756591797]
L000537 | [Train Loss: 2.5597]
L000538 | [Train F1: 0.7758567736786894]
L000539 | [Train Acc: 0.7776506483600305]
L000540 | [Dev Loss: 3.9261]
L000541 | [Dev F1: 0.6618123942424178]
L000542 | [Dev Acc: 0.6625441696113075]
L000543 | 
L000544-L000559 | [REDACTED: batch progress and internal diagnostics]
L000560 | [Epoch 19] [Time: 7.988398790359497]
L000561 | [Train Loss: 2.4509]
L000562 | [Train F1: 0.7881013749864352]
L000563 | [Train Acc: 0.790045766590389]
L000564 | [Dev Loss: 3.8244]
L000565 | [Dev F1: 0.6903498010962787]
L000566 | [Dev Acc: 0.6908127208480566]
L000567 | 
L000568-L000583 | [REDACTED: batch progress and internal diagnostics]
L000584 | [Epoch 20] [Time: 7.757521390914917]
L000585 | [Train Loss: 2.3464]
L000586 | [Train F1: 0.7900912744654368]
L000587 | [Train Acc: 0.7915713196033562]
L000588 | [Dev Loss: 3.8302]
L000589 | [Dev F1: 0.6798106655097158]
L000590 | [Dev Acc: 0.6802120141342756]
L000591 | 
L000592-L000607 | [REDACTED: batch progress and internal diagnostics]
L000608 | [Epoch 21] [Time: 8.24331259727478]
L000609 | [Train Loss: 2.2753]
L000610 | [Train F1: 0.7998448528576001]
L000611 | [Train Acc: 0.8016781083142639]
L000612 | [Dev Loss: 3.8458]
L000613 | [Dev F1: 0.659930620935201]
L000614 | [Dev Acc: 0.6607773851590106]
L000615 | 
L000616-L000631 | [REDACTED: batch progress and internal diagnostics]
L000632 | [Epoch 22] [Time: 8.104443311691284]
L000633 | [Train Loss: 2.1536]
L000634 | [Train F1: 0.804148244430512]
L000635 | [Train Acc: 0.8054919908466819]
L000636 | [Dev Loss: 3.8258]
L000637 | [Dev F1: 0.689240421907523]
L000638 | [Dev Acc: 0.6908127208480566]
L000639 | 
L000640-L000655 | [REDACTED: batch progress and internal diagnostics]
L000656 | [Epoch 23] [Time: 7.783253192901611]
L000657 | [Train Loss: 2.1174]
L000658 | [Train F1: 0.8155754513180261]
L000659 | [Train Acc: 0.816742944317315]
L000660 | [Dev Loss: 3.8528]
L000661 | [Dev F1: 0.6673566603313008]
L000662 | [Dev Acc: 0.6678445229681979]
L000663 | 
L000664-L000679 | [REDACTED: batch progress and internal diagnostics]
L000680 | [Epoch 24] [Time: 8.432746410369873]
L000681 | [Train Loss: 2.0252]
L000682 | [Train F1: 0.8160026840221657]
L000683 | [Train Acc: 0.816933638443936]
L000684 | [Dev Loss: 4.0641]
L000685 | [Dev F1: 0.6705458342473993]
L000686 | [Dev Acc: 0.6713780918727915]
L000687 | 
L000688-L000703 | [REDACTED: batch progress and internal diagnostics]
L000704 | [Epoch 25] [Time: 8.386735439300537]
L000705 | [Train Loss: 2.0361]
L000706 | [Train F1: 0.806331202868382]
L000707 | [Train Acc: 0.809115179252479]
L000708 | [Dev Loss: 3.8486]
L000709 | [Dev F1: 0.6827590644100655]
L000710 | [Dev Acc: 0.6837455830388692]
L000711 | 
L000712-L000727 | [REDACTED: batch progress and internal diagnostics]
L000728 | [Epoch 26] [Time: 8.278798580169678]
L000729 | [Train Loss: 2.0118]
L000730 | [Train F1: 0.8230631208875938]
L000731 | [Train Acc: 0.8236079328756675]
L000732 | [Dev Loss: 4.0704]
L000733 | [Dev F1: 0.6638279364239565]
L000734 | [Dev Acc: 0.6643109540636042]
L000735 | 
L000736-L000751 | [REDACTED: batch progress and internal diagnostics]
L000752 | [Epoch 27] [Time: 8.258057355880737]
L000753 | [Train Loss: 1.9426]
L000754 | [Train F1: 0.8216752164857947]
L000755 | [Train Acc: 0.8239893211289092]
L000756 | [Dev Loss: 3.9061]
L000757 | [Dev F1: 0.689481200419869]
L000758 | [Dev Acc: 0.6908127208480566]
L000759 | 
L000760-L000775 | [REDACTED: batch progress and internal diagnostics]
L000776 | [Epoch 28] [Time: 8.301147222518921]
L000777 | [Train Loss: 1.8857]
L000778 | [Train F1: 0.835274616480909]
L000779 | [Train Acc: 0.835812356979405]
L000780 | [Dev Loss: 4.0363]
L000781 | [Dev F1: 0.675390665469664]
L000782 | [Dev Acc: 0.676678445229682]
L000783 | 
L000784-L000799 | [REDACTED: batch progress and internal diagnostics]
L000800 | [Epoch 29] [Time: 8.119717597961426]
L000801 | [Train Loss: 1.797]
L000802 | [Train F1: 0.8321303276872785]
L000803 | [Train Acc: 0.8348588863463006]
L000804 | [Dev Loss: 4.1512]
L000805 | [Dev F1: 0.6797848326247177]
L000806 | [Dev Acc: 0.6819787985865724]
L000807 | 
L000808-L000823 | [REDACTED: batch progress and internal diagnostics]
L000824 | [Epoch 30] [Time: 7.958488941192627]
L000825 | [Train Loss: 1.7986]
L000826 | [Train F1: 0.8397599661193987]
L000827 | [Train Acc: 0.8398169336384439]
L000828 | [Dev Loss: 4.1044]
L000829 | [Dev F1: 0.682795776767782]
L000830 | [Dev Acc: 0.6837455830388692]
L000831 | 
L000832-L000847 | [REDACTED: batch progress and internal diagnostics]
L000848 | [Epoch 31] [Time: 8.595920324325562]
L000849 | [Train Loss: 1.7227]
L000850 | [Train F1: 0.8370498367946534]
L000851 | [Train Acc: 0.8388634630053394]
L000852 | [Dev Loss: 4.1673]
L000853 | [Dev F1: 0.6854418015928596]
L000854 | [Dev Acc: 0.6872791519434629]
L000855 | 
L000856-L000871 | [REDACTED: batch progress and internal diagnostics]
L000872 | [Epoch 32] [Time: 8.09644865989685]
L000873 | [Train Loss: 1.7037]
L000874 | [Train F1: 0.8421925107689487]
L000875 | [Train Acc: 0.8428680396643783]
L000876 | [Dev Loss: 4.2332]
L000877 | [Dev F1: 0.6695434982596348]
L000878 | [Dev Acc: 0.6713780918727915]
L000879 | 
L000880-L000895 | [REDACTED: batch progress and internal diagnostics]
L000896 | [Epoch 33] [Time: 7.949678897857666]
L000897 | [Train Loss: 1.6667]
L000898 | [Train F1: 0.8473441464382733]
L000899 | [Train Acc: 0.8483981693363845]
L000900 | [Dev Loss: 4.1164]
L000901 | [Dev F1: 0.6889429737550457]
L000902 | [Dev Acc: 0.6908127208480566]
L000903 | 
L000904-L000919 | [REDACTED: batch progress and internal diagnostics]
L000920 | [Epoch 34] [Time: 8.813504695892334]
L000921 | [Train Loss: 1.6208]
L000922 | [Train F1: 0.8461496786923889]
L000923 | [Train Acc: 0.8470633104500381]
L000924 | [Dev Loss: 4.1667]
L000925 | [Dev F1: 0.6660353083527867]
L000926 | [Dev Acc: 0.6678445229681979]
L000927 | 
L000928-L000943 | [REDACTED: batch progress and internal diagnostics]
L000944 | [Epoch 35] [Time: 8.179181575775146]
L000945 | [Train Loss: 1.5216]
L000946 | [Train F1: 0.8582081982280751]
L000947 | [Train Acc: 0.858886346300534]
L000948 | [Dev Loss: 4.2861]
L000949 | [Dev F1: 0.6719245884759816]
L000950 | [Dev Acc: 0.6731448763250883]
L000951 | 
L000952-L000967 | [REDACTED: batch progress and internal diagnostics]
L000968 | [Epoch 36] [Time: 7.588498592376709]
L000969 | [Train Loss: 1.499]
L000970 | [Train F1: 0.8615756741239184]
L000971 | [Train Acc: 0.8623188405797102]
L000972 | [Dev Loss: 4.2251]
L000973 | [Dev F1: 0.680607803181476]
L000974 | [Dev Acc: 0.6819787985865724]
L000975 | 
L000976-L000991 | [REDACTED: batch progress and internal diagnostics]
L000992 | [Epoch 37] [Time: 8.120475053787231]
L000993 | [Train Loss: 1.4409]
L000994 | [Train F1: 0.8656429797548655]
L000995 | [Train Acc: 0.8665141113653699]
L000996 | [Dev Loss: 4.369]
L000997 | [Dev F1: 0.6672924677973491]
L000998 | [Dev Acc: 0.6696113074204947]
L000999 | 
L001000-L001015 | [REDACTED: batch progress and internal diagnostics]
L001016 | [Epoch 38] [Time: 7.9364941120147705]
L001017 | [Train Loss: 1.4028]
L001018 | [Train F1: 0.8717182684174658]
L001019 | [Train Acc: 0.8724256292906178]
L001020 | [Dev Loss: 4.3338]
L001021 | [Dev F1: 0.6738352359181488]
L001022 | [Dev Acc: 0.6749116607773852]
L001023 | 
L001024-L001039 | [REDACTED: batch progress and internal diagnostics]
L001040 | [Epoch 39] [Time: 8.463310956954956]
L001041 | [Train Loss: 1.4245]
L001042 | [Train F1: 0.8718966430632796]
L001043 | [Train Acc: 0.8726163234172387]
L001044 | [Dev Loss: 4.3475]
L001045 | [Dev F1: 0.6645619601085296]
L001046 | [Dev Acc: 0.666077738515901]
L001047 | 
L001048-L001063 | [REDACTED: batch progress and internal diagnostics]
L001064 | [Epoch 40] [Time: 7.604533672332764]
L001065 | [Train Loss: 1.3815]
L001066 | [Train F1: 0.8676300792165463]
L001067 | [Train Acc: 0.868230358504958]
L001068 | [Dev Loss: 4.424]
L001069 | [Dev F1: 0.6758419459182642]
L001070 | [Dev Acc: 0.676678445229682]
L001071 | 
L001072-L001087 | [REDACTED: batch progress and internal diagnostics]
L001088 | [Epoch 41] [Time: 8.17642593383789]
L001089 | [Train Loss: 1.3231]
L001090 | [Train F1: 0.8778428092047683]
L001091 | [Train Acc: 0.8785278413424866]
L001092 | [Dev Loss: 4.6402]
L001093 | [Dev F1: 0.6704694942386156]
L001094 | [Dev Acc: 0.6731448763250883]
L001095 | 
L001096-L001111 | [REDACTED: batch progress and internal diagnostics]
L001112 | [Epoch 42] [Time: 8.01372480392456]
L001113 | [Train Loss: 1.3491]
L001114 | [Train F1: 0.8758726945759919]
L001115 | [Train Acc: 0.8762395118230358]
L001116 | [Dev Loss: 4.5533]
L001117 | [Dev F1: 0.6675154275004072]
L001118 | [Dev Acc: 0.6696113074204947]
L001119 | 
L001120-L001135 | [REDACTED: batch progress and internal diagnostics]
L001136 | [Epoch 43] [Time: 8.143817663192749]
L001137 | [Train Loss: 1.3126]
L001138 | [Train F1: 0.8794735290993341]
L001139 | [Train Acc: 0.8800533943554538]
L001140 | [Dev Loss: 4.5621]
L001141 | [Dev F1: 0.6785134942057301]
L001142 | [Dev Acc: 0.6802120141342756]
L001143 | 
L001144-L001159 | [REDACTED: batch progress and internal diagnostics]
L001160 | [Epoch 44] [Time: 8.25180196762085]
L001161 | [Train Loss: 1.3163]
L001162 | [Train F1: 0.8759179948868234]
L001163 | [Train Acc: 0.8764302059496567]
L001164 | [Dev Loss: 4.6762]
L001165 | [Dev F1: 0.6712868162740231]
L001166 | [Dev Acc: 0.6731448763250883]
L001167 | Early stopping at epoch: 44
L001168 | Last model
L001169 |               precision    recall  f1-score   support
L001170 | 
L001171 |          hap     0.5200    0.1806    0.2680       144
L001172 |          sad     0.8062    0.7469    0.7754       245
L001173 |          neu     0.5527    0.7917    0.6510       384
L001174 |          ang     0.4615    0.6353    0.5347       170
L001175 |          exc     0.7437    0.7860    0.7642       299
L001176 |          fru     0.6138    0.3963    0.4817       381
L001177 | 
L001178 |     accuracy                         0.6205      1623
L001179 |    macro avg     0.6163    0.5895    0.5792      1623
L001180 | weighted avg     0.6280    0.6205    0.6047      1623
L001181 | 
L001182 | Best model at epoch: 19
L001183 | Best dev F1: 0.6903498010962787
L001184 |               precision    recall  f1-score   support
L001185 | 
L001186 |          hap     0.5270    0.2708    0.3578       144
L001187 |          sad     0.8246    0.7673    0.7949       245
L001188 |          neu     0.5951    0.7656    0.6697       384
L001189 |          ang     0.5333    0.6118    0.5699       170
L001190 |          exc     0.7276    0.7592    0.7430       299
L001191 |          fru     0.6094    0.5118    0.5563       381
L001192 | 
L001193 |     accuracy                         0.6451      1623
L001194 |    macro avg     0.6362    0.6144    0.6153      1623
L001195 | weighted avg     0.6450    0.6451    0.6374      1623
L001196 | 
L001197 | Best test F1: 0.637376238563715
L001198 | Best test Acc: 0.6451016635859519
L001199 | [SANITIZED] Saved checkpoint: [path and filename removed]
