# Redacted copy of an existing run log.
# run_id: G05-seed5
# dataset: IEMOCAP
# model: GCNet+AMBER
# imr: (0.7,0.3,0.5)
# seed_alias: seed5
# original_log_sha256: e1220e3ad46fdef96425cea6031798feae490ffd81e76cfca36939685ec137f1
# source_record_status: ok
# source_record_process_return_code: 3221226505
# L numbers refer to source logical lines; REDACTED/SANITIZED text is editorial.
L000001-L000005 | [REDACTED: configuration or implementation details]
L000006 | [SANITIZED] FutureWarning: [dependency deprecation notice; implementation details removed]
L000007-L000068 | [REDACTED: configuration or implementation details]
L000069 | [SANITIZED] Seed alias: seed5
L000070 | [REDACTED: configuration or implementation details]
L000071 | 
L000072-L000073 | [REDACTED: batch progress and internal diagnostics]
L000074 | 
L000075-L000076 | [REDACTED: batch progress and internal diagnostics]
L000077 | 
L000078-L000079 | [REDACTED: batch progress and internal diagnostics]
L000080-L000083 | [REDACTED: configuration or implementation details]
L000084 | [SANITIZED] Seed alias: seed5
L000085-L000088 | [REDACTED: configuration or implementation details]
L000089 | 
L000090-L000105 | [REDACTED: batch progress and internal diagnostics]
L000106 | [Epoch 0] [Time: 3.37]
L000107 | [Train Loss: 1.7101]
L000108 | [Train F1: 0.26452248980320725]
L000109 | [Train Acc: 0.3221773417964993]
L000110 | [Dev Loss: 1.6152]
L000111 | [Dev F1: 0.27143964087107403]
L000112 | [Dev Acc: 0.3878887070376432]
L000113 | 
L000114-L000129 | [REDACTED: batch progress and internal diagnostics]
L000130 | [Epoch 1] [Time: 2.74]
L000131 | [Train Loss: 1.4509]
L000132 | [Train F1: 0.38996965309068343]
L000133 | [Train Acc: 0.46662819773033276]
L000134 | [Dev Loss: 1.4729]
L000135 | [Dev F1: 0.27143964087107403]
L000136 | [Dev Acc: 0.3878887070376432]
L000137 | 
L000138-L000153 | [REDACTED: batch progress and internal diagnostics]
L000154 | [Epoch 2] [Time: 2.75]
L000155 | [Train Loss: 1.2542]
L000156 | [Train F1: 0.45001854095557464]
L000157 | [Train Acc: 0.49451817657241776]
L000158 | [Dev Loss: 1.4219]
L000159 | [Dev F1: 0.309051129064344]
L000160 | [Dev Acc: 0.3895253682487725]
L000161 | 
L000162-L000177 | [REDACTED: batch progress and internal diagnostics]
L000178 | [Epoch 3] [Time: 2.87]
L000179 | [Train Loss: 1.1822]
L000180 | [Train F1: 0.48459490692612045]
L000181 | [Train Acc: 0.5181765724177726]
L000182 | [Dev Loss: 1.3664]
L000183 | [Dev F1: 0.2961506008214285]
L000184 | [Dev Acc: 0.39279869067103107]
L000185 | 
L000186-L000201 | [REDACTED: batch progress and internal diagnostics]
L000202 | [Epoch 4] [Time: 2.70]
L000203 | [Train Loss: 1.1589]
L000204 | [Train F1: 0.49196004535815696]
L000205 | [Train Acc: 0.517599538372764]
L000206 | [Dev Loss: 1.3689]
L000207 | [Dev F1: 0.28314384308764085]
L000208 | [Dev Acc: 0.39279869067103107]
L000209 | 
L000210-L000225 | [REDACTED: batch progress and internal diagnostics]
L000226 | [Epoch 5] [Time: 2.91]
L000227 | [Train Loss: 1.1278]
L000228 | [Train F1: 0.5054305020249887]
L000229 | [Train Acc: 0.5333718022696673]
L000230 | [Dev Loss: 1.2723]
L000231 | [Dev F1: 0.42106865177365643]
L000232 | [Dev Acc: 0.46808510638297873]
L000233 | 
L000234-L000249 | [REDACTED: batch progress and internal diagnostics]
L000250 | [Epoch 6] [Time: 2.74]
L000251 | [Train Loss: 1.1097]
L000252 | [Train F1: 0.5266343082116239]
L000253 | [Train Acc: 0.5397191767647624]
L000254 | [Dev Loss: 1.3551]
L000255 | [Dev F1: 0.3267846728402985]
L000256 | [Dev Acc: 0.3895253682487725]
L000257 | 
L000258-L000273 | [REDACTED: batch progress and internal diagnostics]
L000274 | [Epoch 7] [Time: 2.71]
L000275 | [Train Loss: 1.1002]
L000276 | [Train F1: 0.5232480507801001]
L000277 | [Train Acc: 0.5435660703981535]
L000278 | [Dev Loss: 1.2969]
L000279 | [Dev F1: 0.3888658076397183]
L000280 | [Dev Acc: 0.4533551554828151]
L000281 | 
L000282-L000297 | [REDACTED: batch progress and internal diagnostics]
L000298 | [Epoch 8] [Time: 2.71]
L000299 | [Train Loss: 1.0762]
L000300 | [Train F1: 0.5319162098524625]
L000301 | [Train Acc: 0.5464512406231967]
L000302 | [Dev Loss: 1.294]
L000303 | [Dev F1: 0.3877970106662115]
L000304 | [Dev Acc: 0.3878887070376432]
L000305 | 
L000306-L000321 | [REDACTED: batch progress and internal diagnostics]
L000322 | [Epoch 9] [Time: 2.72]
L000323 | [Train Loss: 1.0454]
L000324 | [Train F1: 0.5583053047817125]
L000325 | [Train Acc: 0.5610694364300827]
L000326 | [Dev Loss: 1.2873]
L000327 | [Dev F1: 0.39456187592711367]
L000328 | [Dev Acc: 0.4369885433715221]
L000329 | 
L000330-L000345 | [REDACTED: batch progress and internal diagnostics]
L000346 | [Epoch 10] [Time: 2.76]
L000347 | [Train Loss: 1.0266]
L000348 | [Train F1: 0.5680390176117]
L000349 | [Train Acc: 0.5764570109636469]
L000350 | [Dev Loss: 1.2766]
L000351 | [Dev F1: 0.4049109747424316]
L000352 | [Dev Acc: 0.4664484451718494]
L000353 | 
L000354-L000369 | [REDACTED: batch progress and internal diagnostics]
L000370 | [Epoch 11] [Time: 2.83]
L000371 | [Train Loss: 1.005]
L000372 | [Train F1: 0.579026154864338]
L000373 | [Train Acc: 0.5876130025004809]
L000374 | [Dev Loss: 1.2838]
L000375 | [Dev F1: 0.34417014515977173]
L000376 | [Dev Acc: 0.3829787234042553]
L000377 | 
L000378-L000393 | [REDACTED: batch progress and internal diagnostics]
L000394 | [Epoch 12] [Time: 2.77]
L000395 | [Train Loss: 0.9883]
L000396 | [Train F1: 0.5911526930517508]
L000397 | [Train Acc: 0.5964608578572802]
L000398 | [Dev Loss: 1.2686]
L000399 | [Dev F1: 0.40421128286658514]
L000400 | [Dev Acc: 0.4713584288052373]
L000401 | 
L000402-L000417 | [REDACTED: batch progress and internal diagnostics]
L000418 | [Epoch 13] [Time: 2.82]
L000419 | [Train Loss: 0.9621]
L000420 | [Train F1: 0.5911330227488321]
L000421 | [Train Acc: 0.602615887670706]
L000422 | [Dev Loss: 1.2824]
L000423 | [Dev F1: 0.4127192300367847]
L000424 | [Dev Acc: 0.4288052373158756]
L000425 | 
L000426-L000441 | [REDACTED: batch progress and internal diagnostics]
L000442 | [Epoch 14] [Time: 2.92]
L000443 | [Train Loss: 0.9565]
L000444 | [Train F1: 0.5976829365614598]
L000445 | [Train Acc: 0.6039623004423927]
L000446 | [Dev Loss: 1.2665]
L000447 | [Dev F1: 0.4102022001815613]
L000448 | [Dev Acc: 0.4386252045826514]
L000449 | 
L000450-L000465 | [REDACTED: batch progress and internal diagnostics]
L000466 | [Epoch 15] [Time: 2.71]
L000467 | [Train Loss: 0.9577]
L000468 | [Train F1: 0.5960774825977662]
L000469 | [Train Acc: 0.599153683400654]
L000470 | [Dev Loss: 1.2713]
L000471 | [Dev F1: 0.43417839459733987]
L000472 | [Dev Acc: 0.4533551554828151]
L000473 | 
L000474-L000489 | [REDACTED: batch progress and internal diagnostics]
L000490 | [Epoch 16] [Time: 2.74]
L000491 | [Train Loss: 0.9326]
L000492 | [Train F1: 0.6071534499974032]
L000493 | [Train Acc: 0.6105020196191575]
L000494 | [Dev Loss: 1.2785]
L000495 | [Dev F1: 0.4105970607165863]
L000496 | [Dev Acc: 0.4369885433715221]
L000497 | 
L000498-L000513 | [REDACTED: batch progress and internal diagnostics]
L000514 | [Epoch 17] [Time: 2.81]
L000515 | [Train Loss: 0.9284]
L000516 | [Train F1: 0.5991072643519871]
L000517 | [Train Acc: 0.6064627813040969]
L000518 | [Dev Loss: 1.2312]
L000519 | [Dev F1: 0.4659554763174263]
L000520 | [Dev Acc: 0.48117839607201307]
L000521 | 
L000522-L000537 | [REDACTED: batch progress and internal diagnostics]
L000538 | [Epoch 18] [Time: 2.85]
L000539 | [Train Loss: 0.9283]
L000540 | [Train F1: 0.6078762330228699]
L000541 | [Train Acc: 0.6089632621658011]
L000542 | [Dev Loss: 1.2793]
L000543 | [Dev F1: 0.44120465738744197]
L000544 | [Dev Acc: 0.4795417348608838]
L000545 | 
L000546-L000561 | [REDACTED: batch progress and internal diagnostics]
L000562 | [Epoch 19] [Time: 2.86]
L000563 | [Train Loss: 0.9049]
L000564 | [Train F1: 0.6136585968508105]
L000565 | [Train Acc: 0.6156953260242354]
L000566 | [Dev Loss: 1.2964]
L000567 | [Dev F1: 0.41776864653151563]
L000568 | [Dev Acc: 0.4353518821603928]
L000569 | 
L000570-L000585 | [REDACTED: batch progress and internal diagnostics]
L000586 | [Epoch 20] [Time: 2.89]
L000587 | [Train Loss: 0.8986]
L000588 | [Train F1: 0.6172219068712063]
L000589 | [Train Acc: 0.6228120792460089]
L000590 | [Dev Loss: 1.2908]
L000591 | [Dev F1: 0.4340922890706261]
L000592 | [Dev Acc: 0.4500818330605565]
L000593 | 
L000594-L000609 | [REDACTED: batch progress and internal diagnostics]
L000610 | [Epoch 21] [Time: 2.92]
L000611 | [Train Loss: 0.8947]
L000612 | [Train F1: 0.6150277316339756]
L000613 | [Train Acc: 0.6168493941142528]
L000614 | [Dev Loss: 1.2756]
L000615 | [Dev F1: 0.44745799100669365]
L000616 | [Dev Acc: 0.4779050736497545]
L000617 | 
L000618-L000633 | [REDACTED: batch progress and internal diagnostics]
L000634 | [Epoch 22] [Time: 2.64]
L000635 | [Train Loss: 0.8811]
L000636 | [Train F1: 0.6159377493029362]
L000637 | [Train Acc: 0.6203115983843047]
L000638 | [Dev Loss: 1.2191]
L000639 | [Dev F1: 0.46424643126770787]
L000640 | [Dev Acc: 0.4713584288052373]
L000641 | 
L000642-L000657 | [REDACTED: batch progress and internal diagnostics]
L000658 | [Epoch 23] [Time: 2.72]
L000659 | [Train Loss: 0.8974]
L000660 | [Train F1: 0.6184495407967074]
L000661 | [Train Acc: 0.6212733217926524]
L000662 | [Dev Loss: 1.4066]
L000663 | [Dev F1: 0.40104035041389424]
L000664 | [Dev Acc: 0.4500818330605565]
L000665 | 
L000666-L000681 | [REDACTED: batch progress and internal diagnostics]
L000682 | [Epoch 24] [Time: 2.87]
L000683 | [Train Loss: 0.8857]
L000684 | [Train F1: 0.6125235618632856]
L000685 | [Train Acc: 0.6187728409309483]
L000686 | [Dev Loss: 1.2376]
L000687 | [Dev F1: 0.4252789135323006]
L000688 | [Dev Acc: 0.4451718494271686]
L000689 | 
L000690-L000705 | [REDACTED: batch progress and internal diagnostics]
L000706 | [Epoch 25] [Time: 2.76]
L000707 | [Train Loss: 0.8795]
L000708 | [Train F1: 0.6153600294157835]
L000709 | [Train Acc: 0.6176187728409309]
L000710 | [Dev Loss: 1.3249]
L000711 | [Dev F1: 0.42666697774586204]
L000712 | [Dev Acc: 0.44844517184942717]
L000713 | 
L000714-L000729 | [REDACTED: batch progress and internal diagnostics]
L000730 | [Epoch 26] [Time: 2.86]
L000731 | [Train Loss: 0.9097]
L000732 | [Train F1: 0.6063138283143542]
L000733 | [Train Acc: 0.6070398153491056]
L000734 | [Dev Loss: 1.1918]
L000735 | [Dev F1: 0.47515117201013757]
L000736 | [Dev Acc: 0.4877250409165303]
L000737 | 
L000738-L000753 | [REDACTED: batch progress and internal diagnostics]
L000754 | [Epoch 27] [Time: 2.84]
L000755 | [Train Loss: 0.9127]
L000756 | [Train F1: 0.6062492412749254]
L000757 | [Train Acc: 0.6078091940757838]
L000758 | [Dev Loss: 1.4226]
L000759 | [Dev F1: 0.36708031112509704]
L000760 | [Dev Acc: 0.4206219312602291]
L000761 | 
L000762-L000777 | [REDACTED: batch progress and internal diagnostics]
L000778 | [Epoch 28] [Time: 2.76]
L000779 | [Train Loss: 0.908]
L000780 | [Train F1: 0.6090191878202028]
L000781 | [Train Acc: 0.6120407770725139]
L000782 | [Dev Loss: 1.241]
L000783 | [Dev F1: 0.4678439616267455]
L000784 | [Dev Acc: 0.48936170212765956]
L000785 | 
L000786-L000801 | [REDACTED: batch progress and internal diagnostics]
L000802 | [Epoch 29] [Time: 2.88]
L000803 | [Train Loss: 0.887]
L000804 | [Train F1: 0.6114146057375651]
L000805 | [Train Acc: 0.6160800153875745]
L000806 | [Dev Loss: 1.3347]
L000807 | [Dev F1: 0.42409540832028153]
L000808 | [Dev Acc: 0.4451718494271686]
L000809 | 
L000810-L000825 | [REDACTED: batch progress and internal diagnostics]
L000826 | [Epoch 30] [Time: 2.84]
L000827 | [Train Loss: 0.8618]
L000828 | [Train F1: 0.6186369953903136]
L000829 | [Train Acc: 0.6216580111559915]
L000830 | [Dev Loss: 1.3107]
L000831 | [Dev F1: 0.4204889321077183]
L000832 | [Dev Acc: 0.4451718494271686]
L000833 | 
L000834-L000849 | [REDACTED: batch progress and internal diagnostics]
L000850 | [Epoch 31] [Time: 2.71]
L000851 | [Train Loss: 0.8793]
L000852 | [Train F1: 0.6231175276593397]
L000853 | [Train Acc: 0.6266589728793999]
L000854 | [Dev Loss: 1.2659]
L000855 | [Dev F1: 0.4317627190757688]
L000856 | [Dev Acc: 0.4337152209492635]
L000857 | 
L000858-L000873 | [REDACTED: batch progress and internal diagnostics]
L000874 | [Epoch 32] [Time: 2.78]
L000875 | [Train Loss: 0.8627]
L000876 | [Train F1: 0.6194750105966076]
L000877 | [Train Acc: 0.6224273898826698]
L000878 | [Dev Loss: 1.3227]
L000879 | [Dev F1: 0.4411073446833938]
L000880 | [Dev Acc: 0.46153846153846156]
L000881 | 
L000882-L000897 | [REDACTED: batch progress and internal diagnostics]
L000898 | [Epoch 33] [Time: 2.73]
L000899 | [Train Loss: 0.8665]
L000900 | [Train F1: 0.6253692183204567]
L000901 | [Train Acc: 0.6289671090594345]
L000902 | [Dev Loss: 1.3109]
L000903 | [Dev F1: 0.4424866654320409]
L000904 | [Dev Acc: 0.46808510638297873]
L000905 | 
L000906-L000921 | [REDACTED: batch progress and internal diagnostics]
L000922 | [Epoch 34] [Time: 2.89]
L000923 | [Train Loss: 0.86]
L000924 | [Train F1: 0.6258527940155889]
L000925 | [Train Acc: 0.6274283516060781]
L000926 | [Dev Loss: 1.3406]
L000927 | [Dev F1: 0.4383674179542279]
L000928 | [Dev Acc: 0.45662847790507366]
L000929 | 
L000930-L000945 | [REDACTED: batch progress and internal diagnostics]
L000946 | [Epoch 35] [Time: 2.84]
L000947 | [Train Loss: 0.862]
L000948 | [Train F1: 0.62646892953622]
L000949 | [Train Acc: 0.6287747643777649]
L000950 | [Dev Loss: 1.3009]
L000951 | [Dev F1: 0.42885737154966375]
L000952 | [Dev Acc: 0.44844517184942717]
L000953 | 
L000954-L000969 | [REDACTED: batch progress and internal diagnostics]
L000970 | [Epoch 36] [Time: 2.78]
L000971 | [Train Loss: 0.8535]
L000972 | [Train F1: 0.6230636354058596]
L000973 | [Train Acc: 0.6258895941527217]
L000974 | [Dev Loss: 1.2556]
L000975 | [Dev F1: 0.4502540304340776]
L000976 | [Dev Acc: 0.46481178396072015]
L000977 | 
L000978-L000993 | [REDACTED: batch progress and internal diagnostics]
L000994 | [Epoch 37] [Time: 2.78]
L000995 | [Train Loss: 0.8583]
L000996 | [Train F1: 0.6262875732052154]
L000997 | [Train Acc: 0.6278130409694171]
L000998 | [Dev Loss: 1.2791]
L000999 | [Dev F1: 0.47111652080384886]
L001000 | [Dev Acc: 0.49263502454991814]
L001001 | 
L001002-L001017 | [REDACTED: batch progress and internal diagnostics]
L001018 | [Epoch 38] [Time: 2.84]
L001019 | [Train Loss: 0.8531]
L001020 | [Train F1: 0.6188744378601521]
L001021 | [Train Acc: 0.6216580111559915]
L001022 | [Dev Loss: 1.3229]
L001023 | [Dev F1: 0.4325533467063442]
L001024 | [Dev Acc: 0.45990180032733224]
L001025 | 
L001026-L001041 | [REDACTED: batch progress and internal diagnostics]
L001042 | [Epoch 39] [Time: 2.70]
L001043 | [Train Loss: 0.8453]
L001044 | [Train F1: 0.6274421228561053]
L001045 | [Train Acc: 0.6293517984227736]
L001046 | [Dev Loss: 1.3379]
L001047 | [Dev F1: 0.44217080093151795]
L001048 | [Dev Acc: 0.46153846153846156]
L001049 | 
L001050-L001065 | [REDACTED: batch progress and internal diagnostics]
L001066 | [Epoch 40] [Time: 2.73]
L001067 | [Train Loss: 0.8502]
L001068 | [Train F1: 0.6182461680284929]
L001069 | [Train Acc: 0.6208886324293134]
L001070 | [Dev Loss: 1.3116]
L001071 | [Dev F1: 0.44090006185077424]
L001072 | [Dev Acc: 0.486088379705401]
L001073 | 
L001074-L001089 | [REDACTED: batch progress and internal diagnostics]
L001090 | [Epoch 41] [Time: 2.65]
L001091 | [Train Loss: 0.8367]
L001092 | [Train F1: 0.6321515756359111]
L001093 | [Train Acc: 0.6351221388728602]
L001094 | [Dev Loss: 1.2163]
L001095 | [Dev F1: 0.47571728388933443]
L001096 | [Dev Acc: 0.4844517184942717]
L001097 | 
L001098-L001113 | [REDACTED: batch progress and internal diagnostics]
L001114 | [Epoch 42] [Time: 2.72]
L001115 | [Train Loss: 0.8361]
L001116 | [Train F1: 0.6324160201689346]
L001117 | [Train Acc: 0.6341604154645124]
L001118 | [Dev Loss: 1.2915]
L001119 | [Dev F1: 0.42872259518746164]
L001120 | [Dev Acc: 0.45990180032733224]
L001121 | 
L001122-L001137 | [REDACTED: batch progress and internal diagnostics]
L001138 | [Epoch 43] [Time: 2.81]
L001139 | [Train Loss: 0.8326]
L001140 | [Train F1: 0.6238400883016358]
L001141 | [Train Acc: 0.6280053856510868]
L001142 | [Dev Loss: 1.3644]
L001143 | [Dev F1: 0.42911171085686683]
L001144 | [Dev Acc: 0.44844517184942717]
L001145 | 
L001146-L001161 | [REDACTED: batch progress and internal diagnostics]
L001162 | [Epoch 44] [Time: 2.61]
L001163 | [Train Loss: 0.8341]
L001164 | [Train F1: 0.6294317660219425]
L001165 | [Train Acc: 0.6306982111944605]
L001166 | [Dev Loss: 1.2627]
L001167 | [Dev F1: 0.4540610618616381]
L001168 | [Dev Acc: 0.4909983633387889]
L001169 | 
L001170-L001185 | [REDACTED: batch progress and internal diagnostics]
L001186 | [Epoch 45] [Time: 2.73]
L001187 | [Train Loss: 0.8242]
L001188 | [Train F1: 0.6314963617584927]
L001189 | [Train Acc: 0.6335833814195038]
L001190 | [Dev Loss: 1.2947]
L001191 | [Dev F1: 0.45959673836489884]
L001192 | [Dev Acc: 0.49427168576104746]
L001193 | 
L001194-L001209 | [REDACTED: batch progress and internal diagnostics]
L001210 | [Epoch 46] [Time: 2.85]
L001211 | [Train Loss: 0.8265]
L001212 | [Train F1: 0.6309530685264273]
L001213 | [Train Acc: 0.6331986920561646]
L001214 | [Dev Loss: 1.3275]
L001215 | [Dev F1: 0.4282221168426935]
L001216 | [Dev Acc: 0.4582651391162029]
L001217 | 
L001218-L001233 | [REDACTED: batch progress and internal diagnostics]
L001234 | [Epoch 47] [Time: 2.72]
L001235 | [Train Loss: 0.8228]
L001236 | [Train F1: 0.6315910813103736]
L001237 | [Train Acc: 0.6351221388728602]
L001238 | [Dev Loss: 1.2994]
L001239 | [Dev F1: 0.4509044501302169]
L001240 | [Dev Acc: 0.4762684124386252]
L001241 | 
L001242-L001257 | [REDACTED: batch progress and internal diagnostics]
L001258 | [Epoch 48] [Time: 2.65]
L001259 | [Train Loss: 0.8244]
L001260 | [Train F1: 0.6327432320057637]
L001261 | [Train Acc: 0.6343527601461819]
L001262 | [Dev Loss: 1.243]
L001263 | [Dev F1: 0.45568307445151673]
L001264 | [Dev Acc: 0.4762684124386252]
L001265 | 
L001266-L001281 | [REDACTED: batch progress and internal diagnostics]
L001282 | [Epoch 49] [Time: 2.80]
L001283 | [Train Loss: 0.8175]
L001284 | [Train F1: 0.6315914246996853]
L001285 | [Train Acc: 0.636083862281208]
L001286 | [Dev Loss: 1.303]
L001287 | [Dev F1: 0.43808385355416624]
L001288 | [Dev Acc: 0.46153846153846156]
L001289 | 
L001290-L001305 | [REDACTED: batch progress and internal diagnostics]
L001306 | [Epoch 50] [Time: 2.73]
L001307 | [Train Loss: 0.8296]
L001308 | [Train F1: 0.6324840354571349]
L001309 | [Train Acc: 0.6324293133294865]
L001310 | [Dev Loss: 1.2302]
L001311 | [Dev F1: 0.43593505648019354]
L001312 | [Dev Acc: 0.4582651391162029]
L001313 | 
L001314-L001329 | [REDACTED: batch progress and internal diagnostics]
L001330 | [Epoch 51] [Time: 2.79]
L001331 | [Train Loss: 0.816]
L001332 | [Train F1: 0.6369147297190813]
L001333 | [Train Acc: 0.640315445277938]
L001334 | [Dev Loss: 1.3056]
L001335 | [Dev F1: 0.4679051157066176]
L001336 | [Dev Acc: 0.4909983633387889]
L001337 | 
L001338-L001353 | [REDACTED: batch progress and internal diagnostics]
L001354 | [Epoch 52] [Time: 2.79]
L001355 | [Train Loss: 0.8177]
L001356 | [Train F1: 0.6415306376276871]
L001357 | [Train Acc: 0.6418542027312945]
L001358 | [Dev Loss: 1.263]
L001359 | [Dev F1: 0.4321067560516301]
L001360 | [Dev Acc: 0.46808510638297873]
L001361 | 
L001362-L001377 | [REDACTED: batch progress and internal diagnostics]
L001378 | [Epoch 53] [Time: 2.87]
L001379 | [Train Loss: 0.814]
L001380 | [Train F1: 0.6400350512383804]
L001381 | [Train Acc: 0.6445470282746683]
L001382 | [Dev Loss: 1.2249]
L001383 | [Dev F1: 0.47248202683474194]
L001384 | [Dev Acc: 0.4959083469721768]
L001385 | 
L001386-L001401 | [REDACTED: batch progress and internal diagnostics]
L001402 | [Epoch 54] [Time: 2.85]
L001403 | [Train Loss: 0.8314]
L001404 | [Train F1: 0.6267610374095228]
L001405 | [Train Acc: 0.6274283516060781]
L001406 | [Dev Loss: 1.3478]
L001407 | [Dev F1: 0.4487195291632646]
L001408 | [Dev Acc: 0.4844517184942717]
L001409 | 
L001410-L001425 | [REDACTED: batch progress and internal diagnostics]
L001426 | [Epoch 55] [Time: 2.75]
L001427 | [Train Loss: 0.8268]
L001428 | [Train F1: 0.6376560894418949]
L001429 | [Train Acc: 0.640315445277938]
L001430 | [Dev Loss: 1.233]
L001431 | [Dev F1: 0.4526751857863215]
L001432 | [Dev Acc: 0.4762684124386252]
L001433 | 
L001434-L001449 | [REDACTED: batch progress and internal diagnostics]
L001450 | [Epoch 56] [Time: 2.96]
L001451 | [Train Loss: 0.8157]
L001452 | [Train F1: 0.6347007148581834]
L001453 | [Train Acc: 0.6356991729178688]
L001454 | [Dev Loss: 1.3359]
L001455 | [Dev F1: 0.4319310700243597]
L001456 | [Dev Acc: 0.4664484451718494]
L001457 | 
L001458-L001473 | [REDACTED: batch progress and internal diagnostics]
L001474 | [Epoch 57] [Time: 2.74]
L001475 | [Train Loss: 0.8105]
L001476 | [Train F1: 0.6369886227990711]
L001477 | [Train Acc: 0.6410848240046163]
L001478 | [Dev Loss: 1.2404]
L001479 | [Dev F1: 0.4753709184248593]
L001480 | [Dev Acc: 0.502454991816694]
L001481 | 
L001482-L001497 | [REDACTED: batch progress and internal diagnostics]
L001498 | [Epoch 58] [Time: 2.76]
L001499 | [Train Loss: 0.8062]
L001500 | [Train F1: 0.6348507781637198]
L001501 | [Train Acc: 0.6364685516445471]
L001502 | [Dev Loss: 1.241]
L001503 | [Dev F1: 0.45833700851736064]
L001504 | [Dev Acc: 0.4909983633387889]
L001505 | 
L001506-L001521 | [REDACTED: batch progress and internal diagnostics]
L001522 | [Epoch 59] [Time: 2.78]
L001523 | [Train Loss: 0.8029]
L001524 | [Train F1: 0.6372643545031467]
L001525 | [Train Acc: 0.6407001346412772]
L001526 | [Dev Loss: 1.2826]
L001527 | [Dev F1: 0.4566678167268881]
L001528 | [Dev Acc: 0.4746317512274959]
L001529 | 
L001530-L001545 | [REDACTED: batch progress and internal diagnostics]
L001546 | [Epoch 60] [Time: 2.83]
L001547 | [Train Loss: 0.8091]
L001548 | [Train F1: 0.6461544071543844]
L001549 | [Train Acc: 0.6470475091363724]
L001550 | [Dev Loss: 1.2164]
L001551 | [Dev F1: 0.4290789718330394]
L001552 | [Dev Acc: 0.4582651391162029]
L001553 | 
L001554-L001569 | [REDACTED: batch progress and internal diagnostics]
L001570 | [Epoch 61] [Time: 2.78]
L001571 | [Train Loss: 0.8008]
L001572 | [Train F1: 0.6447389770698767]
L001573 | [Train Acc: 0.6489709559530679]
L001574 | [Dev Loss: 1.285]
L001575 | [Dev F1: 0.4536520885463876]
L001576 | [Dev Acc: 0.49754500818330605]
L001577 | 
L001578-L001593 | [REDACTED: batch progress and internal diagnostics]
L001594 | [Epoch 62] [Time: 2.78]
L001595 | [Train Loss: 0.8027]
L001596 | [Train F1: 0.6476141186223027]
L001597 | [Train Acc: 0.6480092325447201]
L001598 | [Dev Loss: 1.273]
L001599 | [Dev F1: 0.4167051889111265]
L001600 | [Dev Acc: 0.4828150572831424]
L001601 | 
L001602-L001617 | [REDACTED: batch progress and internal diagnostics]
L001618 | [Epoch 63] [Time: 2.81]
L001619 | [Train Loss: 0.8047]
L001620 | [Train F1: 0.6396265688452073]
L001621 | [Train Acc: 0.64377764954799]
L001622 | [Dev Loss: 1.3793]
L001623 | [Dev F1: 0.4145261052457793]
L001624 | [Dev Acc: 0.45990180032733224]
L001625 | 
L001626-L001641 | [REDACTED: batch progress and internal diagnostics]
L001642 | [Epoch 64] [Time: 2.70]
L001643 | [Train Loss: 0.8006]
L001644 | [Train F1: 0.6386838935481285]
L001645 | [Train Acc: 0.6408924793229467]
L001646 | [Dev Loss: 1.2167]
L001647 | [Dev F1: 0.4313590428581119]
L001648 | [Dev Acc: 0.48936170212765956]
L001649 | 
L001650-L001665 | [REDACTED: batch progress and internal diagnostics]
L001666 | [Epoch 65] [Time: 2.77]
L001667 | [Train Loss: 0.8042]
L001668 | [Train F1: 0.646591228333409]
L001669 | [Train Acc: 0.6499326793614156]
L001670 | [Dev Loss: 1.3126]
L001671 | [Dev F1: 0.4338742140648112]
L001672 | [Dev Acc: 0.4909983633387889]
L001673 | 
L001674-L001689 | [REDACTED: batch progress and internal diagnostics]
L001690 | [Epoch 66] [Time: 2.67]
L001691 | [Train Loss: 0.7857]
L001692 | [Train F1: 0.6513510936736093]
L001693 | [Train Acc: 0.654933641084824]
L001694 | [Dev Loss: 1.2406]
L001695 | [Dev F1: 0.436755758729316]
L001696 | [Dev Acc: 0.4828150572831424]
L001697 | 
L001698-L001713 | [REDACTED: batch progress and internal diagnostics]
L001714 | [Epoch 67] [Time: 2.88]
L001715 | [Train Loss: 0.7958]
L001716 | [Train F1: 0.6537754376675604]
L001717 | [Train Acc: 0.654933641084824]
L001718 | [Dev Loss: 1.2147]
L001719 | [Dev F1: 0.4815050186171235]
L001720 | [Dev Acc: 0.5057283142389526]
L001721 | 
L001722-L001737 | [REDACTED: batch progress and internal diagnostics]
L001738 | [Epoch 68] [Time: 2.83]
L001739 | [Train Loss: 0.7922]
L001740 | [Train F1: 0.6482662268936763]
L001741 | [Train Acc: 0.6512790921331025]
L001742 | [Dev Loss: 1.294]
L001743 | [Dev F1: 0.4335010122385196]
L001744 | [Dev Acc: 0.4828150572831424]
L001745 | 
L001746-L001761 | [REDACTED: batch progress and internal diagnostics]
L001762 | [Epoch 69] [Time: 2.73]
L001763 | [Train Loss: 0.7989]
L001764 | [Train F1: 0.6377046021366269]
L001765 | [Train Acc: 0.6414695133679553]
L001766 | [Dev Loss: 1.2704]
L001767 | [Dev F1: 0.46251874772699564]
L001768 | [Dev Acc: 0.502454991816694]
L001769 | 
L001770-L001785 | [REDACTED: batch progress and internal diagnostics]
L001786 | [Epoch 70] [Time: 2.80]
L001787 | [Train Loss: 0.8122]
L001788 | [Train F1: 0.6448347795525068]
L001789 | [Train Acc: 0.6457010963646855]
L001790 | [Dev Loss: 1.3756]
L001791 | [Dev F1: 0.38597682907015174]
L001792 | [Dev Acc: 0.44844517184942717]
L001793 | 
L001794-L001809 | [REDACTED: batch progress and internal diagnostics]
L001810 | [Epoch 71] [Time: 2.66]
L001811 | [Train Loss: 0.8035]
L001812 | [Train F1: 0.6480432437940078]
L001813 | [Train Acc: 0.6528178495864589]
L001814 | [Dev Loss: 1.173]
L001815 | [Dev F1: 0.45702664875172144]
L001816 | [Dev Acc: 0.5008183306055647]
L001817 | 
L001818-L001833 | [REDACTED: batch progress and internal diagnostics]
L001834 | [Epoch 72] [Time: 2.73]
L001835 | [Train Loss: 0.7905]
L001836 | [Train F1: 0.6470984895076313]
L001837 | [Train Acc: 0.6501250240430853]
L001838 | [Dev Loss: 1.1893]
L001839 | [Dev F1: 0.4580387244195968]
L001840 | [Dev Acc: 0.49263502454991814]
L001841 | 
L001842-L001857 | [REDACTED: batch progress and internal diagnostics]
L001858 | [Epoch 73] [Time: 2.91]
L001859 | [Train Loss: 0.7808]
L001860 | [Train F1: 0.6566650773020412]
L001861 | [Train Acc: 0.6576264666281977]
L001862 | [Dev Loss: 1.264]
L001863 | [Dev F1: 0.4482068661774639]
L001864 | [Dev Acc: 0.48936170212765956]
L001865 | 
L001866-L001881 | [REDACTED: batch progress and internal diagnostics]
L001882 | [Epoch 74] [Time: 2.76]
L001883 | [Train Loss: 0.7783]
L001884 | [Train F1: 0.6537869697359492]
L001885 | [Train Acc: 0.6576264666281977]
L001886 | [Dev Loss: 1.1915]
L001887 | [Dev F1: 0.46387348660336075]
L001888 | [Dev Acc: 0.5106382978723404]
L001889 | 
L001890-L001905 | [REDACTED: batch progress and internal diagnostics]
L001906 | [Epoch 75] [Time: 2.68]
L001907 | [Train Loss: 0.7738]
L001908 | [Train F1: 0.6509803512173742]
L001909 | [Train Acc: 0.6522408155414503]
L001910 | [Dev Loss: 1.2505]
L001911 | [Dev F1: 0.46402103706146397]
L001912 | [Dev Acc: 0.5073649754500819]
L001913 | 
L001914-L001929 | [REDACTED: batch progress and internal diagnostics]
L001930 | [Epoch 76] [Time: 2.83]
L001931 | [Train Loss: 0.7717]
L001932 | [Train F1: 0.6575480085639323]
L001933 | [Train Acc: 0.6603192921715715]
L001934 | [Dev Loss: 1.2185]
L001935 | [Dev F1: 0.4630345231707997]
L001936 | [Dev Acc: 0.5040916530278232]
L001937 | 
L001938-L001953 | [REDACTED: batch progress and internal diagnostics]
L001954 | [Epoch 77] [Time: 2.55]
L001955 | [Train Loss: 0.7746]
L001956 | [Train F1: 0.655729863745758]
L001957 | [Train Acc: 0.6576264666281977]
L001958 | [Dev Loss: 1.2549]
L001959 | [Dev F1: 0.46922539188745427]
L001960 | [Dev Acc: 0.5106382978723404]
L001961 | 
L001962-L001977 | [REDACTED: batch progress and internal diagnostics]
L001978 | [Epoch 78] [Time: 2.77]
L001979 | [Train Loss: 0.7675]
L001980 | [Train F1: 0.6577540931138114]
L001981 | [Train Acc: 0.6589728793998846]
L001982 | [Dev Loss: 1.2265]
L001983 | [Dev F1: 0.4452021658427469]
L001984 | [Dev Acc: 0.49263502454991814]
L001985 | 
L001986-L002001 | [REDACTED: batch progress and internal diagnostics]
L002002 | [Epoch 79] [Time: 2.81]
L002003 | [Train Loss: 0.7739]
L002004 | [Train F1: 0.6547116428852684]
L002005 | [Train Acc: 0.6583958453548759]
L002006 | [Dev Loss: 1.2135]
L002007 | [Dev F1: 0.45462121605738637]
L002008 | [Dev Acc: 0.48936170212765956]
L002009 | 
L002010-L002025 | [REDACTED: batch progress and internal diagnostics]
L002026 | [Epoch 80] [Time: 2.86]
L002027 | [Train Loss: 0.7737]
L002028 | [Train F1: 0.6539085093675701]
L002029 | [Train Acc: 0.6551259857664935]
L002030 | [Dev Loss: 1.2776]
L002031 | [Dev F1: 0.4738483783029639]
L002032 | [Dev Acc: 0.5008183306055647]
L002033 | 
L002034-L002049 | [REDACTED: batch progress and internal diagnostics]
L002050 | [Epoch 81] [Time: 2.88]
L002051 | [Train Loss: 0.7676]
L002052 | [Train F1: 0.6542805200728553]
L002053 | [Train Acc: 0.6572417772648587]
L002054 | [Dev Loss: 1.2112]
L002055 | [Dev F1: 0.44371093480705365]
L002056 | [Dev Acc: 0.4909983633387889]
L002057 | 
L002058-L002073 | [REDACTED: batch progress and internal diagnostics]
L002074 | [Epoch 82] [Time: 2.73]
L002075 | [Train Loss: 0.7616]
L002076 | [Train F1: 0.6633674120397076]
L002077 | [Train Acc: 0.6641661858049625]
L002078 | [Dev Loss: 1.1732]
L002079 | [Dev F1: 0.4799999269077514]
L002080 | [Dev Acc: 0.5155482815057283]
L002081 | 
L002082-L002097 | [REDACTED: batch progress and internal diagnostics]
L002098 | [Epoch 83] [Time: 2.77]
L002099 | [Train Loss: 0.759]
L002100 | [Train F1: 0.6564574793801525]
L002101 | [Train Acc: 0.6587805347182151]
L002102 | [Dev Loss: 1.2453]
L002103 | [Dev F1: 0.4700130491326455]
L002104 | [Dev Acc: 0.5090016366612111]
L002105 | 
L002106-L002121 | [REDACTED: batch progress and internal diagnostics]
L002122 | [Epoch 84] [Time: 2.63]
L002123 | [Train Loss: 0.7675]
L002124 | [Train F1: 0.6622278324850441]
L002125 | [Train Acc: 0.6643585304866321]
L002126 | [Dev Loss: 1.2327]
L002127 | [Dev F1: 0.4621907394470697]
L002128 | [Dev Acc: 0.5040916530278232]
L002129 | 
L002130-L002145 | [REDACTED: batch progress and internal diagnostics]
L002146 | [Epoch 85] [Time: 2.73]
L002147 | [Train Loss: 0.7535]
L002148 | [Train F1: 0.6597151210352777]
L002149 | [Train Acc: 0.662627428351606]
L002150 | [Dev Loss: 1.1508]
L002151 | [Dev F1: 0.45881112991563205]
L002152 | [Dev Acc: 0.4959083469721768]
L002153 | 
L002154-L002169 | [REDACTED: batch progress and internal diagnostics]
L002170 | [Epoch 86] [Time: 2.71]
L002171 | [Train Loss: 0.7583]
L002172 | [Train F1: 0.6556568277293101]
L002173 | [Train Acc: 0.6585881900365455]
L002174 | [Dev Loss: 1.2102]
L002175 | [Dev F1: 0.46701876118658553]
L002176 | [Dev Acc: 0.5057283142389526]
L002177 | 
L002178-L002193 | [REDACTED: batch progress and internal diagnostics]
L002194 | [Epoch 87] [Time: 2.88]
L002195 | [Train Loss: 0.7617]
L002196 | [Train F1: 0.6642307483575138]
L002197 | [Train Acc: 0.666089632621658]
L002198 | [Dev Loss: 1.2487]
L002199 | [Dev F1: 0.479892466460934]
L002200 | [Dev Acc: 0.5171849427168577]
L002201 | 
L002202-L002217 | [REDACTED: batch progress and internal diagnostics]
L002218 | [Epoch 88] [Time: 2.73]
L002219 | [Train Loss: 0.7667]
L002220 | [Train F1: 0.6542173026095461]
L002221 | [Train Acc: 0.6572417772648587]
L002222 | [Dev Loss: 1.2147]
L002223 | [Dev F1: 0.4605228541001183]
L002224 | [Dev Acc: 0.5040916530278232]
L002225 | 
L002226-L002241 | [REDACTED: batch progress and internal diagnostics]
L002242 | [Epoch 89] [Time: 2.72]
L002243 | [Train Loss: 0.7478]
L002244 | [Train F1: 0.6632814957924767]
L002245 | [Train Acc: 0.6658972879399885]
L002246 | [Dev Loss: 1.1841]
L002247 | [Dev F1: 0.48677977125735145]
L002248 | [Dev Acc: 0.5090016366612111]
L002249 | 
L002250-L002265 | [REDACTED: batch progress and internal diagnostics]
L002266 | [Epoch 90] [Time: 2.93]
L002267 | [Train Loss: 0.7432]
L002268 | [Train F1: 0.671482460665404]
L002269 | [Train Acc: 0.6732063858434314]
L002270 | [Dev Loss: 1.2456]
L002271 | [Dev F1: 0.4731392195659468]
L002272 | [Dev Acc: 0.5106382978723404]
L002273 | 
L002274-L002289 | [REDACTED: batch progress and internal diagnostics]
L002290 | [Epoch 91] [Time: 2.78]
L002291 | [Train Loss: 0.7422]
L002292 | [Train F1: 0.6659616979218332]
L002293 | [Train Acc: 0.667820734756684]
L002294 | [Dev Loss: 1.2221]
L002295 | [Dev F1: 0.4544022598776828]
L002296 | [Dev Acc: 0.5008183306055647]
L002297 | 
L002298-L002313 | [REDACTED: batch progress and internal diagnostics]
L002314 | [Epoch 92] [Time: 2.46]
L002315 | [Train Loss: 0.7438]
L002316 | [Train F1: 0.6648852317386443]
L002317 | [Train Acc: 0.6676283900750144]
L002318 | [Dev Loss: 1.2467]
L002319 | [Dev F1: 0.4736983441971821]
L002320 | [Dev Acc: 0.49918166939443537]
L002321 | 
L002322-L002337 | [REDACTED: batch progress and internal diagnostics]
L002338 | [Epoch 93] [Time: 2.72]
L002339 | [Train Loss: 0.7637]
L002340 | [Train F1: 0.6640228453122803]
L002341 | [Train Acc: 0.6651279092133102]
L002342 | [Dev Loss: 1.2715]
L002343 | [Dev F1: 0.47038456576293197]
L002344 | [Dev Acc: 0.5090016366612111]
L002345 | 
L002346-L002361 | [REDACTED: batch progress and internal diagnostics]
L002362 | [Epoch 94] [Time: 2.66]
L002363 | [Train Loss: 0.7488]
L002364 | [Train F1: 0.6679421035814427]
L002365 | [Train Acc: 0.6701288709367186]
L002366 | [Dev Loss: 1.2346]
L002367 | [Dev F1: 0.45667641029884903]
L002368 | [Dev Acc: 0.49754500818330605]
L002369 | 
L002370-L002385 | [REDACTED: batch progress and internal diagnostics]
L002386 | [Epoch 95] [Time: 2.74]
L002387 | [Train Loss: 0.758]
L002388 | [Train F1: 0.6647245881047728]
L002389 | [Train Acc: 0.6666666666666666]
L002390 | [Dev Loss: 1.2175]
L002391 | [Dev F1: 0.485998130202448]
L002392 | [Dev Acc: 0.513911620294599]
L002393 | 
L002394-L002409 | [REDACTED: batch progress and internal diagnostics]
L002410 | [Epoch 96] [Time: 2.61]
L002411 | [Train Loss: 0.7516]
L002412 | [Train F1: 0.6674076878991756]
L002413 | [Train Acc: 0.6707059049817272]
L002414 | [Dev Loss: 1.2889]
L002415 | [Dev F1: 0.3864132775476035]
L002416 | [Dev Acc: 0.46153846153846156]
L002417 | 
L002418-L002433 | [REDACTED: batch progress and internal diagnostics]
L002434 | [Epoch 97] [Time: 2.63]
L002435 | [Train Loss: 0.7408]
L002436 | [Train F1: 0.6640997074243175]
L002437 | [Train Acc: 0.6664743219849971]
L002438 | [Dev Loss: 1.2405]
L002439 | [Dev F1: 0.47686973368564667]
L002440 | [Dev Acc: 0.5171849427168577]
L002441 | 
L002442-L002457 | [REDACTED: batch progress and internal diagnostics]
L002458 | [Epoch 98] [Time: 2.75]
L002459 | [Train Loss: 0.7467]
L002460 | [Train F1: 0.6669217649726691]
L002461 | [Train Acc: 0.6685901134833622]
L002462 | [Dev Loss: 1.2381]
L002463 | [Dev F1: 0.46705122491782314]
L002464 | [Dev Acc: 0.5106382978723404]
L002465 | 
L002466-L002481 | [REDACTED: batch progress and internal diagnostics]
L002482 | [Epoch 99] [Time: 2.58]
L002483 | [Train Loss: 0.7395]
L002484 | [Train F1: 0.6623700897918271]
L002485 | [Train Acc: 0.6666666666666666]
L002486 | [Dev Loss: 1.1822]
L002487 | [Dev F1: 0.49644913328854196]
L002488 | [Dev Acc: 0.5204582651391162]
L002489 | 
L002490-L002505 | [REDACTED: batch progress and internal diagnostics]
L002506 | [Epoch 100] [Time: 2.65]
L002507 | [Train Loss: 0.7425]
L002508 | [Train F1: 0.6674432927311192]
L002509 | [Train Acc: 0.668205424120023]
L002510 | [Dev Loss: 1.257]
L002511 | [Dev F1: 0.4544560815540015]
L002512 | [Dev Acc: 0.49754500818330605]
L002513 | 
L002514-L002529 | [REDACTED: batch progress and internal diagnostics]
L002530 | [Epoch 101] [Time: 2.72]
L002531 | [Train Loss: 0.7375]
L002532 | [Train F1: 0.6694381917657499]
L002533 | [Train Acc: 0.673398730525101]
L002534 | [Dev Loss: 1.2964]
L002535 | [Dev F1: 0.46665216421943545]
L002536 | [Dev Acc: 0.5073649754500819]
L002537 | 
L002538-L002553 | [REDACTED: batch progress and internal diagnostics]
L002554 | [Epoch 102] [Time: 2.73]
L002555 | [Train Loss: 0.7292]
L002556 | [Train F1: 0.671949230377511]
L002557 | [Train Acc: 0.673398730525101]
L002558 | [Dev Loss: 1.1902]
L002559 | [Dev F1: 0.47770861951751137]
L002560 | [Dev Acc: 0.5122749590834698]
L002561 | 
L002562-L002577 | [REDACTED: batch progress and internal diagnostics]
L002578 | [Epoch 103] [Time: 2.39]
L002579 | [Train Loss: 0.7282]
L002580 | [Train F1: 0.670357442497013]
L002581 | [Train Acc: 0.6722446624350836]
L002582 | [Dev Loss: 1.2905]
L002583 | [Dev F1: 0.43580046605148715]
L002584 | [Dev Acc: 0.4909983633387889]
L002585 | 
L002586-L002601 | [REDACTED: batch progress and internal diagnostics]
L002602 | [Epoch 104] [Time: 2.57]
L002603 | [Train Loss: 0.7303]
L002604 | [Train F1: 0.6741011067105104]
L002605 | [Train Acc: 0.6762839007501442]
L002606 | [Dev Loss: 1.1699]
L002607 | [Dev F1: 0.48587598255622744]
L002608 | [Dev Acc: 0.5188216039279869]
L002609 | 
L002610-L002625 | [REDACTED: batch progress and internal diagnostics]
L002626 | [Epoch 105] [Time: 2.57]
L002627 | [Train Loss: 0.7266]
L002628 | [Train F1: 0.6768785512737115]
L002629 | [Train Acc: 0.6778226582035006]
L002630 | [Dev Loss: 1.2856]
L002631 | [Dev F1: 0.44019575948556466]
L002632 | [Dev Acc: 0.48936170212765956]
L002633 | 
L002634-L002649 | [REDACTED: batch progress and internal diagnostics]
L002650 | [Epoch 106] [Time: 2.56]
L002651 | [Train Loss: 0.7232]
L002652 | [Train F1: 0.6717648626983045]
L002653 | [Train Acc: 0.6741681092517792]
L002654 | [Dev Loss: 1.1972]
L002655 | [Dev F1: 0.47390299548486703]
L002656 | [Dev Acc: 0.5106382978723404]
L002657 | 
L002658-L002673 | [REDACTED: batch progress and internal diagnostics]
L002674 | [Epoch 107] [Time: 2.64]
L002675 | [Train Loss: 0.7289]
L002676 | [Train F1: 0.673159878956058]
L002677 | [Train Acc: 0.6757068667051356]
L002678 | [Dev Loss: 1.3073]
L002679 | [Dev F1: 0.4632643939007446]
L002680 | [Dev Acc: 0.49918166939443537]
L002681 | 
L002682-L002697 | [REDACTED: batch progress and internal diagnostics]
L002698 | [Epoch 108] [Time: 2.76]
L002699 | [Train Loss: 0.7249]
L002700 | [Train F1: 0.6758815980067143]
L002701 | [Train Acc: 0.6776303135218311]
L002702 | [Dev Loss: 1.2069]
L002703 | [Dev F1: 0.4782236137806245]
L002704 | [Dev Acc: 0.5220949263502455]
L002705 | 
L002706-L002721 | [REDACTED: batch progress and internal diagnostics]
L002722 | [Epoch 109] [Time: 2.58]
L002723 | [Train Loss: 0.7252]
L002724 | [Train F1: 0.6782331391287785]
L002725 | [Train Acc: 0.6809001731102136]
L002726 | [Dev Loss: 1.2777]
L002727 | [Dev F1: 0.4608251516523979]
L002728 | [Dev Acc: 0.4959083469721768]
L002729 | 
L002730-L002745 | [REDACTED: batch progress and internal diagnostics]
L002746 | [Epoch 110] [Time: 2.61]
L002747 | [Train Loss: 0.7182]
L002748 | [Train F1: 0.6754813260562424]
L002749 | [Train Acc: 0.6758992113868052]
L002750 | [Dev Loss: 1.1762]
L002751 | [Dev F1: 0.4763222804690224]
L002752 | [Dev Acc: 0.5122749590834698]
L002753 | 
L002754-L002769 | [REDACTED: batch progress and internal diagnostics]
L002770 | [Epoch 111] [Time: 2.75]
L002771 | [Train Loss: 0.721]
L002772 | [Train F1: 0.6726408914158265]
L002773 | [Train Acc: 0.6755145220234661]
L002774 | [Dev Loss: 1.2367]
L002775 | [Dev F1: 0.4746681697343009]
L002776 | [Dev Acc: 0.5155482815057283]
L002777 | 
L002778-L002793 | [REDACTED: batch progress and internal diagnostics]
L002794 | [Epoch 112] [Time: 2.42]
L002795 | [Train Loss: 0.719]
L002796 | [Train F1: 0.6787239858677059]
L002797 | [Train Acc: 0.679361415656857]
L002798 | [Dev Loss: 1.216]
L002799 | [Dev F1: 0.4657912824417182]
L002800 | [Dev Acc: 0.502454991816694]
L002801 | 
L002802-L002817 | [REDACTED: batch progress and internal diagnostics]
L002818 | [Epoch 113] [Time: 2.73]
L002819 | [Train Loss: 0.7216]
L002820 | [Train F1: 0.6702379621511286]
L002821 | [Train Acc: 0.6728216964800924]
L002822 | [Dev Loss: 1.3061]
L002823 | [Dev F1: 0.4889279131509313]
L002824 | [Dev Acc: 0.5122749590834698]
L002825 | 
L002826-L002841 | [REDACTED: batch progress and internal diagnostics]
L002842 | [Epoch 114] [Time: 2.59]
L002843 | [Train Loss: 0.7183]
L002844 | [Train F1: 0.6772963973738328]
L002845 | [Train Acc: 0.6782073475668398]
L002846 | [Dev Loss: 1.1905]
L002847 | [Dev F1: 0.45779051827911493]
L002848 | [Dev Acc: 0.49918166939443537]
L002849 | 
L002850-L002865 | [REDACTED: batch progress and internal diagnostics]
L002866 | [Epoch 115] [Time: 2.64]
L002867 | [Train Loss: 0.7159]
L002868 | [Train F1: 0.6804005932332237]
L002869 | [Train Acc: 0.68243893056357]
L002870 | [Dev Loss: 1.2553]
L002871 | [Dev F1: 0.4620688906721419]
L002872 | [Dev Acc: 0.5073649754500819]
L002873 | 
L002874-L002889 | [REDACTED: batch progress and internal diagnostics]
L002890 | [Epoch 116] [Time: 2.67]
L002891 | [Train Loss: 0.709]
L002892 | [Train F1: 0.6789655687888352]
L002893 | [Train Acc: 0.6799384497018658]
L002894 | [Dev Loss: 1.1765]
L002895 | [Dev F1: 0.4852258321676856]
L002896 | [Dev Acc: 0.5171849427168577]
L002897 | 
L002898-L002913 | [REDACTED: batch progress and internal diagnostics]
L002914 | [Epoch 117] [Time: 2.63]
L002915 | [Train Loss: 0.71]
L002916 | [Train F1: 0.6866491444047493]
L002917 | [Train Acc: 0.6868628582419696]
L002918 | [Dev Loss: 1.1987]
L002919 | [Dev F1: 0.5111130279666148]
L002920 | [Dev Acc: 0.5368248772504092]
L002921 | 
L002922-L002937 | [REDACTED: batch progress and internal diagnostics]
L002938 | [Epoch 118] [Time: 2.56]
L002939 | [Train Loss: 0.7169]
L002940 | [Train F1: 0.6772351439882129]
L002941 | [Train Acc: 0.6809001731102136]
L002942 | [Dev Loss: 1.3194]
L002943 | [Dev F1: 0.4232657530530284]
L002944 | [Dev Acc: 0.4795417348608838]
L002945 | 
L002946-L002961 | [REDACTED: batch progress and internal diagnostics]
L002962 | [Epoch 119] [Time: 2.73]
L002963 | [Train Loss: 0.7293]
L002964 | [Train F1: 0.6746161960110288]
L002965 | [Train Acc: 0.6747451432967878]
L002966 | [Dev Loss: 1.2432]
L002967 | [Dev F1: 0.46905359153599113]
L002968 | [Dev Acc: 0.5106382978723404]
L002969 | 
L002970-L002985 | [REDACTED: batch progress and internal diagnostics]
L002986 | [Epoch 120] [Time: 2.56]
L002987 | [Train Loss: 0.7207]
L002988 | [Train F1: 0.6758117622451272]
L002989 | [Train Acc: 0.6785920369301789]
L002990 | [Dev Loss: 1.2892]
L002991 | [Dev F1: 0.44483651079110903]
L002992 | [Dev Acc: 0.502454991816694]
L002993 | 
L002994-L003009 | [REDACTED: batch progress and internal diagnostics]
L003010 | [Epoch 121] [Time: 2.73]
L003011 | [Train Loss: 0.7171]
L003012 | [Train F1: 0.678801419362312]
L003013 | [Train Acc: 0.6809001731102136]
L003014 | [Dev Loss: 1.1787]
L003015 | [Dev F1: 0.5076437088003484]
L003016 | [Dev Acc: 0.5319148936170213]
L003017 | 
L003018-L003033 | [REDACTED: batch progress and internal diagnostics]
L003034 | [Epoch 122] [Time: 2.51]
L003035 | [Train Loss: 0.7238]
L003036 | [Train F1: 0.6776145844511008]
L003037 | [Train Acc: 0.6816695518368917]
L003038 | [Dev Loss: 1.2134]
L003039 | [Dev F1: 0.4592361384556013]
L003040 | [Dev Acc: 0.49918166939443537]
L003041 | 
L003042-L003057 | [REDACTED: batch progress and internal diagnostics]
L003058 | [Epoch 123] [Time: 2.60]
L003059 | [Train Loss: 0.7155]
L003060 | [Train F1: 0.6783487845420738]
L003061 | [Train Acc: 0.679361415656857]
L003062 | [Dev Loss: 1.1725]
L003063 | [Dev F1: 0.48261793933413294]
L003064 | [Dev Acc: 0.5171849427168577]
L003065 | 
L003066-L003081 | [REDACTED: batch progress and internal diagnostics]
L003082 | [Epoch 124] [Time: 2.70]
L003083 | [Train Loss: 0.7081]
L003084 | [Train F1: 0.678347368901349]
L003085 | [Train Acc: 0.6807078284285439]
L003086 | [Dev Loss: 1.3055]
L003087 | [Dev F1: 0.4693510352967224]
L003088 | [Dev Acc: 0.5073649754500819]
L003089 | 
L003090-L003105 | [REDACTED: batch progress and internal diagnostics]
L003106 | [Epoch 125] [Time: 2.72]
L003107 | [Train Loss: 0.7025]
L003108 | [Train F1: 0.6821749738430333]
L003109 | [Train Acc: 0.6822465858819003]
L003110 | [Dev Loss: 1.1424]
L003111 | [Dev F1: 0.5018327286338747]
L003112 | [Dev Acc: 0.5286415711947627]
L003113 | 
L003114-L003129 | [REDACTED: batch progress and internal diagnostics]
L003130 | [Epoch 126] [Time: 2.50]
L003131 | [Train Loss: 0.6975]
L003132 | [Train F1: 0.6840926911624069]
L003133 | [Train Acc: 0.6872475476053087]
L003134 | [Dev Loss: 1.2602]
L003135 | [Dev F1: 0.46857567634243363]
L003136 | [Dev Acc: 0.49918166939443537]
L003137 | 
L003138-L003153 | [REDACTED: batch progress and internal diagnostics]
L003154 | [Epoch 127] [Time: 2.68]
L003155 | [Train Loss: 0.6989]
L003156 | [Train F1: 0.6938833160962955]
L003157 | [Train Acc: 0.6937872667820735]
L003158 | [Dev Loss: 1.2141]
L003159 | [Dev F1: 0.4841734312051681]
L003160 | [Dev Acc: 0.530278232405892]
L003161 | 
L003162-L003177 | [REDACTED: batch progress and internal diagnostics]
L003178 | [Epoch 128] [Time: 2.52]
L003179 | [Train Loss: 0.7011]
L003180 | [Train F1: 0.6825464821027]
L003181 | [Train Acc: 0.6853241007886132]
L003182 | [Dev Loss: 1.2943]
L003183 | [Dev F1: 0.43710318352576905]
L003184 | [Dev Acc: 0.48936170212765956]
L003185 | 
L003186-L003201 | [REDACTED: batch progress and internal diagnostics]
L003202 | [Epoch 129] [Time: 2.52]
L003203 | [Train Loss: 0.6845]
L003204 | [Train F1: 0.6873379489735028]
L003205 | [Train Acc: 0.690132717830352]
L003206 | [Dev Loss: 1.1744]
L003207 | [Dev F1: 0.5018013055229408]
L003208 | [Dev Acc: 0.5220949263502455]
L003209 | 
L003210-L003225 | [REDACTED: batch progress and internal diagnostics]
L003226 | [Epoch 130] [Time: 2.52]
L003227 | [Train Loss: 0.6941]
L003228 | [Train F1: 0.6920791357038186]
L003229 | [Train Acc: 0.6922485093287171]
L003230 | [Dev Loss: 1.2364]
L003231 | [Dev F1: 0.46124046224215826]
L003232 | [Dev Acc: 0.5057283142389526]
L003233 | 
L003234-L003249 | [REDACTED: batch progress and internal diagnostics]
L003250 | [Epoch 131] [Time: 2.67]
L003251 | [Train Loss: 0.6883]
L003252 | [Train F1: 0.693676677946894]
L003253 | [Train Acc: 0.6947489901904212]
L003254 | [Dev Loss: 1.2701]
L003255 | [Dev F1: 0.5107023446712678]
L003256 | [Dev Acc: 0.5384615384615384]
L003257 | 
L003258-L003273 | [REDACTED: batch progress and internal diagnostics]
L003274 | [Epoch 132] [Time: 2.63]
L003275 | [Train Loss: 0.6756]
L003276 | [Train F1: 0.6951926371203484]
L003277 | [Train Acc: 0.6968647816887863]
L003278 | [Dev Loss: 1.2686]
L003279 | [Dev F1: 0.4637223474045962]
L003280 | [Dev Acc: 0.5073649754500819]
L003281 | 
L003282-L003297 | [REDACTED: batch progress and internal diagnostics]
L003298 | [Epoch 133] [Time: 2.63]
L003299 | [Train Loss: 0.6795]
L003300 | [Train F1: 0.6990246101597429]
L003301 | [Train Acc: 0.7001346412771687]
L003302 | [Dev Loss: 1.2234]
L003303 | [Dev F1: 0.5133141688090066]
L003304 | [Dev Acc: 0.5384615384615384]
L003305 | 
L003306-L003321 | [REDACTED: batch progress and internal diagnostics]
L003322 | [Epoch 134] [Time: 2.52]
L003323 | [Train Loss: 0.6831]
L003324 | [Train F1: 0.6961499102853396]
L003325 | [Train Acc: 0.6970571263704558]
L003326 | [Dev Loss: 1.1968]
L003327 | [Dev F1: 0.4756423608185764]
L003328 | [Dev Acc: 0.513911620294599]
L003329 | 
L003330-L003345 | [REDACTED: batch progress and internal diagnostics]
L003346 | [Epoch 135] [Time: 2.67]
L003347 | [Train Loss: 0.6814]
L003348 | [Train F1: 0.6984050439974383]
L003349 | [Train Acc: 0.6999422965954991]
L003350 | [Dev Loss: 1.2686]
L003351 | [Dev F1: 0.47174183819970084]
L003352 | [Dev Acc: 0.5106382978723404]
L003353 | 
L003354-L003369 | [REDACTED: batch progress and internal diagnostics]
L003370 | [Epoch 136] [Time: 2.64]
L003371 | [Train Loss: 0.6823]
L003372 | [Train F1: 0.6946035933299369]
L003373 | [Train Acc: 0.6964800923254472]
L003374 | [Dev Loss: 1.1379]
L003375 | [Dev F1: 0.5166787777805756]
L003376 | [Dev Acc: 0.5450081833060556]
L003377 | 
L003378-L003393 | [REDACTED: batch progress and internal diagnostics]
L003394 | [Epoch 137] [Time: 2.64]
L003395 | [Train Loss: 0.6827]
L003396 | [Train F1: 0.696141323442672]
L003397 | [Train Acc: 0.6968647816887863]
L003398 | [Dev Loss: 1.2783]
L003399 | [Dev F1: 0.4708929111199354]
L003400 | [Dev Acc: 0.5106382978723404]
L003401 | 
L003402-L003417 | [REDACTED: batch progress and internal diagnostics]
L003418 | [Epoch 138] [Time: 2.51]
L003419 | [Train Loss: 0.6805]
L003420 | [Train F1: 0.6983380539236748]
L003421 | [Train Acc: 0.699172917868821]
L003422 | [Dev Loss: 1.2973]
L003423 | [Dev F1: 0.5038082807353199]
L003424 | [Dev Acc: 0.5253682487725041]
L003425 | 
L003426-L003441 | [REDACTED: batch progress and internal diagnostics]
L003442 | [Epoch 139] [Time: 2.74]
L003443 | [Train Loss: 0.6623]
L003444 | [Train F1: 0.7033910361176696]
L003445 | [Train Acc: 0.7037891902288902]
L003446 | [Dev Loss: 1.178]
L003447 | [Dev F1: 0.4914169525843275]
L003448 | [Dev Acc: 0.5286415711947627]
L003449 | 
L003450-L003465 | [REDACTED: batch progress and internal diagnostics]
L003466 | [Epoch 140] [Time: 2.63]
L003467 | [Train Loss: 0.6595]
L003468 | [Train F1: 0.7078023949197696]
L003469 | [Train Acc: 0.7091748413156376]
L003470 | [Dev Loss: 1.326]
L003471 | [Dev F1: 0.46848292752085646]
L003472 | [Dev Acc: 0.5106382978723404]
L003473 | 
L003474-L003489 | [REDACTED: batch progress and internal diagnostics]
L003490 | [Epoch 141] [Time: 2.78]
L003491 | [Train Loss: 0.654]
L003492 | [Train F1: 0.7076547834474116]
L003493 | [Train Acc: 0.7095595306789767]
L003494 | [Dev Loss: 1.3135]
L003495 | [Dev F1: 0.4640877086498439]
L003496 | [Dev Acc: 0.5073649754500819]
L003497 | 
L003498-L003513 | [REDACTED: batch progress and internal diagnostics]
L003514 | [Epoch 142] [Time: 2.54]
L003515 | [Train Loss: 0.6533]
L003516 | [Train F1: 0.7129157900734743]
L003517 | [Train Acc: 0.7130217349490287]
L003518 | [Dev Loss: 1.2352]
L003519 | [Dev F1: 0.5176203148321938]
L003520 | [Dev Acc: 0.5417348608837971]
L003521 | 
L003522-L003537 | [REDACTED: batch progress and internal diagnostics]
L003538 | [Epoch 143] [Time: 2.57]
L003539 | [Train Loss: 0.6529]
L003540 | [Train F1: 0.7118365402726161]
L003541 | [Train Acc: 0.7132140796306982]
L003542 | [Dev Loss: 1.2448]
L003543 | [Dev F1: 0.46125893502767473]
L003544 | [Dev Acc: 0.5008183306055647]
L003545 | 
L003546-L003561 | [REDACTED: batch progress and internal diagnostics]
L003562 | [Epoch 144] [Time: 2.70]
L003563 | [Train Loss: 0.6441]
L003564 | [Train F1: 0.7163006196135631]
L003565 | [Train Acc: 0.7176380073090979]
L003566 | [Dev Loss: 1.2314]
L003567 | [Dev F1: 0.4808039334696714]
L003568 | [Dev Acc: 0.5171849427168577]
L003569 | 
L003570-L003585 | [REDACTED: batch progress and internal diagnostics]
L003586 | [Epoch 145] [Time: 2.65]
L003587 | [Train Loss: 0.6367]
L003588 | [Train F1: 0.7241377688319791]
L003589 | [Train Acc: 0.7243700711675323]
L003590 | [Dev Loss: 1.3059]
L003591 | [Dev F1: 0.4974752677655747]
L003592 | [Dev Acc: 0.5253682487725041]
L003593 | 
L003594-L003609 | [REDACTED: batch progress and internal diagnostics]
L003610 | [Epoch 146] [Time: 2.58]
L003611 | [Train Loss: 0.6449]
L003612 | [Train F1: 0.718009585072848]
L003613 | [Train Acc: 0.7195614541257934]
L003614 | [Dev Loss: 1.2931]
L003615 | [Dev F1: 0.46398502432190003]
L003616 | [Dev Acc: 0.5122749590834698]
L003617 | 
L003618-L003633 | [REDACTED: batch progress and internal diagnostics]
L003634 | [Epoch 147] [Time: 2.62]
L003635 | [Train Loss: 0.64]
L003636 | [Train F1: 0.7152525803564209]
L003637 | [Train Acc: 0.7176380073090979]
L003638 | [Dev Loss: 1.2844]
L003639 | [Dev F1: 0.5012285385753473]
L003640 | [Dev Acc: 0.5351882160392799]
L003641 | 
L003642-L003657 | [REDACTED: batch progress and internal diagnostics]
L003658 | [Epoch 148] [Time: 2.63]
L003659 | [Train Loss: 0.6397]
L003660 | [Train F1: 0.7186003258968485]
L003661 | [Train Acc: 0.7197537988074629]
L003662 | [Dev Loss: 1.2359]
L003663 | [Dev F1: 0.4981823335375658]
L003664 | [Dev Acc: 0.5384615384615384]
L003665 | 
L003666-L003681 | [REDACTED: batch progress and internal diagnostics]
L003682 | [Epoch 149] [Time: 2.55]
L003683 | [Train Loss: 0.6325]
L003684 | [Train F1: 0.7237966375786147]
L003685 | [Train Acc: 0.7247547605308713]
L003686 | [Dev Loss: 1.2112]
L003687 | [Dev F1: 0.5302387288234335]
L003688 | [Dev Acc: 0.55810147299509]
L003689 | Last model
L003690 |               precision    recall  f1-score   support
L003691 | 
L003692 |          hap     0.5909    0.4514    0.5118       144
L003693 |          sad     0.8091    0.7959    0.8025       245
L003694 |          neu     0.6144    0.6224    0.6184       384
L003695 |          ang     0.6555    0.4588    0.5398       170
L003696 |          exc     0.6941    0.8729    0.7733       299
L003697 |          fru     0.5979    0.6089    0.6034       381
L003698 | 
L003699 |     accuracy                         0.6593      1623
L003700 |    macro avg     0.6603    0.6351    0.6415      1623
L003701 | weighted avg     0.6568    0.6593    0.6535      1623
L003702 | 
L003703 | Best model at epoch: 149
L003704 | Best dev F1: 0.5302387288234335
L003705 |               precision    recall  f1-score   support
L003706 | 
L003707 |          hap     0.5909    0.4514    0.5118       144
L003708 |          sad     0.8091    0.7959    0.8025       245
L003709 |          neu     0.6144    0.6224    0.6184       384
L003710 |          ang     0.6555    0.4588    0.5398       170
L003711 |          exc     0.6941    0.8729    0.7733       299
L003712 |          fru     0.5979    0.6089    0.6034       381
L003713 | 
L003714 |     accuracy                         0.6593      1623
L003715 |    macro avg     0.6603    0.6351    0.6415      1623
L003716 | weighted avg     0.6568    0.6593    0.6535      1623
L003717 | 
L003718 | Best test F1: 0.6535054465215501
L003719 | Best test Acc: 0.6592729513247073
L003720 | [SANITIZED] Saved checkpoint: [path and filename removed]
