# Redacted copy of an existing run log.
# run_id: G05-seed3
# dataset: IEMOCAP
# model: GCNet+AMBER
# imr: (0.7,0.3,0.5)
# seed_alias: seed3
# original_log_sha256: becccc2a2b4c45aa1b4f8d6900219618423b2f728e0fdf53bb43be253bc95d09
# source_record_status: ok
# source_record_process_return_code: 3221226505
# L numbers refer to source logical lines; REDACTED/SANITIZED text is editorial.
L000001-L000005 | [REDACTED: configuration or implementation details]
L000006 | [SANITIZED] FutureWarning: [dependency deprecation notice; implementation details removed]
L000007-L000068 | [REDACTED: configuration or implementation details]
L000069 | [SANITIZED] Seed alias: seed3
L000070 | [REDACTED: configuration or implementation details]
L000071 | 
L000072-L000073 | [REDACTED: batch progress and internal diagnostics]
L000074 | 
L000075-L000076 | [REDACTED: batch progress and internal diagnostics]
L000077 | 
L000078-L000079 | [REDACTED: batch progress and internal diagnostics]
L000080-L000083 | [REDACTED: configuration or implementation details]
L000084 | [SANITIZED] Seed alias: seed3
L000085-L000088 | [REDACTED: configuration or implementation details]
L000089 | 
L000090-L000105 | [REDACTED: batch progress and internal diagnostics]
L000106 | [Epoch 0] [Time: 3.33]
L000107 | [Train Loss: 1.704]
L000108 | [Train F1: 0.2751066688354768]
L000109 | [Train Acc: 0.35564531640700137]
L000110 | [Dev Loss: 1.5967]
L000111 | [Dev F1: 0.27143964087107403]
L000112 | [Dev Acc: 0.3878887070376432]
L000113 | 
L000114-L000129 | [REDACTED: batch progress and internal diagnostics]
L000130 | [Epoch 1] [Time: 2.90]
L000131 | [Train Loss: 1.4375]
L000132 | [Train F1: 0.35984325608420376]
L000133 | [Train Acc: 0.4598961338718984]
L000134 | [Dev Loss: 1.4561]
L000135 | [Dev F1: 0.27143964087107403]
L000136 | [Dev Acc: 0.3878887070376432]
L000137 | 
L000138-L000153 | [REDACTED: batch progress and internal diagnostics]
L000154 | [Epoch 2] [Time: 2.87]
L000155 | [Train Loss: 1.239]
L000156 | [Train F1: 0.4137685828232476]
L000157 | [Train Acc: 0.4781688786305059]
L000158 | [Dev Loss: 1.3908]
L000159 | [Dev F1: 0.3251146160695416]
L000160 | [Dev Acc: 0.3993453355155483]
L000161 | 
L000162-L000177 | [REDACTED: batch progress and internal diagnostics]
L000178 | [Epoch 3] [Time: 2.73]
L000179 | [Train Loss: 1.1863]
L000180 | [Train F1: 0.4800122415807567]
L000181 | [Train Acc: 0.5135603000577034]
L000182 | [Dev Loss: 1.352]
L000183 | [Dev F1: 0.30170107442734634]
L000184 | [Dev Acc: 0.3878887070376432]
L000185 | 
L000186-L000201 | [REDACTED: batch progress and internal diagnostics]
L000202 | [Epoch 4] [Time: 2.88]
L000203 | [Train Loss: 1.1456]
L000204 | [Train F1: 0.506491187025564]
L000205 | [Train Acc: 0.5195229851894595]
L000206 | [Dev Loss: 1.3143]
L000207 | [Dev F1: 0.2798981622338123]
L000208 | [Dev Acc: 0.3960720130932897]
L000209 | 
L000210-L000225 | [REDACTED: batch progress and internal diagnostics]
L000226 | [Epoch 5] [Time: 2.88]
L000227 | [Train Loss: 1.1112]
L000228 | [Train F1: 0.49953833284698695]
L000229 | [Train Acc: 0.5345258703596846]
L000230 | [Dev Loss: 1.2704]
L000231 | [Dev F1: 0.38982349852935305]
L000232 | [Dev Acc: 0.45171849427168576]
L000233 | 
L000234-L000249 | [REDACTED: batch progress and internal diagnostics]
L000250 | [Epoch 6] [Time: 2.85]
L000251 | [Train Loss: 1.0916]
L000252 | [Train F1: 0.5371534925718982]
L000253 | [Train Acc: 0.5466435853048663]
L000254 | [Dev Loss: 1.2826]
L000255 | [Dev F1: 0.3241016151749045]
L000256 | [Dev Acc: 0.4075286415711948]
L000257 | 
L000258-L000273 | [REDACTED: batch progress and internal diagnostics]
L000274 | [Epoch 7] [Time: 2.78]
L000275 | [Train Loss: 1.0801]
L000276 | [Train F1: 0.5303273961805066]
L000277 | [Train Acc: 0.5387574533564147]
L000278 | [Dev Loss: 1.365]
L000279 | [Dev F1: 0.34295727034653883]
L000280 | [Dev Acc: 0.3993453355155483]
L000281 | 
L000282-L000297 | [REDACTED: batch progress and internal diagnostics]
L000298 | [Epoch 8] [Time: 2.77]
L000299 | [Train Loss: 1.084]
L000300 | [Train F1: 0.5475895609779609]
L000301 | [Train Acc: 0.5633775726101173]
L000302 | [Dev Loss: 1.2436]
L000303 | [Dev F1: 0.36754629657057847]
L000304 | [Dev Acc: 0.44189852700491]
L000305 | 
L000306-L000321 | [REDACTED: batch progress and internal diagnostics]
L000322 | [Epoch 9] [Time: 2.78]
L000323 | [Train Loss: 1.0217]
L000324 | [Train F1: 0.5624239221705675]
L000325 | [Train Acc: 0.5753029428736296]
L000326 | [Dev Loss: 1.2148]
L000327 | [Dev F1: 0.432509050322122]
L000328 | [Dev Acc: 0.4844517184942717]
L000329 | 
L000330-L000345 | [REDACTED: batch progress and internal diagnostics]
L000346 | [Epoch 10] [Time: 2.75]
L000347 | [Train Loss: 1.0096]
L000348 | [Train F1: 0.572386713649317]
L000349 | [Train Acc: 0.5799192152336988]
L000350 | [Dev Loss: 1.3105]
L000351 | [Dev F1: 0.3717467058543834]
L000352 | [Dev Acc: 0.41407528641571195]
L000353 | 
L000354-L000369 | [REDACTED: batch progress and internal diagnostics]
L000370 | [Epoch 11] [Time: 2.74]
L000371 | [Train Loss: 1.0011]
L000372 | [Train F1: 0.5893857636760189]
L000373 | [Train Acc: 0.6001154068090018]
L000374 | [Dev Loss: 1.247]
L000375 | [Dev F1: 0.37641511270900385]
L000376 | [Dev Acc: 0.4075286415711948]
L000377 | 
L000378-L000393 | [REDACTED: batch progress and internal diagnostics]
L000394 | [Epoch 12] [Time: 2.94]
L000395 | [Train Loss: 0.9933]
L000396 | [Train F1: 0.5879199722457015]
L000397 | [Train Acc: 0.5908828620888632]
L000398 | [Dev Loss: 1.2218]
L000399 | [Dev F1: 0.4254771086869602]
L000400 | [Dev Acc: 0.4500818330605565]
L000401 | 
L000402-L000417 | [REDACTED: batch progress and internal diagnostics]
L000418 | [Epoch 13] [Time: 2.76]
L000419 | [Train Loss: 0.9771]
L000420 | [Train F1: 0.5898606153388283]
L000421 | [Train Acc: 0.5987689940373149]
L000422 | [Dev Loss: 1.239]
L000423 | [Dev F1: 0.43497606344566064]
L000424 | [Dev Acc: 0.486088379705401]
L000425 | 
L000426-L000441 | [REDACTED: batch progress and internal diagnostics]
L000442 | [Epoch 14] [Time: 2.74]
L000443 | [Train Loss: 0.9564]
L000444 | [Train F1: 0.5958107282817761]
L000445 | [Train Acc: 0.6006924408540104]
L000446 | [Dev Loss: 1.234]
L000447 | [Dev F1: 0.41286602402597167]
L000448 | [Dev Acc: 0.43044189852700493]
L000449 | 
L000450-L000465 | [REDACTED: batch progress and internal diagnostics]
L000466 | [Epoch 15] [Time: 2.90]
L000467 | [Train Loss: 0.9469]
L000468 | [Train F1: 0.5992666229884742]
L000469 | [Train Acc: 0.6043469898057319]
L000470 | [Dev Loss: 1.2137]
L000471 | [Dev F1: 0.4468076698181411]
L000472 | [Dev Acc: 0.486088379705401]
L000473 | 
L000474-L000489 | [REDACTED: batch progress and internal diagnostics]
L000490 | [Epoch 16] [Time: 2.73]
L000491 | [Train Loss: 0.9329]
L000492 | [Train F1: 0.6046947014383458]
L000493 | [Train Acc: 0.6118484323908444]
L000494 | [Dev Loss: 1.2532]
L000495 | [Dev F1: 0.44217575400930786]
L000496 | [Dev Acc: 0.4500818330605565]
L000497 | 
L000498-L000513 | [REDACTED: batch progress and internal diagnostics]
L000514 | [Epoch 17] [Time: 2.73]
L000515 | [Train Loss: 0.931]
L000516 | [Train F1: 0.6068690994856759]
L000517 | [Train Acc: 0.6108867089824966]
L000518 | [Dev Loss: 1.2071]
L000519 | [Dev F1: 0.4542341259412937]
L000520 | [Dev Acc: 0.4779050736497545]
L000521 | 
L000522-L000537 | [REDACTED: batch progress and internal diagnostics]
L000538 | [Epoch 18] [Time: 2.90]
L000539 | [Train Loss: 0.9164]
L000540 | [Train F1: 0.604603997268873]
L000541 | [Train Acc: 0.6101173302558184]
L000542 | [Dev Loss: 1.2586]
L000543 | [Dev F1: 0.4381609165255967]
L000544 | [Dev Acc: 0.46153846153846156]
L000545 | 
L000546-L000561 | [REDACTED: batch progress and internal diagnostics]
L000562 | [Epoch 19] [Time: 2.85]
L000563 | [Train Loss: 0.9156]
L000564 | [Train F1: 0.6088712688444545]
L000565 | [Train Acc: 0.6095402962108097]
L000566 | [Dev Loss: 1.2971]
L000567 | [Dev F1: 0.37454038346360413]
L000568 | [Dev Acc: 0.4026186579378069]
L000569 | 
L000570-L000585 | [REDACTED: batch progress and internal diagnostics]
L000586 | [Epoch 20] [Time: 2.77]
L000587 | [Train Loss: 0.909]
L000588 | [Train F1: 0.6111586507645248]
L000589 | [Train Acc: 0.6181958068859396]
L000590 | [Dev Loss: 1.1947]
L000591 | [Dev F1: 0.4445761146229617]
L000592 | [Dev Acc: 0.45990180032733224]
L000593 | 
L000594-L000609 | [REDACTED: batch progress and internal diagnostics]
L000610 | [Epoch 21] [Time: 2.87]
L000611 | [Train Loss: 0.898]
L000612 | [Train F1: 0.6157152084934838]
L000613 | [Train Acc: 0.6195422196576265]
L000614 | [Dev Loss: 1.2244]
L000615 | [Dev F1: 0.42986246242759885]
L000616 | [Dev Acc: 0.45171849427168576]
L000617 | 
L000618-L000633 | [REDACTED: batch progress and internal diagnostics]
L000634 | [Epoch 22] [Time: 2.88]
L000635 | [Train Loss: 0.9027]
L000636 | [Train F1: 0.6102120744721177]
L000637 | [Train Acc: 0.6133871898442008]
L000638 | [Dev Loss: 1.1756]
L000639 | [Dev F1: 0.4502824436644445]
L000640 | [Dev Acc: 0.46481178396072015]
L000641 | 
L000642-L000657 | [REDACTED: batch progress and internal diagnostics]
L000658 | [Epoch 23] [Time: 2.82]
L000659 | [Train Loss: 0.8909]
L000660 | [Train F1: 0.6134260316310736]
L000661 | [Train Acc: 0.6176187728409309]
L000662 | [Dev Loss: 1.2525]
L000663 | [Dev F1: 0.43054217556502483]
L000664 | [Dev Acc: 0.4500818330605565]
L000665 | 
L000666-L000681 | [REDACTED: batch progress and internal diagnostics]
L000682 | [Epoch 24] [Time: 2.73]
L000683 | [Train Loss: 0.8841]
L000684 | [Train F1: 0.6110106277881983]
L000685 | [Train Acc: 0.61800346220427]
L000686 | [Dev Loss: 1.2713]
L000687 | [Dev F1: 0.43055696053109543]
L000688 | [Dev Acc: 0.44353518821603927]
L000689 | 
L000690-L000705 | [REDACTED: batch progress and internal diagnostics]
L000706 | [Epoch 25] [Time: 2.85]
L000707 | [Train Loss: 0.878]
L000708 | [Train F1: 0.6228268306368401]
L000709 | [Train Acc: 0.6245431813810348]
L000710 | [Dev Loss: 1.1204]
L000711 | [Dev F1: 0.47703909903801756]
L000712 | [Dev Acc: 0.4844517184942717]
L000713 | 
L000714-L000729 | [REDACTED: batch progress and internal diagnostics]
L000730 | [Epoch 26] [Time: 2.79]
L000731 | [Train Loss: 0.885]
L000732 | [Train F1: 0.6184194771530843]
L000733 | [Train Acc: 0.6245431813810348]
L000734 | [Dev Loss: 1.3211]
L000735 | [Dev F1: 0.39769005736262286]
L000736 | [Dev Acc: 0.42716857610474634]
L000737 | 
L000738-L000753 | [REDACTED: batch progress and internal diagnostics]
L000754 | [Epoch 27] [Time: 2.77]
L000755 | [Train Loss: 0.9031]
L000756 | [Train F1: 0.6132938459108838]
L000757 | [Train Acc: 0.6153106366608964]
L000758 | [Dev Loss: 1.1773]
L000759 | [Dev F1: 0.47584207938206347]
L000760 | [Dev Acc: 0.5008183306055647]
L000761 | 
L000762-L000777 | [REDACTED: batch progress and internal diagnostics]
L000778 | [Epoch 28] [Time: 2.73]
L000779 | [Train Loss: 0.8948]
L000780 | [Train F1: 0.6083118740043318]
L000781 | [Train Acc: 0.6151182919792267]
L000782 | [Dev Loss: 1.3143]
L000783 | [Dev F1: 0.3934334530696674]
L000784 | [Dev Acc: 0.40916530278232405]
L000785 | 
L000786-L000801 | [REDACTED: batch progress and internal diagnostics]
L000802 | [Epoch 29] [Time: 2.95]
L000803 | [Train Loss: 0.8859]
L000804 | [Train F1: 0.612190278393955]
L000805 | [Train Acc: 0.6108867089824966]
L000806 | [Dev Loss: 1.1907]
L000807 | [Dev F1: 0.4542589855182216]
L000808 | [Dev Acc: 0.4746317512274959]
L000809 | 
L000810-L000825 | [REDACTED: batch progress and internal diagnostics]
L000826 | [Epoch 30] [Time: 2.73]
L000827 | [Train Loss: 0.8962]
L000828 | [Train F1: 0.6008543770512333]
L000829 | [Train Acc: 0.6083862281207925]
L000830 | [Dev Loss: 1.1685]
L000831 | [Dev F1: 0.4520099989718364]
L000832 | [Dev Acc: 0.46808510638297873]
L000833 | 
L000834-L000849 | [REDACTED: batch progress and internal diagnostics]
L000850 | [Epoch 31] [Time: 2.86]
L000851 | [Train Loss: 0.8963]
L000852 | [Train F1: 0.6140247855530329]
L000853 | [Train Acc: 0.6183881515676092]
L000854 | [Dev Loss: 1.3313]
L000855 | [Dev F1: 0.4068228986938216]
L000856 | [Dev Acc: 0.44189852700491]
L000857 | 
L000858-L000873 | [REDACTED: batch progress and internal diagnostics]
L000874 | [Epoch 32] [Time: 2.82]
L000875 | [Train Loss: 0.8883]
L000876 | [Train F1: 0.6176887756021673]
L000877 | [Train Acc: 0.6191575302942873]
L000878 | [Dev Loss: 1.2144]
L000879 | [Dev F1: 0.46256239225513335]
L000880 | [Dev Acc: 0.486088379705401]
L000881 | 
L000882-L000897 | [REDACTED: batch progress and internal diagnostics]
L000898 | [Epoch 33] [Time: 2.63]
L000899 | [Train Loss: 0.8659]
L000900 | [Train F1: 0.6170404750438656]
L000901 | [Train Acc: 0.6226197345643393]
L000902 | [Dev Loss: 1.2438]
L000903 | [Dev F1: 0.3980628253341891]
L000904 | [Dev Acc: 0.41898527004909986]
L000905 | 
L000906-L000921 | [REDACTED: batch progress and internal diagnostics]
L000922 | [Epoch 34] [Time: 2.85]
L000923 | [Train Loss: 0.8551]
L000924 | [Train F1: 0.6233530322338067]
L000925 | [Train Acc: 0.6295441431044432]
L000926 | [Dev Loss: 1.1456]
L000927 | [Dev F1: 0.47820706923956086]
L000928 | [Dev Acc: 0.48936170212765956]
L000929 | 
L000930-L000945 | [REDACTED: batch progress and internal diagnostics]
L000946 | [Epoch 35] [Time: 2.81]
L000947 | [Train Loss: 0.839]
L000948 | [Train F1: 0.6322427117933309]
L000949 | [Train Acc: 0.634737449509521]
L000950 | [Dev Loss: 1.1772]
L000951 | [Dev F1: 0.5092170269561712]
L000952 | [Dev Acc: 0.5204582651391162]
L000953 | 
L000954-L000969 | [REDACTED: batch progress and internal diagnostics]
L000970 | [Epoch 36] [Time: 2.78]
L000971 | [Train Loss: 0.8411]
L000972 | [Train F1: 0.6352372265868094]
L000973 | [Train Acc: 0.6372379303712252]
L000974 | [Dev Loss: 1.1956]
L000975 | [Dev F1: 0.461936893652792]
L000976 | [Dev Acc: 0.4828150572831424]
L000977 | 
L000978-L000993 | [REDACTED: batch progress and internal diagnostics]
L000994 | [Epoch 37] [Time: 2.67]
L000995 | [Train Loss: 0.8377]
L000996 | [Train F1: 0.6304282267734606]
L000997 | [Train Acc: 0.6355068282361993]
L000998 | [Dev Loss: 1.1879]
L000999 | [Dev F1: 0.45136068126159606]
L001000 | [Dev Acc: 0.46317512274959083]
L001001 | 
L001002-L001017 | [REDACTED: batch progress and internal diagnostics]
L001018 | [Epoch 38] [Time: 2.91]
L001019 | [Train Loss: 0.8386]
L001020 | [Train F1: 0.6266594522419392]
L001021 | [Train Acc: 0.6297364877861127]
L001022 | [Dev Loss: 1.1526]
L001023 | [Dev F1: 0.4504903540435254]
L001024 | [Dev Acc: 0.4664484451718494]
L001025 | 
L001026-L001041 | [REDACTED: batch progress and internal diagnostics]
L001042 | [Epoch 39] [Time: 2.74]
L001043 | [Train Loss: 0.8248]
L001044 | [Train F1: 0.6321841723153572]
L001045 | [Train Acc: 0.6370455856895557]
L001046 | [Dev Loss: 1.2273]
L001047 | [Dev F1: 0.4694940580122246]
L001048 | [Dev Acc: 0.502454991816694]
L001049 | 
L001050-L001065 | [REDACTED: batch progress and internal diagnostics]
L001066 | [Epoch 40] [Time: 2.62]
L001067 | [Train Loss: 0.8294]
L001068 | [Train F1: 0.6340333464850197]
L001069 | [Train Acc: 0.6372379303712252]
L001070 | [Dev Loss: 1.1671]
L001071 | [Dev F1: 0.48097590109750094]
L001072 | [Dev Acc: 0.5171849427168577]
L001073 | 
L001074-L001089 | [REDACTED: batch progress and internal diagnostics]
L001090 | [Epoch 41] [Time: 2.75]
L001091 | [Train Loss: 0.8362]
L001092 | [Train F1: 0.6318842873708218]
L001093 | [Train Acc: 0.6353144835545297]
L001094 | [Dev Loss: 1.2974]
L001095 | [Dev F1: 0.3927562206309125]
L001096 | [Dev Acc: 0.4320785597381342]
L001097 | 
L001098-L001113 | [REDACTED: batch progress and internal diagnostics]
L001114 | [Epoch 42] [Time: 2.87]
L001115 | [Train Loss: 0.8305]
L001116 | [Train F1: 0.6325654478967803]
L001117 | [Train Acc: 0.6362762069628775]
L001118 | [Dev Loss: 1.1406]
L001119 | [Dev F1: 0.49326999379479675]
L001120 | [Dev Acc: 0.5057283142389526]
L001121 | 
L001122-L001137 | [REDACTED: batch progress and internal diagnostics]
L001138 | [Epoch 43] [Time: 2.84]
L001139 | [Train Loss: 0.8259]
L001140 | [Train F1: 0.6333250013882672]
L001141 | [Train Acc: 0.6368532410078861]
L001142 | [Dev Loss: 1.2502]
L001143 | [Dev F1: 0.47369070885201736]
L001144 | [Dev Acc: 0.4795417348608838]
L001145 | 
L001146-L001161 | [REDACTED: batch progress and internal diagnostics]
L001162 | [Epoch 44] [Time: 2.77]
L001163 | [Train Loss: 0.8261]
L001164 | [Train F1: 0.6303946535827111]
L001165 | [Train Acc: 0.6324293133294865]
L001166 | [Dev Loss: 1.2319]
L001167 | [Dev F1: 0.43403965893452445]
L001168 | [Dev Acc: 0.44844517184942717]
L001169 | 
L001170-L001185 | [REDACTED: batch progress and internal diagnostics]
L001186 | [Epoch 45] [Time: 2.89]
L001187 | [Train Loss: 0.8359]
L001188 | [Train F1: 0.6306271074408536]
L001189 | [Train Acc: 0.6351221388728602]
L001190 | [Dev Loss: 1.2823]
L001191 | [Dev F1: 0.4828643923666499]
L001192 | [Dev Acc: 0.49918166939443537]
L001193 | 
L001194-L001209 | [REDACTED: batch progress and internal diagnostics]
L001210 | [Epoch 46] [Time: 2.75]
L001211 | [Train Loss: 0.8283]
L001212 | [Train F1: 0.6365197495895233]
L001213 | [Train Acc: 0.6368532410078861]
L001214 | [Dev Loss: 1.2396]
L001215 | [Dev F1: 0.501305088207841]
L001216 | [Dev Acc: 0.530278232405892]
L001217 | 
L001218-L001233 | [REDACTED: batch progress and internal diagnostics]
L001234 | [Epoch 47] [Time: 2.79]
L001235 | [Train Loss: 0.8303]
L001236 | [Train F1: 0.6292376430011312]
L001237 | [Train Acc: 0.6339680707828429]
L001238 | [Dev Loss: 1.1691]
L001239 | [Dev F1: 0.4849162804349855]
L001240 | [Dev Acc: 0.5073649754500819]
L001241 | 
L001242-L001257 | [REDACTED: batch progress and internal diagnostics]
L001258 | [Epoch 48] [Time: 2.74]
L001259 | [Train Loss: 0.8189]
L001260 | [Train F1: 0.6400199286563291]
L001261 | [Train Acc: 0.6422388920946336]
L001262 | [Dev Loss: 1.2046]
L001263 | [Dev F1: 0.4467175416618024]
L001264 | [Dev Acc: 0.47299509001636664]
L001265 | 
L001266-L001281 | [REDACTED: batch progress and internal diagnostics]
L001282 | [Epoch 49] [Time: 2.82]
L001283 | [Train Loss: 0.8232]
L001284 | [Train F1: 0.6348516004683613]
L001285 | [Train Acc: 0.6391613771879208]
L001286 | [Dev Loss: 1.1982]
L001287 | [Dev F1: 0.5093568764690156]
L001288 | [Dev Acc: 0.5237315875613748]
L001289 | 
L001290-L001305 | [REDACTED: batch progress and internal diagnostics]
L001306 | [Epoch 50] [Time: 2.74]
L001307 | [Train Loss: 0.8144]
L001308 | [Train F1: 0.641624717471306]
L001309 | [Train Acc: 0.6430082708213118]
L001310 | [Dev Loss: 1.225]
L001311 | [Dev F1: 0.48508296483341434]
L001312 | [Dev Acc: 0.5090016366612111]
L001313 | 
L001314-L001329 | [REDACTED: batch progress and internal diagnostics]
L001330 | [Epoch 51] [Time: 2.81]
L001331 | [Train Loss: 0.8263]
L001332 | [Train F1: 0.6338557235618999]
L001333 | [Train Acc: 0.6410848240046163]
L001334 | [Dev Loss: 1.3191]
L001335 | [Dev F1: 0.4226068654981078]
L001336 | [Dev Acc: 0.4762684124386252]
L001337 | 
L001338-L001353 | [REDACTED: batch progress and internal diagnostics]
L001354 | [Epoch 52] [Time: 2.82]
L001355 | [Train Loss: 0.8079]
L001356 | [Train F1: 0.6451859945541808]
L001357 | [Train Acc: 0.6464704750913637]
L001358 | [Dev Loss: 1.1967]
L001359 | [Dev F1: 0.5227012957882698]
L001360 | [Dev Acc: 0.5286415711947627]
L001361 | 
L001362-L001377 | [REDACTED: batch progress and internal diagnostics]
L001378 | [Epoch 53] [Time: 2.79]
L001379 | [Train Loss: 0.82]
L001380 | [Train F1: 0.6367910566640326]
L001381 | [Train Acc: 0.6391613771879208]
L001382 | [Dev Loss: 1.2307]
L001383 | [Dev F1: 0.4447679380627295]
L001384 | [Dev Acc: 0.486088379705401]
L001385 | 
L001386-L001401 | [REDACTED: batch progress and internal diagnostics]
L001402 | [Epoch 54] [Time: 2.62]
L001403 | [Train Loss: 0.8045]
L001404 | [Train F1: 0.6357370587937959]
L001405 | [Train Acc: 0.640315445277938]
L001406 | [Dev Loss: 1.2705]
L001407 | [Dev F1: 0.4617595954319626]
L001408 | [Dev Acc: 0.48117839607201307]
L001409 | 
L001410-L001425 | [REDACTED: batch progress and internal diagnostics]
L001426 | [Epoch 55] [Time: 2.77]
L001427 | [Train Loss: 0.8146]
L001428 | [Train F1: 0.6375657451623774]
L001429 | [Train Acc: 0.6405077899596077]
L001430 | [Dev Loss: 1.2816]
L001431 | [Dev F1: 0.47584920033841727]
L001432 | [Dev Acc: 0.49427168576104746]
L001433 | 
L001434-L001449 | [REDACTED: batch progress and internal diagnostics]
L001450 | [Epoch 56] [Time: 2.78]
L001451 | [Train Loss: 0.8196]
L001452 | [Train F1: 0.645327700424608]
L001453 | [Train Acc: 0.6476245431813811]
L001454 | [Dev Loss: 1.1431]
L001455 | [Dev F1: 0.4984901596542401]
L001456 | [Dev Acc: 0.5106382978723404]
L001457 | 
L001458-L001473 | [REDACTED: batch progress and internal diagnostics]
L001474 | [Epoch 57] [Time: 2.86]
L001475 | [Train Loss: 0.8053]
L001476 | [Train F1: 0.6414535690429529]
L001477 | [Train Acc: 0.6464704750913637]
L001478 | [Dev Loss: 1.2413]
L001479 | [Dev F1: 0.4145816406497231]
L001480 | [Dev Acc: 0.46317512274959083]
L001481 | 
L001482-L001497 | [REDACTED: batch progress and internal diagnostics]
L001498 | [Epoch 58] [Time: 2.80]
L001499 | [Train Loss: 0.803]
L001500 | [Train F1: 0.6366358960135651]
L001501 | [Train Acc: 0.6432006155029814]
L001502 | [Dev Loss: 1.1773]
L001503 | [Dev F1: 0.5061586332300209]
L001504 | [Dev Acc: 0.5171849427168577]
L001505 | 
L001506-L001521 | [REDACTED: batch progress and internal diagnostics]
L001522 | [Epoch 59] [Time: 2.70]
L001523 | [Train Loss: 0.7935]
L001524 | [Train F1: 0.6404814423961832]
L001525 | [Train Acc: 0.6443546835929986]
L001526 | [Dev Loss: 1.2584]
L001527 | [Dev F1: 0.45749784411381234]
L001528 | [Dev Acc: 0.49263502454991814]
L001529 | 
L001530-L001545 | [REDACTED: batch progress and internal diagnostics]
L001546 | [Epoch 60] [Time: 2.94]
L001547 | [Train Loss: 0.7914]
L001548 | [Train F1: 0.6494679498165944]
L001549 | [Train Acc: 0.6522408155414503]
L001550 | [Dev Loss: 1.1996]
L001551 | [Dev F1: 0.4792635810901477]
L001552 | [Dev Acc: 0.5008183306055647]
L001553 | 
L001554-L001569 | [REDACTED: batch progress and internal diagnostics]
L001570 | [Epoch 61] [Time: 2.83]
L001571 | [Train Loss: 0.7887]
L001572 | [Train F1: 0.6483437076311246]
L001573 | [Train Acc: 0.6518561261781112]
L001574 | [Dev Loss: 1.2219]
L001575 | [Dev F1: 0.4785903497057877]
L001576 | [Dev Acc: 0.49754500818330605]
L001577 | 
L001578-L001593 | [REDACTED: batch progress and internal diagnostics]
L001594 | [Epoch 62] [Time: 2.88]
L001595 | [Train Loss: 0.7832]
L001596 | [Train F1: 0.6500358573257257]
L001597 | [Train Acc: 0.6524331602231198]
L001598 | [Dev Loss: 1.2134]
L001599 | [Dev F1: 0.4474820808054475]
L001600 | [Dev Acc: 0.4844517184942717]
L001601 | 
L001602-L001617 | [REDACTED: batch progress and internal diagnostics]
L001618 | [Epoch 63] [Time: 2.72]
L001619 | [Train Loss: 0.7864]
L001620 | [Train F1: 0.6494613212577405]
L001621 | [Train Acc: 0.6508944027697634]
L001622 | [Dev Loss: 1.2497]
L001623 | [Dev F1: 0.4916837276874232]
L001624 | [Dev Acc: 0.5171849427168577]
L001625 | 
L001626-L001641 | [REDACTED: batch progress and internal diagnostics]
L001642 | [Epoch 64] [Time: 2.77]
L001643 | [Train Loss: 0.7903]
L001644 | [Train F1: 0.651561577102864]
L001645 | [Train Acc: 0.6537795729948067]
L001646 | [Dev Loss: 1.2153]
L001647 | [Dev F1: 0.4823713909542282]
L001648 | [Dev Acc: 0.5155482815057283]
L001649 | 
L001650-L001665 | [REDACTED: batch progress and internal diagnostics]
L001666 | [Epoch 65] [Time: 2.91]
L001667 | [Train Loss: 0.7869]
L001668 | [Train F1: 0.6465036635532361]
L001669 | [Train Acc: 0.651086747451433]
L001670 | [Dev Loss: 1.2394]
L001671 | [Dev F1: 0.4942494598817121]
L001672 | [Dev Acc: 0.5106382978723404]
L001673 | 
L001674-L001689 | [REDACTED: batch progress and internal diagnostics]
L001690 | [Epoch 66] [Time: 2.65]
L001691 | [Train Loss: 0.7781]
L001692 | [Train F1: 0.6545801789430293]
L001693 | [Train Acc: 0.6557030198115023]
L001694 | [Dev Loss: 1.2365]
L001695 | [Dev F1: 0.5008641613069642]
L001696 | [Dev Acc: 0.5286415711947627]
L001697 | 
L001698-L001713 | [REDACTED: batch progress and internal diagnostics]
L001714 | [Epoch 67] [Time: 2.81]
L001715 | [Train Loss: 0.7799]
L001716 | [Train F1: 0.6479659219781395]
L001717 | [Train Acc: 0.6537795729948067]
L001718 | [Dev Loss: 1.206]
L001719 | [Dev F1: 0.4565477860300892]
L001720 | [Dev Acc: 0.49754500818330605]
L001721 | 
L001722-L001737 | [REDACTED: batch progress and internal diagnostics]
L001738 | [Epoch 68] [Time: 2.75]
L001739 | [Train Loss: 0.7879]
L001740 | [Train F1: 0.6500863038460146]
L001741 | [Train Acc: 0.6516637814964417]
L001742 | [Dev Loss: 1.2253]
L001743 | [Dev F1: 0.46571387789171986]
L001744 | [Dev Acc: 0.49263502454991814]
L001745 | 
L001746-L001761 | [REDACTED: batch progress and internal diagnostics]
L001762 | [Epoch 69] [Time: 2.94]
L001763 | [Train Loss: 0.7748]
L001764 | [Train F1: 0.6497548029888607]
L001765 | [Train Acc: 0.6539719176764762]
L001766 | [Dev Loss: 1.1514]
L001767 | [Dev F1: 0.4850442784125056]
L001768 | [Dev Acc: 0.5057283142389526]
L001769 | 
L001770-L001785 | [REDACTED: batch progress and internal diagnostics]
L001786 | [Epoch 70] [Time: 2.73]
L001787 | [Train Loss: 0.7742]
L001788 | [Train F1: 0.6522109665624671]
L001789 | [Train Acc: 0.6543566070398154]
L001790 | [Dev Loss: 1.2215]
L001791 | [Dev F1: 0.480990099824527]
L001792 | [Dev Acc: 0.5122749590834698]
L001793 | 
L001794-L001809 | [REDACTED: batch progress and internal diagnostics]
L001810 | [Epoch 71] [Time: 2.87]
L001811 | [Train Loss: 0.7727]
L001812 | [Train F1: 0.6570572392389447]
L001813 | [Train Acc: 0.660511636853241]
L001814 | [Dev Loss: 1.2208]
L001815 | [Dev F1: 0.4942221573346097]
L001816 | [Dev Acc: 0.5237315875613748]
L001817 | 
L001818-L001833 | [REDACTED: batch progress and internal diagnostics]
L001834 | [Epoch 72] [Time: 2.83]
L001835 | [Train Loss: 0.7697]
L001836 | [Train F1: 0.6598178190977274]
L001837 | [Train Acc: 0.6618580496249279]
L001838 | [Dev Loss: 1.1205]
L001839 | [Dev F1: 0.5298431113938823]
L001840 | [Dev Acc: 0.5482815057283142]
L001841 | 
L001842-L001857 | [REDACTED: batch progress and internal diagnostics]
L001858 | [Epoch 73] [Time: 2.82]
L001859 | [Train Loss: 0.7611]
L001860 | [Train F1: 0.6564968837856264]
L001861 | [Train Acc: 0.6595499134448932]
L001862 | [Dev Loss: 1.2237]
L001863 | [Dev F1: 0.4518041946934012]
L001864 | [Dev Acc: 0.4959083469721768]
L001865 | 
L001866-L001881 | [REDACTED: batch progress and internal diagnostics]
L001882 | [Epoch 74] [Time: 2.71]
L001883 | [Train Loss: 0.7629]
L001884 | [Train F1: 0.659758058420816]
L001885 | [Train Acc: 0.662242738988267]
L001886 | [Dev Loss: 1.1576]
L001887 | [Dev F1: 0.5237193819062189]
L001888 | [Dev Acc: 0.5433715220949263]
L001889 | 
L001890-L001905 | [REDACTED: batch progress and internal diagnostics]
L001906 | [Epoch 75] [Time: 2.78]
L001907 | [Train Loss: 0.7546]
L001908 | [Train F1: 0.6623443197942138]
L001909 | [Train Acc: 0.6641661858049625]
L001910 | [Dev Loss: 1.2755]
L001911 | [Dev F1: 0.4453388558833071]
L001912 | [Dev Acc: 0.4877250409165303]
L001913 | 
L001914-L001929 | [REDACTED: batch progress and internal diagnostics]
L001930 | [Epoch 76] [Time: 2.69]
L001931 | [Train Loss: 0.7661]
L001932 | [Train F1: 0.6527399596093771]
L001933 | [Train Acc: 0.6574341219465282]
L001934 | [Dev Loss: 1.2173]
L001935 | [Dev F1: 0.4609611231236406]
L001936 | [Dev Acc: 0.4844517184942717]
L001937 | 
L001938-L001953 | [REDACTED: batch progress and internal diagnostics]
L001954 | [Epoch 77] [Time: 2.74]
L001955 | [Train Loss: 0.7736]
L001956 | [Train F1: 0.6596000219410736]
L001957 | [Train Acc: 0.6608963262165801]
L001958 | [Dev Loss: 1.2479]
L001959 | [Dev F1: 0.5138266468096006]
L001960 | [Dev Acc: 0.5384615384615384]
L001961 | 
L001962-L001977 | [REDACTED: batch progress and internal diagnostics]
L001978 | [Epoch 78] [Time: 2.77]
L001979 | [Train Loss: 0.7628]
L001980 | [Train F1: 0.6649200491563074]
L001981 | [Train Acc: 0.6687824581650318]
L001982 | [Dev Loss: 1.1379]
L001983 | [Dev F1: 0.48723606871390757]
L001984 | [Dev Acc: 0.4959083469721768]
L001985 | 
L001986-L002001 | [REDACTED: batch progress and internal diagnostics]
L002002 | [Epoch 79] [Time: 2.86]
L002003 | [Train Loss: 0.77]
L002004 | [Train F1: 0.6601600916879127]
L002005 | [Train Acc: 0.6643585304866321]
L002006 | [Dev Loss: 1.1717]
L002007 | [Dev F1: 0.48150135499970964]
L002008 | [Dev Acc: 0.5155482815057283]
L002009 | 
L002010-L002025 | [REDACTED: batch progress and internal diagnostics]
L002026 | [Epoch 80] [Time: 2.72]
L002027 | [Train Loss: 0.7645]
L002028 | [Train F1: 0.6591479418760983]
L002029 | [Train Acc: 0.6614733602615888]
L002030 | [Dev Loss: 1.2005]
L002031 | [Dev F1: 0.5020425712192601]
L002032 | [Dev Acc: 0.5237315875613748]
L002033 | 
L002034-L002049 | [REDACTED: batch progress and internal diagnostics]
L002050 | [Epoch 81] [Time: 2.75]
L002051 | [Train Loss: 0.7509]
L002052 | [Train F1: 0.6630645369001593]
L002053 | [Train Acc: 0.6666666666666666]
L002054 | [Dev Loss: 1.1521]
L002055 | [Dev F1: 0.49958939446968764]
L002056 | [Dev Acc: 0.5188216039279869]
L002057 | 
L002058-L002073 | [REDACTED: batch progress and internal diagnostics]
L002074 | [Epoch 82] [Time: 2.71]
L002075 | [Train Loss: 0.749]
L002076 | [Train F1: 0.6654189606198971]
L002077 | [Train Acc: 0.6674360453933449]
L002078 | [Dev Loss: 1.1715]
L002079 | [Dev F1: 0.5159460913577463]
L002080 | [Dev Acc: 0.5384615384615384]
L002081 | 
L002082-L002097 | [REDACTED: batch progress and internal diagnostics]
L002098 | [Epoch 83] [Time: 2.79]
L002099 | [Train Loss: 0.7487]
L002100 | [Train F1: 0.6648151733943465]
L002101 | [Train Acc: 0.6668590113483363]
L002102 | [Dev Loss: 1.1519]
L002103 | [Dev F1: 0.5208124834964867]
L002104 | [Dev Acc: 0.5286415711947627]
L002105 | 
L002106-L002121 | [REDACTED: batch progress and internal diagnostics]
L002122 | [Epoch 84] [Time: 2.71]
L002123 | [Train Loss: 0.7428]
L002124 | [Train F1: 0.6693987699109413]
L002125 | [Train Acc: 0.6730140411617619]
L002126 | [Dev Loss: 1.1951]
L002127 | [Dev F1: 0.498495429789897]
L002128 | [Dev Acc: 0.5204582651391162]
L002129 | 
L002130-L002145 | [REDACTED: batch progress and internal diagnostics]
L002146 | [Epoch 85] [Time: 2.84]
L002147 | [Train Loss: 0.7418]
L002148 | [Train F1: 0.6760378972258143]
L002149 | [Train Acc: 0.6766685901134833]
L002150 | [Dev Loss: 1.1304]
L002151 | [Dev F1: 0.5251757510261084]
L002152 | [Dev Acc: 0.5335515548281505]
L002153 | 
L002154-L002169 | [REDACTED: batch progress and internal diagnostics]
L002170 | [Epoch 86] [Time: 2.84]
L002171 | [Train Loss: 0.7416]
L002172 | [Train F1: 0.6721299363467977]
L002173 | [Train Acc: 0.6760915560684747]
L002174 | [Dev Loss: 1.1835]
L002175 | [Dev F1: 0.4782523781771095]
L002176 | [Dev Acc: 0.5171849427168577]
L002177 | 
L002178-L002193 | [REDACTED: batch progress and internal diagnostics]
L002194 | [Epoch 87] [Time: 2.69]
L002195 | [Train Loss: 0.7344]
L002196 | [Train F1: 0.6770405688168105]
L002197 | [Train Acc: 0.6795537603385267]
L002198 | [Dev Loss: 1.1317]
L002199 | [Dev F1: 0.47801541042009443]
L002200 | [Dev Acc: 0.5090016366612111]
L002201 | 
L002202-L002217 | [REDACTED: batch progress and internal diagnostics]
L002218 | [Epoch 88] [Time: 2.79]
L002219 | [Train Loss: 0.7332]
L002220 | [Train F1: 0.6814756481191925]
L002221 | [Train Acc: 0.6834006539719176]
L002222 | [Dev Loss: 1.2434]
L002223 | [Dev F1: 0.4986771441084891]
L002224 | [Dev Acc: 0.530278232405892]
L002225 | 
L002226-L002241 | [REDACTED: batch progress and internal diagnostics]
L002242 | [Epoch 89] [Time: 2.76]
L002243 | [Train Loss: 0.7384]
L002244 | [Train F1: 0.6696784244184459]
L002245 | [Train Acc: 0.6728216964800924]
L002246 | [Dev Loss: 1.1847]
L002247 | [Dev F1: 0.49337651269465976]
L002248 | [Dev Acc: 0.5188216039279869]
L002249 | 
L002250-L002265 | [REDACTED: batch progress and internal diagnostics]
L002266 | [Epoch 90] [Time: 2.78]
L002267 | [Train Loss: 0.7396]
L002268 | [Train F1: 0.6677813227380864]
L002269 | [Train Acc: 0.6685901134833622]
L002270 | [Dev Loss: 1.1374]
L002271 | [Dev F1: 0.48715243826272625]
L002272 | [Dev Acc: 0.502454991816694]
L002273 | 
L002274-L002289 | [REDACTED: batch progress and internal diagnostics]
L002290 | [Epoch 91] [Time: 2.81]
L002291 | [Train Loss: 0.7288]
L002292 | [Train F1: 0.679919595121207]
L002293 | [Train Acc: 0.6832083092902481]
L002294 | [Dev Loss: 1.1599]
L002295 | [Dev F1: 0.5335429964345177]
L002296 | [Dev Acc: 0.5482815057283142]
L002297 | 
L002298-L002313 | [REDACTED: batch progress and internal diagnostics]
L002314 | [Epoch 92] [Time: 2.90]
L002315 | [Train Loss: 0.736]
L002316 | [Train F1: 0.6740457105756175]
L002317 | [Train Acc: 0.6743604539334488]
L002318 | [Dev Loss: 1.1561]
L002319 | [Dev F1: 0.49665683595663573]
L002320 | [Dev Acc: 0.5286415711947627]
L002321 | 
L002322-L002337 | [REDACTED: batch progress and internal diagnostics]
L002338 | [Epoch 93] [Time: 2.93]
L002339 | [Train Loss: 0.7323]
L002340 | [Train F1: 0.6777061204796091]
L002341 | [Train Acc: 0.6799384497018658]
L002342 | [Dev Loss: 1.2045]
L002343 | [Dev F1: 0.49016553390427137]
L002344 | [Dev Acc: 0.5122749590834698]
L002345 | 
L002346-L002361 | [REDACTED: batch progress and internal diagnostics]
L002362 | [Epoch 94] [Time: 2.83]
L002363 | [Train Loss: 0.7296]
L002364 | [Train F1: 0.6821601263156181]
L002365 | [Train Acc: 0.6832083092902481]
L002366 | [Dev Loss: 1.1203]
L002367 | [Dev F1: 0.5376638269447714]
L002368 | [Dev Acc: 0.5531914893617021]
L002369 | 
L002370-L002385 | [REDACTED: batch progress and internal diagnostics]
L002386 | [Epoch 95] [Time: 2.78]
L002387 | [Train Loss: 0.721]
L002388 | [Train F1: 0.6666658843039647]
L002389 | [Train Acc: 0.6712829390267359]
L002390 | [Dev Loss: 1.2257]
L002391 | [Dev F1: 0.48885977730886454]
L002392 | [Dev Acc: 0.513911620294599]
L002393 | 
L002394-L002409 | [REDACTED: batch progress and internal diagnostics]
L002410 | [Epoch 96] [Time: 2.79]
L002411 | [Train Loss: 0.7161]
L002412 | [Train F1: 0.6800060835897174]
L002413 | [Train Acc: 0.6812848624735526]
L002414 | [Dev Loss: 1.1604]
L002415 | [Dev F1: 0.43025172341855356]
L002416 | [Dev Acc: 0.4877250409165303]
L002417 | 
L002418-L002433 | [REDACTED: batch progress and internal diagnostics]
L002434 | [Epoch 97] [Time: 2.65]
L002435 | [Train Loss: 0.7217]
L002436 | [Train F1: 0.6844166695018526]
L002437 | [Train Acc: 0.6860934795152914]
L002438 | [Dev Loss: 1.2094]
L002439 | [Dev F1: 0.513608291814466]
L002440 | [Dev Acc: 0.5400981996726678]
L002441 | 
L002442-L002457 | [REDACTED: batch progress and internal diagnostics]
L002458 | [Epoch 98] [Time: 2.81]
L002459 | [Train Loss: 0.7094]
L002460 | [Train F1: 0.6815360371061542]
L002461 | [Train Acc: 0.6839776880169264]
L002462 | [Dev Loss: 1.1512]
L002463 | [Dev F1: 0.4844264452607072]
L002464 | [Dev Acc: 0.5204582651391162]
L002465 | 
L002466-L002481 | [REDACTED: batch progress and internal diagnostics]
L002482 | [Epoch 99] [Time: 2.77]
L002483 | [Train Loss: 0.7155]
L002484 | [Train F1: 0.6795653338155984]
L002485 | [Train Acc: 0.6834006539719176]
L002486 | [Dev Loss: 1.2101]
L002487 | [Dev F1: 0.4968484286954727]
L002488 | [Dev Acc: 0.5270049099836334]
L002489 | 
L002490-L002505 | [REDACTED: batch progress and internal diagnostics]
L002506 | [Epoch 100] [Time: 2.74]
L002507 | [Train Loss: 0.7076]
L002508 | [Train F1: 0.6792967468126572]
L002509 | [Train Acc: 0.678976726293518]
L002510 | [Dev Loss: 1.1865]
L002511 | [Dev F1: 0.4709888234642601]
L002512 | [Dev Acc: 0.5057283142389526]
L002513 | 
L002514-L002529 | [REDACTED: batch progress and internal diagnostics]
L002530 | [Epoch 101] [Time: 2.71]
L002531 | [Train Loss: 0.7081]
L002532 | [Train F1: 0.6848871172443207]
L002533 | [Train Acc: 0.688016926331987]
L002534 | [Dev Loss: 1.1512]
L002535 | [Dev F1: 0.5046229415087394]
L002536 | [Dev Acc: 0.5188216039279869]
L002537 | 
L002538-L002553 | [REDACTED: batch progress and internal diagnostics]
L002554 | [Epoch 102] [Time: 2.74]
L002555 | [Train Loss: 0.7173]
L002556 | [Train F1: 0.6751815580064237]
L002557 | [Train Acc: 0.6778226582035006]
L002558 | [Dev Loss: 1.2085]
L002559 | [Dev F1: 0.48239458722065764]
L002560 | [Dev Acc: 0.5040916530278232]
L002561 | 
L002562-L002577 | [REDACTED: batch progress and internal diagnostics]
L002578 | [Epoch 103] [Time: 2.72]
L002579 | [Train Loss: 0.7236]
L002580 | [Train F1: 0.6842418994635865]
L002581 | [Train Acc: 0.6859011348336218]
L002582 | [Dev Loss: 1.2188]
L002583 | [Dev F1: 0.49693608864542754]
L002584 | [Dev Acc: 0.5237315875613748]
L002585 | 
L002586-L002601 | [REDACTED: batch progress and internal diagnostics]
L002602 | [Epoch 104] [Time: 2.65]
L002603 | [Train Loss: 0.7242]
L002604 | [Train F1: 0.6760542970693941]
L002605 | [Train Acc: 0.6787843816118484]
L002606 | [Dev Loss: 1.2711]
L002607 | [Dev F1: 0.44614436444594885]
L002608 | [Dev Acc: 0.48117839607201307]
L002609 | 
L002610-L002625 | [REDACTED: batch progress and internal diagnostics]
L002626 | [Epoch 105] [Time: 2.69]
L002627 | [Train Loss: 0.7254]
L002628 | [Train F1: 0.6781930892274854]
L002629 | [Train Acc: 0.679361415656857]
L002630 | [Dev Loss: 1.1354]
L002631 | [Dev F1: 0.5231100734828502]
L002632 | [Dev Acc: 0.546644844517185]
L002633 | 
L002634-L002649 | [REDACTED: batch progress and internal diagnostics]
L002650 | [Epoch 106] [Time: 2.71]
L002651 | [Train Loss: 0.7141]
L002652 | [Train F1: 0.6880138219835958]
L002653 | [Train Acc: 0.6895556837853434]
L002654 | [Dev Loss: 1.191]
L002655 | [Dev F1: 0.4714848424033051]
L002656 | [Dev Acc: 0.5122749590834698]
L002657 | 
L002658-L002673 | [REDACTED: batch progress and internal diagnostics]
L002674 | [Epoch 107] [Time: 2.62]
L002675 | [Train Loss: 0.7126]
L002676 | [Train F1: 0.6867275721982558]
L002677 | [Train Acc: 0.6887863050586651]
L002678 | [Dev Loss: 1.1417]
L002679 | [Dev F1: 0.5183364874999483]
L002680 | [Dev Acc: 0.5384615384615384]
L002681 | 
L002682-L002697 | [REDACTED: batch progress and internal diagnostics]
L002698 | [Epoch 108] [Time: 2.63]
L002699 | [Train Loss: 0.7114]
L002700 | [Train F1: 0.6843734773612276]
L002701 | [Train Acc: 0.6853241007886132]
L002702 | [Dev Loss: 1.1826]
L002703 | [Dev F1: 0.49353243066442387]
L002704 | [Dev Acc: 0.5090016366612111]
L002705 | 
L002706-L002721 | [REDACTED: batch progress and internal diagnostics]
L002722 | [Epoch 109] [Time: 2.79]
L002723 | [Train Loss: 0.7054]
L002724 | [Train F1: 0.686316241881936]
L002725 | [Train Acc: 0.688401615695326]
L002726 | [Dev Loss: 1.2098]
L002727 | [Dev F1: 0.4770900459537811]
L002728 | [Dev Acc: 0.5090016366612111]
L002729 | 
L002730-L002745 | [REDACTED: batch progress and internal diagnostics]
L002746 | [Epoch 110] [Time: 2.73]
L002747 | [Train Loss: 0.7014]
L002748 | [Train F1: 0.6924157090586169]
L002749 | [Train Acc: 0.6937872667820735]
L002750 | [Dev Loss: 1.1702]
L002751 | [Dev F1: 0.5194318812730664]
L002752 | [Dev Acc: 0.5400981996726678]
L002753 | 
L002754-L002769 | [REDACTED: batch progress and internal diagnostics]
L002770 | [Epoch 111] [Time: 2.73]
L002771 | [Train Loss: 0.6913]
L002772 | [Train F1: 0.6913951613167484]
L002773 | [Train Acc: 0.6937872667820735]
L002774 | [Dev Loss: 1.2178]
L002775 | [Dev F1: 0.47822631533490156]
L002776 | [Dev Acc: 0.5090016366612111]
L002777 | 
L002778-L002793 | [REDACTED: batch progress and internal diagnostics]
L002794 | [Epoch 112] [Time: 2.75]
L002795 | [Train Loss: 0.6874]
L002796 | [Train F1: 0.6929423325769257]
L002797 | [Train Acc: 0.6947489901904212]
L002798 | [Dev Loss: 1.1411]
L002799 | [Dev F1: 0.5056432985799155]
L002800 | [Dev Acc: 0.5270049099836334]
L002801 | 
L002802-L002817 | [REDACTED: batch progress and internal diagnostics]
L002818 | [Epoch 113] [Time: 2.83]
L002819 | [Train Loss: 0.6909]
L002820 | [Train F1: 0.6994616989821603]
L002821 | [Train Acc: 0.7007116753221774]
L002822 | [Dev Loss: 1.2091]
L002823 | [Dev F1: 0.4856275212503896]
L002824 | [Dev Acc: 0.5220949263502455]
L002825 | 
L002826-L002841 | [REDACTED: batch progress and internal diagnostics]
L002842 | [Epoch 114] [Time: 2.68]
L002843 | [Train Loss: 0.6688]
L002844 | [Train F1: 0.7090723158921151]
L002845 | [Train Acc: 0.7112906328140027]
L002846 | [Dev Loss: 1.2145]
L002847 | [Dev F1: 0.47050090928656213]
L002848 | [Dev Acc: 0.4959083469721768]
L002849 | 
L002850-L002865 | [REDACTED: batch progress and internal diagnostics]
L002866 | [Epoch 115] [Time: 2.76]
L002867 | [Train Loss: 0.6784]
L002868 | [Train F1: 0.7000179682933039]
L002869 | [Train Acc: 0.7001346412771687]
L002870 | [Dev Loss: 1.2378]
L002871 | [Dev F1: 0.5027914771066017]
L002872 | [Dev Acc: 0.530278232405892]
L002873 | 
L002874-L002889 | [REDACTED: batch progress and internal diagnostics]
L002890 | [Epoch 116] [Time: 2.73]
L002891 | [Train Loss: 0.68]
L002892 | [Train F1: 0.6951943865134231]
L002893 | [Train Acc: 0.6987882285054818]
L002894 | [Dev Loss: 1.265]
L002895 | [Dev F1: 0.4834212893166589]
L002896 | [Dev Acc: 0.513911620294599]
L002897 | 
L002898-L002913 | [REDACTED: batch progress and internal diagnostics]
L002914 | [Epoch 117] [Time: 2.74]
L002915 | [Train Loss: 0.697]
L002916 | [Train F1: 0.7003860638648445]
L002917 | [Train Acc: 0.7018657434121947]
L002918 | [Dev Loss: 1.2314]
L002919 | [Dev F1: 0.5060229388244418]
L002920 | [Dev Acc: 0.5270049099836334]
L002921 | 
L002922-L002937 | [REDACTED: batch progress and internal diagnostics]
L002938 | [Epoch 118] [Time: 2.72]
L002939 | [Train Loss: 0.67]
L002940 | [Train F1: 0.7072092722736071]
L002941 | [Train Acc: 0.7093671859973072]
L002942 | [Dev Loss: 1.2833]
L002943 | [Dev F1: 0.46478962346722574]
L002944 | [Dev Acc: 0.5057283142389526]
L002945 | 
L002946-L002961 | [REDACTED: batch progress and internal diagnostics]
L002962 | [Epoch 119] [Time: 2.72]
L002963 | [Train Loss: 0.6802]
L002964 | [Train F1: 0.7018246423699859]
L002965 | [Train Acc: 0.7026351221388729]
L002966 | [Dev Loss: 1.1598]
L002967 | [Dev F1: 0.5195173019383933]
L002968 | [Dev Acc: 0.5351882160392799]
L002969 | 
L002970-L002985 | [REDACTED: batch progress and internal diagnostics]
L002986 | [Epoch 120] [Time: 2.74]
L002987 | [Train Loss: 0.6673]
L002988 | [Train F1: 0.7053197701640349]
L002989 | [Train Acc: 0.7080207732256203]
L002990 | [Dev Loss: 1.2078]
L002991 | [Dev F1: 0.48705005311161353]
L002992 | [Dev Acc: 0.5204582651391162]
L002993 | 
L002994-L003009 | [REDACTED: batch progress and internal diagnostics]
L003010 | [Epoch 121] [Time: 2.71]
L003011 | [Train Loss: 0.664]
L003012 | [Train F1: 0.7104894915702156]
L003013 | [Train Acc: 0.7122523562223505]
L003014 | [Dev Loss: 1.1842]
L003015 | [Dev F1: 0.535066294479113]
L003016 | [Dev Acc: 0.5564648117839607]
L003017 | 
L003018-L003033 | [REDACTED: batch progress and internal diagnostics]
L003034 | [Epoch 122] [Time: 2.52]
L003035 | [Train Loss: 0.6467]
L003036 | [Train F1: 0.7189838003750513]
L003037 | [Train Acc: 0.7197537988074629]
L003038 | [Dev Loss: 1.2821]
L003039 | [Dev F1: 0.4456309860258247]
L003040 | [Dev Acc: 0.469721767594108]
L003041 | 
L003042-L003057 | [REDACTED: batch progress and internal diagnostics]
L003058 | [Epoch 123] [Time: 2.70]
L003059 | [Train Loss: 0.6439]
L003060 | [Train F1: 0.7211947879035362]
L003061 | [Train Acc: 0.7224466243508367]
L003062 | [Dev Loss: 1.2104]
L003063 | [Dev F1: 0.5143215549208245]
L003064 | [Dev Acc: 0.530278232405892]
L003065 | 
L003066-L003081 | [REDACTED: batch progress and internal diagnostics]
L003082 | [Epoch 124] [Time: 2.75]
L003083 | [Train Loss: 0.6564]
L003084 | [Train F1: 0.7121668601787732]
L003085 | [Train Acc: 0.7145604924023851]
L003086 | [Dev Loss: 1.2472]
L003087 | [Dev F1: 0.5071174414883629]
L003088 | [Dev Acc: 0.5400981996726678]
L003089 | 
L003090-L003105 | [REDACTED: batch progress and internal diagnostics]
L003106 | [Epoch 125] [Time: 2.76]
L003107 | [Train Loss: 0.6403]
L003108 | [Train F1: 0.7239038281230699]
L003109 | [Train Acc: 0.7264858626658973]
L003110 | [Dev Loss: 1.2526]
L003111 | [Dev F1: 0.4756248689858114]
L003112 | [Dev Acc: 0.5106382978723404]
L003113 | 
L003114-L003129 | [REDACTED: batch progress and internal diagnostics]
L003130 | [Epoch 126] [Time: 2.63]
L003131 | [Train Loss: 0.637]
L003132 | [Train F1: 0.7267863629951008]
L003133 | [Train Acc: 0.7266782073475668]
L003134 | [Dev Loss: 1.1961]
L003135 | [Dev F1: 0.5216386202637424]
L003136 | [Dev Acc: 0.5400981996726678]
L003137 | 
L003138-L003153 | [REDACTED: batch progress and internal diagnostics]
L003154 | [Epoch 127] [Time: 2.78]
L003155 | [Train Loss: 0.6424]
L003156 | [Train F1: 0.723171648829262]
L003157 | [Train Acc: 0.7247547605308713]
L003158 | [Dev Loss: 1.2571]
L003159 | [Dev F1: 0.4973908195507963]
L003160 | [Dev Acc: 0.5335515548281505]
L003161 | 
L003162-L003177 | [REDACTED: batch progress and internal diagnostics]
L003178 | [Epoch 128] [Time: 2.72]
L003179 | [Train Loss: 0.6463]
L003180 | [Train F1: 0.7246970810254642]
L003181 | [Train Acc: 0.7259088286208887]
L003182 | [Dev Loss: 1.1766]
L003183 | [Dev F1: 0.5491703640772759]
L003184 | [Dev Acc: 0.5695581014729951]
L003185 | 
L003186-L003201 | [REDACTED: batch progress and internal diagnostics]
L003202 | [Epoch 129] [Time: 2.74]
L003203 | [Train Loss: 0.6377]
L003204 | [Train F1: 0.7200299399375941]
L003205 | [Train Acc: 0.7212925562608193]
L003206 | [Dev Loss: 1.3902]
L003207 | [Dev F1: 0.4555382759543018]
L003208 | [Dev Acc: 0.49754500818330605]
L003209 | 
L003210-L003225 | [REDACTED: batch progress and internal diagnostics]
L003226 | [Epoch 130] [Time: 2.62]
L003227 | [Train Loss: 0.6332]
L003228 | [Train F1: 0.7244781603498105]
L003229 | [Train Acc: 0.7257164839392191]
L003230 | [Dev Loss: 1.2231]
L003231 | [Dev F1: 0.5210505027875413]
L003232 | [Dev Acc: 0.546644844517185]
L003233 | 
L003234-L003249 | [REDACTED: batch progress and internal diagnostics]
L003250 | [Epoch 131] [Time: 2.76]
L003251 | [Train Loss: 0.6257]
L003252 | [Train F1: 0.731085825492102]
L003253 | [Train Acc: 0.732640892479323]
L003254 | [Dev Loss: 1.2207]
L003255 | [Dev F1: 0.5309200703344208]
L003256 | [Dev Acc: 0.5564648117839607]
L003257 | 
L003258-L003273 | [REDACTED: batch progress and internal diagnostics]
L003274 | [Epoch 132] [Time: 2.59]
L003275 | [Train Loss: 0.6242]
L003276 | [Train F1: 0.7352100815211944]
L003277 | [Train Acc: 0.7374495095210617]
L003278 | [Dev Loss: 1.252]
L003279 | [Dev F1: 0.5293108120192372]
L003280 | [Dev Acc: 0.55810147299509]
L003281 | 
L003282-L003297 | [REDACTED: batch progress and internal diagnostics]
L003298 | [Epoch 133] [Time: 2.79]
L003299 | [Train Loss: 0.6029]
L003300 | [Train F1: 0.7363382061795479]
L003301 | [Train Acc: 0.7384112329294095]
L003302 | [Dev Loss: 1.3096]
L003303 | [Dev F1: 0.4666253761722605]
L003304 | [Dev Acc: 0.502454991816694]
L003305 | 
L003306-L003321 | [REDACTED: batch progress and internal diagnostics]
L003322 | [Epoch 134] [Time: 2.62]
L003323 | [Train Loss: 0.5973]
L003324 | [Train F1: 0.7437807199372195]
L003325 | [Train Acc: 0.7441815733794961]
L003326 | [Dev Loss: 1.3324]
L003327 | [Dev F1: 0.5450032607662099]
L003328 | [Dev Acc: 0.563011456628478]
L003329 | 
L003330-L003345 | [REDACTED: batch progress and internal diagnostics]
L003346 | [Epoch 135] [Time: 2.68]
L003347 | [Train Loss: 0.5841]
L003348 | [Train F1: 0.7473911233770842]
L003349 | [Train Acc: 0.7491825351029044]
L003350 | [Dev Loss: 1.2815]
L003351 | [Dev F1: 0.5381030574696]
L003352 | [Dev Acc: 0.55810147299509]
L003353 | 
L003354-L003369 | [REDACTED: batch progress and internal diagnostics]
L003370 | [Epoch 136] [Time: 2.64]
L003371 | [Train Loss: 0.5862]
L003372 | [Train F1: 0.7486771511954203]
L003373 | [Train Acc: 0.7489901904212348]
L003374 | [Dev Loss: 1.3815]
L003375 | [Dev F1: 0.5176899717616463]
L003376 | [Dev Acc: 0.5499181669394435]
L003377 | 
L003378-L003393 | [REDACTED: batch progress and internal diagnostics]
L003394 | [Epoch 137] [Time: 2.65]
L003395 | [Train Loss: 0.5899]
L003396 | [Train F1: 0.7497278500617194]
L003397 | [Train Acc: 0.7509136372379304]
L003398 | [Dev Loss: 1.3464]
L003399 | [Dev F1: 0.4843053866473877]
L003400 | [Dev Acc: 0.5171849427168577]
L003401 | 
L003402-L003417 | [REDACTED: batch progress and internal diagnostics]
L003418 | [Epoch 138] [Time: 2.73]
L003419 | [Train Loss: 0.582]
L003420 | [Train F1: 0.7450022127439588]
L003421 | [Train Acc: 0.7466820542412003]
L003422 | [Dev Loss: 1.2641]
L003423 | [Dev F1: 0.5245166803130284]
L003424 | [Dev Acc: 0.5531914893617021]
L003425 | 
L003426-L003441 | [REDACTED: batch progress and internal diagnostics]
L003442 | [Epoch 139] [Time: 2.60]
L003443 | [Train Loss: 0.5628]
L003444 | [Train F1: 0.7614717912927551]
L003445 | [Train Acc: 0.7634160415464513]
L003446 | [Dev Loss: 1.3217]
L003447 | [Dev F1: 0.5137326390721602]
L003448 | [Dev Acc: 0.5400981996726678]
L003449 | 
L003450-L003465 | [REDACTED: batch progress and internal diagnostics]
L003466 | [Epoch 140] [Time: 2.67]
L003467 | [Train Loss: 0.5629]
L003468 | [Train F1: 0.7597061121295023]
L003469 | [Train Acc: 0.7599538372763993]
L003470 | [Dev Loss: 1.2917]
L003471 | [Dev F1: 0.5349655708014708]
L003472 | [Dev Acc: 0.563011456628478]
L003473 | 
L003474-L003489 | [REDACTED: batch progress and internal diagnostics]
L003490 | [Epoch 141] [Time: 2.64]
L003491 | [Train Loss: 0.5684]
L003492 | [Train F1: 0.7541896065505856]
L003493 | [Train Acc: 0.7559145989613387]
L003494 | [Dev Loss: 1.3542]
L003495 | [Dev F1: 0.5041340376429458]
L003496 | [Dev Acc: 0.5204582651391162]
L003497 | 
L003498-L003513 | [REDACTED: batch progress and internal diagnostics]
L003514 | [Epoch 142] [Time: 2.71]
L003515 | [Train Loss: 0.5651]
L003516 | [Train F1: 0.7595978108291037]
L003517 | [Train Acc: 0.760530871321408]
L003518 | [Dev Loss: 1.3368]
L003519 | [Dev F1: 0.5415702499351601]
L003520 | [Dev Acc: 0.5662847790507365]
L003521 | 
L003522-L003537 | [REDACTED: batch progress and internal diagnostics]
L003538 | [Epoch 143] [Time: 2.71]
L003539 | [Train Loss: 0.5598]
L003540 | [Train F1: 0.7646542985815648]
L003541 | [Train Acc: 0.7651471436814772]
L003542 | [Dev Loss: 1.4073]
L003543 | [Dev F1: 0.46414991456185944]
L003544 | [Dev Acc: 0.49918166939443537]
L003545 | 
L003546-L003561 | [REDACTED: batch progress and internal diagnostics]
L003562 | [Epoch 144] [Time: 2.65]
L003563 | [Train Loss: 0.5543]
L003564 | [Train F1: 0.7578432352007312]
L003565 | [Train Acc: 0.760530871321408]
L003566 | [Dev Loss: 1.4415]
L003567 | [Dev F1: 0.5409008651850924]
L003568 | [Dev Acc: 0.5662847790507365]
L003569 | 
L003570-L003585 | [REDACTED: batch progress and internal diagnostics]
L003586 | [Epoch 145] [Time: 2.69]
L003587 | [Train Loss: 0.5425]
L003588 | [Train F1: 0.7694448033807038]
L003589 | [Train Acc: 0.7705327947682247]
L003590 | [Dev Loss: 1.3414]
L003591 | [Dev F1: 0.4989668185231091]
L003592 | [Dev Acc: 0.5286415711947627]
L003593 | 
L003594-L003609 | [REDACTED: batch progress and internal diagnostics]
L003610 | [Epoch 146] [Time: 2.79]
L003611 | [Train Loss: 0.5333]
L003612 | [Train F1: 0.7722108991357051]
L003613 | [Train Acc: 0.7728409309482592]
L003614 | [Dev Loss: 1.3177]
L003615 | [Dev F1: 0.5072030117890773]
L003616 | [Dev Acc: 0.530278232405892]
L003617 | 
L003618-L003633 | [REDACTED: batch progress and internal diagnostics]
L003634 | [Epoch 147] [Time: 2.72]
L003635 | [Train Loss: 0.5162]
L003636 | [Train F1: 0.7803231941144614]
L003637 | [Train Acc: 0.7816887863050587]
L003638 | [Dev Loss: 1.4111]
L003639 | [Dev F1: 0.5198280683799759]
L003640 | [Dev Acc: 0.5400981996726678]
L003641 | 
L003642-L003657 | [REDACTED: batch progress and internal diagnostics]
L003658 | [Epoch 148] [Time: 2.70]
L003659 | [Train Loss: 0.5137]
L003660 | [Train F1: 0.7802608093681855]
L003661 | [Train Acc: 0.7816887863050587]
L003662 | [Dev Loss: 1.4734]
L003663 | [Dev F1: 0.5098808125961845]
L003664 | [Dev Acc: 0.5335515548281505]
L003665 | 
L003666-L003681 | [REDACTED: batch progress and internal diagnostics]
L003682 | [Epoch 149] [Time: 2.76]
L003683 | [Train Loss: 0.5051]
L003684 | [Train F1: 0.7817745655263334]
L003685 | [Train Acc: 0.7816887863050587]
L003686 | [Dev Loss: 1.5427]
L003687 | [Dev F1: 0.5133025348787269]
L003688 | [Dev Acc: 0.5400981996726678]
L003689 | Last model
L003690 |               precision    recall  f1-score   support
L003691 | 
L003692 |          hap     0.5888    0.4375    0.5020       144
L003693 |          sad     0.7870    0.6939    0.7375       245
L003694 |          neu     0.6073    0.5234    0.5622       384
L003695 |          ang     0.5860    0.6412    0.6124       170
L003696 |          exc     0.7066    0.8294    0.7631       299
L003697 |          fru     0.5301    0.6010    0.5633       381
L003698 | 
L003699 |     accuracy                         0.6285      1623
L003700 |    macro avg     0.6343    0.6211    0.6234      1623
L003701 | weighted avg     0.6307    0.6285    0.6259      1623
L003702 | 
L003703 | Best model at epoch: 128
L003704 | Best dev F1: 0.5491703640772759
L003705 |               precision    recall  f1-score   support
L003706 | 
L003707 |          hap     0.5856    0.4514    0.5098       144
L003708 |          sad     0.7851    0.7306    0.7569       245
L003709 |          neu     0.6347    0.5339    0.5799       384
L003710 |          ang     0.6984    0.5176    0.5946       170
L003711 |          exc     0.6969    0.8227    0.7546       299
L003712 |          fru     0.5290    0.6693    0.5910       381
L003713 | 
L003714 |     accuracy                         0.6396      1623
L003715 |    macro avg     0.6549    0.6209    0.6311      1623
L003716 | weighted avg     0.6464    0.6396    0.6367      1623
L003717 | 
L003718 | Best test F1: 0.6367195681555081
L003719 | Best test Acc: 0.6395563770794824
L003720 | [SANITIZED] Saved checkpoint: [path and filename removed]
