# Redacted copy of an existing run log.
# run_id: G05-seed1
# dataset: IEMOCAP
# model: GCNet+AMBER
# imr: (0.7,0.3,0.5)
# seed_alias: seed1
# original_log_sha256: 67ee0c43288baef9e2e98b7497d3ed2f49a32c579e060d6fbe7f66cf122919a7
# source_record_status: ok
# source_record_process_return_code: 3221226505
# L numbers refer to source logical lines; REDACTED/SANITIZED text is editorial.
L000001-L000005 | [REDACTED: configuration or implementation details]
L000006 | [SANITIZED] FutureWarning: [dependency deprecation notice; implementation details removed]
L000007-L000068 | [REDACTED: configuration or implementation details]
L000069 | [SANITIZED] Seed alias: seed1
L000070 | [REDACTED: configuration or implementation details]
L000071 | 
L000072-L000073 | [REDACTED: batch progress and internal diagnostics]
L000074 | 
L000075-L000076 | [REDACTED: batch progress and internal diagnostics]
L000077 | 
L000078-L000079 | [REDACTED: batch progress and internal diagnostics]
L000080-L000083 | [REDACTED: configuration or implementation details]
L000084 | [SANITIZED] Seed alias: seed1
L000085-L000088 | [REDACTED: configuration or implementation details]
L000089 | 
L000090-L000105 | [REDACTED: batch progress and internal diagnostics]
L000106 | [Epoch 0] [Time: 3.22]
L000107 | [Train Loss: 1.6775]
L000108 | [Train F1: 0.3214652414520967]
L000109 | [Train Acc: 0.35526062704366224]
L000110 | [Dev Loss: 1.587]
L000111 | [Dev F1: 0.25093575189045786]
L000112 | [Dev Acc: 0.3862520458265139]
L000113 | 
L000114-L000129 | [REDACTED: batch progress and internal diagnostics]
L000130 | [Epoch 1] [Time: 2.89]
L000131 | [Train Loss: 1.3863]
L000132 | [Train F1: 0.4079933183811795]
L000133 | [Train Acc: 0.4783612233121754]
L000134 | [Dev Loss: 1.4181]
L000135 | [Dev F1: 0.2712556022766441]
L000136 | [Dev Acc: 0.41243862520458263]
L000137 | 
L000138-L000153 | [REDACTED: batch progress and internal diagnostics]
L000154 | [Epoch 2] [Time: 2.89]
L000155 | [Train Loss: 1.2361]
L000156 | [Train F1: 0.43434085834061154]
L000157 | [Train Acc: 0.4893248701673399]
L000158 | [Dev Loss: 1.3733]
L000159 | [Dev F1: 0.2990466441053337]
L000160 | [Dev Acc: 0.4238952536824877]
L000161 | 
L000162-L000177 | [REDACTED: batch progress and internal diagnostics]
L000178 | [Epoch 3] [Time: 2.68]
L000179 | [Train Loss: 1.2088]
L000180 | [Train F1: 0.4564657457920711]
L000181 | [Train Acc: 0.5016349297941912]
L000182 | [Dev Loss: 1.3904]
L000183 | [Dev F1: 0.3322157637616562]
L000184 | [Dev Acc: 0.3649754500818331]
L000185 | 
L000186-L000201 | [REDACTED: batch progress and internal diagnostics]
L000202 | [Epoch 4] [Time: 2.82]
L000203 | [Train Loss: 1.1629]
L000204 | [Train F1: 0.4935048080767464]
L000205 | [Train Acc: 0.5199076745527986]
L000206 | [Dev Loss: 1.313]
L000207 | [Dev F1: 0.2764436028598455]
L000208 | [Dev Acc: 0.41407528641571195]
L000209 | 
L000210-L000225 | [REDACTED: batch progress and internal diagnostics]
L000226 | [Epoch 5] [Time: 2.84]
L000227 | [Train Loss: 1.1162]
L000228 | [Train F1: 0.5023564837852199]
L000229 | [Train Acc: 0.5245239469128679]
L000230 | [Dev Loss: 1.3407]
L000231 | [Dev F1: 0.37525416321383415]
L000232 | [Dev Acc: 0.4369885433715221]
L000233 | 
L000234-L000249 | [REDACTED: batch progress and internal diagnostics]
L000250 | [Epoch 6] [Time: 2.82]
L000251 | [Train Loss: 1.1125]
L000252 | [Train F1: 0.5056856799138414]
L000253 | [Train Acc: 0.5210617426428159]
L000254 | [Dev Loss: 1.2855]
L000255 | [Dev F1: 0.3002090234955862]
L000256 | [Dev Acc: 0.425531914893617]
L000257 | 
L000258-L000273 | [REDACTED: batch progress and internal diagnostics]
L000274 | [Epoch 7] [Time: 2.91]
L000275 | [Train Loss: 1.0945]
L000276 | [Train F1: 0.5024516935691545]
L000277 | [Train Acc: 0.5331794575879977]
L000278 | [Dev Loss: 1.2546]
L000279 | [Dev F1: 0.3897159853390197]
L000280 | [Dev Acc: 0.44353518821603927]
L000281 | 
L000282-L000297 | [REDACTED: batch progress and internal diagnostics]
L000298 | [Epoch 8] [Time: 2.67]
L000299 | [Train Loss: 1.056]
L000300 | [Train F1: 0.5317432721080371]
L000301 | [Train Acc: 0.5460665512598577]
L000302 | [Dev Loss: 1.3389]
L000303 | [Dev F1: 0.3762943674783266]
L000304 | [Dev Acc: 0.40425531914893614]
L000305 | 
L000306-L000321 | [REDACTED: batch progress and internal diagnostics]
L000322 | [Epoch 9] [Time: 2.57]
L000323 | [Train Loss: 1.0466]
L000324 | [Train F1: 0.5506691750214323]
L000325 | [Train Acc: 0.560492402385074]
L000326 | [Dev Loss: 1.2557]
L000327 | [Dev F1: 0.3873211478839735]
L000328 | [Dev Acc: 0.425531914893617]
L000329 | 
L000330-L000345 | [REDACTED: batch progress and internal diagnostics]
L000346 | [Epoch 10] [Time: 2.70]
L000347 | [Train Loss: 1.0509]
L000348 | [Train F1: 0.5586797414090713]
L000349 | [Train Acc: 0.5685708790151952]
L000350 | [Dev Loss: 1.3076]
L000351 | [Dev F1: 0.3782330049583916]
L000352 | [Dev Acc: 0.4320785597381342]
L000353 | 
L000354-L000369 | [REDACTED: batch progress and internal diagnostics]
L000370 | [Epoch 11] [Time: 2.81]
L000371 | [Train Loss: 1.0387]
L000372 | [Train F1: 0.5691677447902694]
L000373 | [Train Acc: 0.582804385458742]
L000374 | [Dev Loss: 1.2461]
L000375 | [Dev F1: 0.41571446090906283]
L000376 | [Dev Acc: 0.45171849427168576]
L000377 | 
L000378-L000393 | [REDACTED: batch progress and internal diagnostics]
L000394 | [Epoch 12] [Time: 2.82]
L000395 | [Train Loss: 1.0079]
L000396 | [Train F1: 0.5759099917259057]
L000397 | [Train Acc: 0.5831890748220812]
L000398 | [Dev Loss: 1.2287]
L000399 | [Dev F1: 0.44171964410668724]
L000400 | [Dev Acc: 0.45499181669394434]
L000401 | 
L000402-L000417 | [REDACTED: batch progress and internal diagnostics]
L000418 | [Epoch 13] [Time: 2.86]
L000419 | [Train Loss: 0.9922]
L000420 | [Train F1: 0.5870582277698113]
L000421 | [Train Acc: 0.5920369301788806]
L000422 | [Dev Loss: 1.2693]
L000423 | [Dev F1: 0.4049484173711867]
L000424 | [Dev Acc: 0.4402618657937807]
L000425 | 
L000426-L000441 | [REDACTED: batch progress and internal diagnostics]
L000442 | [Epoch 14] [Time: 2.78]
L000443 | [Train Loss: 0.9817]
L000444 | [Train F1: 0.581516570755051]
L000445 | [Train Acc: 0.5954991344489324]
L000446 | [Dev Loss: 1.2877]
L000447 | [Dev F1: 0.36292121703673835]
L000448 | [Dev Acc: 0.397708674304419]
L000449 | 
L000450-L000465 | [REDACTED: batch progress and internal diagnostics]
L000466 | [Epoch 15] [Time: 2.87]
L000467 | [Train Loss: 0.9854]
L000468 | [Train F1: 0.5864509570170432]
L000469 | [Train Acc: 0.5928063089055587]
L000470 | [Dev Loss: 1.1984]
L000471 | [Dev F1: 0.4207804452628753]
L000472 | [Dev Acc: 0.46153846153846156]
L000473 | 
L000474-L000489 | [REDACTED: batch progress and internal diagnostics]
L000490 | [Epoch 16] [Time: 2.82]
L000491 | [Train Loss: 0.9768]
L000492 | [Train F1: 0.581432542091171]
L000493 | [Train Acc: 0.593960376995576]
L000494 | [Dev Loss: 1.2354]
L000495 | [Dev F1: 0.4416345524099929]
L000496 | [Dev Acc: 0.4500818330605565]
L000497 | 
L000498-L000513 | [REDACTED: batch progress and internal diagnostics]
L000514 | [Epoch 17] [Time: 2.88]
L000515 | [Train Loss: 0.9532]
L000516 | [Train F1: 0.6052767636469918]
L000517 | [Train Acc: 0.6083862281207925]
L000518 | [Dev Loss: 1.2413]
L000519 | [Dev F1: 0.43690316765245996]
L000520 | [Dev Acc: 0.44680851063829785]
L000521 | 
L000522-L000537 | [REDACTED: batch progress and internal diagnostics]
L000538 | [Epoch 18] [Time: 2.82]
L000539 | [Train Loss: 0.9341]
L000540 | [Train F1: 0.606280279392565]
L000541 | [Train Acc: 0.6139642238892095]
L000542 | [Dev Loss: 1.266]
L000543 | [Dev F1: 0.433269830509631]
L000544 | [Dev Acc: 0.4533551554828151]
L000545 | 
L000546-L000561 | [REDACTED: batch progress and internal diagnostics]
L000562 | [Epoch 19] [Time: 2.74]
L000563 | [Train Loss: 0.9284]
L000564 | [Train F1: 0.6080948393884968]
L000565 | [Train Acc: 0.6143489132525486]
L000566 | [Dev Loss: 1.3436]
L000567 | [Dev F1: 0.4004347081444755]
L000568 | [Dev Acc: 0.4386252045826514]
L000569 | 
L000570-L000585 | [REDACTED: batch progress and internal diagnostics]
L000586 | [Epoch 20] [Time: 2.92]
L000587 | [Train Loss: 0.9327]
L000588 | [Train F1: 0.6094365076082011]
L000589 | [Train Acc: 0.6135795345258703]
L000590 | [Dev Loss: 1.2515]
L000591 | [Dev F1: 0.4240427051166912]
L000592 | [Dev Acc: 0.4337152209492635]
L000593 | 
L000594-L000609 | [REDACTED: batch progress and internal diagnostics]
L000610 | [Epoch 21] [Time: 2.83]
L000611 | [Train Loss: 0.9415]
L000612 | [Train F1: 0.6037956889275712]
L000613 | [Train Acc: 0.6055010578957492]
L000614 | [Dev Loss: 1.2473]
L000615 | [Dev F1: 0.4295545415088413]
L000616 | [Dev Acc: 0.4844517184942717]
L000617 | 
L000618-L000633 | [REDACTED: batch progress and internal diagnostics]
L000634 | [Epoch 22] [Time: 2.66]
L000635 | [Train Loss: 0.9248]
L000636 | [Train F1: 0.5965117090414097]
L000637 | [Train Acc: 0.6070398153491056]
L000638 | [Dev Loss: 1.2731]
L000639 | [Dev F1: 0.36817903708606126]
L000640 | [Dev Acc: 0.397708674304419]
L000641 | 
L000642-L000657 | [REDACTED: batch progress and internal diagnostics]
L000658 | [Epoch 23] [Time: 2.67]
L000659 | [Train Loss: 0.9127]
L000660 | [Train F1: 0.6133397856239334]
L000661 | [Train Acc: 0.619734564339296]
L000662 | [Dev Loss: 1.2702]
L000663 | [Dev F1: 0.4202269745821985]
L000664 | [Dev Acc: 0.4779050736497545]
L000665 | 
L000666-L000681 | [REDACTED: batch progress and internal diagnostics]
L000682 | [Epoch 24] [Time: 2.89]
L000683 | [Train Loss: 0.9012]
L000684 | [Train F1: 0.6155752750661984]
L000685 | [Train Acc: 0.6166570494325831]
L000686 | [Dev Loss: 1.2853]
L000687 | [Dev F1: 0.4100285494300699]
L000688 | [Dev Acc: 0.41080196399345337]
L000689 | 
L000690-L000705 | [REDACTED: batch progress and internal diagnostics]
L000706 | [Epoch 25] [Time: 2.87]
L000707 | [Train Loss: 0.9049]
L000708 | [Train F1: 0.604843965935335]
L000709 | [Train Acc: 0.6133871898442008]
L000710 | [Dev Loss: 1.2822]
L000711 | [Dev F1: 0.40332164438392204]
L000712 | [Dev Acc: 0.4320785597381342]
L000713 | 
L000714-L000729 | [REDACTED: batch progress and internal diagnostics]
L000730 | [Epoch 26] [Time: 2.89]
L000731 | [Train Loss: 0.893]
L000732 | [Train F1: 0.6158081815115327]
L000733 | [Train Acc: 0.6170417387959223]
L000734 | [Dev Loss: 1.2464]
L000735 | [Dev F1: 0.4376220343192563]
L000736 | [Dev Acc: 0.4451718494271686]
L000737 | 
L000738-L000753 | [REDACTED: batch progress and internal diagnostics]
L000754 | [Epoch 27] [Time: 2.71]
L000755 | [Train Loss: 0.9073]
L000756 | [Train F1: 0.6129066899797939]
L000757 | [Train Acc: 0.6203115983843047]
L000758 | [Dev Loss: 1.3395]
L000759 | [Dev F1: 0.421359509894265]
L000760 | [Dev Acc: 0.4500818330605565]
L000761 | 
L000762-L000777 | [REDACTED: batch progress and internal diagnostics]
L000778 | [Epoch 28] [Time: 2.76]
L000779 | [Train Loss: 0.9028]
L000780 | [Train F1: 0.6070590073715759]
L000781 | [Train Acc: 0.608578572802462]
L000782 | [Dev Loss: 1.1905]
L000783 | [Dev F1: 0.46015971619547263]
L000784 | [Dev Acc: 0.4909983633387889]
L000785 | 
L000786-L000801 | [REDACTED: batch progress and internal diagnostics]
L000802 | [Epoch 29] [Time: 2.97]
L000803 | [Train Loss: 0.9057]
L000804 | [Train F1: 0.6095124537668087]
L000805 | [Train Acc: 0.6187728409309483]
L000806 | [Dev Loss: 1.2963]
L000807 | [Dev F1: 0.4062875539306779]
L000808 | [Dev Acc: 0.4386252045826514]
L000809 | 
L000810-L000825 | [REDACTED: batch progress and internal diagnostics]
L000826 | [Epoch 30] [Time: 2.81]
L000827 | [Train Loss: 0.8871]
L000828 | [Train F1: 0.6171347546184615]
L000829 | [Train Acc: 0.6201192537026351]
L000830 | [Dev Loss: 1.2626]
L000831 | [Dev F1: 0.4352226587313837]
L000832 | [Dev Acc: 0.45499181669394434]
L000833 | 
L000834-L000849 | [REDACTED: batch progress and internal diagnostics]
L000850 | [Epoch 31] [Time: 2.83]
L000851 | [Train Loss: 0.875]
L000852 | [Train F1: 0.6193355153350596]
L000853 | [Train Acc: 0.6237738026543566]
L000854 | [Dev Loss: 1.2131]
L000855 | [Dev F1: 0.44914942027928817]
L000856 | [Dev Acc: 0.4909983633387889]
L000857 | 
L000858-L000873 | [REDACTED: batch progress and internal diagnostics]
L000874 | [Epoch 32] [Time: 2.81]
L000875 | [Train Loss: 0.8648]
L000876 | [Train F1: 0.6248162077614654]
L000877 | [Train Acc: 0.6268513175610695]
L000878 | [Dev Loss: 1.2615]
L000879 | [Dev F1: 0.44423933190817383]
L000880 | [Dev Acc: 0.4582651391162029]
L000881 | 
L000882-L000897 | [REDACTED: batch progress and internal diagnostics]
L000898 | [Epoch 33] [Time: 2.78]
L000899 | [Train Loss: 0.8597]
L000900 | [Train F1: 0.6217416734810685]
L000901 | [Train Acc: 0.627043662242739]
L000902 | [Dev Loss: 1.2186]
L000903 | [Dev F1: 0.4515131253383024]
L000904 | [Dev Acc: 0.469721767594108]
L000905 | 
L000906-L000921 | [REDACTED: batch progress and internal diagnostics]
L000922 | [Epoch 34] [Time: 2.92]
L000923 | [Train Loss: 0.8567]
L000924 | [Train F1: 0.6252788736588001]
L000925 | [Train Acc: 0.6255049047893826]
L000926 | [Dev Loss: 1.2041]
L000927 | [Dev F1: 0.45396388343680744]
L000928 | [Dev Acc: 0.486088379705401]
L000929 | 
L000930-L000945 | [REDACTED: batch progress and internal diagnostics]
L000946 | [Epoch 35] [Time: 2.78]
L000947 | [Train Loss: 0.8463]
L000948 | [Train F1: 0.6249327492767025]
L000949 | [Train Acc: 0.6314675899211387]
L000950 | [Dev Loss: 1.2948]
L000951 | [Dev F1: 0.4465192198038013]
L000952 | [Dev Acc: 0.46153846153846156]
L000953 | 
L000954-L000969 | [REDACTED: batch progress and internal diagnostics]
L000970 | [Epoch 36] [Time: 2.74]
L000971 | [Train Loss: 0.8477]
L000972 | [Train F1: 0.6269109828710087]
L000973 | [Train Acc: 0.6293517984227736]
L000974 | [Dev Loss: 1.1925]
L000975 | [Dev F1: 0.45127270659861013]
L000976 | [Dev Acc: 0.4795417348608838]
L000977 | 
L000978-L000993 | [REDACTED: batch progress and internal diagnostics]
L000994 | [Epoch 37] [Time: 2.80]
L000995 | [Train Loss: 0.8528]
L000996 | [Train F1: 0.6260332126178262]
L000997 | [Train Acc: 0.6285824196960954]
L000998 | [Dev Loss: 1.2787]
L000999 | [Dev F1: 0.44066871981688815]
L001000 | [Dev Acc: 0.4533551554828151]
L001001 | 
L001002-L001017 | [REDACTED: batch progress and internal diagnostics]
L001018 | [Epoch 38] [Time: 2.80]
L001019 | [Train Loss: 0.845]
L001020 | [Train F1: 0.6299455322833664]
L001021 | [Train Acc: 0.6341604154645124]
L001022 | [Dev Loss: 1.2701]
L001023 | [Dev F1: 0.4369303790864988]
L001024 | [Dev Acc: 0.46481178396072015]
L001025 | 
L001026-L001041 | [REDACTED: batch progress and internal diagnostics]
L001042 | [Epoch 39] [Time: 2.76]
L001043 | [Train Loss: 0.8364]
L001044 | [Train F1: 0.6315390200213731]
L001045 | [Train Acc: 0.6328140026928255]
L001046 | [Dev Loss: 1.2725]
L001047 | [Dev F1: 0.4396856397671529]
L001048 | [Dev Acc: 0.469721767594108]
L001049 | 
L001050-L001065 | [REDACTED: batch progress and internal diagnostics]
L001066 | [Epoch 40] [Time: 2.70]
L001067 | [Train Loss: 0.8307]
L001068 | [Train F1: 0.6321590817480753]
L001069 | [Train Acc: 0.6370455856895557]
L001070 | [Dev Loss: 1.184]
L001071 | [Dev F1: 0.4601959696343557]
L001072 | [Dev Acc: 0.4762684124386252]
L001073 | 
L001074-L001089 | [REDACTED: batch progress and internal diagnostics]
L001090 | [Epoch 41] [Time: 2.89]
L001091 | [Train Loss: 0.8458]
L001092 | [Train F1: 0.6321681704672061]
L001093 | [Train Acc: 0.6341604154645124]
L001094 | [Dev Loss: 1.267]
L001095 | [Dev F1: 0.43635129768577247]
L001096 | [Dev Acc: 0.46153846153846156]
L001097 | 
L001098-L001113 | [REDACTED: batch progress and internal diagnostics]
L001114 | [Epoch 42] [Time: 2.69]
L001115 | [Train Loss: 0.8499]
L001116 | [Train F1: 0.6246437719632151]
L001117 | [Train Acc: 0.6285824196960954]
L001118 | [Dev Loss: 1.1901]
L001119 | [Dev F1: 0.4556668109215298]
L001120 | [Dev Acc: 0.49427168576104746]
L001121 | 
L001122-L001137 | [REDACTED: batch progress and internal diagnostics]
L001138 | [Epoch 43] [Time: 2.93]
L001139 | [Train Loss: 0.8507]
L001140 | [Train F1: 0.6205539941186414]
L001141 | [Train Acc: 0.6226197345643393]
L001142 | [Dev Loss: 1.2625]
L001143 | [Dev F1: 0.4630890139449759]
L001144 | [Dev Acc: 0.48936170212765956]
L001145 | 
L001146-L001161 | [REDACTED: batch progress and internal diagnostics]
L001162 | [Epoch 44] [Time: 2.84]
L001163 | [Train Loss: 0.8512]
L001164 | [Train F1: 0.6194588983420376]
L001165 | [Train Acc: 0.6230044239276784]
L001166 | [Dev Loss: 1.2505]
L001167 | [Dev F1: 0.40211938405093883]
L001168 | [Dev Acc: 0.4206219312602291]
L001169 | 
L001170-L001185 | [REDACTED: batch progress and internal diagnostics]
L001186 | [Epoch 45] [Time: 2.79]
L001187 | [Train Loss: 0.8488]
L001188 | [Train F1: 0.6209626202068279]
L001189 | [Train Acc: 0.625312560107713]
L001190 | [Dev Loss: 1.2549]
L001191 | [Dev F1: 0.4661533460709954]
L001192 | [Dev Acc: 0.5040916530278232]
L001193 | 
L001194-L001209 | [REDACTED: batch progress and internal diagnostics]
L001210 | [Epoch 46] [Time: 2.73]
L001211 | [Train Loss: 0.8357]
L001212 | [Train F1: 0.6309334270337643]
L001213 | [Train Acc: 0.6330063473744951]
L001214 | [Dev Loss: 1.1816]
L001215 | [Dev F1: 0.4822021269813893]
L001216 | [Dev Acc: 0.5008183306055647]
L001217 | 
L001218-L001233 | [REDACTED: batch progress and internal diagnostics]
L001234 | [Epoch 47] [Time: 2.70]
L001235 | [Train Loss: 0.8309]
L001236 | [Train F1: 0.631050651254978]
L001237 | [Train Acc: 0.6355068282361993]
L001238 | [Dev Loss: 1.2896]
L001239 | [Dev F1: 0.4262493000658971]
L001240 | [Dev Acc: 0.46153846153846156]
L001241 | 
L001242-L001257 | [REDACTED: batch progress and internal diagnostics]
L001258 | [Epoch 48] [Time: 2.75]
L001259 | [Train Loss: 0.8254]
L001260 | [Train F1: 0.6323401495375904]
L001261 | [Train Acc: 0.6349297941911907]
L001262 | [Dev Loss: 1.2382]
L001263 | [Dev F1: 0.4592048448474805]
L001264 | [Dev Acc: 0.5057283142389526]
L001265 | 
L001266-L001281 | [REDACTED: batch progress and internal diagnostics]
L001282 | [Epoch 49] [Time: 2.79]
L001283 | [Train Loss: 0.8204]
L001284 | [Train F1: 0.6352547751067215]
L001285 | [Train Acc: 0.6393537218695903]
L001286 | [Dev Loss: 1.2207]
L001287 | [Dev F1: 0.47246803194242465]
L001288 | [Dev Acc: 0.48936170212765956]
L001289 | 
L001290-L001305 | [REDACTED: batch progress and internal diagnostics]
L001306 | [Epoch 50] [Time: 2.63]
L001307 | [Train Loss: 0.8108]
L001308 | [Train F1: 0.6298911172034747]
L001309 | [Train Acc: 0.6328140026928255]
L001310 | [Dev Loss: 1.2165]
L001311 | [Dev F1: 0.46603762360396955]
L001312 | [Dev Acc: 0.49263502454991814]
L001313 | 
L001314-L001329 | [REDACTED: batch progress and internal diagnostics]
L001330 | [Epoch 51] [Time: 2.84]
L001331 | [Train Loss: 0.8087]
L001332 | [Train F1: 0.644861362102899]
L001333 | [Train Acc: 0.6489709559530679]
L001334 | [Dev Loss: 1.2263]
L001335 | [Dev F1: 0.4589009372697907]
L001336 | [Dev Acc: 0.4795417348608838]
L001337 | 
L001338-L001353 | [REDACTED: batch progress and internal diagnostics]
L001354 | [Epoch 52] [Time: 2.68]
L001355 | [Train Loss: 0.8009]
L001356 | [Train F1: 0.6432684422303665]
L001357 | [Train Acc: 0.6464704750913637]
L001358 | [Dev Loss: 1.1875]
L001359 | [Dev F1: 0.4715951075937534]
L001360 | [Dev Acc: 0.49754500818330605]
L001361 | 
L001362-L001377 | [REDACTED: batch progress and internal diagnostics]
L001378 | [Epoch 53] [Time: 2.71]
L001379 | [Train Loss: 0.7984]
L001380 | [Train F1: 0.6479059750848319]
L001381 | [Train Acc: 0.6524331602231198]
L001382 | [Dev Loss: 1.2831]
L001383 | [Dev F1: 0.44856889972011676]
L001384 | [Dev Acc: 0.4795417348608838]
L001385 | 
L001386-L001401 | [REDACTED: batch progress and internal diagnostics]
L001402 | [Epoch 54] [Time: 2.72]
L001403 | [Train Loss: 0.7935]
L001404 | [Train F1: 0.6525030011114245]
L001405 | [Train Acc: 0.6535872283131371]
L001406 | [Dev Loss: 1.2635]
L001407 | [Dev F1: 0.44778571169540565]
L001408 | [Dev Acc: 0.46808510638297873]
L001409 | 
L001410-L001425 | [REDACTED: batch progress and internal diagnostics]
L001426 | [Epoch 55] [Time: 2.64]
L001427 | [Train Loss: 0.8094]
L001428 | [Train F1: 0.6391652303762689]
L001429 | [Train Acc: 0.64377764954799]
L001430 | [Dev Loss: 1.3318]
L001431 | [Dev F1: 0.446051073724061]
L001432 | [Dev Acc: 0.47299509001636664]
L001433 | 
L001434-L001449 | [REDACTED: batch progress and internal diagnostics]
L001450 | [Epoch 56] [Time: 2.79]
L001451 | [Train Loss: 0.7912]
L001452 | [Train F1: 0.6485978756365245]
L001453 | [Train Acc: 0.651471436814772]
L001454 | [Dev Loss: 1.152]
L001455 | [Dev F1: 0.47333060366057766]
L001456 | [Dev Acc: 0.49918166939443537]
L001457 | 
L001458-L001473 | [REDACTED: batch progress and internal diagnostics]
L001474 | [Epoch 57] [Time: 2.67]
L001475 | [Train Loss: 0.8172]
L001476 | [Train F1: 0.6440590765097746]
L001477 | [Train Acc: 0.6470475091363724]
L001478 | [Dev Loss: 1.2129]
L001479 | [Dev F1: 0.47037113419973836]
L001480 | [Dev Acc: 0.502454991816694]
L001481 | 
L001482-L001497 | [REDACTED: batch progress and internal diagnostics]
L001498 | [Epoch 58] [Time: 2.74]
L001499 | [Train Loss: 0.8186]
L001500 | [Train F1: 0.635041475902104]
L001501 | [Train Acc: 0.6372379303712252]
L001502 | [Dev Loss: 1.3115]
L001503 | [Dev F1: 0.4301262029492838]
L001504 | [Dev Acc: 0.44680851063829785]
L001505 | 
L001506-L001521 | [REDACTED: batch progress and internal diagnostics]
L001522 | [Epoch 59] [Time: 2.99]
L001523 | [Train Loss: 0.8205]
L001524 | [Train F1: 0.638807885934891]
L001525 | [Train Acc: 0.6433929601846509]
L001526 | [Dev Loss: 1.3541]
L001527 | [Dev F1: 0.4018267986930735]
L001528 | [Dev Acc: 0.41734860883797054]
L001529 | 
L001530-L001545 | [REDACTED: batch progress and internal diagnostics]
L001546 | [Epoch 60] [Time: 2.71]
L001547 | [Train Loss: 0.8383]
L001548 | [Train F1: 0.6294796832853851]
L001549 | [Train Acc: 0.630505866512791]
L001550 | [Dev Loss: 1.1738]
L001551 | [Dev F1: 0.46859636657656084]
L001552 | [Dev Acc: 0.5057283142389526]
L001553 | 
L001554-L001569 | [REDACTED: batch progress and internal diagnostics]
L001570 | [Epoch 61] [Time: 2.80]
L001571 | [Train Loss: 0.8079]
L001572 | [Train F1: 0.6419420615197664]
L001573 | [Train Acc: 0.6478168878630506]
L001574 | [Dev Loss: 1.1822]
L001575 | [Dev F1: 0.47172102468721594]
L001576 | [Dev Acc: 0.5090016366612111]
L001577 | 
L001578-L001593 | [REDACTED: batch progress and internal diagnostics]
L001594 | [Epoch 62] [Time: 2.96]
L001595 | [Train Loss: 0.8072]
L001596 | [Train F1: 0.6418449423094758]
L001597 | [Train Acc: 0.6451240623196769]
L001598 | [Dev Loss: 1.251]
L001599 | [Dev F1: 0.4493724379521267]
L001600 | [Dev Acc: 0.4533551554828151]
L001601 | 
L001602-L001617 | [REDACTED: batch progress and internal diagnostics]
L001618 | [Epoch 63] [Time: 2.85]
L001619 | [Train Loss: 0.7944]
L001620 | [Train F1: 0.6483637596698834]
L001621 | [Train Acc: 0.6524331602231198]
L001622 | [Dev Loss: 1.2413]
L001623 | [Dev F1: 0.4615177484662126]
L001624 | [Dev Acc: 0.502454991816694]
L001625 | 
L001626-L001641 | [REDACTED: batch progress and internal diagnostics]
L001642 | [Epoch 64] [Time: 2.80]
L001643 | [Train Loss: 0.7926]
L001644 | [Train F1: 0.6461114062231136]
L001645 | [Train Acc: 0.6478168878630506]
L001646 | [Dev Loss: 1.218]
L001647 | [Dev F1: 0.46926468129825694]
L001648 | [Dev Acc: 0.5040916530278232]
L001649 | 
L001650-L001665 | [REDACTED: batch progress and internal diagnostics]
L001666 | [Epoch 65] [Time: 2.78]
L001667 | [Train Loss: 0.7863]
L001668 | [Train F1: 0.6466318110356603]
L001669 | [Train Acc: 0.651086747451433]
L001670 | [Dev Loss: 1.2544]
L001671 | [Dev F1: 0.4545527735562463]
L001672 | [Dev Acc: 0.4877250409165303]
L001673 | 
L001674-L001689 | [REDACTED: batch progress and internal diagnostics]
L001690 | [Epoch 66] [Time: 2.80]
L001691 | [Train Loss: 0.7886]
L001692 | [Train F1: 0.6447556667916886]
L001693 | [Train Acc: 0.6460857857280247]
L001694 | [Dev Loss: 1.2604]
L001695 | [Dev F1: 0.46979066073306436]
L001696 | [Dev Acc: 0.49427168576104746]
L001697 | 
L001698-L001713 | [REDACTED: batch progress and internal diagnostics]
L001714 | [Epoch 67] [Time: 2.89]
L001715 | [Train Loss: 0.781]
L001716 | [Train F1: 0.6425512766097223]
L001717 | [Train Acc: 0.6470475091363724]
L001718 | [Dev Loss: 1.19]
L001719 | [Dev F1: 0.4474676290175239]
L001720 | [Dev Acc: 0.4746317512274959]
L001721 | 
L001722-L001737 | [REDACTED: batch progress and internal diagnostics]
L001738 | [Epoch 68] [Time: 2.76]
L001739 | [Train Loss: 0.7884]
L001740 | [Train F1: 0.6539188144285675]
L001741 | [Train Acc: 0.6547412964031545]
L001742 | [Dev Loss: 1.2697]
L001743 | [Dev F1: 0.46349385349565286]
L001744 | [Dev Acc: 0.4828150572831424]
L001745 | 
L001746-L001761 | [REDACTED: batch progress and internal diagnostics]
L001762 | [Epoch 69] [Time: 2.84]
L001763 | [Train Loss: 0.7761]
L001764 | [Train F1: 0.6501512769299508]
L001765 | [Train Acc: 0.6547412964031545]
L001766 | [Dev Loss: 1.2259]
L001767 | [Dev F1: 0.4540367687072605]
L001768 | [Dev Acc: 0.469721767594108]
L001769 | 
L001770-L001785 | [REDACTED: batch progress and internal diagnostics]
L001786 | [Epoch 70] [Time: 2.88]
L001787 | [Train Loss: 0.7805]
L001788 | [Train F1: 0.6511680817585621]
L001789 | [Train Acc: 0.6533948836314676]
L001790 | [Dev Loss: 1.1881]
L001791 | [Dev F1: 0.48331444678874325]
L001792 | [Dev Acc: 0.5057283142389526]
L001793 | 
L001794-L001809 | [REDACTED: batch progress and internal diagnostics]
L001810 | [Epoch 71] [Time: 2.72]
L001811 | [Train Loss: 0.7818]
L001812 | [Train F1: 0.6511873615667391]
L001813 | [Train Acc: 0.6543566070398154]
L001814 | [Dev Loss: 1.2913]
L001815 | [Dev F1: 0.46334324173331953]
L001816 | [Dev Acc: 0.4779050736497545]
L001817 | 
L001818-L001833 | [REDACTED: batch progress and internal diagnostics]
L001834 | [Epoch 72] [Time: 2.63]
L001835 | [Train Loss: 0.7657]
L001836 | [Train F1: 0.657420394879781]
L001837 | [Train Acc: 0.6593575687632237]
L001838 | [Dev Loss: 1.1848]
L001839 | [Dev F1: 0.46257890636312815]
L001840 | [Dev Acc: 0.4762684124386252]
L001841 | 
L001842-L001857 | [REDACTED: batch progress and internal diagnostics]
L001858 | [Epoch 73] [Time: 2.81]
L001859 | [Train Loss: 0.7744]
L001860 | [Train F1: 0.6574054481009459]
L001861 | [Train Acc: 0.6597422581265628]
L001862 | [Dev Loss: 1.1803]
L001863 | [Dev F1: 0.4884570125589461]
L001864 | [Dev Acc: 0.5106382978723404]
L001865 | 
L001866-L001881 | [REDACTED: batch progress and internal diagnostics]
L001882 | [Epoch 74] [Time: 2.85]
L001883 | [Train Loss: 0.7671]
L001884 | [Train F1: 0.6639129400330314]
L001885 | [Train Acc: 0.6662819773033276]
L001886 | [Dev Loss: 1.1914]
L001887 | [Dev F1: 0.4944990445308229]
L001888 | [Dev Acc: 0.513911620294599]
L001889 | 
L001890-L001905 | [REDACTED: batch progress and internal diagnostics]
L001906 | [Epoch 75] [Time: 2.89]
L001907 | [Train Loss: 0.7679]
L001908 | [Train F1: 0.6687496273842666]
L001909 | [Train Acc: 0.6705135603000577]
L001910 | [Dev Loss: 1.278]
L001911 | [Dev F1: 0.4426887091426382]
L001912 | [Dev Acc: 0.4533551554828151]
L001913 | 
L001914-L001929 | [REDACTED: batch progress and internal diagnostics]
L001930 | [Epoch 76] [Time: 2.87]
L001931 | [Train Loss: 0.7591]
L001932 | [Train F1: 0.6671671309184436]
L001933 | [Train Acc: 0.6687824581650318]
L001934 | [Dev Loss: 1.234]
L001935 | [Dev F1: 0.4644058213578335]
L001936 | [Dev Acc: 0.49754500818330605]
L001937 | 
L001938-L001953 | [REDACTED: batch progress and internal diagnostics]
L001954 | [Epoch 77] [Time: 2.69]
L001955 | [Train Loss: 0.7596]
L001956 | [Train F1: 0.668590609536079]
L001957 | [Train Acc: 0.6720523177534141]
L001958 | [Dev Loss: 1.2157]
L001959 | [Dev F1: 0.46900176542563055]
L001960 | [Dev Acc: 0.4909983633387889]
L001961 | 
L001962-L001977 | [REDACTED: batch progress and internal diagnostics]
L001978 | [Epoch 78] [Time: 2.67]
L001979 | [Train Loss: 0.7602]
L001980 | [Train F1: 0.6662224725923958]
L001981 | [Train Acc: 0.6672437007116753]
L001982 | [Dev Loss: 1.236]
L001983 | [Dev F1: 0.46826922586860226]
L001984 | [Dev Acc: 0.49263502454991814]
L001985 | 
L001986-L002001 | [REDACTED: batch progress and internal diagnostics]
L002002 | [Epoch 79] [Time: 2.78]
L002003 | [Train Loss: 0.7638]
L002004 | [Train F1: 0.6636625307490402]
L002005 | [Train Acc: 0.667820734756684]
L002006 | [Dev Loss: 1.211]
L002007 | [Dev F1: 0.46837410396912277]
L002008 | [Dev Acc: 0.4779050736497545]
L002009 | 
L002010-L002025 | [REDACTED: batch progress and internal diagnostics]
L002026 | [Epoch 80] [Time: 2.69]
L002027 | [Train Loss: 0.7544]
L002028 | [Train F1: 0.6704726902984852]
L002029 | [Train Acc: 0.6720523177534141]
L002030 | [Dev Loss: 1.2585]
L002031 | [Dev F1: 0.4517630756998512]
L002032 | [Dev Acc: 0.469721767594108]
L002033 | 
L002034-L002049 | [REDACTED: batch progress and internal diagnostics]
L002050 | [Epoch 81] [Time: 2.86]
L002051 | [Train Loss: 0.7468]
L002052 | [Train F1: 0.674149924532001]
L002053 | [Train Acc: 0.676860934795153]
L002054 | [Dev Loss: 1.256]
L002055 | [Dev F1: 0.452038401281206]
L002056 | [Dev Acc: 0.46808510638297873]
L002057 | 
L002058-L002073 | [REDACTED: batch progress and internal diagnostics]
L002074 | [Epoch 82] [Time: 2.90]
L002075 | [Train Loss: 0.743]
L002076 | [Train F1: 0.6719365443721359]
L002077 | [Train Acc: 0.67378341988844]
L002078 | [Dev Loss: 1.2352]
L002079 | [Dev F1: 0.45871885576925453]
L002080 | [Dev Acc: 0.49263502454991814]
L002081 | 
L002082-L002097 | [REDACTED: batch progress and internal diagnostics]
L002098 | [Epoch 83] [Time: 2.88]
L002099 | [Train Loss: 0.744]
L002100 | [Train F1: 0.667083048717]
L002101 | [Train Acc: 0.6689748028467013]
L002102 | [Dev Loss: 1.2162]
L002103 | [Dev F1: 0.47245230041504027]
L002104 | [Dev Acc: 0.49754500818330605]
L002105 | 
L002106-L002121 | [REDACTED: batch progress and internal diagnostics]
L002122 | [Epoch 84] [Time: 2.87]
L002123 | [Train Loss: 0.7401]
L002124 | [Train F1: 0.6695447215969594]
L002125 | [Train Acc: 0.6722446624350836]
L002126 | [Dev Loss: 1.3391]
L002127 | [Dev F1: 0.42958194036286024]
L002128 | [Dev Acc: 0.4500818330605565]
L002129 | 
L002130-L002145 | [REDACTED: batch progress and internal diagnostics]
L002146 | [Epoch 85] [Time: 2.72]
L002147 | [Train Loss: 0.7621]
L002148 | [Train F1: 0.662360209610283]
L002149 | [Train Acc: 0.6672437007116753]
L002150 | [Dev Loss: 1.2187]
L002151 | [Dev F1: 0.468480595607869]
L002152 | [Dev Acc: 0.49754500818330605]
L002153 | 
L002154-L002169 | [REDACTED: batch progress and internal diagnostics]
L002170 | [Epoch 86] [Time: 2.88]
L002171 | [Train Loss: 0.7578]
L002172 | [Train F1: 0.6640846351757371]
L002173 | [Train Acc: 0.6645508751683016]
L002174 | [Dev Loss: 1.2704]
L002175 | [Dev F1: 0.46853039613659575]
L002176 | [Dev Acc: 0.486088379705401]
L002177 | 
L002178-L002193 | [REDACTED: batch progress and internal diagnostics]
L002194 | [Epoch 87] [Time: 2.78]
L002195 | [Train Loss: 0.7436]
L002196 | [Train F1: 0.6700255945761306]
L002197 | [Train Acc: 0.6739757645701097]
L002198 | [Dev Loss: 1.2801]
L002199 | [Dev F1: 0.4424522250070861]
L002200 | [Dev Acc: 0.4533551554828151]
L002201 | 
L002202-L002217 | [REDACTED: batch progress and internal diagnostics]
L002218 | [Epoch 88] [Time: 2.73]
L002219 | [Train Loss: 0.7374]
L002220 | [Train F1: 0.6656339595138393]
L002221 | [Train Acc: 0.6662819773033276]
L002222 | [Dev Loss: 1.2282]
L002223 | [Dev F1: 0.46260483504640115]
L002224 | [Dev Acc: 0.49754500818330605]
L002225 | 
L002226-L002241 | [REDACTED: batch progress and internal diagnostics]
L002242 | [Epoch 89] [Time: 2.78]
L002243 | [Train Loss: 0.7451]
L002244 | [Train F1: 0.6700770596903909]
L002245 | [Train Acc: 0.6735910752067705]
L002246 | [Dev Loss: 1.2601]
L002247 | [Dev F1: 0.42290679474287574]
L002248 | [Dev Acc: 0.44353518821603927]
L002249 | 
L002250-L002265 | [REDACTED: batch progress and internal diagnostics]
L002266 | [Epoch 90] [Time: 2.77]
L002267 | [Train Loss: 0.7369]
L002268 | [Train F1: 0.6766390239707913]
L002269 | [Train Acc: 0.679361415656857]
L002270 | [Dev Loss: 1.2741]
L002271 | [Dev F1: 0.46092615983690605]
L002272 | [Dev Acc: 0.48117839607201307]
L002273 | 
L002274-L002289 | [REDACTED: batch progress and internal diagnostics]
L002290 | [Epoch 91] [Time: 2.73]
L002291 | [Train Loss: 0.7311]
L002292 | [Train F1: 0.6748459880633884]
L002293 | [Train Acc: 0.6774379688401616]
L002294 | [Dev Loss: 1.2355]
L002295 | [Dev F1: 0.4690975271534004]
L002296 | [Dev Acc: 0.4959083469721768]
L002297 | 
L002298-L002313 | [REDACTED: batch progress and internal diagnostics]
L002314 | [Epoch 92] [Time: 2.71]
L002315 | [Train Loss: 0.742]
L002316 | [Train F1: 0.6667260013981883]
L002317 | [Train Acc: 0.6695518368917099]
L002318 | [Dev Loss: 1.2165]
L002319 | [Dev F1: 0.44621078646280576]
L002320 | [Dev Acc: 0.45662847790507366]
L002321 | 
L002322-L002337 | [REDACTED: batch progress and internal diagnostics]
L002338 | [Epoch 93] [Time: 2.71]
L002339 | [Train Loss: 0.7349]
L002340 | [Train F1: 0.6771390427938929]
L002341 | [Train Acc: 0.6787843816118484]
L002342 | [Dev Loss: 1.2461]
L002343 | [Dev F1: 0.46233391955481046]
L002344 | [Dev Acc: 0.4877250409165303]
L002345 | 
L002346-L002361 | [REDACTED: batch progress and internal diagnostics]
L002362 | [Epoch 94] [Time: 2.81]
L002363 | [Train Loss: 0.734]
L002364 | [Train F1: 0.6754506198078634]
L002365 | [Train Acc: 0.6783996922485094]
L002366 | [Dev Loss: 1.2244]
L002367 | [Dev F1: 0.45735198082598383]
L002368 | [Dev Acc: 0.49263502454991814]
L002369 | 
L002370-L002385 | [REDACTED: batch progress and internal diagnostics]
L002386 | [Epoch 95] [Time: 2.72]
L002387 | [Train Loss: 0.7229]
L002388 | [Train F1: 0.6808714999586664]
L002389 | [Train Acc: 0.6839776880169264]
L002390 | [Dev Loss: 1.2215]
L002391 | [Dev F1: 0.47009259761651767]
L002392 | [Dev Acc: 0.4877250409165303]
L002393 | 
L002394-L002409 | [REDACTED: batch progress and internal diagnostics]
L002410 | [Epoch 96] [Time: 2.78]
L002411 | [Train Loss: 0.7167]
L002412 | [Train F1: 0.6819427444260273]
L002413 | [Train Acc: 0.6837853433352568]
L002414 | [Dev Loss: 1.2914]
L002415 | [Dev F1: 0.45609479287290744]
L002416 | [Dev Acc: 0.4909983633387889]
L002417 | 
L002418-L002433 | [REDACTED: batch progress and internal diagnostics]
L002434 | [Epoch 97] [Time: 2.83]
L002435 | [Train Loss: 0.7139]
L002436 | [Train F1: 0.6903544768201905]
L002437 | [Train Acc: 0.6924408540103866]
L002438 | [Dev Loss: 1.3147]
L002439 | [Dev F1: 0.4659564979032978]
L002440 | [Dev Acc: 0.4909983633387889]
L002441 | 
L002442-L002457 | [REDACTED: batch progress and internal diagnostics]
L002458 | [Epoch 98] [Time: 2.63]
L002459 | [Train Loss: 0.6982]
L002460 | [Train F1: 0.6922489832264102]
L002461 | [Train Acc: 0.6941719561454126]
L002462 | [Dev Loss: 1.2248]
L002463 | [Dev F1: 0.46295974114399047]
L002464 | [Dev Acc: 0.4877250409165303]
L002465 | 
L002466-L002481 | [REDACTED: batch progress and internal diagnostics]
L002482 | [Epoch 99] [Time: 2.85]
L002483 | [Train Loss: 0.6966]
L002484 | [Train F1: 0.6955845224904648]
L002485 | [Train Acc: 0.6976341604154646]
L002486 | [Dev Loss: 1.3447]
L002487 | [Dev F1: 0.43814382486868403]
L002488 | [Dev Acc: 0.45990180032733224]
L002489 | 
L002490-L002505 | [REDACTED: batch progress and internal diagnostics]
L002506 | [Epoch 100] [Time: 2.78]
L002507 | [Train Loss: 0.7007]
L002508 | [Train F1: 0.6926040015209736]
L002509 | [Train Acc: 0.6930178880553952]
L002510 | [Dev Loss: 1.2527]
L002511 | [Dev F1: 0.46057603355823645]
L002512 | [Dev Acc: 0.48117839607201307]
L002513 | 
L002514-L002529 | [REDACTED: batch progress and internal diagnostics]
L002530 | [Epoch 101] [Time: 2.68]
L002531 | [Train Loss: 0.6862]
L002532 | [Train F1: 0.699981442528386]
L002533 | [Train Acc: 0.7020580880938642]
L002534 | [Dev Loss: 1.4016]
L002535 | [Dev F1: 0.44045833603114676]
L002536 | [Dev Acc: 0.469721767594108]
L002537 | 
L002538-L002553 | [REDACTED: batch progress and internal diagnostics]
L002554 | [Epoch 102] [Time: 2.73]
L002555 | [Train Loss: 0.6956]
L002556 | [Train F1: 0.6931931263751037]
L002557 | [Train Acc: 0.6947489901904212]
L002558 | [Dev Loss: 1.1723]
L002559 | [Dev F1: 0.47807540717093266]
L002560 | [Dev Acc: 0.49918166939443537]
L002561 | 
L002562-L002577 | [REDACTED: batch progress and internal diagnostics]
L002578 | [Epoch 103] [Time: 2.79]
L002579 | [Train Loss: 0.6901]
L002580 | [Train F1: 0.699885136597165]
L002581 | [Train Acc: 0.7018657434121947]
L002582 | [Dev Loss: 1.283]
L002583 | [Dev F1: 0.4560219382748262]
L002584 | [Dev Acc: 0.4762684124386252]
L002585 | 
L002586-L002601 | [REDACTED: batch progress and internal diagnostics]
L002602 | [Epoch 104] [Time: 2.84]
L002603 | [Train Loss: 0.7022]
L002604 | [Train F1: 0.6927947787433287]
L002605 | [Train Acc: 0.6924408540103866]
L002606 | [Dev Loss: 1.2495]
L002607 | [Dev F1: 0.45078252454597006]
L002608 | [Dev Acc: 0.4762684124386252]
L002609 | 
L002610-L002625 | [REDACTED: batch progress and internal diagnostics]
L002626 | [Epoch 105] [Time: 2.81]
L002627 | [Train Loss: 0.7054]
L002628 | [Train F1: 0.6920159235520278]
L002629 | [Train Acc: 0.6949413348720908]
L002630 | [Dev Loss: 1.3487]
L002631 | [Dev F1: 0.4324706248430412]
L002632 | [Dev Acc: 0.46153846153846156]
L002633 | 
L002634-L002649 | [REDACTED: batch progress and internal diagnostics]
L002650 | [Epoch 106] [Time: 2.75]
L002651 | [Train Loss: 0.6939]
L002652 | [Train F1: 0.6980307424810254]
L002653 | [Train Acc: 0.7001346412771687]
L002654 | [Dev Loss: 1.1802]
L002655 | [Dev F1: 0.4929210860221192]
L002656 | [Dev Acc: 0.5040916530278232]
L002657 | 
L002658-L002673 | [REDACTED: batch progress and internal diagnostics]
L002674 | [Epoch 107] [Time: 2.79]
L002675 | [Train Loss: 0.6829]
L002676 | [Train F1: 0.7075607023898448]
L002677 | [Train Acc: 0.7089824966339681]
L002678 | [Dev Loss: 1.3093]
L002679 | [Dev F1: 0.47501793472491793]
L002680 | [Dev Acc: 0.49754500818330605]
L002681 | 
L002682-L002697 | [REDACTED: batch progress and internal diagnostics]
L002698 | [Epoch 108] [Time: 2.64]
L002699 | [Train Loss: 0.6667]
L002700 | [Train F1: 0.7067582682399718]
L002701 | [Train Acc: 0.7084054625889594]
L002702 | [Dev Loss: 1.212]
L002703 | [Dev F1: 0.47710365294095003]
L002704 | [Dev Acc: 0.49263502454991814]
L002705 | 
L002706-L002721 | [REDACTED: batch progress and internal diagnostics]
L002722 | [Epoch 109] [Time: 2.67]
L002723 | [Train Loss: 0.6648]
L002724 | [Train F1: 0.7154473990343365]
L002725 | [Train Acc: 0.7164839392190806]
L002726 | [Dev Loss: 1.2655]
L002727 | [Dev F1: 0.4653696926368264]
L002728 | [Dev Acc: 0.4779050736497545]
L002729 | 
L002730-L002745 | [REDACTED: batch progress and internal diagnostics]
L002746 | [Epoch 110] [Time: 2.76]
L002747 | [Train Loss: 0.6658]
L002748 | [Train F1: 0.7127125086234553]
L002749 | [Train Acc: 0.7137911136757069]
L002750 | [Dev Loss: 1.2361]
L002751 | [Dev F1: 0.4939046738451879]
L002752 | [Dev Acc: 0.5237315875613748]
L002753 | 
L002754-L002769 | [REDACTED: batch progress and internal diagnostics]
L002770 | [Epoch 111] [Time: 2.69]
L002771 | [Train Loss: 0.6833]
L002772 | [Train F1: 0.7091134512041459]
L002773 | [Train Acc: 0.7126370455856895]
L002774 | [Dev Loss: 1.2431]
L002775 | [Dev F1: 0.48217564909775373]
L002776 | [Dev Acc: 0.5073649754500819]
L002777 | 
L002778-L002793 | [REDACTED: batch progress and internal diagnostics]
L002794 | [Epoch 112] [Time: 2.64]
L002795 | [Train Loss: 0.6795]
L002796 | [Train F1: 0.7079321582380655]
L002797 | [Train Acc: 0.7093671859973072]
L002798 | [Dev Loss: 1.1855]
L002799 | [Dev F1: 0.4964888796299348]
L002800 | [Dev Acc: 0.5204582651391162]
L002801 | 
L002802-L002817 | [REDACTED: batch progress and internal diagnostics]
L002818 | [Epoch 113] [Time: 2.78]
L002819 | [Train Loss: 0.66]
L002820 | [Train F1: 0.7194570635270182]
L002821 | [Train Acc: 0.7197537988074629]
L002822 | [Dev Loss: 1.2763]
L002823 | [Dev F1: 0.46467803272179814]
L002824 | [Dev Acc: 0.49427168576104746]
L002825 | 
L002826-L002841 | [REDACTED: batch progress and internal diagnostics]
L002842 | [Epoch 114] [Time: 2.73]
L002843 | [Train Loss: 0.6451]
L002844 | [Train F1: 0.725981690852645]
L002845 | [Train Acc: 0.7268705520292363]
L002846 | [Dev Loss: 1.3481]
L002847 | [Dev F1: 0.4535037283828301]
L002848 | [Dev Acc: 0.4844517184942717]
L002849 | 
L002850-L002865 | [REDACTED: batch progress and internal diagnostics]
L002866 | [Epoch 115] [Time: 2.73]
L002867 | [Train Loss: 0.6325]
L002868 | [Train F1: 0.730717621933589]
L002869 | [Train Acc: 0.7318715137526447]
L002870 | [Dev Loss: 1.3106]
L002871 | [Dev F1: 0.4593922726732622]
L002872 | [Dev Acc: 0.4877250409165303]
L002873 | 
L002874-L002889 | [REDACTED: batch progress and internal diagnostics]
L002890 | [Epoch 116] [Time: 2.72]
L002891 | [Train Loss: 0.6241]
L002892 | [Train F1: 0.7316218960616369]
L002893 | [Train Acc: 0.732640892479323]
L002894 | [Dev Loss: 1.4086]
L002895 | [Dev F1: 0.44303316926560715]
L002896 | [Dev Acc: 0.48117839607201307]
L002897 | 
L002898-L002913 | [REDACTED: batch progress and internal diagnostics]
L002914 | [Epoch 117] [Time: 2.75]
L002915 | [Train Loss: 0.6189]
L002916 | [Train F1: 0.7374455342193337]
L002917 | [Train Acc: 0.7384112329294095]
L002918 | [Dev Loss: 1.2447]
L002919 | [Dev F1: 0.5152536710476368]
L002920 | [Dev Acc: 0.5220949263502455]
L002921 | 
L002922-L002937 | [REDACTED: batch progress and internal diagnostics]
L002938 | [Epoch 118] [Time: 2.74]
L002939 | [Train Loss: 0.6019]
L002940 | [Train F1: 0.7452792151836606]
L002941 | [Train Acc: 0.7461050201961916]
L002942 | [Dev Loss: 1.2915]
L002943 | [Dev F1: 0.483912584502974]
L002944 | [Dev Acc: 0.5155482815057283]
L002945 | 
L002946-L002961 | [REDACTED: batch progress and internal diagnostics]
L002962 | [Epoch 119] [Time: 2.85]
L002963 | [Train Loss: 0.5916]
L002964 | [Train F1: 0.7470691544045044]
L002965 | [Train Acc: 0.748028467012887]
L002966 | [Dev Loss: 1.2362]
L002967 | [Dev F1: 0.5013975010011837]
L002968 | [Dev Acc: 0.5286415711947627]
L002969 | 
L002970-L002985 | [REDACTED: batch progress and internal diagnostics]
L002986 | [Epoch 120] [Time: 2.79]
L002987 | [Train Loss: 0.587]
L002988 | [Train F1: 0.752756368685041]
L002989 | [Train Acc: 0.7526447393729563]
L002990 | [Dev Loss: 1.2339]
L002991 | [Dev F1: 0.5205487883141561]
L002992 | [Dev Acc: 0.5400981996726678]
L002993 | 
L002994-L003009 | [REDACTED: batch progress and internal diagnostics]
L003010 | [Epoch 121] [Time: 2.79]
L003011 | [Train Loss: 0.5747]
L003012 | [Train F1: 0.7523661312541644]
L003013 | [Train Acc: 0.753221773417965]
L003014 | [Dev Loss: 1.3069]
L003015 | [Dev F1: 0.4782688300629878]
L003016 | [Dev Acc: 0.5008183306055647]
L003017 | 
L003018-L003033 | [REDACTED: batch progress and internal diagnostics]
L003034 | [Epoch 122] [Time: 2.71]
L003035 | [Train Loss: 0.576]
L003036 | [Train F1: 0.7601311316799395]
L003037 | [Train Acc: 0.7597614925947298]
L003038 | [Dev Loss: 1.4103]
L003039 | [Dev F1: 0.47457290334435115]
L003040 | [Dev Acc: 0.49754500818330605]
L003041 | 
L003042-L003057 | [REDACTED: batch progress and internal diagnostics]
L003058 | [Epoch 123] [Time: 2.82]
L003059 | [Train Loss: 0.5592]
L003060 | [Train F1: 0.7690408920724741]
L003061 | [Train Acc: 0.7695710713598769]
L003062 | [Dev Loss: 1.2742]
L003063 | [Dev F1: 0.5222222961979195]
L003064 | [Dev Acc: 0.5417348608837971]
L003065 | 
L003066-L003081 | [REDACTED: batch progress and internal diagnostics]
L003082 | [Epoch 124] [Time: 2.82]
L003083 | [Train Loss: 0.5509]
L003084 | [Train F1: 0.7781526331753871]
L003085 | [Train Acc: 0.7776495479899981]
L003086 | [Dev Loss: 1.3453]
L003087 | [Dev F1: 0.5036319557581241]
L003088 | [Dev Acc: 0.5204582651391162]
L003089 | 
L003090-L003105 | [REDACTED: batch progress and internal diagnostics]
L003106 | [Epoch 125] [Time: 2.67]
L003107 | [Train Loss: 0.5487]
L003108 | [Train F1: 0.7700454028677018]
L003109 | [Train Acc: 0.7705327947682247]
L003110 | [Dev Loss: 1.296]
L003111 | [Dev F1: 0.5196687424167137]
L003112 | [Dev Acc: 0.5253682487725041]
L003113 | 
L003114-L003129 | [REDACTED: batch progress and internal diagnostics]
L003130 | [Epoch 126] [Time: 2.77]
L003131 | [Train Loss: 0.5348]
L003132 | [Train F1: 0.7782669836302256]
L003133 | [Train Acc: 0.7774572033083286]
L003134 | [Dev Loss: 1.4279]
L003135 | [Dev F1: 0.4746697560264902]
L003136 | [Dev Acc: 0.49427168576104746]
L003137 | 
L003138-L003153 | [REDACTED: batch progress and internal diagnostics]
L003154 | [Epoch 127] [Time: 2.61]
L003155 | [Train Loss: 0.5291]
L003156 | [Train F1: 0.777066040647788]
L003157 | [Train Acc: 0.7770725139449894]
L003158 | [Dev Loss: 1.2874]
L003159 | [Dev F1: 0.5010428848227148]
L003160 | [Dev Acc: 0.5171849427168577]
L003161 | 
L003162-L003177 | [REDACTED: batch progress and internal diagnostics]
L003178 | [Epoch 128] [Time: 2.74]
L003179 | [Train Loss: 0.5465]
L003180 | [Train F1: 0.7710036878635823]
L003181 | [Train Acc: 0.7709174841315638]
L003182 | [Dev Loss: 1.5037]
L003183 | [Dev F1: 0.45960175862676306]
L003184 | [Dev Acc: 0.47299509001636664]
L003185 | 
L003186-L003201 | [REDACTED: batch progress and internal diagnostics]
L003202 | [Epoch 129] [Time: 2.70]
L003203 | [Train Loss: 0.5252]
L003204 | [Train F1: 0.7794522014300409]
L003205 | [Train Acc: 0.7799576841700328]
L003206 | [Dev Loss: 1.4141]
L003207 | [Dev F1: 0.49061043855171793]
L003208 | [Dev Acc: 0.5090016366612111]
L003209 | 
L003210-L003225 | [REDACTED: batch progress and internal diagnostics]
L003226 | [Epoch 130] [Time: 2.78]
L003227 | [Train Loss: 0.5334]
L003228 | [Train F1: 0.7793586627863802]
L003229 | [Train Acc: 0.779380650125024]
L003230 | [Dev Loss: 1.4414]
L003231 | [Dev F1: 0.455906319468174]
L003232 | [Dev Acc: 0.4877250409165303]
L003233 | 
L003234-L003249 | [REDACTED: batch progress and internal diagnostics]
L003250 | [Epoch 131] [Time: 2.76]
L003251 | [Train Loss: 0.52]
L003252 | [Train F1: 0.7883809369728157]
L003253 | [Train Acc: 0.7888055395268321]
L003254 | [Dev Loss: 1.4397]
L003255 | [Dev F1: 0.4943887572883963]
L003256 | [Dev Acc: 0.5106382978723404]
L003257 | 
L003258-L003273 | [REDACTED: batch progress and internal diagnostics]
L003274 | [Epoch 132] [Time: 2.74]
L003275 | [Train Loss: 0.516]
L003276 | [Train F1: 0.7938031410108657]
L003277 | [Train Acc: 0.7936141565685709]
L003278 | [Dev Loss: 1.3768]
L003279 | [Dev F1: 0.5160585128187098]
L003280 | [Dev Acc: 0.5319148936170213]
L003281 | 
L003282-L003297 | [REDACTED: batch progress and internal diagnostics]
L003298 | [Epoch 133] [Time: 2.67]
L003299 | [Train Loss: 0.5031]
L003300 | [Train F1: 0.7896883127156736]
L003301 | [Train Acc: 0.790151952298519]
L003302 | [Dev Loss: 1.5421]
L003303 | [Dev F1: 0.45228345839307915]
L003304 | [Dev Acc: 0.4762684124386252]
L003305 | 
L003306-L003321 | [REDACTED: batch progress and internal diagnostics]
L003322 | [Epoch 134] [Time: 2.74]
L003323 | [Train Loss: 0.4896]
L003324 | [Train F1: 0.801742635059969]
L003325 | [Train Acc: 0.801307943835353]
L003326 | [Dev Loss: 1.3304]
L003327 | [Dev F1: 0.48903931144213847]
L003328 | [Dev Acc: 0.5155482815057283]
L003329 | 
L003330-L003345 | [REDACTED: batch progress and internal diagnostics]
L003346 | [Epoch 135] [Time: 2.72]
L003347 | [Train Loss: 0.4994]
L003348 | [Train F1: 0.7949864628339136]
L003349 | [Train Acc: 0.7938065012502404]
L003350 | [Dev Loss: 1.4129]
L003351 | [Dev F1: 0.5211614751572893]
L003352 | [Dev Acc: 0.5400981996726678]
L003353 | 
L003354-L003369 | [REDACTED: batch progress and internal diagnostics]
L003370 | [Epoch 136] [Time: 2.76]
L003371 | [Train Loss: 0.479]
L003372 | [Train F1: 0.799606769593847]
L003373 | [Train Acc: 0.8009232544720138]
L003374 | [Dev Loss: 1.2963]
L003375 | [Dev F1: 0.5366239990553184]
L003376 | [Dev Acc: 0.5417348608837971]
L003377 | 
L003378-L003393 | [REDACTED: batch progress and internal diagnostics]
L003394 | [Epoch 137] [Time: 2.65]
L003395 | [Train Loss: 0.4681]
L003396 | [Train F1: 0.8130115747324507]
L003397 | [Train Acc: 0.8113098672821697]
L003398 | [Dev Loss: 1.4177]
L003399 | [Dev F1: 0.5098829896112423]
L003400 | [Dev Acc: 0.5253682487725041]
L003401 | 
L003402-L003417 | [REDACTED: batch progress and internal diagnostics]
L003418 | [Epoch 138] [Time: 2.72]
L003419 | [Train Loss: 0.4568]
L003420 | [Train F1: 0.8154405864699367]
L003421 | [Train Acc: 0.8157337949605693]
L003422 | [Dev Loss: 1.4537]
L003423 | [Dev F1: 0.5056722451508212]
L003424 | [Dev Acc: 0.5220949263502455]
L003425 | 
L003426-L003441 | [REDACTED: batch progress and internal diagnostics]
L003442 | [Epoch 139] [Time: 2.77]
L003443 | [Train Loss: 0.4596]
L003444 | [Train F1: 0.8222132090156317]
L003445 | [Train Acc: 0.8209271013656473]
L003446 | [Dev Loss: 1.4683]
L003447 | [Dev F1: 0.5055428393615728]
L003448 | [Dev Acc: 0.5204582651391162]
L003449 | 
L003450-L003465 | [REDACTED: batch progress and internal diagnostics]
L003466 | [Epoch 140] [Time: 2.67]
L003467 | [Train Loss: 0.4557]
L003468 | [Train F1: 0.8145183226520976]
L003469 | [Train Acc: 0.814579726870552]
L003470 | [Dev Loss: 1.4998]
L003471 | [Dev F1: 0.5032908634352168]
L003472 | [Dev Acc: 0.5122749590834698]
L003473 | 
L003474-L003489 | [REDACTED: batch progress and internal diagnostics]
L003490 | [Epoch 141] [Time: 2.63]
L003491 | [Train Loss: 0.4534]
L003492 | [Train F1: 0.81937005965227]
L003493 | [Train Acc: 0.8182342758222735]
L003494 | [Dev Loss: 1.4908]
L003495 | [Dev F1: 0.5031279789057918]
L003496 | [Dev Acc: 0.5253682487725041]
L003497 | 
L003498-L003513 | [REDACTED: batch progress and internal diagnostics]
L003514 | [Epoch 142] [Time: 2.66]
L003515 | [Train Loss: 0.4321]
L003516 | [Train F1: 0.8285951219167357]
L003517 | [Train Acc: 0.8286208886324293]
L003518 | [Dev Loss: 1.3816]
L003519 | [Dev F1: 0.5523741452227101]
L003520 | [Dev Acc: 0.5662847790507365]
L003521 | 
L003522-L003537 | [REDACTED: batch progress and internal diagnostics]
L003538 | [Epoch 143] [Time: 2.69]
L003539 | [Train Loss: 0.438]
L003540 | [Train F1: 0.8231547761752899]
L003541 | [Train Acc: 0.8220811694556646]
L003542 | [Dev Loss: 1.5285]
L003543 | [Dev F1: 0.5089408593677162]
L003544 | [Dev Acc: 0.530278232405892]
L003545 | 
L003546-L003561 | [REDACTED: batch progress and internal diagnostics]
L003562 | [Epoch 144] [Time: 2.73]
L003563 | [Train Loss: 0.4546]
L003564 | [Train F1: 0.8169892667067874]
L003565 | [Train Acc: 0.8174648970955953]
L003566 | [Dev Loss: 1.6004]
L003567 | [Dev F1: 0.4564278541947938]
L003568 | [Dev Acc: 0.48117839607201307]
L003569 | 
L003570-L003585 | [REDACTED: batch progress and internal diagnostics]
L003586 | [Epoch 145] [Time: 2.63]
L003587 | [Train Loss: 0.4349]
L003588 | [Train F1: 0.8234374206675642]
L003589 | [Train Acc: 0.8226582035006732]
L003590 | [Dev Loss: 1.4805]
L003591 | [Dev F1: 0.522280497941775]
L003592 | [Dev Acc: 0.5335515548281505]
L003593 | 
L003594-L003609 | [REDACTED: batch progress and internal diagnostics]
L003610 | [Epoch 146] [Time: 2.65]
L003611 | [Train Loss: 0.4172]
L003612 | [Train F1: 0.8314981628226673]
L003613 | [Train Acc: 0.8307366801307944]
L003614 | [Dev Loss: 1.5995]
L003615 | [Dev F1: 0.45695297096844645]
L003616 | [Dev Acc: 0.4746317512274959]
L003617 | 
L003618-L003633 | [REDACTED: batch progress and internal diagnostics]
L003634 | [Epoch 147] [Time: 2.75]
L003635 | [Train Loss: 0.4359]
L003636 | [Train F1: 0.8240855646104507]
L003637 | [Train Acc: 0.8241969609540296]
L003638 | [Dev Loss: 1.7066]
L003639 | [Dev F1: 0.44212414867135746]
L003640 | [Dev Acc: 0.46153846153846156]
L003641 | 
L003642-L003657 | [REDACTED: batch progress and internal diagnostics]
L003658 | [Epoch 148] [Time: 2.72]
L003659 | [Train Loss: 0.4194]
L003660 | [Train F1: 0.829912278521939]
L003661 | [Train Acc: 0.829197922677438]
L003662 | [Dev Loss: 1.3937]
L003663 | [Dev F1: 0.5347982273629457]
L003664 | [Dev Acc: 0.5482815057283142]
L003665 | 
L003666-L003681 | [REDACTED: batch progress and internal diagnostics]
L003682 | [Epoch 149] [Time: 2.82]
L003683 | [Train Loss: 0.409]
L003684 | [Train F1: 0.8320096237863288]
L003685 | [Train Acc: 0.8316984035391422]
L003686 | [Dev Loss: 1.6305]
L003687 | [Dev F1: 0.485661289659469]
L003688 | [Dev Acc: 0.5090016366612111]
L003689 | Last model
L003690 |               precision    recall  f1-score   support
L003691 | 
L003692 |          hap     0.7073    0.2014    0.3135       144
L003693 |          sad     0.7817    0.7306    0.7553       245
L003694 |          neu     0.5195    0.5547    0.5365       384
L003695 |          ang     0.5793    0.5588    0.5689       170
L003696 |          exc     0.6696    0.7592    0.7116       299
L003697 |          fru     0.5091    0.5879    0.5457       381
L003698 | 
L003699 |     accuracy                         0.5958      1623
L003700 |    macro avg     0.6277    0.5654    0.5719      1623
L003701 | weighted avg     0.6072    0.5958    0.5875      1623
L003702 | 
L003703 | Best model at epoch: 142
L003704 | Best dev F1: 0.5523741452227101
L003705 |               precision    recall  f1-score   support
L003706 | 
L003707 |          hap     0.6126    0.4722    0.5333       144
L003708 |          sad     0.7746    0.7714    0.7730       245
L003709 |          neu     0.5884    0.6068    0.5974       384
L003710 |          ang     0.6667    0.5647    0.6115       170
L003711 |          exc     0.7218    0.8763    0.7915       299
L003712 |          fru     0.5945    0.5696    0.5818       381
L003713 | 
L003714 |     accuracy                         0.6562      1623
L003715 |    macro avg     0.6598    0.6435    0.6481      1623
L003716 | weighted avg     0.6529    0.6562    0.6518      1623
L003717 | 
L003718 | Best test F1: 0.6518027003258677
L003719 | Best test Acc: 0.6561922365988909
L003720 | [SANITIZED] Saved checkpoint: [path and filename removed]
