# Redacted copy of an existing run log.
# run_id: G05-seed2
# dataset: IEMOCAP
# model: GCNet+AMBER
# imr: (0.7,0.3,0.5)
# seed_alias: seed2
# original_log_sha256: 8ab70fddc0fbebb0a3e4d3c904375d9fea66fb9744369f6d5454841e55db20cf
# source_record_status: ok
# source_record_process_return_code: 3221226505
# L numbers refer to source logical lines; REDACTED/SANITIZED text is editorial.
L000001-L000005 | [REDACTED: configuration or implementation details]
L000006 | [SANITIZED] FutureWarning: [dependency deprecation notice; implementation details removed]
L000007-L000068 | [REDACTED: configuration or implementation details]
L000069 | [SANITIZED] Seed alias: seed2
L000070 | [REDACTED: configuration or implementation details]
L000071 | 
L000072-L000073 | [REDACTED: batch progress and internal diagnostics]
L000074 | 
L000075-L000076 | [REDACTED: batch progress and internal diagnostics]
L000077 | 
L000078-L000079 | [REDACTED: batch progress and internal diagnostics]
L000080-L000083 | [REDACTED: configuration or implementation details]
L000084 | [SANITIZED] Seed alias: seed2
L000085-L000088 | [REDACTED: configuration or implementation details]
L000089 | 
L000090-L000105 | [REDACTED: batch progress and internal diagnostics]
L000106 | [Epoch 0] [Time: 3.28]
L000107 | [Train Loss: 1.7112]
L000108 | [Train F1: 0.22960575988554038]
L000109 | [Train Acc: 0.2827466820542412]
L000110 | [Dev Loss: 1.6217]
L000111 | [Dev F1: 0.24832187265145442]
L000112 | [Dev Acc: 0.36661211129296234]
L000113 | 
L000114-L000129 | [REDACTED: batch progress and internal diagnostics]
L000130 | [Epoch 1] [Time: 2.73]
L000131 | [Train Loss: 1.4664]
L000132 | [Train F1: 0.33774708641677065]
L000133 | [Train Acc: 0.4441238699749952]
L000134 | [Dev Loss: 1.4857]
L000135 | [Dev F1: 0.26637692829967885]
L000136 | [Dev Acc: 0.41243862520458263]
L000137 | 
L000138-L000153 | [REDACTED: batch progress and internal diagnostics]
L000154 | [Epoch 2] [Time: 2.73]
L000155 | [Train Loss: 1.282]
L000156 | [Train F1: 0.4140513533946691]
L000157 | [Train Acc: 0.4835545297172533]
L000158 | [Dev Loss: 1.429]
L000159 | [Dev F1: 0.2732851489211776]
L000160 | [Dev Acc: 0.41898527004909986]
L000161 | 
L000162-L000177 | [REDACTED: batch progress and internal diagnostics]
L000178 | [Epoch 3] [Time: 2.81]
L000179 | [Train Loss: 1.1852]
L000180 | [Train F1: 0.471048288975126]
L000181 | [Train Acc: 0.5135603000577034]
L000182 | [Dev Loss: 1.3498]
L000183 | [Dev F1: 0.28785935016983655]
L000184 | [Dev Acc: 0.40425531914893614]
L000185 | 
L000186-L000201 | [REDACTED: batch progress and internal diagnostics]
L000202 | [Epoch 4] [Time: 2.69]
L000203 | [Train Loss: 1.1457]
L000204 | [Train F1: 0.496753792140421]
L000205 | [Train Acc: 0.5277938065012503]
L000206 | [Dev Loss: 1.3371]
L000207 | [Dev F1: 0.2683897222674262]
L000208 | [Dev Acc: 0.41407528641571195]
L000209 | 
L000210-L000225 | [REDACTED: batch progress and internal diagnostics]
L000226 | [Epoch 5] [Time: 2.72]
L000227 | [Train Loss: 1.1239]
L000228 | [Train F1: 0.49822957672686674]
L000229 | [Train Acc: 0.5191382958261204]
L000230 | [Dev Loss: 1.2537]
L000231 | [Dev F1: 0.34519473231288783]
L000232 | [Dev Acc: 0.44680851063829785]
L000233 | 
L000234-L000249 | [REDACTED: batch progress and internal diagnostics]
L000250 | [Epoch 6] [Time: 2.87]
L000251 | [Train Loss: 1.0828]
L000252 | [Train F1: 0.5159800744173005]
L000253 | [Train Acc: 0.5474129640315445]
L000254 | [Dev Loss: 1.2571]
L000255 | [Dev F1: 0.4354296315966893]
L000256 | [Dev Acc: 0.46153846153846156]
L000257 | 
L000258-L000273 | [REDACTED: batch progress and internal diagnostics]
L000274 | [Epoch 7] [Time: 2.82]
L000275 | [Train Loss: 1.0601]
L000276 | [Train F1: 0.5467155210450225]
L000277 | [Train Acc: 0.5551067512983267]
L000278 | [Dev Loss: 1.3065]
L000279 | [Dev F1: 0.3880928883469875]
L000280 | [Dev Acc: 0.4386252045826514]
L000281 | 
L000282-L000297 | [REDACTED: batch progress and internal diagnostics]
L000298 | [Epoch 8] [Time: 2.76]
L000299 | [Train Loss: 1.0456]
L000300 | [Train F1: 0.5468259773196185]
L000301 | [Train Acc: 0.5653010194268129]
L000302 | [Dev Loss: 1.2441]
L000303 | [Dev F1: 0.43276315293673195]
L000304 | [Dev Acc: 0.44680851063829785]
L000305 | 
L000306-L000321 | [REDACTED: batch progress and internal diagnostics]
L000322 | [Epoch 9] [Time: 2.76]
L000323 | [Train Loss: 1.0117]
L000324 | [Train F1: 0.5689106339294739]
L000325 | [Train Acc: 0.5787651471436814]
L000326 | [Dev Loss: 1.2279]
L000327 | [Dev F1: 0.4066351562457435]
L000328 | [Dev Acc: 0.4320785597381342]
L000329 | 
L000330-L000345 | [REDACTED: batch progress and internal diagnostics]
L000346 | [Epoch 10] [Time: 2.75]
L000347 | [Train Loss: 1.0215]
L000348 | [Train F1: 0.5729295202435746]
L000349 | [Train Acc: 0.5820350067320639]
L000350 | [Dev Loss: 1.2999]
L000351 | [Dev F1: 0.4068868114637798]
L000352 | [Dev Acc: 0.4320785597381342]
L000353 | 
L000354-L000369 | [REDACTED: batch progress and internal diagnostics]
L000370 | [Epoch 11] [Time: 2.79]
L000371 | [Train Loss: 1.0003]
L000372 | [Train F1: 0.5791803314131573]
L000373 | [Train Acc: 0.5868436237738026]
L000374 | [Dev Loss: 1.2247]
L000375 | [Dev F1: 0.37662143202655046]
L000376 | [Dev Acc: 0.46481178396072015]
L000377 | 
L000378-L000393 | [REDACTED: batch progress and internal diagnostics]
L000394 | [Epoch 12] [Time: 2.70]
L000395 | [Train Loss: 0.9946]
L000396 | [Train F1: 0.5831146658749586]
L000397 | [Train Acc: 0.5878053471821504]
L000398 | [Dev Loss: 1.2393]
L000399 | [Dev F1: 0.44192556339904726]
L000400 | [Dev Acc: 0.46153846153846156]
L000401 | 
L000402-L000417 | [REDACTED: batch progress and internal diagnostics]
L000418 | [Epoch 13] [Time: 2.72]
L000419 | [Train Loss: 0.9769]
L000420 | [Train F1: 0.5916029954327627]
L000421 | [Train Acc: 0.6016541642623582]
L000422 | [Dev Loss: 1.367]
L000423 | [Dev F1: 0.3419576534965413]
L000424 | [Dev Acc: 0.37970540098199673]
L000425 | 
L000426-L000441 | [REDACTED: batch progress and internal diagnostics]
L000442 | [Epoch 14] [Time: 2.92]
L000443 | [Train Loss: 0.9697]
L000444 | [Train F1: 0.5858312848752611]
L000445 | [Train Acc: 0.5912675514522023]
L000446 | [Dev Loss: 1.2408]
L000447 | [Dev F1: 0.39035869998456957]
L000448 | [Dev Acc: 0.46481178396072015]
L000449 | 
L000450-L000465 | [REDACTED: batch progress and internal diagnostics]
L000466 | [Epoch 15] [Time: 2.64]
L000467 | [Train Loss: 0.9548]
L000468 | [Train F1: 0.5962527302403925]
L000469 | [Train Acc: 0.6041546451240624]
L000470 | [Dev Loss: 1.2109]
L000471 | [Dev F1: 0.47417795576551713]
L000472 | [Dev Acc: 0.49754500818330605]
L000473 | 
L000474-L000489 | [REDACTED: batch progress and internal diagnostics]
L000490 | [Epoch 16] [Time: 2.64]
L000491 | [Train Loss: 0.9397]
L000492 | [Train F1: 0.605616016749491]
L000493 | [Train Acc: 0.608578572802462]
L000494 | [Dev Loss: 1.2914]
L000495 | [Dev F1: 0.44485070231085555]
L000496 | [Dev Acc: 0.4713584288052373]
L000497 | 
L000498-L000513 | [REDACTED: batch progress and internal diagnostics]
L000514 | [Epoch 17] [Time: 2.76]
L000515 | [Train Loss: 0.9346]
L000516 | [Train F1: 0.599936596514712]
L000517 | [Train Acc: 0.6037699557607232]
L000518 | [Dev Loss: 1.2482]
L000519 | [Dev F1: 0.41922356588328374]
L000520 | [Dev Acc: 0.4713584288052373]
L000521 | 
L000522-L000537 | [REDACTED: batch progress and internal diagnostics]
L000538 | [Epoch 18] [Time: 2.84]
L000539 | [Train Loss: 0.9218]
L000540 | [Train F1: 0.6043295569467201]
L000541 | [Train Acc: 0.6110790536641661]
L000542 | [Dev Loss: 1.315]
L000543 | [Dev F1: 0.40018481260733924]
L000544 | [Dev Acc: 0.44353518821603927]
L000545 | 
L000546-L000561 | [REDACTED: batch progress and internal diagnostics]
L000562 | [Epoch 19] [Time: 2.90]
L000563 | [Train Loss: 0.9334]
L000564 | [Train F1: 0.6065677165503371]
L000565 | [Train Acc: 0.6120407770725139]
L000566 | [Dev Loss: 1.2861]
L000567 | [Dev F1: 0.412714192123811]
L000568 | [Dev Acc: 0.45662847790507366]
L000569 | 
L000570-L000585 | [REDACTED: batch progress and internal diagnostics]
L000586 | [Epoch 20] [Time: 2.75]
L000587 | [Train Loss: 0.9178]
L000588 | [Train F1: 0.6086834878761362]
L000589 | [Train Acc: 0.6122331217541835]
L000590 | [Dev Loss: 1.2001]
L000591 | [Dev F1: 0.4817024885660501]
L000592 | [Dev Acc: 0.4959083469721768]
L000593 | 
L000594-L000609 | [REDACTED: batch progress and internal diagnostics]
L000610 | [Epoch 21] [Time: 2.85]
L000611 | [Train Loss: 0.9055]
L000612 | [Train F1: 0.6106425144260147]
L000613 | [Train Acc: 0.6174264281592614]
L000614 | [Dev Loss: 1.2937]
L000615 | [Dev F1: 0.4132562856042445]
L000616 | [Dev Acc: 0.46808510638297873]
L000617 | 
L000618-L000633 | [REDACTED: batch progress and internal diagnostics]
L000634 | [Epoch 22] [Time: 2.77]
L000635 | [Train Loss: 0.8908]
L000636 | [Train F1: 0.6151110218322134]
L000637 | [Train Acc: 0.6208886324293134]
L000638 | [Dev Loss: 1.2323]
L000639 | [Dev F1: 0.46208458304004163]
L000640 | [Dev Acc: 0.469721767594108]
L000641 | 
L000642-L000657 | [REDACTED: batch progress and internal diagnostics]
L000658 | [Epoch 23] [Time: 2.91]
L000659 | [Train Loss: 0.8897]
L000660 | [Train F1: 0.6174053544734668]
L000661 | [Train Acc: 0.6183881515676092]
L000662 | [Dev Loss: 1.2511]
L000663 | [Dev F1: 0.4385525161053908]
L000664 | [Dev Acc: 0.4762684124386252]
L000665 | 
L000666-L000681 | [REDACTED: batch progress and internal diagnostics]
L000682 | [Epoch 24] [Time: 2.85]
L000683 | [Train Loss: 0.8864]
L000684 | [Train F1: 0.616468386382011]
L000685 | [Train Acc: 0.6239661473360262]
L000686 | [Dev Loss: 1.2609]
L000687 | [Dev F1: 0.44698388269086586]
L000688 | [Dev Acc: 0.469721767594108]
L000689 | 
L000690-L000705 | [REDACTED: batch progress and internal diagnostics]
L000706 | [Epoch 25] [Time: 2.76]
L000707 | [Train Loss: 0.8819]
L000708 | [Train F1: 0.6258695216754334]
L000709 | [Train Acc: 0.6285824196960954]
L000710 | [Dev Loss: 1.1864]
L000711 | [Dev F1: 0.47674553437164885]
L000712 | [Dev Acc: 0.486088379705401]
L000713 | 
L000714-L000729 | [REDACTED: batch progress and internal diagnostics]
L000730 | [Epoch 26] [Time: 2.74]
L000731 | [Train Loss: 0.881]
L000732 | [Train F1: 0.6193979260410348]
L000733 | [Train Acc: 0.6228120792460089]
L000734 | [Dev Loss: 1.2301]
L000735 | [Dev F1: 0.4627045093052716]
L000736 | [Dev Acc: 0.4713584288052373]
L000737 | 
L000738-L000753 | [REDACTED: batch progress and internal diagnostics]
L000754 | [Epoch 27] [Time: 2.77]
L000755 | [Train Loss: 0.8851]
L000756 | [Train F1: 0.6131410878517455]
L000757 | [Train Acc: 0.6172340834775919]
L000758 | [Dev Loss: 1.2762]
L000759 | [Dev F1: 0.4293120776711466]
L000760 | [Dev Acc: 0.4909983633387889]
L000761 | 
L000762-L000777 | [REDACTED: batch progress and internal diagnostics]
L000778 | [Epoch 28] [Time: 2.90]
L000779 | [Train Loss: 0.8821]
L000780 | [Train F1: 0.6229760504897778]
L000781 | [Train Acc: 0.6280053856510868]
L000782 | [Dev Loss: 1.1985]
L000783 | [Dev F1: 0.44173007585310586]
L000784 | [Dev Acc: 0.48117839607201307]
L000785 | 
L000786-L000801 | [REDACTED: batch progress and internal diagnostics]
L000802 | [Epoch 29] [Time: 2.73]
L000803 | [Train Loss: 0.8742]
L000804 | [Train F1: 0.6202602261642647]
L000805 | [Train Acc: 0.6224273898826698]
L000806 | [Dev Loss: 1.2679]
L000807 | [Dev F1: 0.4369835240759917]
L000808 | [Dev Acc: 0.4877250409165303]
L000809 | 
L000810-L000825 | [REDACTED: batch progress and internal diagnostics]
L000826 | [Epoch 30] [Time: 2.61]
L000827 | [Train Loss: 0.8637]
L000828 | [Train F1: 0.6229607440847155]
L000829 | [Train Acc: 0.627043662242739]
L000830 | [Dev Loss: 1.2785]
L000831 | [Dev F1: 0.44275641690558837]
L000832 | [Dev Acc: 0.48936170212765956]
L000833 | 
L000834-L000849 | [REDACTED: batch progress and internal diagnostics]
L000850 | [Epoch 31] [Time: 2.67]
L000851 | [Train Loss: 0.8532]
L000852 | [Train F1: 0.6257292153564088]
L000853 | [Train Acc: 0.6274283516060781]
L000854 | [Dev Loss: 1.2387]
L000855 | [Dev F1: 0.4434362773710772]
L000856 | [Dev Acc: 0.4909983633387889]
L000857 | 
L000858-L000873 | [REDACTED: batch progress and internal diagnostics]
L000874 | [Epoch 32] [Time: 2.89]
L000875 | [Train Loss: 0.8609]
L000876 | [Train F1: 0.6218363437176124]
L000877 | [Train Acc: 0.6293517984227736]
L000878 | [Dev Loss: 1.3255]
L000879 | [Dev F1: 0.4378597900219056]
L000880 | [Dev Acc: 0.4959083469721768]
L000881 | 
L000882-L000897 | [REDACTED: batch progress and internal diagnostics]
L000898 | [Epoch 33] [Time: 2.64]
L000899 | [Train Loss: 0.8648]
L000900 | [Train F1: 0.6151757950691973]
L000901 | [Train Acc: 0.6149259472975572]
L000902 | [Dev Loss: 1.3378]
L000903 | [Dev F1: 0.4367037322816003]
L000904 | [Dev Acc: 0.47299509001636664]
L000905 | 
L000906-L000921 | [REDACTED: batch progress and internal diagnostics]
L000922 | [Epoch 34] [Time: 2.73]
L000923 | [Train Loss: 0.8622]
L000924 | [Train F1: 0.6151910712324269]
L000925 | [Train Acc: 0.6220427005193306]
L000926 | [Dev Loss: 1.2593]
L000927 | [Dev F1: 0.42905872607580986]
L000928 | [Dev Acc: 0.469721767594108]
L000929 | 
L000930-L000945 | [REDACTED: batch progress and internal diagnostics]
L000946 | [Epoch 35] [Time: 2.73]
L000947 | [Train Loss: 0.853]
L000948 | [Train F1: 0.6278071174566079]
L000949 | [Train Acc: 0.6314675899211387]
L000950 | [Dev Loss: 1.2982]
L000951 | [Dev F1: 0.45527822284973246]
L000952 | [Dev Acc: 0.46808510638297873]
L000953 | 
L000954-L000969 | [REDACTED: batch progress and internal diagnostics]
L000970 | [Epoch 36] [Time: 2.79]
L000971 | [Train Loss: 0.8559]
L000972 | [Train F1: 0.6213557573486602]
L000973 | [Train Acc: 0.6245431813810348]
L000974 | [Dev Loss: 1.228]
L000975 | [Dev F1: 0.46969502602784896]
L000976 | [Dev Acc: 0.4844517184942717]
L000977 | 
L000978-L000993 | [REDACTED: batch progress and internal diagnostics]
L000994 | [Epoch 37] [Time: 2.83]
L000995 | [Train Loss: 0.8551]
L000996 | [Train F1: 0.6238165415833093]
L000997 | [Train Acc: 0.627043662242739]
L000998 | [Dev Loss: 1.2472]
L000999 | [Dev F1: 0.42194605710498906]
L001000 | [Dev Acc: 0.4664484451718494]
L001001 | 
L001002-L001017 | [REDACTED: batch progress and internal diagnostics]
L001018 | [Epoch 38] [Time: 2.80]
L001019 | [Train Loss: 0.8595]
L001020 | [Train F1: 0.6212260100762012]
L001021 | [Train Acc: 0.6237738026543566]
L001022 | [Dev Loss: 1.2947]
L001023 | [Dev F1: 0.42636460868150344]
L001024 | [Dev Acc: 0.4762684124386252]
L001025 | 
L001026-L001041 | [REDACTED: batch progress and internal diagnostics]
L001042 | [Epoch 39] [Time: 2.87]
L001043 | [Train Loss: 0.8411]
L001044 | [Train F1: 0.6303452033532869]
L001045 | [Train Acc: 0.6343527601461819]
L001046 | [Dev Loss: 1.2081]
L001047 | [Dev F1: 0.4704659075768347]
L001048 | [Dev Acc: 0.4909983633387889]
L001049 | 
L001050-L001065 | [REDACTED: batch progress and internal diagnostics]
L001066 | [Epoch 40] [Time: 2.72]
L001067 | [Train Loss: 0.8444]
L001068 | [Train F1: 0.618039882860358]
L001069 | [Train Acc: 0.6203115983843047]
L001070 | [Dev Loss: 1.2333]
L001071 | [Dev F1: 0.4353261645330853]
L001072 | [Dev Acc: 0.49918166939443537]
L001073 | 
L001074-L001089 | [REDACTED: batch progress and internal diagnostics]
L001090 | [Epoch 41] [Time: 2.86]
L001091 | [Train Loss: 0.8443]
L001092 | [Train F1: 0.625143293910386]
L001093 | [Train Acc: 0.6287747643777649]
L001094 | [Dev Loss: 1.2613]
L001095 | [Dev F1: 0.45126151959591415]
L001096 | [Dev Acc: 0.4844517184942717]
L001097 | 
L001098-L001113 | [REDACTED: batch progress and internal diagnostics]
L001114 | [Epoch 42] [Time: 2.83]
L001115 | [Train Loss: 0.8518]
L001116 | [Train F1: 0.6240311310944893]
L001117 | [Train Acc: 0.6274283516060781]
L001118 | [Dev Loss: 1.2196]
L001119 | [Dev F1: 0.44443080058254253]
L001120 | [Dev Acc: 0.4533551554828151]
L001121 | 
L001122-L001137 | [REDACTED: batch progress and internal diagnostics]
L001138 | [Epoch 43] [Time: 2.81]
L001139 | [Train Loss: 0.8486]
L001140 | [Train F1: 0.6280743028653631]
L001141 | [Train Acc: 0.6328140026928255]
L001142 | [Dev Loss: 1.3294]
L001143 | [Dev F1: 0.4271896999109816]
L001144 | [Dev Acc: 0.4664484451718494]
L001145 | 
L001146-L001161 | [REDACTED: batch progress and internal diagnostics]
L001162 | [Epoch 44] [Time: 2.71]
L001163 | [Train Loss: 0.8403]
L001164 | [Train F1: 0.6271499251955576]
L001165 | [Train Acc: 0.6303135218311213]
L001166 | [Dev Loss: 1.2162]
L001167 | [Dev F1: 0.4824534853257048]
L001168 | [Dev Acc: 0.5155482815057283]
L001169 | 
L001170-L001185 | [REDACTED: batch progress and internal diagnostics]
L001186 | [Epoch 45] [Time: 2.74]
L001187 | [Train Loss: 0.8351]
L001188 | [Train F1: 0.625523356078839]
L001189 | [Train Acc: 0.6274283516060781]
L001190 | [Dev Loss: 1.2947]
L001191 | [Dev F1: 0.452860285430721]
L001192 | [Dev Acc: 0.5008183306055647]
L001193 | 
L001194-L001209 | [REDACTED: batch progress and internal diagnostics]
L001210 | [Epoch 46] [Time: 2.86]
L001211 | [Train Loss: 0.8281]
L001212 | [Train F1: 0.6347852550237557]
L001213 | [Train Acc: 0.6362762069628775]
L001214 | [Dev Loss: 1.2547]
L001215 | [Dev F1: 0.46646713563699854]
L001216 | [Dev Acc: 0.48117839607201307]
L001217 | 
L001218-L001233 | [REDACTED: batch progress and internal diagnostics]
L001234 | [Epoch 47] [Time: 2.76]
L001235 | [Train Loss: 0.8294]
L001236 | [Train F1: 0.6267848685894748]
L001237 | [Train Acc: 0.6328140026928255]
L001238 | [Dev Loss: 1.2026]
L001239 | [Dev F1: 0.45425531525637153]
L001240 | [Dev Acc: 0.486088379705401]
L001241 | 
L001242-L001257 | [REDACTED: batch progress and internal diagnostics]
L001258 | [Epoch 48] [Time: 2.81]
L001259 | [Train Loss: 0.8182]
L001260 | [Train F1: 0.6401999501434298]
L001261 | [Train Acc: 0.6420465474129641]
L001262 | [Dev Loss: 1.2864]
L001263 | [Dev F1: 0.44061185204927067]
L001264 | [Dev Acc: 0.48117839607201307]
L001265 | 
L001266-L001281 | [REDACTED: batch progress and internal diagnostics]
L001282 | [Epoch 49] [Time: 2.84]
L001283 | [Train Loss: 0.8113]
L001284 | [Train F1: 0.6424178218185446]
L001285 | [Train Acc: 0.645893441046355]
L001286 | [Dev Loss: 1.2374]
L001287 | [Dev F1: 0.435472585065278]
L001288 | [Dev Acc: 0.4795417348608838]
L001289 | 
L001290-L001305 | [REDACTED: batch progress and internal diagnostics]
L001306 | [Epoch 50] [Time: 2.76]
L001307 | [Train Loss: 0.8222]
L001308 | [Train F1: 0.6251832962151546]
L001309 | [Train Acc: 0.6268513175610695]
L001310 | [Dev Loss: 1.2928]
L001311 | [Dev F1: 0.4487234689562749]
L001312 | [Dev Acc: 0.45662847790507366]
L001313 | 
L001314-L001329 | [REDACTED: batch progress and internal diagnostics]
L001330 | [Epoch 51] [Time: 2.78]
L001331 | [Train Loss: 0.8072]
L001332 | [Train F1: 0.634466580810593]
L001333 | [Train Acc: 0.6387766878245816]
L001334 | [Dev Loss: 1.2534]
L001335 | [Dev F1: 0.45231761665897]
L001336 | [Dev Acc: 0.4582651391162029]
L001337 | 
L001338-L001353 | [REDACTED: batch progress and internal diagnostics]
L001354 | [Epoch 52] [Time: 2.84]
L001355 | [Train Loss: 0.8106]
L001356 | [Train F1: 0.6455878855663489]
L001357 | [Train Acc: 0.6487786112713984]
L001358 | [Dev Loss: 1.2965]
L001359 | [Dev F1: 0.43510918842459584]
L001360 | [Dev Acc: 0.4828150572831424]
L001361 | 
L001362-L001377 | [REDACTED: batch progress and internal diagnostics]
L001378 | [Epoch 53] [Time: 2.79]
L001379 | [Train Loss: 0.8084]
L001380 | [Train F1: 0.6370849736227449]
L001381 | [Train Acc: 0.638199653779573]
L001382 | [Dev Loss: 1.245]
L001383 | [Dev F1: 0.46989920480236447]
L001384 | [Dev Acc: 0.4959083469721768]
L001385 | 
L001386-L001401 | [REDACTED: batch progress and internal diagnostics]
L001402 | [Epoch 54] [Time: 2.68]
L001403 | [Train Loss: 0.8029]
L001404 | [Train F1: 0.64080351525361]
L001405 | [Train Acc: 0.6470475091363724]
L001406 | [Dev Loss: 1.2499]
L001407 | [Dev F1: 0.4641024222799448]
L001408 | [Dev Acc: 0.49754500818330605]
L001409 | 
L001410-L001425 | [REDACTED: batch progress and internal diagnostics]
L001426 | [Epoch 55] [Time: 2.64]
L001427 | [Train Loss: 0.7983]
L001428 | [Train F1: 0.6474107426423444]
L001429 | [Train Acc: 0.6483939219080592]
L001430 | [Dev Loss: 1.3128]
L001431 | [Dev F1: 0.44302996641174885]
L001432 | [Dev Acc: 0.49263502454991814]
L001433 | 
L001434-L001449 | [REDACTED: batch progress and internal diagnostics]
L001450 | [Epoch 56] [Time: 2.86]
L001451 | [Train Loss: 0.8102]
L001452 | [Train F1: 0.6322926748672364]
L001453 | [Train Acc: 0.6378149644162339]
L001454 | [Dev Loss: 1.2313]
L001455 | [Dev F1: 0.4599291493784349]
L001456 | [Dev Acc: 0.5057283142389526]
L001457 | 
L001458-L001473 | [REDACTED: batch progress and internal diagnostics]
L001474 | [Epoch 57] [Time: 2.74]
L001475 | [Train Loss: 0.81]
L001476 | [Train F1: 0.634162162195482]
L001477 | [Train Acc: 0.6362762069628775]
L001478 | [Dev Loss: 1.3509]
L001479 | [Dev F1: 0.45120759576528374]
L001480 | [Dev Acc: 0.4828150572831424]
L001481 | 
L001482-L001497 | [REDACTED: batch progress and internal diagnostics]
L001498 | [Epoch 58] [Time: 2.74]
L001499 | [Train Loss: 0.8119]
L001500 | [Train F1: 0.6385914315871296]
L001501 | [Train Acc: 0.6432006155029814]
L001502 | [Dev Loss: 1.1801]
L001503 | [Dev F1: 0.4771580998117769]
L001504 | [Dev Acc: 0.5090016366612111]
L001505 | 
L001506-L001521 | [REDACTED: batch progress and internal diagnostics]
L001522 | [Epoch 59] [Time: 2.79]
L001523 | [Train Loss: 0.7982]
L001524 | [Train F1: 0.6457623251556689]
L001525 | [Train Acc: 0.6457010963646855]
L001526 | [Dev Loss: 1.3315]
L001527 | [Dev F1: 0.44297137660850916]
L001528 | [Dev Acc: 0.4877250409165303]
L001529 | 
L001530-L001545 | [REDACTED: batch progress and internal diagnostics]
L001546 | [Epoch 60] [Time: 2.84]
L001547 | [Train Loss: 0.8003]
L001548 | [Train F1: 0.6461212478378351]
L001549 | [Train Acc: 0.651086747451433]
L001550 | [Dev Loss: 1.2358]
L001551 | [Dev F1: 0.46195818728676896]
L001552 | [Dev Acc: 0.4909983633387889]
L001553 | 
L001554-L001569 | [REDACTED: batch progress and internal diagnostics]
L001570 | [Epoch 61] [Time: 2.59]
L001571 | [Train Loss: 0.7799]
L001572 | [Train F1: 0.6420833185353366]
L001573 | [Train Acc: 0.6443546835929986]
L001574 | [Dev Loss: 1.2884]
L001575 | [Dev F1: 0.4459487360061476]
L001576 | [Dev Acc: 0.4746317512274959]
L001577 | 
L001578-L001593 | [REDACTED: batch progress and internal diagnostics]
L001594 | [Epoch 62] [Time: 2.80]
L001595 | [Train Loss: 0.7817]
L001596 | [Train F1: 0.6442610517824876]
L001597 | [Train Acc: 0.6476245431813811]
L001598 | [Dev Loss: 1.2764]
L001599 | [Dev F1: 0.4567815519999071]
L001600 | [Dev Acc: 0.46317512274959083]
L001601 | 
L001602-L001617 | [REDACTED: batch progress and internal diagnostics]
L001618 | [Epoch 63] [Time: 2.91]
L001619 | [Train Loss: 0.7917]
L001620 | [Train F1: 0.6440916381172563]
L001621 | [Train Acc: 0.6476245431813811]
L001622 | [Dev Loss: 1.3053]
L001623 | [Dev F1: 0.4328885574477479]
L001624 | [Dev Acc: 0.4664484451718494]
L001625 | 
L001626-L001641 | [REDACTED: batch progress and internal diagnostics]
L001642 | [Epoch 64] [Time: 2.63]
L001643 | [Train Loss: 0.7905]
L001644 | [Train F1: 0.6469621605722741]
L001645 | [Train Acc: 0.6485862665897288]
L001646 | [Dev Loss: 1.2578]
L001647 | [Dev F1: 0.45228868951466644]
L001648 | [Dev Acc: 0.4909983633387889]
L001649 | 
L001650-L001665 | [REDACTED: batch progress and internal diagnostics]
L001666 | [Epoch 65] [Time: 2.80]
L001667 | [Train Loss: 0.7785]
L001668 | [Train F1: 0.6479996292988578]
L001669 | [Train Acc: 0.6518561261781112]
L001670 | [Dev Loss: 1.3043]
L001671 | [Dev F1: 0.4561566253135738]
L001672 | [Dev Acc: 0.4877250409165303]
L001673 | 
L001674-L001689 | [REDACTED: batch progress and internal diagnostics]
L001690 | [Epoch 66] [Time: 2.76]
L001691 | [Train Loss: 0.7757]
L001692 | [Train F1: 0.6589390475957978]
L001693 | [Train Acc: 0.660511636853241]
L001694 | [Dev Loss: 1.226]
L001695 | [Dev F1: 0.48046976100681993]
L001696 | [Dev Acc: 0.5073649754500819]
L001697 | 
L001698-L001713 | [REDACTED: batch progress and internal diagnostics]
L001714 | [Epoch 67] [Time: 2.86]
L001715 | [Train Loss: 0.7766]
L001716 | [Train F1: 0.6472512211502633]
L001717 | [Train Acc: 0.6520484708597807]
L001718 | [Dev Loss: 1.3051]
L001719 | [Dev F1: 0.4584998002898745]
L001720 | [Dev Acc: 0.49754500818330605]
L001721 | 
L001722-L001737 | [REDACTED: batch progress and internal diagnostics]
L001738 | [Epoch 68] [Time: 2.81]
L001739 | [Train Loss: 0.7683]
L001740 | [Train F1: 0.6577024382620367]
L001741 | [Train Acc: 0.6595499134448932]
L001742 | [Dev Loss: 1.2813]
L001743 | [Dev F1: 0.4493760257775741]
L001744 | [Dev Acc: 0.4795417348608838]
L001745 | 
L001746-L001761 | [REDACTED: batch progress and internal diagnostics]
L001762 | [Epoch 69] [Time: 2.87]
L001763 | [Train Loss: 0.7672]
L001764 | [Train F1: 0.6607901999865884]
L001765 | [Train Acc: 0.6633968070782843]
L001766 | [Dev Loss: 1.2673]
L001767 | [Dev F1: 0.46221996318583913]
L001768 | [Dev Acc: 0.486088379705401]
L001769 | 
L001770-L001785 | [REDACTED: batch progress and internal diagnostics]
L001786 | [Epoch 70] [Time: 2.86]
L001787 | [Train Loss: 0.7706]
L001788 | [Train F1: 0.6504015201122745]
L001789 | [Train Acc: 0.6530101942681285]
L001790 | [Dev Loss: 1.2366]
L001791 | [Dev F1: 0.4767320915077426]
L001792 | [Dev Acc: 0.49918166939443537]
L001793 | 
L001794-L001809 | [REDACTED: batch progress and internal diagnostics]
L001810 | [Epoch 71] [Time: 2.78]
L001811 | [Train Loss: 0.7879]
L001812 | [Train F1: 0.6462378986645828]
L001813 | [Train Acc: 0.6489709559530679]
L001814 | [Dev Loss: 1.2965]
L001815 | [Dev F1: 0.4476896346501578]
L001816 | [Dev Acc: 0.48117839607201307]
L001817 | 
L001818-L001833 | [REDACTED: batch progress and internal diagnostics]
L001834 | [Epoch 72] [Time: 2.78]
L001835 | [Train Loss: 0.763]
L001836 | [Train F1: 0.6584198486944388]
L001837 | [Train Acc: 0.6597422581265628]
L001838 | [Dev Loss: 1.2694]
L001839 | [Dev F1: 0.4298473557366753]
L001840 | [Dev Acc: 0.4713584288052373]
L001841 | 
L001842-L001857 | [REDACTED: batch progress and internal diagnostics]
L001858 | [Epoch 73] [Time: 2.76]
L001859 | [Train Loss: 0.7748]
L001860 | [Train F1: 0.6516512803080935]
L001861 | [Train Acc: 0.6557030198115023]
L001862 | [Dev Loss: 1.2672]
L001863 | [Dev F1: 0.4728747139777888]
L001864 | [Dev Acc: 0.49918166939443537]
L001865 | 
L001866-L001881 | [REDACTED: batch progress and internal diagnostics]
L001882 | [Epoch 74] [Time: 2.95]
L001883 | [Train Loss: 0.7583]
L001884 | [Train F1: 0.6587743005148932]
L001885 | [Train Acc: 0.660511636853241]
L001886 | [Dev Loss: 1.1884]
L001887 | [Dev F1: 0.4708541555898618]
L001888 | [Dev Acc: 0.5008183306055647]
L001889 | 
L001890-L001905 | [REDACTED: batch progress and internal diagnostics]
L001906 | [Epoch 75] [Time: 2.89]
L001907 | [Train Loss: 0.7659]
L001908 | [Train F1: 0.6575207131758228]
L001909 | [Train Acc: 0.6587805347182151]
L001910 | [Dev Loss: 1.2865]
L001911 | [Dev F1: 0.4745809659529149]
L001912 | [Dev Acc: 0.5057283142389526]
L001913 | 
L001914-L001929 | [REDACTED: batch progress and internal diagnostics]
L001930 | [Epoch 76] [Time: 2.64]
L001931 | [Train Loss: 0.7599]
L001932 | [Train F1: 0.6660672808207946]
L001933 | [Train Acc: 0.6680130794383535]
L001934 | [Dev Loss: 1.1978]
L001935 | [Dev F1: 0.4887829205900502]
L001936 | [Dev Acc: 0.5171849427168577]
L001937 | 
L001938-L001953 | [REDACTED: batch progress and internal diagnostics]
L001954 | [Epoch 77] [Time: 2.80]
L001955 | [Train Loss: 0.748]
L001956 | [Train F1: 0.6619185122548058]
L001957 | [Train Acc: 0.6635891517599538]
L001958 | [Dev Loss: 1.2933]
L001959 | [Dev F1: 0.4786517164402023]
L001960 | [Dev Acc: 0.5040916530278232]
L001961 | 
L001962-L001977 | [REDACTED: batch progress and internal diagnostics]
L001978 | [Epoch 78] [Time: 2.62]
L001979 | [Train Loss: 0.7558]
L001980 | [Train F1: 0.6653722764900115]
L001981 | [Train Acc: 0.6670513560300058]
L001982 | [Dev Loss: 1.2043]
L001983 | [Dev F1: 0.47592677755661994]
L001984 | [Dev Acc: 0.49918166939443537]
L001985 | 
L001986-L002001 | [REDACTED: batch progress and internal diagnostics]
L002002 | [Epoch 79] [Time: 2.70]
L002003 | [Train Loss: 0.7638]
L002004 | [Train F1: 0.6595792217380491]
L002005 | [Train Acc: 0.6618580496249279]
L002006 | [Dev Loss: 1.2961]
L002007 | [Dev F1: 0.4301265450785166]
L002008 | [Dev Acc: 0.45662847790507366]
L002009 | 
L002010-L002025 | [REDACTED: batch progress and internal diagnostics]
L002026 | [Epoch 80] [Time: 2.69]
L002027 | [Train Loss: 0.768]
L002028 | [Train F1: 0.6532141540300539]
L002029 | [Train Acc: 0.6558953644931718]
L002030 | [Dev Loss: 1.1993]
L002031 | [Dev F1: 0.4778485568477384]
L002032 | [Dev Acc: 0.5090016366612111]
L002033 | 
L002034-L002049 | [REDACTED: batch progress and internal diagnostics]
L002050 | [Epoch 81] [Time: 2.66]
L002051 | [Train Loss: 0.7696]
L002052 | [Train F1: 0.6629811200458614]
L002053 | [Train Acc: 0.6647432198499712]
L002054 | [Dev Loss: 1.2482]
L002055 | [Dev F1: 0.4538952619894669]
L002056 | [Dev Acc: 0.48117839607201307]
L002057 | 
L002058-L002073 | [REDACTED: batch progress and internal diagnostics]
L002074 | [Epoch 82] [Time: 2.77]
L002075 | [Train Loss: 0.7569]
L002076 | [Train F1: 0.6685225429650268]
L002077 | [Train Acc: 0.6699365262550491]
L002078 | [Dev Loss: 1.1496]
L002079 | [Dev F1: 0.4802593740208897]
L002080 | [Dev Acc: 0.5090016366612111]
L002081 | 
L002082-L002097 | [REDACTED: batch progress and internal diagnostics]
L002098 | [Epoch 83] [Time: 2.75]
L002099 | [Train Loss: 0.7558]
L002100 | [Train F1: 0.6648028669088933]
L002101 | [Train Acc: 0.6672437007116753]
L002102 | [Dev Loss: 1.3068]
L002103 | [Dev F1: 0.4716539956660401]
L002104 | [Dev Acc: 0.5008183306055647]
L002105 | 
L002106-L002121 | [REDACTED: batch progress and internal diagnostics]
L002122 | [Epoch 84] [Time: 2.76]
L002123 | [Train Loss: 0.763]
L002124 | [Train F1: 0.6567937043517439]
L002125 | [Train Acc: 0.6585881900365455]
L002126 | [Dev Loss: 1.1971]
L002127 | [Dev F1: 0.4675803120342596]
L002128 | [Dev Acc: 0.5008183306055647]
L002129 | 
L002130-L002145 | [REDACTED: batch progress and internal diagnostics]
L002146 | [Epoch 85] [Time: 2.67]
L002147 | [Train Loss: 0.7497]
L002148 | [Train F1: 0.6674503814897983]
L002149 | [Train Acc: 0.6701288709367186]
L002150 | [Dev Loss: 1.3679]
L002151 | [Dev F1: 0.47995535681792956]
L002152 | [Dev Acc: 0.5008183306055647]
L002153 | 
L002154-L002169 | [REDACTED: batch progress and internal diagnostics]
L002170 | [Epoch 86] [Time: 2.83]
L002171 | [Train Loss: 0.7542]
L002172 | [Train F1: 0.6625668383152319]
L002173 | [Train Acc: 0.6635891517599538]
L002174 | [Dev Loss: 1.2448]
L002175 | [Dev F1: 0.47843173646582854]
L002176 | [Dev Acc: 0.5057283142389526]
L002177 | 
L002178-L002193 | [REDACTED: batch progress and internal diagnostics]
L002194 | [Epoch 87] [Time: 2.66]
L002195 | [Train Loss: 0.7467]
L002196 | [Train F1: 0.6680891844586813]
L002197 | [Train Acc: 0.6701288709367186]
L002198 | [Dev Loss: 1.2323]
L002199 | [Dev F1: 0.4747221788510207]
L002200 | [Dev Acc: 0.513911620294599]
L002201 | 
L002202-L002217 | [REDACTED: batch progress and internal diagnostics]
L002218 | [Epoch 88] [Time: 2.89]
L002219 | [Train Loss: 0.7404]
L002220 | [Train F1: 0.6663451077655934]
L002221 | [Train Acc: 0.6683977688016927]
L002222 | [Dev Loss: 1.2399]
L002223 | [Dev F1: 0.46827935132733006]
L002224 | [Dev Acc: 0.5040916530278232]
L002225 | 
L002226-L002241 | [REDACTED: batch progress and internal diagnostics]
L002242 | [Epoch 89] [Time: 2.76]
L002243 | [Train Loss: 0.7398]
L002244 | [Train F1: 0.6741485827770528]
L002245 | [Train Acc: 0.6755145220234661]
L002246 | [Dev Loss: 1.2202]
L002247 | [Dev F1: 0.47790581118798464]
L002248 | [Dev Acc: 0.5106382978723404]
L002249 | 
L002250-L002265 | [REDACTED: batch progress and internal diagnostics]
L002266 | [Epoch 90] [Time: 2.73]
L002267 | [Train Loss: 0.7407]
L002268 | [Train F1: 0.6699715024581543]
L002269 | [Train Acc: 0.6710905943450663]
L002270 | [Dev Loss: 1.2258]
L002271 | [Dev F1: 0.4720960803508019]
L002272 | [Dev Acc: 0.49427168576104746]
L002273 | 
L002274-L002289 | [REDACTED: batch progress and internal diagnostics]
L002290 | [Epoch 91] [Time: 2.84]
L002291 | [Train Loss: 0.7317]
L002292 | [Train F1: 0.6722665114923646]
L002293 | [Train Acc: 0.6751298326601269]
L002294 | [Dev Loss: 1.2673]
L002295 | [Dev F1: 0.47787690657204773]
L002296 | [Dev Acc: 0.502454991816694]
L002297 | 
L002298-L002313 | [REDACTED: batch progress and internal diagnostics]
L002314 | [Epoch 92] [Time: 2.72]
L002315 | [Train Loss: 0.7315]
L002316 | [Train F1: 0.6781351879730233]
L002317 | [Train Acc: 0.6799384497018658]
L002318 | [Dev Loss: 1.2295]
L002319 | [Dev F1: 0.4745247017771398]
L002320 | [Dev Acc: 0.5106382978723404]
L002321 | 
L002322-L002337 | [REDACTED: batch progress and internal diagnostics]
L002338 | [Epoch 93] [Time: 2.83]
L002339 | [Train Loss: 0.7363]
L002340 | [Train F1: 0.6755446938890518]
L002341 | [Train Acc: 0.6764762454318138]
L002342 | [Dev Loss: 1.2308]
L002343 | [Dev F1: 0.46747180598092103]
L002344 | [Dev Acc: 0.5008183306055647]
L002345 | 
L002346-L002361 | [REDACTED: batch progress and internal diagnostics]
L002362 | [Epoch 94] [Time: 2.74]
L002363 | [Train Loss: 0.7283]
L002364 | [Train F1: 0.6726821468934249]
L002365 | [Train Acc: 0.6757068667051356]
L002366 | [Dev Loss: 1.1772]
L002367 | [Dev F1: 0.49655467000231235]
L002368 | [Dev Acc: 0.513911620294599]
L002369 | 
L002370-L002385 | [REDACTED: batch progress and internal diagnostics]
L002386 | [Epoch 95] [Time: 2.70]
L002387 | [Train Loss: 0.7241]
L002388 | [Train F1: 0.6794906118404076]
L002389 | [Train Acc: 0.6812848624735526]
L002390 | [Dev Loss: 1.2259]
L002391 | [Dev F1: 0.4792523105598196]
L002392 | [Dev Acc: 0.5155482815057283]
L002393 | 
L002394-L002409 | [REDACTED: batch progress and internal diagnostics]
L002410 | [Epoch 96] [Time: 2.74]
L002411 | [Train Loss: 0.7283]
L002412 | [Train F1: 0.6689373956229828]
L002413 | [Train Acc: 0.6718599730717446]
L002414 | [Dev Loss: 1.2503]
L002415 | [Dev F1: 0.4635106467068925]
L002416 | [Dev Acc: 0.486088379705401]
L002417 | 
L002418-L002433 | [REDACTED: batch progress and internal diagnostics]
L002434 | [Epoch 97] [Time: 2.65]
L002435 | [Train Loss: 0.7174]
L002436 | [Train F1: 0.682024572721883]
L002437 | [Train Acc: 0.6834006539719176]
L002438 | [Dev Loss: 1.202]
L002439 | [Dev F1: 0.4860726689353107]
L002440 | [Dev Acc: 0.5008183306055647]
L002441 | 
L002442-L002457 | [REDACTED: batch progress and internal diagnostics]
L002458 | [Epoch 98] [Time: 2.99]
L002459 | [Train Loss: 0.7161]
L002460 | [Train F1: 0.683259973660652]
L002461 | [Train Acc: 0.6851317561069437]
L002462 | [Dev Loss: 1.291]
L002463 | [Dev F1: 0.45419114301338354]
L002464 | [Dev Acc: 0.4779050736497545]
L002465 | 
L002466-L002481 | [REDACTED: batch progress and internal diagnostics]
L002482 | [Epoch 99] [Time: 2.97]
L002483 | [Train Loss: 0.7115]
L002484 | [Train F1: 0.6859575469028728]
L002485 | [Train Acc: 0.6874398922869782]
L002486 | [Dev Loss: 1.2106]
L002487 | [Dev F1: 0.4663783137510539]
L002488 | [Dev Acc: 0.49263502454991814]
L002489 | 
L002490-L002505 | [REDACTED: batch progress and internal diagnostics]
L002506 | [Epoch 100] [Time: 2.80]
L002507 | [Train Loss: 0.7141]
L002508 | [Train F1: 0.6810887568673617]
L002509 | [Train Acc: 0.6837853433352568]
L002510 | [Dev Loss: 1.3166]
L002511 | [Dev F1: 0.4647721816948134]
L002512 | [Dev Acc: 0.4844517184942717]
L002513 | 
L002514-L002529 | [REDACTED: batch progress and internal diagnostics]
L002530 | [Epoch 101] [Time: 2.71]
L002531 | [Train Loss: 0.714]
L002532 | [Train F1: 0.6858948963991034]
L002533 | [Train Acc: 0.6872475476053087]
L002534 | [Dev Loss: 1.2041]
L002535 | [Dev F1: 0.49838791131929333]
L002536 | [Dev Acc: 0.5220949263502455]
L002537 | 
L002538-L002553 | [REDACTED: batch progress and internal diagnostics]
L002554 | [Epoch 102] [Time: 2.62]
L002555 | [Train Loss: 0.7117]
L002556 | [Train F1: 0.6928214535473322]
L002557 | [Train Acc: 0.693979611463743]
L002558 | [Dev Loss: 1.2746]
L002559 | [Dev F1: 0.4836598300169427]
L002560 | [Dev Acc: 0.5155482815057283]
L002561 | 
L002562-L002577 | [REDACTED: batch progress and internal diagnostics]
L002578 | [Epoch 103] [Time: 2.79]
L002579 | [Train Loss: 0.713]
L002580 | [Train F1: 0.6898257532220176]
L002581 | [Train Acc: 0.6928255433737257]
L002582 | [Dev Loss: 1.2174]
L002583 | [Dev F1: 0.46924061203614126]
L002584 | [Dev Acc: 0.49263502454991814]
L002585 | 
L002586-L002601 | [REDACTED: batch progress and internal diagnostics]
L002602 | [Epoch 104] [Time: 2.65]
L002603 | [Train Loss: 0.72]
L002604 | [Train F1: 0.6823394214268913]
L002605 | [Train Acc: 0.6853241007886132]
L002606 | [Dev Loss: 1.2118]
L002607 | [Dev F1: 0.47768273650808885]
L002608 | [Dev Acc: 0.48936170212765956]
L002609 | 
L002610-L002625 | [REDACTED: batch progress and internal diagnostics]
L002626 | [Epoch 105] [Time: 2.81]
L002627 | [Train Loss: 0.7212]
L002628 | [Train F1: 0.6890498121603293]
L002629 | [Train Acc: 0.690132717830352]
L002630 | [Dev Loss: 1.1878]
L002631 | [Dev F1: 0.4788828536616543]
L002632 | [Dev Acc: 0.5155482815057283]
L002633 | 
L002634-L002649 | [REDACTED: batch progress and internal diagnostics]
L002650 | [Epoch 106] [Time: 2.71]
L002651 | [Train Loss: 0.7134]
L002652 | [Train F1: 0.6864271558501814]
L002653 | [Train Acc: 0.6889786497403346]
L002654 | [Dev Loss: 1.1663]
L002655 | [Dev F1: 0.4773488629563272]
L002656 | [Dev Acc: 0.502454991816694]
L002657 | 
L002658-L002673 | [REDACTED: batch progress and internal diagnostics]
L002674 | [Epoch 107] [Time: 2.68]
L002675 | [Train Loss: 0.7085]
L002676 | [Train F1: 0.6901319750240882]
L002677 | [Train Acc: 0.6899403731486824]
L002678 | [Dev Loss: 1.2238]
L002679 | [Dev F1: 0.5047551161293877]
L002680 | [Dev Acc: 0.5270049099836334]
L002681 | 
L002682-L002697 | [REDACTED: batch progress and internal diagnostics]
L002698 | [Epoch 108] [Time: 2.65]
L002699 | [Train Loss: 0.6945]
L002700 | [Train F1: 0.6968330494950455]
L002701 | [Train Acc: 0.7001346412771687]
L002702 | [Dev Loss: 1.2404]
L002703 | [Dev F1: 0.4582592009052336]
L002704 | [Dev Acc: 0.486088379705401]
L002705 | 
L002706-L002721 | [REDACTED: batch progress and internal diagnostics]
L002722 | [Epoch 109] [Time: 2.71]
L002723 | [Train Loss: 0.6906]
L002724 | [Train F1: 0.7016565447005401]
L002725 | [Train Acc: 0.7009040200038469]
L002726 | [Dev Loss: 1.3174]
L002727 | [Dev F1: 0.43206903301207233]
L002728 | [Dev Acc: 0.46153846153846156]
L002729 | 
L002730-L002745 | [REDACTED: batch progress and internal diagnostics]
L002746 | [Epoch 110] [Time: 2.63]
L002747 | [Train Loss: 0.6773]
L002748 | [Train F1: 0.7056277351595089]
L002749 | [Train Acc: 0.7089824966339681]
L002750 | [Dev Loss: 1.25]
L002751 | [Dev F1: 0.4531042273559036]
L002752 | [Dev Acc: 0.4664484451718494]
L002753 | 
L002754-L002769 | [REDACTED: batch progress and internal diagnostics]
L002770 | [Epoch 111] [Time: 2.71]
L002771 | [Train Loss: 0.667]
L002772 | [Train F1: 0.7118863213526859]
L002773 | [Train Acc: 0.71244470090402]
L002774 | [Dev Loss: 1.2399]
L002775 | [Dev F1: 0.4571374441877741]
L002776 | [Dev Acc: 0.4746317512274959]
L002777 | 
L002778-L002793 | [REDACTED: batch progress and internal diagnostics]
L002794 | [Epoch 112] [Time: 2.74]
L002795 | [Train Loss: 0.6522]
L002796 | [Train F1: 0.7217752126057463]
L002797 | [Train Acc: 0.7234083477591845]
L002798 | [Dev Loss: 1.2774]
L002799 | [Dev F1: 0.48514917086910386]
L002800 | [Dev Acc: 0.5155482815057283]
L002801 | 
L002802-L002817 | [REDACTED: batch progress and internal diagnostics]
L002818 | [Epoch 113] [Time: 2.59]
L002819 | [Train Loss: 0.6538]
L002820 | [Train F1: 0.7142268854876892]
L002821 | [Train Acc: 0.7153298711290633]
L002822 | [Dev Loss: 1.2434]
L002823 | [Dev F1: 0.4597414282536702]
L002824 | [Dev Acc: 0.502454991816694]
L002825 | 
L002826-L002841 | [REDACTED: batch progress and internal diagnostics]
L002842 | [Epoch 114] [Time: 2.79]
L002843 | [Train Loss: 0.6513]
L002844 | [Train F1: 0.7125786789226658]
L002845 | [Train Acc: 0.7145604924023851]
L002846 | [Dev Loss: 1.2587]
L002847 | [Dev F1: 0.47343942471521]
L002848 | [Dev Acc: 0.49427168576104746]
L002849 | 
L002850-L002865 | [REDACTED: batch progress and internal diagnostics]
L002866 | [Epoch 115] [Time: 2.60]
L002867 | [Train Loss: 0.6506]
L002868 | [Train F1: 0.7242546853900829]
L002869 | [Train Acc: 0.7249471052125409]
L002870 | [Dev Loss: 1.3087]
L002871 | [Dev F1: 0.44372068080653476]
L002872 | [Dev Acc: 0.4795417348608838]
L002873 | 
L002874-L002889 | [REDACTED: batch progress and internal diagnostics]
L002890 | [Epoch 116] [Time: 2.70]
L002891 | [Train Loss: 0.6476]
L002892 | [Train F1: 0.7187858367408835]
L002893 | [Train Acc: 0.7212925562608193]
L002894 | [Dev Loss: 1.3117]
L002895 | [Dev F1: 0.44911031942868423]
L002896 | [Dev Acc: 0.4762684124386252]
L002897 | 
L002898-L002913 | [REDACTED: batch progress and internal diagnostics]
L002914 | [Epoch 117] [Time: 2.60]
L002915 | [Train Loss: 0.6353]
L002916 | [Train F1: 0.7374566836737007]
L002917 | [Train Acc: 0.7389882669744181]
L002918 | [Dev Loss: 1.4302]
L002919 | [Dev F1: 0.460475953629628]
L002920 | [Dev Acc: 0.4844517184942717]
L002921 | 
L002922-L002937 | [REDACTED: batch progress and internal diagnostics]
L002938 | [Epoch 118] [Time: 2.64]
L002939 | [Train Loss: 0.6313]
L002940 | [Train F1: 0.7394057132870371]
L002941 | [Train Acc: 0.7411040584727833]
L002942 | [Dev Loss: 1.2754]
L002943 | [Dev F1: 0.4135635208893349]
L002944 | [Dev Acc: 0.4353518821603928]
L002945 | 
L002946-L002961 | [REDACTED: batch progress and internal diagnostics]
L002962 | [Epoch 119] [Time: 2.71]
L002963 | [Train Loss: 0.619]
L002964 | [Train F1: 0.7430485119503908]
L002965 | [Train Acc: 0.7457203308328525]
L002966 | [Dev Loss: 1.3039]
L002967 | [Dev F1: 0.44200464027514436]
L002968 | [Dev Acc: 0.46153846153846156]
L002969 | 
L002970-L002985 | [REDACTED: batch progress and internal diagnostics]
L002986 | [Epoch 120] [Time: 2.69]
L002987 | [Train Loss: 0.6121]
L002988 | [Train F1: 0.7511196835424953]
L002989 | [Train Acc: 0.7516830159646086]
L002990 | [Dev Loss: 1.3815]
L002991 | [Dev F1: 0.4273281566954612]
L002992 | [Dev Acc: 0.4500818330605565]
L002993 | 
L002994-L003009 | [REDACTED: batch progress and internal diagnostics]
L003010 | [Epoch 121] [Time: 2.73]
L003011 | [Train Loss: 0.6107]
L003012 | [Train F1: 0.7426650378410437]
L003013 | [Train Acc: 0.7432198499711483]
L003014 | [Dev Loss: 1.1935]
L003015 | [Dev F1: 0.47986593129069405]
L003016 | [Dev Acc: 0.502454991816694]
L003017 | 
L003018-L003033 | [REDACTED: batch progress and internal diagnostics]
L003034 | [Epoch 122] [Time: 2.87]
L003035 | [Train Loss: 0.5833]
L003036 | [Train F1: 0.7620568774587566]
L003037 | [Train Acc: 0.7632236968647816]
L003038 | [Dev Loss: 1.2793]
L003039 | [Dev F1: 0.4725901446199411]
L003040 | [Dev Acc: 0.49263502454991814]
L003041 | 
L003042-L003057 | [REDACTED: batch progress and internal diagnostics]
L003058 | [Epoch 123] [Time: 2.67]
L003059 | [Train Loss: 0.5673]
L003060 | [Train F1: 0.770220653387325]
L003061 | [Train Acc: 0.7711098288132333]
L003062 | [Dev Loss: 1.2754]
L003063 | [Dev F1: 0.45421183099365137]
L003064 | [Dev Acc: 0.4779050736497545]
L003065 | 
L003066-L003081 | [REDACTED: batch progress and internal diagnostics]
L003082 | [Epoch 124] [Time: 2.61]
L003083 | [Train Loss: 0.583]
L003084 | [Train F1: 0.7607528297361132]
L003085 | [Train Acc: 0.7616849394114252]
L003086 | [Dev Loss: 1.3541]
L003087 | [Dev F1: 0.4427079049311219]
L003088 | [Dev Acc: 0.47299509001636664]
L003089 | 
L003090-L003105 | [REDACTED: batch progress and internal diagnostics]
L003106 | [Epoch 125] [Time: 2.73]
L003107 | [Train Loss: 0.564]
L003108 | [Train F1: 0.7616403003885338]
L003109 | [Train Acc: 0.762646662819773]
L003110 | [Dev Loss: 1.3249]
L003111 | [Dev F1: 0.46142081108442445]
L003112 | [Dev Acc: 0.4746317512274959]
L003113 | 
L003114-L003129 | [REDACTED: batch progress and internal diagnostics]
L003130 | [Epoch 126] [Time: 2.66]
L003131 | [Train Loss: 0.5422]
L003132 | [Train F1: 0.7835565522294722]
L003133 | [Train Acc: 0.7839969224850933]
L003134 | [Dev Loss: 1.2783]
L003135 | [Dev F1: 0.4857954975361086]
L003136 | [Dev Acc: 0.5106382978723404]
L003137 | 
L003138-L003153 | [REDACTED: batch progress and internal diagnostics]
L003154 | [Epoch 127] [Time: 2.70]
L003155 | [Train Loss: 0.5365]
L003156 | [Train F1: 0.7765471228860651]
L003157 | [Train Acc: 0.7764954798999808]
L003158 | [Dev Loss: 1.2452]
L003159 | [Dev F1: 0.49590370491696184]
L003160 | [Dev Acc: 0.5073649754500819]
L003161 | 
L003162-L003177 | [REDACTED: batch progress and internal diagnostics]
L003178 | [Epoch 128] [Time: 2.69]
L003179 | [Train Loss: 0.5351]
L003180 | [Train F1: 0.7824315380565926]
L003181 | [Train Acc: 0.7830351990767456]
L003182 | [Dev Loss: 1.2777]
L003183 | [Dev F1: 0.5139025390721289]
L003184 | [Dev Acc: 0.5319148936170213]
L003185 | 
L003186-L003201 | [REDACTED: batch progress and internal diagnostics]
L003202 | [Epoch 129] [Time: 2.67]
L003203 | [Train Loss: 0.5366]
L003204 | [Train F1: 0.7793834035784727]
L003205 | [Train Acc: 0.7805347182150414]
L003206 | [Dev Loss: 1.3299]
L003207 | [Dev F1: 0.44950454861292094]
L003208 | [Dev Acc: 0.469721767594108]
L003209 | 
L003210-L003225 | [REDACTED: batch progress and internal diagnostics]
L003226 | [Epoch 130] [Time: 2.72]
L003227 | [Train Loss: 0.5222]
L003228 | [Train F1: 0.7917068887465322]
L003229 | [Train Acc: 0.792267743796884]
L003230 | [Dev Loss: 1.1602]
L003231 | [Dev F1: 0.5196113877077339]
L003232 | [Dev Acc: 0.5319148936170213]
L003233 | 
L003234-L003249 | [REDACTED: batch progress and internal diagnostics]
L003250 | [Epoch 131] [Time: 2.68]
L003251 | [Train Loss: 0.5286]
L003252 | [Train F1: 0.7896373996046702]
L003253 | [Train Acc: 0.7897672629351798]
L003254 | [Dev Loss: 1.2564]
L003255 | [Dev F1: 0.49782976982235294]
L003256 | [Dev Acc: 0.5155482815057283]
L003257 | 
L003258-L003273 | [REDACTED: batch progress and internal diagnostics]
L003274 | [Epoch 132] [Time: 2.79]
L003275 | [Train Loss: 0.5212]
L003276 | [Train F1: 0.7888511242210915]
L003277 | [Train Acc: 0.7899596076168494]
L003278 | [Dev Loss: 1.2097]
L003279 | [Dev F1: 0.5420005527778504]
L003280 | [Dev Acc: 0.5515548281505729]
L003281 | 
L003282-L003297 | [REDACTED: batch progress and internal diagnostics]
L003298 | [Epoch 133] [Time: 2.84]
L003299 | [Train Loss: 0.4977]
L003300 | [Train F1: 0.7982542652188395]
L003301 | [Train Acc: 0.7984227736103097]
L003302 | [Dev Loss: 1.2339]
L003303 | [Dev F1: 0.503152587024796]
L003304 | [Dev Acc: 0.5237315875613748]
L003305 | 
L003306-L003321 | [REDACTED: batch progress and internal diagnostics]
L003322 | [Epoch 134] [Time: 2.76]
L003323 | [Train Loss: 0.493]
L003324 | [Train F1: 0.8065894866800913]
L003325 | [Train Acc: 0.8070782842854395]
L003326 | [Dev Loss: 1.2661]
L003327 | [Dev F1: 0.5026981495868874]
L003328 | [Dev Acc: 0.5204582651391162]
L003329 | 
L003330-L003345 | [REDACTED: batch progress and internal diagnostics]
L003346 | [Epoch 135] [Time: 2.74]
L003347 | [Train Loss: 0.4724]
L003348 | [Train F1: 0.8131842408549063]
L003349 | [Train Acc: 0.8138103481438739]
L003350 | [Dev Loss: 1.259]
L003351 | [Dev F1: 0.5228432766075434]
L003352 | [Dev Acc: 0.5319148936170213]
L003353 | 
L003354-L003369 | [REDACTED: batch progress and internal diagnostics]
L003370 | [Epoch 136] [Time: 2.62]
L003371 | [Train Loss: 0.4703]
L003372 | [Train F1: 0.8126999170501944]
L003373 | [Train Acc: 0.8130409694171956]
L003374 | [Dev Loss: 1.336]
L003375 | [Dev F1: 0.48149263867664477]
L003376 | [Dev Acc: 0.49918166939443537]
L003377 | 
L003378-L003393 | [REDACTED: batch progress and internal diagnostics]
L003394 | [Epoch 137] [Time: 2.82]
L003395 | [Train Loss: 0.462]
L003396 | [Train F1: 0.8153560299797725]
L003397 | [Train Acc: 0.8155414502788998]
L003398 | [Dev Loss: 1.3409]
L003399 | [Dev F1: 0.4909308565762441]
L003400 | [Dev Acc: 0.502454991816694]
L003401 | 
L003402-L003417 | [REDACTED: batch progress and internal diagnostics]
L003418 | [Epoch 138] [Time: 2.68]
L003419 | [Train Loss: 0.4542]
L003420 | [Train F1: 0.8178852528797604]
L003421 | [Train Acc: 0.8178495864589345]
L003422 | [Dev Loss: 1.4467]
L003423 | [Dev F1: 0.4765104506089775]
L003424 | [Dev Acc: 0.4844517184942717]
L003425 | 
L003426-L003441 | [REDACTED: batch progress and internal diagnostics]
L003442 | [Epoch 139] [Time: 2.67]
L003443 | [Train Loss: 0.4613]
L003444 | [Train F1: 0.8151796624745414]
L003445 | [Train Acc: 0.8157337949605693]
L003446 | [Dev Loss: 1.3509]
L003447 | [Dev F1: 0.5023538509070322]
L003448 | [Dev Acc: 0.5188216039279869]
L003449 | 
L003450-L003465 | [REDACTED: batch progress and internal diagnostics]
L003466 | [Epoch 140] [Time: 2.73]
L003467 | [Train Loss: 0.439]
L003468 | [Train F1: 0.8216786011200223]
L003469 | [Train Acc: 0.8222735141373341]
L003470 | [Dev Loss: 1.4012]
L003471 | [Dev F1: 0.48982723950003376]
L003472 | [Dev Acc: 0.502454991816694]
L003473 | 
L003474-L003489 | [REDACTED: batch progress and internal diagnostics]
L003490 | [Epoch 141] [Time: 2.71]
L003491 | [Train Loss: 0.4344]
L003492 | [Train F1: 0.8259524557409168]
L003493 | [Train Acc: 0.8255433737257165]
L003494 | [Dev Loss: 1.473]
L003495 | [Dev F1: 0.5026488840019067]
L003496 | [Dev Acc: 0.5155482815057283]
L003497 | 
L003498-L003513 | [REDACTED: batch progress and internal diagnostics]
L003514 | [Epoch 142] [Time: 2.69]
L003515 | [Train Loss: 0.442]
L003516 | [Train F1: 0.8234295662756247]
L003517 | [Train Acc: 0.8234275822273515]
L003518 | [Dev Loss: 1.4428]
L003519 | [Dev F1: 0.5113614014878191]
L003520 | [Dev Acc: 0.5237315875613748]
L003521 | 
L003522-L003537 | [REDACTED: batch progress and internal diagnostics]
L003538 | [Epoch 143] [Time: 2.71]
L003539 | [Train Loss: 0.4321]
L003540 | [Train F1: 0.8285778982166152]
L003541 | [Train Acc: 0.8288132333140988]
L003542 | [Dev Loss: 1.6287]
L003543 | [Dev F1: 0.44880516190207265]
L003544 | [Dev Acc: 0.469721767594108]
L003545 | 
L003546-L003561 | [REDACTED: batch progress and internal diagnostics]
L003562 | [Epoch 144] [Time: 2.63]
L003563 | [Train Loss: 0.4354]
L003564 | [Train F1: 0.8241597517649109]
L003565 | [Train Acc: 0.8247739949990383]
L003566 | [Dev Loss: 1.4822]
L003567 | [Dev F1: 0.5007613412766088]
L003568 | [Dev Acc: 0.5090016366612111]
L003569 | 
L003570-L003585 | [REDACTED: batch progress and internal diagnostics]
L003586 | [Epoch 145] [Time: 2.67]
L003587 | [Train Loss: 0.4273]
L003588 | [Train F1: 0.8304740755582722]
L003589 | [Train Acc: 0.8315060588574726]
L003590 | [Dev Loss: 1.6202]
L003591 | [Dev F1: 0.4625398156050412]
L003592 | [Dev Acc: 0.4779050736497545]
L003593 | 
L003594-L003609 | [REDACTED: batch progress and internal diagnostics]
L003610 | [Epoch 146] [Time: 2.75]
L003611 | [Train Loss: 0.4156]
L003612 | [Train F1: 0.832206800121306]
L003613 | [Train Acc: 0.8316984035391422]
L003614 | [Dev Loss: 1.3794]
L003615 | [Dev F1: 0.5215524664831226]
L003616 | [Dev Acc: 0.5351882160392799]
L003617 | 
L003618-L003633 | [REDACTED: batch progress and internal diagnostics]
L003634 | [Epoch 147] [Time: 2.71]
L003635 | [Train Loss: 0.4277]
L003636 | [Train F1: 0.8309513085317516]
L003637 | [Train Acc: 0.8316984035391422]
L003638 | [Dev Loss: 1.4527]
L003639 | [Dev F1: 0.5102869301716715]
L003640 | [Dev Acc: 0.5253682487725041]
L003641 | 
L003642-L003657 | [REDACTED: batch progress and internal diagnostics]
L003658 | [Epoch 148] [Time: 2.71]
L003659 | [Train Loss: 0.4251]
L003660 | [Train F1: 0.8248739499915815]
L003661 | [Train Acc: 0.8255433737257165]
L003662 | [Dev Loss: 1.3885]
L003663 | [Dev F1: 0.5050469603767818]
L003664 | [Dev Acc: 0.5155482815057283]
L003665 | 
L003666-L003681 | [REDACTED: batch progress and internal diagnostics]
L003682 | [Epoch 149] [Time: 2.66]
L003683 | [Train Loss: 0.3942]
L003684 | [Train F1: 0.8443225261793064]
L003685 | [Train Acc: 0.8434314291209848]
L003686 | [Dev Loss: 1.379]
L003687 | [Dev F1: 0.5174523408566829]
L003688 | [Dev Acc: 0.5253682487725041]
L003689 | Last model
L003690 |               precision    recall  f1-score   support
L003691 | 
L003692 |          hap     0.5763    0.4722    0.5191       144
L003693 |          sad     0.8473    0.7020    0.7679       245
L003694 |          neu     0.5496    0.5911    0.5696       384
L003695 |          ang     0.5946    0.6471    0.6197       170
L003696 |          exc     0.7310    0.7090    0.7199       299
L003697 |          fru     0.5531    0.6010    0.5761       381
L003698 | 
L003699 |     accuracy                         0.6272      1623
L003700 |    macro avg     0.6420    0.6204    0.6287      1623
L003701 | weighted avg     0.6359    0.6272    0.6295      1623
L003702 | 
L003703 | Best model at epoch: 132
L003704 | Best dev F1: 0.5420005527778504
L003705 |               precision    recall  f1-score   support
L003706 | 
L003707 |          hap     0.6019    0.4514    0.5159       144
L003708 |          sad     0.7910    0.7878    0.7894       245
L003709 |          neu     0.6010    0.6354    0.6177       384
L003710 |          ang     0.6053    0.5412    0.5714       170
L003711 |          exc     0.7135    0.8328    0.7685       299
L003712 |          fru     0.5797    0.5538    0.5664       381
L003713 | 
L003714 |     accuracy                         0.6494      1623
L003715 |    macro avg     0.6487    0.6337    0.6382      1623
L003716 | weighted avg     0.6459    0.6494    0.6455      1623
L003717 | 
L003718 | Best test F1: 0.645489907507088
L003719 | Best test Acc: 0.6494146642020949
L003720 | [SANITIZED] Saved checkpoint: [path and filename removed]
