# Redacted copy of an existing run log.
# run_id: G05-seed4
# dataset: IEMOCAP
# model: GCNet+AMBER
# imr: (0.7,0.3,0.5)
# seed_alias: seed4
# original_log_sha256: 8027f3bb41bf7def5dbfbc55651965f7328546bcd29483dc5fb1d55fd4c93027
# source_record_status: ok
# source_record_process_return_code: 3221226505
# L numbers refer to source logical lines; REDACTED/SANITIZED text is editorial.
L000001-L000005 | [REDACTED: configuration or implementation details]
L000006 | [SANITIZED] FutureWarning: [dependency deprecation notice; implementation details removed]
L000007-L000068 | [REDACTED: configuration or implementation details]
L000069 | [SANITIZED] Seed alias: seed4
L000070 | [REDACTED: configuration or implementation details]
L000071 | 
L000072-L000073 | [REDACTED: batch progress and internal diagnostics]
L000074 | 
L000075-L000076 | [REDACTED: batch progress and internal diagnostics]
L000077 | 
L000078-L000079 | [REDACTED: batch progress and internal diagnostics]
L000080-L000083 | [REDACTED: configuration or implementation details]
L000084 | [SANITIZED] Seed alias: seed4
L000085-L000088 | [REDACTED: configuration or implementation details]
L000089 | 
L000090-L000105 | [REDACTED: batch progress and internal diagnostics]
L000106 | [Epoch 0] [Time: 3.08]
L000107 | [Train Loss: 1.7445]
L000108 | [Train F1: 0.1578187769832242]
L000109 | [Train Acc: 0.24331602231198307]
L000110 | [Dev Loss: 1.6498]
L000111 | [Dev F1: 0.2231100415585169]
L000112 | [Dev Acc: 0.32405891980360063]
L000113 | 
L000114-L000129 | [REDACTED: batch progress and internal diagnostics]
L000130 | [Epoch 1] [Time: 2.83]
L000131 | [Train Loss: 1.5086]
L000132 | [Train F1: 0.358312390539223]
L000133 | [Train Acc: 0.4456626274283516]
L000134 | [Dev Loss: 1.5314]
L000135 | [Dev F1: 0.27143964087107403]
L000136 | [Dev Acc: 0.3878887070376432]
L000137 | 
L000138-L000153 | [REDACTED: batch progress and internal diagnostics]
L000154 | [Epoch 2] [Time: 2.89]
L000155 | [Train Loss: 1.3088]
L000156 | [Train F1: 0.42628521721682144]
L000157 | [Train Acc: 0.47624543181381035]
L000158 | [Dev Loss: 1.465]
L000159 | [Dev F1: 0.3176570473355095]
L000160 | [Dev Acc: 0.3486088379705401]
L000161 | 
L000162-L000177 | [REDACTED: batch progress and internal diagnostics]
L000178 | [Epoch 3] [Time: 2.87]
L000179 | [Train Loss: 1.1993]
L000180 | [Train F1: 0.4656397820908234]
L000181 | [Train Acc: 0.5027889978842085]
L000182 | [Dev Loss: 1.3514]
L000183 | [Dev F1: 0.2986927966864893]
L000184 | [Dev Acc: 0.38461538461538464]
L000185 | 
L000186-L000201 | [REDACTED: batch progress and internal diagnostics]
L000202 | [Epoch 4] [Time: 2.74]
L000203 | [Train Loss: 1.1538]
L000204 | [Train F1: 0.4942643537424416]
L000205 | [Train Acc: 0.5168301596460858]
L000206 | [Dev Loss: 1.3827]
L000207 | [Dev F1: 0.30682089010070895]
L000208 | [Dev Acc: 0.3993453355155483]
L000209 | 
L000210-L000225 | [REDACTED: batch progress and internal diagnostics]
L000226 | [Epoch 5] [Time: 2.71]
L000227 | [Train Loss: 1.1238]
L000228 | [Train F1: 0.5127722063250374]
L000229 | [Train Acc: 0.5299095979996153]
L000230 | [Dev Loss: 1.3003]
L000231 | [Dev F1: 0.3697019903060148]
L000232 | [Dev Acc: 0.41243862520458263]
L000233 | 
L000234-L000249 | [REDACTED: batch progress and internal diagnostics]
L000250 | [Epoch 6] [Time: 2.93]
L000251 | [Train Loss: 1.0901]
L000252 | [Train F1: 0.5238844865329796]
L000253 | [Train Acc: 0.5456818618965186]
L000254 | [Dev Loss: 1.2555]
L000255 | [Dev F1: 0.44665111656810036]
L000256 | [Dev Acc: 0.49427168576104746]
L000257 | 
L000258-L000273 | [REDACTED: batch progress and internal diagnostics]
L000274 | [Epoch 7] [Time: 2.91]
L000275 | [Train Loss: 1.0658]
L000276 | [Train F1: 0.5312752021050536]
L000277 | [Train Acc: 0.5468359299865359]
L000278 | [Dev Loss: 1.2765]
L000279 | [Dev F1: 0.37038709515283497]
L000280 | [Dev Acc: 0.4075286415711948]
L000281 | 
L000282-L000297 | [REDACTED: batch progress and internal diagnostics]
L000298 | [Epoch 8] [Time: 2.83]
L000299 | [Train Loss: 1.0486]
L000300 | [Train F1: 0.5390614572845474]
L000301 | [Train Acc: 0.5539526832083093]
L000302 | [Dev Loss: 1.239]
L000303 | [Dev F1: 0.35874492611745656]
L000304 | [Dev Acc: 0.46153846153846156]
L000305 | 
L000306-L000321 | [REDACTED: batch progress and internal diagnostics]
L000322 | [Epoch 9] [Time: 2.72]
L000323 | [Train Loss: 1.0203]
L000324 | [Train F1: 0.5654358069166843]
L000325 | [Train Acc: 0.5737641854202731]
L000326 | [Dev Loss: 1.2751]
L000327 | [Dev F1: 0.4050583681704919]
L000328 | [Dev Acc: 0.4500818330605565]
L000329 | 
L000330-L000345 | [REDACTED: batch progress and internal diagnostics]
L000346 | [Epoch 10] [Time: 2.65]
L000347 | [Train Loss: 1.0149]
L000348 | [Train F1: 0.5723132507163426]
L000349 | [Train Acc: 0.5839584535487594]
L000350 | [Dev Loss: 1.263]
L000351 | [Dev F1: 0.38213587389132986]
L000352 | [Dev Acc: 0.4402618657937807]
L000353 | 
L000354-L000369 | [REDACTED: batch progress and internal diagnostics]
L000370 | [Epoch 11] [Time: 2.80]
L000371 | [Train Loss: 0.9979]
L000372 | [Train F1: 0.5747058907941125]
L000373 | [Train Acc: 0.5804962492787075]
L000374 | [Dev Loss: 1.3033]
L000375 | [Dev F1: 0.32340507444458527]
L000376 | [Dev Acc: 0.37479541734860883]
L000377 | 
L000378-L000393 | [REDACTED: batch progress and internal diagnostics]
L000394 | [Epoch 12] [Time: 2.75]
L000395 | [Train Loss: 0.9817]
L000396 | [Train F1: 0.5812628619173648]
L000397 | [Train Acc: 0.588382381227159]
L000398 | [Dev Loss: 1.2188]
L000399 | [Dev F1: 0.4515758354638117]
L000400 | [Dev Acc: 0.4713584288052373]
L000401 | 
L000402-L000417 | [REDACTED: batch progress and internal diagnostics]
L000418 | [Epoch 13] [Time: 2.70]
L000419 | [Train Loss: 0.9808]
L000420 | [Train F1: 0.5791626943813517]
L000421 | [Train Acc: 0.5878053471821504]
L000422 | [Dev Loss: 1.2991]
L000423 | [Dev F1: 0.3984569614919491]
L000424 | [Dev Acc: 0.425531914893617]
L000425 | 
L000426-L000441 | [REDACTED: batch progress and internal diagnostics]
L000442 | [Epoch 14] [Time: 2.99]
L000443 | [Train Loss: 0.9635]
L000444 | [Train F1: 0.5839450190721718]
L000445 | [Train Acc: 0.5893441046355068]
L000446 | [Dev Loss: 1.2538]
L000447 | [Dev F1: 0.4260495918564212]
L000448 | [Dev Acc: 0.45662847790507366]
L000449 | 
L000450-L000465 | [REDACTED: batch progress and internal diagnostics]
L000466 | [Epoch 15] [Time: 2.82]
L000467 | [Train Loss: 0.9529]
L000468 | [Train F1: 0.588237186498881]
L000469 | [Train Acc: 0.5951144450855934]
L000470 | [Dev Loss: 1.233]
L000471 | [Dev F1: 0.4154458883028038]
L000472 | [Dev Acc: 0.44844517184942717]
L000473 | 
L000474-L000489 | [REDACTED: batch progress and internal diagnostics]
L000490 | [Epoch 16] [Time: 2.56]
L000491 | [Train Loss: 0.9456]
L000492 | [Train F1: 0.5984598452433407]
L000493 | [Train Acc: 0.6064627813040969]
L000494 | [Dev Loss: 1.2432]
L000495 | [Dev F1: 0.4386593033788939]
L000496 | [Dev Acc: 0.4500818330605565]
L000497 | 
L000498-L000513 | [REDACTED: batch progress and internal diagnostics]
L000514 | [Epoch 17] [Time: 2.80]
L000515 | [Train Loss: 0.9363]
L000516 | [Train F1: 0.5952741476331072]
L000517 | [Train Acc: 0.599538372763993]
L000518 | [Dev Loss: 1.2513]
L000519 | [Dev F1: 0.3996807199914344]
L000520 | [Dev Acc: 0.4402618657937807]
L000521 | 
L000522-L000537 | [REDACTED: batch progress and internal diagnostics]
L000538 | [Epoch 18] [Time: 2.75]
L000539 | [Train Loss: 0.9175]
L000540 | [Train F1: 0.6093365186074613]
L000541 | [Train Acc: 0.6135795345258703]
L000542 | [Dev Loss: 1.2685]
L000543 | [Dev F1: 0.37682606721999695]
L000544 | [Dev Acc: 0.40098199672667756]
L000545 | 
L000546-L000561 | [REDACTED: batch progress and internal diagnostics]
L000562 | [Epoch 19] [Time: 2.75]
L000563 | [Train Loss: 0.9183]
L000564 | [Train F1: 0.6036043440235266]
L000565 | [Train Acc: 0.6095402962108097]
L000566 | [Dev Loss: 1.1918]
L000567 | [Dev F1: 0.4411118298608135]
L000568 | [Dev Acc: 0.45662847790507366]
L000569 | 
L000570-L000585 | [REDACTED: batch progress and internal diagnostics]
L000586 | [Epoch 20] [Time: 2.96]
L000587 | [Train Loss: 0.9022]
L000588 | [Train F1: 0.6010967663380259]
L000589 | [Train Acc: 0.6033852663973841]
L000590 | [Dev Loss: 1.2605]
L000591 | [Dev F1: 0.41448304333356395]
L000592 | [Dev Acc: 0.46808510638297873]
L000593 | 
L000594-L000609 | [REDACTED: batch progress and internal diagnostics]
L000610 | [Epoch 21] [Time: 2.73]
L000611 | [Train Loss: 0.8941]
L000612 | [Train F1: 0.6053251848868701]
L000613 | [Train Acc: 0.610309674937488]
L000614 | [Dev Loss: 1.2556]
L000615 | [Dev F1: 0.4209078194805194]
L000616 | [Dev Acc: 0.4320785597381342]
L000617 | 
L000618-L000633 | [REDACTED: batch progress and internal diagnostics]
L000634 | [Epoch 22] [Time: 2.93]
L000635 | [Train Loss: 0.8898]
L000636 | [Train F1: 0.6128772510981186]
L000637 | [Train Acc: 0.6162723600692441]
L000638 | [Dev Loss: 1.1905]
L000639 | [Dev F1: 0.443074008831805]
L000640 | [Dev Acc: 0.4844517184942717]
L000641 | 
L000642-L000657 | [REDACTED: batch progress and internal diagnostics]
L000658 | [Epoch 23] [Time: 2.64]
L000659 | [Train Loss: 0.878]
L000660 | [Train F1: 0.6134427872895647]
L000661 | [Train Acc: 0.6176187728409309]
L000662 | [Dev Loss: 1.2208]
L000663 | [Dev F1: 0.42913031005602864]
L000664 | [Dev Acc: 0.48117839607201307]
L000665 | 
L000666-L000681 | [REDACTED: batch progress and internal diagnostics]
L000682 | [Epoch 24] [Time: 2.75]
L000683 | [Train Loss: 0.8762]
L000684 | [Train F1: 0.6173307902807101]
L000685 | [Train Acc: 0.6245431813810348]
L000686 | [Dev Loss: 1.2844]
L000687 | [Dev F1: 0.3850973381126657]
L000688 | [Dev Acc: 0.3993453355155483]
L000689 | 
L000690-L000705 | [REDACTED: batch progress and internal diagnostics]
L000706 | [Epoch 25] [Time: 2.76]
L000707 | [Train Loss: 0.8776]
L000708 | [Train F1: 0.6106920029403251]
L000709 | [Train Acc: 0.6112713983458358]
L000710 | [Dev Loss: 1.3464]
L000711 | [Dev F1: 0.41218863018887963]
L000712 | [Dev Acc: 0.4713584288052373]
L000713 | 
L000714-L000729 | [REDACTED: batch progress and internal diagnostics]
L000730 | [Epoch 26] [Time: 2.74]
L000731 | [Train Loss: 0.8837]
L000732 | [Train F1: 0.6004047343842558]
L000733 | [Train Acc: 0.6074245047124447]
L000734 | [Dev Loss: 1.2127]
L000735 | [Dev F1: 0.43107345848860873]
L000736 | [Dev Acc: 0.44680851063829785]
L000737 | 
L000738-L000753 | [REDACTED: batch progress and internal diagnostics]
L000754 | [Epoch 27] [Time: 3.01]
L000755 | [Train Loss: 0.8701]
L000756 | [Train F1: 0.6181062086550504]
L000757 | [Train Acc: 0.6195422196576265]
L000758 | [Dev Loss: 1.3765]
L000759 | [Dev F1: 0.42031084143424857]
L000760 | [Dev Acc: 0.4500818330605565]
L000761 | 
L000762-L000777 | [REDACTED: batch progress and internal diagnostics]
L000778 | [Epoch 28] [Time: 2.71]
L000779 | [Train Loss: 0.8813]
L000780 | [Train F1: 0.6171870626216519]
L000781 | [Train Acc: 0.6199269090209656]
L000782 | [Dev Loss: 1.2434]
L000783 | [Dev F1: 0.42245345338498497]
L000784 | [Dev Acc: 0.4713584288052373]
L000785 | 
L000786-L000801 | [REDACTED: batch progress and internal diagnostics]
L000802 | [Epoch 29] [Time: 2.75]
L000803 | [Train Loss: 0.8804]
L000804 | [Train F1: 0.6124001866769953]
L000805 | [Train Acc: 0.6149259472975572]
L000806 | [Dev Loss: 1.2733]
L000807 | [Dev F1: 0.42337388976960905]
L000808 | [Dev Acc: 0.4582651391162029]
L000809 | 
L000810-L000825 | [REDACTED: batch progress and internal diagnostics]
L000826 | [Epoch 30] [Time: 2.76]
L000827 | [Train Loss: 0.8931]
L000828 | [Train F1: 0.6134767142804647]
L000829 | [Train Acc: 0.6172340834775919]
L000830 | [Dev Loss: 1.2047]
L000831 | [Dev F1: 0.42186772132014255]
L000832 | [Dev Acc: 0.4353518821603928]
L000833 | 
L000834-L000849 | [REDACTED: batch progress and internal diagnostics]
L000850 | [Epoch 31] [Time: 2.89]
L000851 | [Train Loss: 0.8741]
L000852 | [Train F1: 0.6113818661107505]
L000853 | [Train Acc: 0.6131948451625313]
L000854 | [Dev Loss: 1.3207]
L000855 | [Dev F1: 0.4174499239351767]
L000856 | [Dev Acc: 0.4500818330605565]
L000857 | 
L000858-L000873 | [REDACTED: batch progress and internal diagnostics]
L000874 | [Epoch 32] [Time: 2.80]
L000875 | [Train Loss: 0.8704]
L000876 | [Train F1: 0.6141833569295627]
L000877 | [Train Acc: 0.6151182919792267]
L000878 | [Dev Loss: 1.3475]
L000879 | [Dev F1: 0.4195339764547534]
L000880 | [Dev Acc: 0.45171849427168576]
L000881 | 
L000882-L000897 | [REDACTED: batch progress and internal diagnostics]
L000898 | [Epoch 33] [Time: 2.85]
L000899 | [Train Loss: 0.8784]
L000900 | [Train F1: 0.6136999895216967]
L000901 | [Train Acc: 0.6203115983843047]
L000902 | [Dev Loss: 1.268]
L000903 | [Dev F1: 0.39739094457957763]
L000904 | [Dev Acc: 0.41898527004909986]
L000905 | 
L000906-L000921 | [REDACTED: batch progress and internal diagnostics]
L000922 | [Epoch 34] [Time: 2.90]
L000923 | [Train Loss: 0.8768]
L000924 | [Train F1: 0.6191722745231854]
L000925 | [Train Acc: 0.621465666474322]
L000926 | [Dev Loss: 1.2415]
L000927 | [Dev F1: 0.4182524895972374]
L000928 | [Dev Acc: 0.4713584288052373]
L000929 | 
L000930-L000945 | [REDACTED: batch progress and internal diagnostics]
L000946 | [Epoch 35] [Time: 2.86]
L000947 | [Train Loss: 0.858]
L000948 | [Train F1: 0.6184280507531168]
L000949 | [Train Acc: 0.6206962877476437]
L000950 | [Dev Loss: 1.331]
L000951 | [Dev F1: 0.4084323892853425]
L000952 | [Dev Acc: 0.41734860883797054]
L000953 | 
L000954-L000969 | [REDACTED: batch progress and internal diagnostics]
L000970 | [Epoch 36] [Time: 2.85]
L000971 | [Train Loss: 0.8505]
L000972 | [Train F1: 0.6254357214173427]
L000973 | [Train Acc: 0.6278130409694171]
L000974 | [Dev Loss: 1.2454]
L000975 | [Dev F1: 0.4118939712597238]
L000976 | [Dev Acc: 0.4451718494271686]
L000977 | 
L000978-L000993 | [REDACTED: batch progress and internal diagnostics]
L000994 | [Epoch 37] [Time: 2.73]
L000995 | [Train Loss: 0.8435]
L000996 | [Train F1: 0.623272675748695]
L000997 | [Train Acc: 0.629159453741104]
L000998 | [Dev Loss: 1.2553]
L000999 | [Dev F1: 0.41672866018238824]
L001000 | [Dev Acc: 0.4337152209492635]
L001001 | 
L001002-L001017 | [REDACTED: batch progress and internal diagnostics]
L001018 | [Epoch 38] [Time: 2.86]
L001019 | [Train Loss: 0.8493]
L001020 | [Train F1: 0.6296387323103975]
L001021 | [Train Acc: 0.6310829005577996]
L001022 | [Dev Loss: 1.2186]
L001023 | [Dev F1: 0.4075223458027407]
L001024 | [Dev Acc: 0.41898527004909986]
L001025 | 
L001026-L001041 | [REDACTED: batch progress and internal diagnostics]
L001042 | [Epoch 39] [Time: 2.77]
L001043 | [Train Loss: 0.8485]
L001044 | [Train F1: 0.6263606396918837]
L001045 | [Train Acc: 0.6303135218311213]
L001046 | [Dev Loss: 1.3101]
L001047 | [Dev F1: 0.41491443111898146]
L001048 | [Dev Acc: 0.4500818330605565]
L001049 | 
L001050-L001065 | [REDACTED: batch progress and internal diagnostics]
L001066 | [Epoch 40] [Time: 2.72]
L001067 | [Train Loss: 0.8368]
L001068 | [Train F1: 0.6234017787079534]
L001069 | [Train Acc: 0.6241584920176957]
L001070 | [Dev Loss: 1.236]
L001071 | [Dev F1: 0.41212028643261756]
L001072 | [Dev Acc: 0.44680851063829785]
L001073 | 
L001074-L001089 | [REDACTED: batch progress and internal diagnostics]
L001090 | [Epoch 41] [Time: 2.88]
L001091 | [Train Loss: 0.8315]
L001092 | [Train F1: 0.6299897895402825]
L001093 | [Train Acc: 0.632621658011156]
L001094 | [Dev Loss: 1.2545]
L001095 | [Dev F1: 0.44026578345023465]
L001096 | [Dev Acc: 0.45171849427168576]
L001097 | 
L001098-L001113 | [REDACTED: batch progress and internal diagnostics]
L001114 | [Epoch 42] [Time: 2.80]
L001115 | [Train Loss: 0.8248]
L001116 | [Train F1: 0.6348042143149922]
L001117 | [Train Acc: 0.6383919984612425]
L001118 | [Dev Loss: 1.2532]
L001119 | [Dev F1: 0.4229709796340704]
L001120 | [Dev Acc: 0.4369885433715221]
L001121 | 
L001122-L001137 | [REDACTED: batch progress and internal diagnostics]
L001138 | [Epoch 43] [Time: 2.89]
L001139 | [Train Loss: 0.8186]
L001140 | [Train F1: 0.637866276276967]
L001141 | [Train Acc: 0.638199653779573]
L001142 | [Dev Loss: 1.1999]
L001143 | [Dev F1: 0.4291961771374342]
L001144 | [Dev Acc: 0.44189852700491]
L001145 | 
L001146-L001161 | [REDACTED: batch progress and internal diagnostics]
L001162 | [Epoch 44] [Time: 2.82]
L001163 | [Train Loss: 0.8362]
L001164 | [Train F1: 0.6343220403954392]
L001165 | [Train Acc: 0.6378149644162339]
L001166 | [Dev Loss: 1.2845]
L001167 | [Dev F1: 0.400153931522839]
L001168 | [Dev Acc: 0.4206219312602291]
L001169 | 
L001170-L001185 | [REDACTED: batch progress and internal diagnostics]
L001186 | [Epoch 45] [Time: 2.76]
L001187 | [Train Loss: 0.8269]
L001188 | [Train F1: 0.63371379745509]
L001189 | [Train Acc: 0.6341604154645124]
L001190 | [Dev Loss: 1.188]
L001191 | [Dev F1: 0.4297786485104155]
L001192 | [Dev Acc: 0.46808510638297873]
L001193 | 
L001194-L001209 | [REDACTED: batch progress and internal diagnostics]
L001210 | [Epoch 46] [Time: 2.88]
L001211 | [Train Loss: 0.8252]
L001212 | [Train F1: 0.6406669684668328]
L001213 | [Train Acc: 0.6447393729563378]
L001214 | [Dev Loss: 1.3245]
L001215 | [Dev F1: 0.4168570195755467]
L001216 | [Dev Acc: 0.43044189852700493]
L001217 | 
L001218-L001233 | [REDACTED: batch progress and internal diagnostics]
L001234 | [Epoch 47] [Time: 2.83]
L001235 | [Train Loss: 0.8243]
L001236 | [Train F1: 0.6365335070118293]
L001237 | [Train Acc: 0.6378149644162339]
L001238 | [Dev Loss: 1.2205]
L001239 | [Dev F1: 0.4521094378006643]
L001240 | [Dev Acc: 0.47299509001636664]
L001241 | 
L001242-L001257 | [REDACTED: batch progress and internal diagnostics]
L001258 | [Epoch 48] [Time: 2.79]
L001259 | [Train Loss: 0.8343]
L001260 | [Train F1: 0.6303328160724813]
L001261 | [Train Acc: 0.6316599346028082]
L001262 | [Dev Loss: 1.2579]
L001263 | [Dev F1: 0.4157554059962054]
L001264 | [Dev Acc: 0.4500818330605565]
L001265 | 
L001266-L001281 | [REDACTED: batch progress and internal diagnostics]
L001282 | [Epoch 49] [Time: 2.64]
L001283 | [Train Loss: 0.8171]
L001284 | [Train F1: 0.6369025863398943]
L001285 | [Train Acc: 0.6395460665512599]
L001286 | [Dev Loss: 1.2775]
L001287 | [Dev F1: 0.4364711722309435]
L001288 | [Dev Acc: 0.44680851063829785]
L001289 | 
L001290-L001305 | [REDACTED: batch progress and internal diagnostics]
L001306 | [Epoch 50] [Time: 2.80]
L001307 | [Train Loss: 0.8307]
L001308 | [Train F1: 0.6350735601952223]
L001309 | [Train Acc: 0.6374302750528947]
L001310 | [Dev Loss: 1.2268]
L001311 | [Dev F1: 0.43797315966519623]
L001312 | [Dev Acc: 0.4500818330605565]
L001313 | 
L001314-L001329 | [REDACTED: batch progress and internal diagnostics]
L001330 | [Epoch 51] [Time: 2.79]
L001331 | [Train Loss: 0.8268]
L001332 | [Train F1: 0.6331198860278288]
L001333 | [Train Acc: 0.6351221388728602]
L001334 | [Dev Loss: 1.2373]
L001335 | [Dev F1: 0.43944066593915165]
L001336 | [Dev Acc: 0.4828150572831424]
L001337 | 
L001338-L001353 | [REDACTED: batch progress and internal diagnostics]
L001354 | [Epoch 52] [Time: 2.70]
L001355 | [Train Loss: 0.8255]
L001356 | [Train F1: 0.6356848812905714]
L001357 | [Train Acc: 0.6378149644162339]
L001358 | [Dev Loss: 1.221]
L001359 | [Dev F1: 0.45533169253868755]
L001360 | [Dev Acc: 0.46808510638297873]
L001361 | 
L001362-L001377 | [REDACTED: batch progress and internal diagnostics]
L001378 | [Epoch 53] [Time: 2.78]
L001379 | [Train Loss: 0.8208]
L001380 | [Train F1: 0.6372595885171567]
L001381 | [Train Acc: 0.6407001346412772]
L001382 | [Dev Loss: 1.2675]
L001383 | [Dev F1: 0.445205472789616]
L001384 | [Dev Acc: 0.46317512274959083]
L001385 | 
L001386-L001401 | [REDACTED: batch progress and internal diagnostics]
L001402 | [Epoch 54] [Time: 2.80]
L001403 | [Train Loss: 0.8194]
L001404 | [Train F1: 0.6351869888906713]
L001405 | [Train Acc: 0.6355068282361993]
L001406 | [Dev Loss: 1.231]
L001407 | [Dev F1: 0.4362847610184845]
L001408 | [Dev Acc: 0.48117839607201307]
L001409 | 
L001410-L001425 | [REDACTED: batch progress and internal diagnostics]
L001426 | [Epoch 55] [Time: 2.79]
L001427 | [Train Loss: 0.8074]
L001428 | [Train F1: 0.6393045864327395]
L001429 | [Train Acc: 0.640315445277938]
L001430 | [Dev Loss: 1.2859]
L001431 | [Dev F1: 0.4187462884654243]
L001432 | [Dev Acc: 0.45171849427168576]
L001433 | 
L001434-L001449 | [REDACTED: batch progress and internal diagnostics]
L001450 | [Epoch 56] [Time: 2.73]
L001451 | [Train Loss: 0.815]
L001452 | [Train F1: 0.6312183932915701]
L001453 | [Train Acc: 0.6322369686478169]
L001454 | [Dev Loss: 1.2322]
L001455 | [Dev F1: 0.4503464759332683]
L001456 | [Dev Acc: 0.469721767594108]
L001457 | 
L001458-L001473 | [REDACTED: batch progress and internal diagnostics]
L001474 | [Epoch 57] [Time: 2.71]
L001475 | [Train Loss: 0.8056]
L001476 | [Train F1: 0.6397540657928117]
L001477 | [Train Acc: 0.6424312367763031]
L001478 | [Dev Loss: 1.2451]
L001479 | [Dev F1: 0.43684425918496844]
L001480 | [Dev Acc: 0.45662847790507366]
L001481 | 
L001482-L001497 | [REDACTED: batch progress and internal diagnostics]
L001498 | [Epoch 58] [Time: 2.79]
L001499 | [Train Loss: 0.8118]
L001500 | [Train F1: 0.6425208192031824]
L001501 | [Train Acc: 0.6433929601846509]
L001502 | [Dev Loss: 1.2226]
L001503 | [Dev F1: 0.45088241534227613]
L001504 | [Dev Acc: 0.46153846153846156]
L001505 | 
L001506-L001521 | [REDACTED: batch progress and internal diagnostics]
L001522 | [Epoch 59] [Time: 2.71]
L001523 | [Train Loss: 0.8169]
L001524 | [Train F1: 0.641649078125601]
L001525 | [Train Acc: 0.645893441046355]
L001526 | [Dev Loss: 1.2977]
L001527 | [Dev F1: 0.4101134147004083]
L001528 | [Dev Acc: 0.45990180032733224]
L001529 | 
L001530-L001545 | [REDACTED: batch progress and internal diagnostics]
L001546 | [Epoch 60] [Time: 2.84]
L001547 | [Train Loss: 0.814]
L001548 | [Train F1: 0.6390650556102911]
L001549 | [Train Acc: 0.638199653779573]
L001550 | [Dev Loss: 1.263]
L001551 | [Dev F1: 0.4459430279243919]
L001552 | [Dev Acc: 0.4909983633387889]
L001553 | 
L001554-L001569 | [REDACTED: batch progress and internal diagnostics]
L001570 | [Epoch 61] [Time: 2.71]
L001571 | [Train Loss: 0.8027]
L001572 | [Train F1: 0.6418821488755982]
L001573 | [Train Acc: 0.6474321984997115]
L001574 | [Dev Loss: 1.2076]
L001575 | [Dev F1: 0.4219641261126149]
L001576 | [Dev Acc: 0.4369885433715221]
L001577 | 
L001578-L001593 | [REDACTED: batch progress and internal diagnostics]
L001594 | [Epoch 62] [Time: 2.78]
L001595 | [Train Loss: 0.7986]
L001596 | [Train F1: 0.6482808302246336]
L001597 | [Train Acc: 0.6482015772263897]
L001598 | [Dev Loss: 1.1945]
L001599 | [Dev F1: 0.4466522065728666]
L001600 | [Dev Acc: 0.46153846153846156]
L001601 | 
L001602-L001617 | [REDACTED: batch progress and internal diagnostics]
L001618 | [Epoch 63] [Time: 2.90]
L001619 | [Train Loss: 0.7944]
L001620 | [Train F1: 0.6445274229054948]
L001621 | [Train Acc: 0.6491633006347375]
L001622 | [Dev Loss: 1.1884]
L001623 | [Dev F1: 0.4582378919948109]
L001624 | [Dev Acc: 0.4746317512274959]
L001625 | 
L001626-L001641 | [REDACTED: batch progress and internal diagnostics]
L001642 | [Epoch 64] [Time: 2.79]
L001643 | [Train Loss: 0.8042]
L001644 | [Train F1: 0.6442741011088052]
L001645 | [Train Acc: 0.6439699942296595]
L001646 | [Dev Loss: 1.2604]
L001647 | [Dev F1: 0.4222370704361283]
L001648 | [Dev Acc: 0.4779050736497545]
L001649 | 
L001650-L001665 | [REDACTED: batch progress and internal diagnostics]
L001666 | [Epoch 65] [Time: 2.85]
L001667 | [Train Loss: 0.7921]
L001668 | [Train F1: 0.6488007776584007]
L001669 | [Train Acc: 0.6524331602231198]
L001670 | [Dev Loss: 1.1896]
L001671 | [Dev F1: 0.43509704232496405]
L001672 | [Dev Acc: 0.44844517184942717]
L001673 | 
L001674-L001689 | [REDACTED: batch progress and internal diagnostics]
L001690 | [Epoch 66] [Time: 2.74]
L001691 | [Train Loss: 0.784]
L001692 | [Train F1: 0.6493879797033648]
L001693 | [Train Acc: 0.6520484708597807]
L001694 | [Dev Loss: 1.1911]
L001695 | [Dev F1: 0.4456993524715957]
L001696 | [Dev Acc: 0.486088379705401]
L001697 | 
L001698-L001713 | [REDACTED: batch progress and internal diagnostics]
L001714 | [Epoch 67] [Time: 2.66]
L001715 | [Train Loss: 0.7732]
L001716 | [Train F1: 0.6540682813962164]
L001717 | [Train Acc: 0.654933641084824]
L001718 | [Dev Loss: 1.1969]
L001719 | [Dev F1: 0.4340684002991806]
L001720 | [Dev Acc: 0.4795417348608838]
L001721 | 
L001722-L001737 | [REDACTED: batch progress and internal diagnostics]
L001738 | [Epoch 68] [Time: 2.83]
L001739 | [Train Loss: 0.778]
L001740 | [Train F1: 0.6529669562726236]
L001741 | [Train Acc: 0.6547412964031545]
L001742 | [Dev Loss: 1.229]
L001743 | [Dev F1: 0.45014569770252044]
L001744 | [Dev Acc: 0.46481178396072015]
L001745 | 
L001746-L001761 | [REDACTED: batch progress and internal diagnostics]
L001762 | [Epoch 69] [Time: 2.84]
L001763 | [Train Loss: 0.778]
L001764 | [Train F1: 0.6510703071962487]
L001765 | [Train Acc: 0.6516637814964417]
L001766 | [Dev Loss: 1.1916]
L001767 | [Dev F1: 0.46075247666663216]
L001768 | [Dev Acc: 0.4779050736497545]
L001769 | 
L001770-L001785 | [REDACTED: batch progress and internal diagnostics]
L001786 | [Epoch 70] [Time: 2.84]
L001787 | [Train Loss: 0.7781]
L001788 | [Train F1: 0.6514588982785343]
L001789 | [Train Acc: 0.6532025389497981]
L001790 | [Dev Loss: 1.2216]
L001791 | [Dev F1: 0.44747411299324946]
L001792 | [Dev Acc: 0.48936170212765956]
L001793 | 
L001794-L001809 | [REDACTED: batch progress and internal diagnostics]
L001810 | [Epoch 71] [Time: 2.69]
L001811 | [Train Loss: 0.7667]
L001812 | [Train F1: 0.6509953216272648]
L001813 | [Train Acc: 0.6530101942681285]
L001814 | [Dev Loss: 1.1474]
L001815 | [Dev F1: 0.45647695030376856]
L001816 | [Dev Acc: 0.4959083469721768]
L001817 | 
L001818-L001833 | [REDACTED: batch progress and internal diagnostics]
L001834 | [Epoch 72] [Time: 2.82]
L001835 | [Train Loss: 0.7671]
L001836 | [Train F1: 0.6556312897828827]
L001837 | [Train Acc: 0.6576264666281977]
L001838 | [Dev Loss: 1.2578]
L001839 | [Dev F1: 0.44007946141940485]
L001840 | [Dev Acc: 0.45171849427168576]
L001841 | 
L001842-L001857 | [REDACTED: batch progress and internal diagnostics]
L001858 | [Epoch 73] [Time: 2.88]
L001859 | [Train Loss: 0.7681]
L001860 | [Train F1: 0.6578862721037495]
L001861 | [Train Acc: 0.6608963262165801]
L001862 | [Dev Loss: 1.1906]
L001863 | [Dev F1: 0.4564993483166326]
L001864 | [Dev Acc: 0.47299509001636664]
L001865 | 
L001866-L001881 | [REDACTED: batch progress and internal diagnostics]
L001882 | [Epoch 74] [Time: 2.70]
L001883 | [Train Loss: 0.7662]
L001884 | [Train F1: 0.6564316758254535]
L001885 | [Train Acc: 0.657049432583189]
L001886 | [Dev Loss: 1.159]
L001887 | [Dev F1: 0.47961357824066386]
L001888 | [Dev Acc: 0.49754500818330605]
L001889 | 
L001890-L001905 | [REDACTED: batch progress and internal diagnostics]
L001906 | [Epoch 75] [Time: 2.77]
L001907 | [Train Loss: 0.7724]
L001908 | [Train F1: 0.6543632491068134]
L001909 | [Train Acc: 0.6545489517214849]
L001910 | [Dev Loss: 1.1748]
L001911 | [Dev F1: 0.4651473436354025]
L001912 | [Dev Acc: 0.4844517184942717]
L001913 | 
L001914-L001929 | [REDACTED: batch progress and internal diagnostics]
L001930 | [Epoch 76] [Time: 2.75]
L001931 | [Train Loss: 0.7702]
L001932 | [Train F1: 0.6512187906857985]
L001933 | [Train Acc: 0.6547412964031545]
L001934 | [Dev Loss: 1.2354]
L001935 | [Dev F1: 0.4359565016027055]
L001936 | [Dev Acc: 0.4533551554828151]
L001937 | 
L001938-L001953 | [REDACTED: batch progress and internal diagnostics]
L001954 | [Epoch 77] [Time: 2.65]
L001955 | [Train Loss: 0.7696]
L001956 | [Train F1: 0.6539256538724381]
L001957 | [Train Acc: 0.6553183304481631]
L001958 | [Dev Loss: 1.2017]
L001959 | [Dev F1: 0.4555167265304451]
L001960 | [Dev Acc: 0.47299509001636664]
L001961 | 
L001962-L001977 | [REDACTED: batch progress and internal diagnostics]
L001978 | [Epoch 78] [Time: 2.76]
L001979 | [Train Loss: 0.7705]
L001980 | [Train F1: 0.6553209606400197]
L001981 | [Train Acc: 0.6562800538565109]
L001982 | [Dev Loss: 1.1384]
L001983 | [Dev F1: 0.4722562425420802]
L001984 | [Dev Acc: 0.5008183306055647]
L001985 | 
L001986-L002001 | [REDACTED: batch progress and internal diagnostics]
L002002 | [Epoch 79] [Time: 2.74]
L002003 | [Train Loss: 0.7805]
L002004 | [Train F1: 0.6496727087711155]
L002005 | [Train Acc: 0.6507020580880939]
L002006 | [Dev Loss: 1.1891]
L002007 | [Dev F1: 0.46778850476302825]
L002008 | [Dev Acc: 0.4828150572831424]
L002009 | 
L002010-L002025 | [REDACTED: batch progress and internal diagnostics]
L002026 | [Epoch 80] [Time: 2.73]
L002027 | [Train Loss: 0.7745]
L002028 | [Train F1: 0.6482146658578575]
L002029 | [Train Acc: 0.6533948836314676]
L002030 | [Dev Loss: 1.2556]
L002031 | [Dev F1: 0.47444271076388916]
L002032 | [Dev Acc: 0.48936170212765956]
L002033 | 
L002034-L002049 | [REDACTED: batch progress and internal diagnostics]
L002050 | [Epoch 81] [Time: 2.87]
L002051 | [Train Loss: 0.7631]
L002052 | [Train F1: 0.6572986213990264]
L002053 | [Train Acc: 0.6564723985381804]
L002054 | [Dev Loss: 1.1939]
L002055 | [Dev F1: 0.48305989985175785]
L002056 | [Dev Acc: 0.5057283142389526]
L002057 | 
L002058-L002073 | [REDACTED: batch progress and internal diagnostics]
L002074 | [Epoch 82] [Time: 2.84]
L002075 | [Train Loss: 0.7725]
L002076 | [Train F1: 0.6537872072267941]
L002077 | [Train Acc: 0.6553183304481631]
L002078 | [Dev Loss: 1.2284]
L002079 | [Dev F1: 0.45659958860491157]
L002080 | [Dev Acc: 0.4664484451718494]
L002081 | 
L002082-L002097 | [REDACTED: batch progress and internal diagnostics]
L002098 | [Epoch 83] [Time: 2.79]
L002099 | [Train Loss: 0.7625]
L002100 | [Train F1: 0.653682541606951]
L002101 | [Train Acc: 0.6539719176764762]
L002102 | [Dev Loss: 1.2324]
L002103 | [Dev F1: 0.46773245979781186]
L002104 | [Dev Acc: 0.48936170212765956]
L002105 | 
L002106-L002121 | [REDACTED: batch progress and internal diagnostics]
L002122 | [Epoch 84] [Time: 2.81]
L002123 | [Train Loss: 0.7664]
L002124 | [Train F1: 0.6590612041640015]
L002125 | [Train Acc: 0.6614733602615888]
L002126 | [Dev Loss: 1.1558]
L002127 | [Dev F1: 0.4666983725494363]
L002128 | [Dev Acc: 0.48936170212765956]
L002129 | 
L002130-L002145 | [REDACTED: batch progress and internal diagnostics]
L002146 | [Epoch 85] [Time: 2.82]
L002147 | [Train Loss: 0.7685]
L002148 | [Train F1: 0.656682306151344]
L002149 | [Train Acc: 0.6585881900365455]
L002150 | [Dev Loss: 1.2316]
L002151 | [Dev F1: 0.4792453403700748]
L002152 | [Dev Acc: 0.4959083469721768]
L002153 | 
L002154-L002169 | [REDACTED: batch progress and internal diagnostics]
L002170 | [Epoch 86] [Time: 2.91]
L002171 | [Train Loss: 0.7576]
L002172 | [Train F1: 0.6609486271392878]
L002173 | [Train Acc: 0.6612810155799193]
L002174 | [Dev Loss: 1.1845]
L002175 | [Dev F1: 0.4760006917271613]
L002176 | [Dev Acc: 0.502454991816694]
L002177 | 
L002178-L002193 | [REDACTED: batch progress and internal diagnostics]
L002194 | [Epoch 87] [Time: 2.74]
L002195 | [Train Loss: 0.7699]
L002196 | [Train F1: 0.6618440737923263]
L002197 | [Train Acc: 0.6647432198499712]
L002198 | [Dev Loss: 1.1382]
L002199 | [Dev F1: 0.48615819459246185]
L002200 | [Dev Acc: 0.5008183306055647]
L002201 | 
L002202-L002217 | [REDACTED: batch progress and internal diagnostics]
L002218 | [Epoch 88] [Time: 2.83]
L002219 | [Train Loss: 0.7515]
L002220 | [Train F1: 0.6607997789814888]
L002221 | [Train Acc: 0.6608963262165801]
L002222 | [Dev Loss: 1.1924]
L002223 | [Dev F1: 0.47364884179853234]
L002224 | [Dev Acc: 0.4909983633387889]
L002225 | 
L002226-L002241 | [REDACTED: batch progress and internal diagnostics]
L002242 | [Epoch 89] [Time: 2.87]
L002243 | [Train Loss: 0.753]
L002244 | [Train F1: 0.6585241331298867]
L002245 | [Train Acc: 0.660511636853241]
L002246 | [Dev Loss: 1.2871]
L002247 | [Dev F1: 0.43119112253538544]
L002248 | [Dev Acc: 0.4828150572831424]
L002249 | 
L002250-L002265 | [REDACTED: batch progress and internal diagnostics]
L002266 | [Epoch 90] [Time: 2.89]
L002267 | [Train Loss: 0.7565]
L002268 | [Train F1: 0.6606805967840436]
L002269 | [Train Acc: 0.6628197730332757]
L002270 | [Dev Loss: 1.302]
L002271 | [Dev F1: 0.4557842680828419]
L002272 | [Dev Acc: 0.4713584288052373]
L002273 | 
L002274-L002289 | [REDACTED: batch progress and internal diagnostics]
L002290 | [Epoch 91] [Time: 2.75]
L002291 | [Train Loss: 0.7589]
L002292 | [Train F1: 0.6595031838588783]
L002293 | [Train Acc: 0.6612810155799193]
L002294 | [Dev Loss: 1.2339]
L002295 | [Dev F1: 0.44762936845625584]
L002296 | [Dev Acc: 0.486088379705401]
L002297 | 
L002298-L002313 | [REDACTED: batch progress and internal diagnostics]
L002314 | [Epoch 92] [Time: 2.71]
L002315 | [Train Loss: 0.7595]
L002316 | [Train F1: 0.658049946736887]
L002317 | [Train Acc: 0.6578188113098673]
L002318 | [Dev Loss: 1.3138]
L002319 | [Dev F1: 0.4725530604358922]
L002320 | [Dev Acc: 0.4909983633387889]
L002321 | 
L002322-L002337 | [REDACTED: batch progress and internal diagnostics]
L002338 | [Epoch 93] [Time: 2.93]
L002339 | [Train Loss: 0.7545]
L002340 | [Train F1: 0.6653383751694905]
L002341 | [Train Acc: 0.6666666666666666]
L002342 | [Dev Loss: 1.2628]
L002343 | [Dev F1: 0.45990933692769304]
L002344 | [Dev Acc: 0.4762684124386252]
L002345 | 
L002346-L002361 | [REDACTED: batch progress and internal diagnostics]
L002362 | [Epoch 94] [Time: 2.87]
L002363 | [Train Loss: 0.7588]
L002364 | [Train F1: 0.6628192675195943]
L002365 | [Train Acc: 0.6632044623966147]
L002366 | [Dev Loss: 1.2259]
L002367 | [Dev F1: 0.45596470581671333]
L002368 | [Dev Acc: 0.502454991816694]
L002369 | 
L002370-L002385 | [REDACTED: batch progress and internal diagnostics]
L002386 | [Epoch 95] [Time: 2.82]
L002387 | [Train Loss: 0.754]
L002388 | [Train F1: 0.6600721531014246]
L002389 | [Train Acc: 0.6618580496249279]
L002390 | [Dev Loss: 1.2571]
L002391 | [Dev F1: 0.45067538723580336]
L002392 | [Dev Acc: 0.4664484451718494]
L002393 | 
L002394-L002409 | [REDACTED: batch progress and internal diagnostics]
L002410 | [Epoch 96] [Time: 2.99]
L002411 | [Train Loss: 0.7452]
L002412 | [Train F1: 0.671724601492121]
L002413 | [Train Acc: 0.6726293517984228]
L002414 | [Dev Loss: 1.238]
L002415 | [Dev F1: 0.452031871708736]
L002416 | [Dev Acc: 0.45990180032733224]
L002417 | 
L002418-L002433 | [REDACTED: batch progress and internal diagnostics]
L002434 | [Epoch 97] [Time: 2.87]
L002435 | [Train Loss: 0.7361]
L002436 | [Train F1: 0.6690412898145772]
L002437 | [Train Acc: 0.6703212156183882]
L002438 | [Dev Loss: 1.299]
L002439 | [Dev F1: 0.4517536242728215]
L002440 | [Dev Acc: 0.48117839607201307]
L002441 | 
L002442-L002457 | [REDACTED: batch progress and internal diagnostics]
L002458 | [Epoch 98] [Time: 2.72]
L002459 | [Train Loss: 0.7291]
L002460 | [Train F1: 0.6691034275567296]
L002461 | [Train Acc: 0.6701288709367186]
L002462 | [Dev Loss: 1.2317]
L002463 | [Dev F1: 0.4740599485486315]
L002464 | [Dev Acc: 0.49754500818330605]
L002465 | 
L002466-L002481 | [REDACTED: batch progress and internal diagnostics]
L002482 | [Epoch 99] [Time: 2.92]
L002483 | [Train Loss: 0.7331]
L002484 | [Train F1: 0.6694599948795787]
L002485 | [Train Acc: 0.6710905943450663]
L002486 | [Dev Loss: 1.3169]
L002487 | [Dev F1: 0.45695927586735635]
L002488 | [Dev Acc: 0.48936170212765956]
L002489 | 
L002490-L002505 | [REDACTED: batch progress and internal diagnostics]
L002506 | [Epoch 100] [Time: 2.82]
L002507 | [Train Loss: 0.7275]
L002508 | [Train F1: 0.672706895026427]
L002509 | [Train Acc: 0.6732063858434314]
L002510 | [Dev Loss: 1.2405]
L002511 | [Dev F1: 0.4729480790808367]
L002512 | [Dev Acc: 0.486088379705401]
L002513 | 
L002514-L002529 | [REDACTED: batch progress and internal diagnostics]
L002530 | [Epoch 101] [Time: 2.72]
L002531 | [Train Loss: 0.734]
L002532 | [Train F1: 0.6684144221318915]
L002533 | [Train Acc: 0.6708982496633968]
L002534 | [Dev Loss: 1.2661]
L002535 | [Dev F1: 0.47214455392042537]
L002536 | [Dev Acc: 0.49918166939443537]
L002537 | 
L002538-L002553 | [REDACTED: batch progress and internal diagnostics]
L002554 | [Epoch 102] [Time: 2.69]
L002555 | [Train Loss: 0.7264]
L002556 | [Train F1: 0.6784750907799699]
L002557 | [Train Acc: 0.6783996922485094]
L002558 | [Dev Loss: 1.2664]
L002559 | [Dev F1: 0.4502381433243403]
L002560 | [Dev Acc: 0.4582651391162029]
L002561 | 
L002562-L002577 | [REDACTED: batch progress and internal diagnostics]
L002578 | [Epoch 103] [Time: 2.77]
L002579 | [Train Loss: 0.7274]
L002580 | [Train F1: 0.675043460013803]
L002581 | [Train Acc: 0.6778226582035006]
L002582 | [Dev Loss: 1.2965]
L002583 | [Dev F1: 0.46760144924097574]
L002584 | [Dev Acc: 0.48117839607201307]
L002585 | 
L002586-L002601 | [REDACTED: batch progress and internal diagnostics]
L002602 | [Epoch 104] [Time: 2.73]
L002603 | [Train Loss: 0.7299]
L002604 | [Train F1: 0.674120630606861]
L002605 | [Train Acc: 0.6735910752067705]
L002606 | [Dev Loss: 1.1953]
L002607 | [Dev F1: 0.47649879250730454]
L002608 | [Dev Acc: 0.48936170212765956]
L002609 | 
L002610-L002625 | [REDACTED: batch progress and internal diagnostics]
L002626 | [Epoch 105] [Time: 2.80]
L002627 | [Train Loss: 0.7304]
L002628 | [Train F1: 0.6716238898186653]
L002629 | [Train Acc: 0.6758992113868052]
L002630 | [Dev Loss: 1.2616]
L002631 | [Dev F1: 0.4738898037721433]
L002632 | [Dev Acc: 0.4959083469721768]
L002633 | 
L002634-L002649 | [REDACTED: batch progress and internal diagnostics]
L002650 | [Epoch 106] [Time: 2.71]
L002651 | [Train Loss: 0.7307]
L002652 | [Train F1: 0.6639054748064781]
L002653 | [Train Acc: 0.6641661858049625]
L002654 | [Dev Loss: 1.2931]
L002655 | [Dev F1: 0.421923219322237]
L002656 | [Dev Acc: 0.4320785597381342]
L002657 | 
L002658-L002673 | [REDACTED: batch progress and internal diagnostics]
L002674 | [Epoch 107] [Time: 2.69]
L002675 | [Train Loss: 0.7367]
L002676 | [Train F1: 0.6692839524079908]
L002677 | [Train Acc: 0.6712829390267359]
L002678 | [Dev Loss: 1.2768]
L002679 | [Dev F1: 0.45105886690537395]
L002680 | [Dev Acc: 0.4828150572831424]
L002681 | 
L002682-L002697 | [REDACTED: batch progress and internal diagnostics]
L002698 | [Epoch 108] [Time: 2.79]
L002699 | [Train Loss: 0.7472]
L002700 | [Train F1: 0.6662030804375547]
L002701 | [Train Acc: 0.6683977688016927]
L002702 | [Dev Loss: 1.1834]
L002703 | [Dev F1: 0.4919146278679432]
L002704 | [Dev Acc: 0.5057283142389526]
L002705 | 
L002706-L002721 | [REDACTED: batch progress and internal diagnostics]
L002722 | [Epoch 109] [Time: 2.71]
L002723 | [Train Loss: 0.7461]
L002724 | [Train F1: 0.6692817822762028]
L002725 | [Train Acc: 0.6732063858434314]
L002726 | [Dev Loss: 1.3091]
L002727 | [Dev F1: 0.46680936152302666]
L002728 | [Dev Acc: 0.4795417348608838]
L002729 | 
L002730-L002745 | [REDACTED: batch progress and internal diagnostics]
L002746 | [Epoch 110] [Time: 2.81]
L002747 | [Train Loss: 0.7431]
L002748 | [Train F1: 0.6813243241262192]
L002749 | [Train Acc: 0.6807078284285439]
L002750 | [Dev Loss: 1.2148]
L002751 | [Dev F1: 0.48131697279674523]
L002752 | [Dev Acc: 0.49918166939443537]
L002753 | 
L002754-L002769 | [REDACTED: batch progress and internal diagnostics]
L002770 | [Epoch 111] [Time: 2.74]
L002771 | [Train Loss: 0.7281]
L002772 | [Train F1: 0.6734726321302436]
L002773 | [Train Acc: 0.6739757645701097]
L002774 | [Dev Loss: 1.2364]
L002775 | [Dev F1: 0.4565737255874908]
L002776 | [Dev Acc: 0.46317512274959083]
L002777 | 
L002778-L002793 | [REDACTED: batch progress and internal diagnostics]
L002794 | [Epoch 112] [Time: 2.70]
L002795 | [Train Loss: 0.7319]
L002796 | [Train F1: 0.6672107497097288]
L002797 | [Train Acc: 0.6708982496633968]
L002798 | [Dev Loss: 1.3776]
L002799 | [Dev F1: 0.4494421109723596]
L002800 | [Dev Acc: 0.469721767594108]
L002801 | 
L002802-L002817 | [REDACTED: batch progress and internal diagnostics]
L002818 | [Epoch 113] [Time: 2.61]
L002819 | [Train Loss: 0.724]
L002820 | [Train F1: 0.6794508830569105]
L002821 | [Train Acc: 0.6791690709751875]
L002822 | [Dev Loss: 1.2508]
L002823 | [Dev F1: 0.44424535480174104]
L002824 | [Dev Acc: 0.48936170212765956]
L002825 | 
L002826-L002841 | [REDACTED: batch progress and internal diagnostics]
L002842 | [Epoch 114] [Time: 2.80]
L002843 | [Train Loss: 0.7254]
L002844 | [Train F1: 0.6748521700827776]
L002845 | [Train Acc: 0.6782073475668398]
L002846 | [Dev Loss: 1.3495]
L002847 | [Dev F1: 0.43113453754664893]
L002848 | [Dev Acc: 0.4320785597381342]
L002849 | 
L002850-L002865 | [REDACTED: batch progress and internal diagnostics]
L002866 | [Epoch 115] [Time: 2.52]
L002867 | [Train Loss: 0.7229]
L002868 | [Train F1: 0.675486890717559]
L002869 | [Train Acc: 0.6753221773417964]
L002870 | [Dev Loss: 1.3404]
L002871 | [Dev F1: 0.4672753378883321]
L002872 | [Dev Acc: 0.49754500818330605]
L002873 | 
L002874-L002889 | [REDACTED: batch progress and internal diagnostics]
L002890 | [Epoch 116] [Time: 2.67]
L002891 | [Train Loss: 0.7123]
L002892 | [Train F1: 0.6777037691243041]
L002893 | [Train Acc: 0.6803231390652048]
L002894 | [Dev Loss: 1.3462]
L002895 | [Dev F1: 0.46236493434567233]
L002896 | [Dev Acc: 0.4795417348608838]
L002897 | 
L002898-L002913 | [REDACTED: batch progress and internal diagnostics]
L002914 | [Epoch 117] [Time: 2.72]
L002915 | [Train Loss: 0.7036]
L002916 | [Train F1: 0.6841911587590074]
L002917 | [Train Acc: 0.684554722061935]
L002918 | [Dev Loss: 1.2811]
L002919 | [Dev F1: 0.4674780377784026]
L002920 | [Dev Acc: 0.4844517184942717]
L002921 | 
L002922-L002937 | [REDACTED: batch progress and internal diagnostics]
L002938 | [Epoch 118] [Time: 2.68]
L002939 | [Train Loss: 0.6979]
L002940 | [Train F1: 0.6881336052933651]
L002941 | [Train Acc: 0.6897480284670129]
L002942 | [Dev Loss: 1.2486]
L002943 | [Dev F1: 0.49144695392274446]
L002944 | [Dev Acc: 0.5057283142389526]
L002945 | 
L002946-L002961 | [REDACTED: batch progress and internal diagnostics]
L002962 | [Epoch 119] [Time: 2.68]
L002963 | [Train Loss: 0.6971]
L002964 | [Train F1: 0.6929492024370512]
L002965 | [Train Acc: 0.6926331986920562]
L002966 | [Dev Loss: 1.2552]
L002967 | [Dev F1: 0.4932402074299924]
L002968 | [Dev Acc: 0.5122749590834698]
L002969 | 
L002970-L002985 | [REDACTED: batch progress and internal diagnostics]
L002986 | [Epoch 120] [Time: 2.71]
L002987 | [Train Loss: 0.7042]
L002988 | [Train F1: 0.6901875768004887]
L002989 | [Train Acc: 0.6912867859203693]
L002990 | [Dev Loss: 1.3131]
L002991 | [Dev F1: 0.4670198694860926]
L002992 | [Dev Acc: 0.49427168576104746]
L002993 | 
L002994-L003009 | [REDACTED: batch progress and internal diagnostics]
L003010 | [Epoch 121] [Time: 2.72]
L003011 | [Train Loss: 0.7022]
L003012 | [Train F1: 0.6875246172632625]
L003013 | [Train Acc: 0.688016926331987]
L003014 | [Dev Loss: 1.2494]
L003015 | [Dev F1: 0.47666825485893655]
L003016 | [Dev Acc: 0.49427168576104746]
L003017 | 
L003018-L003033 | [REDACTED: batch progress and internal diagnostics]
L003034 | [Epoch 122] [Time: 2.72]
L003035 | [Train Loss: 0.6973]
L003036 | [Train F1: 0.6840423054176576]
L003037 | [Train Acc: 0.6851317561069437]
L003038 | [Dev Loss: 1.3538]
L003039 | [Dev F1: 0.4721505246272601]
L003040 | [Dev Acc: 0.4959083469721768]
L003041 | 
L003042-L003057 | [REDACTED: batch progress and internal diagnostics]
L003058 | [Epoch 123] [Time: 2.64]
L003059 | [Train Loss: 0.7024]
L003060 | [Train F1: 0.6897598700994982]
L003061 | [Train Acc: 0.6903250625120215]
L003062 | [Dev Loss: 1.3261]
L003063 | [Dev F1: 0.5022395200717249]
L003064 | [Dev Acc: 0.513911620294599]
L003065 | 
L003066-L003081 | [REDACTED: batch progress and internal diagnostics]
L003082 | [Epoch 124] [Time: 2.80]
L003083 | [Train Loss: 0.6876]
L003084 | [Train F1: 0.691564270669288]
L003085 | [Train Acc: 0.6937872667820735]
L003086 | [Dev Loss: 1.2261]
L003087 | [Dev F1: 0.49498886179511437]
L003088 | [Dev Acc: 0.5106382978723404]
L003089 | 
L003090-L003105 | [REDACTED: batch progress and internal diagnostics]
L003106 | [Epoch 125] [Time: 2.77]
L003107 | [Train Loss: 0.6877]
L003108 | [Train F1: 0.6950315175050544]
L003109 | [Train Acc: 0.6945566455087517]
L003110 | [Dev Loss: 1.2538]
L003111 | [Dev F1: 0.5048168340391168]
L003112 | [Dev Acc: 0.5171849427168577]
L003113 | 
L003114-L003129 | [REDACTED: batch progress and internal diagnostics]
L003130 | [Epoch 126] [Time: 2.79]
L003131 | [Train Loss: 0.6852]
L003132 | [Train F1: 0.6968509804279509]
L003133 | [Train Acc: 0.6972494710521254]
L003134 | [Dev Loss: 1.248]
L003135 | [Dev F1: 0.49208550404669826]
L003136 | [Dev Acc: 0.5057283142389526]
L003137 | 
L003138-L003153 | [REDACTED: batch progress and internal diagnostics]
L003154 | [Epoch 127] [Time: 2.70]
L003155 | [Train Loss: 0.6818]
L003156 | [Train F1: 0.6967135877936632]
L003157 | [Train Acc: 0.6993652625504905]
L003158 | [Dev Loss: 1.2883]
L003159 | [Dev F1: 0.4705351934832416]
L003160 | [Dev Acc: 0.4828150572831424]
L003161 | 
L003162-L003177 | [REDACTED: batch progress and internal diagnostics]
L003178 | [Epoch 128] [Time: 2.94]
L003179 | [Train Loss: 0.6949]
L003180 | [Train F1: 0.699901762252272]
L003181 | [Train Acc: 0.7005193306405078]
L003182 | [Dev Loss: 1.299]
L003183 | [Dev F1: 0.4856549044076374]
L003184 | [Dev Acc: 0.49754500818330605]
L003185 | 
L003186-L003201 | [REDACTED: batch progress and internal diagnostics]
L003202 | [Epoch 129] [Time: 2.59]
L003203 | [Train Loss: 0.6877]
L003204 | [Train F1: 0.7013915038057322]
L003205 | [Train Acc: 0.7024427774572033]
L003206 | [Dev Loss: 1.3381]
L003207 | [Dev F1: 0.4979003495834299]
L003208 | [Dev Acc: 0.5237315875613748]
L003209 | 
L003210-L003225 | [REDACTED: batch progress and internal diagnostics]
L003226 | [Epoch 130] [Time: 2.67]
L003227 | [Train Loss: 0.6987]
L003228 | [Train F1: 0.6947484869699436]
L003229 | [Train Acc: 0.6947489901904212]
L003230 | [Dev Loss: 1.286]
L003231 | [Dev F1: 0.48318175850214434]
L003232 | [Dev Acc: 0.49918166939443537]
L003233 | 
L003234-L003249 | [REDACTED: batch progress and internal diagnostics]
L003250 | [Epoch 131] [Time: 2.63]
L003251 | [Train Loss: 0.6891]
L003252 | [Train F1: 0.7041575837800008]
L003253 | [Train Acc: 0.7053279476822466]
L003254 | [Dev Loss: 1.2549]
L003255 | [Dev F1: 0.4917538225691317]
L003256 | [Dev Acc: 0.5073649754500819]
L003257 | 
L003258-L003273 | [REDACTED: batch progress and internal diagnostics]
L003274 | [Epoch 132] [Time: 2.66]
L003275 | [Train Loss: 0.6819]
L003276 | [Train F1: 0.7085641302020301]
L003277 | [Train Acc: 0.7095595306789767]
L003278 | [Dev Loss: 1.2959]
L003279 | [Dev F1: 0.5020099198431656]
L003280 | [Dev Acc: 0.5204582651391162]
L003281 | 
L003282-L003297 | [REDACTED: batch progress and internal diagnostics]
L003298 | [Epoch 133] [Time: 2.65]
L003299 | [Train Loss: 0.6649]
L003300 | [Train F1: 0.7067759610070654]
L003301 | [Train Acc: 0.7082131179072899]
L003302 | [Dev Loss: 1.3552]
L003303 | [Dev F1: 0.4681480967860734]
L003304 | [Dev Acc: 0.4746317512274959]
L003305 | 
L003306-L003321 | [REDACTED: batch progress and internal diagnostics]
L003322 | [Epoch 134] [Time: 2.73]
L003323 | [Train Loss: 0.6637]
L003324 | [Train F1: 0.71431757206011]
L003325 | [Train Acc: 0.7160992498557415]
L003326 | [Dev Loss: 1.3421]
L003327 | [Dev F1: 0.46832947223747967]
L003328 | [Dev Acc: 0.4713584288052373]
L003329 | 
L003330-L003345 | [REDACTED: batch progress and internal diagnostics]
L003346 | [Epoch 135] [Time: 2.67]
L003347 | [Train Loss: 0.6624]
L003348 | [Train F1: 0.7127024148312077]
L003349 | [Train Acc: 0.7130217349490287]
L003350 | [Dev Loss: 1.3089]
L003351 | [Dev F1: 0.5080003127887046]
L003352 | [Dev Acc: 0.5270049099836334]
L003353 | 
L003354-L003369 | [REDACTED: batch progress and internal diagnostics]
L003370 | [Epoch 136] [Time: 2.62]
L003371 | [Train Loss: 0.6528]
L003372 | [Train F1: 0.7124549974297084]
L003373 | [Train Acc: 0.7134064243123678]
L003374 | [Dev Loss: 1.2798]
L003375 | [Dev F1: 0.4732299807043547]
L003376 | [Dev Acc: 0.4795417348608838]
L003377 | 
L003378-L003393 | [REDACTED: batch progress and internal diagnostics]
L003394 | [Epoch 137] [Time: 2.54]
L003395 | [Train Loss: 0.6654]
L003396 | [Train F1: 0.7090670425332659]
L003397 | [Train Acc: 0.7097518753606463]
L003398 | [Dev Loss: 1.3625]
L003399 | [Dev F1: 0.4901291196223076]
L003400 | [Dev Acc: 0.5057283142389526]
L003401 | 
L003402-L003417 | [REDACTED: batch progress and internal diagnostics]
L003418 | [Epoch 138] [Time: 2.73]
L003419 | [Train Loss: 0.6703]
L003420 | [Train F1: 0.7112214323846845]
L003421 | [Train Acc: 0.7118676668590114]
L003422 | [Dev Loss: 1.2791]
L003423 | [Dev F1: 0.48530300581915764]
L003424 | [Dev Acc: 0.49918166939443537]
L003425 | 
L003426-L003441 | [REDACTED: batch progress and internal diagnostics]
L003442 | [Epoch 139] [Time: 2.85]
L003443 | [Train Loss: 0.652]
L003444 | [Train F1: 0.7154287207244051]
L003445 | [Train Acc: 0.7182150413541065]
L003446 | [Dev Loss: 1.2809]
L003447 | [Dev F1: 0.5085067844443948]
L003448 | [Dev Acc: 0.5188216039279869]
L003449 | 
L003450-L003465 | [REDACTED: batch progress and internal diagnostics]
L003466 | [Epoch 140] [Time: 2.69]
L003467 | [Train Loss: 0.6349]
L003468 | [Train F1: 0.7217146212415934]
L003469 | [Train Acc: 0.7212925562608193]
L003470 | [Dev Loss: 1.3146]
L003471 | [Dev F1: 0.543822286688554]
L003472 | [Dev Acc: 0.5531914893617021]
L003473 | 
L003474-L003489 | [REDACTED: batch progress and internal diagnostics]
L003490 | [Epoch 141] [Time: 2.70]
L003491 | [Train Loss: 0.6306]
L003492 | [Train F1: 0.7296794967038945]
L003493 | [Train Acc: 0.7309097903442969]
L003494 | [Dev Loss: 1.2925]
L003495 | [Dev F1: 0.5122835505254473]
L003496 | [Dev Acc: 0.5237315875613748]
L003497 | 
L003498-L003513 | [REDACTED: batch progress and internal diagnostics]
L003514 | [Epoch 142] [Time: 2.68]
L003515 | [Train Loss: 0.6226]
L003516 | [Train F1: 0.7284056225812846]
L003517 | [Train Acc: 0.7282169648009232]
L003518 | [Dev Loss: 1.3757]
L003519 | [Dev F1: 0.5329492063212052]
L003520 | [Dev Acc: 0.5564648117839607]
L003521 | 
L003522-L003537 | [REDACTED: batch progress and internal diagnostics]
L003538 | [Epoch 143] [Time: 2.68]
L003539 | [Train Loss: 0.6371]
L003540 | [Train F1: 0.7215450677315951]
L003541 | [Train Acc: 0.7232160030775149]
L003542 | [Dev Loss: 1.2767]
L003543 | [Dev F1: 0.48627266767594446]
L003544 | [Dev Acc: 0.486088379705401]
L003545 | 
L003546-L003561 | [REDACTED: batch progress and internal diagnostics]
L003562 | [Epoch 144] [Time: 2.70]
L003563 | [Train Loss: 0.6206]
L003564 | [Train F1: 0.7347097236749728]
L003565 | [Train Acc: 0.7345643392960185]
L003566 | [Dev Loss: 1.2425]
L003567 | [Dev F1: 0.52279282381644]
L003568 | [Dev Acc: 0.5368248772504092]
L003569 | 
L003570-L003585 | [REDACTED: batch progress and internal diagnostics]
L003586 | [Epoch 145] [Time: 2.74]
L003587 | [Train Loss: 0.6183]
L003588 | [Train F1: 0.736005841367538]
L003589 | [Train Acc: 0.7374495095210617]
L003590 | [Dev Loss: 1.384]
L003591 | [Dev F1: 0.4789404065187747]
L003592 | [Dev Acc: 0.4762684124386252]
L003593 | 
L003594-L003609 | [REDACTED: batch progress and internal diagnostics]
L003610 | [Epoch 146] [Time: 2.77]
L003611 | [Train Loss: 0.6081]
L003612 | [Train F1: 0.7398091999497403]
L003613 | [Train Acc: 0.7399499903827659]
L003614 | [Dev Loss: 1.3276]
L003615 | [Dev F1: 0.47177239333826]
L003616 | [Dev Acc: 0.4746317512274959]
L003617 | 
L003618-L003633 | [REDACTED: batch progress and internal diagnostics]
L003634 | [Epoch 147] [Time: 2.73]
L003635 | [Train Loss: 0.6093]
L003636 | [Train F1: 0.7398588002568842]
L003637 | [Train Acc: 0.7407193691094441]
L003638 | [Dev Loss: 1.2407]
L003639 | [Dev F1: 0.5413839685241393]
L003640 | [Dev Acc: 0.563011456628478]
L003641 | 
L003642-L003657 | [REDACTED: batch progress and internal diagnostics]
L003658 | [Epoch 148] [Time: 2.60]
L003659 | [Train Loss: 0.611]
L003660 | [Train F1: 0.7413069590931991]
L003661 | [Train Acc: 0.7414887478361223]
L003662 | [Dev Loss: 1.2026]
L003663 | [Dev F1: 0.5260874061644277]
L003664 | [Dev Acc: 0.5319148936170213]
L003665 | 
L003666-L003681 | [REDACTED: batch progress and internal diagnostics]
L003682 | [Epoch 149] [Time: 2.71]
L003683 | [Train Loss: 0.5988]
L003684 | [Train F1: 0.7437746707906854]
L003685 | [Train Acc: 0.7447586074245047]
L003686 | [Dev Loss: 1.304]
L003687 | [Dev F1: 0.5439700835918417]
L003688 | [Dev Acc: 0.5548281505728314]
L003689 | Last model
L003690 |               precision    recall  f1-score   support
L003691 | 
L003692 |          hap     0.6000    0.4792    0.5328       144
L003693 |          sad     0.8091    0.7959    0.8025       245
L003694 |          neu     0.6317    0.6120    0.6217       384
L003695 |          ang     0.7907    0.4000    0.5312       170
L003696 |          exc     0.7047    0.8462    0.7690       299
L003697 |          fru     0.5689    0.6719    0.6161       381
L003698 | 
L003699 |     accuracy                         0.6630      1623
L003700 |    macro avg     0.6842    0.6342    0.6456      1623
L003701 | weighted avg     0.6710    0.6630    0.6575      1623
L003702 | 
L003703 | Best model at epoch: 149
L003704 | Best dev F1: 0.5439700835918417
L003705 |               precision    recall  f1-score   support
L003706 | 
L003707 |          hap     0.6000    0.4792    0.5328       144
L003708 |          sad     0.8091    0.7959    0.8025       245
L003709 |          neu     0.6317    0.6120    0.6217       384
L003710 |          ang     0.7907    0.4000    0.5312       170
L003711 |          exc     0.7047    0.8462    0.7690       299
L003712 |          fru     0.5689    0.6719    0.6161       381
L003713 | 
L003714 |     accuracy                         0.6630      1623
L003715 |    macro avg     0.6842    0.6342    0.6456      1623
L003716 | weighted avg     0.6710    0.6630    0.6575      1623
L003717 | 
L003718 | Best test F1: 0.6574536286035194
L003719 | Best test Acc: 0.662969808995687
L003720 | [SANITIZED] Saved checkpoint: [path and filename removed]
