# Redacted copy of an existing run log.
# run_id: G14-seed4
# dataset: IEMOCAP
# model: MM-DFN+AMBER
# imr: (0.3,0.7,0.5)
# seed_alias: seed4
# original_log_sha256: f125cb605c0cc14809d40e7bae86e543222bd217e9ffc79a7631febba87fd8fc
# source_record_status: ok
# source_record_process_return_code: 3221226505
# L numbers refer to source logical lines; REDACTED/SANITIZED text is editorial.
L000001-L000076 | [REDACTED: configuration or implementation details]
L000077 | [SANITIZED] Seed alias: seed4
L000078 | 
L000079-L000080 | [REDACTED: batch progress and internal diagnostics]
L000081 | 
L000082-L000083 | [REDACTED: batch progress and internal diagnostics]
L000084 | 
L000085-L000086 | [REDACTED: batch progress and internal diagnostics]
L000087 | 
L000088-L000103 | [REDACTED: batch progress and internal diagnostics]
L000104 | [Epoch 0] [Time: 9.216941118240356]
L000105 | [Train Loss: 9.2766]
L000106 | [Train F1: 0.24299964357786727]
L000107 | [Train Acc: 0.2820366132723112]
L000108 | [Dev Loss: 7.465]
L000109 | [Dev F1: 0.30007574008086235]
L000110 | [Dev Acc: 0.36395759717314485]
L000111 | 
L000112-L000127 | [REDACTED: batch progress and internal diagnostics]
L000128 | [Epoch 1] [Time: 8.18932032585144]
L000129 | [Train Loss: 7.6896]
L000130 | [Train F1: 0.3787340061510206]
L000131 | [Train Acc: 0.42467581998474446]
L000132 | [Dev Loss: 6.5721]
L000133 | [Dev F1: 0.4233480366860298]
L000134 | [Dev Acc: 0.4558303886925795]
L000135 | 
L000136-L000151 | [REDACTED: batch progress and internal diagnostics]
L000152 | [Epoch 2] [Time: 8.135754823684692]
L000153 | [Train Loss: 6.7441]
L000154 | [Train F1: 0.473084958851242]
L000155 | [Train Acc: 0.4950419527078566]
L000156 | [Dev Loss: 5.806]
L000157 | [Dev F1: 0.5176925085358337]
L000158 | [Dev Acc: 0.5335689045936396]
L000159 | 
L000160-L000175 | [REDACTED: batch progress and internal diagnostics]
L000176 | [Epoch 3] [Time: 8.74845576286316]
L000177 | [Train Loss: 5.9051]
L000178 | [Train F1: 0.5393356746819972]
L000179 | [Train Acc: 0.5522501906941266]
L000180 | [Dev Loss: 5.2712]
L000181 | [Dev F1: 0.538085089549705]
L000182 | [Dev Acc: 0.5512367491166078]
L000183 | 
L000184-L000199 | [REDACTED: batch progress and internal diagnostics]
L000200 | [Epoch 4] [Time: 8.417280197143555]
L000201 | [Train Loss: 5.2677]
L000202 | [Train F1: 0.5585185174137405]
L000203 | [Train Acc: 0.5696033562166285]
L000204 | [Dev Loss: 4.7258]
L000205 | [Dev F1: 0.5915838971109267]
L000206 | [Dev Acc: 0.5954063604240283]
L000207 | 
L000208-L000223 | [REDACTED: batch progress and internal diagnostics]
L000224 | [Epoch 5] [Time: 8.586194515228271]
L000225 | [Train Loss: 4.7997]
L000226 | [Train F1: 0.5903141703545485]
L000227 | [Train Acc: 0.5968726163234173]
L000228 | [Dev Loss: 4.3213]
L000229 | [Dev F1: 0.6202004465878868]
L000230 | [Dev Acc: 0.6219081272084805]
L000231 | 
L000232-L000247 | [REDACTED: batch progress and internal diagnostics]
L000248 | [Epoch 6] [Time: 8.31682801246643]
L000249 | [Train Loss: 4.4834]
L000250 | [Train F1: 0.6133497916387939]
L000251 | [Train Acc: 0.618421052631579]
L000252 | [Dev Loss: 4.1014]
L000253 | [Dev F1: 0.6381129176068986]
L000254 | [Dev Acc: 0.6378091872791519]
L000255 | 
L000256-L000271 | [REDACTED: batch progress and internal diagnostics]
L000272 | [Epoch 7] [Time: 7.920091867446899]
L000273 | [Train Loss: 4.1813]
L000274 | [Train F1: 0.6282639293509796]
L000275 | [Train Acc: 0.6348207475209764]
L000276 | [Dev Loss: 3.9729]
L000277 | [Dev F1: 0.6345820665232584]
L000278 | [Dev Acc: 0.6360424028268551]
L000279 | 
L000280-L000295 | [REDACTED: batch progress and internal diagnostics]
L000296 | [Epoch 8] [Time: 8.546120166778564]
L000297 | [Train Loss: 3.9334]
L000298 | [Train F1: 0.6588383819707234]
L000299 | [Train Acc: 0.6632341723874905]
L000300 | [Dev Loss: 3.8483]
L000301 | [Dev F1: 0.6571263323804072]
L000302 | [Dev Acc: 0.657243816254417]
L000303 | 
L000304-L000319 | [REDACTED: batch progress and internal diagnostics]
L000320 | [Epoch 9] [Time: 8.272342443466187]
L000321 | [Train Loss: 3.6775]
L000322 | [Train F1: 0.6789394663411397]
L000323 | [Train Acc: 0.6844012204424104]
L000324 | [Dev Loss: 3.7548]
L000325 | [Dev F1: 0.6823461290417026]
L000326 | [Dev Acc: 0.6819787985865724]
L000327 | 
L000328-L000343 | [REDACTED: batch progress and internal diagnostics]
L000344 | [Epoch 10] [Time: 8.276407718658447]
L000345 | [Train Loss: 3.4431]
L000346 | [Train F1: 0.7013507978378033]
L000347 | [Train Acc: 0.7038520213577422]
L000348 | [Dev Loss: 3.6842]
L000349 | [Dev F1: 0.673464147425623]
L000350 | [Dev Acc: 0.6731448763250883]
L000351 | 
L000352-L000367 | [REDACTED: batch progress and internal diagnostics]
L000368 | [Epoch 11] [Time: 7.835856199264526]
L000369 | [Train Loss: 3.3019]
L000370 | [Train F1: 0.7074909434264028]
L000371 | [Train Acc: 0.71186117467582]
L000372 | [Dev Loss: 3.7013]
L000373 | [Dev F1: 0.6713581494052617]
L000374 | [Dev Acc: 0.6713780918727915]
L000375 | 
L000376-L000391 | [REDACTED: batch progress and internal diagnostics]
L000392 | [Epoch 12] [Time: 8.490327596664429]
L000393 | [Train Loss: 3.1062]
L000394 | [Train F1: 0.7268299788140914]
L000395 | [Train Acc: 0.7295957284515637]
L000396 | [Dev Loss: 3.548]
L000397 | [Dev F1: 0.6726703372276768]
L000398 | [Dev Acc: 0.6731448763250883]
L000399 | 
L000400-L000415 | [REDACTED: batch progress and internal diagnostics]
L000416 | [Epoch 13] [Time: 8.750345706939697]
L000417 | [Train Loss: 2.9705]
L000418 | [Train F1: 0.738544214878266]
L000419 | [Train Acc: 0.7416094584286804]
L000420 | [Dev Loss: 3.6331]
L000421 | [Dev F1: 0.6800836321307248]
L000422 | [Dev Acc: 0.6802120141342756]
L000423 | 
L000424-L000439 | [REDACTED: batch progress and internal diagnostics]
L000440 | [Epoch 14] [Time: 7.766479253768921]
L000441 | [Train Loss: 2.8429]
L000442 | [Train F1: 0.7565615665087964]
L000443 | [Train Acc: 0.7581998474446987]
L000444 | [Dev Loss: 3.4785]
L000445 | [Dev F1: 0.6818041119628454]
L000446 | [Dev Acc: 0.6819787985865724]
L000447 | 
L000448-L000463 | [REDACTED: batch progress and internal diagnostics]
L000464 | [Epoch 15] [Time: 8.112345218658447]
L000465 | [Train Loss: 2.7259]
L000466 | [Train F1: 0.7680732457265514]
L000467 | [Train Acc: 0.7704042715484363]
L000468 | [Dev Loss: 3.6107]
L000469 | [Dev F1: 0.676826560377277]
L000470 | [Dev Acc: 0.676678445229682]
L000471 | 
L000472-L000487 | [REDACTED: batch progress and internal diagnostics]
L000488 | [Epoch 16] [Time: 8.09976077079773]
L000489 | [Train Loss: 2.6429]
L000490 | [Train F1: 0.7697434185189627]
L000491 | [Train Acc: 0.7725019069412662]
L000492 | [Dev Loss: 3.614]
L000493 | [Dev F1: 0.6757854895002289]
L000494 | [Dev Acc: 0.676678445229682]
L000495 | 
L000496-L000511 | [REDACTED: batch progress and internal diagnostics]
L000512 | [Epoch 17] [Time: 7.928395986557007]
L000513 | [Train Loss: 2.4619]
L000514 | [Train F1: 0.7828175886206455]
L000515 | [Train Acc: 0.7845156369183829]
L000516 | [Dev Loss: 3.559]
L000517 | [Dev F1: 0.6977110064362738]
L000518 | [Dev Acc: 0.6978798586572438]
L000519 | 
L000520-L000535 | [REDACTED: batch progress and internal diagnostics]
L000536 | [Epoch 18] [Time: 8.411609411239624]
L000537 | [Train Loss: 2.3607]
L000538 | [Train F1: 0.7879095504541317]
L000539 | [Train Acc: 0.7902364607170099]
L000540 | [Dev Loss: 3.7649]
L000541 | [Dev F1: 0.6583703969390104]
L000542 | [Dev Acc: 0.6590106007067138]
L000543 | 
L000544-L000559 | [REDACTED: batch progress and internal diagnostics]
L000560 | [Epoch 19] [Time: 7.7699363231658936]
L000561 | [Train Loss: 2.2407]
L000562 | [Train F1: 0.8028871716041983]
L000563 | [Train Acc: 0.8041571319603357]
L000564 | [Dev Loss: 3.6517]
L000565 | [Dev F1: 0.6803950571800522]
L000566 | [Dev Acc: 0.6802120141342756]
L000567 | 
L000568-L000583 | [REDACTED: batch progress and internal diagnostics]
L000584 | [Epoch 20] [Time: 7.661867618560791]
L000585 | [Train Loss: 2.1348]
L000586 | [Train F1: 0.8107315881928447]
L000587 | [Train Acc: 0.8125476735316552]
L000588 | [Dev Loss: 3.77]
L000589 | [Dev F1: 0.6851185497967709]
L000590 | [Dev Acc: 0.6855123674911661]
L000591 | 
L000592-L000607 | [REDACTED: batch progress and internal diagnostics]
L000608 | [Epoch 21] [Time: 7.9145002365112305]
L000609 | [Train Loss: 2.067]
L000610 | [Train F1: 0.8176250564327231]
L000611 | [Train Acc: 0.8192219679633868]
L000612 | [Dev Loss: 3.7066]
L000613 | [Dev F1: 0.6580007605753483]
L000614 | [Dev Acc: 0.6607773851590106]
L000615 | 
L000616-L000631 | [REDACTED: batch progress and internal diagnostics]
L000632 | [Epoch 22] [Time: 7.8562538623809814]
L000633 | [Train Loss: 1.9766]
L000634 | [Train F1: 0.8243052726379114]
L000635 | [Train Acc: 0.8253241800152555]
L000636 | [Dev Loss: 3.859]
L000637 | [Dev F1: 0.6562583297393815]
L000638 | [Dev Acc: 0.657243816254417]
L000639 | 
L000640-L000655 | [REDACTED: batch progress and internal diagnostics]
L000656 | [Epoch 23] [Time: 7.548377513885498]
L000657 | [Train Loss: 1.8827]
L000658 | [Train F1: 0.8333238814970699]
L000659 | [Train Acc: 0.8348588863463006]
L000660 | [Dev Loss: 3.8052]
L000661 | [Dev F1: 0.6786916267855091]
L000662 | [Dev Acc: 0.6784452296819788]
L000663 | 
L000664-L000679 | [REDACTED: batch progress and internal diagnostics]
L000680 | [Epoch 24] [Time: 8.36051607131958]
L000681 | [Train Loss: 1.8095]
L000682 | [Train F1: 0.8374219092667436]
L000683 | [Train Acc: 0.8381006864988558]
L000684 | [Dev Loss: 3.8763]
L000685 | [Dev F1: 0.656853345493678]
L000686 | [Dev Acc: 0.657243816254417]
L000687 | 
L000688-L000703 | [REDACTED: batch progress and internal diagnostics]
L000704 | [Epoch 25] [Time: 8.084973335266113]
L000705 | [Train Loss: 1.7735]
L000706 | [Train F1: 0.8368269641987113]
L000707 | [Train Acc: 0.8384820747520977]
L000708 | [Dev Loss: 3.8166]
L000709 | [Dev F1: 0.683407105988313]
L000710 | [Dev Acc: 0.6837455830388692]
L000711 | 
L000712-L000727 | [REDACTED: batch progress and internal diagnostics]
L000728 | [Epoch 26] [Time: 8.42716097831726]
L000729 | [Train Loss: 1.7775]
L000730 | [Train F1: 0.8406041206128194]
L000731 | [Train Acc: 0.8409610983981693]
L000732 | [Dev Loss: 3.8191]
L000733 | [Dev F1: 0.6838788960598458]
L000734 | [Dev Acc: 0.6837455830388692]
L000735 | 
L000736-L000751 | [REDACTED: batch progress and internal diagnostics]
L000752 | [Epoch 27] [Time: 8.635226964950562]
L000753 | [Train Loss: 1.6867]
L000754 | [Train F1: 0.8474752311505361]
L000755 | [Train Acc: 0.8489702517162472]
L000756 | [Dev Loss: 3.9335]
L000757 | [Dev F1: 0.6771304899799859]
L000758 | [Dev Acc: 0.6784452296819788]
L000759 | 
L000760-L000775 | [REDACTED: batch progress and internal diagnostics]
L000776 | [Epoch 28] [Time: 8.722108125686646]
L000777 | [Train Loss: 1.6778]
L000778 | [Train F1: 0.8522248903165861]
L000779 | [Train Acc: 0.8527841342486652]
L000780 | [Dev Loss: 4.0202]
L000781 | [Dev F1: 0.6357913367064354]
L000782 | [Dev Acc: 0.6378091872791519]
L000783 | 
L000784-L000799 | [REDACTED: batch progress and internal diagnostics]
L000800 | [Epoch 29] [Time: 8.299002408981323]
L000801 | [Train Loss: 1.5906]
L000802 | [Train F1: 0.8603447977578959]
L000803 | [Train Acc: 0.8615560640732265]
L000804 | [Dev Loss: 4.0096]
L000805 | [Dev F1: 0.6777866263106598]
L000806 | [Dev Acc: 0.6784452296819788]
L000807 | 
L000808-L000823 | [REDACTED: batch progress and internal diagnostics]
L000824 | [Epoch 30] [Time: 7.810017108917236]
L000825 | [Train Loss: 1.552]
L000826 | [Train F1: 0.8606094181534641]
L000827 | [Train Acc: 0.8611746758199847]
L000828 | [Dev Loss: 4.007]
L000829 | [Dev F1: 0.6685254009770182]
L000830 | [Dev Acc: 0.6678445229681979]
L000831 | 
L000832-L000847 | [REDACTED: batch progress and internal diagnostics]
L000848 | [Epoch 31] [Time: 8.32537841796875]
L000849 | [Train Loss: 1.4939]
L000850 | [Train F1: 0.8653919063836472]
L000851 | [Train Acc: 0.8663234172387491]
L000852 | [Dev Loss: 4.3647]
L000853 | [Dev F1: 0.653796597101294]
L000854 | [Dev Acc: 0.6537102473498233]
L000855 | 
L000856-L000871 | [REDACTED: batch progress and internal diagnostics]
L000872 | [Epoch 32] [Time: 8.312435388565063]
L000873 | [Train Loss: 1.4446]
L000874 | [Train F1: 0.8651954399921871]
L000875 | [Train Acc: 0.8659420289855072]
L000876 | [Dev Loss: 4.1041]
L000877 | [Dev F1: 0.6474038095972393]
L000878 | [Dev Acc: 0.6466431095406361]
L000879 | 
L000880-L000895 | [REDACTED: batch progress and internal diagnostics]
L000896 | [Epoch 33] [Time: 8.214080095291138]
L000897 | [Train Loss: 1.4885]
L000898 | [Train F1: 0.8661635385030395]
L000899 | [Train Acc: 0.8667048054919908]
L000900 | [Dev Loss: 4.341]
L000901 | [Dev F1: 0.6736600710831717]
L000902 | [Dev Acc: 0.6749116607773852]
L000903 | 
L000904-L000919 | [REDACTED: batch progress and internal diagnostics]
L000920 | [Epoch 34] [Time: 8.739584922790527]
L000921 | [Train Loss: 1.3522]
L000922 | [Train F1: 0.8705677703551731]
L000923 | [Train Acc: 0.8714721586575134]
L000924 | [Dev Loss: 4.3417]
L000925 | [Dev F1: 0.6682023710763343]
L000926 | [Dev Acc: 0.6678445229681979]
L000927 | 
L000928-L000943 | [REDACTED: batch progress and internal diagnostics]
L000944 | [Epoch 35] [Time: 8.143262147903442]
L000945 | [Train Loss: 1.3181]
L000946 | [Train F1: 0.8801607931149938]
L000947 | [Train Acc: 0.8808161708619374]
L000948 | [Dev Loss: 4.1496]
L000949 | [Dev F1: 0.6406531243583796]
L000950 | [Dev Acc: 0.6431095406360424]
L000951 | 
L000952-L000967 | [REDACTED: batch progress and internal diagnostics]
L000968 | [Epoch 36] [Time: 7.843491554260254]
L000969 | [Train Loss: 1.3536]
L000970 | [Train F1: 0.8772471433564313]
L000971 | [Train Acc: 0.8775743707093822]
L000972 | [Dev Loss: 4.3638]
L000973 | [Dev F1: 0.6549986620402996]
L000974 | [Dev Acc: 0.6554770318021201]
L000975 | 
L000976-L000991 | [REDACTED: batch progress and internal diagnostics]
L000992 | [Epoch 37] [Time: 8.12358570098877]
L000993 | [Train Loss: 1.2952]
L000994 | [Train F1: 0.8788548953652916]
L000995 | [Train Acc: 0.879862700228833]
L000996 | [Dev Loss: 4.4396]
L000997 | [Dev F1: 0.6750622543872967]
L000998 | [Dev Acc: 0.6749116607773852]
L000999 | 
L001000-L001015 | [REDACTED: batch progress and internal diagnostics]
L001016 | [Epoch 38] [Time: 7.552852153778076]
L001017 | [Train Loss: 1.2133]
L001018 | [Train F1: 0.8949756067327959]
L001019 | [Train Acc: 0.8954996186117468]
L001020 | [Dev Loss: 4.204]
L001021 | [Dev F1: 0.6746970452964867]
L001022 | [Dev Acc: 0.6749116607773852]
L001023 | 
L001024-L001039 | [REDACTED: batch progress and internal diagnostics]
L001040 | [Epoch 39] [Time: 8.302752494812012]
L001041 | [Train Loss: 1.2083]
L001042 | [Train F1: 0.8903624027023184]
L001043 | [Train Acc: 0.8909229595728452]
L001044 | [Dev Loss: 4.2847]
L001045 | [Dev F1: 0.6608944704418609]
L001046 | [Dev Acc: 0.6607773851590106]
L001047 | 
L001048-L001063 | [REDACTED: batch progress and internal diagnostics]
L001064 | [Epoch 40] [Time: 7.861643314361572]
L001065 | [Train Loss: 1.1781]
L001066 | [Train F1: 0.890581229606378]
L001067 | [Train Acc: 0.8913043478260869]
L001068 | [Dev Loss: 4.7574]
L001069 | [Dev F1: 0.6384994288384185]
L001070 | [Dev Acc: 0.6378091872791519]
L001071 | 
L001072-L001087 | [REDACTED: batch progress and internal diagnostics]
L001088 | [Epoch 41] [Time: 8.088714122772217]
L001089 | [Train Loss: 1.1675]
L001090 | [Train F1: 0.8942756196140527]
L001091 | [Train Acc: 0.894927536231884]
L001092 | [Dev Loss: 4.5164]
L001093 | [Dev F1: 0.6519452662073848]
L001094 | [Dev Acc: 0.6519434628975265]
L001095 | 
L001096-L001111 | [REDACTED: batch progress and internal diagnostics]
L001112 | [Epoch 42] [Time: 7.908205270767212]
L001113 | [Train Loss: 1.1572]
L001114 | [Train F1: 0.8945501982548206]
L001115 | [Train Acc: 0.894927536231884]
L001116 | [Dev Loss: 4.9923]
L001117 | [Dev F1: 0.6303309098819062]
L001118 | [Dev Acc: 0.6325088339222615]
L001119 | Early stopping at epoch: 42
L001120 | Last model
L001121 |               precision    recall  f1-score   support
L001122 | 
L001123 |          hap     0.5938    0.2639    0.3654       144
L001124 |          sad     0.8117    0.7388    0.7735       245
L001125 |          neu     0.5307    0.8333    0.6484       384
L001126 |          ang     0.5152    0.7000    0.5935       170
L001127 |          exc     0.7687    0.6890    0.7266       299
L001128 |          fru     0.6410    0.3937    0.4878       381
L001129 | 
L001130 |     accuracy                         0.6248      1623
L001131 |    macro avg     0.6435    0.6031    0.5992      1623
L001132 | weighted avg     0.6468    0.6248    0.6131      1623
L001133 | 
L001134 | Best model at epoch: 17
L001135 | Best dev F1: 0.6977110064362738
L001136 |               precision    recall  f1-score   support
L001137 | 
L001138 |          hap     0.5182    0.3958    0.4488       144
L001139 |          sad     0.7992    0.8449    0.8214       245
L001140 |          neu     0.5910    0.7865    0.6749       384
L001141 |          ang     0.5654    0.7118    0.6302       170
L001142 |          exc     0.7778    0.6789    0.7250       299
L001143 |          fru     0.6679    0.4698    0.5516       381
L001144 | 
L001145 |     accuracy                         0.6587      1623
L001146 |    macro avg     0.6533    0.6480    0.6420      1623
L001147 | weighted avg     0.6658    0.6587    0.6526      1623
L001148 | 
L001149 | Best test F1: 0.6525589134337142
L001150 | Best test Acc: 0.6586568083795441
L001151 | [SANITIZED] Saved checkpoint: [path and filename removed]
