# Redacted copy of an existing run log.
# run_id: G14-seed5
# dataset: IEMOCAP
# model: MM-DFN+AMBER
# imr: (0.3,0.7,0.5)
# seed_alias: seed5
# original_log_sha256: 272db3e4711563dd29159c8ea06b5599f043118c6a17432e0ecce6ec232fec75
# source_record_status: ok
# source_record_process_return_code: 3221226505
# L numbers refer to source logical lines; REDACTED/SANITIZED text is editorial.
L000001-L000076 | [REDACTED: configuration or implementation details]
L000077 | [SANITIZED] Seed alias: seed5
L000078 | 
L000079-L000080 | [REDACTED: batch progress and internal diagnostics]
L000081 | 
L000082-L000083 | [REDACTED: batch progress and internal diagnostics]
L000084 | 
L000085-L000086 | [REDACTED: batch progress and internal diagnostics]
L000087 | 
L000088-L000103 | [REDACTED: batch progress and internal diagnostics]
L000104 | [Epoch 0] [Time: 8.604313373565674]
L000105 | [Train Loss: 9.4432]
L000106 | [Train F1: 0.2729497513071426]
L000107 | [Train Acc: 0.28338136407300674]
L000108 | [Dev Loss: 7.2142]
L000109 | [Dev F1: 0.2751472333336916]
L000110 | [Dev Acc: 0.2991735537190083]
L000111 | 
L000112-L000127 | [REDACTED: batch progress and internal diagnostics]
L000128 | [Epoch 1] [Time: 8.295977354049683]
L000129 | [Train Loss: 7.8636]
L000130 | [Train F1: 0.3976139195637922]
L000131 | [Train Acc: 0.42881844380403455]
L000132 | [Dev Loss: 6.9334]
L000133 | [Dev F1: 0.30340630261252005]
L000134 | [Dev Acc: 0.32231404958677684]
L000135 | 
L000136-L000151 | [REDACTED: batch progress and internal diagnostics]
L000152 | [Epoch 2] [Time: 7.996418237686157]
L000153 | [Train Loss: 6.7931]
L000154 | [Train F1: 0.4616194634142203]
L000155 | [Train Acc: 0.48587896253602303]
L000156 | [Dev Loss: 6.2188]
L000157 | [Dev F1: 0.4717228560411976]
L000158 | [Dev Acc: 0.456198347107438]
L000159 | 
L000160-L000175 | [REDACTED: batch progress and internal diagnostics]
L000176 | [Epoch 3] [Time: 8.114843606948853]
L000177 | [Train Loss: 5.9143]
L000178 | [Train F1: 0.5258736555472067]
L000179 | [Train Acc: 0.5390970220941402]
L000180 | [Dev Loss: 5.3596]
L000181 | [Dev F1: 0.5444323598611508]
L000182 | [Dev Acc: 0.5289256198347108]
L000183 | 
L000184-L000199 | [REDACTED: batch progress and internal diagnostics]
L000200 | [Epoch 4] [Time: 8.024755477905273]
L000201 | [Train Loss: 5.3439]
L000202 | [Train F1: 0.5727861741209265]
L000203 | [Train Acc: 0.577521613832853]
L000204 | [Dev Loss: 4.9126]
L000205 | [Dev F1: 0.5626599673170247]
L000206 | [Dev Acc: 0.5504132231404959]
L000207 | 
L000208-L000223 | [REDACTED: batch progress and internal diagnostics]
L000224 | [Epoch 5] [Time: 8.045976877212524]
L000225 | [Train Loss: 4.8497]
L000226 | [Train F1: 0.586622910660408]
L000227 | [Train Acc: 0.5953890489913545]
L000228 | [Dev Loss: 4.7171]
L000229 | [Dev F1: 0.5651960676353505]
L000230 | [Dev Acc: 0.5570247933884298]
L000231 | 
L000232-L000247 | [REDACTED: batch progress and internal diagnostics]
L000248 | [Epoch 6] [Time: 8.412753105163574]
L000249 | [Train Loss: 4.4972]
L000250 | [Train F1: 0.6269701815380325]
L000251 | [Train Acc: 0.6343900096061479]
L000252 | [Dev Loss: 4.3036]
L000253 | [Dev F1: 0.5934441587238761]
L000254 | [Dev Acc: 0.5867768595041323]
L000255 | 
L000256-L000271 | [REDACTED: batch progress and internal diagnostics]
L000272 | [Epoch 7] [Time: 8.694907188415527]
L000273 | [Train Loss: 4.161]
L000274 | [Train F1: 0.64764218893307]
L000275 | [Train Acc: 0.6503362151777138]
L000276 | [Dev Loss: 4.2319]
L000277 | [Dev F1: 0.605397927508978]
L000278 | [Dev Acc: 0.596694214876033]
L000279 | 
L000280-L000295 | [REDACTED: batch progress and internal diagnostics]
L000296 | [Epoch 8] [Time: 8.273338317871094]
L000297 | [Train Loss: 3.9759]
L000298 | [Train F1: 0.673606480096147]
L000299 | [Train Acc: 0.6781940441882806]
L000300 | [Dev Loss: 4.0432]
L000301 | [Dev F1: 0.6184482956588843]
L000302 | [Dev Acc: 0.6099173553719008]
L000303 | 
L000304-L000319 | [REDACTED: batch progress and internal diagnostics]
L000320 | [Epoch 9] [Time: 8.263579607009888]
L000321 | [Train Loss: 3.7544]
L000322 | [Train F1: 0.6893106420031752]
L000323 | [Train Acc: 0.6926032660902978]
L000324 | [Dev Loss: 4.1134]
L000325 | [Dev F1: 0.6184003365175574]
L000326 | [Dev Acc: 0.6115702479338843]
L000327 | 
L000328-L000343 | [REDACTED: batch progress and internal diagnostics]
L000344 | [Epoch 10] [Time: 8.776979684829712]
L000345 | [Train Loss: 3.5075]
L000346 | [Train F1: 0.6972036536119116]
L000347 | [Train Acc: 0.7016330451488952]
L000348 | [Dev Loss: 3.8046]
L000349 | [Dev F1: 0.6351720899433245]
L000350 | [Dev Acc: 0.6297520661157024]
L000351 | 
L000352-L000367 | [REDACTED: batch progress and internal diagnostics]
L000368 | [Epoch 11] [Time: 8.300681829452515]
L000369 | [Train Loss: 3.3041]
L000370 | [Train F1: 0.7093424990816087]
L000371 | [Train Acc: 0.7131604226705092]
L000372 | [Dev Loss: 4.0911]
L000373 | [Dev F1: 0.6189579365097813]
L000374 | [Dev Acc: 0.6099173553719008]
L000375 | 
L000376-L000391 | [REDACTED: batch progress and internal diagnostics]
L000392 | [Epoch 12] [Time: 8.098002672195435]
L000393 | [Train Loss: 3.1887]
L000394 | [Train F1: 0.7315890322734192]
L000395 | [Train Acc: 0.7346781940441883]
L000396 | [Dev Loss: 3.6681]
L000397 | [Dev F1: 0.6497944819902249]
L000398 | [Dev Acc: 0.6446280991735537]
L000399 | 
L000400-L000415 | [REDACTED: batch progress and internal diagnostics]
L000416 | [Epoch 13] [Time: 8.494804382324219]
L000417 | [Train Loss: 2.9993]
L000418 | [Train F1: 0.7385759925089045]
L000419 | [Train Acc: 0.7408261287223823]
L000420 | [Dev Loss: 4.0268]
L000421 | [Dev F1: 0.62361947141364]
L000422 | [Dev Acc: 0.6148760330578512]
L000423 | 
L000424-L000439 | [REDACTED: batch progress and internal diagnostics]
L000440 | [Epoch 14] [Time: 8.480953931808472]
L000441 | [Train Loss: 2.8866]
L000442 | [Train F1: 0.7469983457150395]
L000443 | [Train Acc: 0.7500480307396734]
L000444 | [Dev Loss: 3.757]
L000445 | [Dev F1: 0.6422311773473427]
L000446 | [Dev Acc: 0.6347107438016529]
L000447 | 
L000448-L000463 | [REDACTED: batch progress and internal diagnostics]
L000464 | [Epoch 15] [Time: 8.173781871795654]
L000465 | [Train Loss: 2.8166]
L000466 | [Train F1: 0.7580519858406215]
L000467 | [Train Acc: 0.7600384245917388]
L000468 | [Dev Loss: 4.0343]
L000469 | [Dev F1: 0.6126838385973583]
L000470 | [Dev Acc: 0.6066115702479339]
L000471 | 
L000472-L000487 | [REDACTED: batch progress and internal diagnostics]
L000488 | [Epoch 16] [Time: 8.249001026153564]
L000489 | [Train Loss: 2.594]
L000490 | [Train F1: 0.7774120088788199]
L000491 | [Train Acc: 0.7794428434197886]
L000492 | [Dev Loss: 3.8249]
L000493 | [Dev F1: 0.6482509516926807]
L000494 | [Dev Acc: 0.6413223140495867]
L000495 | 
L000496-L000511 | [REDACTED: batch progress and internal diagnostics]
L000512 | [Epoch 17] [Time: 8.060885190963745]
L000513 | [Train Loss: 2.4696]
L000514 | [Train F1: 0.7890083073373829]
L000515 | [Train Acc: 0.7909702209414025]
L000516 | [Dev Loss: 4.0151]
L000517 | [Dev F1: 0.6219903521803678]
L000518 | [Dev Acc: 0.6148760330578512]
L000519 | 
L000520-L000535 | [REDACTED: batch progress and internal diagnostics]
L000536 | [Epoch 18] [Time: 7.803585767745972]
L000537 | [Train Loss: 2.3466]
L000538 | [Train F1: 0.7949893044443517]
L000539 | [Train Acc: 0.7971181556195965]
L000540 | [Dev Loss: 3.7297]
L000541 | [Dev F1: 0.6648790313509435]
L000542 | [Dev Acc: 0.6611570247933884]
L000543 | 
L000544-L000559 | [REDACTED: batch progress and internal diagnostics]
L000560 | [Epoch 19] [Time: 8.242910146713257]
L000561 | [Train Loss: 2.3401]
L000562 | [Train F1: 0.8014323998716448]
L000563 | [Train Acc: 0.803073967339097]
L000564 | [Dev Loss: 4.0647]
L000565 | [Dev F1: 0.6250242911932771]
L000566 | [Dev Acc: 0.6198347107438017]
L000567 | 
L000568-L000583 | [REDACTED: batch progress and internal diagnostics]
L000584 | [Epoch 20] [Time: 7.8127121925354]
L000585 | [Train Loss: 2.1694]
L000586 | [Train F1: 0.8096739333322169]
L000587 | [Train Acc: 0.8111431316042267]
L000588 | [Dev Loss: 4.1652]
L000589 | [Dev F1: 0.6471833647083952]
L000590 | [Dev Acc: 0.6396694214876033]
L000591 | 
L000592-L000607 | [REDACTED: batch progress and internal diagnostics]
L000608 | [Epoch 21] [Time: 8.041571378707886]
L000609 | [Train Loss: 2.0776]
L000610 | [Train F1: 0.8172841472341287]
L000611 | [Train Acc: 0.8186359269932757]
L000612 | [Dev Loss: 4.0725]
L000613 | [Dev F1: 0.6427366529131839]
L000614 | [Dev Acc: 0.6347107438016529]
L000615 | 
L000616-L000631 | [REDACTED: batch progress and internal diagnostics]
L000632 | [Epoch 22] [Time: 8.661181926727295]
L000633 | [Train Loss: 2.03]
L000634 | [Train F1: 0.8164979070398921]
L000635 | [Train Acc: 0.8178674351585015]
L000636 | [Dev Loss: 3.9288]
L000637 | [Dev F1: 0.6728954461804807]
L000638 | [Dev Acc: 0.6694214876033058]
L000639 | 
L000640-L000655 | [REDACTED: batch progress and internal diagnostics]
L000656 | [Epoch 23] [Time: 7.884010076522827]
L000657 | [Train Loss: 1.8955]
L000658 | [Train F1: 0.8266855487360318]
L000659 | [Train Acc: 0.8282420749279539]
L000660 | [Dev Loss: 4.1438]
L000661 | [Dev F1: 0.6511689191858019]
L000662 | [Dev Acc: 0.6462809917355372]
L000663 | 
L000664-L000679 | [REDACTED: batch progress and internal diagnostics]
L000680 | [Epoch 24] [Time: 7.891300916671753]
L000681 | [Train Loss: 1.8346]
L000682 | [Train F1: 0.8305324483898298]
L000683 | [Train Acc: 0.8320845341018251]
L000684 | [Dev Loss: 4.2494]
L000685 | [Dev F1: 0.639938243273542]
L000686 | [Dev Acc: 0.6363636363636364]
L000687 | 
L000688-L000703 | [REDACTED: batch progress and internal diagnostics]
L000704 | [Epoch 25] [Time: 8.300522565841675]
L000705 | [Train Loss: 1.7785]
L000706 | [Train F1: 0.8436259318589351]
L000707 | [Train Acc: 0.8447646493756004]
L000708 | [Dev Loss: 4.1893]
L000709 | [Dev F1: 0.6468442783066011]
L000710 | [Dev Acc: 0.6429752066115703]
L000711 | 
L000712-L000727 | [REDACTED: batch progress and internal diagnostics]
L000728 | [Epoch 26] [Time: 7.936039686203003]
L000729 | [Train Loss: 1.7222]
L000730 | [Train F1: 0.8502277117565477]
L000731 | [Train Acc: 0.8514889529298751]
L000732 | [Dev Loss: 4.2608]
L000733 | [Dev F1: 0.6700109516187502]
L000734 | [Dev Acc: 0.6644628099173554]
L000735 | 
L000736-L000751 | [REDACTED: batch progress and internal diagnostics]
L000752 | [Epoch 27] [Time: 8.588436365127563]
L000753 | [Train Loss: 1.6495]
L000754 | [Train F1: 0.8579695898584242]
L000755 | [Train Acc: 0.858597502401537]
L000756 | [Dev Loss: 4.3287]
L000757 | [Dev F1: 0.6309212887341615]
L000758 | [Dev Acc: 0.6264462809917355]
L000759 | 
L000760-L000775 | [REDACTED: batch progress and internal diagnostics]
L000776 | [Epoch 28] [Time: 8.314840078353882]
L000777 | [Train Loss: 1.6514]
L000778 | [Train F1: 0.8466692381837269]
L000779 | [Train Acc: 0.8474543707973102]
L000780 | [Dev Loss: 4.5049]
L000781 | [Dev F1: 0.6375560488826105]
L000782 | [Dev Acc: 0.6297520661157024]
L000783 | 
L000784-L000799 | [REDACTED: batch progress and internal diagnostics]
L000800 | [Epoch 29] [Time: 8.399773359298706]
L000801 | [Train Loss: 1.5283]
L000802 | [Train F1: 0.860990019623662]
L000803 | [Train Acc: 0.8620557156580211]
L000804 | [Dev Loss: 4.4944]
L000805 | [Dev F1: 0.6582277056628373]
L000806 | [Dev Acc: 0.6495867768595042]
L000807 | 
L000808-L000823 | [REDACTED: batch progress and internal diagnostics]
L000824 | [Epoch 30] [Time: 7.817129850387573]
L000825 | [Train Loss: 1.5392]
L000826 | [Train F1: 0.8595454985855904]
L000827 | [Train Acc: 0.8601344860710854]
L000828 | [Dev Loss: 4.1559]
L000829 | [Dev F1: 0.679531148884472]
L000830 | [Dev Acc: 0.6743801652892562]
L000831 | 
L000832-L000847 | [REDACTED: batch progress and internal diagnostics]
L000848 | [Epoch 31] [Time: 7.689053773880005]
L000849 | [Train Loss: 1.4715]
L000850 | [Train F1: 0.8625215099434093]
L000851 | [Train Acc: 0.8635926993275697]
L000852 | [Dev Loss: 4.415]
L000853 | [Dev F1: 0.6492084317320141]
L000854 | [Dev Acc: 0.6446280991735537]
L000855 | 
L000856-L000871 | [REDACTED: batch progress and internal diagnostics]
L000872 | [Epoch 32] [Time: 7.709763526916504]
L000873 | [Train Loss: 1.38]
L000874 | [Train F1: 0.8727713812185961]
L000875 | [Train Acc: 0.873583093179635]
L000876 | [Dev Loss: 4.4851]
L000877 | [Dev F1: 0.6473218917875916]
L000878 | [Dev Acc: 0.6413223140495867]
L000879 | 
L000880-L000895 | [REDACTED: batch progress and internal diagnostics]
L000896 | [Epoch 33] [Time: 8.150877475738525]
L000897 | [Train Loss: 1.3585]
L000898 | [Train F1: 0.8772177354820744]
L000899 | [Train Acc: 0.8778097982708933]
L000900 | [Dev Loss: 4.3707]
L000901 | [Dev F1: 0.6719394816235745]
L000902 | [Dev Acc: 0.6661157024793388]
L000903 | 
L000904-L000919 | [REDACTED: batch progress and internal diagnostics]
L000920 | [Epoch 34] [Time: 8.352197170257568]
L000921 | [Train Loss: 1.3284]
L000922 | [Train F1: 0.8803736413770815]
L000923 | [Train Acc: 0.8810758885686839]
L000924 | [Dev Loss: 4.4689]
L000925 | [Dev F1: 0.6517836704006196]
L000926 | [Dev Acc: 0.6462809917355372]
L000927 | 
L000928-L000943 | [REDACTED: batch progress and internal diagnostics]
L000944 | [Epoch 35] [Time: 8.113649606704712]
L000945 | [Train Loss: 1.3005]
L000946 | [Train F1: 0.8767062707512894]
L000947 | [Train Acc: 0.8776176753121998]
L000948 | [Dev Loss: 4.4566]
L000949 | [Dev F1: 0.6610561836763831]
L000950 | [Dev Acc: 0.6545454545454545]
L000951 | 
L000952-L000967 | [REDACTED: batch progress and internal diagnostics]
L000968 | [Epoch 36] [Time: 8.023855686187744]
L000969 | [Train Loss: 1.3109]
L000970 | [Train F1: 0.8772632452589216]
L000971 | [Train Acc: 0.8778097982708933]
L000972 | [Dev Loss: 5.1011]
L000973 | [Dev F1: 0.6068523626619257]
L000974 | [Dev Acc: 0.5933884297520661]
L000975 | 
L000976-L000991 | [REDACTED: batch progress and internal diagnostics]
L000992 | [Epoch 37] [Time: 8.462093830108643]
L000993 | [Train Loss: 1.237]
L000994 | [Train F1: 0.8851404146346308]
L000995 | [Train Acc: 0.8860710854947166]
L000996 | [Dev Loss: 4.5761]
L000997 | [Dev F1: 0.661692514180138]
L000998 | [Dev Acc: 0.656198347107438]
L000999 | 
L001000-L001015 | [REDACTED: batch progress and internal diagnostics]
L001016 | [Epoch 38] [Time: 8.31056022644043]
L001017 | [Train Loss: 1.2081]
L001018 | [Train F1: 0.8921357245022834]
L001019 | [Train Acc: 0.8927953890489914]
L001020 | [Dev Loss: 4.6459]
L001021 | [Dev F1: 0.6519108628118206]
L001022 | [Dev Acc: 0.6479338842975206]
L001023 | 
L001024-L001039 | [REDACTED: batch progress and internal diagnostics]
L001040 | [Epoch 39] [Time: 8.583302974700928]
L001041 | [Train Loss: 1.156]
L001042 | [Train F1: 0.8890063498008416]
L001043 | [Train Acc: 0.8897214217098943]
L001044 | [Dev Loss: 4.1465]
L001045 | [Dev F1: 0.6831743149605486]
L001046 | [Dev Acc: 0.6793388429752066]
L001047 | 
L001048-L001063 | [REDACTED: batch progress and internal diagnostics]
L001064 | [Epoch 40] [Time: 8.381190299987793]
L001065 | [Train Loss: 1.2075]
L001066 | [Train F1: 0.8834656108245995]
L001067 | [Train Acc: 0.884149855907781]
L001068 | [Dev Loss: 4.9223]
L001069 | [Dev F1: 0.640887300467079]
L001070 | [Dev Acc: 0.6330578512396694]
L001071 | 
L001072-L001087 | [REDACTED: batch progress and internal diagnostics]
L001088 | [Epoch 41] [Time: 8.522539854049683]
L001089 | [Train Loss: 1.1558]
L001090 | [Train F1: 0.8926204630291308]
L001091 | [Train Acc: 0.8931796349663785]
L001092 | [Dev Loss: 4.8317]
L001093 | [Dev F1: 0.6367673260521665]
L001094 | [Dev Acc: 0.6297520661157024]
L001095 | 
L001096-L001111 | [REDACTED: batch progress and internal diagnostics]
L001112 | [Epoch 42] [Time: 8.366762399673462]
L001113 | [Train Loss: 1.1757]
L001114 | [Train F1: 0.8843077151187463]
L001115 | [Train Acc: 0.8851104707012488]
L001116 | [Dev Loss: 5.0696]
L001117 | [Dev F1: 0.6195588898139723]
L001118 | [Dev Acc: 0.6132231404958678]
L001119 | 
L001120-L001135 | [REDACTED: batch progress and internal diagnostics]
L001136 | [Epoch 43] [Time: 8.145722389221191]
L001137 | [Train Loss: 1.1649]
L001138 | [Train F1: 0.8982609924348951]
L001139 | [Train Acc: 0.8987512007684918]
L001140 | [Dev Loss: 4.6684]
L001141 | [Dev F1: 0.6496585416321998]
L001142 | [Dev Acc: 0.6446280991735537]
L001143 | 
L001144-L001159 | [REDACTED: batch progress and internal diagnostics]
L001160 | [Epoch 44] [Time: 8.374799966812134]
L001161 | [Train Loss: 1.1671]
L001162 | [Train F1: 0.8808503624748498]
L001163 | [Train Acc: 0.8814601344860711]
L001164 | [Dev Loss: 4.7101]
L001165 | [Dev F1: 0.654959879195117]
L001166 | [Dev Acc: 0.6479338842975206]
L001167 | 
L001168-L001183 | [REDACTED: batch progress and internal diagnostics]
L001184 | [Epoch 45] [Time: 8.123442649841309]
L001185 | [Train Loss: 1.333]
L001186 | [Train F1: 0.8946555739732508]
L001187 | [Train Acc: 0.8951008645533142]
L001188 | [Dev Loss: 5.0557]
L001189 | [Dev F1: 0.6368476731376453]
L001190 | [Dev Acc: 0.628099173553719]
L001191 | 
L001192-L001207 | [REDACTED: batch progress and internal diagnostics]
L001208 | [Epoch 46] [Time: 8.19672179222107]
L001209 | [Train Loss: 1.1041]
L001210 | [Train F1: 0.8946220462892036]
L001211 | [Train Acc: 0.8952929875120077]
L001212 | [Dev Loss: 4.4833]
L001213 | [Dev F1: 0.6563305593029751]
L001214 | [Dev Acc: 0.6512396694214876]
L001215 | 
L001216-L001231 | [REDACTED: batch progress and internal diagnostics]
L001232 | [Epoch 47] [Time: 8.687270641326904]
L001233 | [Train Loss: 1.0096]
L001234 | [Train F1: 0.9057480619174413]
L001235 | [Train Acc: 0.9060518731988473]
L001236 | [Dev Loss: 4.6543]
L001237 | [Dev F1: 0.6533812282537776]
L001238 | [Dev Acc: 0.6479338842975206]
L001239 | 
L001240-L001255 | [REDACTED: batch progress and internal diagnostics]
L001256 | [Epoch 48] [Time: 8.235569715499878]
L001257 | [Train Loss: 0.9843]
L001258 | [Train F1: 0.9043593785263647]
L001259 | [Train Acc: 0.9050912584053794]
L001260 | [Dev Loss: 4.7424]
L001261 | [Dev F1: 0.6518730875450082]
L001262 | [Dev Acc: 0.6462809917355372]
L001263 | 
L001264-L001279 | [REDACTED: batch progress and internal diagnostics]
L001280 | [Epoch 49] [Time: 8.558968544006348]
L001281 | [Train Loss: 0.9611]
L001282 | [Train F1: 0.9098817078200706]
L001283 | [Train Acc: 0.9102785782901057]
L001284 | [Dev Loss: 5.0923]
L001285 | [Dev F1: 0.6347168700130809]
L001286 | [Dev Acc: 0.6264462809917355]
L001287 | 
L001288-L001303 | [REDACTED: batch progress and internal diagnostics]
L001304 | [Epoch 50] [Time: 8.951399087905884]
L001305 | [Train Loss: 0.9544]
L001306 | [Train F1: 0.908945915795384]
L001307 | [Train Acc: 0.909702209414025]
L001308 | [Dev Loss: 4.1572]
L001309 | [Dev F1: 0.6896388608996438]
L001310 | [Dev Acc: 0.6859504132231405]
L001311 | 
L001312-L001327 | [REDACTED: batch progress and internal diagnostics]
L001328 | [Epoch 51] [Time: 8.06251049041748]
L001329 | [Train Loss: 0.8965]
L001330 | [Train F1: 0.9189693189707742]
L001331 | [Train Acc: 0.9193083573487032]
L001332 | [Dev Loss: 4.6808]
L001333 | [Dev F1: 0.6508564892407867]
L001334 | [Dev Acc: 0.6446280991735537]
L001335 | 
L001336-L001351 | [REDACTED: batch progress and internal diagnostics]
L001352 | [Epoch 52] [Time: 8.299011468887329]
L001353 | [Train Loss: 0.9116]
L001354 | [Train F1: 0.9194927603275936]
L001355 | [Train Acc: 0.9196926032660903]
L001356 | [Dev Loss: 4.6951]
L001357 | [Dev F1: 0.6621350538042814]
L001358 | [Dev Acc: 0.6578512396694215]
L001359 | 
L001360-L001375 | [REDACTED: batch progress and internal diagnostics]
L001376 | [Epoch 53] [Time: 8.178205251693726]
L001377 | [Train Loss: 0.8533]
L001378 | [Train F1: 0.9192869957765711]
L001379 | [Train Acc: 0.9198847262247839]
L001380 | [Dev Loss: 4.7708]
L001381 | [Dev F1: 0.6503527055112548]
L001382 | [Dev Acc: 0.6429752066115703]
L001383 | 
L001384-L001399 | [REDACTED: batch progress and internal diagnostics]
L001400 | [Epoch 54] [Time: 8.088407039642334]
L001401 | [Train Loss: 0.8385]
L001402 | [Train F1: 0.9257081412969451]
L001403 | [Train Acc: 0.9258405379442843]
L001404 | [Dev Loss: 4.7656]
L001405 | [Dev F1: 0.6508526937889553]
L001406 | [Dev Acc: 0.6462809917355372]
L001407 | 
L001408-L001423 | [REDACTED: batch progress and internal diagnostics]
L001424 | [Epoch 55] [Time: 8.021745920181274]
L001425 | [Train Loss: 0.8279]
L001426 | [Train F1: 0.9231547502537836]
L001427 | [Train Acc: 0.9237271853986552]
L001428 | [Dev Loss: 4.8794]
L001429 | [Dev F1: 0.66524462114166]
L001430 | [Dev Acc: 0.6595041322314049]
L001431 | 
L001432-L001447 | [REDACTED: batch progress and internal diagnostics]
L001448 | [Epoch 56] [Time: 8.681098699569702]
L001449 | [Train Loss: 0.787]
L001450 | [Train F1: 0.9275374335026608]
L001451 | [Train Acc: 0.92776176753122]
L001452 | [Dev Loss: 5.0345]
L001453 | [Dev F1: 0.6376077510244672]
L001454 | [Dev Acc: 0.631404958677686]
L001455 | 
L001456-L001471 | [REDACTED: batch progress and internal diagnostics]
L001472 | [Epoch 57] [Time: 8.60551929473877]
L001473 | [Train Loss: 0.7651]
L001474 | [Train F1: 0.9302788163140396]
L001475 | [Train Acc: 0.9304514889529298]
L001476 | [Dev Loss: 5.1232]
L001477 | [Dev F1: 0.6376460856901088]
L001478 | [Dev Acc: 0.6297520661157024]
L001479 | 
L001480-L001495 | [REDACTED: batch progress and internal diagnostics]
L001496 | [Epoch 58] [Time: 8.124910116195679]
L001497 | [Train Loss: 0.7841]
L001498 | [Train F1: 0.9271561450661499]
L001499 | [Train Acc: 0.9275696445725264]
L001500 | [Dev Loss: 4.9496]
L001501 | [Dev F1: 0.6480713504479166]
L001502 | [Dev Acc: 0.6429752066115703]
L001503 | 
L001504-L001519 | [REDACTED: batch progress and internal diagnostics]
L001520 | [Epoch 59] [Time: 8.3283531665802]
L001521 | [Train Loss: 0.7147]
L001522 | [Train F1: 0.9369196047265176]
L001523 | [Train Acc: 0.9371757925072046]
L001524 | [Dev Loss: 5.0291]
L001525 | [Dev F1: 0.6340463329623836]
L001526 | [Dev Acc: 0.628099173553719]
L001527 | 
L001528-L001543 | [REDACTED: batch progress and internal diagnostics]
L001544 | [Epoch 60] [Time: 7.893828630447388]
L001545 | [Train Loss: 0.7317]
L001546 | [Train F1: 0.9360404697858381]
L001547 | [Train Acc: 0.9362151777137367]
L001548 | [Dev Loss: 5.1932]
L001549 | [Dev F1: 0.6408714971136452]
L001550 | [Dev Acc: 0.6330578512396694]
L001551 | 
L001552-L001567 | [REDACTED: batch progress and internal diagnostics]
L001568 | [Epoch 61] [Time: 8.436176061630249]
L001569 | [Train Loss: 0.6868]
L001570 | [Train F1: 0.9375779062596219]
L001571 | [Train Acc: 0.9379442843419789]
L001572 | [Dev Loss: 5.056]
L001573 | [Dev F1: 0.6609520732382587]
L001574 | [Dev Acc: 0.6545454545454545]
L001575 | 
L001576-L001591 | [REDACTED: batch progress and internal diagnostics]
L001592 | [Epoch 62] [Time: 8.13336706161499]
L001593 | [Train Loss: 0.6832]
L001594 | [Train F1: 0.9372457412348529]
L001595 | [Train Acc: 0.9375600384245918]
L001596 | [Dev Loss: 5.1439]
L001597 | [Dev F1: 0.6479047894773495]
L001598 | [Dev Acc: 0.6413223140495867]
L001599 | 
L001600-L001615 | [REDACTED: batch progress and internal diagnostics]
L001616 | [Epoch 63] [Time: 7.89035177230835]
L001617 | [Train Loss: 0.7108]
L001618 | [Train F1: 0.9387355027311283]
L001619 | [Train Acc: 0.9389048991354467]
L001620 | [Dev Loss: 5.3874]
L001621 | [Dev F1: 0.6331676666972689]
L001622 | [Dev Acc: 0.6264462809917355]
L001623 | 
L001624-L001639 | [REDACTED: batch progress and internal diagnostics]
L001640 | [Epoch 64] [Time: 8.345266103744507]
L001641 | [Train Loss: 0.6769]
L001642 | [Train F1: 0.9373667898008776]
L001643 | [Train Acc: 0.9375600384245918]
L001644 | [Dev Loss: 5.0813]
L001645 | [Dev F1: 0.6424308236423992]
L001646 | [Dev Acc: 0.6380165289256199]
L001647 | 
L001648-L001663 | [REDACTED: batch progress and internal diagnostics]
L001664 | [Epoch 65] [Time: 8.56932520866394]
L001665 | [Train Loss: 0.6512]
L001666 | [Train F1: 0.9360773606698095]
L001667 | [Train Acc: 0.9364073006724304]
L001668 | [Dev Loss: 5.2793]
L001669 | [Dev F1: 0.6347519142661122]
L001670 | [Dev Acc: 0.6264462809917355]
L001671 | 
L001672-L001687 | [REDACTED: batch progress and internal diagnostics]
L001688 | [Epoch 66] [Time: 8.293730020523071]
L001689 | [Train Loss: 0.6697]
L001690 | [Train F1: 0.9392749153447424]
L001691 | [Train Acc: 0.9394812680115274]
L001692 | [Dev Loss: 6.1538]
L001693 | [Dev F1: 0.6007482761740346]
L001694 | [Dev Acc: 0.5950413223140496]
L001695 | 
L001696-L001711 | [REDACTED: batch progress and internal diagnostics]
L001712 | [Epoch 67] [Time: 8.720004081726074]
L001713 | [Train Loss: 0.7192]
L001714 | [Train F1: 0.9312029435325844]
L001715 | [Train Acc: 0.9316042267050912]
L001716 | [Dev Loss: 5.0865]
L001717 | [Dev F1: 0.6516595721026818]
L001718 | [Dev Acc: 0.6495867768595042]
L001719 | 
L001720-L001735 | [REDACTED: batch progress and internal diagnostics]
L001736 | [Epoch 68] [Time: 8.254924535751343]
L001737 | [Train Loss: 0.6566]
L001738 | [Train F1: 0.9444047350757934]
L001739 | [Train Acc: 0.94447646493756]
L001740 | [Dev Loss: 6.1346]
L001741 | [Dev F1: 0.6181522407552476]
L001742 | [Dev Acc: 0.6082644628099173]
L001743 | 
L001744-L001759 | [REDACTED: batch progress and internal diagnostics]
L001760 | [Epoch 69] [Time: 8.13154649734497]
L001761 | [Train Loss: 0.6368]
L001762 | [Train F1: 0.9392038067706987]
L001763 | [Train Acc: 0.9394812680115274]
L001764 | [Dev Loss: 5.0741]
L001765 | [Dev F1: 0.6612715245479822]
L001766 | [Dev Acc: 0.6611570247933884]
L001767 | 
L001768-L001783 | [REDACTED: batch progress and internal diagnostics]
L001784 | [Epoch 70] [Time: 8.073824167251587]
L001785 | [Train Loss: 0.5652]
L001786 | [Train F1: 0.95135894042764]
L001787 | [Train Acc: 0.9515850144092219]
L001788 | [Dev Loss: 5.4235]
L001789 | [Dev F1: 0.6376609250288814]
L001790 | [Dev Acc: 0.6297520661157024]
L001791 | 
L001792-L001807 | [REDACTED: batch progress and internal diagnostics]
L001808 | [Epoch 71] [Time: 8.285868644714355]
L001809 | [Train Loss: 0.5606]
L001810 | [Train F1: 0.9467713364961309]
L001811 | [Train Acc: 0.9469740634005763]
L001812 | [Dev Loss: 4.9671]
L001813 | [Dev F1: 0.6526730305011136]
L001814 | [Dev Acc: 0.6495867768595042]
L001815 | 
L001816-L001831 | [REDACTED: batch progress and internal diagnostics]
L001832 | [Epoch 72] [Time: 8.315819025039673]
L001833 | [Train Loss: 0.557]
L001834 | [Train F1: 0.9481389855381666]
L001835 | [Train Acc: 0.9483189241114313]
L001836 | [Dev Loss: 5.3476]
L001837 | [Dev F1: 0.6311840373176008]
L001838 | [Dev Acc: 0.6231404958677685]
L001839 | 
L001840-L001855 | [REDACTED: batch progress and internal diagnostics]
L001856 | [Epoch 73] [Time: 8.133949279785156]
L001857 | [Train Loss: 0.518]
L001858 | [Train F1: 0.951498101394004]
L001859 | [Train Acc: 0.9515850144092219]
L001860 | [Dev Loss: 5.1879]
L001861 | [Dev F1: 0.6370172486725719]
L001862 | [Dev Acc: 0.6330578512396694]
L001863 | 
L001864-L001879 | [REDACTED: batch progress and internal diagnostics]
L001880 | [Epoch 74] [Time: 7.8846046924591064]
L001881 | [Train Loss: 0.5327]
L001882 | [Train F1: 0.9529169090863417]
L001883 | [Train Acc: 0.9531219980787704]
L001884 | [Dev Loss: 5.4248]
L001885 | [Dev F1: 0.6353590228448163]
L001886 | [Dev Acc: 0.631404958677686]
L001887 | 
L001888-L001903 | [REDACTED: batch progress and internal diagnostics]
L001904 | [Epoch 75] [Time: 8.457681655883789]
L001905 | [Train Loss: 0.4869]
L001906 | [Train F1: 0.9572440698929044]
L001907 | [Train Acc: 0.9573487031700288]
L001908 | [Dev Loss: 5.542]
L001909 | [Dev F1: 0.6305105001620381]
L001910 | [Dev Acc: 0.6247933884297521]
L001911 | Early stopping at epoch: 75
L001912 | Last model
L001913 |               precision    recall  f1-score   support
L001914 | 
L001915 |          hap     0.5111    0.3194    0.3932       144
L001916 |          sad     0.7539    0.7878    0.7705       245
L001917 |          neu     0.5376    0.7630    0.6308       384
L001918 |          ang     0.5380    0.5412    0.5396       170
L001919 |          exc     0.7208    0.6823    0.7010       299
L001920 |          fru     0.5719    0.4173    0.4825       381
L001921 | 
L001922 |     accuracy                         0.6081      1623
L001923 |    macro avg     0.6056    0.5852    0.5863      1623
L001924 | weighted avg     0.6098    0.6081    0.5994      1623
L001925 | 
L001926 | Best model at epoch: 50
L001927 | Best dev F1: 0.6896388608996438
L001928 |               precision    recall  f1-score   support
L001929 | 
L001930 |          hap     0.5488    0.3125    0.3982       144
L001931 |          sad     0.7747    0.8000    0.7871       245
L001932 |          neu     0.5886    0.7786    0.6704       384
L001933 |          ang     0.5578    0.6529    0.6016       170
L001934 |          exc     0.7439    0.7090    0.7260       299
L001935 |          fru     0.6014    0.4672    0.5258       381
L001936 | 
L001937 |     accuracy                         0.6414      1623
L001938 |    macro avg     0.6358    0.6201    0.6182      1623
L001939 | weighted avg     0.6415    0.6414    0.6330      1623
L001940 | 
L001941 | Best test F1: 0.6329875090817909
L001942 | Best test Acc: 0.6414048059149723
L001943 | [SANITIZED] Saved checkpoint: [path and filename removed]
