# Redacted copy of an existing run log.
# run_id: G14-seed1
# dataset: IEMOCAP
# model: MM-DFN+AMBER
# imr: (0.3,0.7,0.5)
# seed_alias: seed1
# original_log_sha256: 432828f27f6091e9e7b56b93f16242c7d0a67269b1fd6b8e460176415406b9d4
# source_record_status: ok
# source_record_process_return_code: 3221226505
# L numbers refer to source logical lines; REDACTED/SANITIZED text is editorial.
L000001-L000076 | [REDACTED: configuration or implementation details]
L000077 | [SANITIZED] Seed alias: seed1
L000078 | 
L000079-L000080 | [REDACTED: batch progress and internal diagnostics]
L000081 | 
L000082-L000083 | [REDACTED: batch progress and internal diagnostics]
L000084 | 
L000085-L000086 | [REDACTED: batch progress and internal diagnostics]
L000087 | 
L000088-L000103 | [REDACTED: batch progress and internal diagnostics]
L000104 | [Epoch 0] [Time: 9.346078157424927]
L000105 | [Train Loss: 9.0625]
L000106 | [Train F1: 0.256606549530288]
L000107 | [Train Acc: 0.2787074437391806]
L000108 | [Dev Loss: 8.8886]
L000109 | [Dev F1: 0.3125137369648458]
L000110 | [Dev Acc: 0.3469721767594108]
L000111 | 
L000112-L000127 | [REDACTED: batch progress and internal diagnostics]
L000128 | [Epoch 1] [Time: 8.24289345741272]
L000129 | [Train Loss: 7.7695]
L000130 | [Train F1: 0.36630407763167117]
L000131 | [Train Acc: 0.40565493364108485]
L000132 | [Dev Loss: 8.0875]
L000133 | [Dev F1: 0.3901230215364765]
L000134 | [Dev Acc: 0.41080196399345337]
L000135 | 
L000136-L000151 | [REDACTED: batch progress and internal diagnostics]
L000152 | [Epoch 2] [Time: 8.54193925857544]
L000153 | [Train Loss: 6.7558]
L000154 | [Train F1: 0.46234053629702443]
L000155 | [Train Acc: 0.4860550105789575]
L000156 | [Dev Loss: 7.2859]
L000157 | [Dev F1: 0.4698572155595915]
L000158 | [Dev Acc: 0.4746317512274959]
L000159 | 
L000160-L000175 | [REDACTED: batch progress and internal diagnostics]
L000176 | [Epoch 3] [Time: 8.404399871826172]
L000177 | [Train Loss: 5.9624]
L000178 | [Train F1: 0.5376978202116378]
L000179 | [Train Acc: 0.5474129640315445]
L000180 | [Dev Loss: 6.5629]
L000181 | [Dev F1: 0.5333068656041899]
L000182 | [Dev Acc: 0.5417348608837971]
L000183 | 
L000184-L000199 | [REDACTED: batch progress and internal diagnostics]
L000200 | [Epoch 4] [Time: 8.328410148620605]
L000201 | [Train Loss: 5.2913]
L000202 | [Train F1: 0.5804367091053537]
L000203 | [Train Acc: 0.5889594152721678]
L000204 | [Dev Loss: 6.0761]
L000205 | [Dev F1: 0.5505383230675334]
L000206 | [Dev Acc: 0.55810147299509]
L000207 | 
L000208-L000223 | [REDACTED: batch progress and internal diagnostics]
L000224 | [Epoch 5] [Time: 8.22228455543518]
L000225 | [Train Loss: 4.8255]
L000226 | [Train F1: 0.5986890999073743]
L000227 | [Train Acc: 0.604731679169071]
L000228 | [Dev Loss: 5.7059]
L000229 | [Dev F1: 0.5647988122833306]
L000230 | [Dev Acc: 0.5711947626841244]
L000231 | 
L000232-L000247 | [REDACTED: batch progress and internal diagnostics]
L000248 | [Epoch 6] [Time: 8.508370399475098]
L000249 | [Train Loss: 4.4399]
L000250 | [Train F1: 0.6376077407041978]
L000251 | [Train Acc: 0.6405077899596077]
L000252 | [Dev Loss: 5.5378]
L000253 | [Dev F1: 0.5686931854541737]
L000254 | [Dev Acc: 0.5761047463175123]
L000255 | 
L000256-L000271 | [REDACTED: batch progress and internal diagnostics]
L000272 | [Epoch 7] [Time: 8.283759117126465]
L000273 | [Train Loss: 4.1762]
L000274 | [Train F1: 0.6542755927763305]
L000275 | [Train Acc: 0.6601269474899019]
L000276 | [Dev Loss: 5.4062]
L000277 | [Dev F1: 0.5699654787845894]
L000278 | [Dev Acc: 0.5777414075286416]
L000279 | 
L000280-L000295 | [REDACTED: batch progress and internal diagnostics]
L000296 | [Epoch 8] [Time: 8.680181503295898]
L000297 | [Train Loss: 3.9251]
L000298 | [Train F1: 0.6648264862190256]
L000299 | [Train Acc: 0.668205424120023]
L000300 | [Dev Loss: 5.1842]
L000301 | [Dev F1: 0.5712517709992073]
L000302 | [Dev Acc: 0.5711947626841244]
L000303 | 
L000304-L000319 | [REDACTED: batch progress and internal diagnostics]
L000320 | [Epoch 9] [Time: 8.346254825592041]
L000321 | [Train Loss: 3.683]
L000322 | [Train F1: 0.6877693977668082]
L000323 | [Train Acc: 0.6909020965570302]
L000324 | [Dev Loss: 5.1555]
L000325 | [Dev F1: 0.5823087443332705]
L000326 | [Dev Acc: 0.5826513911620295]
L000327 | 
L000328-L000343 | [REDACTED: batch progress and internal diagnostics]
L000344 | [Epoch 10] [Time: 8.36929726600647]
L000345 | [Train Loss: 3.4859]
L000346 | [Train F1: 0.7066704486459255]
L000347 | [Train Acc: 0.7095595306789767]
L000348 | [Dev Loss: 5.0821]
L000349 | [Dev F1: 0.5843929343614849]
L000350 | [Dev Acc: 0.5842880523731587]
L000351 | 
L000352-L000367 | [REDACTED: batch progress and internal diagnostics]
L000368 | [Epoch 11] [Time: 8.4356689453125]
L000369 | [Train Loss: 3.2959]
L000370 | [Train F1: 0.7228550261730111]
L000371 | [Train Acc: 0.7249471052125409]
L000372 | [Dev Loss: 4.9669]
L000373 | [Dev F1: 0.5983381838377937]
L000374 | [Dev Acc: 0.6006546644844517]
L000375 | 
L000376-L000391 | [REDACTED: batch progress and internal diagnostics]
L000392 | [Epoch 12] [Time: 8.814193964004517]
L000393 | [Train Loss: 3.1558]
L000394 | [Train F1: 0.7295387240769523]
L000395 | [Train Acc: 0.7318715137526447]
L000396 | [Dev Loss: 4.9717]
L000397 | [Dev F1: 0.6007461180136978]
L000398 | [Dev Acc: 0.602291325695581]
L000399 | 
L000400-L000415 | [REDACTED: batch progress and internal diagnostics]
L000416 | [Epoch 13] [Time: 7.854836463928223]
L000417 | [Train Loss: 2.9906]
L000418 | [Train F1: 0.739148253797417]
L000419 | [Train Acc: 0.7414887478361223]
L000420 | [Dev Loss: 5.0023]
L000421 | [Dev F1: 0.6054529759889091]
L000422 | [Dev Acc: 0.6088379705400983]
L000423 | 
L000424-L000439 | [REDACTED: batch progress and internal diagnostics]
L000440 | [Epoch 14] [Time: 8.94529676437378]
L000441 | [Train Loss: 2.776]
L000442 | [Train F1: 0.7565284980729834]
L000443 | [Train Acc: 0.7589921138680515]
L000444 | [Dev Loss: 4.8988]
L000445 | [Dev F1: 0.5929328689443393]
L000446 | [Dev Acc: 0.5957446808510638]
L000447 | 
L000448-L000463 | [REDACTED: batch progress and internal diagnostics]
L000464 | [Epoch 15] [Time: 8.295147180557251]
L000465 | [Train Loss: 2.7323]
L000466 | [Train F1: 0.762933427146532]
L000467 | [Train Acc: 0.7649547989998077]
L000468 | [Dev Loss: 4.8855]
L000469 | [Dev F1: 0.6055670878421425]
L000470 | [Dev Acc: 0.6088379705400983]
L000471 | 
L000472-L000487 | [REDACTED: batch progress and internal diagnostics]
L000488 | [Epoch 16] [Time: 8.09083604812622]
L000489 | [Train Loss: 2.5778]
L000490 | [Train F1: 0.7717973175021214]
L000491 | [Train Acc: 0.7741873437199461]
L000492 | [Dev Loss: 4.9478]
L000493 | [Dev F1: 0.6077840461430923]
L000494 | [Dev Acc: 0.6121112929623568]
L000495 | 
L000496-L000511 | [REDACTED: batch progress and internal diagnostics]
L000512 | [Epoch 17] [Time: 8.521258115768433]
L000513 | [Train Loss: 2.4878]
L000514 | [Train F1: 0.7833759189935509]
L000515 | [Train Acc: 0.7855356799384497]
L000516 | [Dev Loss: 5.0211]
L000517 | [Dev F1: 0.60332047510621]
L000518 | [Dev Acc: 0.6072013093289689]
L000519 | 
L000520-L000535 | [REDACTED: batch progress and internal diagnostics]
L000536 | [Epoch 18] [Time: 8.27125334739685]
L000537 | [Train Loss: 2.3353]
L000538 | [Train F1: 0.793495367030999]
L000539 | [Train Acc: 0.7949605693402577]
L000540 | [Dev Loss: 4.9081]
L000541 | [Dev F1: 0.6170315807227337]
L000542 | [Dev Acc: 0.6219312602291326]
L000543 | 
L000544-L000559 | [REDACTED: batch progress and internal diagnostics]
L000560 | [Epoch 19] [Time: 8.140005588531494]
L000561 | [Train Loss: 2.1855]
L000562 | [Train F1: 0.804951719078481]
L000563 | [Train Acc: 0.8059242161954222]
L000564 | [Dev Loss: 5.0783]
L000565 | [Dev F1: 0.6030235346915948]
L000566 | [Dev Acc: 0.6088379705400983]
L000567 | 
L000568-L000583 | [REDACTED: batch progress and internal diagnostics]
L000584 | [Epoch 20] [Time: 7.979480266571045]
L000585 | [Train Loss: 2.1745]
L000586 | [Train F1: 0.8090752856950877]
L000587 | [Train Acc: 0.8103481438738219]
L000588 | [Dev Loss: 5.0521]
L000589 | [Dev F1: 0.6125289969937592]
L000590 | [Dev Acc: 0.6153846153846154]
L000591 | 
L000592-L000607 | [REDACTED: batch progress and internal diagnostics]
L000608 | [Epoch 21] [Time: 7.737851619720459]
L000609 | [Train Loss: 2.0981]
L000610 | [Train F1: 0.8092843218253604]
L000611 | [Train Acc: 0.8113098672821697]
L000612 | [Dev Loss: 5.2304]
L000613 | [Dev F1: 0.6229851332984007]
L000614 | [Dev Acc: 0.630114566284779]
L000615 | 
L000616-L000631 | [REDACTED: batch progress and internal diagnostics]
L000632 | [Epoch 22] [Time: 8.44191312789917]
L000633 | [Train Loss: 2.0322]
L000634 | [Train F1: 0.8135399342061975]
L000635 | [Train Acc: 0.8149644162338912]
L000636 | [Dev Loss: 5.3145]
L000637 | [Dev F1: 0.5968960994208791]
L000638 | [Dev Acc: 0.5957446808510638]
L000639 | 
L000640-L000655 | [REDACTED: batch progress and internal diagnostics]
L000656 | [Epoch 23] [Time: 8.167657613754272]
L000657 | [Train Loss: 1.9756]
L000658 | [Train F1: 0.8206921689948393]
L000659 | [Train Acc: 0.8215041354106559]
L000660 | [Dev Loss: 5.433]
L000661 | [Dev F1: 0.612578326982608]
L000662 | [Dev Acc: 0.6219312602291326]
L000663 | 
L000664-L000679 | [REDACTED: batch progress and internal diagnostics]
L000680 | [Epoch 24] [Time: 8.043264150619507]
L000681 | [Train Loss: 1.9614]
L000682 | [Train F1: 0.817659272738102]
L000683 | [Train Acc: 0.8195806885939604]
L000684 | [Dev Loss: 5.2649]
L000685 | [Dev F1: 0.6050218619638156]
L000686 | [Dev Acc: 0.6104746317512275]
L000687 | 
L000688-L000703 | [REDACTED: batch progress and internal diagnostics]
L000704 | [Epoch 25] [Time: 7.659977912902832]
L000705 | [Train Loss: 1.9199]
L000706 | [Train F1: 0.8237354678189258]
L000707 | [Train Acc: 0.8245816503173687]
L000708 | [Dev Loss: 5.4015]
L000709 | [Dev F1: 0.6126403208772585]
L000710 | [Dev Acc: 0.6202945990180033]
L000711 | 
L000712-L000727 | [REDACTED: batch progress and internal diagnostics]
L000728 | [Epoch 26] [Time: 7.978411912918091]
L000729 | [Train Loss: 1.8144]
L000730 | [Train F1: 0.8317358093256865]
L000731 | [Train Acc: 0.8336218503558377]
L000732 | [Dev Loss: 5.4873]
L000733 | [Dev F1: 0.6034565914793271]
L000734 | [Dev Acc: 0.6104746317512275]
L000735 | 
L000736-L000751 | [REDACTED: batch progress and internal diagnostics]
L000752 | [Epoch 27] [Time: 8.166877031326294]
L000753 | [Train Loss: 1.773]
L000754 | [Train F1: 0.8403107579066795]
L000755 | [Train Acc: 0.8411232929409502]
L000756 | [Dev Loss: 5.1594]
L000757 | [Dev F1: 0.6095807980803042]
L000758 | [Dev Acc: 0.6121112929623568]
L000759 | 
L000760-L000775 | [REDACTED: batch progress and internal diagnostics]
L000776 | [Epoch 28] [Time: 8.81741714477539]
L000777 | [Train Loss: 1.6981]
L000778 | [Train F1: 0.8390986116452813]
L000779 | [Train Acc: 0.8405462588959415]
L000780 | [Dev Loss: 5.6239]
L000781 | [Dev F1: 0.6139968194197819]
L000782 | [Dev Acc: 0.6219312602291326]
L000783 | 
L000784-L000799 | [REDACTED: batch progress and internal diagnostics]
L000800 | [Epoch 29] [Time: 7.784090042114258]
L000801 | [Train Loss: 1.6976]
L000802 | [Train F1: 0.8487786340663706]
L000803 | [Train Acc: 0.8499711482977496]
L000804 | [Dev Loss: 5.352]
L000805 | [Dev F1: 0.5901284478915328]
L000806 | [Dev Acc: 0.5875613747954174]
L000807 | 
L000808-L000823 | [REDACTED: batch progress and internal diagnostics]
L000824 | [Epoch 30] [Time: 8.287334442138672]
L000825 | [Train Loss: 1.6017]
L000826 | [Train F1: 0.8470539963562489]
L000827 | [Train Acc: 0.8484323908443931]
L000828 | [Dev Loss: 5.6905]
L000829 | [Dev F1: 0.6110543803077122]
L000830 | [Dev Acc: 0.6202945990180033]
L000831 | 
L000832-L000847 | [REDACTED: batch progress and internal diagnostics]
L000848 | [Epoch 31] [Time: 8.254116535186768]
L000849 | [Train Loss: 1.548]
L000850 | [Train F1: 0.865931804954833]
L000851 | [Train Acc: 0.866512790921331]
L000852 | [Dev Loss: 5.2892]
L000853 | [Dev F1: 0.6211026437962109]
L000854 | [Dev Acc: 0.6252045826513911]
L000855 | 
L000856-L000871 | [REDACTED: batch progress and internal diagnostics]
L000872 | [Epoch 32] [Time: 8.028442621231079]
L000873 | [Train Loss: 1.4872]
L000874 | [Train F1: 0.8600604200823527]
L000875 | [Train Acc: 0.8611271398345836]
L000876 | [Dev Loss: 5.6942]
L000877 | [Dev F1: 0.6129233703971572]
L000878 | [Dev Acc: 0.6202945990180033]
L000879 | 
L000880-L000895 | [REDACTED: batch progress and internal diagnostics]
L000896 | [Epoch 33] [Time: 8.10633897781372]
L000897 | [Train Loss: 1.4352]
L000898 | [Train F1: 0.8659320214039554]
L000899 | [Train Acc: 0.8670898249663397]
L000900 | [Dev Loss: 5.5416]
L000901 | [Dev F1: 0.6125637092690335]
L000902 | [Dev Acc: 0.6170212765957447]
L000903 | 
L000904-L000919 | [REDACTED: batch progress and internal diagnostics]
L000920 | [Epoch 34] [Time: 8.102570533752441]
L000921 | [Train Loss: 1.4413]
L000922 | [Train F1: 0.8666936871095537]
L000923 | [Train Acc: 0.8672821696480092]
L000924 | [Dev Loss: 5.7461]
L000925 | [Dev F1: 0.6241002425772613]
L000926 | [Dev Acc: 0.6284779050736498]
L000927 | 
L000928-L000943 | [REDACTED: batch progress and internal diagnostics]
L000944 | [Epoch 35] [Time: 8.421313762664795]
L000945 | [Train Loss: 1.4031]
L000946 | [Train F1: 0.8686896457624759]
L000947 | [Train Acc: 0.8695903058280439]
L000948 | [Dev Loss: 6.1491]
L000949 | [Dev F1: 0.6181151342981064]
L000950 | [Dev Acc: 0.630114566284779]
L000951 | 
L000952-L000967 | [REDACTED: batch progress and internal diagnostics]
L000968 | [Epoch 36] [Time: 8.428592205047607]
L000969 | [Train Loss: 1.451]
L000970 | [Train F1: 0.8642636250520546]
L000971 | [Train Acc: 0.8651663781496441]
L000972 | [Dev Loss: 5.7941]
L000973 | [Dev F1: 0.6278585239201492]
L000974 | [Dev Acc: 0.6333878887070377]
L000975 | 
L000976-L000991 | [REDACTED: batch progress and internal diagnostics]
L000992 | [Epoch 37] [Time: 8.533136129379272]
L000993 | [Train Loss: 1.3623]
L000994 | [Train F1: 0.8708754683829361]
L000995 | [Train Acc: 0.8713214079630698]
L000996 | [Dev Loss: 5.7093]
L000997 | [Dev F1: 0.6154731690631187]
L000998 | [Dev Acc: 0.6235679214402619]
L000999 | 
L001000-L001015 | [REDACTED: batch progress and internal diagnostics]
L001016 | [Epoch 38] [Time: 8.628928184509277]
L001017 | [Train Loss: 1.2939]
L001018 | [Train F1: 0.8788762494565673]
L001019 | [Train Acc: 0.8799769186381996]
L001020 | [Dev Loss: 5.8971]
L001021 | [Dev F1: 0.6368343843701308]
L001022 | [Dev Acc: 0.6432078559738135]
L001023 | 
L001024-L001039 | [REDACTED: batch progress and internal diagnostics]
L001040 | [Epoch 39] [Time: 8.19335412979126]
L001041 | [Train Loss: 1.2731]
L001042 | [Train F1: 0.8768256382486715]
L001043 | [Train Acc: 0.877668782458165]
L001044 | [Dev Loss: 5.622]
L001045 | [Dev F1: 0.614503152601573]
L001046 | [Dev Acc: 0.618657937806874]
L001047 | 
L001048-L001063 | [REDACTED: batch progress and internal diagnostics]
L001064 | [Epoch 40] [Time: 8.689024209976196]
L001065 | [Train Loss: 1.186]
L001066 | [Train F1: 0.8951784109615845]
L001067 | [Train Acc: 0.8957491825351029]
L001068 | [Dev Loss: 6.1309]
L001069 | [Dev F1: 0.5964047217520658]
L001070 | [Dev Acc: 0.6006546644844517]
L001071 | 
L001072-L001087 | [REDACTED: batch progress and internal diagnostics]
L001088 | [Epoch 41] [Time: 8.041098833084106]
L001089 | [Train Loss: 1.1221]
L001090 | [Train F1: 0.8964033905208744]
L001091 | [Train Acc: 0.8969032506251202]
L001092 | [Dev Loss: 6.1701]
L001093 | [Dev F1: 0.62569757662455]
L001094 | [Dev Acc: 0.6317512274959084]
L001095 | 
L001096-L001111 | [REDACTED: batch progress and internal diagnostics]
L001112 | [Epoch 42] [Time: 8.551763534545898]
L001113 | [Train Loss: 1.1451]
L001114 | [Train F1: 0.8915323704293512]
L001115 | [Train Acc: 0.8924793229467205]
L001116 | [Dev Loss: 6.0897]
L001117 | [Dev F1: 0.6108257601436766]
L001118 | [Dev Acc: 0.618657937806874]
L001119 | 
L001120-L001135 | [REDACTED: batch progress and internal diagnostics]
L001136 | [Epoch 43] [Time: 8.249320030212402]
L001137 | [Train Loss: 1.0988]
L001138 | [Train F1: 0.8947672773637686]
L001139 | [Train Acc: 0.8951721484900943]
L001140 | [Dev Loss: 6.5155]
L001141 | [Dev F1: 0.6155737949861222]
L001142 | [Dev Acc: 0.618657937806874]
L001143 | 
L001144-L001159 | [REDACTED: batch progress and internal diagnostics]
L001160 | [Epoch 44] [Time: 8.44527292251587]
L001161 | [Train Loss: 1.1203]
L001162 | [Train F1: 0.8896603416008568]
L001163 | [Train Acc: 0.8901711867666859]
L001164 | [Dev Loss: 6.2353]
L001165 | [Dev F1: 0.6410397797796327]
L001166 | [Dev Acc: 0.6481178396072013]
L001167 | 
L001168-L001183 | [REDACTED: batch progress and internal diagnostics]
L001184 | [Epoch 45] [Time: 8.401143312454224]
L001185 | [Train Loss: 1.0561]
L001186 | [Train F1: 0.897463379290935]
L001187 | [Train Acc: 0.8982496633968071]
L001188 | [Dev Loss: 6.4543]
L001189 | [Dev F1: 0.5924452064213326]
L001190 | [Dev Acc: 0.5973813420621932]
L001191 | 
L001192-L001207 | [REDACTED: batch progress and internal diagnostics]
L001208 | [Epoch 46] [Time: 8.617249250411987]
L001209 | [Train Loss: 1.011]
L001210 | [Train F1: 0.9033551342006195]
L001211 | [Train Acc: 0.9038276591652241]
L001212 | [Dev Loss: 6.2137]
L001213 | [Dev F1: 0.620998939491292]
L001214 | [Dev Acc: 0.6284779050736498]
L001215 | 
L001216-L001231 | [REDACTED: batch progress and internal diagnostics]
L001232 | [Epoch 47] [Time: 8.252636432647705]
L001233 | [Train Loss: 0.9743]
L001234 | [Train F1: 0.9014312828910804]
L001235 | [Train Acc: 0.9020965570301981]
L001236 | [Dev Loss: 6.4066]
L001237 | [Dev F1: 0.6074757517412135]
L001238 | [Dev Acc: 0.6170212765957447]
L001239 | 
L001240-L001255 | [REDACTED: batch progress and internal diagnostics]
L001256 | [Epoch 48] [Time: 8.509705781936646]
L001257 | [Train Loss: 0.982]
L001258 | [Train F1: 0.9046823605509836]
L001259 | [Train Acc: 0.9051740719369109]
L001260 | [Dev Loss: 6.4196]
L001261 | [Dev F1: 0.5974201022240581]
L001262 | [Dev Acc: 0.6039279869067103]
L001263 | 
L001264-L001279 | [REDACTED: batch progress and internal diagnostics]
L001280 | [Epoch 49] [Time: 7.926645994186401]
L001281 | [Train Loss: 0.9437]
L001282 | [Train F1: 0.9062302977892138]
L001283 | [Train Acc: 0.9067128293902673]
L001284 | [Dev Loss: 6.744]
L001285 | [Dev F1: 0.6011728823148991]
L001286 | [Dev Acc: 0.6121112929623568]
L001287 | 
L001288-L001303 | [REDACTED: batch progress and internal diagnostics]
L001304 | [Epoch 50] [Time: 8.584672212600708]
L001305 | [Train Loss: 0.905]
L001306 | [Train F1: 0.9176040938253162]
L001307 | [Train Acc: 0.9178688209271013]
L001308 | [Dev Loss: 6.7571]
L001309 | [Dev F1: 0.6017385443199224]
L001310 | [Dev Acc: 0.6088379705400983]
L001311 | 
L001312-L001327 | [REDACTED: batch progress and internal diagnostics]
L001328 | [Epoch 51] [Time: 8.905626058578491]
L001329 | [Train Loss: 0.8679]
L001330 | [Train F1: 0.9200262464522495]
L001331 | [Train Acc: 0.9205616464704751]
L001332 | [Dev Loss: 6.3233]
L001333 | [Dev F1: 0.6060285318122688]
L001334 | [Dev Acc: 0.6121112929623568]
L001335 | 
L001336-L001351 | [REDACTED: batch progress and internal diagnostics]
L001352 | [Epoch 52] [Time: 8.324844360351562]
L001353 | [Train Loss: 0.8453]
L001354 | [Train F1: 0.9221042065744388]
L001355 | [Train Acc: 0.9224850932871707]
L001356 | [Dev Loss: 6.923]
L001357 | [Dev F1: 0.6098816633343142]
L001358 | [Dev Acc: 0.618657937806874]
L001359 | 
L001360-L001375 | [REDACTED: batch progress and internal diagnostics]
L001376 | [Epoch 53] [Time: 8.321499347686768]
L001377 | [Train Loss: 0.8247]
L001378 | [Train F1: 0.9270014221848332]
L001379 | [Train Acc: 0.9272937103289094]
L001380 | [Dev Loss: 6.815]
L001381 | [Dev F1: 0.6087684774679052]
L001382 | [Dev Acc: 0.6170212765957447]
L001383 | 
L001384-L001399 | [REDACTED: batch progress and internal diagnostics]
L001400 | [Epoch 54] [Time: 8.274574756622314]
L001401 | [Train Loss: 0.8381]
L001402 | [Train F1: 0.9222058542765684]
L001403 | [Train Acc: 0.9226774379688402]
L001404 | [Dev Loss: 7.5118]
L001405 | [Dev F1: 0.5864406749838348]
L001406 | [Dev Acc: 0.5941080196399345]
L001407 | 
L001408-L001423 | [REDACTED: batch progress and internal diagnostics]
L001424 | [Epoch 55] [Time: 8.170716524124146]
L001425 | [Train Loss: 0.8181]
L001426 | [Train F1: 0.9207615909698386]
L001427 | [Train Acc: 0.9211386805154838]
L001428 | [Dev Loss: 6.6516]
L001429 | [Dev F1: 0.6034870764514747]
L001430 | [Dev Acc: 0.6104746317512275]
L001431 | 
L001432-L001447 | [REDACTED: batch progress and internal diagnostics]
L001448 | [Epoch 56] [Time: 8.532378435134888]
L001449 | [Train Loss: 0.774]
L001450 | [Train F1: 0.922469516354969]
L001451 | [Train Acc: 0.9228697826505097]
L001452 | [Dev Loss: 7.0678]
L001453 | [Dev F1: 0.610932884725479]
L001454 | [Dev Acc: 0.6219312602291326]
L001455 | 
L001456-L001471 | [REDACTED: batch progress and internal diagnostics]
L001472 | [Epoch 57] [Time: 8.511885404586792]
L001473 | [Train Loss: 0.7854]
L001474 | [Train F1: 0.9284693479922747]
L001475 | [Train Acc: 0.9286401231005963]
L001476 | [Dev Loss: 7.3606]
L001477 | [Dev F1: 0.6030730357013151]
L001478 | [Dev Acc: 0.6088379705400983]
L001479 | 
L001480-L001495 | [REDACTED: batch progress and internal diagnostics]
L001496 | [Epoch 58] [Time: 7.9190497398376465]
L001497 | [Train Loss: 0.7745]
L001498 | [Train F1: 0.9264535445934475]
L001499 | [Train Acc: 0.9267166762839008]
L001500 | [Dev Loss: 7.2473]
L001501 | [Dev F1: 0.6004092586598139]
L001502 | [Dev Acc: 0.6055646481178396]
L001503 | 
L001504-L001519 | [REDACTED: batch progress and internal diagnostics]
L001520 | [Epoch 59] [Time: 7.8243889808654785]
L001521 | [Train Loss: 0.7078]
L001522 | [Train F1: 0.9310275648255619]
L001523 | [Train Acc: 0.9315252933256395]
L001524 | [Dev Loss: 7.0767]
L001525 | [Dev F1: 0.6150890742203418]
L001526 | [Dev Acc: 0.6202945990180033]
L001527 | 
L001528-L001543 | [REDACTED: batch progress and internal diagnostics]
L001544 | [Epoch 60] [Time: 7.991414308547974]
L001545 | [Train Loss: 0.7052]
L001546 | [Train F1: 0.9369374579278361]
L001547 | [Train Acc: 0.9371032890940566]
L001548 | [Dev Loss: 7.1914]
L001549 | [Dev F1: 0.6036250584826164]
L001550 | [Dev Acc: 0.6104746317512275]
L001551 | 
L001552-L001567 | [REDACTED: batch progress and internal diagnostics]
L001568 | [Epoch 61] [Time: 8.123847007751465]
L001569 | [Train Loss: 0.727]
L001570 | [Train F1: 0.9292093872044829]
L001571 | [Train Acc: 0.9297941911906136]
L001572 | [Dev Loss: 7.3637]
L001573 | [Dev F1: 0.5992716357463219]
L001574 | [Dev Acc: 0.6088379705400983]
L001575 | 
L001576-L001591 | [REDACTED: batch progress and internal diagnostics]
L001592 | [Epoch 62] [Time: 8.030300617218018]
L001593 | [Train Loss: 0.6827]
L001594 | [Train F1: 0.9312012681466905]
L001595 | [Train Acc: 0.93133294864397]
L001596 | [Dev Loss: 7.4179]
L001597 | [Dev F1: 0.6055157440849448]
L001598 | [Dev Acc: 0.6121112929623568]
L001599 | 
L001600-L001615 | [REDACTED: batch progress and internal diagnostics]
L001616 | [Epoch 63] [Time: 8.14675498008728]
L001617 | [Train Loss: 0.6269]
L001618 | [Train F1: 0.9376002125613472]
L001619 | [Train Acc: 0.9378726678207348]
L001620 | [Dev Loss: 7.4959]
L001621 | [Dev F1: 0.6030639922306547]
L001622 | [Dev Acc: 0.6088379705400983]
L001623 | 
L001624-L001639 | [REDACTED: batch progress and internal diagnostics]
L001640 | [Epoch 64] [Time: 8.352973222732544]
L001641 | [Train Loss: 0.6186]
L001642 | [Train F1: 0.9434020983354402]
L001643 | [Train Acc: 0.9436430082708213]
L001644 | [Dev Loss: 7.9069]
L001645 | [Dev F1: 0.6013259358369729]
L001646 | [Dev Acc: 0.6104746317512275]
L001647 | 
L001648-L001663 | [REDACTED: batch progress and internal diagnostics]
L001664 | [Epoch 65] [Time: 8.070456743240356]
L001665 | [Train Loss: 0.6138]
L001666 | [Train F1: 0.9432234833631891]
L001667 | [Train Acc: 0.9434506635891518]
L001668 | [Dev Loss: 7.6464]
L001669 | [Dev F1: 0.5912685486054117]
L001670 | [Dev Acc: 0.5990180032733224]
L001671 | 
L001672-L001687 | [REDACTED: batch progress and internal diagnostics]
L001688 | [Epoch 66] [Time: 7.956879377365112]
L001689 | [Train Loss: 0.5782]
L001690 | [Train F1: 0.9479326242464645]
L001691 | [Train Acc: 0.948066935949221]
L001692 | [Dev Loss: 8.2841]
L001693 | [Dev F1: 0.577897532663559]
L001694 | [Dev Acc: 0.5908346972176759]
L001695 | 
L001696-L001711 | [REDACTED: batch progress and internal diagnostics]
L001712 | [Epoch 67] [Time: 7.856024265289307]
L001713 | [Train Loss: 0.6095]
L001714 | [Train F1: 0.9416801114437682]
L001715 | [Train Acc: 0.9419119061357953]
L001716 | [Dev Loss: 7.7902]
L001717 | [Dev F1: 0.5866933399614819]
L001718 | [Dev Acc: 0.5924713584288053]
L001719 | 
L001720-L001735 | [REDACTED: batch progress and internal diagnostics]
L001736 | [Epoch 68] [Time: 7.842368125915527]
L001737 | [Train Loss: 0.5646]
L001738 | [Train F1: 0.9472401703710468]
L001739 | [Train Acc: 0.9472975572225428]
L001740 | [Dev Loss: 7.548]
L001741 | [Dev F1: 0.6001165027684388]
L001742 | [Dev Acc: 0.6039279869067103]
L001743 | 
L001744-L001759 | [REDACTED: batch progress and internal diagnostics]
L001760 | [Epoch 69] [Time: 8.854216575622559]
L001761 | [Train Loss: 0.5287]
L001762 | [Train F1: 0.9517525981699176]
L001763 | [Train Acc: 0.9519138295826121]
L001764 | [Dev Loss: 8.2493]
L001765 | [Dev F1: 0.5981463262360276]
L001766 | [Dev Acc: 0.6072013093289689]
L001767 | Early stopping at epoch: 69
L001768 | Last model
L001769 |               precision    recall  f1-score   support
L001770 | 
L001771 |          hap     0.4835    0.3056    0.3745       144
L001772 |          sad     0.8269    0.7020    0.7594       245
L001773 |          neu     0.5778    0.8125    0.6753       384
L001774 |          ang     0.5714    0.6118    0.5909       170
L001775 |          exc     0.7191    0.7191    0.7191       299
L001776 |          fru     0.6601    0.5249    0.5848       381
L001777 | 
L001778 |     accuracy                         0.6451      1623
L001779 |    macro avg     0.6398    0.6126    0.6173      1623
L001780 | weighted avg     0.6517    0.6451    0.6393      1623
L001781 | 
L001782 | Best model at epoch: 44
L001783 | Best dev F1: 0.6410397797796327
L001784 |               precision    recall  f1-score   support
L001785 | 
L001786 |          hap     0.5258    0.3542    0.4232       144
L001787 |          sad     0.8302    0.7184    0.7702       245
L001788 |          neu     0.5893    0.8333    0.6904       384
L001789 |          ang     0.6036    0.6000    0.6018       170
L001790 |          exc     0.7474    0.7224    0.7347       299
L001791 |          fru     0.6613    0.5433    0.5965       381
L001792 | 
L001793 |     accuracy                         0.6605      1623
L001794 |    macro avg     0.6596    0.6286    0.6361      1623
L001795 | weighted avg     0.6676    0.6605    0.6556      1623
L001796 | 
L001797 | Best test F1: 0.6555915424190374
L001798 | Best test Acc: 0.6605052372150338
L001799 | [SANITIZED] Saved checkpoint: [path and filename removed]
