# Redacted copy of an existing run log.
# run_id: G14-seed2
# dataset: IEMOCAP
# model: MM-DFN+AMBER
# imr: (0.3,0.7,0.5)
# seed_alias: seed2
# original_log_sha256: 3badfc85388b6f50d4fd4f636d6455951de9db2bded4008a5dd2cddb86b365d5
# source_record_status: ok
# source_record_process_return_code: 3221226505
# L numbers refer to source logical lines; REDACTED/SANITIZED text is editorial.
L000001-L000076 | [REDACTED: configuration or implementation details]
L000077 | [SANITIZED] Seed alias: seed2
L000078 | 
L000079-L000080 | [REDACTED: batch progress and internal diagnostics]
L000081 | 
L000082-L000083 | [REDACTED: batch progress and internal diagnostics]
L000084 | 
L000085-L000086 | [REDACTED: batch progress and internal diagnostics]
L000087 | 
L000088-L000103 | [REDACTED: batch progress and internal diagnostics]
L000104 | [Epoch 0] [Time: 8.720683574676514]
L000105 | [Train Loss: 9.2309]
L000106 | [Train F1: 0.2484781224055772]
L000107 | [Train Acc: 0.27129576930373744]
L000108 | [Dev Loss: 8.6206]
L000109 | [Dev F1: 0.23731338342258645]
L000110 | [Dev Acc: 0.3079777365491651]
L000111 | 
L000112-L000127 | [REDACTED: batch progress and internal diagnostics]
L000128 | [Epoch 1] [Time: 7.866018295288086]
L000129 | [Train Loss: 7.8136]
L000130 | [Train F1: 0.359334579184481]
L000131 | [Train Acc: 0.3995446784291406]
L000132 | [Dev Loss: 7.8462]
L000133 | [Dev F1: 0.3233879623514049]
L000134 | [Dev Acc: 0.3747680890538033]
L000135 | 
L000136-L000151 | [REDACTED: batch progress and internal diagnostics]
L000152 | [Epoch 2] [Time: 7.922323703765869]
L000153 | [Train Loss: 6.8893]
L000154 | [Train F1: 0.468644919547639]
L000155 | [Train Acc: 0.48814266742553597]
L000156 | [Dev Loss: 7.0299]
L000157 | [Dev F1: 0.45443400181295623]
L000158 | [Dev Acc: 0.46938775510204084]
L000159 | 
L000160-L000175 | [REDACTED: batch progress and internal diagnostics]
L000176 | [Epoch 3] [Time: 8.367737531661987]
L000177 | [Train Loss: 6.0318]
L000178 | [Train F1: 0.5418363827867628]
L000179 | [Train Acc: 0.5513185353822804]
L000180 | [Dev Loss: 6.311]
L000181 | [Dev F1: 0.48212771325620707]
L000182 | [Dev Acc: 0.49536178107606677]
L000183 | 
L000184-L000199 | [REDACTED: batch progress and internal diagnostics]
L000200 | [Epoch 4] [Time: 8.531214714050293]
L000201 | [Train Loss: 5.3614]
L000202 | [Train F1: 0.5669461994921754]
L000203 | [Train Acc: 0.5738948966040599]
L000204 | [Dev Loss: 5.619]
L000205 | [Dev F1: 0.5506585006650544]
L000206 | [Dev Acc: 0.5602968460111317]
L000207 | 
L000208-L000223 | [REDACTED: batch progress and internal diagnostics]
L000224 | [Epoch 5] [Time: 8.489147424697876]
L000225 | [Train Loss: 4.8716]
L000226 | [Train F1: 0.5973165600866882]
L000227 | [Train Acc: 0.6040599506734965]
L000228 | [Dev Loss: 5.4041]
L000229 | [Dev F1: 0.5526604386276648]
L000230 | [Dev Acc: 0.5640074211502782]
L000231 | 
L000232-L000247 | [REDACTED: batch progress and internal diagnostics]
L000248 | [Epoch 6] [Time: 8.611263036727905]
L000249 | [Train Loss: 4.5154]
L000250 | [Train F1: 0.6242207176057896]
L000251 | [Train Acc: 0.6285334851071903]
L000252 | [Dev Loss: 5.1171]
L000253 | [Dev F1: 0.5660713680085714]
L000254 | [Dev Acc: 0.575139146567718]
L000255 | 
L000256-L000271 | [REDACTED: batch progress and internal diagnostics]
L000272 | [Epoch 7] [Time: 8.599085807800293]
L000273 | [Train Loss: 4.1588]
L000274 | [Train F1: 0.6410535613027882]
L000275 | [Train Acc: 0.6469360652627585]
L000276 | [Dev Loss: 4.9607]
L000277 | [Dev F1: 0.5664614757198364]
L000278 | [Dev Acc: 0.575139146567718]
L000279 | 
L000280-L000295 | [REDACTED: batch progress and internal diagnostics]
L000296 | [Epoch 8] [Time: 8.689052820205688]
L000297 | [Train Loss: 3.903]
L000298 | [Train F1: 0.6676531740866453]
L000299 | [Train Acc: 0.6704610130904952]
L000300 | [Dev Loss: 4.8571]
L000301 | [Dev F1: 0.5706103961829246]
L000302 | [Dev Acc: 0.5825602968460112]
L000303 | 
L000304-L000319 | [REDACTED: batch progress and internal diagnostics]
L000320 | [Epoch 9] [Time: 8.393988370895386]
L000321 | [Train Loss: 3.6527]
L000322 | [Train F1: 0.6830137674929105]
L000323 | [Train Acc: 0.6875355719977234]
L000324 | [Dev Loss: 4.7404]
L000325 | [Dev F1: 0.5857358249604059]
L000326 | [Dev Acc: 0.5918367346938775]
L000327 | 
L000328-L000343 | [REDACTED: batch progress and internal diagnostics]
L000344 | [Epoch 10] [Time: 8.1953444480896]
L000345 | [Train Loss: 3.4782]
L000346 | [Train F1: 0.6990638397850898]
L000347 | [Train Acc: 0.7008157844811231]
L000348 | [Dev Loss: 4.7572]
L000349 | [Dev F1: 0.5652427677750366]
L000350 | [Dev Acc: 0.5714285714285714]
L000351 | 
L000352-L000367 | [REDACTED: batch progress and internal diagnostics]
L000368 | [Epoch 11] [Time: 7.973329067230225]
L000369 | [Train Loss: 3.3098]
L000370 | [Train F1: 0.7076663927513989]
L000371 | [Train Acc: 0.7104913678618858]
L000372 | [Dev Loss: 4.788]
L000373 | [Dev F1: 0.5685772100998173]
L000374 | [Dev Acc: 0.5788497217068646]
L000375 | 
L000376-L000391 | [REDACTED: batch progress and internal diagnostics]
L000392 | [Epoch 12] [Time: 7.398561954498291]
L000393 | [Train Loss: 3.147]
L000394 | [Train F1: 0.7243061757542505]
L000395 | [Train Acc: 0.7266173401631569]
L000396 | [Dev Loss: 4.9186]
L000397 | [Dev F1: 0.5670689271900875]
L000398 | [Dev Acc: 0.5769944341372912]
L000399 | 
L000400-L000415 | [REDACTED: batch progress and internal diagnostics]
L000416 | [Epoch 13] [Time: 8.721759796142578]
L000417 | [Train Loss: 2.9628]
L000418 | [Train F1: 0.7402307157621648]
L000419 | [Train Acc: 0.7431227471068108]
L000420 | [Dev Loss: 4.8908]
L000421 | [Dev F1: 0.56265429682702]
L000422 | [Dev Acc: 0.5695732838589982]
L000423 | 
L000424-L000439 | [REDACTED: batch progress and internal diagnostics]
L000440 | [Epoch 14] [Time: 8.27316164970398]
L000441 | [Train Loss: 2.8312]
L000442 | [Train F1: 0.7516370526835148]
L000443 | [Train Acc: 0.7543160690571049]
L000444 | [Dev Loss: 4.826]
L000445 | [Dev F1: 0.5660379973608097]
L000446 | [Dev Acc: 0.575139146567718]
L000447 | 
L000448-L000463 | [REDACTED: batch progress and internal diagnostics]
L000464 | [Epoch 15] [Time: 8.099199771881104]
L000465 | [Train Loss: 2.7135]
L000466 | [Train F1: 0.7596517552337914]
L000467 | [Train Acc: 0.7622841965471447]
L000468 | [Dev Loss: 5.0756]
L000469 | [Dev F1: 0.5663493119218287]
L000470 | [Dev Acc: 0.575139146567718]
L000471 | 
L000472-L000487 | [REDACTED: batch progress and internal diagnostics]
L000488 | [Epoch 16] [Time: 8.03483271598816]
L000489 | [Train Loss: 2.5573]
L000490 | [Train F1: 0.7775527844555123]
L000491 | [Train Acc: 0.7791690381331816]
L000492 | [Dev Loss: 4.8355]
L000493 | [Dev F1: 0.5693776725709406]
L000494 | [Dev Acc: 0.575139146567718]
L000495 | 
L000496-L000511 | [REDACTED: batch progress and internal diagnostics]
L000512 | [Epoch 17] [Time: 8.477049827575684]
L000513 | [Train Loss: 2.4289]
L000514 | [Train F1: 0.7774976388114788]
L000515 | [Train Acc: 0.7793587554543729]
L000516 | [Dev Loss: 5.1741]
L000517 | [Dev F1: 0.5781558359965917]
L000518 | [Dev Acc: 0.588126159554731]
L000519 | 
L000520-L000535 | [REDACTED: batch progress and internal diagnostics]
L000536 | [Epoch 18] [Time: 8.167717218399048]
L000537 | [Train Loss: 2.3335]
L000538 | [Train F1: 0.7912023141339238]
L000539 | [Train Acc: 0.7930184025801555]
L000540 | [Dev Loss: 4.8678]
L000541 | [Dev F1: 0.568145668794278]
L000542 | [Dev Acc: 0.5732838589981447]
L000543 | 
L000544-L000559 | [REDACTED: batch progress and internal diagnostics]
L000560 | [Epoch 19] [Time: 7.951442003250122]
L000561 | [Train Loss: 2.1881]
L000562 | [Train F1: 0.8088020330640948]
L000563 | [Train Acc: 0.8100929614873837]
L000564 | [Dev Loss: 5.2683]
L000565 | [Dev F1: 0.5775846472510248]
L000566 | [Dev Acc: 0.5844155844155844]
L000567 | 
L000568-L000583 | [REDACTED: batch progress and internal diagnostics]
L000584 | [Epoch 20] [Time: 8.140949249267578]
L000585 | [Train Loss: 2.0763]
L000586 | [Train F1: 0.813567162420902]
L000587 | [Train Acc: 0.8150256118383609]
L000588 | [Dev Loss: 5.1334]
L000589 | [Dev F1: 0.568927563776062]
L000590 | [Dev Acc: 0.5788497217068646]
L000591 | 
L000592-L000607 | [REDACTED: batch progress and internal diagnostics]
L000608 | [Epoch 21] [Time: 8.347956895828247]
L000609 | [Train Loss: 2.0771]
L000610 | [Train F1: 0.8101683528285383]
L000611 | [Train Acc: 0.8121798520204895]
L000612 | [Dev Loss: 5.3823]
L000613 | [Dev F1: 0.5775238827010477]
L000614 | [Dev Acc: 0.5862708719851577]
L000615 | 
L000616-L000631 | [REDACTED: batch progress and internal diagnostics]
L000632 | [Epoch 22] [Time: 8.462966680526733]
L000633 | [Train Loss: 1.9569]
L000634 | [Train F1: 0.8236004789484397]
L000635 | [Train Acc: 0.8248909125403149]
L000636 | [Dev Loss: 5.0713]
L000637 | [Dev F1: 0.5748638675544553]
L000638 | [Dev Acc: 0.5769944341372912]
L000639 | 
L000640-L000655 | [REDACTED: batch progress and internal diagnostics]
L000656 | [Epoch 23] [Time: 8.551162242889404]
L000657 | [Train Loss: 1.9443]
L000658 | [Train F1: 0.8201194731540369]
L000659 | [Train Acc: 0.8212862834376778]
L000660 | [Dev Loss: 5.3609]
L000661 | [Dev F1: 0.5743726362175752]
L000662 | [Dev Acc: 0.5825602968460112]
L000663 | 
L000664-L000679 | [REDACTED: batch progress and internal diagnostics]
L000680 | [Epoch 24] [Time: 8.622092247009277]
L000681 | [Train Loss: 1.8308]
L000682 | [Train F1: 0.8354856851324804]
L000683 | [Train Acc: 0.8368431037753747]
L000684 | [Dev Loss: 5.1142]
L000685 | [Dev F1: 0.5784867765999546]
L000686 | [Dev Acc: 0.5825602968460112]
L000687 | 
L000688-L000703 | [REDACTED: batch progress and internal diagnostics]
L000704 | [Epoch 25] [Time: 8.450161695480347]
L000705 | [Train Loss: 1.8091]
L000706 | [Train F1: 0.8250380581655037]
L000707 | [Train Acc: 0.8267880857522292]
L000708 | [Dev Loss: 5.7352]
L000709 | [Dev F1: 0.5709968974338889]
L000710 | [Dev Acc: 0.5825602968460112]
L000711 | 
L000712-L000727 | [REDACTED: batch progress and internal diagnostics]
L000728 | [Epoch 26] [Time: 8.432620525360107]
L000729 | [Train Loss: 1.7115]
L000730 | [Train F1: 0.8423820944797094]
L000731 | [Train Acc: 0.8436729273382659]
L000732 | [Dev Loss: 5.3414]
L000733 | [Dev F1: 0.5763306928868394]
L000734 | [Dev Acc: 0.5825602968460112]
L000735 | 
L000736-L000751 | [REDACTED: batch progress and internal diagnostics]
L000752 | [Epoch 27] [Time: 7.956930875778198]
L000753 | [Train Loss: 1.6532]
L000754 | [Train F1: 0.8506293046224256]
L000755 | [Train Acc: 0.8520204894706886]
L000756 | [Dev Loss: 5.5262]
L000757 | [Dev F1: 0.5668127938616246]
L000758 | [Dev Acc: 0.5788497217068646]
L000759 | 
L000760-L000775 | [REDACTED: batch progress and internal diagnostics]
L000776 | [Epoch 28] [Time: 8.785027027130127]
L000777 | [Train Loss: 1.5757]
L000778 | [Train F1: 0.8505921096807274]
L000779 | [Train Acc: 0.8516410548283059]
L000780 | [Dev Loss: 5.4447]
L000781 | [Dev F1: 0.5843361457925456]
L000782 | [Dev Acc: 0.5899814471243042]
L000783 | 
L000784-L000799 | [REDACTED: batch progress and internal diagnostics]
L000800 | [Epoch 29] [Time: 8.146696090698242]
L000801 | [Train Loss: 1.5251]
L000802 | [Train F1: 0.8592664989313661]
L000803 | [Train Acc: 0.8605577689243028]
L000804 | [Dev Loss: 5.6555]
L000805 | [Dev F1: 0.5858344955942758]
L000806 | [Dev Acc: 0.5955473098330241]
L000807 | 
L000808-L000823 | [REDACTED: batch progress and internal diagnostics]
L000824 | [Epoch 30] [Time: 8.327789783477783]
L000825 | [Train Loss: 1.4893]
L000826 | [Train F1: 0.8568926771006822]
L000827 | [Train Acc: 0.8579017264276229]
L000828 | [Dev Loss: 5.6292]
L000829 | [Dev F1: 0.5823668764073825]
L000830 | [Dev Acc: 0.588126159554731]
L000831 | 
L000832-L000847 | [REDACTED: batch progress and internal diagnostics]
L000848 | [Epoch 31] [Time: 8.035398244857788]
L000849 | [Train Loss: 1.3879]
L000850 | [Train F1: 0.8697132067560092]
L000851 | [Train Acc: 0.8704230696262569]
L000852 | [Dev Loss: 5.4191]
L000853 | [Dev F1: 0.5922131003877288]
L000854 | [Dev Acc: 0.5974025974025974]
L000855 | 
L000856-L000871 | [REDACTED: batch progress and internal diagnostics]
L000872 | [Epoch 32] [Time: 7.991039752960205]
L000873 | [Train Loss: 1.4029]
L000874 | [Train F1: 0.8662958210092299]
L000875 | [Train Acc: 0.8671978751660027]
L000876 | [Dev Loss: 5.6319]
L000877 | [Dev F1: 0.5872193743368]
L000878 | [Dev Acc: 0.5918367346938775]
L000879 | 
L000880-L000895 | [REDACTED: batch progress and internal diagnostics]
L000896 | [Epoch 33] [Time: 8.291289567947388]
L000897 | [Train Loss: 1.3399]
L000898 | [Train F1: 0.8710651763153767]
L000899 | [Train Acc: 0.8725099601593626]
L000900 | [Dev Loss: 5.8056]
L000901 | [Dev F1: 0.592695595452605]
L000902 | [Dev Acc: 0.5974025974025974]
L000903 | 
L000904-L000919 | [REDACTED: batch progress and internal diagnostics]
L000920 | [Epoch 34] [Time: 8.334467887878418]
L000921 | [Train Loss: 1.3279]
L000922 | [Train F1: 0.8787530937107919]
L000923 | [Train Acc: 0.8795295010434453]
L000924 | [Dev Loss: 5.6995]
L000925 | [Dev F1: 0.5758624529164704]
L000926 | [Dev Acc: 0.5844155844155844]
L000927 | 
L000928-L000943 | [REDACTED: batch progress and internal diagnostics]
L000944 | [Epoch 35] [Time: 8.14371371269226]
L000945 | [Train Loss: 1.3057]
L000946 | [Train F1: 0.8756929459057569]
L000947 | [Train Acc: 0.8764940239043825]
L000948 | [Dev Loss: 5.7642]
L000949 | [Dev F1: 0.5641615994808981]
L000950 | [Dev Acc: 0.5714285714285714]
L000951 | 
L000952-L000967 | [REDACTED: batch progress and internal diagnostics]
L000968 | [Epoch 36] [Time: 8.294336557388306]
L000969 | [Train Loss: 1.2515]
L000970 | [Train F1: 0.8797893897953033]
L000971 | [Train Acc: 0.8808575222917853]
L000972 | [Dev Loss: 5.8776]
L000973 | [Dev F1: 0.5922419122948728]
L000974 | [Dev Acc: 0.601113172541744]
L000975 | 
L000976-L000991 | [REDACTED: batch progress and internal diagnostics]
L000992 | [Epoch 37] [Time: 7.4840476512908936]
L000993 | [Train Loss: 1.2571]
L000994 | [Train F1: 0.8851671563470338]
L000995 | [Train Acc: 0.8857901726427623]
L000996 | [Dev Loss: 6.3658]
L000997 | [Dev F1: 0.5631679844898698]
L000998 | [Dev Acc: 0.5732838589981447]
L000999 | 
L001000-L001015 | [REDACTED: batch progress and internal diagnostics]
L001016 | [Epoch 38] [Time: 7.949766397476196]
L001017 | [Train Loss: 1.2593]
L001018 | [Train F1: 0.8808754344862041]
L001019 | [Train Acc: 0.8816163915765509]
L001020 | [Dev Loss: 5.8629]
L001021 | [Dev F1: 0.5820368312965472]
L001022 | [Dev Acc: 0.5899814471243042]
L001023 | 
L001024-L001039 | [REDACTED: batch progress and internal diagnostics]
L001040 | [Epoch 39] [Time: 8.531419515609741]
L001041 | [Train Loss: 1.1419]
L001042 | [Train F1: 0.8879217622201779]
L001043 | [Train Acc: 0.889205084424208]
L001044 | [Dev Loss: 6.4739]
L001045 | [Dev F1: 0.5750616027106474]
L001046 | [Dev Acc: 0.5844155844155844]
L001047 | 
L001048-L001063 | [REDACTED: batch progress and internal diagnostics]
L001064 | [Epoch 40] [Time: 8.177640199661255]
L001065 | [Train Loss: 1.137]
L001066 | [Train F1: 0.8974291667063192]
L001067 | [Train Acc: 0.897742363877822]
L001068 | [Dev Loss: 6.4951]
L001069 | [Dev F1: 0.5493541863056415]
L001070 | [Dev Acc: 0.5602968460111317]
L001071 | 
L001072-L001087 | [REDACTED: batch progress and internal diagnostics]
L001088 | [Epoch 41] [Time: 8.555142641067505]
L001089 | [Train Loss: 1.1173]
L001090 | [Train F1: 0.8924835685404926]
L001091 | [Train Acc: 0.8931891481692279]
L001092 | [Dev Loss: 6.0236]
L001093 | [Dev F1: 0.5794150006159731]
L001094 | [Dev Acc: 0.5899814471243042]
L001095 | 
L001096-L001111 | [REDACTED: batch progress and internal diagnostics]
L001112 | [Epoch 42] [Time: 8.192233324050903]
L001113 | [Train Loss: 1.0864]
L001114 | [Train F1: 0.9014070635032571]
L001115 | [Train Acc: 0.9021058622652248]
L001116 | [Dev Loss: 6.0192]
L001117 | [Dev F1: 0.5641013200402545]
L001118 | [Dev Acc: 0.5677179962894249]
L001119 | 
L001120-L001135 | [REDACTED: batch progress and internal diagnostics]
L001136 | [Epoch 43] [Time: 8.042752027511597]
L001137 | [Train Loss: 1.0419]
L001138 | [Train F1: 0.899503551766251]
L001139 | [Train Acc: 0.9000189717321191]
L001140 | [Dev Loss: 6.2854]
L001141 | [Dev F1: 0.5694973273335912]
L001142 | [Dev Acc: 0.5788497217068646]
L001143 | 
L001144-L001159 | [REDACTED: batch progress and internal diagnostics]
L001160 | [Epoch 44] [Time: 8.594593286514282]
L001161 | [Train Loss: 1.0164]
L001162 | [Train F1: 0.9027274688520566]
L001163 | [Train Acc: 0.9034338835135648]
L001164 | [Dev Loss: 6.4414]
L001165 | [Dev F1: 0.5637124299350414]
L001166 | [Dev Acc: 0.5714285714285714]
L001167 | 
L001168-L001183 | [REDACTED: batch progress and internal diagnostics]
L001184 | [Epoch 45] [Time: 7.914241075515747]
L001185 | [Train Loss: 0.986]
L001186 | [Train F1: 0.902794447624372]
L001187 | [Train Acc: 0.9036236008347562]
L001188 | [Dev Loss: 6.1536]
L001189 | [Dev F1: 0.5734042925425676]
L001190 | [Dev Acc: 0.5788497217068646]
L001191 | 
L001192-L001207 | [REDACTED: batch progress and internal diagnostics]
L001208 | [Epoch 46] [Time: 8.699192762374878]
L001209 | [Train Loss: 0.9417]
L001210 | [Train F1: 0.9096053780385019]
L001211 | [Train Acc: 0.9100739897552647]
L001212 | [Dev Loss: 6.552]
L001213 | [Dev F1: 0.5519052383464645]
L001214 | [Dev Acc: 0.562152133580705]
L001215 | 
L001216-L001231 | [REDACTED: batch progress and internal diagnostics]
L001232 | [Epoch 47] [Time: 8.690924167633057]
L001233 | [Train Loss: 0.9285]
L001234 | [Train F1: 0.9100389399331622]
L001235 | [Train Acc: 0.9108328590400303]
L001236 | [Dev Loss: 6.3849]
L001237 | [Dev F1: 0.5907114366520665]
L001238 | [Dev Acc: 0.5974025974025974]
L001239 | 
L001240-L001255 | [REDACTED: batch progress and internal diagnostics]
L001256 | [Epoch 48] [Time: 8.734730005264282]
L001257 | [Train Loss: 0.9438]
L001258 | [Train F1: 0.9078933056022205]
L001259 | [Train Acc: 0.9085562511857332]
L001260 | [Dev Loss: 6.752]
L001261 | [Dev F1: 0.5655245095370751]
L001262 | [Dev Acc: 0.5714285714285714]
L001263 | 
L001264-L001279 | [REDACTED: batch progress and internal diagnostics]
L001280 | [Epoch 49] [Time: 8.616384506225586]
L001281 | [Train Loss: 0.8935]
L001282 | [Train F1: 0.9168345872818721]
L001283 | [Train Acc: 0.9170935306393474]
L001284 | [Dev Loss: 6.7824]
L001285 | [Dev F1: 0.5602126747930236]
L001286 | [Dev Acc: 0.5695732838589982]
L001287 | 
L001288-L001303 | [REDACTED: batch progress and internal diagnostics]
L001304 | [Epoch 50] [Time: 8.352558612823486]
L001305 | [Train Loss: 0.8196]
L001306 | [Train F1: 0.9251777626478477]
L001307 | [Train Acc: 0.9256308100929614]
L001308 | [Dev Loss: 6.6047]
L001309 | [Dev F1: 0.5684032338698315]
L001310 | [Dev Acc: 0.5769944341372912]
L001311 | 
L001312-L001327 | [REDACTED: batch progress and internal diagnostics]
L001328 | [Epoch 51] [Time: 8.513688564300537]
L001329 | [Train Loss: 0.8303]
L001330 | [Train F1: 0.9232295207677989]
L001331 | [Train Acc: 0.9235439195598558]
L001332 | [Dev Loss: 6.9223]
L001333 | [Dev F1: 0.5558742312416092]
L001334 | [Dev Acc: 0.5677179962894249]
L001335 | 
L001336-L001351 | [REDACTED: batch progress and internal diagnostics]
L001352 | [Epoch 52] [Time: 8.699361085891724]
L001353 | [Train Loss: 0.8033]
L001354 | [Train F1: 0.9230182439952943]
L001355 | [Train Acc: 0.9235439195598558]
L001356 | [Dev Loss: 6.9887]
L001357 | [Dev F1: 0.5477229240649504]
L001358 | [Dev Acc: 0.5528756957328386]
L001359 | 
L001360-L001375 | [REDACTED: batch progress and internal diagnostics]
L001376 | [Epoch 53] [Time: 8.334290504455566]
L001377 | [Train Loss: 0.8176]
L001378 | [Train F1: 0.9182079859581966]
L001379 | [Train Acc: 0.9188009865300701]
L001380 | [Dev Loss: 7.5629]
L001381 | [Dev F1: 0.5753906851413179]
L001382 | [Dev Acc: 0.588126159554731]
L001383 | 
L001384-L001399 | [REDACTED: batch progress and internal diagnostics]
L001400 | [Epoch 54] [Time: 8.191789150238037]
L001401 | [Train Loss: 0.7846]
L001402 | [Train F1: 0.9266369682696525]
L001403 | [Train Acc: 0.9269588313413014]
L001404 | [Dev Loss: 6.5786]
L001405 | [Dev F1: 0.5744684005097174]
L001406 | [Dev Acc: 0.5769944341372912]
L001407 | 
L001408-L001423 | [REDACTED: batch progress and internal diagnostics]
L001424 | [Epoch 55] [Time: 7.9771435260772705]
L001425 | [Train Loss: 0.8222]
L001426 | [Train F1: 0.9260174830276336]
L001427 | [Train Acc: 0.9261999620565358]
L001428 | [Dev Loss: 7.352]
L001429 | [Dev F1: 0.5419961368028593]
L001430 | [Dev Acc: 0.5510204081632653]
L001431 | 
L001432-L001447 | [REDACTED: batch progress and internal diagnostics]
L001448 | [Epoch 56] [Time: 9.056875467300415]
L001449 | [Train Loss: 0.8154]
L001450 | [Train F1: 0.9269559878362572]
L001451 | [Train Acc: 0.9275279833048757]
L001452 | [Dev Loss: 6.5206]
L001453 | [Dev F1: 0.5814439133676618]
L001454 | [Dev Acc: 0.5862708719851577]
L001455 | 
L001456-L001471 | [REDACTED: batch progress and internal diagnostics]
L001472 | [Epoch 57] [Time: 8.423353672027588]
L001473 | [Train Loss: 0.7537]
L001474 | [Train F1: 0.9243727141381736]
L001475 | [Train Acc: 0.9246822234870044]
L001476 | [Dev Loss: 6.9284]
L001477 | [Dev F1: 0.5462329726990933]
L001478 | [Dev Acc: 0.5547309833024119]
L001479 | 
L001480-L001495 | [REDACTED: batch progress and internal diagnostics]
L001496 | [Epoch 58] [Time: 8.619782209396362]
L001497 | [Train Loss: 0.7546]
L001498 | [Train F1: 0.9275750462709406]
L001499 | [Train Acc: 0.9280971352684501]
L001500 | [Dev Loss: 7.3291]
L001501 | [Dev F1: 0.5590228353438184]
L001502 | [Dev Acc: 0.5658627087198516]
L001503 | Early stopping at epoch: 58
L001504 | Last model
L001505 |               precision    recall  f1-score   support
L001506 | 
L001507 |          hap     0.5773    0.3889    0.4647       144
L001508 |          sad     0.7982    0.7102    0.7516       245
L001509 |          neu     0.5606    0.8307    0.6695       384
L001510 |          ang     0.5354    0.7118    0.6111       170
L001511 |          exc     0.7340    0.6923    0.7126       299
L001512 |          fru     0.6190    0.3753    0.4673       381
L001513 | 
L001514 |     accuracy                         0.6285      1623
L001515 |    macro avg     0.6374    0.6182    0.6128      1623
L001516 | weighted avg     0.6410    0.6285    0.6181      1623
L001517 | 
L001518 | Best model at epoch: 33
L001519 | Best dev F1: 0.592695595452605
L001520 |               precision    recall  f1-score   support
L001521 | 
L001522 |          hap     0.5856    0.4514    0.5098       144
L001523 |          sad     0.8009    0.7388    0.7686       245
L001524 |          neu     0.5494    0.8542    0.6687       384
L001525 |          ang     0.5700    0.6706    0.6162       170
L001526 |          exc     0.7500    0.6522    0.6977       299
L001527 |          fru     0.6943    0.4173    0.5213       381
L001528 | 
L001529 |     accuracy                         0.6420      1623
L001530 |    macro avg     0.6584    0.6307    0.6304      1623
L001531 | weighted avg     0.6637    0.6420    0.6349      1623
L001532 | 
L001533 | Best test F1: 0.634921260365921
L001534 | Best test Acc: 0.6420209488601355
L001535 | [SANITIZED] Saved checkpoint: [path and filename removed]
