# Redacted copy of an existing run log.
# run_id: G14-seed3
# dataset: IEMOCAP
# model: MM-DFN+AMBER
# imr: (0.3,0.7,0.5)
# seed_alias: seed3
# original_log_sha256: 11b4c81d495693def69aed88b00de7377378bdb43aadb5737788482da0add0de
# source_record_status: ok
# source_record_process_return_code: 3221226505
# L numbers refer to source logical lines; REDACTED/SANITIZED text is editorial.
L000001-L000076 | [REDACTED: configuration or implementation details]
L000077 | [SANITIZED] Seed alias: seed3
L000078 | 
L000079-L000080 | [REDACTED: batch progress and internal diagnostics]
L000081 | 
L000082-L000083 | [REDACTED: batch progress and internal diagnostics]
L000084 | 
L000085-L000086 | [REDACTED: batch progress and internal diagnostics]
L000087 | 
L000088-L000103 | [REDACTED: batch progress and internal diagnostics]
L000104 | [Epoch 0] [Time: 8.791605710983276]
L000105 | [Train Loss: 9.4216]
L000106 | [Train F1: 0.2293747264418866]
L000107 | [Train Acc: 0.25411901531304515]
L000108 | [Dev Loss: 8.5427]
L000109 | [Dev F1: 0.287384461336323]
L000110 | [Dev Acc: 0.36098310291858676]
L000111 | 
L000112-L000127 | [REDACTED: batch progress and internal diagnostics]
L000128 | [Epoch 1] [Time: 8.432140827178955]
L000129 | [Train Loss: 7.9361]
L000130 | [Train F1: 0.38436662678021993]
L000131 | [Train Acc: 0.42217484008528783]
L000132 | [Dev Loss: 7.6071]
L000133 | [Dev F1: 0.40366542095116087]
L000134 | [Dev Acc: 0.45314900153609833]
L000135 | 
L000136-L000151 | [REDACTED: batch progress and internal diagnostics]
L000152 | [Epoch 2] [Time: 8.070016384124756]
L000153 | [Train Loss: 6.8959]
L000154 | [Train F1: 0.45905962820863744]
L000155 | [Train Acc: 0.48962977321186274]
L000156 | [Dev Loss: 6.6365]
L000157 | [Dev F1: 0.49225092342696425]
L000158 | [Dev Acc: 0.5145929339477726]
L000159 | 
L000160-L000175 | [REDACTED: batch progress and internal diagnostics]
L000176 | [Epoch 3] [Time: 8.254563808441162]
L000177 | [Train Loss: 5.9217]
L000178 | [Train F1: 0.5424951608620499]
L000179 | [Train Acc: 0.5547586741616592]
L000180 | [Dev Loss: 5.9383]
L000181 | [Dev F1: 0.5121884224914538]
L000182 | [Dev Acc: 0.5268817204301075]
L000183 | 
L000184-L000199 | [REDACTED: batch progress and internal diagnostics]
L000200 | [Epoch 4] [Time: 8.303770780563354]
L000201 | [Train Loss: 5.3059]
L000202 | [Train F1: 0.5682584317647644]
L000203 | [Train Acc: 0.5764683078115914]
L000204 | [Dev Loss: 5.5862]
L000205 | [Dev F1: 0.5373846681869615]
L000206 | [Dev Acc: 0.5514592933947773]
L000207 | 
L000208-L000223 | [REDACTED: batch progress and internal diagnostics]
L000224 | [Epoch 5] [Time: 8.278407573699951]
L000225 | [Train Loss: 4.787]
L000226 | [Train F1: 0.5937474506570146]
L000227 | [Train Acc: 0.5999224655941073]
L000228 | [Dev Loss: 5.2509]
L000229 | [Dev F1: 0.5338446207876867]
L000230 | [Dev Acc: 0.5468509984639017]
L000231 | 
L000232-L000247 | [REDACTED: batch progress and internal diagnostics]
L000248 | [Epoch 6] [Time: 7.922299146652222]
L000249 | [Train Loss: 4.4026]
L000250 | [Train F1: 0.6267237504725429]
L000251 | [Train Acc: 0.6305485559216902]
L000252 | [Dev Loss: 5.1411]
L000253 | [Dev F1: 0.5380707706161488]
L000254 | [Dev Acc: 0.554531490015361]
L000255 | 
L000256-L000271 | [REDACTED: batch progress and internal diagnostics]
L000272 | [Epoch 7] [Time: 8.118942975997925]
L000273 | [Train Loss: 4.1189]
L000274 | [Train F1: 0.6550954854675809]
L000275 | [Train Acc: 0.6588486140724946]
L000276 | [Dev Loss: 5.0439]
L000277 | [Dev F1: 0.5459550494830656]
L000278 | [Dev Acc: 0.5606758832565284]
L000279 | 
L000280-L000295 | [REDACTED: batch progress and internal diagnostics]
L000296 | [Epoch 8] [Time: 8.000884532928467]
L000297 | [Train Loss: 3.8687]
L000298 | [Train F1: 0.6670164133370332]
L000299 | [Train Acc: 0.6693157588679977]
L000300 | [Dev Loss: 4.8756]
L000301 | [Dev F1: 0.5434013671235857]
L000302 | [Dev Acc: 0.5576036866359447]
L000303 | 
L000304-L000319 | [REDACTED: batch progress and internal diagnostics]
L000320 | [Epoch 9] [Time: 8.331842184066772]
L000321 | [Train Loss: 3.6668]
L000322 | [Train F1: 0.6902323061747296]
L000323 | [Train Acc: 0.6923822446210506]
L000324 | [Dev Loss: 4.9007]
L000325 | [Dev F1: 0.56565144996823]
L000326 | [Dev Acc: 0.5806451612903226]
L000327 | 
L000328-L000343 | [REDACTED: batch progress and internal diagnostics]
L000344 | [Epoch 10] [Time: 7.748793840408325]
L000345 | [Train Loss: 3.5168]
L000346 | [Train F1: 0.7066726589975261]
L000347 | [Train Acc: 0.7088583058732313]
L000348 | [Dev Loss: 4.7957]
L000349 | [Dev F1: 0.5675471985718018]
L000350 | [Dev Acc: 0.5821812596006144]
L000351 | 
L000352-L000367 | [REDACTED: batch progress and internal diagnostics]
L000368 | [Epoch 11] [Time: 8.001533031463623]
L000369 | [Train Loss: 3.2908]
L000370 | [Train F1: 0.7206679217939077]
L000371 | [Train Acc: 0.7222329908897073]
L000372 | [Dev Loss: 4.7828]
L000373 | [Dev F1: 0.5725065632289875]
L000374 | [Dev Acc: 0.5852534562211982]
L000375 | 
L000376-L000391 | [REDACTED: batch progress and internal diagnostics]
L000392 | [Epoch 12] [Time: 8.129512071609497]
L000393 | [Train Loss: 3.1072]
L000394 | [Train F1: 0.7379712573318428]
L000395 | [Train Acc: 0.7398720682302772]
L000396 | [Dev Loss: 4.8196]
L000397 | [Dev F1: 0.5810207378312889]
L000398 | [Dev Acc: 0.5944700460829493]
L000399 | 
L000400-L000415 | [REDACTED: batch progress and internal diagnostics]
L000416 | [Epoch 13] [Time: 7.975620985031128]
L000417 | [Train Loss: 2.9115]
L000418 | [Train F1: 0.7556786109636242]
L000419 | [Train Acc: 0.7575111455708471]
L000420 | [Dev Loss: 4.6854]
L000421 | [Dev F1: 0.5907753211579497]
L000422 | [Dev Acc: 0.6036866359447005]
L000423 | 
L000424-L000439 | [REDACTED: batch progress and internal diagnostics]
L000440 | [Epoch 14] [Time: 8.210768222808838]
L000441 | [Train Loss: 2.7549]
L000442 | [Train F1: 0.7656816042683541]
L000443 | [Train Acc: 0.7670091102926924]
L000444 | [Dev Loss: 4.8857]
L000445 | [Dev F1: 0.5824129660199496]
L000446 | [Dev Acc: 0.5990783410138248]
L000447 | 
L000448-L000463 | [REDACTED: batch progress and internal diagnostics]
L000464 | [Epoch 15] [Time: 8.28167986869812]
L000465 | [Train Loss: 2.5842]
L000466 | [Train F1: 0.7850461350836286]
L000467 | [Train Acc: 0.7865865477805777]
L000468 | [Dev Loss: 4.8013]
L000469 | [Dev F1: 0.597042805115515]
L000470 | [Dev Acc: 0.6098310291858678]
L000471 | 
L000472-L000487 | [REDACTED: batch progress and internal diagnostics]
L000488 | [Epoch 16] [Time: 8.217164278030396]
L000489 | [Train Loss: 2.5341]
L000490 | [Train F1: 0.7778889344664791]
L000491 | [Train Acc: 0.7790269432060477]
L000492 | [Dev Loss: 4.836]
L000493 | [Dev F1: 0.5967152865479453]
L000494 | [Dev Acc: 0.6113671274961597]
L000495 | 
L000496-L000511 | [REDACTED: batch progress and internal diagnostics]
L000512 | [Epoch 17] [Time: 8.257961988449097]
L000513 | [Train Loss: 2.3623]
L000514 | [Train F1: 0.7965655535703053]
L000515 | [Train Acc: 0.7978290366350068]
L000516 | [Dev Loss: 4.9649]
L000517 | [Dev F1: 0.6094642890888952]
L000518 | [Dev Acc: 0.6236559139784946]
L000519 | 
L000520-L000535 | [REDACTED: batch progress and internal diagnostics]
L000536 | [Epoch 18] [Time: 8.029061555862427]
L000537 | [Train Loss: 2.2649]
L000538 | [Train F1: 0.8015050922989968]
L000539 | [Train Acc: 0.8024811009885636]
L000540 | [Dev Loss: 4.8878]
L000541 | [Dev F1: 0.5986494438370262]
L000542 | [Dev Acc: 0.6113671274961597]
L000543 | 
L000544-L000559 | [REDACTED: batch progress and internal diagnostics]
L000560 | [Epoch 19] [Time: 8.510811805725098]
L000561 | [Train Loss: 2.1656]
L000562 | [Train F1: 0.816093514256129]
L000563 | [Train Acc: 0.8170188020934289]
L000564 | [Dev Loss: 5.1169]
L000565 | [Dev F1: 0.6043169853239956]
L000566 | [Dev Acc: 0.6175115207373272]
L000567 | 
L000568-L000583 | [REDACTED: batch progress and internal diagnostics]
L000584 | [Epoch 20] [Time: 7.960191249847412]
L000585 | [Train Loss: 2.0801]
L000586 | [Train F1: 0.8226148125042886]
L000587 | [Train Acc: 0.8236092265943012]
L000588 | [Dev Loss: 4.9581]
L000589 | [Dev F1: 0.6304566083967539]
L000590 | [Dev Acc: 0.6405529953917051]
L000591 | 
L000592-L000607 | [REDACTED: batch progress and internal diagnostics]
L000608 | [Epoch 21] [Time: 8.29328441619873]
L000609 | [Train Loss: 2.0658]
L000610 | [Train F1: 0.8209509414834518]
L000611 | [Train Acc: 0.8210893584027913]
L000612 | [Dev Loss: 5.2974]
L000613 | [Dev F1: 0.585527848291569]
L000614 | [Dev Acc: 0.6021505376344086]
L000615 | 
L000616-L000631 | [REDACTED: batch progress and internal diagnostics]
L000632 | [Epoch 22] [Time: 8.103884935379028]
L000633 | [Train Loss: 1.9207]
L000634 | [Train F1: 0.8271786671885045]
L000635 | [Train Acc: 0.8286489629773212]
L000636 | [Dev Loss: 4.9099]
L000637 | [Dev F1: 0.618753277810131]
L000638 | [Dev Acc: 0.6282642089093702]
L000639 | 
L000640-L000655 | [REDACTED: batch progress and internal diagnostics]
L000656 | [Epoch 23] [Time: 7.832427978515625]
L000657 | [Train Loss: 1.8284]
L000658 | [Train F1: 0.8357940155966659]
L000659 | [Train Acc: 0.8365962395813142]
L000660 | [Dev Loss: 5.4533]
L000661 | [Dev F1: 0.5933289385003059]
L000662 | [Dev Acc: 0.6098310291858678]
L000663 | 
L000664-L000679 | [REDACTED: batch progress and internal diagnostics]
L000680 | [Epoch 24] [Time: 8.196916818618774]
L000681 | [Train Loss: 1.7583]
L000682 | [Train F1: 0.8391165348629638]
L000683 | [Train Acc: 0.8400852878464818]
L000684 | [Dev Loss: 4.9111]
L000685 | [Dev F1: 0.6270720584891092]
L000686 | [Dev Acc: 0.631336405529954]
L000687 | 
L000688-L000703 | [REDACTED: batch progress and internal diagnostics]
L000704 | [Epoch 25] [Time: 8.272097110748291]
L000705 | [Train Loss: 1.7872]
L000706 | [Train F1: 0.8461093617553799]
L000707 | [Train Acc: 0.8468695483620857]
L000708 | [Dev Loss: 5.8359]
L000709 | [Dev F1: 0.5821442497225024]
L000710 | [Dev Acc: 0.6006144393241167]
L000711 | 
L000712-L000727 | [REDACTED: batch progress and internal diagnostics]
L000728 | [Epoch 26] [Time: 7.9876487255096436]
L000729 | [Train Loss: 1.7378]
L000730 | [Train F1: 0.8419050906477012]
L000731 | [Train Acc: 0.8427989920527234]
L000732 | [Dev Loss: 5.318]
L000733 | [Dev F1: 0.6034708657942689]
L000734 | [Dev Acc: 0.6159754224270353]
L000735 | 
L000736-L000751 | [REDACTED: batch progress and internal diagnostics]
L000752 | [Epoch 27] [Time: 7.328409194946289]
L000753 | [Train Loss: 1.636]
L000754 | [Train F1: 0.8534005217275882]
L000755 | [Train Acc: 0.8540414809071526]
L000756 | [Dev Loss: 5.4085]
L000757 | [Dev F1: 0.589099283884059]
L000758 | [Dev Acc: 0.6036866359447005]
L000759 | 
L000760-L000775 | [REDACTED: batch progress and internal diagnostics]
L000776 | [Epoch 28] [Time: 7.793459415435791]
L000777 | [Train Loss: 1.6186]
L000778 | [Train F1: 0.8567244524419078]
L000779 | [Train Acc: 0.8575305291723202]
L000780 | [Dev Loss: 5.3531]
L000781 | [Dev F1: 0.6108613440932043]
L000782 | [Dev Acc: 0.6221198156682027]
L000783 | 
L000784-L000799 | [REDACTED: batch progress and internal diagnostics]
L000800 | [Epoch 29] [Time: 7.5118536949157715]
L000801 | [Train Loss: 1.523]
L000802 | [Train F1: 0.8639800116041447]
L000803 | [Train Acc: 0.8647024617173871]
L000804 | [Dev Loss: 5.5648]
L000805 | [Dev F1: 0.5960753040365745]
L000806 | [Dev Acc: 0.6067588325652842]
L000807 | 
L000808-L000823 | [REDACTED: batch progress and internal diagnostics]
L000824 | [Epoch 30] [Time: 8.023135900497437]
L000825 | [Train Loss: 1.4788]
L000826 | [Train F1: 0.8658366231376152]
L000827 | [Train Acc: 0.8666408218647025]
L000828 | [Dev Loss: 5.8785]
L000829 | [Dev F1: 0.585128716294583]
L000830 | [Dev Acc: 0.5990783410138248]
L000831 | 
L000832-L000847 | [REDACTED: batch progress and internal diagnostics]
L000848 | [Epoch 31] [Time: 7.903347730636597]
L000849 | [Train Loss: 1.4542]
L000850 | [Train F1: 0.8667132793341353]
L000851 | [Train Acc: 0.8674161659236286]
L000852 | [Dev Loss: 5.6148]
L000853 | [Dev F1: 0.583724504133054]
L000854 | [Dev Acc: 0.5990783410138248]
L000855 | 
L000856-L000871 | [REDACTED: batch progress and internal diagnostics]
L000872 | [Epoch 32] [Time: 7.901604890823364]
L000873 | [Train Loss: 1.4195]
L000874 | [Train F1: 0.8637187323366244]
L000875 | [Train Acc: 0.8647024617173871]
L000876 | [Dev Loss: 5.4784]
L000877 | [Dev F1: 0.6190646341607172]
L000878 | [Dev Acc: 0.6282642089093702]
L000879 | 
L000880-L000895 | [REDACTED: batch progress and internal diagnostics]
L000896 | [Epoch 33] [Time: 8.13771367073059]
L000897 | [Train Loss: 1.3689]
L000898 | [Train F1: 0.8717949990732867]
L000899 | [Train Acc: 0.8724559023066486]
L000900 | [Dev Loss: 5.9049]
L000901 | [Dev F1: 0.5913418263881781]
L000902 | [Dev Acc: 0.6052227342549923]
L000903 | 
L000904-L000919 | [REDACTED: batch progress and internal diagnostics]
L000920 | [Epoch 34] [Time: 7.603759288787842]
L000921 | [Train Loss: 1.2892]
L000922 | [Train F1: 0.8806493718980932]
L000923 | [Train Acc: 0.8811785229695678]
L000924 | [Dev Loss: 5.8113]
L000925 | [Dev F1: 0.592071454253829]
L000926 | [Dev Acc: 0.6036866359447005]
L000927 | 
L000928-L000943 | [REDACTED: batch progress and internal diagnostics]
L000944 | [Epoch 35] [Time: 7.812392950057983]
L000945 | [Train Loss: 1.258]
L000946 | [Train F1: 0.8863340652651535]
L000947 | [Train Acc: 0.8869936034115139]
L000948 | [Dev Loss: 6.1092]
L000949 | [Dev F1: 0.5916499034426689]
L000950 | [Dev Acc: 0.6052227342549923]
L000951 | 
L000952-L000967 | [REDACTED: batch progress and internal diagnostics]
L000968 | [Epoch 36] [Time: 7.69913125038147]
L000969 | [Train Loss: 1.2463]
L000970 | [Train F1: 0.8820584628740675]
L000971 | [Train Acc: 0.8829230471021515]
L000972 | [Dev Loss: 6.2476]
L000973 | [Dev F1: 0.5879169142340099]
L000974 | [Dev Acc: 0.6021505376344086]
L000975 | 
L000976-L000991 | [REDACTED: batch progress and internal diagnostics]
L000992 | [Epoch 37] [Time: 8.29076099395752]
L000993 | [Train Loss: 1.184]
L000994 | [Train F1: 0.8899359205915421]
L000995 | [Train Acc: 0.89028881566195]
L000996 | [Dev Loss: 6.4795]
L000997 | [Dev F1: 0.5880606388286432]
L000998 | [Dev Acc: 0.5990783410138248]
L000999 | 
L001000-L001015 | [REDACTED: batch progress and internal diagnostics]
L001016 | [Epoch 38] [Time: 7.572839021682739]
L001017 | [Train Loss: 1.2118]
L001018 | [Train F1: 0.8893119940845903]
L001019 | [Train Acc: 0.889901143632487]
L001020 | [Dev Loss: 5.924]
L001021 | [Dev F1: 0.6004607554421753]
L001022 | [Dev Acc: 0.6113671274961597]
L001023 | 
L001024-L001039 | [REDACTED: batch progress and internal diagnostics]
L001040 | [Epoch 39] [Time: 8.046239376068115]
L001041 | [Train Loss: 1.1995]
L001042 | [Train F1: 0.8838583159019253]
L001043 | [Train Acc: 0.8842798992052724]
L001044 | [Dev Loss: 6.6175]
L001045 | [Dev F1: 0.5844342671522125]
L001046 | [Dev Acc: 0.5990783410138248]
L001047 | 
L001048-L001063 | [REDACTED: batch progress and internal diagnostics]
L001064 | [Epoch 40] [Time: 7.7484259605407715]
L001065 | [Train Loss: 1.1976]
L001066 | [Train F1: 0.8887222484851264]
L001067 | [Train Acc: 0.8895134716030239]
L001068 | [Dev Loss: 6.3706]
L001069 | [Dev F1: 0.5866629140523513]
L001070 | [Dev Acc: 0.5960061443932412]
L001071 | 
L001072-L001087 | [REDACTED: batch progress and internal diagnostics]
L001088 | [Epoch 41] [Time: 8.118948221206665]
L001089 | [Train Loss: 1.1294]
L001090 | [Train F1: 0.88784624716025]
L001091 | [Train Acc: 0.8883504555146347]
L001092 | [Dev Loss: 6.6176]
L001093 | [Dev F1: 0.5902053998251622]
L001094 | [Dev Acc: 0.6021505376344086]
L001095 | 
L001096-L001111 | [REDACTED: batch progress and internal diagnostics]
L001112 | [Epoch 42] [Time: 7.540883541107178]
L001113 | [Train Loss: 1.0479]
L001114 | [Train F1: 0.9031939048110398]
L001115 | [Train Acc: 0.9034696646636945]
L001116 | [Dev Loss: 6.5826]
L001117 | [Dev F1: 0.5784501903165306]
L001118 | [Dev Acc: 0.5929339477726574]
L001119 | 
L001120-L001135 | [REDACTED: batch progress and internal diagnostics]
L001136 | [Epoch 43] [Time: 7.842135429382324]
L001137 | [Train Loss: 1.0609]
L001138 | [Train F1: 0.8967252600019084]
L001139 | [Train Acc: 0.8970730761775538]
L001140 | [Dev Loss: 6.3055]
L001141 | [Dev F1: 0.6013273288483388]
L001142 | [Dev Acc: 0.6098310291858678]
L001143 | 
L001144-L001159 | [REDACTED: batch progress and internal diagnostics]
L001160 | [Epoch 44] [Time: 7.796271800994873]
L001161 | [Train Loss: 1.0559]
L001162 | [Train F1: 0.8964740557159243]
L001163 | [Train Acc: 0.8970730761775538]
L001164 | [Dev Loss: 6.8011]
L001165 | [Dev F1: 0.593273164378282]
L001166 | [Dev Acc: 0.6052227342549923]
L001167 | 
L001168-L001183 | [REDACTED: batch progress and internal diagnostics]
L001184 | [Epoch 45] [Time: 8.281833171844482]
L001185 | [Train Loss: 1.0299]
L001186 | [Train F1: 0.9038450767121488]
L001187 | [Train Acc: 0.9042450087226207]
L001188 | [Dev Loss: 6.2381]
L001189 | [Dev F1: 0.595854540524765]
L001190 | [Dev Acc: 0.6052227342549923]
L001191 | Early stopping at epoch: 45
L001192 | Last model
L001193 |               precision    recall  f1-score   support
L001194 | 
L001195 |          hap     0.5188    0.4792    0.4982       144
L001196 |          sad     0.8750    0.7714    0.8200       245
L001197 |          neu     0.6186    0.7812    0.6904       384
L001198 |          ang     0.4741    0.6471    0.5473       170
L001199 |          exc     0.7482    0.6856    0.7155       299
L001200 |          fru     0.5724    0.4252    0.4880       381
L001201 | 
L001202 |     accuracy                         0.6377      1623
L001203 |    macro avg     0.6345    0.6316    0.6266      1623
L001204 | weighted avg     0.6463    0.6377    0.6350      1623
L001205 | 
L001206 | Best model at epoch: 20
L001207 | Best dev F1: 0.6304566083967539
L001208 |               precision    recall  f1-score   support
L001209 | 
L001210 |          hap     0.5068    0.5139    0.5103       144
L001211 |          sad     0.8590    0.7959    0.8263       245
L001212 |          neu     0.6272    0.7578    0.6863       384
L001213 |          ang     0.5112    0.6706    0.5802       170
L001214 |          exc     0.7456    0.7057    0.7251       299
L001215 |          fru     0.5929    0.4357    0.5023       381
L001216 | 
L001217 |     accuracy                         0.6476      1623
L001218 |    macro avg     0.6404    0.6466    0.6384      1623
L001219 | weighted avg     0.6531    0.6476    0.6446      1623
L001220 | 
L001221 | Best test F1: 0.644648494293088
L001222 | Best test Acc: 0.6475662353666051
L001223 | [SANITIZED] Saved checkpoint: [path and filename removed]
