# Redacted copy of an existing run log.
# run_id: G20-seed5
# dataset: CMU-MOSEI
# model: GCNet+AMBER
# imr: (0.3,0.7,0.5)
# seed_alias: seed5
# original_log_sha256: c0509ada1374090dad0ca34692388160f9bd8141dc6457729a58e59395865609
# source_record_status: ok
# source_record_process_return_code: 3221226505
# L numbers refer to source logical lines; REDACTED/SANITIZED text is editorial.
L000001 | [SANITIZED] FutureWarning: [dependency deprecation notice; implementation details removed]
L000002-L000059 | [REDACTED: configuration or implementation details]
L000060 | [SANITIZED] Seed alias: seed5
L000061 | [REDACTED: configuration or implementation details]
L000062 | 
L000063-L000065 | [REDACTED: batch progress and internal diagnostics]
L000066 | 
L000067-L000068 | [REDACTED: batch progress and internal diagnostics]
L000069 | 
L000070-L000071 | [REDACTED: batch progress and internal diagnostics]
L000072-L000074 | [REDACTED: configuration or implementation details]
L000075 | 
L000076-L000356 | [REDACTED: batch progress and internal diagnostics]
L000357 | [Epoch 0] [Time: 23.46]
L000358 | [Train Loss: 1.083]
L000359 | [Train F1: 0.7050145720864105]
L000360 | [Train Acc: 0.7106209917096825]
L000361 | [Dev Loss: 0.9271]
L000362 | [Dev F1: 0.701772914884116]
L000363 | [Dev Acc: 0.6968011126564673]
L000364 | 
L000365-L000646 | [REDACTED: batch progress and internal diagnostics]
L000647 | [Epoch 1] [Time: 22.42]
L000648 | [Train Loss: 0.9362]
L000649 | [Train F1: 0.751976827366986]
L000650 | [Train Acc: 0.7542624745815736]
L000651 | [Dev Loss: 0.7785]
L000652 | [Dev F1: 0.754427103262228]
L000653 | [Dev Acc: 0.7531293463143255]
L000654 | 
L000655-L000936 | [REDACTED: batch progress and internal diagnostics]
L000937 | [Epoch 2] [Time: 22.83]
L000938 | [Train Loss: 0.8849]
L000939 | [Train F1: 0.7741191374598055]
L000940 | [Train Acc: 0.7773345847020179]
L000941 | [Dev Loss: 0.7481]
L000942 | [Dev F1: 0.7375324569437774]
L000943 | [Dev Acc: 0.7600834492350487]
L000944 | 
L000945-L001225 | [REDACTED: batch progress and internal diagnostics]
L001226 | [Epoch 3] [Time: 22.44]
L001227 | [Train Loss: 0.8558]
L001228 | [Train F1: 0.7848326606636647]
L001229 | [Train Acc: 0.787267323635226]
L001230 | [Dev Loss: 0.7215]
L001231 | [Dev F1: 0.7695876724196027]
L001232 | [Dev Acc: 0.7712100139082059]
L001233 | 
L001234-L001515 | [REDACTED: batch progress and internal diagnostics]
L001516 | [Epoch 4] [Time: 22.72]
L001517 | [Train Loss: 0.8243]
L001518 | [Train F1: 0.7917417280136263]
L001519 | [Train Acc: 0.7925074300015642]
L001520 | [Dev Loss: 0.7592]
L001521 | [Dev F1: 0.7434162962977588]
L001522 | [Dev Acc: 0.7628650904033379]
L001523 | 
L001524-L001805 | [REDACTED: batch progress and internal diagnostics]
L001806 | [Epoch 5] [Time: 22.82]
L001807 | [Train Loss: 0.7985]
L001808 | [Train F1: 0.795162552443194]
L001809 | [Train Acc: 0.7968090098545284]
L001810 | [Dev Loss: 0.7416]
L001811 | [Dev F1: 0.7304436884842394]
L001812 | [Dev Acc: 0.7503477051460362]
L001813 | 
L001814-L002094 | [REDACTED: batch progress and internal diagnostics]
L002095 | [Epoch 6] [Time: 23.24]
L002096 | [Train Loss: 0.7909]
L002097 | [Train F1: 0.7942882215310969]
L002098 | [Train Acc: 0.7955576411700297]
L002099 | [Dev Loss: 0.7281]
L002100 | [Dev F1: 0.767787052035854]
L002101 | [Dev Acc: 0.7691237830319889]
L002102 | 
L002103-L002382 | [REDACTED: batch progress and internal diagnostics]
L002383 | [Epoch 7] [Time: 23.83]
L002384 | [Train Loss: 0.7536]
L002385 | [Train F1: 0.7974229403312617]
L002386 | [Train Acc: 0.7993117472235257]
L002387 | [Dev Loss: 0.7315]
L002388 | [Dev F1: 0.7527461790581979]
L002389 | [Dev Acc: 0.7663421418636995]
L002390 | 
L002391-L002671 | [REDACTED: batch progress and internal diagnostics]
L002672 | [Epoch 8] [Time: 23.14]
L002673 | [Train Loss: 0.7494]
L002674 | [Train F1: 0.8062788890055652]
L002675 | [Train Acc: 0.8072892225872047]
L002676 | [Dev Loss: 0.7211]
L002677 | [Dev F1: 0.7766165577505999]
L002678 | [Dev Acc: 0.780250347705146]
L002679 | 
L002680-L002961 | [REDACTED: batch progress and internal diagnostics]
L002962 | [Epoch 9] [Time: 23.70]
L002963 | [Train Loss: 0.7282]
L002964 | [Train F1: 0.8028334602606427]
L002965 | [Train Acc: 0.8049429063037697]
L002966 | [Dev Loss: 0.7523]
L002967 | [Dev F1: 0.7232988602961026]
L002968 | [Dev Acc: 0.7531293463143255]
L002969 | 
L002970-L003252 | [REDACTED: batch progress and internal diagnostics]
L003253 | [Epoch 10] [Time: 23.08]
L003254 | [Train Loss: 0.7095]
L003255 | [Train F1: 0.8107695278874036]
L003256 | [Train Acc: 0.8119036446112936]
L003257 | [Dev Loss: 0.7047]
L003258 | [Dev F1: 0.7648696284405451]
L003259 | [Dev Acc: 0.7719054242002782]
L003260 | 
L003261-L003543 | [REDACTED: batch progress and internal diagnostics]
L003544 | [Epoch 11] [Time: 22.72]
L003545 | [Train Loss: 0.687]
L003546 | [Train F1: 0.8133777277674068]
L003547 | [Train Acc: 0.8150320663225403]
L003548 | [Dev Loss: 0.7407]
L003549 | [Dev F1: 0.7718725180407621]
L003550 | [Dev Acc: 0.7788595271210014]
L003551 | 
L003552-L003832 | [REDACTED: batch progress and internal diagnostics]
L003833 | [Epoch 12] [Time: 22.76]
L003834 | [Train Loss: 0.6832]
L003835 | [Train F1: 0.8134920849213186]
L003836 | [Train Acc: 0.8145628030658533]
L003837 | [Dev Loss: 0.7435]
L003838 | [Dev F1: 0.7815656482215206]
L003839 | [Dev Acc: 0.7809457579972183]
L003840 | 
L003841-L004123 | [REDACTED: batch progress and internal diagnostics]
L004124 | [Epoch 13] [Time: 23.68]
L004125 | [Train Loss: 0.6508]
L004126 | [Train F1: 0.8234546485920783]
L004127 | [Train Acc: 0.824730173627405]
L004128 | [Dev Loss: 0.7187]
L004129 | [Dev F1: 0.7679261294171351]
L004130 | [Dev Acc: 0.7739916550764951]
L004131 | 
L004132-L004413 | [REDACTED: batch progress and internal diagnostics]
L004414 | [Epoch 14] [Time: 23.40]
L004415 | [Train Loss: 0.6551]
L004416 | [Train F1: 0.8229532479619893]
L004417 | [Train Acc: 0.8241044892851557]
L004418 | [Dev Loss: 0.7133]
L004419 | [Dev F1: 0.7729191169256802]
L004420 | [Dev Acc: 0.7760778859527121]
L004421 | 
L004422-L004700 | [REDACTED: batch progress and internal diagnostics]
L004701 | [Epoch 15] [Time: 23.14]
L004702 | [Train Loss: 0.6245]
L004703 | [Train F1: 0.8296311198228973]
L004704 | [Train Acc: 0.8309870170498983]
L004705 | [Dev Loss: 0.7223]
L004706 | [Dev F1: 0.776415392333672]
L004707 | [Dev Acc: 0.7809457579972183]
L004708 | 
L004709-L004990 | [REDACTED: batch progress and internal diagnostics]
L004991 | [Epoch 16] [Time: 22.59]
L004992 | [Train Loss: 0.612]
L004993 | [Train F1: 0.8329004487333694]
L004994 | [Train Acc: 0.8338808071328015]
L004995 | [Dev Loss: 0.7133]
L004996 | [Dev F1: 0.7695037755644843]
L004997 | [Dev Acc: 0.778164116828929]
L004998 | 
L004999-L005274 | [REDACTED: batch progress and internal diagnostics]
L005275 | [Epoch 17] [Time: 22.16]
L005276 | [Train Loss: 0.5869]
L005277 | [Train F1: 0.8416532636589181]
L005278 | [Train Acc: 0.843031440638198]
L005279 | [Dev Loss: 0.7248]
L005280 | [Dev F1: 0.7724132717392438]
L005281 | [Dev Acc: 0.7753824756606398]
L005282 | 
L005283-L005565 | [REDACTED: batch progress and internal diagnostics]
L005566 | [Epoch 18] [Time: 22.95]
L005567 | [Train Loss: 0.5811]
L005568 | [Train F1: 0.8403213941575066]
L005569 | [Train Acc: 0.8413108086970124]
L005570 | [Dev Loss: 0.7111]
L005571 | [Dev F1: 0.7745858040622194]
L005572 | [Dev Acc: 0.780250347705146]
L005573 | 
L005574-L005855 | [REDACTED: batch progress and internal diagnostics]
L005856 | [Epoch 19] [Time: 23.53]
L005857 | [Train Loss: 0.5626]
L005858 | [Train F1: 0.8437623357679284]
L005859 | [Train Acc: 0.8451431252932895]
L005860 | [Dev Loss: 0.6922]
L005861 | [Dev F1: 0.7778749731304001]
L005862 | [Dev Acc: 0.7795549374130737]
L005863 | 
L005864-L006142 | [REDACTED: batch progress and internal diagnostics]
L006143 | [Epoch 20] [Time: 23.04]
L006144 | [Train Loss: 0.5455]
L006145 | [Train F1: 0.8458610447098324]
L006146 | [Train Acc: 0.8465509150633506]
L006147 | [Dev Loss: 0.6989]
L006148 | [Dev F1: 0.7728035153727245]
L006149 | [Dev Acc: 0.7753824756606398]
L006150 | 
L006151-L006432 | [REDACTED: batch progress and internal diagnostics]
L006433 | [Epoch 21] [Time: 23.46]
L006434 | [Train Loss: 0.5358]
L006435 | [Train F1: 0.8537908361237322]
L006436 | [Train Acc: 0.8551540747692788]
L006437 | [Dev Loss: 0.7119]
L006438 | [Dev F1: 0.7607999594172936]
L006439 | [Dev Acc: 0.7656467315716272]
L006440 | 
L006441-L006721 | [REDACTED: batch progress and internal diagnostics]
L006722 | [Epoch 22] [Time: 22.97]
L006723 | [Train Loss: 0.5131]
L006724 | [Train F1: 0.8620604997903942]
L006725 | [Train Acc: 0.8629751290473956]
L006726 | [Dev Loss: 0.7056]
L006727 | [Dev F1: 0.7819320911270332]
L006728 | [Dev Acc: 0.7816411682892906]
L006729 | 
L006730-L007010 | [REDACTED: batch progress and internal diagnostics]
L007011 | [Epoch 23] [Time: 23.01]
L007012 | [Train Loss: 0.4957]
L007013 | [Train F1: 0.8643332176170381]
L007014 | [Train Acc: 0.8652432347880494]
L007015 | [Dev Loss: 0.7057]
L007016 | [Dev F1: 0.7740666392232409]
L007017 | [Dev Acc: 0.7788595271210014]
L007018 | 
L007019-L007301 | [REDACTED: batch progress and internal diagnostics]
L007302 | [Epoch 24] [Time: 23.12]
L007303 | [Train Loss: 0.4825]
L007304 | [Train F1: 0.8660454072259116]
L007305 | [Train Acc: 0.866885656186454]
L007306 | [Dev Loss: 0.7365]
L007307 | [Dev F1: 0.7682741381506006]
L007308 | [Dev Acc: 0.7719054242002782]
L007309 | 
L007310-L007590 | [REDACTED: batch progress and internal diagnostics]
L007591 | [Epoch 25] [Time: 23.26]
L007592 | [Train Loss: 0.4584]
L007593 | [Train F1: 0.8706723772950058]
L007594 | [Train Acc: 0.8713436571249804]
L007595 | [Dev Loss: 0.7178]
L007596 | [Dev F1: 0.7770493767757037]
L007597 | [Dev Acc: 0.778164116828929]
L007598 | 
L007599-L007880 | [REDACTED: batch progress and internal diagnostics]
L007881 | [Epoch 26] [Time: 22.57]
L007882 | [Train Loss: 0.4443]
L007883 | [Train F1: 0.8751816365864418]
L007884 | [Train Acc: 0.875801658063507]
L007885 | [Dev Loss: 0.7187]
L007886 | [Dev F1: 0.7840752134240374]
L007887 | [Dev Acc: 0.7872044506258693]
L007888 | 
L007889-L008171 | [REDACTED: batch progress and internal diagnostics]
L008172 | [Epoch 27] [Time: 22.93]
L008173 | [Train Loss: 0.4333]
L008174 | [Train F1: 0.8811266894838684]
L008175 | [Train Acc: 0.8816674487720945]
L008176 | [Dev Loss: 0.707]
L008177 | [Dev F1: 0.7824195160205636]
L008178 | [Dev Acc: 0.7837273991655076]
L008179 | 
L008180-L008462 | [REDACTED: batch progress and internal diagnostics]
L008463 | [Epoch 28] [Time: 23.65]
L008464 | [Train Loss: 0.4244]
L008465 | [Train F1: 0.8803117679410177]
L008466 | [Train Acc: 0.8807289222587205]
L008467 | [Dev Loss: 0.7211]
L008468 | [Dev F1: 0.7802449182055564]
L008469 | [Dev Acc: 0.7851182197496523]
L008470 | 
L008471-L008753 | [REDACTED: batch progress and internal diagnostics]
L008754 | [Epoch 29] [Time: 23.67]
L008755 | [Train Loss: 0.4005]
L008756 | [Train F1: 0.8884744820854654]
L008757 | [Train Acc: 0.888941029250743]
L008758 | [Dev Loss: 0.7346]
L008759 | [Dev F1: 0.7861935449760413]
L008760 | [Dev Acc: 0.7920723226703755]
L008761 | 
L008762-L009044 | [REDACTED: batch progress and internal diagnostics]
L009045 | [Epoch 30] [Time: 23.27]
L009046 | [Train Loss: 0.3897]
L009047 | [Train F1: 0.8898450215204933]
L009048 | [Train Acc: 0.890348819020804]
L009049 | [Dev Loss: 0.7259]
L009050 | [Dev F1: 0.7936133672863868]
L009051 | [Dev Acc: 0.7948539638386648]
L009052 | 
L009053-L009333 | [REDACTED: batch progress and internal diagnostics]
L009334 | [Epoch 31] [Time: 22.81]
L009335 | [Train Loss: 0.378]
L009336 | [Train F1: 0.8891565176366352]
L009337 | [Train Acc: 0.8895667135929923]
L009338 | [Dev Loss: 0.7466]
L009339 | [Dev F1: 0.7797504973559897]
L009340 | [Dev Acc: 0.7844228094575799]
L009341 | 
L009342-L009622 | [REDACTED: batch progress and internal diagnostics]
L009623 | [Epoch 32] [Time: 22.60]
L009624 | [Train Loss: 0.3646]
L009625 | [Train F1: 0.8933139493148747]
L009626 | [Train Acc: 0.8935554512748318]
L009627 | [Dev Loss: 0.7133]
L009628 | [Dev F1: 0.7811714618891767]
L009629 | [Dev Acc: 0.7858136300417247]
L009630 | 
L009631-L009911 | [REDACTED: batch progress and internal diagnostics]
L009912 | [Epoch 33] [Time: 23.30]
L009913 | [Train Loss: 0.3549]
L009914 | [Train F1: 0.8983679722844413]
L009915 | [Train Acc: 0.8987173470983889]
L009916 | [Dev Loss: 0.713]
L009917 | [Dev F1: 0.7815656482215206]
L009918 | [Dev Acc: 0.7809457579972183]
L009919 | 
L009920-L010200 | [REDACTED: batch progress and internal diagnostics]
L010201 | [Epoch 34] [Time: 23.07]
L010202 | [Train Loss: 0.3419]
L010203 | [Train F1: 0.8972428638049255]
L010204 | [Train Acc: 0.8974659784138902]
L010205 | [Dev Loss: 0.7182]
L010206 | [Dev F1: 0.7857384754012521]
L010207 | [Dev Acc: 0.7885952712100139]
L010208 | 
L010209-L010489 | [REDACTED: batch progress and internal diagnostics]
L010490 | [Epoch 35] [Time: 22.74]
L010491 | [Train Loss: 0.3277]
L010492 | [Train F1: 0.9028622035699818]
L010493 | [Train Acc: 0.9031753480369153]
L010494 | [Dev Loss: 0.7126]
L010495 | [Dev F1: 0.7862553607172696]
L010496 | [Dev Acc: 0.7892906815020863]
L010497 | 
L010498-L010777 | [REDACTED: batch progress and internal diagnostics]
L010778 | [Epoch 36] [Time: 23.12]
L010779 | [Train Loss: 0.3164]
L010780 | [Train F1: 0.9062889959471436]
L010781 | [Train Acc: 0.9064601908337244]
L010782 | [Dev Loss: 0.76]
L010783 | [Dev F1: 0.7766484800937737]
L010784 | [Dev Acc: 0.7837273991655076]
L010785 | 
L010786-L011067 | [REDACTED: batch progress and internal diagnostics]
L011068 | [Epoch 37] [Time: 23.49]
L011069 | [Train Loss: 0.3097]
L011070 | [Train F1: 0.9078770992969761]
L011071 | [Train Acc: 0.9080244016893477]
L011072 | [Dev Loss: 0.7469]
L011073 | [Dev F1: 0.7815949416432414]
L011074 | [Dev Acc: 0.7885952712100139]
L011075 | 
L011076-L011355 | [REDACTED: batch progress and internal diagnostics]
L011356 | [Epoch 38] [Time: 22.53]
L011357 | [Train Loss: 0.296]
L011358 | [Train F1: 0.9091984622867222]
L011359 | [Train Acc: 0.9093539809166276]
L011360 | [Dev Loss: 0.7349]
L011361 | [Dev F1: 0.7756515672257082]
L011362 | [Dev Acc: 0.7767732962447844]
L011363 | 
L011364-L011645 | [REDACTED: batch progress and internal diagnostics]
L011646 | [Epoch 39] [Time: 23.13]
L011647 | [Train Loss: 0.2917]
L011648 | [Train F1: 0.9118862278784061]
L011649 | [Train Acc: 0.9120131393711872]
L011650 | [Dev Loss: 0.7157]
L011651 | [Dev F1: 0.772969684203203]
L011652 | [Dev Acc: 0.7739916550764951]
L011653 | 
L011654-L011935 | [REDACTED: batch progress and internal diagnostics]
L011936 | [Epoch 40] [Time: 22.62]
L011937 | [Train Loss: 0.2888]
L011938 | [Train F1: 0.9155883838617319]
L011939 | [Train Acc: 0.9156890348819021]
L011940 | [Dev Loss: 0.7268]
L011941 | [Dev F1: 0.7760242605397432]
L011942 | [Dev Acc: 0.782336578581363]
L011943 | Early stopping at epoch: 40
L011944 | Last model
L011945 |               precision    recall  f1-score   support
L011946 | 
L011947 |     Negative     0.7861    0.5091    0.6179      2375
L011948 |     Positive     0.6264    0.8560    0.7234      2284
L011949 | 
L011950 |     accuracy                         0.6791      4659
L011951 |    macro avg     0.7062    0.6825    0.6707      4659
L011952 | weighted avg     0.7078    0.6791    0.6696      4659
L011953 | 
L011954 | Best model at epoch: 30
L011955 | Best dev F1: 0.7936133672863868
L011956 |               precision    recall  f1-score   support
L011957 | 
L011958 |     Negative     0.7812    0.5832    0.6678      2375
L011959 |     Positive     0.6570    0.8301    0.7335      2284
L011960 | 
L011961 |     accuracy                         0.7042      4659
L011962 |    macro avg     0.7191    0.7066    0.7006      4659
L011963 | weighted avg     0.7203    0.7042    0.7000      4659
L011964 | 
L011965 | Best test F1: 0.7899516014707888
L011966 | Best test Acc: 0.7897633461750138
L011967 | [SANITIZED] Saved checkpoint: [path and filename removed]
