# Redacted copy of an existing run log.
# run_id: G28-seed4
# dataset: CMU-MOSEI
# model: MMGCN+AMBER
# imr: (0.5,0.7,0.3)
# seed_alias: seed4
# original_log_sha256: 3c5d4fdaf3cdb9ced6b4d81a6451b8f348ee7ac2e2f511d8a4c1024a788fb788
# source_record_status: ok
# source_record_process_return_code: 3221226505
# L numbers refer to source logical lines; REDACTED/SANITIZED text is editorial.
L000001-L000065 | [REDACTED: configuration or implementation details]
L000066 | [SANITIZED] Seed alias: seed4
L000067 | 
L000068-L000069 | [REDACTED: batch progress and internal diagnostics]
L000070 | 
L000071-L000072 | [REDACTED: batch progress and internal diagnostics]
L000073 | 
L000074-L000075 | [REDACTED: batch progress and internal diagnostics]
L000076 | 
L000077-L000360 | [REDACTED: batch progress and internal diagnostics]
L000361 | [Epoch 0] [Time: 39.05975794792175]
L000362 | [Train Loss: 1.2062]
L000363 | [Train F1: 0.6460090661407721]
L000364 | [Train Acc: 0.645236977944627]
L000365 | [Dev Loss: 0.8275]
L000366 | [Dev F1: 0.7241512869075998]
L000367 | [Dev Acc: 0.7475660639777468]
L000368 | 
L000369-L000652 | [REDACTED: batch progress and internal diagnostics]
L000653 | [Epoch 1] [Time: 39.295005083084106]
L000654 | [Train Loss: 0.959]
L000655 | [Train F1: 0.7504680513542046]
L000656 | [Train Acc: 0.7518379477553574]
L000657 | [Dev Loss: 0.7823]
L000658 | [Dev F1: 0.763646737339979]
L000659 | [Dev Acc: 0.7600834492350487]
L000660 | 
L000661-L000944 | [REDACTED: batch progress and internal diagnostics]
L000945 | [Epoch 2] [Time: 39.74957871437073]
L000946 | [Train Loss: 0.8603]
L000947 | [Train F1: 0.7786118368972006]
L000948 | [Train Acc: 0.7796026904426717]
L000949 | [Dev Loss: 0.7214]
L000950 | [Dev F1: 0.7746153506797122]
L000951 | [Dev Acc: 0.7872044506258693]
L000952 | 
L000953-L001236 | [REDACTED: batch progress and internal diagnostics]
L001237 | [Epoch 3] [Time: 38.847853660583496]
L001238 | [Train Loss: 0.8051]
L001239 | [Train F1: 0.7915026581887976]
L001240 | [Train Acc: 0.7933677459721571]
L001241 | [Dev Loss: 0.6788]
L001242 | [Dev F1: 0.784971414138247]
L001243 | [Dev Acc: 0.7851182197496523]
L001244 | 
L001245-L001528 | [REDACTED: batch progress and internal diagnostics]
L001529 | [Epoch 4] [Time: 39.60346031188965]
L001530 | [Train Loss: 0.7646]
L001531 | [Train F1: 0.7976272660790253]
L001532 | [Train Acc: 0.7996245893946504]
L001533 | [Dev Loss: 0.6571]
L001534 | [Dev F1: 0.7872269667254721]
L001535 | [Dev Acc: 0.7892906815020863]
L001536 | 
L001537-L001820 | [REDACTED: batch progress and internal diagnostics]
L001821 | [Epoch 5] [Time: 38.99324011802673]
L001822 | [Train Loss: 0.75]
L001823 | [Train F1: 0.8044236759719072]
L001824 | [Train Acc: 0.8061942749882685]
L001825 | [Dev Loss: 0.6726]
L001826 | [Dev F1: 0.7846244266848383]
L001827 | [Dev Acc: 0.7955493741307371]
L001828 | 
L001829-L002112 | [REDACTED: batch progress and internal diagnostics]
L002113 | [Epoch 6] [Time: 40.06338548660278]
L002114 | [Train Loss: 0.726]
L002115 | [Train F1: 0.8044965314056008]
L002116 | [Train Acc: 0.8069763804160801]
L002117 | [Dev Loss: 0.649]
L002118 | [Dev F1: 0.8000844710066067]
L002119 | [Dev Acc: 0.8018080667593881]
L002120 | 
L002121-L002404 | [REDACTED: batch progress and internal diagnostics]
L002405 | [Epoch 7] [Time: 39.586504220962524]
L002406 | [Train Loss: 0.6916]
L002407 | [Train F1: 0.8143841764591052]
L002408 | [Train Acc: 0.8166744877209448]
L002409 | [Dev Loss: 0.6517]
L002410 | [Dev F1: 0.787907057939473]
L002411 | [Dev Acc: 0.7892906815020863]
L002412 | 
L002413-L002696 | [REDACTED: batch progress and internal diagnostics]
L002697 | [Epoch 8] [Time: 39.02190160751343]
L002698 | [Train Loss: 0.6747]
L002699 | [Train F1: 0.8159265730440702]
L002700 | [Train Acc: 0.8180822774910058]
L002701 | [Dev Loss: 0.649]
L002702 | [Dev F1: 0.7892343960768778]
L002703 | [Dev Acc: 0.7976356050069541]
L002704 | 
L002705-L002988 | [REDACTED: batch progress and internal diagnostics]
L002989 | [Epoch 9] [Time: 39.087478160858154]
L002990 | [Train Loss: 0.6497]
L002991 | [Train F1: 0.8246933010360746]
L002992 | [Train Acc: 0.8269982793680588]
L002993 | [Dev Loss: 0.6636]
L002994 | [Dev F1: 0.7950368643814402]
L002995 | [Dev Acc: 0.7941585535465925]
L002996 | 
L002997-L003280 | [REDACTED: batch progress and internal diagnostics]
L003281 | [Epoch 10] [Time: 39.02779412269592]
L003282 | [Train Loss: 0.627]
L003283 | [Train F1: 0.8267533216010945]
L003284 | [Train Acc: 0.8286407007664633]
L003285 | [Dev Loss: 0.6372]
L003286 | [Dev F1: 0.7901115978391198]
L003287 | [Dev Acc: 0.7934631432545202]
L003288 | 
L003289-L003572 | [REDACTED: batch progress and internal diagnostics]
L003573 | [Epoch 11] [Time: 39.20780277252197]
L003574 | [Train Loss: 0.6205]
L003575 | [Train F1: 0.8356540982068904]
L003576 | [Train Acc: 0.8376349131862975]
L003577 | [Dev Loss: 0.6448]
L003578 | [Dev F1: 0.7875370795031493]
L003579 | [Dev Acc: 0.7858136300417247]
L003580 | 
L003581-L003864 | [REDACTED: batch progress and internal diagnostics]
L003865 | [Epoch 12] [Time: 38.46746802330017]
L003866 | [Train Loss: 0.5925]
L003867 | [Train F1: 0.8368092900284928]
L003868 | [Train Acc: 0.8385734396996715]
L003869 | [Dev Loss: 0.6386]
L003870 | [Dev F1: 0.7996440008206097]
L003871 | [Dev Acc: 0.803894297635605]
L003872 | 
L003873-L004156 | [REDACTED: batch progress and internal diagnostics]
L004157 | [Epoch 13] [Time: 38.685081005096436]
L004158 | [Train Loss: 0.578]
L004159 | [Train F1: 0.837040700760319]
L004160 | [Train Acc: 0.8387298607852338]
L004161 | [Dev Loss: 0.6877]
L004162 | [Dev F1: 0.7829986067573421]
L004163 | [Dev Acc: 0.7816411682892906]
L004164 | 
L004165-L004448 | [REDACTED: batch progress and internal diagnostics]
L004449 | [Epoch 14] [Time: 39.230278730392456]
L004450 | [Train Loss: 0.5687]
L004451 | [Train F1: 0.8425185201193365]
L004452 | [Train Acc: 0.8438135460660097]
L004453 | [Dev Loss: 0.638]
L004454 | [Dev F1: 0.7951960809723411]
L004455 | [Dev Acc: 0.7976356050069541]
L004456 | 
L004457-L004740 | [REDACTED: batch progress and internal diagnostics]
L004741 | [Epoch 15] [Time: 39.59805107116699]
L004742 | [Train Loss: 0.5454]
L004743 | [Train F1: 0.8485495902985036]
L004744 | [Train Acc: 0.8496793367745972]
L004745 | [Dev Loss: 0.6534]
L004746 | [Dev F1: 0.7918987835366155]
L004747 | [Dev Acc: 0.7948539638386648]
L004748 | 
L004749-L005032 | [REDACTED: batch progress and internal diagnostics]
L005033 | [Epoch 16] [Time: 38.81725454330444]
L005034 | [Train Loss: 0.5375]
L005035 | [Train F1: 0.8512988547982274]
L005036 | [Train Acc: 0.852338495229157]
L005037 | [Dev Loss: 0.6678]
L005038 | [Dev F1: 0.790497606746192]
L005039 | [Dev Acc: 0.7941585535465925]
L005040 | Early stopping at epoch: 16
L005041 | Last model
L005042 |               precision    recall  f1-score   support
L005043 | 
L005044 |     Negative     0.7479    0.6637    0.7033      1350
L005045 |     Positive     0.8136    0.8678    0.8398      2284
L005046 | 
L005047 |     accuracy                         0.7920      3634
L005048 |    macro avg     0.7808    0.7657    0.7716      3634
L005049 | weighted avg     0.7892    0.7920    0.7891      3634
L005050 | 
L005051 | Best model at epoch: 6
L005052 | Best dev F1: 0.8000844710066067
L005053 |               precision    recall  f1-score   support
L005054 | 
L005055 |     Negative     0.7471    0.7044    0.7251      1350
L005056 |     Positive     0.8310    0.8590    0.8448      2284
L005057 | 
L005058 |     accuracy                         0.8016      3634
L005059 |    macro avg     0.7890    0.7817    0.7850      3634
L005060 | weighted avg     0.7998    0.8016    0.8003      3634
L005061 | 
L005062 | Best test F1: 0.8003283615837855
L005063 | Best test Acc: 0.8015960374243258
L005064 | [SANITIZED] Saved checkpoint: [path and filename removed]
