# Redacted copy of an existing run log.
# run_id: G11-seed1
# dataset: IEMOCAP
# model: MMGCN+AMBER
# imr: (0.7,0.3,0.5)
# seed_alias: seed1
# original_log_sha256: cc6e2c16ebd987247d2153c4a19092561d84563899d16108086b9f732931cb57
# source_record_status: ok
# source_record_process_return_code: 3221226505
# L numbers refer to source logical lines; REDACTED/SANITIZED text is editorial.
L000001-L000065 | [REDACTED: configuration or implementation details]
L000066 | [SANITIZED] Seed alias: seed1
L000067 | 
L000068-L000069 | [REDACTED: batch progress and internal diagnostics]
L000070 | 
L000071-L000072 | [REDACTED: batch progress and internal diagnostics]
L000073 | 
L000074-L000075 | [REDACTED: batch progress and internal diagnostics]
L000076 | 
L000077-L000092 | [REDACTED: batch progress and internal diagnostics]
L000093 | [Epoch 0] [Time: 2.681757926940918]
L000094 | [Train Loss: 1.8607]
L000095 | [Train F1: 0.1908060888127687]
L000096 | [Train Acc: 0.19676860934795154]
L000097 | [Dev Loss: 1.6961]
L000098 | [Dev F1: 0.19588499374919027]
L000099 | [Dev Acc: 0.25368248772504093]
L000100 | 
L000101-L000116 | [REDACTED: batch progress and internal diagnostics]
L000117 | [Epoch 1] [Time: 2.151158571243286]
L000118 | [Train Loss: 1.7245]
L000119 | [Train F1: 0.24531083412914442]
L000120 | [Train Acc: 0.2660126947489902]
L000121 | [Dev Loss: 1.6598]
L000122 | [Dev F1: 0.2267789083250602]
L000123 | [Dev Acc: 0.2978723404255319]
L000124 | 
L000125-L000140 | [REDACTED: batch progress and internal diagnostics]
L000141 | [Epoch 2] [Time: 2.218263626098633]
L000142 | [Train Loss: 1.6653]
L000143 | [Train F1: 0.2672422784616599]
L000144 | [Train Acc: 0.2906328140026928]
L000145 | [Dev Loss: 1.6353]
L000146 | [Dev F1: 0.20481177917537624]
L000147 | [Dev Acc: 0.29296235679214405]
L000148 | 
L000149-L000164 | [REDACTED: batch progress and internal diagnostics]
L000165 | [Epoch 3] [Time: 2.1698219776153564]
L000166 | [Train Loss: 1.6192]
L000167 | [Train F1: 0.29621910061827555]
L000168 | [Train Acc: 0.32102327370648204]
L000169 | [Dev Loss: 1.588]
L000170 | [Dev F1: 0.24803233800148308]
L000171 | [Dev Acc: 0.3142389525368249]
L000172 | 
L000173-L000188 | [REDACTED: batch progress and internal diagnostics]
L000189 | [Epoch 4] [Time: 2.116021156311035]
L000190 | [Train Loss: 1.5515]
L000191 | [Train F1: 0.3217600734804719]
L000192 | [Train Acc: 0.3419888440084632]
L000193 | [Dev Loss: 1.5409]
L000194 | [Dev F1: 0.2864769752328063]
L000195 | [Dev Acc: 0.34206219312602293]
L000196 | 
L000197-L000212 | [REDACTED: batch progress and internal diagnostics]
L000213 | [Epoch 5] [Time: 2.13167405128479]
L000214 | [Train Loss: 1.4912]
L000215 | [Train F1: 0.35978110827120174]
L000216 | [Train Acc: 0.3739180611656088]
L000217 | [Dev Loss: 1.4917]
L000218 | [Dev F1: 0.33110061556156284]
L000219 | [Dev Acc: 0.38461538461538464]
L000220 | 
L000221-L000236 | [REDACTED: batch progress and internal diagnostics]
L000237 | [Epoch 6] [Time: 2.1081550121307373]
L000238 | [Train Loss: 1.4456]
L000239 | [Train F1: 0.3911680292595898]
L000240 | [Train Acc: 0.40180804000769377]
L000241 | [Dev Loss: 1.4449]
L000242 | [Dev F1: 0.33706375325006066]
L000243 | [Dev Acc: 0.3895253682487725]
L000244 | 
L000245-L000260 | [REDACTED: batch progress and internal diagnostics]
L000261 | [Epoch 7] [Time: 2.0709478855133057]
L000262 | [Train Loss: 1.3941]
L000263 | [Train F1: 0.41403263797597795]
L000264 | [Train Acc: 0.42546643585304866]
L000265 | [Dev Loss: 1.4061]
L000266 | [Dev F1: 0.3569643362950729]
L000267 | [Dev Acc: 0.41080196399345337]
L000268 | 
L000269-L000284 | [REDACTED: batch progress and internal diagnostics]
L000285 | [Epoch 8] [Time: 2.1710591316223145]
L000286 | [Train Loss: 1.3393]
L000287 | [Train F1: 0.4448254364164224]
L000288 | [Train Acc: 0.45316407001346415]
L000289 | [Dev Loss: 1.3743]
L000290 | [Dev F1: 0.3764564602075806]
L000291 | [Dev Acc: 0.4353518821603928]
L000292 | 
L000293-L000308 | [REDACTED: batch progress and internal diagnostics]
L000309 | [Epoch 9] [Time: 2.1319210529327393]
L000310 | [Train Loss: 1.2836]
L000311 | [Train F1: 0.474602499973558]
L000312 | [Train Acc: 0.48586266589728794]
L000313 | [Dev Loss: 1.3365]
L000314 | [Dev F1: 0.39861375732813387]
L000315 | [Dev Acc: 0.45990180032733224]
L000316 | 
L000317-L000332 | [REDACTED: batch progress and internal diagnostics]
L000333 | [Epoch 10] [Time: 2.1270713806152344]
L000334 | [Train Loss: 1.2508]
L000335 | [Train F1: 0.49450491600460106]
L000336 | [Train Acc: 0.504712444700904]
L000337 | [Dev Loss: 1.3123]
L000338 | [Dev F1: 0.4094832323829911]
L000339 | [Dev Acc: 0.4664484451718494]
L000340 | 
L000341-L000356 | [REDACTED: batch progress and internal diagnostics]
L000357 | [Epoch 11] [Time: 2.0390493869781494]
L000358 | [Train Loss: 1.2102]
L000359 | [Train F1: 0.5052635214016398]
L000360 | [Train Acc: 0.5150990575110598]
L000361 | [Dev Loss: 1.2818]
L000362 | [Dev F1: 0.42036967304896417]
L000363 | [Dev Acc: 0.4795417348608838]
L000364 | 
L000365-L000380 | [REDACTED: batch progress and internal diagnostics]
L000381 | [Epoch 12] [Time: 2.120818853378296]
L000382 | [Train Loss: 1.1598]
L000383 | [Train F1: 0.5347941676288903]
L000384 | [Train Acc: 0.5439507597614925]
L000385 | [Dev Loss: 1.26]
L000386 | [Dev F1: 0.4215232075424417]
L000387 | [Dev Acc: 0.4779050736497545]
L000388 | 
L000389-L000404 | [REDACTED: batch progress and internal diagnostics]
L000405 | [Epoch 13] [Time: 2.052279233932495]
L000406 | [Train Loss: 1.1183]
L000407 | [Train F1: 0.5480078076416258]
L000408 | [Train Acc: 0.5574148874783612]
L000409 | [Dev Loss: 1.2173]
L000410 | [Dev F1: 0.4539493645987215]
L000411 | [Dev Acc: 0.502454991816694]
L000412 | 
L000413-L000428 | [REDACTED: batch progress and internal diagnostics]
L000429 | [Epoch 14] [Time: 2.213190793991089]
L000430 | [Train Loss: 1.066]
L000431 | [Train F1: 0.5683513228524657]
L000432 | [Train Acc: 0.5783804577803424]
L000433 | [Dev Loss: 1.1776]
L000434 | [Dev F1: 0.4787068663827707]
L000435 | [Dev Acc: 0.5188216039279869]
L000436 | 
L000437-L000452 | [REDACTED: batch progress and internal diagnostics]
L000453 | [Epoch 15] [Time: 2.1667747497558594]
L000454 | [Train Loss: 1.0132]
L000455 | [Train F1: 0.5861170711069419]
L000456 | [Train Acc: 0.5951144450855934]
L000457 | [Dev Loss: 1.1469]
L000458 | [Dev F1: 0.48162912321707263]
L000459 | [Dev Acc: 0.5204582651391162]
L000460 | 
L000461-L000476 | [REDACTED: batch progress and internal diagnostics]
L000477 | [Epoch 16] [Time: 2.1302170753479004]
L000478 | [Train Loss: 0.9669]
L000479 | [Train F1: 0.6102324195182252]
L000480 | [Train Acc: 0.6170417387959223]
L000481 | [Dev Loss: 1.1145]
L000482 | [Dev F1: 0.5072438922328262]
L000483 | [Dev Acc: 0.5335515548281505]
L000484 | 
L000485-L000500 | [REDACTED: batch progress and internal diagnostics]
L000501 | [Epoch 17] [Time: 2.0386569499969482]
L000502 | [Train Loss: 0.9279]
L000503 | [Train F1: 0.6237173487094715]
L000504 | [Train Acc: 0.6301211771494518]
L000505 | [Dev Loss: 1.1196]
L000506 | [Dev F1: 0.5021650831775969]
L000507 | [Dev Acc: 0.5400981996726678]
L000508 | 
L000509-L000524 | [REDACTED: batch progress and internal diagnostics]
L000525 | [Epoch 18] [Time: 2.251981496810913]
L000526 | [Train Loss: 0.9192]
L000527 | [Train F1: 0.6157739612162798]
L000528 | [Train Acc: 0.6285824196960954]
L000529 | [Dev Loss: 1.0934]
L000530 | [Dev F1: 0.5129494477582376]
L000531 | [Dev Acc: 0.5433715220949263]
L000532 | 
L000533-L000548 | [REDACTED: batch progress and internal diagnostics]
L000549 | [Epoch 19] [Time: 2.1399011611938477]
L000550 | [Train Loss: 0.8908]
L000551 | [Train F1: 0.6328351745552272]
L000552 | [Train Acc: 0.6424312367763031]
L000553 | [Dev Loss: 1.0741]
L000554 | [Dev F1: 0.5113558508341914]
L000555 | [Dev Acc: 0.5384615384615384]
L000556 | 
L000557-L000572 | [REDACTED: batch progress and internal diagnostics]
L000573 | [Epoch 20] [Time: 2.2244460582733154]
L000574 | [Train Loss: 0.8764]
L000575 | [Train F1: 0.6454857175885117]
L000576 | [Train Acc: 0.651471436814772]
L000577 | [Dev Loss: 1.0761]
L000578 | [Dev F1: 0.5239260384805219]
L000579 | [Dev Acc: 0.5548281505728314]
L000580 | 
L000581-L000596 | [REDACTED: batch progress and internal diagnostics]
L000597 | [Epoch 21] [Time: 2.159331798553467]
L000598 | [Train Loss: 0.8642]
L000599 | [Train F1: 0.6563236459193293]
L000600 | [Train Acc: 0.6633968070782843]
L000601 | [Dev Loss: 1.063]
L000602 | [Dev F1: 0.5315789805736987]
L000603 | [Dev Acc: 0.5564648117839607]
L000604 | 
L000605-L000620 | [REDACTED: batch progress and internal diagnostics]
L000621 | [Epoch 22] [Time: 2.1907646656036377]
L000622 | [Train Loss: 0.8651]
L000623 | [Train F1: 0.6508492578637822]
L000624 | [Train Acc: 0.6574341219465282]
L000625 | [Dev Loss: 1.0456]
L000626 | [Dev F1: 0.5359598017864695]
L000627 | [Dev Acc: 0.5597381342062193]
L000628 | 
L000629-L000644 | [REDACTED: batch progress and internal diagnostics]
L000645 | [Epoch 23] [Time: 2.187018394470215]
L000646 | [Train Loss: 0.8408]
L000647 | [Train F1: 0.6620656235998573]
L000648 | [Train Acc: 0.6668590113483363]
L000649 | [Dev Loss: 1.0661]
L000650 | [Dev F1: 0.5373322940279052]
L000651 | [Dev Acc: 0.5679214402618658]
L000652 | 
L000653-L000668 | [REDACTED: batch progress and internal diagnostics]
L000669 | [Epoch 24] [Time: 2.1111371517181396]
L000670 | [Train Loss: 0.8286]
L000671 | [Train F1: 0.6586355677015813]
L000672 | [Train Acc: 0.6639738411232929]
L000673 | [Dev Loss: 1.0485]
L000674 | [Dev F1: 0.5577311907414904]
L000675 | [Dev Acc: 0.5793780687397708]
L000676 | 
L000677-L000692 | [REDACTED: batch progress and internal diagnostics]
L000693 | [Epoch 25] [Time: 2.1065754890441895]
L000694 | [Train Loss: 0.8027]
L000695 | [Train F1: 0.68244890915295]
L000696 | [Train Acc: 0.6864781688786306]
L000697 | [Dev Loss: 1.0357]
L000698 | [Dev F1: 0.5525418691889246]
L000699 | [Dev Acc: 0.5695581014729951]
L000700 | 
L000701-L000716 | [REDACTED: batch progress and internal diagnostics]
L000717 | [Epoch 26] [Time: 2.057478666305542]
L000718 | [Train Loss: 0.8041]
L000719 | [Train F1: 0.6813465963782627]
L000720 | [Train Acc: 0.6862858241969609]
L000721 | [Dev Loss: 1.0617]
L000722 | [Dev F1: 0.5379133604462745]
L000723 | [Dev Acc: 0.5662847790507365]
L000724 | 
L000725-L000740 | [REDACTED: batch progress and internal diagnostics]
L000741 | [Epoch 27] [Time: 2.1350014209747314]
L000742 | [Train Loss: 0.7914]
L000743 | [Train F1: 0.6887431428742736]
L000744 | [Train Acc: 0.6937872667820735]
L000745 | [Dev Loss: 1.0342]
L000746 | [Dev F1: 0.5417191302533716]
L000747 | [Dev Acc: 0.5646481178396072]
L000748 | 
L000749-L000764 | [REDACTED: batch progress and internal diagnostics]
L000765 | [Epoch 28] [Time: 2.228520154953003]
L000766 | [Train Loss: 0.7597]
L000767 | [Train F1: 0.699336613754461]
L000768 | [Train Acc: 0.7039815349105597]
L000769 | [Dev Loss: 1.0429]
L000770 | [Dev F1: 0.5566965137333384]
L000771 | [Dev Acc: 0.5728314238952537]
L000772 | 
L000773-L000788 | [REDACTED: batch progress and internal diagnostics]
L000789 | [Epoch 29] [Time: 2.113926410675049]
L000790 | [Train Loss: 0.7694]
L000791 | [Train F1: 0.6959163286399433]
L000792 | [Train Acc: 0.6980188497788036]
L000793 | [Dev Loss: 1.0283]
L000794 | [Dev F1: 0.5603594901136025]
L000795 | [Dev Acc: 0.5793780687397708]
L000796 | 
L000797-L000812 | [REDACTED: batch progress and internal diagnostics]
L000813 | [Epoch 30] [Time: 2.1092329025268555]
L000814 | [Train Loss: 0.742]
L000815 | [Train F1: 0.7087563716078156]
L000816 | [Train Acc: 0.7122523562223505]
L000817 | [Dev Loss: 1.0383]
L000818 | [Dev F1: 0.5512412636504525]
L000819 | [Dev Acc: 0.5711947626841244]
L000820 | 
L000821-L000836 | [REDACTED: batch progress and internal diagnostics]
L000837 | [Epoch 31] [Time: 2.048278570175171]
L000838 | [Train Loss: 0.7311]
L000839 | [Train F1: 0.7130139120979493]
L000840 | [Train Acc: 0.7168686285824197]
L000841 | [Dev Loss: 1.0316]
L000842 | [Dev F1: 0.5692920919952587]
L000843 | [Dev Acc: 0.5875613747954174]
L000844 | 
L000845-L000860 | [REDACTED: batch progress and internal diagnostics]
L000861 | [Epoch 32] [Time: 2.1439907550811768]
L000862 | [Train Loss: 0.7288]
L000863 | [Train F1: 0.710306117632742]
L000864 | [Train Acc: 0.7132140796306982]
L000865 | [Dev Loss: 1.0145]
L000866 | [Dev F1: 0.5617010973688547]
L000867 | [Dev Acc: 0.5793780687397708]
L000868 | 
L000869-L000884 | [REDACTED: batch progress and internal diagnostics]
L000885 | [Epoch 33] [Time: 2.1765646934509277]
L000886 | [Train Loss: 0.7119]
L000887 | [Train F1: 0.720100018917373]
L000888 | [Train Acc: 0.723600692440854]
L000889 | [Dev Loss: 1.0295]
L000890 | [Dev F1: 0.5618216017317956]
L000891 | [Dev Acc: 0.5810147299509002]
L000892 | 
L000893-L000908 | [REDACTED: batch progress and internal diagnostics]
L000909 | [Epoch 34] [Time: 2.167081356048584]
L000910 | [Train Loss: 0.7043]
L000911 | [Train F1: 0.7279439554692663]
L000912 | [Train Acc: 0.7303327562992883]
L000913 | [Dev Loss: 1.0098]
L000914 | [Dev F1: 0.5700593881561079]
L000915 | [Dev Acc: 0.5859247135842881]
L000916 | 
L000917-L000932 | [REDACTED: batch progress and internal diagnostics]
L000933 | [Epoch 35] [Time: 2.18994140625]
L000934 | [Train Loss: 0.6987]
L000935 | [Train F1: 0.7276607445211032]
L000936 | [Train Acc: 0.7299480669359493]
L000937 | [Dev Loss: 1.0494]
L000938 | [Dev F1: 0.5602498237144033]
L000939 | [Dev Acc: 0.5810147299509002]
L000940 | 
L000941-L000956 | [REDACTED: batch progress and internal diagnostics]
L000957 | [Epoch 36] [Time: 2.292440176010132]
L000958 | [Train Loss: 0.6834]
L000959 | [Train F1: 0.7403822314020333]
L000960 | [Train Acc: 0.7418734371994614]
L000961 | [Dev Loss: 1.0263]
L000962 | [Dev F1: 0.5700032819784063]
L000963 | [Dev Acc: 0.5875613747954174]
L000964 | 
L000965-L000980 | [REDACTED: batch progress and internal diagnostics]
L000981 | [Epoch 37] [Time: 2.154484272003174]
L000982 | [Train Loss: 0.683]
L000983 | [Train F1: 0.742705700447101]
L000984 | [Train Acc: 0.7445662627428351]
L000985 | [Dev Loss: 1.0293]
L000986 | [Dev F1: 0.5679051315996321]
L000987 | [Dev Acc: 0.5810147299509002]
L000988 | 
L000989-L001004 | [REDACTED: batch progress and internal diagnostics]
L001005 | [Epoch 38] [Time: 2.2371835708618164]
L001006 | [Train Loss: 0.6683]
L001007 | [Train F1: 0.7480993678690461]
L001008 | [Train Acc: 0.7497595691479131]
L001009 | [Dev Loss: 1.0369]
L001010 | [Dev F1: 0.5556532562130531]
L001011 | [Dev Acc: 0.5761047463175123]
L001012 | 
L001013-L001028 | [REDACTED: batch progress and internal diagnostics]
L001029 | [Epoch 39] [Time: 2.0949535369873047]
L001030 | [Train Loss: 0.6569]
L001031 | [Train F1: 0.7527563440559515]
L001032 | [Train Acc: 0.7545681861896518]
L001033 | [Dev Loss: 1.0273]
L001034 | [Dev F1: 0.5663575225670694]
L001035 | [Dev Acc: 0.5842880523731587]
L001036 | 
L001037-L001052 | [REDACTED: batch progress and internal diagnostics]
L001053 | [Epoch 40] [Time: 2.183925151824951]
L001054 | [Train Loss: 0.6385]
L001055 | [Train F1: 0.7553107541610969]
L001056 | [Train Acc: 0.757068667051356]
L001057 | [Dev Loss: 1.0438]
L001058 | [Dev F1: 0.5507401666285294]
L001059 | [Dev Acc: 0.5646481178396072]
L001060 | 
L001061-L001076 | [REDACTED: batch progress and internal diagnostics]
L001077 | [Epoch 41] [Time: 2.262226104736328]
L001078 | [Train Loss: 0.6405]
L001079 | [Train F1: 0.7607182107491742]
L001080 | [Train Acc: 0.7620696287747644]
L001081 | [Dev Loss: 1.0222]
L001082 | [Dev F1: 0.5763647719237588]
L001083 | [Dev Acc: 0.5908346972176759]
L001084 | 
L001085-L001100 | [REDACTED: batch progress and internal diagnostics]
L001101 | [Epoch 42] [Time: 2.2970030307769775]
L001102 | [Train Loss: 0.627]
L001103 | [Train F1: 0.7619838615692723]
L001104 | [Train Acc: 0.7630313521831121]
L001105 | [Dev Loss: 1.009]
L001106 | [Dev F1: 0.5785247354193102]
L001107 | [Dev Acc: 0.5924713584288053]
L001108 | 
L001109-L001124 | [REDACTED: batch progress and internal diagnostics]
L001125 | [Epoch 43] [Time: 2.2212202548980713]
L001126 | [Train Loss: 0.6236]
L001127 | [Train F1: 0.7625271365817448]
L001128 | [Train Acc: 0.7632236968647816]
L001129 | [Dev Loss: 1.0415]
L001130 | [Dev F1: 0.5722993217190812]
L001131 | [Dev Acc: 0.5826513911620295]
L001132 | 
L001133-L001148 | [REDACTED: batch progress and internal diagnostics]
L001149 | [Epoch 44] [Time: 2.1791257858276367]
L001150 | [Train Loss: 0.6048]
L001151 | [Train F1: 0.7698795879614502]
L001152 | [Train Acc: 0.7714945181765724]
L001153 | [Dev Loss: 1.0145]
L001154 | [Dev F1: 0.5732229160419419]
L001155 | [Dev Acc: 0.5875613747954174]
L001156 | 
L001157-L001172 | [REDACTED: batch progress and internal diagnostics]
L001173 | [Epoch 45] [Time: 2.2571146488189697]
L001174 | [Train Loss: 0.6055]
L001175 | [Train F1: 0.7747895858607101]
L001176 | [Train Acc: 0.7761107905366417]
L001177 | [Dev Loss: 1.0185]
L001178 | [Dev F1: 0.5759232939398249]
L001179 | [Dev Acc: 0.5908346972176759]
L001180 | 
L001181-L001196 | [REDACTED: batch progress and internal diagnostics]
L001197 | [Epoch 46] [Time: 2.322911500930786]
L001198 | [Train Loss: 0.5934]
L001199 | [Train F1: 0.7723020179937206]
L001200 | [Train Acc: 0.773802654356607]
L001201 | [Dev Loss: 0.9977]
L001202 | [Dev F1: 0.603096269115055]
L001203 | [Dev Acc: 0.613747954173486]
L001204 | 
L001205-L001220 | [REDACTED: batch progress and internal diagnostics]
L001221 | [Epoch 47] [Time: 2.328531265258789]
L001222 | [Train Loss: 0.5941]
L001223 | [Train F1: 0.7756758339732374]
L001224 | [Train Acc: 0.7766878245816503]
L001225 | [Dev Loss: 1.0471]
L001226 | [Dev F1: 0.567007366944263]
L001227 | [Dev Acc: 0.5793780687397708]
L001228 | 
L001229-L001244 | [REDACTED: batch progress and internal diagnostics]
L001245 | [Epoch 48] [Time: 2.2595508098602295]
L001246 | [Train Loss: 0.5963]
L001247 | [Train F1: 0.7727100908193656]
L001248 | [Train Acc: 0.7745720330832853]
L001249 | [Dev Loss: 1.0079]
L001250 | [Dev F1: 0.5906151963398468]
L001251 | [Dev Acc: 0.5973813420621932]
L001252 | 
L001253-L001268 | [REDACTED: batch progress and internal diagnostics]
L001269 | [Epoch 49] [Time: 2.1780848503112793]
L001270 | [Train Loss: 0.5768]
L001271 | [Train F1: 0.7830132988674644]
L001272 | [Train Acc: 0.7836122331217542]
L001273 | [Dev Loss: 1.0817]
L001274 | [Dev F1: 0.5528377062422064]
L001275 | [Dev Acc: 0.5662847790507365]
L001276 | 
L001277-L001292 | [REDACTED: batch progress and internal diagnostics]
L001293 | [Epoch 50] [Time: 2.2292320728302]
L001294 | [Train Loss: 0.5685]
L001295 | [Train F1: 0.7878852992891946]
L001296 | [Train Acc: 0.7886131948451626]
L001297 | [Dev Loss: 1.0525]
L001298 | [Dev F1: 0.5768437318553477]
L001299 | [Dev Acc: 0.5908346972176759]
L001300 | 
L001301-L001316 | [REDACTED: batch progress and internal diagnostics]
L001317 | [Epoch 51] [Time: 2.3272221088409424]
L001318 | [Train Loss: 0.5681]
L001319 | [Train F1: 0.7871774368872068]
L001320 | [Train Acc: 0.7880361608001539]
L001321 | [Dev Loss: 1.0798]
L001322 | [Dev F1: 0.555626048152709]
L001323 | [Dev Acc: 0.5679214402618658]
L001324 | 
L001325-L001340 | [REDACTED: batch progress and internal diagnostics]
L001341 | [Epoch 52] [Time: 2.2088863849639893]
L001342 | [Train Loss: 0.5533]
L001343 | [Train F1: 0.7929294700655103]
L001344 | [Train Acc: 0.7938065012502404]
L001345 | [Dev Loss: 1.0319]
L001346 | [Dev F1: 0.5896041840195825]
L001347 | [Dev Acc: 0.5973813420621932]
L001348 | 
L001349-L001364 | [REDACTED: batch progress and internal diagnostics]
L001365 | [Epoch 53] [Time: 2.245129346847534]
L001366 | [Train Loss: 0.5509]
L001367 | [Train F1: 0.7953606387774396]
L001368 | [Train Acc: 0.7963069821119446]
L001369 | [Dev Loss: 1.0561]
L001370 | [Dev F1: 0.5893290426061653]
L001371 | [Dev Acc: 0.5990180032733224]
L001372 | 
L001373-L001388 | [REDACTED: batch progress and internal diagnostics]
L001389 | [Epoch 54] [Time: 2.2469685077667236]
L001390 | [Train Loss: 0.5395]
L001391 | [Train F1: 0.797032306629642]
L001392 | [Train Acc: 0.7976533948836315]
L001393 | [Dev Loss: 1.0427]
L001394 | [Dev F1: 0.5772043209105473]
L001395 | [Dev Acc: 0.5875613747954174]
L001396 | 
L001397-L001412 | [REDACTED: batch progress and internal diagnostics]
L001413 | [Epoch 55] [Time: 2.123748779296875]
L001414 | [Train Loss: 0.5335]
L001415 | [Train F1: 0.8009184865392659]
L001416 | [Train Acc: 0.801307943835353]
L001417 | [Dev Loss: 1.072]
L001418 | [Dev F1: 0.5902183270398692]
L001419 | [Dev Acc: 0.6006546644844517]
L001420 | 
L001421-L001436 | [REDACTED: batch progress and internal diagnostics]
L001437 | [Epoch 56] [Time: 2.193877935409546]
L001438 | [Train Loss: 0.529]
L001439 | [Train F1: 0.8015526384048614]
L001440 | [Train Acc: 0.8024620119253703]
L001441 | [Dev Loss: 1.1235]
L001442 | [Dev F1: 0.553733585786952]
L001443 | [Dev Acc: 0.5728314238952537]
L001444 | 
L001445-L001460 | [REDACTED: batch progress and internal diagnostics]
L001461 | [Epoch 57] [Time: 2.1517791748046875]
L001462 | [Train Loss: 0.5321]
L001463 | [Train F1: 0.7972283831873881]
L001464 | [Train Acc: 0.797845739565301]
L001465 | [Dev Loss: 1.0935]
L001466 | [Dev F1: 0.5638235331070037]
L001467 | [Dev Acc: 0.5761047463175123]
L001468 | 
L001469-L001484 | [REDACTED: batch progress and internal diagnostics]
L001485 | [Epoch 58] [Time: 2.1156084537506104]
L001486 | [Train Loss: 0.5234]
L001487 | [Train F1: 0.8067349798705872]
L001488 | [Train Acc: 0.8076553183304481]
L001489 | [Dev Loss: 1.0841]
L001490 | [Dev F1: 0.5901994213505016]
L001491 | [Dev Acc: 0.5990180032733224]
L001492 | 
L001493-L001508 | [REDACTED: batch progress and internal diagnostics]
L001509 | [Epoch 59] [Time: 2.182497262954712]
L001510 | [Train Loss: 0.5184]
L001511 | [Train F1: 0.8019240015445412]
L001512 | [Train Acc: 0.8026543566070398]
L001513 | [Dev Loss: 1.0903]
L001514 | [Dev F1: 0.5640911182396698]
L001515 | [Dev Acc: 0.5793780687397708]
L001516 | 
L001517-L001532 | [REDACTED: batch progress and internal diagnostics]
L001533 | [Epoch 60] [Time: 2.2199959754943848]
L001534 | [Train Loss: 0.516]
L001535 | [Train F1: 0.810456814271582]
L001536 | [Train Acc: 0.8107328332371609]
L001537 | [Dev Loss: 1.0775]
L001538 | [Dev F1: 0.599163403974177]
L001539 | [Dev Acc: 0.6039279869067103]
L001540 | 
L001541-L001556 | [REDACTED: batch progress and internal diagnostics]
L001557 | [Epoch 61] [Time: 2.259979248046875]
L001558 | [Train Loss: 0.5069]
L001559 | [Train F1: 0.81053449878175]
L001560 | [Train Acc: 0.8111175226005001]
L001561 | [Dev Loss: 1.0884]
L001562 | [Dev F1: 0.5712834209053322]
L001563 | [Dev Acc: 0.5810147299509002]
L001564 | 
L001565-L001580 | [REDACTED: batch progress and internal diagnostics]
L001581 | [Epoch 62] [Time: 2.151353120803833]
L001582 | [Train Loss: 0.5011]
L001583 | [Train F1: 0.8147382558779039]
L001584 | [Train Acc: 0.8153491055972303]
L001585 | [Dev Loss: 1.0523]
L001586 | [Dev F1: 0.587174540353068]
L001587 | [Dev Acc: 0.5924713584288053]
L001588 | 
L001589-L001604 | [REDACTED: batch progress and internal diagnostics]
L001605 | [Epoch 63] [Time: 2.224299907684326]
L001606 | [Train Loss: 0.5006]
L001607 | [Train F1: 0.8085869472313202]
L001608 | [Train Acc: 0.809001731102135]
L001609 | [Dev Loss: 1.0826]
L001610 | [Dev F1: 0.5830541378773964]
L001611 | [Dev Acc: 0.5875613747954174]
L001612 | 
L001613-L001628 | [REDACTED: batch progress and internal diagnostics]
L001629 | [Epoch 64] [Time: 2.2058982849121094]
L001630 | [Train Loss: 0.4952]
L001631 | [Train F1: 0.8119617734681147]
L001632 | [Train Acc: 0.812463935372187]
L001633 | [Dev Loss: 1.0707]
L001634 | [Dev F1: 0.5755888525981284]
L001635 | [Dev Acc: 0.5842880523731587]
L001636 | 
L001637-L001652 | [REDACTED: batch progress and internal diagnostics]
L001653 | [Epoch 65] [Time: 2.1848418712615967]
L001654 | [Train Loss: 0.4899]
L001655 | [Train F1: 0.8180689426054352]
L001656 | [Train Acc: 0.8190036545489517]
L001657 | [Dev Loss: 1.1122]
L001658 | [Dev F1: 0.583557355759275]
L001659 | [Dev Acc: 0.5941080196399345]
L001660 | 
L001661-L001676 | [REDACTED: batch progress and internal diagnostics]
L001677 | [Epoch 66] [Time: 2.2311272621154785]
L001678 | [Train Loss: 0.4894]
L001679 | [Train F1: 0.8166432535872477]
L001680 | [Train Acc: 0.8170802077322562]
L001681 | [Dev Loss: 1.1025]
L001682 | [Dev F1: 0.588517711523159]
L001683 | [Dev Acc: 0.5990180032733224]
L001684 | 
L001685-L001700 | [REDACTED: batch progress and internal diagnostics]
L001701 | [Epoch 67] [Time: 2.241032123565674]
L001702 | [Train Loss: 0.4893]
L001703 | [Train F1: 0.8225137267920458]
L001704 | [Train Acc: 0.8230428928640123]
L001705 | [Dev Loss: 1.116]
L001706 | [Dev F1: 0.5752153362083535]
L001707 | [Dev Acc: 0.5924713584288053]
L001708 | 
L001709-L001724 | [REDACTED: batch progress and internal diagnostics]
L001725 | [Epoch 68] [Time: 2.034477949142456]
L001726 | [Train Loss: 0.4818]
L001727 | [Train F1: 0.8262707602633452]
L001728 | [Train Acc: 0.8265050971340643]
L001729 | [Dev Loss: 1.1126]
L001730 | [Dev F1: 0.5914879675748574]
L001731 | [Dev Acc: 0.5973813420621932]
L001732 | 
L001733-L001748 | [REDACTED: batch progress and internal diagnostics]
L001749 | [Epoch 69] [Time: 2.1847262382507324]
L001750 | [Train Loss: 0.474]
L001751 | [Train F1: 0.8281181864752608]
L001752 | [Train Acc: 0.8286208886324293]
L001753 | [Dev Loss: 1.119]
L001754 | [Dev F1: 0.581927443123022]
L001755 | [Dev Acc: 0.5908346972176759]
L001756 | 
L001757-L001772 | [REDACTED: batch progress and internal diagnostics]
L001773 | [Epoch 70] [Time: 1.948913812637329]
L001774 | [Train Loss: 0.4724]
L001775 | [Train F1: 0.8255373433099361]
L001776 | [Train Acc: 0.8259280630890556]
L001777 | [Dev Loss: 1.1434]
L001778 | [Dev F1: 0.5707870448900376]
L001779 | [Dev Acc: 0.5826513911620295]
L001780 | 
L001781-L001796 | [REDACTED: batch progress and internal diagnostics]
L001797 | [Epoch 71] [Time: 2.1326563358306885]
L001798 | [Train Loss: 0.4665]
L001799 | [Train F1: 0.824830364305765]
L001800 | [Train Acc: 0.8253510290440469]
L001801 | [Dev Loss: 1.1203]
L001802 | [Dev F1: 0.5897850539177407]
L001803 | [Dev Acc: 0.5973813420621932]
L001804 | Early stopping at epoch: 71
L001805 | Last model
L001806 |               precision    recall  f1-score   support
L001807 | 
L001808 |          hap     0.5833    0.4861    0.5303       144
L001809 |          sad     0.8080    0.8245    0.8162       245
L001810 |          neu     0.5596    0.6354    0.5951       384
L001811 |          ang     0.5544    0.6294    0.5895       170
L001812 |          exc     0.7365    0.6823    0.7083       299
L001813 |          fru     0.5965    0.5433    0.5687       381
L001814 | 
L001815 |     accuracy                         0.6371      1623
L001816 |    macro avg     0.6397    0.6335    0.6347      1623
L001817 | weighted avg     0.6399    0.6371    0.6368      1623
L001818 | 
L001819 | Best model at epoch: 46
L001820 | Best dev F1: 0.603096269115055
L001821 |               precision    recall  f1-score   support
L001822 | 
L001823 |          hap     0.5983    0.4861    0.5364       144
L001824 |          sad     0.8072    0.8204    0.8138       245
L001825 |          neu     0.5919    0.6458    0.6177       384
L001826 |          ang     0.6299    0.5706    0.5988       170
L001827 |          exc     0.7412    0.7759    0.7582       299
L001828 |          fru     0.5984    0.5827    0.5904       381
L001829 | 
L001830 |     accuracy                         0.6593      1623
L001831 |    macro avg     0.6611    0.6469    0.6525      1623
L001832 | weighted avg     0.6580    0.6593    0.6576      1623
L001833 | 
L001834 | Best test F1: 0.6575720554601101
L001835 | Best test Acc: 0.6592729513247073
L001836 | [SANITIZED] Saved checkpoint: [path and filename removed]
