# Redacted copy of an existing run log.
# run_id: G11-seed5
# dataset: IEMOCAP
# model: MMGCN+AMBER
# imr: (0.7,0.3,0.5)
# seed_alias: seed5
# original_log_sha256: e36a6b6c92f10597ee11102a43619c6086dc1c42d35a1b8e55d27ad92041095c
# source_record_status: ok
# source_record_process_return_code: 3221226505
# L numbers refer to source logical lines; REDACTED/SANITIZED text is editorial.
L000001-L000065 | [REDACTED: configuration or implementation details]
L000066 | [SANITIZED] Seed alias: seed5
L000067 | 
L000068-L000069 | [REDACTED: batch progress and internal diagnostics]
L000070 | 
L000071-L000072 | [REDACTED: batch progress and internal diagnostics]
L000073 | 
L000074-L000075 | [REDACTED: batch progress and internal diagnostics]
L000076 | 
L000077-L000092 | [REDACTED: batch progress and internal diagnostics]
L000093 | [Epoch 0] [Time: 2.7032015323638916]
L000094 | [Train Loss: 1.8722]
L000095 | [Train F1: 0.18257446405490438]
L000096 | [Train Acc: 0.1920826833073323]
L000097 | [Dev Loss: 1.7017]
L000098 | [Dev F1: 0.2193323153726654]
L000099 | [Dev Acc: 0.2873900293255132]
L000100 | 
L000101-L000116 | [REDACTED: batch progress and internal diagnostics]
L000117 | [Epoch 1] [Time: 2.1796674728393555]
L000118 | [Train Loss: 1.7369]
L000119 | [Train F1: 0.2453963276344163]
L000120 | [Train Acc: 0.26033541341653665]
L000121 | [Dev Loss: 1.5918]
L000122 | [Dev F1: 0.3192408730633274]
L000123 | [Dev Acc: 0.39589442815249265]
L000124 | 
L000125-L000140 | [REDACTED: batch progress and internal diagnostics]
L000141 | [Epoch 2] [Time: 2.18658709526062]
L000142 | [Train Loss: 1.6601]
L000143 | [Train F1: 0.28261911431780795]
L000144 | [Train Acc: 0.30089703588143524]
L000145 | [Dev Loss: 1.5427]
L000146 | [Dev F1: 0.35168457527311464]
L000147 | [Dev Acc: 0.40615835777126097]
L000148 | 
L000149-L000164 | [REDACTED: batch progress and internal diagnostics]
L000165 | [Epoch 3] [Time: 2.138174533843994]
L000166 | [Train Loss: 1.5966]
L000167 | [Train F1: 0.31156789440308585]
L000168 | [Train Acc: 0.3293681747269891]
L000169 | [Dev Loss: 1.4993]
L000170 | [Dev F1: 0.35620739141557284]
L000171 | [Dev Acc: 0.40762463343108507]
L000172 | 
L000173-L000188 | [REDACTED: batch progress and internal diagnostics]
L000189 | [Epoch 4] [Time: 2.239694356918335]
L000190 | [Train Loss: 1.5427]
L000191 | [Train F1: 0.3429684194864979]
L000192 | [Train Acc: 0.3545241809672387]
L000193 | [Dev Loss: 1.4628]
L000194 | [Dev F1: 0.36164030192790864]
L000195 | [Dev Acc: 0.41055718475073316]
L000196 | 
L000197-L000212 | [REDACTED: batch progress and internal diagnostics]
L000213 | [Epoch 5] [Time: 2.130587100982666]
L000214 | [Train Loss: 1.4731]
L000215 | [Train F1: 0.3826945817112064]
L000216 | [Train Acc: 0.3913806552262091]
L000217 | [Dev Loss: 1.431]
L000218 | [Dev F1: 0.3584467227497305]
L000219 | [Dev Acc: 0.40762463343108507]
L000220 | 
L000221-L000236 | [REDACTED: batch progress and internal diagnostics]
L000237 | [Epoch 6] [Time: 2.0399081707000732]
L000238 | [Train Loss: 1.4165]
L000239 | [Train F1: 0.4164618573826816]
L000240 | [Train Acc: 0.42570202808112323]
L000241 | [Dev Loss: 1.3916]
L000242 | [Dev F1: 0.37024502259619385]
L000243 | [Dev Acc: 0.41935483870967744]
L000244 | 
L000245-L000260 | [REDACTED: batch progress and internal diagnostics]
L000261 | [Epoch 7] [Time: 2.262101650238037]
L000262 | [Train Loss: 1.3434]
L000263 | [Train F1: 0.4503471554758705]
L000264 | [Train Acc: 0.45982839313572543]
L000265 | [Dev Loss: 1.3619]
L000266 | [Dev F1: 0.3860428116680537]
L000267 | [Dev Acc: 0.43548387096774194]
L000268 | 
L000269-L000284 | [REDACTED: batch progress and internal diagnostics]
L000285 | [Epoch 8] [Time: 2.1475706100463867]
L000286 | [Train Loss: 1.3141]
L000287 | [Train F1: 0.4538701726530149]
L000288 | [Train Acc: 0.4658736349453978]
L000289 | [Dev Loss: 1.334]
L000290 | [Dev F1: 0.39052210319154024]
L000291 | [Dev Acc: 0.43841642228739003]
L000292 | 
L000293-L000308 | [REDACTED: batch progress and internal diagnostics]
L000309 | [Epoch 9] [Time: 2.2833011150360107]
L000310 | [Train Loss: 1.2723]
L000311 | [Train F1: 0.4734962751007827]
L000312 | [Train Acc: 0.48673946957878317]
L000313 | [Dev Loss: 1.3116]
L000314 | [Dev F1: 0.39905000750083736]
L000315 | [Dev Acc: 0.4472140762463343]
L000316 | 
L000317-L000332 | [REDACTED: batch progress and internal diagnostics]
L000333 | [Epoch 10] [Time: 2.0965030193328857]
L000334 | [Train Loss: 1.2191]
L000335 | [Train F1: 0.5026602673705383]
L000336 | [Train Acc: 0.515405616224649]
L000337 | [Dev Loss: 1.2862]
L000338 | [Dev F1: 0.4164261016023926]
L000339 | [Dev Acc: 0.45894428152492667]
L000340 | 
L000341-L000356 | [REDACTED: batch progress and internal diagnostics]
L000357 | [Epoch 11] [Time: 2.2690722942352295]
L000358 | [Train Loss: 1.1735]
L000359 | [Train F1: 0.5229400323044998]
L000360 | [Train Acc: 0.53198127925117]
L000361 | [Dev Loss: 1.2661]
L000362 | [Dev F1: 0.443388486175625]
L000363 | [Dev Acc: 0.4780058651026393]
L000364 | 
L000365-L000380 | [REDACTED: batch progress and internal diagnostics]
L000381 | [Epoch 12] [Time: 2.135410785675049]
L000382 | [Train Loss: 1.1296]
L000383 | [Train F1: 0.5432932562055145]
L000384 | [Train Acc: 0.5546021840873635]
L000385 | [Dev Loss: 1.2483]
L000386 | [Dev F1: 0.42020394716648257]
L000387 | [Dev Acc: 0.4604105571847507]
L000388 | 
L000389-L000404 | [REDACTED: batch progress and internal diagnostics]
L000405 | [Epoch 13] [Time: 2.1301629543304443]
L000406 | [Train Loss: 1.0919]
L000407 | [Train F1: 0.55027438440033]
L000408 | [Train Acc: 0.5614274570982839]
L000409 | [Dev Loss: 1.2192]
L000410 | [Dev F1: 0.4411786248961295]
L000411 | [Dev Acc: 0.4780058651026393]
L000412 | 
L000413-L000428 | [REDACTED: batch progress and internal diagnostics]
L000429 | [Epoch 14] [Time: 2.082301378250122]
L000430 | [Train Loss: 1.0428]
L000431 | [Train F1: 0.5662398325561898]
L000432 | [Train Acc: 0.5785881435257411]
L000433 | [Dev Loss: 1.1805]
L000434 | [Dev F1: 0.46698104811346935]
L000435 | [Dev Acc: 0.4970674486803519]
L000436 | 
L000437-L000452 | [REDACTED: batch progress and internal diagnostics]
L000453 | [Epoch 15] [Time: 2.182734966278076]
L000454 | [Train Loss: 0.9972]
L000455 | [Train F1: 0.5775555464304672]
L000456 | [Train Acc: 0.5836583463338534]
L000457 | [Dev Loss: 1.1492]
L000458 | [Dev F1: 0.479422931257768]
L000459 | [Dev Acc: 0.5029325513196481]
L000460 | 
L000461-L000476 | [REDACTED: batch progress and internal diagnostics]
L000477 | [Epoch 16] [Time: 2.0081353187561035]
L000478 | [Train Loss: 0.973]
L000479 | [Train F1: 0.5955998149757076]
L000480 | [Train Acc: 0.5992589703588144]
L000481 | [Dev Loss: 1.1311]
L000482 | [Dev F1: 0.4955473605951092]
L000483 | [Dev Acc: 0.5146627565982405]
L000484 | 
L000485-L000500 | [REDACTED: batch progress and internal diagnostics]
L000501 | [Epoch 17] [Time: 2.1369965076446533]
L000502 | [Train Loss: 0.9324]
L000503 | [Train F1: 0.6078277856741959]
L000504 | [Train Acc: 0.6140795631825273]
L000505 | [Dev Loss: 1.1207]
L000506 | [Dev F1: 0.4915095813291244]
L000507 | [Dev Acc: 0.5117302052785924]
L000508 | 
L000509-L000524 | [REDACTED: batch progress and internal diagnostics]
L000525 | [Epoch 18] [Time: 2.144940137863159]
L000526 | [Train Loss: 0.9177]
L000527 | [Train F1: 0.6173029180018138]
L000528 | [Train Acc: 0.625585023400936]
L000529 | [Dev Loss: 1.1016]
L000530 | [Dev F1: 0.5155509509456078]
L000531 | [Dev Acc: 0.532258064516129]
L000532 | 
L000533-L000548 | [REDACTED: batch progress and internal diagnostics]
L000549 | [Epoch 19] [Time: 2.1515753269195557]
L000550 | [Train Loss: 0.8978]
L000551 | [Train F1: 0.629378342136425]
L000552 | [Train Acc: 0.6341653666146646]
L000553 | [Dev Loss: 1.0874]
L000554 | [Dev F1: 0.5311257492441684]
L000555 | [Dev Acc: 0.5439882697947214]
L000556 | 
L000557-L000572 | [REDACTED: batch progress and internal diagnostics]
L000573 | [Epoch 20] [Time: 2.2135095596313477]
L000574 | [Train Loss: 0.8615]
L000575 | [Train F1: 0.6453217640628813]
L000576 | [Train Acc: 0.6499609984399376]
L000577 | [Dev Loss: 1.0765]
L000578 | [Dev F1: 0.5302541686056573]
L000579 | [Dev Acc: 0.5381231671554252]
L000580 | 
L000581-L000596 | [REDACTED: batch progress and internal diagnostics]
L000597 | [Epoch 21] [Time: 2.117835521697998]
L000598 | [Train Loss: 0.8488]
L000599 | [Train F1: 0.6577452739113785]
L000600 | [Train Acc: 0.6618564742589703]
L000601 | [Dev Loss: 1.0748]
L000602 | [Dev F1: 0.5308988652309329]
L000603 | [Dev Acc: 0.5439882697947214]
L000604 | 
L000605-L000620 | [REDACTED: batch progress and internal diagnostics]
L000621 | [Epoch 22] [Time: 2.196375608444214]
L000622 | [Train Loss: 0.8138]
L000623 | [Train F1: 0.6677560751681939]
L000624 | [Train Acc: 0.6710218408736349]
L000625 | [Dev Loss: 1.055]
L000626 | [Dev F1: 0.5560586198564927]
L000627 | [Dev Acc: 0.5586510263929618]
L000628 | 
L000629-L000644 | [REDACTED: batch progress and internal diagnostics]
L000645 | [Epoch 23] [Time: 2.079432487487793]
L000646 | [Train Loss: 0.8019]
L000647 | [Train F1: 0.6729650855130267]
L000648 | [Train Acc: 0.6780421216848674]
L000649 | [Dev Loss: 1.0517]
L000650 | [Dev F1: 0.5503196651351282]
L000651 | [Dev Acc: 0.5557184750733137]
L000652 | 
L000653-L000668 | [REDACTED: batch progress and internal diagnostics]
L000669 | [Epoch 24] [Time: 2.2953855991363525]
L000670 | [Train Loss: 0.7852]
L000671 | [Train F1: 0.6807133113505941]
L000672 | [Train Acc: 0.6852574102964119]
L000673 | [Dev Loss: 1.0474]
L000674 | [Dev F1: 0.5474431873238701]
L000675 | [Dev Acc: 0.5498533724340176]
L000676 | 
L000677-L000692 | [REDACTED: batch progress and internal diagnostics]
L000693 | [Epoch 25] [Time: 2.1690900325775146]
L000694 | [Train Loss: 0.7695]
L000695 | [Train F1: 0.6899673218370458]
L000696 | [Train Acc: 0.6926677067082684]
L000697 | [Dev Loss: 1.0337]
L000698 | [Dev F1: 0.5588443508313619]
L000699 | [Dev Acc: 0.5601173020527859]
L000700 | 
L000701-L000716 | [REDACTED: batch progress and internal diagnostics]
L000717 | [Epoch 26] [Time: 2.2090532779693604]
L000718 | [Train Loss: 0.7541]
L000719 | [Train F1: 0.701121958889355]
L000720 | [Train Acc: 0.703003120124805]
L000721 | [Dev Loss: 1.0551]
L000722 | [Dev F1: 0.5483392033877196]
L000723 | [Dev Acc: 0.5498533724340176]
L000724 | 
L000725-L000740 | [REDACTED: batch progress and internal diagnostics]
L000741 | [Epoch 27] [Time: 2.1447060108184814]
L000742 | [Train Loss: 0.7455]
L000743 | [Train F1: 0.7007260580791574]
L000744 | [Train Acc: 0.7037831513260531]
L000745 | [Dev Loss: 1.0512]
L000746 | [Dev F1: 0.5407916078192718]
L000747 | [Dev Acc: 0.5454545454545454]
L000748 | 
L000749-L000764 | [REDACTED: batch progress and internal diagnostics]
L000765 | [Epoch 28] [Time: 2.1274259090423584]
L000766 | [Train Loss: 0.7406]
L000767 | [Train F1: 0.6969179018272433]
L000768 | [Train Acc: 0.6998829953198128]
L000769 | [Dev Loss: 1.0256]
L000770 | [Dev F1: 0.5591127111246342]
L000771 | [Dev Acc: 0.5571847507331378]
L000772 | 
L000773-L000788 | [REDACTED: batch progress and internal diagnostics]
L000789 | [Epoch 29] [Time: 2.0395491123199463]
L000790 | [Train Loss: 0.7296]
L000791 | [Train F1: 0.7151716763449183]
L000792 | [Train Acc: 0.7170436817472698]
L000793 | [Dev Loss: 1.032]
L000794 | [Dev F1: 0.5530148413286786]
L000795 | [Dev Acc: 0.5571847507331378]
L000796 | 
L000797-L000812 | [REDACTED: batch progress and internal diagnostics]
L000813 | [Epoch 30] [Time: 2.156827449798584]
L000814 | [Train Loss: 0.7133]
L000815 | [Train F1: 0.7189513535485043]
L000816 | [Train Acc: 0.7217238689547582]
L000817 | [Dev Loss: 1.0729]
L000818 | [Dev F1: 0.5370681479032894]
L000819 | [Dev Acc: 0.5395894428152492]
L000820 | 
L000821-L000836 | [REDACTED: batch progress and internal diagnostics]
L000837 | [Epoch 31] [Time: 2.182875156402588]
L000838 | [Train Loss: 0.6877]
L000839 | [Train F1: 0.7234040977898817]
L000840 | [Train Acc: 0.7252340093603744]
L000841 | [Dev Loss: 1.0444]
L000842 | [Dev F1: 0.5566834423078421]
L000843 | [Dev Acc: 0.5601173020527859]
L000844 | 
L000845-L000860 | [REDACTED: batch progress and internal diagnostics]
L000861 | [Epoch 32] [Time: 2.1563756465911865]
L000862 | [Train Loss: 0.6911]
L000863 | [Train F1: 0.731359942964319]
L000864 | [Train Acc: 0.7324492979719188]
L000865 | [Dev Loss: 1.0477]
L000866 | [Dev F1: 0.5629209764046004]
L000867 | [Dev Acc: 0.5630498533724341]
L000868 | 
L000869-L000884 | [REDACTED: batch progress and internal diagnostics]
L000885 | [Epoch 33] [Time: 2.0995113849639893]
L000886 | [Train Loss: 0.6789]
L000887 | [Train F1: 0.7383735023888097]
L000888 | [Train Acc: 0.7400546021840874]
L000889 | [Dev Loss: 1.0568]
L000890 | [Dev F1: 0.5511705909653059]
L000891 | [Dev Acc: 0.5527859237536656]
L000892 | 
L000893-L000908 | [REDACTED: batch progress and internal diagnostics]
L000909 | [Epoch 34] [Time: 2.296315908432007]
L000910 | [Train Loss: 0.6687]
L000911 | [Train F1: 0.7400332977619786]
L000912 | [Train Acc: 0.7414196567862714]
L000913 | [Dev Loss: 1.0294]
L000914 | [Dev F1: 0.5630239192229968]
L000915 | [Dev Acc: 0.5630498533724341]
L000916 | 
L000917-L000932 | [REDACTED: batch progress and internal diagnostics]
L000933 | [Epoch 35] [Time: 2.238452196121216]
L000934 | [Train Loss: 0.6499]
L000935 | [Train F1: 0.7471975166923982]
L000936 | [Train Acc: 0.748829953198128]
L000937 | [Dev Loss: 1.0666]
L000938 | [Dev F1: 0.544844964099782]
L000939 | [Dev Acc: 0.5483870967741935]
L000940 | 
L000941-L000956 | [REDACTED: batch progress and internal diagnostics]
L000957 | [Epoch 36] [Time: 2.1587929725646973]
L000958 | [Train Loss: 0.6494]
L000959 | [Train F1: 0.747732435658301]
L000960 | [Train Acc: 0.749414976599064]
L000961 | [Dev Loss: 1.0534]
L000962 | [Dev F1: 0.5420209391661298]
L000963 | [Dev Acc: 0.5469208211143695]
L000964 | 
L000965-L000980 | [REDACTED: batch progress and internal diagnostics]
L000981 | [Epoch 37] [Time: 2.2142679691314697]
L000982 | [Train Loss: 0.6469]
L000983 | [Train F1: 0.7501347856899112]
L000984 | [Train Acc: 0.751170046801872]
L000985 | [Dev Loss: 1.0348]
L000986 | [Dev F1: 0.5667723273331312]
L000987 | [Dev Acc: 0.5659824046920822]
L000988 | 
L000989-L001004 | [REDACTED: batch progress and internal diagnostics]
L001005 | [Epoch 38] [Time: 2.2652459144592285]
L001006 | [Train Loss: 0.6381]
L001007 | [Train F1: 0.7481213058512076]
L001008 | [Train Acc: 0.749219968798752]
L001009 | [Dev Loss: 1.048]
L001010 | [Dev F1: 0.5723164616561616]
L001011 | [Dev Acc: 0.5733137829912024]
L001012 | 
L001013-L001028 | [REDACTED: batch progress and internal diagnostics]
L001029 | [Epoch 39] [Time: 2.1500041484832764]
L001030 | [Train Loss: 0.6252]
L001031 | [Train F1: 0.7569130263111687]
L001032 | [Train Acc: 0.7578003120124805]
L001033 | [Dev Loss: 1.0333]
L001034 | [Dev F1: 0.5754052689000456]
L001035 | [Dev Acc: 0.5733137829912024]
L001036 | 
L001037-L001052 | [REDACTED: batch progress and internal diagnostics]
L001053 | [Epoch 40] [Time: 2.1861627101898193]
L001054 | [Train Loss: 0.6214]
L001055 | [Train F1: 0.7600322278553185]
L001056 | [Train Acc: 0.7613104524180967]
L001057 | [Dev Loss: 1.0208]
L001058 | [Dev F1: 0.5824572125754747]
L001059 | [Dev Acc: 0.5821114369501467]
L001060 | 
L001061-L001076 | [REDACTED: batch progress and internal diagnostics]
L001077 | [Epoch 41] [Time: 2.1194889545440674]
L001078 | [Train Loss: 0.6143]
L001079 | [Train F1: 0.7647256067318569]
L001080 | [Train Acc: 0.765795631825273]
L001081 | [Dev Loss: 1.0552]
L001082 | [Dev F1: 0.5636905198185123]
L001083 | [Dev Acc: 0.5674486803519062]
L001084 | 
L001085-L001100 | [REDACTED: batch progress and internal diagnostics]
L001101 | [Epoch 42] [Time: 2.0481715202331543]
L001102 | [Train Loss: 0.5895]
L001103 | [Train F1: 0.771662760110163]
L001104 | [Train Acc: 0.7728159126365055]
L001105 | [Dev Loss: 1.0633]
L001106 | [Dev F1: 0.5512336629953096]
L001107 | [Dev Acc: 0.5513196480938416]
L001108 | 
L001109-L001124 | [REDACTED: batch progress and internal diagnostics]
L001125 | [Epoch 43] [Time: 2.1913161277770996]
L001126 | [Train Loss: 0.5939]
L001127 | [Train F1: 0.7739490867695126]
L001128 | [Train Acc: 0.7749609984399376]
L001129 | [Dev Loss: 1.0652]
L001130 | [Dev F1: 0.5599279527249674]
L001131 | [Dev Acc: 0.5586510263929618]
L001132 | 
L001133-L001148 | [REDACTED: batch progress and internal diagnostics]
L001149 | [Epoch 44] [Time: 2.1604392528533936]
L001150 | [Train Loss: 0.581]
L001151 | [Train F1: 0.7779538527649352]
L001152 | [Train Acc: 0.7786661466458659]
L001153 | [Dev Loss: 1.046]
L001154 | [Dev F1: 0.5705767856282211]
L001155 | [Dev Acc: 0.5689149560117303]
L001156 | 
L001157-L001172 | [REDACTED: batch progress and internal diagnostics]
L001173 | [Epoch 45] [Time: 2.3490149974823]
L001174 | [Train Loss: 0.564]
L001175 | [Train F1: 0.7860089356477916]
L001176 | [Train Acc: 0.7870514820592823]
L001177 | [Dev Loss: 1.044]
L001178 | [Dev F1: 0.5693660107251322]
L001179 | [Dev Acc: 0.5674486803519062]
L001180 | 
L001181-L001196 | [REDACTED: batch progress and internal diagnostics]
L001197 | [Epoch 46] [Time: 2.1871185302734375]
L001198 | [Train Loss: 0.5722]
L001199 | [Train F1: 0.779248925384246]
L001200 | [Train Acc: 0.7800312012480499]
L001201 | [Dev Loss: 1.0591]
L001202 | [Dev F1: 0.5560122965290231]
L001203 | [Dev Acc: 0.5601173020527859]
L001204 | 
L001205-L001220 | [REDACTED: batch progress and internal diagnostics]
L001221 | [Epoch 47] [Time: 2.0525479316711426]
L001222 | [Train Loss: 0.5619]
L001223 | [Train F1: 0.7846305393028732]
L001224 | [Train Acc: 0.7854914196567863]
L001225 | [Dev Loss: 1.0628]
L001226 | [Dev F1: 0.5574977502142336]
L001227 | [Dev Acc: 0.5630498533724341]
L001228 | 
L001229-L001244 | [REDACTED: batch progress and internal diagnostics]
L001245 | [Epoch 48] [Time: 2.1787478923797607]
L001246 | [Train Loss: 0.5509]
L001247 | [Train F1: 0.7935972833878661]
L001248 | [Train Acc: 0.7940717628705148]
L001249 | [Dev Loss: 1.0822]
L001250 | [Dev F1: 0.5405311564907999]
L001251 | [Dev Acc: 0.5454545454545454]
L001252 | 
L001253-L001268 | [REDACTED: batch progress and internal diagnostics]
L001269 | [Epoch 49] [Time: 2.2274653911590576]
L001270 | [Train Loss: 0.5498]
L001271 | [Train F1: 0.7878568040042759]
L001272 | [Train Acc: 0.7884165366614665]
L001273 | [Dev Loss: 1.1136]
L001274 | [Dev F1: 0.519506306579715]
L001275 | [Dev Acc: 0.5278592375366569]
L001276 | 
L001277-L001292 | [REDACTED: batch progress and internal diagnostics]
L001293 | [Epoch 50] [Time: 2.2756948471069336]
L001294 | [Train Loss: 0.549]
L001295 | [Train F1: 0.7930519459345817]
L001296 | [Train Acc: 0.7938767550702028]
L001297 | [Dev Loss: 1.1561]
L001298 | [Dev F1: 0.500933549848419]
L001299 | [Dev Acc: 0.5117302052785924]
L001300 | 
L001301-L001316 | [REDACTED: batch progress and internal diagnostics]
L001317 | [Epoch 51] [Time: 2.0942466259002686]
L001318 | [Train Loss: 0.5511]
L001319 | [Train F1: 0.7942877727568312]
L001320 | [Train Acc: 0.7948517940717629]
L001321 | [Dev Loss: 1.078]
L001322 | [Dev F1: 0.550114238630621]
L001323 | [Dev Acc: 0.5557184750733137]
L001324 | 
L001325-L001340 | [REDACTED: batch progress and internal diagnostics]
L001341 | [Epoch 52] [Time: 2.1746366024017334]
L001342 | [Train Loss: 0.5398]
L001343 | [Train F1: 0.7928611521858367]
L001344 | [Train Acc: 0.7934867394695788]
L001345 | [Dev Loss: 1.081]
L001346 | [Dev F1: 0.552451058522059]
L001347 | [Dev Acc: 0.5571847507331378]
L001348 | 
L001349-L001364 | [REDACTED: batch progress and internal diagnostics]
L001365 | [Epoch 53] [Time: 2.2031826972961426]
L001366 | [Train Loss: 0.5283]
L001367 | [Train F1: 0.8032638224590366]
L001368 | [Train Acc: 0.8040171606864275]
L001369 | [Dev Loss: 1.0714]
L001370 | [Dev F1: 0.5602040595083048]
L001371 | [Dev Acc: 0.5645161290322581]
L001372 | 
L001373-L001388 | [REDACTED: batch progress and internal diagnostics]
L001389 | [Epoch 54] [Time: 2.053982973098755]
L001390 | [Train Loss: 0.5092]
L001391 | [Train F1: 0.8087215845828797]
L001392 | [Train Acc: 0.8088923556942278]
L001393 | [Dev Loss: 1.0844]
L001394 | [Dev F1: 0.5617843231304437]
L001395 | [Dev Acc: 0.5645161290322581]
L001396 | 
L001397-L001412 | [REDACTED: batch progress and internal diagnostics]
L001413 | [Epoch 55] [Time: 2.1195874214172363]
L001414 | [Train Loss: 0.5127]
L001415 | [Train F1: 0.8033955328504151]
L001416 | [Train Acc: 0.8042121684867395]
L001417 | [Dev Loss: 1.1206]
L001418 | [Dev F1: 0.5420733154700816]
L001419 | [Dev Acc: 0.5439882697947214]
L001420 | 
L001421-L001436 | [REDACTED: batch progress and internal diagnostics]
L001437 | [Epoch 56] [Time: 2.2096102237701416]
L001438 | [Train Loss: 0.5109]
L001439 | [Train F1: 0.8051787197184721]
L001440 | [Train Acc: 0.8053822152886115]
L001441 | [Dev Loss: 1.1043]
L001442 | [Dev F1: 0.5413931189163264]
L001443 | [Dev Acc: 0.5439882697947214]
L001444 | 
L001445-L001460 | [REDACTED: batch progress and internal diagnostics]
L001461 | [Epoch 57] [Time: 2.160327672958374]
L001462 | [Train Loss: 0.5121]
L001463 | [Train F1: 0.804278904743116]
L001464 | [Train Acc: 0.8049921996879875]
L001465 | [Dev Loss: 1.1357]
L001466 | [Dev F1: 0.5291769592217688]
L001467 | [Dev Acc: 0.5381231671554252]
L001468 | 
L001469-L001484 | [REDACTED: batch progress and internal diagnostics]
L001485 | [Epoch 58] [Time: 2.0972092151641846]
L001486 | [Train Loss: 0.5058]
L001487 | [Train F1: 0.8101040530696928]
L001488 | [Train Acc: 0.8108424336973479]
L001489 | [Dev Loss: 1.1202]
L001490 | [Dev F1: 0.5370302941178942]
L001491 | [Dev Acc: 0.5454545454545454]
L001492 | 
L001493-L001508 | [REDACTED: batch progress and internal diagnostics]
L001509 | [Epoch 59] [Time: 2.2139909267425537]
L001510 | [Train Loss: 0.498]
L001511 | [Train F1: 0.809069306360428]
L001512 | [Train Acc: 0.8098673946957878]
L001513 | [Dev Loss: 1.1044]
L001514 | [Dev F1: 0.5621237707943492]
L001515 | [Dev Acc: 0.5615835777126099]
L001516 | 
L001517-L001532 | [REDACTED: batch progress and internal diagnostics]
L001533 | [Epoch 60] [Time: 2.29097843170166]
L001534 | [Train Loss: 0.5074]
L001535 | [Train F1: 0.8043069886658826]
L001536 | [Train Acc: 0.8049921996879875]
L001537 | [Dev Loss: 1.1266]
L001538 | [Dev F1: 0.5570939314563417]
L001539 | [Dev Acc: 0.5571847507331378]
L001540 | 
L001541-L001556 | [REDACTED: batch progress and internal diagnostics]
L001557 | [Epoch 61] [Time: 1.9147191047668457]
L001558 | [Train Loss: 0.4904]
L001559 | [Train F1: 0.8133455680685603]
L001560 | [Train Acc: 0.8139625585023401]
L001561 | [Dev Loss: 1.0847]
L001562 | [Dev F1: 0.5732722010520682]
L001563 | [Dev Acc: 0.5718475073313783]
L001564 | 
L001565-L001580 | [REDACTED: batch progress and internal diagnostics]
L001581 | [Epoch 62] [Time: 2.1959915161132812]
L001582 | [Train Loss: 0.4895]
L001583 | [Train F1: 0.8127328910991066]
L001584 | [Train Acc: 0.8135725429017161]
L001585 | [Dev Loss: 1.107]
L001586 | [Dev F1: 0.5607451393525037]
L001587 | [Dev Acc: 0.5630498533724341]
L001588 | 
L001589-L001604 | [REDACTED: batch progress and internal diagnostics]
L001605 | [Epoch 63] [Time: 2.086705446243286]
L001606 | [Train Loss: 0.4826]
L001607 | [Train F1: 0.8106986162863548]
L001608 | [Train Acc: 0.8110374414976599]
L001609 | [Dev Loss: 1.1195]
L001610 | [Dev F1: 0.5686205212344472]
L001611 | [Dev Acc: 0.5718475073313783]
L001612 | 
L001613-L001628 | [REDACTED: batch progress and internal diagnostics]
L001629 | [Epoch 64] [Time: 2.1663055419921875]
L001630 | [Train Loss: 0.4734]
L001631 | [Train F1: 0.8287532214509389]
L001632 | [Train Acc: 0.8291731669266771]
L001633 | [Dev Loss: 1.1073]
L001634 | [Dev F1: 0.5799310757735007]
L001635 | [Dev Acc: 0.5821114369501467]
L001636 | 
L001637-L001652 | [REDACTED: batch progress and internal diagnostics]
L001653 | [Epoch 65] [Time: 2.103285312652588]
L001654 | [Train Loss: 0.4694]
L001655 | [Train F1: 0.8184067162684663]
L001656 | [Train Acc: 0.8186427457098284]
L001657 | [Dev Loss: 1.1138]
L001658 | [Dev F1: 0.5667173769338115]
L001659 | [Dev Acc: 0.5659824046920822]
L001660 | Early stopping at epoch: 65
L001661 | Last model
L001662 |               precision    recall  f1-score   support
L001663 | 
L001664 |          hap     0.4112    0.3056    0.3506       144
L001665 |          sad     0.7967    0.8000    0.7984       245
L001666 |          neu     0.5604    0.6406    0.5978       384
L001667 |          ang     0.6023    0.6059    0.6041       170
L001668 |          exc     0.6612    0.6722    0.6667       299
L001669 |          fru     0.6264    0.5853    0.6052       381
L001670 | 
L001671 |     accuracy                         0.6242      1623
L001672 |    macro avg     0.6097    0.6016    0.6038      1623
L001673 | weighted avg     0.6213    0.6242    0.6212      1623
L001674 | 
L001675 | Best model at epoch: 40
L001676 | Best dev F1: 0.5824572125754747
L001677 |               precision    recall  f1-score   support
L001678 | 
L001679 |          hap     0.4454    0.3681    0.4030       144
L001680 |          sad     0.8073    0.7184    0.7603       245
L001681 |          neu     0.5338    0.7188    0.6127       384
L001682 |          ang     0.6503    0.6235    0.6366       170
L001683 |          exc     0.7116    0.6355    0.6714       299
L001684 |          fru     0.6342    0.5643    0.5972       381
L001685 | 
L001686 |     accuracy                         0.6260      1623
L001687 |    macro avg     0.6305    0.6047    0.6135      1623
L001688 | weighted avg     0.6358    0.6260    0.6260      1623
L001689 | 
L001690 | Best test F1: 0.6260456362615301
L001691 | Best test Acc: 0.6260012322858903
L001692 | [SANITIZED] Saved checkpoint: [path and filename removed]
