# Redacted copy of an existing run log.
# run_id: G11-seed2
# dataset: IEMOCAP
# model: MMGCN+AMBER
# imr: (0.7,0.3,0.5)
# seed_alias: seed2
# original_log_sha256: 739be5bc248323b6eefd5d9e0bb3c744cc55b341468f061ae29ac4245915d9ba
# source_record_status: ok
# source_record_process_return_code: 3221226505
# L numbers refer to source logical lines; REDACTED/SANITIZED text is editorial.
L000001-L000065 | [REDACTED: configuration or implementation details]
L000066 | [SANITIZED] Seed alias: seed2
L000067 | 
L000068-L000069 | [REDACTED: batch progress and internal diagnostics]
L000070 | 
L000071-L000072 | [REDACTED: batch progress and internal diagnostics]
L000073 | 
L000074-L000075 | [REDACTED: batch progress and internal diagnostics]
L000076 | 
L000077-L000092 | [REDACTED: batch progress and internal diagnostics]
L000093 | [Epoch 0] [Time: 2.846980333328247]
L000094 | [Train Loss: 1.8653]
L000095 | [Train F1: 0.1882403520905644]
L000096 | [Train Acc: 0.1864702461717387]
L000097 | [Dev Loss: 1.6711]
L000098 | [Dev F1: 0.2622505661908346]
L000099 | [Dev Acc: 0.33640552995391704]
L000100 | 
L000101-L000116 | [REDACTED: batch progress and internal diagnostics]
L000117 | [Epoch 1] [Time: 2.1645209789276123]
L000118 | [Train Loss: 1.7243]
L000119 | [Train F1: 0.24699447378535244]
L000120 | [Train Acc: 0.2626477999612328]
L000121 | [Dev Loss: 1.5917]
L000122 | [Dev F1: 0.2971706301384946]
L000123 | [Dev Acc: 0.36251920122887865]
L000124 | 
L000125-L000140 | [REDACTED: batch progress and internal diagnostics]
L000141 | [Epoch 2] [Time: 2.0932259559631348]
L000142 | [Train Loss: 1.6736]
L000143 | [Train F1: 0.2579211147156072]
L000144 | [Train Acc: 0.2878464818763326]
L000145 | [Dev Loss: 1.5577]
L000146 | [Dev F1: 0.26900641579720624]
L000147 | [Dev Acc: 0.3271889400921659]
L000148 | 
L000149-L000164 | [REDACTED: batch progress and internal diagnostics]
L000165 | [Epoch 3] [Time: 2.195814371109009]
L000166 | [Train Loss: 1.598]
L000167 | [Train F1: 0.3027058756070004]
L000168 | [Train Acc: 0.33029656910253924]
L000169 | [Dev Loss: 1.5158]
L000170 | [Dev F1: 0.32040386975184504]
L000171 | [Dev Acc: 0.36251920122887865]
L000172 | 
L000173-L000188 | [REDACTED: batch progress and internal diagnostics]
L000189 | [Epoch 4] [Time: 2.289926528930664]
L000190 | [Train Loss: 1.5425]
L000191 | [Train F1: 0.33894938475599046]
L000192 | [Train Acc: 0.3570459391354914]
L000193 | [Dev Loss: 1.4671]
L000194 | [Dev F1: 0.3591671641346614]
L000195 | [Dev Acc: 0.39477726574500765]
L000196 | 
L000197-L000212 | [REDACTED: batch progress and internal diagnostics]
L000213 | [Epoch 5] [Time: 2.258507013320923]
L000214 | [Train Loss: 1.4777]
L000215 | [Train F1: 0.36490709077431593]
L000216 | [Train Acc: 0.3832138011242489]
L000217 | [Dev Loss: 1.4214]
L000218 | [Dev F1: 0.3929163403670309]
L000219 | [Dev Acc: 0.423963133640553]
L000220 | 
L000221-L000236 | [REDACTED: batch progress and internal diagnostics]
L000237 | [Epoch 6] [Time: 2.288994073867798]
L000238 | [Train Loss: 1.4143]
L000239 | [Train F1: 0.4060043154005136]
L000240 | [Train Acc: 0.4215933320410932]
L000241 | [Dev Loss: 1.3883]
L000242 | [Dev F1: 0.4357905241434551]
L000243 | [Dev Acc: 0.4685099846390169]
L000244 | 
L000245-L000260 | [REDACTED: batch progress and internal diagnostics]
L000261 | [Epoch 7] [Time: 2.2281274795532227]
L000262 | [Train Loss: 1.3603]
L000263 | [Train F1: 0.43111460089356235]
L000264 | [Train Acc: 0.4460166698972669]
L000265 | [Dev Loss: 1.3509]
L000266 | [Dev F1: 0.44364369490622474]
L000267 | [Dev Acc: 0.47619047619047616]
L000268 | 
L000269-L000284 | [REDACTED: batch progress and internal diagnostics]
L000285 | [Epoch 8] [Time: 2.1005475521087646]
L000286 | [Train Loss: 1.3072]
L000287 | [Train F1: 0.464251462991978]
L000288 | [Train Acc: 0.4768365962395813]
L000289 | [Dev Loss: 1.3034]
L000290 | [Dev F1: 0.4391504007454952]
L000291 | [Dev Acc: 0.4731182795698925]
L000292 | 
L000293-L000308 | [REDACTED: batch progress and internal diagnostics]
L000309 | [Epoch 9] [Time: 2.1107335090637207]
L000310 | [Train Loss: 1.2532]
L000311 | [Train F1: 0.48585983647623865]
L000312 | [Train Acc: 0.49757704981585577]
L000313 | [Dev Loss: 1.2649]
L000314 | [Dev F1: 0.4427265880033486]
L000315 | [Dev Acc: 0.47772657450076805]
L000316 | 
L000317-L000332 | [REDACTED: batch progress and internal diagnostics]
L000333 | [Epoch 10] [Time: 2.1174001693725586]
L000334 | [Train Loss: 1.2105]
L000335 | [Train F1: 0.49633658415756265]
L000336 | [Train Acc: 0.5076565225818958]
L000337 | [Dev Loss: 1.2219]
L000338 | [Dev F1: 0.4584203473837648]
L000339 | [Dev Acc: 0.4946236559139785]
L000340 | 
L000341-L000356 | [REDACTED: batch progress and internal diagnostics]
L000357 | [Epoch 11] [Time: 2.099876880645752]
L000358 | [Train Loss: 1.1473]
L000359 | [Train F1: 0.5257960633251547]
L000360 | [Train Acc: 0.5411901531304516]
L000361 | [Dev Loss: 1.1771]
L000362 | [Dev F1: 0.4908896443538002]
L000363 | [Dev Acc: 0.5284178187403994]
L000364 | 
L000365-L000380 | [REDACTED: batch progress and internal diagnostics]
L000381 | [Epoch 12] [Time: 2.197964906692505]
L000382 | [Train Loss: 1.0934]
L000383 | [Train F1: 0.5459485635173629]
L000384 | [Train Acc: 0.5619306067067261]
L000385 | [Dev Loss: 1.1459]
L000386 | [Dev F1: 0.49499985187526363]
L000387 | [Dev Acc: 0.5314900153609831]
L000388 | 
L000389-L000404 | [REDACTED: batch progress and internal diagnostics]
L000405 | [Epoch 13] [Time: 2.2322821617126465]
L000406 | [Train Loss: 1.0575]
L000407 | [Train F1: 0.5547876121882243]
L000408 | [Train Acc: 0.5706532273696453]
L000409 | [Dev Loss: 1.1218]
L000410 | [Dev F1: 0.5060488392471327]
L000411 | [Dev Acc: 0.5422427035330261]
L000412 | 
L000413-L000428 | [REDACTED: batch progress and internal diagnostics]
L000429 | [Epoch 14] [Time: 2.1781671047210693]
L000430 | [Train Loss: 1.0285]
L000431 | [Train F1: 0.5702256195874517]
L000432 | [Train Acc: 0.5813142081798798]
L000433 | [Dev Loss: 1.0953]
L000434 | [Dev F1: 0.540082037639061]
L000435 | [Dev Acc: 0.5714285714285714]
L000436 | 
L000437-L000452 | [REDACTED: batch progress and internal diagnostics]
L000453 | [Epoch 15] [Time: 2.071695566177368]
L000454 | [Train Loss: 0.9983]
L000455 | [Train F1: 0.5854522429210257]
L000456 | [Train Acc: 0.5954642372552821]
L000457 | [Dev Loss: 1.0896]
L000458 | [Dev F1: 0.5237987510815061]
L000459 | [Dev Acc: 0.5591397849462365]
L000460 | 
L000461-L000476 | [REDACTED: batch progress and internal diagnostics]
L000477 | [Epoch 16] [Time: 2.0444717407226562]
L000478 | [Train Loss: 0.9713]
L000479 | [Train F1: 0.6051586321745736]
L000480 | [Train Acc: 0.6162046908315565]
L000481 | [Dev Loss: 1.064]
L000482 | [Dev F1: 0.5528046205929608]
L000483 | [Dev Acc: 0.5837173579109063]
L000484 | 
L000485-L000500 | [REDACTED: batch progress and internal diagnostics]
L000501 | [Epoch 17] [Time: 2.2005131244659424]
L000502 | [Train Loss: 0.9485]
L000503 | [Train F1: 0.6086706128158482]
L000504 | [Train Acc: 0.6167861988757511]
L000505 | [Dev Loss: 1.0606]
L000506 | [Dev F1: 0.5460925828311649]
L000507 | [Dev Acc: 0.5745007680491552]
L000508 | 
L000509-L000524 | [REDACTED: batch progress and internal diagnostics]
L000525 | [Epoch 18] [Time: 2.1920950412750244]
L000526 | [Train Loss: 0.9343]
L000527 | [Train F1: 0.6131559862513895]
L000528 | [Train Acc: 0.621438263229308]
L000529 | [Dev Loss: 1.0621]
L000530 | [Dev F1: 0.5408251751928399]
L000531 | [Dev Acc: 0.5714285714285714]
L000532 | 
L000533-L000548 | [REDACTED: batch progress and internal diagnostics]
L000549 | [Epoch 19] [Time: 2.3171558380126953]
L000550 | [Train Loss: 0.9193]
L000551 | [Train F1: 0.6194619786540224]
L000552 | [Train Acc: 0.6284163597596434]
L000553 | [Dev Loss: 1.0493]
L000554 | [Dev F1: 0.5510309859557448]
L000555 | [Dev Acc: 0.5791090629800307]
L000556 | 
L000557-L000572 | [REDACTED: batch progress and internal diagnostics]
L000573 | [Epoch 20] [Time: 2.054319143295288]
L000574 | [Train Loss: 0.8951]
L000575 | [Train F1: 0.645413208566516]
L000576 | [Train Acc: 0.6520643535568909]
L000577 | [Dev Loss: 1.0431]
L000578 | [Dev F1: 0.5588380838146175]
L000579 | [Dev Acc: 0.5883256528417818]
L000580 | 
L000581-L000596 | [REDACTED: batch progress and internal diagnostics]
L000597 | [Epoch 21] [Time: 2.1122052669525146]
L000598 | [Train Loss: 0.8743]
L000599 | [Train F1: 0.6515669987072649]
L000600 | [Train Acc: 0.6605931382050785]
L000601 | [Dev Loss: 1.0379]
L000602 | [Dev F1: 0.5630091610251052]
L000603 | [Dev Acc: 0.5913978494623656]
L000604 | 
L000605-L000620 | [REDACTED: batch progress and internal diagnostics]
L000621 | [Epoch 22] [Time: 2.2536628246307373]
L000622 | [Train Loss: 0.8449]
L000623 | [Train F1: 0.6569436244689917]
L000624 | [Train Acc: 0.6642760224849777]
L000625 | [Dev Loss: 1.0431]
L000626 | [Dev F1: 0.5674112909076771]
L000627 | [Dev Acc: 0.5913978494623656]
L000628 | 
L000629-L000644 | [REDACTED: batch progress and internal diagnostics]
L000645 | [Epoch 23] [Time: 2.267775297164917]
L000646 | [Train Loss: 0.8443]
L000647 | [Train F1: 0.659188978460965]
L000648 | [Train Acc: 0.6642760224849777]
L000649 | [Dev Loss: 1.032]
L000650 | [Dev F1: 0.5763209314237134]
L000651 | [Dev Acc: 0.5990783410138248]
L000652 | 
L000653-L000668 | [REDACTED: batch progress and internal diagnostics]
L000669 | [Epoch 24] [Time: 1.962007761001587]
L000670 | [Train Loss: 0.8312]
L000671 | [Train F1: 0.6692869424370771]
L000672 | [Train Acc: 0.6745493312657492]
L000673 | [Dev Loss: 1.0438]
L000674 | [Dev F1: 0.5657701944943021]
L000675 | [Dev Acc: 0.5913978494623656]
L000676 | 
L000677-L000692 | [REDACTED: batch progress and internal diagnostics]
L000693 | [Epoch 25] [Time: 2.097257137298584]
L000694 | [Train Loss: 0.7991]
L000695 | [Train F1: 0.6752540322788066]
L000696 | [Train Acc: 0.6807520837371583]
L000697 | [Dev Loss: 1.0305]
L000698 | [Dev F1: 0.5875494459551118]
L000699 | [Dev Acc: 0.6113671274961597]
L000700 | 
L000701-L000716 | [REDACTED: batch progress and internal diagnostics]
L000717 | [Epoch 26] [Time: 2.139172315597534]
L000718 | [Train Loss: 0.7962]
L000719 | [Train F1: 0.6795727246962744]
L000720 | [Train Acc: 0.6840472959875945]
L000721 | [Dev Loss: 1.0389]
L000722 | [Dev F1: 0.5711422502225103]
L000723 | [Dev Acc: 0.5929339477726574]
L000724 | 
L000725-L000740 | [REDACTED: batch progress and internal diagnostics]
L000741 | [Epoch 27] [Time: 2.108008861541748]
L000742 | [Train Loss: 0.7859]
L000743 | [Train F1: 0.6899522755533963]
L000744 | [Train Acc: 0.694320604768366]
L000745 | [Dev Loss: 1.0297]
L000746 | [Dev F1: 0.5895094681211583]
L000747 | [Dev Acc: 0.6036866359447005]
L000748 | 
L000749-L000764 | [REDACTED: batch progress and internal diagnostics]
L000765 | [Epoch 28] [Time: 2.1015772819519043]
L000766 | [Train Loss: 0.7815]
L000767 | [Train F1: 0.6933932205990926]
L000768 | [Train Acc: 0.6954836208567552]
L000769 | [Dev Loss: 1.0386]
L000770 | [Dev F1: 0.5702250693588704]
L000771 | [Dev Acc: 0.5913978494623656]
L000772 | 
L000773-L000788 | [REDACTED: batch progress and internal diagnostics]
L000789 | [Epoch 29] [Time: 2.1955151557922363]
L000790 | [Train Loss: 0.7617]
L000791 | [Train F1: 0.6996668846282251]
L000792 | [Train Acc: 0.7030432254312852]
L000793 | [Dev Loss: 1.0543]
L000794 | [Dev F1: 0.575008686994237]
L000795 | [Dev Acc: 0.5975422427035331]
L000796 | 
L000797-L000812 | [REDACTED: batch progress and internal diagnostics]
L000813 | [Epoch 30] [Time: 2.2534329891204834]
L000814 | [Train Loss: 0.7432]
L000815 | [Train F1: 0.7051055678502962]
L000816 | [Train Acc: 0.7094398139174258]
L000817 | [Dev Loss: 1.0261]
L000818 | [Dev F1: 0.5937561595589795]
L000819 | [Dev Acc: 0.6067588325652842]
L000820 | 
L000821-L000836 | [REDACTED: batch progress and internal diagnostics]
L000837 | [Epoch 31] [Time: 2.187063217163086]
L000838 | [Train Loss: 0.7483]
L000839 | [Train F1: 0.7108399100153497]
L000840 | [Train Acc: 0.7140918782709827]
L000841 | [Dev Loss: 1.0554]
L000842 | [Dev F1: 0.5715729872303323]
L000843 | [Dev Acc: 0.5960061443932412]
L000844 | 
L000845-L000860 | [REDACTED: batch progress and internal diagnostics]
L000861 | [Epoch 32] [Time: 2.0923054218292236]
L000862 | [Train Loss: 0.733]
L000863 | [Train F1: 0.7131549526260467]
L000864 | [Train Acc: 0.7164179104477612]
L000865 | [Dev Loss: 1.047]
L000866 | [Dev F1: 0.5772406799510392]
L000867 | [Dev Acc: 0.5929339477726574]
L000868 | 
L000869-L000884 | [REDACTED: batch progress and internal diagnostics]
L000885 | [Epoch 33] [Time: 2.2067184448242188]
L000886 | [Train Loss: 0.7132]
L000887 | [Train F1: 0.7217287559235527]
L000888 | [Train Acc: 0.7241713510370227]
L000889 | [Dev Loss: 1.0326]
L000890 | [Dev F1: 0.5790043264403114]
L000891 | [Dev Acc: 0.5975422427035331]
L000892 | 
L000893-L000908 | [REDACTED: batch progress and internal diagnostics]
L000909 | [Epoch 34] [Time: 2.1698787212371826]
L000910 | [Train Loss: 0.7136]
L000911 | [Train F1: 0.7236930511394226]
L000912 | [Train Acc: 0.7259158751696065]
L000913 | [Dev Loss: 1.0468]
L000914 | [Dev F1: 0.590375828075754]
L000915 | [Dev Acc: 0.6067588325652842]
L000916 | 
L000917-L000932 | [REDACTED: batch progress and internal diagnostics]
L000933 | [Epoch 35] [Time: 2.2178728580474854]
L000934 | [Train Loss: 0.7001]
L000935 | [Train F1: 0.7246934971454395]
L000936 | [Train Acc: 0.7274665632874588]
L000937 | [Dev Loss: 1.0453]
L000938 | [Dev F1: 0.5903641048953341]
L000939 | [Dev Acc: 0.6052227342549923]
L000940 | 
L000941-L000956 | [REDACTED: batch progress and internal diagnostics]
L000957 | [Epoch 36] [Time: 2.0709664821624756]
L000958 | [Train Loss: 0.7003]
L000959 | [Train F1: 0.7341251623325793]
L000960 | [Train Acc: 0.7363830199651095]
L000961 | [Dev Loss: 1.037]
L000962 | [Dev F1: 0.5971800771704014]
L000963 | [Dev Acc: 0.6098310291858678]
L000964 | 
L000965-L000980 | [REDACTED: batch progress and internal diagnostics]
L000981 | [Epoch 37] [Time: 2.2116336822509766]
L000982 | [Train Loss: 0.6662]
L000983 | [Train F1: 0.7457916379009855]
L000984 | [Train Acc: 0.747044000775344]
L000985 | [Dev Loss: 1.0587]
L000986 | [Dev F1: 0.5935769280111447]
L000987 | [Dev Acc: 0.6067588325652842]
L000988 | 
L000989-L001004 | [REDACTED: batch progress and internal diagnostics]
L001005 | [Epoch 38] [Time: 2.1599931716918945]
L001006 | [Train Loss: 0.6655]
L001007 | [Train F1: 0.743818696462848]
L001008 | [Train Acc: 0.746268656716418]
L001009 | [Dev Loss: 1.0463]
L001010 | [Dev F1: 0.5989487205933206]
L001011 | [Dev Acc: 0.6113671274961597]
L001012 | 
L001013-L001028 | [REDACTED: batch progress and internal diagnostics]
L001029 | [Epoch 39] [Time: 2.1411333084106445]
L001030 | [Train Loss: 0.6663]
L001031 | [Train F1: 0.7393377953436867]
L001032 | [Train Acc: 0.7414227563481295]
L001033 | [Dev Loss: 1.0395]
L001034 | [Dev F1: 0.5968060916372686]
L001035 | [Dev Acc: 0.6113671274961597]
L001036 | 
L001037-L001052 | [REDACTED: batch progress and internal diagnostics]
L001053 | [Epoch 40] [Time: 2.184126615524292]
L001054 | [Train Loss: 0.6458]
L001055 | [Train F1: 0.7566647347415308]
L001056 | [Train Acc: 0.7580926536150416]
L001057 | [Dev Loss: 1.0416]
L001058 | [Dev F1: 0.5950653409756531]
L001059 | [Dev Acc: 0.6067588325652842]
L001060 | 
L001061-L001076 | [REDACTED: batch progress and internal diagnostics]
L001077 | [Epoch 41] [Time: 2.2709171772003174]
L001078 | [Train Loss: 0.6438]
L001079 | [Train F1: 0.7524954709748466]
L001080 | [Train Acc: 0.7542159333204109]
L001081 | [Dev Loss: 1.0288]
L001082 | [Dev F1: 0.6056095608998546]
L001083 | [Dev Acc: 0.6159754224270353]
L001084 | 
L001085-L001100 | [REDACTED: batch progress and internal diagnostics]
L001101 | [Epoch 42] [Time: 2.224782705307007]
L001102 | [Train Loss: 0.6251]
L001103 | [Train F1: 0.7687336546784598]
L001104 | [Train Acc: 0.770110486528397]
L001105 | [Dev Loss: 1.0562]
L001106 | [Dev F1: 0.5958244291275088]
L001107 | [Dev Acc: 0.6067588325652842]
L001108 | 
L001109-L001124 | [REDACTED: batch progress and internal diagnostics]
L001125 | [Epoch 43] [Time: 2.1067452430725098]
L001126 | [Train Loss: 0.6253]
L001127 | [Train F1: 0.7710144950499864]
L001128 | [Train Acc: 0.7722426826904439]
L001129 | [Dev Loss: 1.0534]
L001130 | [Dev F1: 0.5972181406379886]
L001131 | [Dev Acc: 0.6098310291858678]
L001132 | 
L001133-L001148 | [REDACTED: batch progress and internal diagnostics]
L001149 | [Epoch 44] [Time: 2.1684956550598145]
L001150 | [Train Loss: 0.6131]
L001151 | [Train F1: 0.7656000799029415]
L001152 | [Train Acc: 0.7670091102926924]
L001153 | [Dev Loss: 1.0606]
L001154 | [Dev F1: 0.6088981323845984]
L001155 | [Dev Acc: 0.620583717357911]
L001156 | 
L001157-L001172 | [REDACTED: batch progress and internal diagnostics]
L001173 | [Epoch 45] [Time: 2.2064449787139893]
L001174 | [Train Loss: 0.5991]
L001175 | [Train F1: 0.7690083503850557]
L001176 | [Train Acc: 0.770110486528397]
L001177 | [Dev Loss: 1.0802]
L001178 | [Dev F1: 0.5857577243592922]
L001179 | [Dev Acc: 0.5975422427035331]
L001180 | 
L001181-L001196 | [REDACTED: batch progress and internal diagnostics]
L001197 | [Epoch 46] [Time: 2.147705554962158]
L001198 | [Train Loss: 0.5896]
L001199 | [Train F1: 0.7725308914784585]
L001200 | [Train Acc: 0.7739872068230277]
L001201 | [Dev Loss: 1.0553]
L001202 | [Dev F1: 0.6047530320206441]
L001203 | [Dev Acc: 0.6144393241167435]
L001204 | 
L001205-L001220 | [REDACTED: batch progress and internal diagnostics]
L001221 | [Epoch 47] [Time: 2.201979160308838]
L001222 | [Train Loss: 0.5729]
L001223 | [Train F1: 0.78416994011192]
L001224 | [Train Acc: 0.7850358596627254]
L001225 | [Dev Loss: 1.0647]
L001226 | [Dev F1: 0.6045477246486859]
L001227 | [Dev Acc: 0.6159754224270353]
L001228 | 
L001229-L001244 | [REDACTED: batch progress and internal diagnostics]
L001245 | [Epoch 48] [Time: 2.1232943534851074]
L001246 | [Train Loss: 0.584]
L001247 | [Train F1: 0.7790843766775182]
L001248 | [Train Acc: 0.7801899592944369]
L001249 | [Dev Loss: 1.0562]
L001250 | [Dev F1: 0.6172517186049747]
L001251 | [Dev Acc: 0.6221198156682027]
L001252 | 
L001253-L001268 | [REDACTED: batch progress and internal diagnostics]
L001269 | [Epoch 49] [Time: 2.1084561347961426]
L001270 | [Train Loss: 0.5796]
L001271 | [Train F1: 0.7812501977847907]
L001272 | [Train Acc: 0.7821283194417523]
L001273 | [Dev Loss: 1.0982]
L001274 | [Dev F1: 0.5926927277905407]
L001275 | [Dev Acc: 0.6052227342549923]
L001276 | 
L001277-L001292 | [REDACTED: batch progress and internal diagnostics]
L001293 | [Epoch 50] [Time: 2.111406087875366]
L001294 | [Train Loss: 0.5737]
L001295 | [Train F1: 0.7868632275949096]
L001296 | [Train Acc: 0.7879433998836984]
L001297 | [Dev Loss: 1.05]
L001298 | [Dev F1: 0.6275961365733128]
L001299 | [Dev Acc: 0.631336405529954]
L001300 | 
L001301-L001316 | [REDACTED: batch progress and internal diagnostics]
L001317 | [Epoch 51] [Time: 2.0397231578826904]
L001318 | [Train Loss: 0.5567]
L001319 | [Train F1: 0.7967391188402422]
L001320 | [Train Acc: 0.7978290366350068]
L001321 | [Dev Loss: 1.0603]
L001322 | [Dev F1: 0.6155916317253334]
L001323 | [Dev Acc: 0.6221198156682027]
L001324 | 
L001325-L001340 | [REDACTED: batch progress and internal diagnostics]
L001341 | [Epoch 52] [Time: 2.0568628311157227]
L001342 | [Train Loss: 0.5638]
L001343 | [Train F1: 0.7887297591855155]
L001344 | [Train Acc: 0.7891064159720876]
L001345 | [Dev Loss: 1.0751]
L001346 | [Dev F1: 0.5973318385742487]
L001347 | [Dev Acc: 0.6052227342549923]
L001348 | 
L001349-L001364 | [REDACTED: batch progress and internal diagnostics]
L001365 | [Epoch 53] [Time: 2.240603446960449]
L001366 | [Train Loss: 0.5372]
L001367 | [Train F1: 0.8044728778693931]
L001368 | [Train Acc: 0.8050009691800737]
L001369 | [Dev Loss: 1.0803]
L001370 | [Dev F1: 0.6172526795573696]
L001371 | [Dev Acc: 0.6236559139784946]
L001372 | 
L001373-L001388 | [REDACTED: batch progress and internal diagnostics]
L001389 | [Epoch 54] [Time: 2.2054553031921387]
L001390 | [Train Loss: 0.5377]
L001391 | [Train F1: 0.7975676274191565]
L001392 | [Train Acc: 0.7982167086644698]
L001393 | [Dev Loss: 1.1078]
L001394 | [Dev F1: 0.5998150505308179]
L001395 | [Dev Acc: 0.6098310291858678]
L001396 | 
L001397-L001412 | [REDACTED: batch progress and internal diagnostics]
L001413 | [Epoch 55] [Time: 2.1305763721466064]
L001414 | [Train Loss: 0.5362]
L001415 | [Train F1: 0.7968466561638856]
L001416 | [Train Acc: 0.7978290366350068]
L001417 | [Dev Loss: 1.0847]
L001418 | [Dev F1: 0.621838340716857]
L001419 | [Dev Acc: 0.6251920122887865]
L001420 | 
L001421-L001436 | [REDACTED: batch progress and internal diagnostics]
L001437 | [Epoch 56] [Time: 2.1211349964141846]
L001438 | [Train Loss: 0.5224]
L001439 | [Train F1: 0.8078705977411061]
L001440 | [Train Acc: 0.8086838534599728]
L001441 | [Dev Loss: 1.0837]
L001442 | [Dev F1: 0.6001583663502522]
L001443 | [Dev Acc: 0.6098310291858678]
L001444 | 
L001445-L001460 | [REDACTED: batch progress and internal diagnostics]
L001461 | [Epoch 57] [Time: 2.1816046237945557]
L001462 | [Train Loss: 0.516]
L001463 | [Train F1: 0.8063513780667233]
L001464 | [Train Acc: 0.8071331653421205]
L001465 | [Dev Loss: 1.0821]
L001466 | [Dev F1: 0.624399983842574]
L001467 | [Dev Acc: 0.6282642089093702]
L001468 | 
L001469-L001484 | [REDACTED: batch progress and internal diagnostics]
L001485 | [Epoch 58] [Time: 2.073150873184204]
L001486 | [Train Loss: 0.5152]
L001487 | [Train F1: 0.8089443486795238]
L001488 | [Train Acc: 0.809846869548362]
L001489 | [Dev Loss: 1.0955]
L001490 | [Dev F1: 0.5902141431150238]
L001491 | [Dev Acc: 0.6006144393241167]
L001492 | 
L001493-L001508 | [REDACTED: batch progress and internal diagnostics]
L001509 | [Epoch 59] [Time: 2.2469654083251953]
L001510 | [Train Loss: 0.5199]
L001511 | [Train F1: 0.8111517414205668]
L001512 | [Train Acc: 0.8117852296956775]
L001513 | [Dev Loss: 1.1427]
L001514 | [Dev F1: 0.6133277811351836]
L001515 | [Dev Acc: 0.6159754224270353]
L001516 | 
L001517-L001532 | [REDACTED: batch progress and internal diagnostics]
L001533 | [Epoch 60] [Time: 2.1907894611358643]
L001534 | [Train Loss: 0.5161]
L001535 | [Train F1: 0.812754214454113]
L001536 | [Train Acc: 0.8129482457840667]
L001537 | [Dev Loss: 1.1225]
L001538 | [Dev F1: 0.607329726251125]
L001539 | [Dev Acc: 0.6159754224270353]
L001540 | 
L001541-L001556 | [REDACTED: batch progress and internal diagnostics]
L001557 | [Epoch 61] [Time: 2.209726095199585]
L001558 | [Train Loss: 0.4936]
L001559 | [Train F1: 0.8177347851219845]
L001560 | [Train Acc: 0.8183756541965497]
L001561 | [Dev Loss: 1.111]
L001562 | [Dev F1: 0.5961257433730743]
L001563 | [Dev Acc: 0.6036866359447005]
L001564 | 
L001565-L001580 | [REDACTED: batch progress and internal diagnostics]
L001581 | [Epoch 62] [Time: 2.1229970455169678]
L001582 | [Train Loss: 0.5039]
L001583 | [Train F1: 0.8116222906845945]
L001584 | [Train Acc: 0.8121729017251406]
L001585 | [Dev Loss: 1.1367]
L001586 | [Dev F1: 0.6001856125114924]
L001587 | [Dev Acc: 0.6082949308755761]
L001588 | 
L001589-L001604 | [REDACTED: batch progress and internal diagnostics]
L001605 | [Epoch 63] [Time: 2.3279809951782227]
L001606 | [Train Loss: 0.4995]
L001607 | [Train F1: 0.8104851585161347]
L001608 | [Train Acc: 0.8112037216514828]
L001609 | [Dev Loss: 1.1323]
L001610 | [Dev F1: 0.6025287467385191]
L001611 | [Dev Acc: 0.6082949308755761]
L001612 | 
L001613-L001628 | [REDACTED: batch progress and internal diagnostics]
L001629 | [Epoch 64] [Time: 2.184398889541626]
L001630 | [Train Loss: 0.4903]
L001631 | [Train F1: 0.8196162957973268]
L001632 | [Train Acc: 0.8201201783291335]
L001633 | [Dev Loss: 1.1457]
L001634 | [Dev F1: 0.6144875137410067]
L001635 | [Dev Acc: 0.6221198156682027]
L001636 | 
L001637-L001652 | [REDACTED: batch progress and internal diagnostics]
L001653 | [Epoch 65] [Time: 2.2349419593811035]
L001654 | [Train Loss: 0.4835]
L001655 | [Train F1: 0.8209656504948446]
L001656 | [Train Acc: 0.8216708664469858]
L001657 | [Dev Loss: 1.1271]
L001658 | [Dev F1: 0.6076818157466889]
L001659 | [Dev Acc: 0.6129032258064516]
L001660 | 
L001661-L001676 | [REDACTED: batch progress and internal diagnostics]
L001677 | [Epoch 66] [Time: 2.243358612060547]
L001678 | [Train Loss: 0.4798]
L001679 | [Train F1: 0.8228300089681809]
L001680 | [Train Acc: 0.8234153905795697]
L001681 | [Dev Loss: 1.1333]
L001682 | [Dev F1: 0.6158387683808855]
L001683 | [Dev Acc: 0.6236559139784946]
L001684 | 
L001685-L001700 | [REDACTED: batch progress and internal diagnostics]
L001701 | [Epoch 67] [Time: 2.068779230117798]
L001702 | [Train Loss: 0.4701]
L001703 | [Train F1: 0.8302965469381203]
L001704 | [Train Acc: 0.8307811591393681]
L001705 | [Dev Loss: 1.0983]
L001706 | [Dev F1: 0.6171992578261166]
L001707 | [Dev Acc: 0.6236559139784946]
L001708 | 
L001709-L001724 | [REDACTED: batch progress and internal diagnostics]
L001725 | [Epoch 68] [Time: 2.1974563598632812]
L001726 | [Train Loss: 0.4589]
L001727 | [Train F1: 0.8310508321802815]
L001728 | [Train Acc: 0.8315565031982942]
L001729 | [Dev Loss: 1.1225]
L001730 | [Dev F1: 0.6232416093432455]
L001731 | [Dev Acc: 0.6282642089093702]
L001732 | 
L001733-L001748 | [REDACTED: batch progress and internal diagnostics]
L001749 | [Epoch 69] [Time: 2.253464460372925]
L001750 | [Train Loss: 0.455]
L001751 | [Train F1: 0.832068358304175]
L001752 | [Train Acc: 0.8327195192866834]
L001753 | [Dev Loss: 1.1278]
L001754 | [Dev F1: 0.6028745623247437]
L001755 | [Dev Acc: 0.6098310291858678]
L001756 | 
L001757-L001772 | [REDACTED: batch progress and internal diagnostics]
L001773 | [Epoch 70] [Time: 2.239241361618042]
L001774 | [Train Loss: 0.4622]
L001775 | [Train F1: 0.831733456284248]
L001776 | [Train Acc: 0.8319441752277573]
L001777 | [Dev Loss: 1.1281]
L001778 | [Dev F1: 0.6312262742875812]
L001779 | [Dev Acc: 0.6344086021505376]
L001780 | 
L001781-L001796 | [REDACTED: batch progress and internal diagnostics]
L001797 | [Epoch 71] [Time: 2.1999709606170654]
L001798 | [Train Loss: 0.4453]
L001799 | [Train F1: 0.8378437043998638]
L001800 | [Train Acc: 0.8383407637138981]
L001801 | [Dev Loss: 1.1936]
L001802 | [Dev F1: 0.590372491930232]
L001803 | [Dev Acc: 0.6006144393241167]
L001804 | 
L001805-L001820 | [REDACTED: batch progress and internal diagnostics]
L001821 | [Epoch 72] [Time: 2.2399327754974365]
L001822 | [Train Loss: 0.4398]
L001823 | [Train F1: 0.8381468284756142]
L001824 | [Train Acc: 0.8385345997286295]
L001825 | [Dev Loss: 1.1388]
L001826 | [Dev F1: 0.624703441213966]
L001827 | [Dev Acc: 0.6282642089093702]
L001828 | 
L001829-L001844 | [REDACTED: batch progress and internal diagnostics]
L001845 | [Epoch 73] [Time: 2.073591709136963]
L001846 | [Train Loss: 0.4452]
L001847 | [Train F1: 0.8374365980493143]
L001848 | [Train Acc: 0.8377592556697034]
L001849 | [Dev Loss: 1.185]
L001850 | [Dev F1: 0.6044841552420942]
L001851 | [Dev Acc: 0.6144393241167435]
L001852 | 
L001853-L001868 | [REDACTED: batch progress and internal diagnostics]
L001869 | [Epoch 74] [Time: 2.1722774505615234]
L001870 | [Train Loss: 0.4409]
L001871 | [Train F1: 0.8316960801875968]
L001872 | [Train Acc: 0.8321380112424889]
L001873 | [Dev Loss: 1.1334]
L001874 | [Dev F1: 0.6234322287646286]
L001875 | [Dev Acc: 0.6282642089093702]
L001876 | 
L001877-L001892 | [REDACTED: batch progress and internal diagnostics]
L001893 | [Epoch 75] [Time: 2.2887496948242188]
L001894 | [Train Loss: 0.4331]
L001895 | [Train F1: 0.8415938395435081]
L001896 | [Train Acc: 0.8420236479937973]
L001897 | [Dev Loss: 1.1608]
L001898 | [Dev F1: 0.6079164257920453]
L001899 | [Dev Acc: 0.6159754224270353]
L001900 | 
L001901-L001916 | [REDACTED: batch progress and internal diagnostics]
L001917 | [Epoch 76] [Time: 2.1718528270721436]
L001918 | [Train Loss: 0.4211]
L001919 | [Train F1: 0.8463319467974623]
L001920 | [Train Acc: 0.8464818763326226]
L001921 | [Dev Loss: 1.1357]
L001922 | [Dev F1: 0.6144653262508455]
L001923 | [Dev Acc: 0.6190476190476191]
L001924 | 
L001925-L001940 | [REDACTED: batch progress and internal diagnostics]
L001941 | [Epoch 77] [Time: 2.1551496982574463]
L001942 | [Train Loss: 0.411]
L001943 | [Train F1: 0.8456462591240277]
L001944 | [Train Acc: 0.8462880403178911]
L001945 | [Dev Loss: 1.1944]
L001946 | [Dev F1: 0.6153012397583623]
L001947 | [Dev Acc: 0.6236559139784946]
L001948 | 
L001949-L001964 | [REDACTED: batch progress and internal diagnostics]
L001965 | [Epoch 78] [Time: 2.1688334941864014]
L001966 | [Train Loss: 0.4223]
L001967 | [Train F1: 0.8401470200499375]
L001968 | [Train Acc: 0.840472959875945]
L001969 | [Dev Loss: 1.1593]
L001970 | [Dev F1: 0.6213869323974124]
L001971 | [Dev Acc: 0.6267281105990783]
L001972 | 
L001973-L001988 | [REDACTED: batch progress and internal diagnostics]
L001989 | [Epoch 79] [Time: 2.1950252056121826]
L001990 | [Train Loss: 0.4158]
L001991 | [Train F1: 0.8494596087408894]
L001992 | [Train Acc: 0.8497770885830588]
L001993 | [Dev Loss: 1.1732]
L001994 | [Dev F1: 0.6221072537420278]
L001995 | [Dev Acc: 0.6267281105990783]
L001996 | 
L001997-L002012 | [REDACTED: batch progress and internal diagnostics]
L002013 | [Epoch 80] [Time: 2.2682058811187744]
L002014 | [Train Loss: 0.4082]
L002015 | [Train F1: 0.8493130444151372]
L002016 | [Train Acc: 0.8495832525683272]
L002017 | [Dev Loss: 1.1501]
L002018 | [Dev F1: 0.6374580666709811]
L002019 | [Dev Acc: 0.642089093701997]
L002020 | 
L002021-L002036 | [REDACTED: batch progress and internal diagnostics]
L002037 | [Epoch 81] [Time: 2.210529327392578]
L002038 | [Train Loss: 0.4028]
L002039 | [Train F1: 0.8516768432285583]
L002040 | [Train Acc: 0.8521031207598372]
L002041 | [Dev Loss: 1.1443]
L002042 | [Dev F1: 0.6310326161248827]
L002043 | [Dev Acc: 0.6344086021505376]
L002044 | 
L002045-L002060 | [REDACTED: batch progress and internal diagnostics]
L002061 | [Epoch 82] [Time: 2.2209243774414062]
L002062 | [Train Loss: 0.3886]
L002063 | [Train F1: 0.8596717125039754]
L002064 | [Train Acc: 0.8598565613490987]
L002065 | [Dev Loss: 1.1831]
L002066 | [Dev F1: 0.6219873024943222]
L002067 | [Dev Acc: 0.631336405529954]
L002068 | 
L002069-L002084 | [REDACTED: batch progress and internal diagnostics]
L002085 | [Epoch 83] [Time: 2.317037582397461]
L002086 | [Train Loss: 0.3771]
L002087 | [Train F1: 0.8631752537716432]
L002088 | [Train Acc: 0.8635394456289979]
L002089 | [Dev Loss: 1.16]
L002090 | [Dev F1: 0.6304521926103364]
L002091 | [Dev Acc: 0.6328725038402457]
L002092 | 
L002093-L002108 | [REDACTED: batch progress and internal diagnostics]
L002109 | [Epoch 84] [Time: 2.2964086532592773]
L002110 | [Train Loss: 0.3946]
L002111 | [Train F1: 0.8547204738200652]
L002112 | [Train Acc: 0.8550106609808102]
L002113 | [Dev Loss: 1.2122]
L002114 | [Dev F1: 0.6257051419069048]
L002115 | [Dev Acc: 0.6328725038402457]
L002116 | 
L002117-L002132 | [REDACTED: batch progress and internal diagnostics]
L002133 | [Epoch 85] [Time: 2.388967990875244]
L002134 | [Train Loss: 0.3762]
L002135 | [Train F1: 0.8628221558337248]
L002136 | [Train Acc: 0.8629579375848032]
L002137 | [Dev Loss: 1.1338]
L002138 | [Dev F1: 0.6397823987574897]
L002139 | [Dev Acc: 0.642089093701997]
L002140 | 
L002141-L002156 | [REDACTED: batch progress and internal diagnostics]
L002157 | [Epoch 86] [Time: 2.4257452487945557]
L002158 | [Train Loss: 0.3766]
L002159 | [Train F1: 0.8639923161846653]
L002160 | [Train Acc: 0.864314789687924]
L002161 | [Dev Loss: 1.2102]
L002162 | [Dev F1: 0.6173365962732065]
L002163 | [Dev Acc: 0.6251920122887865]
L002164 | 
L002165-L002180 | [REDACTED: batch progress and internal diagnostics]
L002181 | [Epoch 87] [Time: 2.2298178672790527]
L002182 | [Train Loss: 0.3745]
L002183 | [Train F1: 0.867035706033077]
L002184 | [Train Acc: 0.8674161659236286]
L002185 | [Dev Loss: 1.1634]
L002186 | [Dev F1: 0.6284850242461474]
L002187 | [Dev Acc: 0.6359447004608295]
L002188 | 
L002189-L002204 | [REDACTED: batch progress and internal diagnostics]
L002205 | [Epoch 88] [Time: 2.3469204902648926]
L002206 | [Train Loss: 0.372]
L002207 | [Train F1: 0.8602337427850969]
L002208 | [Train Acc: 0.8604380693932933]
L002209 | [Dev Loss: 1.2101]
L002210 | [Dev F1: 0.6253319391356623]
L002211 | [Dev Acc: 0.6282642089093702]
L002212 | 
L002213-L002228 | [REDACTED: batch progress and internal diagnostics]
L002229 | [Epoch 89] [Time: 2.279696464538574]
L002230 | [Train Loss: 0.3635]
L002231 | [Train F1: 0.8671459002393513]
L002232 | [Train Acc: 0.8674161659236286]
L002233 | [Dev Loss: 1.1738]
L002234 | [Dev F1: 0.6259698425894632]
L002235 | [Dev Acc: 0.6328725038402457]
L002236 | 
L002237-L002252 | [REDACTED: batch progress and internal diagnostics]
L002253 | [Epoch 90] [Time: 2.229440450668335]
L002254 | [Train Loss: 0.3643]
L002255 | [Train F1: 0.8686507730117378]
L002256 | [Train Acc: 0.8687730180267493]
L002257 | [Dev Loss: 1.1825]
L002258 | [Dev F1: 0.6185492597525749]
L002259 | [Dev Acc: 0.6267281105990783]
L002260 | 
L002261-L002276 | [REDACTED: batch progress and internal diagnostics]
L002277 | [Epoch 91] [Time: 2.194044828414917]
L002278 | [Train Loss: 0.3602]
L002279 | [Train F1: 0.8708998946518631]
L002280 | [Train Acc: 0.8710990502035278]
L002281 | [Dev Loss: 1.1905]
L002282 | [Dev F1: 0.6263421470814337]
L002283 | [Dev Acc: 0.6298003072196621]
L002284 | 
L002285-L002300 | [REDACTED: batch progress and internal diagnostics]
L002301 | [Epoch 92] [Time: 2.262514352798462]
L002302 | [Train Loss: 0.3626]
L002303 | [Train F1: 0.8654720289980299]
L002304 | [Train Acc: 0.8654778057763133]
L002305 | [Dev Loss: 1.1728]
L002306 | [Dev F1: 0.6270208254148018]
L002307 | [Dev Acc: 0.631336405529954]
L002308 | 
L002309-L002324 | [REDACTED: batch progress and internal diagnostics]
L002325 | [Epoch 93] [Time: 1.9330918788909912]
L002326 | [Train Loss: 0.3658]
L002327 | [Train F1: 0.8653606375706843]
L002328 | [Train Acc: 0.8654778057763133]
L002329 | [Dev Loss: 1.2264]
L002330 | [Dev F1: 0.6293046263721055]
L002331 | [Dev Acc: 0.6359447004608295]
L002332 | 
L002333-L002348 | [REDACTED: batch progress and internal diagnostics]
L002349 | [Epoch 94] [Time: 2.250129461288452]
L002350 | [Train Loss: 0.3472]
L002351 | [Train F1: 0.8688996538512421]
L002352 | [Train Acc: 0.8691606900562124]
L002353 | [Dev Loss: 1.2285]
L002354 | [Dev F1: 0.6193662969255957]
L002355 | [Dev Acc: 0.6236559139784946]
L002356 | 
L002357-L002372 | [REDACTED: batch progress and internal diagnostics]
L002373 | [Epoch 95] [Time: 2.1913082599639893]
L002374 | [Train Loss: 0.3593]
L002375 | [Train F1: 0.8677365560721257]
L002376 | [Train Acc: 0.8679976739678232]
L002377 | [Dev Loss: 1.2681]
L002378 | [Dev F1: 0.6121712445229013]
L002379 | [Dev Acc: 0.6236559139784946]
L002380 | 
L002381-L002396 | [REDACTED: batch progress and internal diagnostics]
L002397 | [Epoch 96] [Time: 2.1659984588623047]
L002398 | [Train Loss: 0.3488]
L002399 | [Train F1: 0.871155028206272]
L002400 | [Train Acc: 0.8714867222329908]
L002401 | [Dev Loss: 1.2308]
L002402 | [Dev F1: 0.6284706073054422]
L002403 | [Dev Acc: 0.631336405529954]
L002404 | 
L002405-L002420 | [REDACTED: batch progress and internal diagnostics]
L002421 | [Epoch 97] [Time: 2.2611780166625977]
L002422 | [Train Loss: 0.3431]
L002423 | [Train F1: 0.8775752288446446]
L002424 | [Train Acc: 0.8776894747044001]
L002425 | [Dev Loss: 1.2832]
L002426 | [Dev F1: 0.6077459124415485]
L002427 | [Dev Acc: 0.6175115207373272]
L002428 | 
L002429-L002444 | [REDACTED: batch progress and internal diagnostics]
L002445 | [Epoch 98] [Time: 2.244617462158203]
L002446 | [Train Loss: 0.3356]
L002447 | [Train F1: 0.8778524566239232]
L002448 | [Train Acc: 0.8780771467338632]
L002449 | [Dev Loss: 1.2226]
L002450 | [Dev F1: 0.6232525937468717]
L002451 | [Dev Acc: 0.631336405529954]
L002452 | 
L002453-L002468 | [REDACTED: batch progress and internal diagnostics]
L002469 | [Epoch 99] [Time: 2.3491320610046387]
L002470 | [Train Loss: 0.3319]
L002471 | [Train F1: 0.8756089186675966]
L002472 | [Train Acc: 0.8759449505718162]
L002473 | [Dev Loss: 1.2503]
L002474 | [Dev F1: 0.6166201217006467]
L002475 | [Dev Acc: 0.6221198156682027]
L002476 | 
L002477-L002492 | [REDACTED: batch progress and internal diagnostics]
L002493 | [Epoch 100] [Time: 2.2189605236053467]
L002494 | [Train Loss: 0.3233]
L002495 | [Train F1: 0.8865547209835771]
L002496 | [Train Acc: 0.8867997673967823]
L002497 | [Dev Loss: 1.2589]
L002498 | [Dev F1: 0.6270449860593102]
L002499 | [Dev Acc: 0.6298003072196621]
L002500 | 
L002501-L002516 | [REDACTED: batch progress and internal diagnostics]
L002517 | [Epoch 101] [Time: 1.983607530593872]
L002518 | [Train Loss: 0.327]
L002519 | [Train F1: 0.8804084846417606]
L002520 | [Train Acc: 0.8805970149253731]
L002521 | [Dev Loss: 1.2228]
L002522 | [Dev F1: 0.6330146676029591]
L002523 | [Dev Acc: 0.6405529953917051]
L002524 | 
L002525-L002540 | [REDACTED: batch progress and internal diagnostics]
L002541 | [Epoch 102] [Time: 2.0538647174835205]
L002542 | [Train Loss: 0.3193]
L002543 | [Train F1: 0.8853411880839681]
L002544 | [Train Acc: 0.8854429152936616]
L002545 | [Dev Loss: 1.2741]
L002546 | [Dev F1: 0.6295826291539381]
L002547 | [Dev Acc: 0.6328725038402457]
L002548 | 
L002549-L002564 | [REDACTED: batch progress and internal diagnostics]
L002565 | [Epoch 103] [Time: 2.114104747772217]
L002566 | [Train Loss: 0.3083]
L002567 | [Train F1: 0.8941935992774599]
L002568 | [Train Acc: 0.8943593719713123]
L002569 | [Dev Loss: 1.2012]
L002570 | [Dev F1: 0.6364474144884779]
L002571 | [Dev Acc: 0.6390168970814132]
L002572 | 
L002573-L002588 | [REDACTED: batch progress and internal diagnostics]
L002589 | [Epoch 104] [Time: 2.1161606311798096]
L002590 | [Train Loss: 0.3017]
L002591 | [Train F1: 0.8935049248348998]
L002592 | [Train Acc: 0.8935840279123861]
L002593 | [Dev Loss: 1.3233]
L002594 | [Dev F1: 0.6224970433094515]
L002595 | [Dev Acc: 0.6298003072196621]
L002596 | 
L002597-L002612 | [REDACTED: batch progress and internal diagnostics]
L002613 | [Epoch 105] [Time: 2.1019017696380615]
L002614 | [Train Loss: 0.2977]
L002615 | [Train F1: 0.8964285343100056]
L002616 | [Train Acc: 0.8966854041480907]
L002617 | [Dev Loss: 1.2622]
L002618 | [Dev F1: 0.6310276818032009]
L002619 | [Dev Acc: 0.6359447004608295]
L002620 | 
L002621-L002636 | [REDACTED: batch progress and internal diagnostics]
L002637 | [Epoch 106] [Time: 2.0803706645965576]
L002638 | [Train Loss: 0.2955]
L002639 | [Train F1: 0.8986818145350499]
L002640 | [Train Acc: 0.8986237642954061]
L002641 | [Dev Loss: 1.2774]
L002642 | [Dev F1: 0.6270375750796852]
L002643 | [Dev Acc: 0.6344086021505376]
L002644 | 
L002645-L002660 | [REDACTED: batch progress and internal diagnostics]
L002661 | [Epoch 107] [Time: 2.2190592288970947]
L002662 | [Train Loss: 0.2983]
L002663 | [Train F1: 0.8985863601768017]
L002664 | [Train Acc: 0.8988176003101376]
L002665 | [Dev Loss: 1.3029]
L002666 | [Dev F1: 0.6216506155265564]
L002667 | [Dev Acc: 0.6282642089093702]
L002668 | 
L002669-L002684 | [REDACTED: batch progress and internal diagnostics]
L002685 | [Epoch 108] [Time: 2.0452191829681396]
L002686 | [Train Loss: 0.2876]
L002687 | [Train F1: 0.9039075625966031]
L002688 | [Train Acc: 0.9042450087226207]
L002689 | [Dev Loss: 1.334]
L002690 | [Dev F1: 0.6130897252294615]
L002691 | [Dev Acc: 0.6175115207373272]
L002692 | 
L002693-L002708 | [REDACTED: batch progress and internal diagnostics]
L002709 | [Epoch 109] [Time: 2.0819997787475586]
L002710 | [Train Loss: 0.277]
L002711 | [Train F1: 0.9046992492227491]
L002712 | [Train Acc: 0.9046326807520837]
L002713 | [Dev Loss: 1.2851]
L002714 | [Dev F1: 0.6277009932290715]
L002715 | [Dev Acc: 0.6298003072196621]
L002716 | 
L002717-L002732 | [REDACTED: batch progress and internal diagnostics]
L002733 | [Epoch 110] [Time: 2.11627459526062]
L002734 | [Train Loss: 0.2781]
L002735 | [Train F1: 0.9002734939160361]
L002736 | [Train Acc: 0.9005621244427214]
L002737 | [Dev Loss: 1.329]
L002738 | [Dev F1: 0.6352440379271648]
L002739 | [Dev Acc: 0.6390168970814132]
L002740 | Early stopping at epoch: 110
L002741 | Last model
L002742 |               precision    recall  f1-score   support
L002743 | 
L002744 |          hap     0.4833    0.4028    0.4394       144
L002745 |          sad     0.7671    0.6857    0.7241       245
L002746 |          neu     0.5825    0.6250    0.6030       384
L002747 |          ang     0.6279    0.4765    0.5418       170
L002748 |          exc     0.7010    0.7057    0.7033       299
L002749 |          fru     0.5769    0.6693    0.6197       381
L002750 | 
L002751 |     accuracy                         0.6242      1623
L002752 |    macro avg     0.6231    0.5942    0.6052      1623
L002753 | weighted avg     0.6269    0.6242    0.6228      1623
L002754 | 
L002755 | Best model at epoch: 85
L002756 | Best dev F1: 0.6397823987574897
L002757 |               precision    recall  f1-score   support
L002758 | 
L002759 |          hap     0.4779    0.4514    0.4643       144
L002760 |          sad     0.8086    0.6898    0.7445       245
L002761 |          neu     0.5662    0.6458    0.6034       384
L002762 |          ang     0.6791    0.5353    0.5987       170
L002763 |          exc     0.7341    0.6555    0.6926       299
L002764 |          fru     0.5740    0.6614    0.6146       381
L002765 | 
L002766 |     accuracy                         0.6291      1623
L002767 |    macro avg     0.6400    0.6065    0.6197      1623
L002768 | weighted avg     0.6396    0.6291    0.6309      1623
L002769 | 
L002770 | Best test F1: 0.6309299141970848
L002771 | Best test Acc: 0.6290819470117067
L002772 | [SANITIZED] Saved checkpoint: [path and filename removed]
