# Redacted copy of an existing run log.
# run_id: G11-seed3
# dataset: IEMOCAP
# model: MMGCN+AMBER
# imr: (0.7,0.3,0.5)
# seed_alias: seed3
# original_log_sha256: 8bfed8310350ec44fff2b6619541dc58dd79b4bfc3ebcb74202874727505fa8a
# source_record_status: ok
# source_record_process_return_code: 3221226505
# L numbers refer to source logical lines; REDACTED/SANITIZED text is editorial.
L000001-L000065 | [REDACTED: configuration or implementation details]
L000066 | [SANITIZED] Seed alias: seed3
L000067 | 
L000068-L000069 | [REDACTED: batch progress and internal diagnostics]
L000070 | 
L000071-L000072 | [REDACTED: batch progress and internal diagnostics]
L000073 | 
L000074-L000075 | [REDACTED: batch progress and internal diagnostics]
L000076 | 
L000077-L000092 | [REDACTED: batch progress and internal diagnostics]
L000093 | [Epoch 0] [Time: 2.6781623363494873]
L000094 | [Train Loss: 1.8522]
L000095 | [Train F1: 0.1768537198514561]
L000096 | [Train Acc: 0.19717772692601068]
L000097 | [Dev Loss: 1.6285]
L000098 | [Dev F1: 0.28950309061304685]
L000099 | [Dev Acc: 0.31802120141342755]
L000100 | 
L000101-L000116 | [REDACTED: batch progress and internal diagnostics]
L000117 | [Epoch 1] [Time: 2.3656299114227295]
L000118 | [Train Loss: 1.7377]
L000119 | [Train F1: 0.23591749969069836]
L000120 | [Train Acc: 0.2540045766590389]
L000121 | [Dev Loss: 1.5705]
L000122 | [Dev F1: 0.34397777823704934]
L000123 | [Dev Acc: 0.411660777385159]
L000124 | 
L000125-L000140 | [REDACTED: batch progress and internal diagnostics]
L000141 | [Epoch 2] [Time: 2.0872809886932373]
L000142 | [Train Loss: 1.6808]
L000143 | [Train F1: 0.26252964618995495]
L000144 | [Train Acc: 0.2835621662852784]
L000145 | [Dev Loss: 1.5336]
L000146 | [Dev F1: 0.3624520215350258]
L000147 | [Dev Acc: 0.42402826855123676]
L000148 | 
L000149-L000164 | [REDACTED: batch progress and internal diagnostics]
L000165 | [Epoch 3] [Time: 2.10783052444458]
L000166 | [Train Loss: 1.627]
L000167 | [Train F1: 0.2906528638999646]
L000168 | [Train Acc: 0.30720823798627]
L000169 | [Dev Loss: 1.5082]
L000170 | [Dev F1: 0.3884884441749898]
L000171 | [Dev Acc: 0.42579505300353354]
L000172 | 
L000173-L000188 | [REDACTED: batch progress and internal diagnostics]
L000189 | [Epoch 4] [Time: 2.069293260574341]
L000190 | [Train Loss: 1.5724]
L000191 | [Train F1: 0.32175426402310014]
L000192 | [Train Acc: 0.33390541571319604]
L000193 | [Dev Loss: 1.4642]
L000194 | [Dev F1: 0.4140382216207191]
L000195 | [Dev Acc: 0.44346289752650175]
L000196 | 
L000197-L000212 | [REDACTED: batch progress and internal diagnostics]
L000213 | [Epoch 5] [Time: 2.2081754207611084]
L000214 | [Train Loss: 1.5164]
L000215 | [Train F1: 0.35958806619307393]
L000216 | [Train Acc: 0.3703279938977879]
L000217 | [Dev Loss: 1.4117]
L000218 | [Dev F1: 0.43497880314108517]
L000219 | [Dev Acc: 0.46819787985865724]
L000220 | 
L000221-L000236 | [REDACTED: batch progress and internal diagnostics]
L000237 | [Epoch 6] [Time: 2.071620225906372]
L000238 | [Train Loss: 1.4484]
L000239 | [Train F1: 0.38589027766290707]
L000240 | [Train Acc: 0.39492753623188404]
L000241 | [Dev Loss: 1.3642]
L000242 | [Dev F1: 0.4532268106421823]
L000243 | [Dev Acc: 0.4876325088339223]
L000244 | 
L000245-L000260 | [REDACTED: batch progress and internal diagnostics]
L000261 | [Epoch 7] [Time: 2.125114917755127]
L000262 | [Train Loss: 1.399]
L000263 | [Train F1: 0.42779513279338416]
L000264 | [Train Acc: 0.4345919145690313]
L000265 | [Dev Loss: 1.3208]
L000266 | [Dev F1: 0.46478213448178113]
L000267 | [Dev Acc: 0.49646643109540634]
L000268 | 
L000269-L000284 | [REDACTED: batch progress and internal diagnostics]
L000285 | [Epoch 8] [Time: 2.1665537357330322]
L000286 | [Train Loss: 1.3522]
L000287 | [Train F1: 0.44237259052258815]
L000288 | [Train Acc: 0.4500381388253242]
L000289 | [Dev Loss: 1.2807]
L000290 | [Dev F1: 0.4794440230974974]
L000291 | [Dev Acc: 0.5123674911660777]
L000292 | 
L000293-L000308 | [REDACTED: batch progress and internal diagnostics]
L000309 | [Epoch 9] [Time: 2.21435809135437]
L000310 | [Train Loss: 1.2921]
L000311 | [Train F1: 0.4786133378734542]
L000312 | [Train Acc: 0.4891304347826087]
L000313 | [Dev Loss: 1.2476]
L000314 | [Dev F1: 0.4930879171317332]
L000315 | [Dev Acc: 0.5318021201413428]
L000316 | 
L000317-L000332 | [REDACTED: batch progress and internal diagnostics]
L000333 | [Epoch 10] [Time: 2.1323819160461426]
L000334 | [Train Loss: 1.2572]
L000335 | [Train F1: 0.49716747736265604]
L000336 | [Train Acc: 0.5059115179252479]
L000337 | [Dev Loss: 1.2243]
L000338 | [Dev F1: 0.5056715776809698]
L000339 | [Dev Acc: 0.5388692579505301]
L000340 | 
L000341-L000356 | [REDACTED: batch progress and internal diagnostics]
L000357 | [Epoch 11] [Time: 2.1486802101135254]
L000358 | [Train Loss: 1.2149]
L000359 | [Train F1: 0.516852511808264]
L000360 | [Train Acc: 0.5259344012204424]
L000361 | [Dev Loss: 1.1963]
L000362 | [Dev F1: 0.509705230361397]
L000363 | [Dev Acc: 0.5424028268551236]
L000364 | 
L000365-L000380 | [REDACTED: batch progress and internal diagnostics]
L000381 | [Epoch 12] [Time: 2.1162526607513428]
L000382 | [Train Loss: 1.1879]
L000383 | [Train F1: 0.5273295339510103]
L000384 | [Train Acc: 0.5369946605644547]
L000385 | [Dev Loss: 1.1668]
L000386 | [Dev F1: 0.5110988554267215]
L000387 | [Dev Acc: 0.5441696113074205]
L000388 | 
L000389-L000404 | [REDACTED: batch progress and internal diagnostics]
L000405 | [Epoch 13] [Time: 2.0944032669067383]
L000406 | [Train Loss: 1.1365]
L000407 | [Train F1: 0.5377956500112187]
L000408 | [Train Acc: 0.5461479786422578]
L000409 | [Dev Loss: 1.1307]
L000410 | [Dev F1: 0.5126933346646492]
L000411 | [Dev Acc: 0.5530035335689046]
L000412 | 
L000413-L000428 | [REDACTED: batch progress and internal diagnostics]
L000429 | [Epoch 14] [Time: 2.1510026454925537]
L000430 | [Train Loss: 1.1062]
L000431 | [Train F1: 0.5544164525241911]
L000432 | [Train Acc: 0.5636918382913806]
L000433 | [Dev Loss: 1.0985]
L000434 | [Dev F1: 0.5305308301340439]
L000435 | [Dev Acc: 0.5618374558303887]
L000436 | 
L000437-L000452 | [REDACTED: batch progress and internal diagnostics]
L000453 | [Epoch 15] [Time: 2.0923683643341064]
L000454 | [Train Loss: 1.0568]
L000455 | [Train F1: 0.5622943160374135]
L000456 | [Train Acc: 0.5701754385964912]
L000457 | [Dev Loss: 1.063]
L000458 | [Dev F1: 0.5282478436521243]
L000459 | [Dev Acc: 0.5600706713780919]
L000460 | 
L000461-L000476 | [REDACTED: batch progress and internal diagnostics]
L000477 | [Epoch 16] [Time: 2.1682894229888916]
L000478 | [Train Loss: 1.007]
L000479 | [Train F1: 0.5842449393059347]
L000480 | [Train Acc: 0.5942028985507246]
L000481 | [Dev Loss: 1.0314]
L000482 | [Dev F1: 0.5259569337429482]
L000483 | [Dev Acc: 0.558303886925795]
L000484 | 
L000485-L000500 | [REDACTED: batch progress and internal diagnostics]
L000501 | [Epoch 17] [Time: 2.1735010147094727]
L000502 | [Train Loss: 0.9712]
L000503 | [Train F1: 0.592940857150972]
L000504 | [Train Acc: 0.6024027459954233]
L000505 | [Dev Loss: 1.0053]
L000506 | [Dev F1: 0.55913690071855]
L000507 | [Dev Acc: 0.5830388692579506]
L000508 | 
L000509-L000524 | [REDACTED: batch progress and internal diagnostics]
L000525 | [Epoch 18] [Time: 2.1186013221740723]
L000526 | [Train Loss: 0.9459]
L000527 | [Train F1: 0.6166223336897417]
L000528 | [Train Acc: 0.6250953470633105]
L000529 | [Dev Loss: 0.9871]
L000530 | [Dev F1: 0.5591192269749807]
L000531 | [Dev Acc: 0.5830388692579506]
L000532 | 
L000533-L000548 | [REDACTED: batch progress and internal diagnostics]
L000549 | [Epoch 19] [Time: 2.3191144466400146]
L000550 | [Train Loss: 0.9136]
L000551 | [Train F1: 0.6211033818427184]
L000552 | [Train Acc: 0.6283371472158658]
L000553 | [Dev Loss: 0.9725]
L000554 | [Dev F1: 0.5826614635842111]
L000555 | [Dev Acc: 0.5971731448763251]
L000556 | 
L000557-L000572 | [REDACTED: batch progress and internal diagnostics]
L000573 | [Epoch 20] [Time: 2.145972967147827]
L000574 | [Train Loss: 0.8803]
L000575 | [Train F1: 0.6398682025918436]
L000576 | [Train Acc: 0.6466437833714722]
L000577 | [Dev Loss: 0.9428]
L000578 | [Dev F1: 0.5857496626109655]
L000579 | [Dev Acc: 0.6024734982332155]
L000580 | 
L000581-L000596 | [REDACTED: batch progress and internal diagnostics]
L000597 | [Epoch 21] [Time: 2.1327638626098633]
L000598 | [Train Loss: 0.8533]
L000599 | [Train F1: 0.6407381620459333]
L000600 | [Train Acc: 0.6472158657513348]
L000601 | [Dev Loss: 0.9298]
L000602 | [Dev F1: 0.6037686343617841]
L000603 | [Dev Acc: 0.6148409893992933]
L000604 | 
L000605-L000620 | [REDACTED: batch progress and internal diagnostics]
L000621 | [Epoch 22] [Time: 2.1241416931152344]
L000622 | [Train Loss: 0.8395]
L000623 | [Train F1: 0.6526486652552758]
L000624 | [Train Acc: 0.6575133485888635]
L000625 | [Dev Loss: 0.9354]
L000626 | [Dev F1: 0.6040841040293844]
L000627 | [Dev Acc: 0.6095406360424028]
L000628 | 
L000629-L000644 | [REDACTED: batch progress and internal diagnostics]
L000645 | [Epoch 23] [Time: 2.032010793685913]
L000646 | [Train Loss: 0.8392]
L000647 | [Train F1: 0.65478311136841]
L000648 | [Train Acc: 0.6596109839816934]
L000649 | [Dev Loss: 0.9097]
L000650 | [Dev F1: 0.6179972887470435]
L000651 | [Dev Acc: 0.627208480565371]
L000652 | 
L000653-L000668 | [REDACTED: batch progress and internal diagnostics]
L000669 | [Epoch 24] [Time: 2.2665822505950928]
L000670 | [Train Loss: 0.8013]
L000671 | [Train F1: 0.6723218594168987]
L000672 | [Train Acc: 0.6762013729977117]
L000673 | [Dev Loss: 0.9054]
L000674 | [Dev F1: 0.6237297424971914]
L000675 | [Dev Acc: 0.6325088339222615]
L000676 | 
L000677-L000692 | [REDACTED: batch progress and internal diagnostics]
L000693 | [Epoch 25] [Time: 2.0844619274139404]
L000694 | [Train Loss: 0.7917]
L000695 | [Train F1: 0.6817719977002847]
L000696 | [Train Acc: 0.6859267734553776]
L000697 | [Dev Loss: 0.9063]
L000698 | [Dev F1: 0.6093747841672255]
L000699 | [Dev Acc: 0.6130742049469965]
L000700 | 
L000701-L000716 | [REDACTED: batch progress and internal diagnostics]
L000717 | [Epoch 26] [Time: 2.1281802654266357]
L000718 | [Train Loss: 0.7844]
L000719 | [Train F1: 0.6847080734107396]
L000720 | [Train Acc: 0.6880244088482075]
L000721 | [Dev Loss: 0.896]
L000722 | [Dev F1: 0.623468286460636]
L000723 | [Dev Acc: 0.6289752650176679]
L000724 | 
L000725-L000740 | [REDACTED: batch progress and internal diagnostics]
L000741 | [Epoch 27] [Time: 2.2455496788024902]
L000742 | [Train Loss: 0.7703]
L000743 | [Train F1: 0.6891797391997613]
L000744 | [Train Acc: 0.6933638443935927]
L000745 | [Dev Loss: 0.899]
L000746 | [Dev F1: 0.6215398599519459]
L000747 | [Dev Acc: 0.6289752650176679]
L000748 | 
L000749-L000764 | [REDACTED: batch progress and internal diagnostics]
L000765 | [Epoch 28] [Time: 2.233914613723755]
L000766 | [Train Loss: 0.7527]
L000767 | [Train F1: 0.7066311294337693]
L000768 | [Train Acc: 0.7095728451563692]
L000769 | [Dev Loss: 0.9094]
L000770 | [Dev F1: 0.6162113249688003]
L000771 | [Dev Acc: 0.6201413427561837]
L000772 | 
L000773-L000788 | [REDACTED: batch progress and internal diagnostics]
L000789 | [Epoch 29] [Time: 2.1115376949310303]
L000790 | [Train Loss: 0.736]
L000791 | [Train F1: 0.7017403813660615]
L000792 | [Train Acc: 0.7051868802440885]
L000793 | [Dev Loss: 0.896]
L000794 | [Dev F1: 0.6291546804240882]
L000795 | [Dev Acc: 0.6378091872791519]
L000796 | 
L000797-L000812 | [REDACTED: batch progress and internal diagnostics]
L000813 | [Epoch 30] [Time: 2.1334073543548584]
L000814 | [Train Loss: 0.7271]
L000815 | [Train F1: 0.7190236380723609]
L000816 | [Train Acc: 0.7221586575133486]
L000817 | [Dev Loss: 0.8989]
L000818 | [Dev F1: 0.6214966774883541]
L000819 | [Dev Acc: 0.6236749116607774]
L000820 | 
L000821-L000836 | [REDACTED: batch progress and internal diagnostics]
L000837 | [Epoch 31] [Time: 2.1655099391937256]
L000838 | [Train Loss: 0.7092]
L000839 | [Train F1: 0.7185092666478248]
L000840 | [Train Acc: 0.721205186880244]
L000841 | [Dev Loss: 0.9055]
L000842 | [Dev F1: 0.6286501924188042]
L000843 | [Dev Acc: 0.6360424028268551]
L000844 | 
L000845-L000860 | [REDACTED: batch progress and internal diagnostics]
L000861 | [Epoch 32] [Time: 2.2241604328155518]
L000862 | [Train Loss: 0.7027]
L000863 | [Train F1: 0.718119597007716]
L000864 | [Train Acc: 0.7208237986270023]
L000865 | [Dev Loss: 0.8852]
L000866 | [Dev F1: 0.6379250648815207]
L000867 | [Dev Acc: 0.6448763250883393]
L000868 | 
L000869-L000884 | [REDACTED: batch progress and internal diagnostics]
L000885 | [Epoch 33] [Time: 2.1643192768096924]
L000886 | [Train Loss: 0.693]
L000887 | [Train F1: 0.7290420662568861]
L000888 | [Train Acc: 0.7315026697177727]
L000889 | [Dev Loss: 0.8975]
L000890 | [Dev F1: 0.633701705833598]
L000891 | [Dev Acc: 0.6378091872791519]
L000892 | 
L000893-L000908 | [REDACTED: batch progress and internal diagnostics]
L000909 | [Epoch 34] [Time: 2.0684056282043457]
L000910 | [Train Loss: 0.6748]
L000911 | [Train F1: 0.7328377898248843]
L000912 | [Train Acc: 0.7353165522501907]
L000913 | [Dev Loss: 0.8993]
L000914 | [Dev F1: 0.6250194543776667]
L000915 | [Dev Acc: 0.6289752650176679]
L000916 | 
L000917-L000932 | [REDACTED: batch progress and internal diagnostics]
L000933 | [Epoch 35] [Time: 2.271394729614258]
L000934 | [Train Loss: 0.675]
L000935 | [Train F1: 0.7361041786560607]
L000936 | [Train Acc: 0.7379862700228833]
L000937 | [Dev Loss: 0.9181]
L000938 | [Dev F1: 0.623850734751312]
L000939 | [Dev Acc: 0.627208480565371]
L000940 | 
L000941-L000956 | [REDACTED: batch progress and internal diagnostics]
L000957 | [Epoch 36] [Time: 2.2822940349578857]
L000958 | [Train Loss: 0.6615]
L000959 | [Train F1: 0.7454786232622682]
L000960 | [Train Acc: 0.7465675057208238]
L000961 | [Dev Loss: 0.9113]
L000962 | [Dev F1: 0.6233822002001465]
L000963 | [Dev Acc: 0.6307420494699647]
L000964 | 
L000965-L000980 | [REDACTED: batch progress and internal diagnostics]
L000981 | [Epoch 37] [Time: 2.077327013015747]
L000982 | [Train Loss: 0.6525]
L000983 | [Train F1: 0.7478021973629437]
L000984 | [Train Acc: 0.7496186117467581]
L000985 | [Dev Loss: 0.9122]
L000986 | [Dev F1: 0.6294426347007612]
L000987 | [Dev Acc: 0.6342756183745583]
L000988 | 
L000989-L001004 | [REDACTED: batch progress and internal diagnostics]
L001005 | [Epoch 38] [Time: 2.0891363620758057]
L001006 | [Train Loss: 0.6488]
L001007 | [Train F1: 0.7529704003764013]
L001008 | [Train Acc: 0.7543859649122807]
L001009 | [Dev Loss: 0.8983]
L001010 | [Dev F1: 0.6301393452333084]
L001011 | [Dev Acc: 0.6325088339222615]
L001012 | 
L001013-L001028 | [REDACTED: batch progress and internal diagnostics]
L001029 | [Epoch 39] [Time: 2.2289276123046875]
L001030 | [Train Loss: 0.6452]
L001031 | [Train F1: 0.7556180909594032]
L001032 | [Train Acc: 0.7568649885583524]
L001033 | [Dev Loss: 0.8988]
L001034 | [Dev F1: 0.6467596005448288]
L001035 | [Dev Acc: 0.6537102473498233]
L001036 | 
L001037-L001052 | [REDACTED: batch progress and internal diagnostics]
L001053 | [Epoch 40] [Time: 2.3009605407714844]
L001054 | [Train Loss: 0.6314]
L001055 | [Train F1: 0.7575967852483726]
L001056 | [Train Acc: 0.7585812356979404]
L001057 | [Dev Loss: 0.9212]
L001058 | [Dev F1: 0.6384653796412649]
L001059 | [Dev Acc: 0.6395759717314488]
L001060 | 
L001061-L001076 | [REDACTED: batch progress and internal diagnostics]
L001077 | [Epoch 41] [Time: 2.2396304607391357]
L001078 | [Train Loss: 0.6198]
L001079 | [Train F1: 0.7591989967435601]
L001080 | [Train Acc: 0.7606788710907704]
L001081 | [Dev Loss: 0.9191]
L001082 | [Dev F1: 0.6203030099827999]
L001083 | [Dev Acc: 0.627208480565371]
L001084 | 
L001085-L001100 | [REDACTED: batch progress and internal diagnostics]
L001101 | [Epoch 42] [Time: 2.1037535667419434]
L001102 | [Train Loss: 0.6208]
L001103 | [Train F1: 0.7600082757629076]
L001104 | [Train Acc: 0.761632341723875]
L001105 | [Dev Loss: 0.9184]
L001106 | [Dev F1: 0.6348887540201045]
L001107 | [Dev Acc: 0.6413427561837456]
L001108 | 
L001109-L001124 | [REDACTED: batch progress and internal diagnostics]
L001125 | [Epoch 43] [Time: 2.1873347759246826]
L001126 | [Train Loss: 0.6077]
L001127 | [Train F1: 0.7688795224405897]
L001128 | [Train Acc: 0.7694508009153318]
L001129 | [Dev Loss: 0.9273]
L001130 | [Dev F1: 0.6373786269749891]
L001131 | [Dev Acc: 0.6413427561837456]
L001132 | 
L001133-L001148 | [REDACTED: batch progress and internal diagnostics]
L001149 | [Epoch 44] [Time: 2.0237443447113037]
L001150 | [Train Loss: 0.5863]
L001151 | [Train F1: 0.7730343515291429]
L001152 | [Train Acc: 0.7740274599542334]
L001153 | [Dev Loss: 0.9496]
L001154 | [Dev F1: 0.6259581937740225]
L001155 | [Dev Acc: 0.6325088339222615]
L001156 | 
L001157-L001172 | [REDACTED: batch progress and internal diagnostics]
L001173 | [Epoch 45] [Time: 2.1792256832122803]
L001174 | [Train Loss: 0.5924]
L001175 | [Train F1: 0.7695643565809275]
L001176 | [Train Acc: 0.7704042715484363]
L001177 | [Dev Loss: 0.954]
L001178 | [Dev F1: 0.6514874321537375]
L001179 | [Dev Acc: 0.6554770318021201]
L001180 | 
L001181-L001196 | [REDACTED: batch progress and internal diagnostics]
L001197 | [Epoch 46] [Time: 2.19912052154541]
L001198 | [Train Loss: 0.5739]
L001199 | [Train F1: 0.7809710708001404]
L001200 | [Train Acc: 0.7822273073989321]
L001201 | [Dev Loss: 0.9237]
L001202 | [Dev F1: 0.6411890157797605]
L001203 | [Dev Acc: 0.6466431095406361]
L001204 | 
L001205-L001220 | [REDACTED: batch progress and internal diagnostics]
L001221 | [Epoch 47] [Time: 2.08894681930542]
L001222 | [Train Loss: 0.5707]
L001223 | [Train F1: 0.7804567334762224]
L001224 | [Train Acc: 0.7812738367658276]
L001225 | [Dev Loss: 0.9493]
L001226 | [Dev F1: 0.6311546754109333]
L001227 | [Dev Acc: 0.6378091872791519]
L001228 | 
L001229-L001244 | [REDACTED: batch progress and internal diagnostics]
L001245 | [Epoch 48] [Time: 2.189204216003418]
L001246 | [Train Loss: 0.5547]
L001247 | [Train F1: 0.7906261087909081]
L001248 | [Train Acc: 0.7913806254767353]
L001249 | [Dev Loss: 0.9603]
L001250 | [Dev F1: 0.638206022855397]
L001251 | [Dev Acc: 0.6413427561837456]
L001252 | 
L001253-L001268 | [REDACTED: batch progress and internal diagnostics]
L001269 | [Epoch 49] [Time: 2.238280773162842]
L001270 | [Train Loss: 0.5453]
L001271 | [Train F1: 0.7880864251100985]
L001272 | [Train Acc: 0.7887109077040427]
L001273 | [Dev Loss: 1.0132]
L001274 | [Dev F1: 0.6288935223975882]
L001275 | [Dev Acc: 0.6360424028268551]
L001276 | 
L001277-L001292 | [REDACTED: batch progress and internal diagnostics]
L001293 | [Epoch 50] [Time: 2.095738649368286]
L001294 | [Train Loss: 0.5569]
L001295 | [Train F1: 0.7860897068236136]
L001296 | [Train Acc: 0.7864225781845919]
L001297 | [Dev Loss: 0.9676]
L001298 | [Dev F1: 0.6316271503471482]
L001299 | [Dev Acc: 0.6360424028268551]
L001300 | 
L001301-L001316 | [REDACTED: batch progress and internal diagnostics]
L001317 | [Epoch 51] [Time: 2.213042974472046]
L001318 | [Train Loss: 0.552]
L001319 | [Train F1: 0.7870858091956352]
L001320 | [Train Acc: 0.78813882532418]
L001321 | [Dev Loss: 0.9565]
L001322 | [Dev F1: 0.6399296998113584]
L001323 | [Dev Acc: 0.6431095406360424]
L001324 | 
L001325-L001340 | [REDACTED: batch progress and internal diagnostics]
L001341 | [Epoch 52] [Time: 2.244669198989868]
L001342 | [Train Loss: 0.5385]
L001343 | [Train F1: 0.7997986908974298]
L001344 | [Train Acc: 0.7999618611746758]
L001345 | [Dev Loss: 0.962]
L001346 | [Dev F1: 0.6276470249019241]
L001347 | [Dev Acc: 0.6307420494699647]
L001348 | 
L001349-L001364 | [REDACTED: batch progress and internal diagnostics]
L001365 | [Epoch 53] [Time: 2.188371419906616]
L001366 | [Train Loss: 0.5339]
L001367 | [Train F1: 0.8003272734935178]
L001368 | [Train Acc: 0.8009153318077803]
L001369 | [Dev Loss: 0.9893]
L001370 | [Dev F1: 0.6381739718353486]
L001371 | [Dev Acc: 0.6448763250883393]
L001372 | 
L001373-L001388 | [REDACTED: batch progress and internal diagnostics]
L001389 | [Epoch 54] [Time: 2.098407030105591]
L001390 | [Train Loss: 0.5321]
L001391 | [Train F1: 0.7983559694250092]
L001392 | [Train Acc: 0.7986270022883295]
L001393 | [Dev Loss: 0.9868]
L001394 | [Dev F1: 0.6388158115875726]
L001395 | [Dev Acc: 0.6466431095406361]
L001396 | 
L001397-L001412 | [REDACTED: batch progress and internal diagnostics]
L001413 | [Epoch 55] [Time: 2.157822370529175]
L001414 | [Train Loss: 0.5267]
L001415 | [Train F1: 0.8035553038532688]
L001416 | [Train Acc: 0.8039664378337147]
L001417 | [Dev Loss: 0.9755]
L001418 | [Dev F1: 0.6412043782069412]
L001419 | [Dev Acc: 0.6431095406360424]
L001420 | 
L001421-L001436 | [REDACTED: batch progress and internal diagnostics]
L001437 | [Epoch 56] [Time: 2.2402467727661133]
L001438 | [Train Loss: 0.5174]
L001439 | [Train F1: 0.8024945349861556]
L001440 | [Train Acc: 0.8032036613272311]
L001441 | [Dev Loss: 0.9846]
L001442 | [Dev F1: 0.6474597914284085]
L001443 | [Dev Acc: 0.6484098939929329]
L001444 | 
L001445-L001460 | [REDACTED: batch progress and internal diagnostics]
L001461 | [Epoch 57] [Time: 2.356684684753418]
L001462 | [Train Loss: 0.507]
L001463 | [Train F1: 0.8129187020195315]
L001464 | [Train Acc: 0.813119755911518]
L001465 | [Dev Loss: 0.9986]
L001466 | [Dev F1: 0.6346640080111354]
L001467 | [Dev Acc: 0.6466431095406361]
L001468 | 
L001469-L001484 | [REDACTED: batch progress and internal diagnostics]
L001485 | [Epoch 58] [Time: 2.2722671031951904]
L001486 | [Train Loss: 0.5077]
L001487 | [Train F1: 0.8124986497337086]
L001488 | [Train Acc: 0.813119755911518]
L001489 | [Dev Loss: 1.0074]
L001490 | [Dev F1: 0.6377099123526409]
L001491 | [Dev Acc: 0.6395759717314488]
L001492 | 
L001493-L001508 | [REDACTED: batch progress and internal diagnostics]
L001509 | [Epoch 59] [Time: 2.164511203765869]
L001510 | [Train Loss: 0.4965]
L001511 | [Train F1: 0.8098601750207481]
L001512 | [Train Acc: 0.8100686498855835]
L001513 | [Dev Loss: 1.0381]
L001514 | [Dev F1: 0.6348474218474098]
L001515 | [Dev Acc: 0.6378091872791519]
L001516 | 
L001517-L001532 | [REDACTED: batch progress and internal diagnostics]
L001533 | [Epoch 60] [Time: 2.2968082427978516]
L001534 | [Train Loss: 0.4976]
L001535 | [Train F1: 0.8109846050821531]
L001536 | [Train Acc: 0.8114035087719298]
L001537 | [Dev Loss: 1.0105]
L001538 | [Dev F1: 0.6408107727999953]
L001539 | [Dev Acc: 0.6448763250883393]
L001540 | 
L001541-L001556 | [REDACTED: batch progress and internal diagnostics]
L001557 | [Epoch 61] [Time: 2.2494006156921387]
L001558 | [Train Loss: 0.4857]
L001559 | [Train F1: 0.812862352567287]
L001560 | [Train Acc: 0.8133104500381388]
L001561 | [Dev Loss: 1.0128]
L001562 | [Dev F1: 0.6365763075566148]
L001563 | [Dev Acc: 0.6448763250883393]
L001564 | 
L001565-L001580 | [REDACTED: batch progress and internal diagnostics]
L001581 | [Epoch 62] [Time: 2.088505983352661]
L001582 | [Train Loss: 0.4886]
L001583 | [Train F1: 0.8127812419007578]
L001584 | [Train Acc: 0.813119755911518]
L001585 | [Dev Loss: 1.0127]
L001586 | [Dev F1: 0.6332887262278326]
L001587 | [Dev Acc: 0.6342756183745583]
L001588 | 
L001589-L001604 | [REDACTED: batch progress and internal diagnostics]
L001605 | [Epoch 63] [Time: 2.217048168182373]
L001606 | [Train Loss: 0.4806]
L001607 | [Train F1: 0.8188363085814656]
L001608 | [Train Acc: 0.8192219679633868]
L001609 | [Dev Loss: 1.0019]
L001610 | [Dev F1: 0.6401753619758163]
L001611 | [Dev Acc: 0.6448763250883393]
L001612 | 
L001613-L001628 | [REDACTED: batch progress and internal diagnostics]
L001629 | [Epoch 64] [Time: 2.2107255458831787]
L001630 | [Train Loss: 0.4802]
L001631 | [Train F1: 0.8190981307385831]
L001632 | [Train Acc: 0.8188405797101449]
L001633 | [Dev Loss: 1.0362]
L001634 | [Dev F1: 0.6260649486583337]
L001635 | [Dev Acc: 0.6325088339222615]
L001636 | 
L001637-L001652 | [REDACTED: batch progress and internal diagnostics]
L001653 | [Epoch 65] [Time: 2.21352219581604]
L001654 | [Train Loss: 0.4815]
L001655 | [Train F1: 0.815663217949452]
L001656 | [Train Acc: 0.8159801678108314]
L001657 | [Dev Loss: 1.0155]
L001658 | [Dev F1: 0.6287018254562293]
L001659 | [Dev Acc: 0.6342756183745583]
L001660 | 
L001661-L001676 | [REDACTED: batch progress and internal diagnostics]
L001677 | [Epoch 66] [Time: 2.173884391784668]
L001678 | [Train Loss: 0.4755]
L001679 | [Train F1: 0.8203334065004827]
L001680 | [Train Acc: 0.820747520976354]
L001681 | [Dev Loss: 1.0487]
L001682 | [Dev F1: 0.6282224914494848]
L001683 | [Dev Acc: 0.6342756183745583]
L001684 | 
L001685-L001700 | [REDACTED: batch progress and internal diagnostics]
L001701 | [Epoch 67] [Time: 2.1704530715942383]
L001702 | [Train Loss: 0.4637]
L001703 | [Train F1: 0.8244005610383535]
L001704 | [Train Acc: 0.8245614035087719]
L001705 | [Dev Loss: 1.0227]
L001706 | [Dev F1: 0.6413015086181367]
L001707 | [Dev Acc: 0.6466431095406361]
L001708 | 
L001709-L001724 | [REDACTED: batch progress and internal diagnostics]
L001725 | [Epoch 68] [Time: 2.1255877017974854]
L001726 | [Train Loss: 0.4686]
L001727 | [Train F1: 0.823171167923521]
L001728 | [Train Acc: 0.8236079328756675]
L001729 | [Dev Loss: 1.0318]
L001730 | [Dev F1: 0.6430771832281489]
L001731 | [Dev Acc: 0.6484098939929329]
L001732 | 
L001733-L001748 | [REDACTED: batch progress and internal diagnostics]
L001749 | [Epoch 69] [Time: 2.1587889194488525]
L001750 | [Train Loss: 0.4625]
L001751 | [Train F1: 0.8286252037378987]
L001752 | [Train Acc: 0.8287566742944318]
L001753 | [Dev Loss: 1.0701]
L001754 | [Dev F1: 0.6422674947268425]
L001755 | [Dev Acc: 0.6484098939929329]
L001756 | 
L001757-L001772 | [REDACTED: batch progress and internal diagnostics]
L001773 | [Epoch 70] [Time: 2.17175555229187]
L001774 | [Train Loss: 0.4628]
L001775 | [Train F1: 0.8252406714634256]
L001776 | [Train Acc: 0.8255148741418764]
L001777 | [Dev Loss: 1.0241]
L001778 | [Dev F1: 0.6417244345518103]
L001779 | [Dev Acc: 0.6448763250883393]
L001780 | Early stopping at epoch: 70
L001781 | Last model
L001782 |               precision    recall  f1-score   support
L001783 | 
L001784 |          hap     0.6129    0.3958    0.4810       144
L001785 |          sad     0.8267    0.7592    0.7915       245
L001786 |          neu     0.5328    0.6771    0.5963       384
L001787 |          ang     0.5838    0.5941    0.5889       170
L001788 |          exc     0.7248    0.7224    0.7236       299
L001789 |          fru     0.6069    0.5512    0.5777       381
L001790 | 
L001791 |     accuracy                         0.6346      1623
L001792 |    macro avg     0.6480    0.6166    0.6265      1623
L001793 | weighted avg     0.6424    0.6346    0.6339      1623
L001794 | 
L001795 | Best model at epoch: 45
L001796 | Best dev F1: 0.6514874321537375
L001797 |               precision    recall  f1-score   support
L001798 | 
L001799 |          hap     0.4783    0.3056    0.3729       144
L001800 |          sad     0.8174    0.8041    0.8107       245
L001801 |          neu     0.5260    0.7109    0.6047       384
L001802 |          ang     0.6419    0.5588    0.5975       170
L001803 |          exc     0.6901    0.7224    0.7059       299
L001804 |          fru     0.6452    0.5249    0.5789       381
L001805 | 
L001806 |     accuracy                         0.6315      1623
L001807 |    macro avg     0.6331    0.6045    0.6117      1623
L001808 | weighted avg     0.6361    0.6315    0.6270      1623
L001809 | 
L001810 | Best test F1: 0.6270384714463073
L001811 | Best test Acc: 0.6315465187923598
L001812 | [SANITIZED] Saved checkpoint: [path and filename removed]
