# Redacted copy of an existing run log.
# run_id: G11-seed4
# dataset: IEMOCAP
# model: MMGCN+AMBER
# imr: (0.7,0.3,0.5)
# seed_alias: seed4
# original_log_sha256: 55225b1509e48fe8ceb8be746e2146f9af29e534b94a2f1adc72d2b2f8ea5db2
# source_record_status: ok
# source_record_process_return_code: 3221226505
# L numbers refer to source logical lines; REDACTED/SANITIZED text is editorial.
L000001-L000065 | [REDACTED: configuration or implementation details]
L000066 | [SANITIZED] Seed alias: seed4
L000067 | 
L000068-L000069 | [REDACTED: batch progress and internal diagnostics]
L000070 | 
L000071-L000072 | [REDACTED: batch progress and internal diagnostics]
L000073 | 
L000074-L000075 | [REDACTED: batch progress and internal diagnostics]
L000076 | 
L000077-L000092 | [REDACTED: batch progress and internal diagnostics]
L000093 | [Epoch 0] [Time: 2.637690544128418]
L000094 | [Train Loss: 1.9166]
L000095 | [Train F1: 0.17001111303954528]
L000096 | [Train Acc: 0.17759510609826037]
L000097 | [Dev Loss: 1.7588]
L000098 | [Dev F1: 0.19227706837224748]
L000099 | [Dev Acc: 0.20725388601036268]
L000100 | 
L000101-L000116 | [REDACTED: batch progress and internal diagnostics]
L000117 | [Epoch 1] [Time: 2.0516374111175537]
L000118 | [Train Loss: 1.7782]
L000119 | [Train F1: 0.22639324491214732]
L000120 | [Train Acc: 0.23666602943987766]
L000121 | [Dev Loss: 1.6453]
L000122 | [Dev F1: 0.2083950616057499]
L000123 | [Dev Acc: 0.21934369602763384]
L000124 | 
L000125-L000140 | [REDACTED: batch progress and internal diagnostics]
L000141 | [Epoch 2] [Time: 2.175143003463745]
L000142 | [Train Loss: 1.6851]
L000143 | [Train F1: 0.2650557292097524]
L000144 | [Train Acc: 0.2932517683043395]
L000145 | [Dev Loss: 1.5828]
L000146 | [Dev F1: 0.24969225160890995]
L000147 | [Dev Acc: 0.25734024179620035]
L000148 | 
L000149-L000164 | [REDACTED: batch progress and internal diagnostics]
L000165 | [Epoch 3] [Time: 2.123384714126587]
L000166 | [Train Loss: 1.6215]
L000167 | [Train F1: 0.2962352696487177]
L000168 | [Train Acc: 0.3217358057732747]
L000169 | [Dev Loss: 1.5235]
L000170 | [Dev F1: 0.3303005357808526]
L000171 | [Dev Acc: 0.3609671848013817]
L000172 | 
L000173-L000188 | [REDACTED: batch progress and internal diagnostics]
L000189 | [Epoch 4] [Time: 2.227442741394043]
L000190 | [Train Loss: 1.5723]
L000191 | [Train F1: 0.31756036216293376]
L000192 | [Train Acc: 0.3362645765627987]
L000193 | [Dev Loss: 1.4724]
L000194 | [Dev F1: 0.3648823872229045]
L000195 | [Dev Acc: 0.3955094991364421]
L000196 | 
L000197-L000212 | [REDACTED: batch progress and internal diagnostics]
L000213 | [Epoch 5] [Time: 2.2730534076690674]
L000214 | [Train Loss: 1.5179]
L000215 | [Train F1: 0.3580351565949695]
L000216 | [Train Acc: 0.3693366469126362]
L000217 | [Dev Loss: 1.4395]
L000218 | [Dev F1: 0.3975785916133359]
L000219 | [Dev Acc: 0.41968911917098445]
L000220 | 
L000221-L000236 | [REDACTED: batch progress and internal diagnostics]
L000237 | [Epoch 6] [Time: 2.249246120452881]
L000238 | [Train Loss: 1.4464]
L000239 | [Train F1: 0.40106653298002626]
L000240 | [Train Acc: 0.41101127891416556]
L000241 | [Dev Loss: 1.3957]
L000242 | [Dev F1: 0.41841009779654864]
L000243 | [Dev Acc: 0.46286701208981]
L000244 | 
L000245-L000260 | [REDACTED: batch progress and internal diagnostics]
L000261 | [Epoch 7] [Time: 2.0541417598724365]
L000262 | [Train Loss: 1.3966]
L000263 | [Train F1: 0.4189338398393668]
L000264 | [Train Acc: 0.4314662588415217]
L000265 | [Dev Loss: 1.3515]
L000266 | [Dev F1: 0.4469935006542326]
L000267 | [Dev Acc: 0.49568221070811747]
L000268 | 
L000269-L000284 | [REDACTED: batch progress and internal diagnostics]
L000285 | [Epoch 8] [Time: 2.163940668106079]
L000286 | [Train Loss: 1.3579]
L000287 | [Train F1: 0.4364011661305717]
L000288 | [Train Acc: 0.4479067099980883]
L000289 | [Dev Loss: 1.3158]
L000290 | [Dev F1: 0.45489154836545465]
L000291 | [Dev Acc: 0.5043177892918825]
L000292 | 
L000293-L000308 | [REDACTED: batch progress and internal diagnostics]
L000309 | [Epoch 9] [Time: 2.0966618061065674]
L000310 | [Train Loss: 1.3024]
L000311 | [Train F1: 0.4627500934508937]
L000312 | [Train Acc: 0.4735232269164596]
L000313 | [Dev Loss: 1.2731]
L000314 | [Dev F1: 0.46241049402000606]
L000315 | [Dev Acc: 0.5094991364421416]
L000316 | 
L000317-L000332 | [REDACTED: batch progress and internal diagnostics]
L000333 | [Epoch 10] [Time: 2.137603998184204]
L000334 | [Train Loss: 1.264]
L000335 | [Train F1: 0.48781518422653725]
L000336 | [Train Acc: 0.49684572739437965]
L000337 | [Dev Loss: 1.2498]
L000338 | [Dev F1: 0.4755963154913791]
L000339 | [Dev Acc: 0.5181347150259067]
L000340 | 
L000341-L000356 | [REDACTED: batch progress and internal diagnostics]
L000357 | [Epoch 11] [Time: 2.1704764366149902]
L000358 | [Train Loss: 1.2289]
L000359 | [Train F1: 0.5043926380299986]
L000360 | [Train Acc: 0.5127126744408335]
L000361 | [Dev Loss: 1.2207]
L000362 | [Dev F1: 0.47339545982621406]
L000363 | [Dev Acc: 0.5164075993091537]
L000364 | 
L000365-L000380 | [REDACTED: batch progress and internal diagnostics]
L000381 | [Epoch 12] [Time: 2.1227779388427734]
L000382 | [Train Loss: 1.1756]
L000383 | [Train F1: 0.5259142359408306]
L000384 | [Train Acc: 0.5337411584783024]
L000385 | [Dev Loss: 1.1918]
L000386 | [Dev F1: 0.46336882635440513]
L000387 | [Dev Acc: 0.5077720207253886]
L000388 | 
L000389-L000404 | [REDACTED: batch progress and internal diagnostics]
L000405 | [Epoch 13] [Time: 2.0477848052978516]
L000406 | [Train Loss: 1.1468]
L000407 | [Train F1: 0.544868802930034]
L000408 | [Train Acc: 0.5522844580386159]
L000409 | [Dev Loss: 1.1599]
L000410 | [Dev F1: 0.49884758663669615]
L000411 | [Dev Acc: 0.5354058721934369]
L000412 | 
L000413-L000428 | [REDACTED: batch progress and internal diagnostics]
L000429 | [Epoch 14] [Time: 2.2275328636169434]
L000430 | [Train Loss: 1.1012]
L000431 | [Train F1: 0.550703318317734]
L000432 | [Train Acc: 0.5584018352131523]
L000433 | [Dev Loss: 1.1204]
L000434 | [Dev F1: 0.49366252593634713]
L000435 | [Dev Acc: 0.533678756476684]
L000436 | 
L000437-L000452 | [REDACTED: batch progress and internal diagnostics]
L000453 | [Epoch 15] [Time: 2.0029067993164062]
L000454 | [Train Loss: 1.0689]
L000455 | [Train F1: 0.5742695949848096]
L000456 | [Train Acc: 0.585738864461862]
L000457 | [Dev Loss: 1.0733]
L000458 | [Dev F1: 0.5130385209833268]
L000459 | [Dev Acc: 0.5474956822107081]
L000460 | 
L000461-L000476 | [REDACTED: batch progress and internal diagnostics]
L000477 | [Epoch 16] [Time: 1.9561035633087158]
L000478 | [Train Loss: 1.0081]
L000479 | [Train F1: 0.5957564394399669]
L000480 | [Train Acc: 0.6019881475817244]
L000481 | [Dev Loss: 1.0369]
L000482 | [Dev F1: 0.5560960265932063]
L000483 | [Dev Acc: 0.5768566493955095]
L000484 | 
L000485-L000500 | [REDACTED: batch progress and internal diagnostics]
L000501 | [Epoch 17] [Time: 2.149923801422119]
L000502 | [Train Loss: 0.9651]
L000503 | [Train F1: 0.6032544441638822]
L000504 | [Train Acc: 0.6105907092334162]
L000505 | [Dev Loss: 1.0221]
L000506 | [Dev F1: 0.5542277503861458]
L000507 | [Dev Acc: 0.5699481865284974]
L000508 | 
L000509-L000524 | [REDACTED: batch progress and internal diagnostics]
L000525 | [Epoch 18] [Time: 2.1689274311065674]
L000526 | [Train Loss: 0.9312]
L000527 | [Train F1: 0.6156095110284493]
L000528 | [Train Acc: 0.6230166316191933]
L000529 | [Dev Loss: 1.01]
L000530 | [Dev F1: 0.5632880892519344]
L000531 | [Dev Acc: 0.5803108808290155]
L000532 | 
L000533-L000548 | [REDACTED: batch progress and internal diagnostics]
L000549 | [Epoch 19] [Time: 2.1697919368743896]
L000550 | [Train Loss: 0.9157]
L000551 | [Train F1: 0.6362119626743967]
L000552 | [Train Acc: 0.6417510992162111]
L000553 | [Dev Loss: 0.9894]
L000554 | [Dev F1: 0.5775252870108504]
L000555 | [Dev Acc: 0.5924006908462867]
L000556 | 
L000557-L000572 | [REDACTED: batch progress and internal diagnostics]
L000573 | [Epoch 20] [Time: 2.1930031776428223]
L000574 | [Train Loss: 0.892]
L000575 | [Train F1: 0.640926520860336]
L000576 | [Train Acc: 0.645383291913592]
L000577 | [Dev Loss: 0.9808]
L000578 | [Dev F1: 0.5990747153298831]
L000579 | [Dev Acc: 0.6096718480138169]
L000580 | 
L000581-L000596 | [REDACTED: batch progress and internal diagnostics]
L000597 | [Epoch 21] [Time: 2.1794440746307373]
L000598 | [Train Loss: 0.8752]
L000599 | [Train F1: 0.651529943945177]
L000600 | [Train Acc: 0.6580003823360734]
L000601 | [Dev Loss: 0.9628]
L000602 | [Dev F1: 0.5983919775717432]
L000603 | [Dev Acc: 0.6096718480138169]
L000604 | 
L000605-L000620 | [REDACTED: batch progress and internal diagnostics]
L000621 | [Epoch 22] [Time: 2.1076788902282715]
L000622 | [Train Loss: 0.8436]
L000623 | [Train F1: 0.6589213455713933]
L000624 | [Train Acc: 0.6641177595106098]
L000625 | [Dev Loss: 0.966]
L000626 | [Dev F1: 0.6023526725684238]
L000627 | [Dev Acc: 0.614853195164076]
L000628 | 
L000629-L000644 | [REDACTED: batch progress and internal diagnostics]
L000645 | [Epoch 23] [Time: 2.040431499481201]
L000646 | [Train Loss: 0.834]
L000647 | [Train F1: 0.6653909776432686]
L000648 | [Train Acc: 0.6702351366851462]
L000649 | [Dev Loss: 0.9469]
L000650 | [Dev F1: 0.6037526003297305]
L000651 | [Dev Acc: 0.614853195164076]
L000652 | 
L000653-L000668 | [REDACTED: batch progress and internal diagnostics]
L000669 | [Epoch 24] [Time: 2.1902859210968018]
L000670 | [Train Loss: 0.8094]
L000671 | [Train F1: 0.6770117904998487]
L000672 | [Train Acc: 0.6815140508506977]
L000673 | [Dev Loss: 0.9527]
L000674 | [Dev F1: 0.5993816465996874]
L000675 | [Dev Acc: 0.6079447322970639]
L000676 | 
L000677-L000692 | [REDACTED: batch progress and internal diagnostics]
L000693 | [Epoch 25] [Time: 2.063849925994873]
L000694 | [Train Loss: 0.7886]
L000695 | [Train F1: 0.6862666579388684]
L000696 | [Train Acc: 0.688969604282164]
L000697 | [Dev Loss: 0.9292]
L000698 | [Dev F1: 0.6090364606025621]
L000699 | [Dev Acc: 0.6183074265975821]
L000700 | 
L000701-L000716 | [REDACTED: batch progress and internal diagnostics]
L000717 | [Epoch 26] [Time: 2.25164794921875]
L000718 | [Train Loss: 0.7841]
L000719 | [Train F1: 0.6910959069733716]
L000720 | [Train Acc: 0.695469317530109]
L000721 | [Dev Loss: 0.9246]
L000722 | [Dev F1: 0.6013823036637652]
L000723 | [Dev Acc: 0.613126079447323]
L000724 | 
L000725-L000740 | [REDACTED: batch progress and internal diagnostics]
L000741 | [Epoch 27] [Time: 2.1674270629882812]
L000742 | [Train Loss: 0.7632]
L000743 | [Train F1: 0.7015857934197288]
L000744 | [Train Acc: 0.7050277193653222]
L000745 | [Dev Loss: 0.9246]
L000746 | [Dev F1: 0.6095263412025184]
L000747 | [Dev Acc: 0.614853195164076]
L000748 | 
L000749-L000764 | [REDACTED: batch progress and internal diagnostics]
L000765 | [Epoch 28] [Time: 2.2250452041625977]
L000766 | [Train Loss: 0.7478]
L000767 | [Train F1: 0.7026323017455166]
L000768 | [Train Acc: 0.7052188874020264]
L000769 | [Dev Loss: 0.913]
L000770 | [Dev F1: 0.6145836119959519]
L000771 | [Dev Acc: 0.6183074265975821]
L000772 | 
L000773-L000788 | [REDACTED: batch progress and internal diagnostics]
L000789 | [Epoch 29] [Time: 2.101811408996582]
L000790 | [Train Loss: 0.7307]
L000791 | [Train F1: 0.7170533190924776]
L000792 | [Train Acc: 0.7184094819346205]
L000793 | [Dev Loss: 0.9264]
L000794 | [Dev F1: 0.6142100071327936]
L000795 | [Dev Acc: 0.6217616580310881]
L000796 | 
L000797-L000812 | [REDACTED: batch progress and internal diagnostics]
L000813 | [Epoch 30] [Time: 2.132577657699585]
L000814 | [Train Loss: 0.7266]
L000815 | [Train F1: 0.7096229843758813]
L000816 | [Train Acc: 0.7122921047600841]
L000817 | [Dev Loss: 0.9183]
L000818 | [Dev F1: 0.6221872500657214]
L000819 | [Dev Acc: 0.6234887737478411]
L000820 | 
L000821-L000836 | [REDACTED: batch progress and internal diagnostics]
L000837 | [Epoch 31] [Time: 2.267512559890747]
L000838 | [Train Loss: 0.7126]
L000839 | [Train F1: 0.714736316623698]
L000840 | [Train Acc: 0.7174536417510993]
L000841 | [Dev Loss: 0.9157]
L000842 | [Dev F1: 0.6202528454943663]
L000843 | [Dev Acc: 0.6252158894645942]
L000844 | 
L000845-L000860 | [REDACTED: batch progress and internal diagnostics]
L000861 | [Epoch 32] [Time: 2.1293070316314697]
L000862 | [Train Loss: 0.7129]
L000863 | [Train F1: 0.7192073528698943]
L000864 | [Train Acc: 0.721659338558593]
L000865 | [Dev Loss: 0.9138]
L000866 | [Dev F1: 0.6110225437103177]
L000867 | [Dev Acc: 0.614853195164076]
L000868 | 
L000869-L000884 | [REDACTED: batch progress and internal diagnostics]
L000885 | [Epoch 33] [Time: 2.2382097244262695]
L000886 | [Train Loss: 0.6898]
L000887 | [Train F1: 0.7287913529164345]
L000888 | [Train Acc: 0.7308354043203976]
L000889 | [Dev Loss: 0.8958]
L000890 | [Dev F1: 0.6439435943756004]
L000891 | [Dev Acc: 0.6476683937823834]
L000892 | 
L000893-L000908 | [REDACTED: batch progress and internal diagnostics]
L000909 | [Epoch 34] [Time: 2.1328961849212646]
L000910 | [Train Loss: 0.6842]
L000911 | [Train F1: 0.73273719277786]
L000912 | [Train Acc: 0.7342764289810744]
L000913 | [Dev Loss: 0.9021]
L000914 | [Dev F1: 0.6297021398043988]
L000915 | [Dev Acc: 0.6338514680483592]
L000916 | 
L000917-L000932 | [REDACTED: batch progress and internal diagnostics]
L000933 | [Epoch 35] [Time: 2.206502914428711]
L000934 | [Train Loss: 0.6753]
L000935 | [Train F1: 0.7406712564861314]
L000936 | [Train Acc: 0.7428789906327662]
L000937 | [Dev Loss: 0.9123]
L000938 | [Dev F1: 0.6255597729580683]
L000939 | [Dev Acc: 0.6286701208981001]
L000940 | 
L000941-L000956 | [REDACTED: batch progress and internal diagnostics]
L000957 | [Epoch 36] [Time: 2.2161195278167725]
L000958 | [Train Loss: 0.6654]
L000959 | [Train F1: 0.7381653845511291]
L000960 | [Train Acc: 0.7392467979353852]
L000961 | [Dev Loss: 0.9001]
L000962 | [Dev F1: 0.6285177836377517]
L000963 | [Dev Acc: 0.6303972366148531]
L000964 | 
L000965-L000980 | [REDACTED: batch progress and internal diagnostics]
L000981 | [Epoch 37] [Time: 2.112868070602417]
L000982 | [Train Loss: 0.6554]
L000983 | [Train F1: 0.7546661190209105]
L000984 | [Train Acc: 0.7556872490919518]
L000985 | [Dev Loss: 0.9052]
L000986 | [Dev F1: 0.6366181489416568]
L000987 | [Dev Acc: 0.6390328151986183]
L000988 | 
L000989-L001004 | [REDACTED: batch progress and internal diagnostics]
L001005 | [Epoch 38] [Time: 2.226414203643799]
L001006 | [Train Loss: 0.6607]
L001007 | [Train F1: 0.7475234253116237]
L001008 | [Train Acc: 0.7482316956604855]
L001009 | [Dev Loss: 0.8917]
L001010 | [Dev F1: 0.6328928751647681]
L001011 | [Dev Acc: 0.6355785837651122]
L001012 | 
L001013-L001028 | [REDACTED: batch progress and internal diagnostics]
L001029 | [Epoch 39] [Time: 2.16698956489563]
L001030 | [Train Loss: 0.6347]
L001031 | [Train F1: 0.7530879810551376]
L001032 | [Train Acc: 0.7541579047983177]
L001033 | [Dev Loss: 0.907]
L001034 | [Dev F1: 0.6275880215812685]
L001035 | [Dev Acc: 0.6286701208981001]
L001036 | 
L001037-L001052 | [REDACTED: batch progress and internal diagnostics]
L001053 | [Epoch 40] [Time: 2.1398656368255615]
L001054 | [Train Loss: 0.6301]
L001055 | [Train F1: 0.7603396993770888]
L001056 | [Train Acc: 0.7612311221563755]
L001057 | [Dev Loss: 0.916]
L001058 | [Dev F1: 0.6243240015196648]
L001059 | [Dev Acc: 0.6286701208981001]
L001060 | 
L001061-L001076 | [REDACTED: batch progress and internal diagnostics]
L001077 | [Epoch 41] [Time: 2.050752639770508]
L001078 | [Train Loss: 0.619]
L001079 | [Train F1: 0.76660646933567]
L001080 | [Train Acc: 0.7683043395144332]
L001081 | [Dev Loss: 0.9169]
L001082 | [Dev F1: 0.6453550385230931]
L001083 | [Dev Acc: 0.6476683937823834]
L001084 | 
L001085-L001100 | [REDACTED: batch progress and internal diagnostics]
L001101 | [Epoch 42] [Time: 2.261406660079956]
L001102 | [Train Loss: 0.6189]
L001103 | [Train F1: 0.7645626306709016]
L001104 | [Train Acc: 0.7656279870005736]
L001105 | [Dev Loss: 0.9045]
L001106 | [Dev F1: 0.6330008591161937]
L001107 | [Dev Acc: 0.6338514680483592]
L001108 | 
L001109-L001124 | [REDACTED: batch progress and internal diagnostics]
L001125 | [Epoch 43] [Time: 2.1106905937194824]
L001126 | [Train Loss: 0.6008]
L001127 | [Train F1: 0.7717686329769287]
L001128 | [Train Acc: 0.7728923723953355]
L001129 | [Dev Loss: 0.9331]
L001130 | [Dev F1: 0.6260010638655809]
L001131 | [Dev Acc: 0.6303972366148531]
L001132 | 
L001133-L001148 | [REDACTED: batch progress and internal diagnostics]
L001149 | [Epoch 44] [Time: 2.163527250289917]
L001150 | [Train Loss: 0.5949]
L001151 | [Train F1: 0.7720454208362582]
L001152 | [Train Acc: 0.7730835404320398]
L001153 | [Dev Loss: 0.9196]
L001154 | [Dev F1: 0.6152853382504707]
L001155 | [Dev Acc: 0.6200345423143351]
L001156 | 
L001157-L001172 | [REDACTED: batch progress and internal diagnostics]
L001173 | [Epoch 45] [Time: 2.059083938598633]
L001174 | [Train Loss: 0.5785]
L001175 | [Train F1: 0.7767736867404297]
L001176 | [Train Acc: 0.7774804052762379]
L001177 | [Dev Loss: 0.9284]
L001178 | [Dev F1: 0.6324557564990282]
L001179 | [Dev Acc: 0.6355785837651122]
L001180 | 
L001181-L001196 | [REDACTED: batch progress and internal diagnostics]
L001197 | [Epoch 46] [Time: 2.1483089923858643]
L001198 | [Train Loss: 0.579]
L001199 | [Train F1: 0.7756397368096655]
L001200 | [Train Acc: 0.7763333970560122]
L001201 | [Dev Loss: 0.9178]
L001202 | [Dev F1: 0.6341553904171143]
L001203 | [Dev Acc: 0.6355785837651122]
L001204 | 
L001205-L001220 | [REDACTED: batch progress and internal diagnostics]
L001221 | [Epoch 47] [Time: 2.078704595565796]
L001222 | [Train Loss: 0.5687]
L001223 | [Train F1: 0.7810334509408948]
L001224 | [Train Acc: 0.7814949340470273]
L001225 | [Dev Loss: 0.9404]
L001226 | [Dev F1: 0.6280319009951252]
L001227 | [Dev Acc: 0.6303972366148531]
L001228 | 
L001229-L001244 | [REDACTED: batch progress and internal diagnostics]
L001245 | [Epoch 48] [Time: 2.0772202014923096]
L001246 | [Train Loss: 0.5599]
L001247 | [Train F1: 0.7884101338230568]
L001248 | [Train Acc: 0.7891416555151979]
L001249 | [Dev Loss: 0.921]
L001250 | [Dev F1: 0.6357318867873425]
L001251 | [Dev Acc: 0.6373056994818653]
L001252 | 
L001253-L001268 | [REDACTED: batch progress and internal diagnostics]
L001269 | [Epoch 49] [Time: 2.1684176921844482]
L001270 | [Train Loss: 0.5413]
L001271 | [Train F1: 0.8000800966940809]
L001272 | [Train Acc: 0.8006117377174536]
L001273 | [Dev Loss: 0.9448]
L001274 | [Dev F1: 0.6296580872620792]
L001275 | [Dev Acc: 0.6338514680483592]
L001276 | 
L001277-L001292 | [REDACTED: batch progress and internal diagnostics]
L001293 | [Epoch 50] [Time: 2.2244293689727783]
L001294 | [Train Loss: 0.544]
L001295 | [Train F1: 0.7941801208495239]
L001296 | [Train Acc: 0.7948766966163258]
L001297 | [Dev Loss: 0.9502]
L001298 | [Dev F1: 0.6298615514540455]
L001299 | [Dev Acc: 0.6303972366148531]
L001300 | 
L001301-L001316 | [REDACTED: batch progress and internal diagnostics]
L001317 | [Epoch 51] [Time: 2.170707941055298]
L001318 | [Train Loss: 0.5318]
L001319 | [Train F1: 0.7983392511274684]
L001320 | [Train Acc: 0.798700057350411]
L001321 | [Dev Loss: 0.9571]
L001322 | [Dev F1: 0.6317475973432912]
L001323 | [Dev Acc: 0.6338514680483592]
L001324 | 
L001325-L001340 | [REDACTED: batch progress and internal diagnostics]
L001341 | [Epoch 52] [Time: 2.023796558380127]
L001342 | [Train Loss: 0.5305]
L001343 | [Train F1: 0.7957949045014021]
L001344 | [Train Acc: 0.7964060409099598]
L001345 | [Dev Loss: 0.9483]
L001346 | [Dev F1: 0.6313042495616095]
L001347 | [Dev Acc: 0.6321243523316062]
L001348 | 
L001349-L001364 | [REDACTED: batch progress and internal diagnostics]
L001365 | [Epoch 53] [Time: 2.341959238052368]
L001366 | [Train Loss: 0.5201]
L001367 | [Train F1: 0.8058584689492106]
L001368 | [Train Acc: 0.8061556107818773]
L001369 | [Dev Loss: 0.9701]
L001370 | [Dev F1: 0.619020444004561]
L001371 | [Dev Acc: 0.6200345423143351]
L001372 | 
L001373-L001388 | [REDACTED: batch progress and internal diagnostics]
L001389 | [Epoch 54] [Time: 2.158904552459717]
L001390 | [Train Loss: 0.5191]
L001391 | [Train F1: 0.8067876781887844]
L001392 | [Train Acc: 0.8071114509653986]
L001393 | [Dev Loss: 0.9722]
L001394 | [Dev F1: 0.6173513583999761]
L001395 | [Dev Acc: 0.6183074265975821]
L001396 | 
L001397-L001412 | [REDACTED: batch progress and internal diagnostics]
L001413 | [Epoch 55] [Time: 2.1863598823547363]
L001414 | [Train Loss: 0.5028]
L001415 | [Train F1: 0.8090774830841958]
L001416 | [Train Acc: 0.809596635442554]
L001417 | [Dev Loss: 0.9808]
L001418 | [Dev F1: 0.6236059670233034]
L001419 | [Dev Acc: 0.6234887737478411]
L001420 | 
L001421-L001436 | [REDACTED: batch progress and internal diagnostics]
L001437 | [Epoch 56] [Time: 2.2378017902374268]
L001438 | [Train Loss: 0.5044]
L001439 | [Train F1: 0.8075263457585053]
L001440 | [Train Acc: 0.8078761231122157]
L001441 | [Dev Loss: 0.9841]
L001442 | [Dev F1: 0.6058740916291533]
L001443 | [Dev Acc: 0.6079447322970639]
L001444 | 
L001445-L001460 | [REDACTED: batch progress and internal diagnostics]
L001461 | [Epoch 57] [Time: 2.152003288269043]
L001462 | [Train Loss: 0.4975]
L001463 | [Train F1: 0.8214761964521077]
L001464 | [Train Acc: 0.8220225578283311]
L001465 | [Dev Loss: 0.9974]
L001466 | [Dev F1: 0.6096834997084293]
L001467 | [Dev Acc: 0.6113989637305699]
L001468 | 
L001469-L001484 | [REDACTED: batch progress and internal diagnostics]
L001485 | [Epoch 58] [Time: 2.1889662742614746]
L001486 | [Train Loss: 0.4999]
L001487 | [Train F1: 0.8139365065964738]
L001488 | [Train Acc: 0.8143758363601605]
L001489 | [Dev Loss: 0.9969]
L001490 | [Dev F1: 0.6199463476477164]
L001491 | [Dev Acc: 0.6234887737478411]
L001492 | 
L001493-L001508 | [REDACTED: batch progress and internal diagnostics]
L001509 | [Epoch 59] [Time: 2.2142417430877686]
L001510 | [Train Loss: 0.4864]
L001511 | [Train F1: 0.8203212203862882]
L001512 | [Train Acc: 0.8206843815714012]
L001513 | [Dev Loss: 1.0205]
L001514 | [Dev F1: 0.5966471519720643]
L001515 | [Dev Acc: 0.5993091537132987]
L001516 | 
L001517-L001532 | [REDACTED: batch progress and internal diagnostics]
L001533 | [Epoch 60] [Time: 2.1230225563049316]
L001534 | [Train Loss: 0.4855]
L001535 | [Train F1: 0.8188500431857737]
L001536 | [Train Acc: 0.8191550372777672]
L001537 | [Dev Loss: 0.9956]
L001538 | [Dev F1: 0.620730616009302]
L001539 | [Dev Acc: 0.6217616580310881]
L001540 | 
L001541-L001556 | [REDACTED: batch progress and internal diagnostics]
L001557 | [Epoch 61] [Time: 2.13588809967041]
L001558 | [Train Loss: 0.4771]
L001559 | [Train F1: 0.8228635092173464]
L001560 | [Train Acc: 0.8231695660485567]
L001561 | [Dev Loss: 1.0118]
L001562 | [Dev F1: 0.6145553153215354]
L001563 | [Dev Acc: 0.616580310880829]
L001564 | 
L001565-L001580 | [REDACTED: batch progress and internal diagnostics]
L001581 | [Epoch 62] [Time: 2.0261847972869873]
L001582 | [Train Loss: 0.4729]
L001583 | [Train F1: 0.8213419488853221]
L001584 | [Train Acc: 0.8216402217549226]
L001585 | [Dev Loss: 1.0122]
L001586 | [Dev F1: 0.6068926825716436]
L001587 | [Dev Acc: 0.6096718480138169]
L001588 | 
L001589-L001604 | [REDACTED: batch progress and internal diagnostics]
L001605 | [Epoch 63] [Time: 2.225325107574463]
L001606 | [Train Loss: 0.4658]
L001607 | [Train F1: 0.8258223515097399]
L001608 | [Train Acc: 0.8262282546358249]
L001609 | [Dev Loss: 0.9918]
L001610 | [Dev F1: 0.617181483568635]
L001611 | [Dev Acc: 0.6183074265975821]
L001612 | 
L001613-L001628 | [REDACTED: batch progress and internal diagnostics]
L001629 | [Epoch 64] [Time: 2.196746587753296]
L001630 | [Train Loss: 0.4738]
L001631 | [Train F1: 0.8245474279043361]
L001632 | [Train Acc: 0.8246989103421908]
L001633 | [Dev Loss: 1.02]
L001634 | [Dev F1: 0.6194000404930786]
L001635 | [Dev Acc: 0.6234887737478411]
L001636 | 
L001637-L001652 | [REDACTED: batch progress and internal diagnostics]
L001653 | [Epoch 65] [Time: 2.1095120906829834]
L001654 | [Train Loss: 0.4548]
L001655 | [Train F1: 0.8303049090120943]
L001656 | [Train Acc: 0.8308162875167272]
L001657 | [Dev Loss: 1.0125]
L001658 | [Dev F1: 0.6233887904834942]
L001659 | [Dev Acc: 0.6269430051813472]
L001660 | 
L001661-L001676 | [REDACTED: batch progress and internal diagnostics]
L001677 | [Epoch 66] [Time: 2.2146472930908203]
L001678 | [Train Loss: 0.4587]
L001679 | [Train F1: 0.8305578903787599]
L001680 | [Train Acc: 0.8306251194800229]
L001681 | [Dev Loss: 1.0469]
L001682 | [Dev F1: 0.6101022242776382]
L001683 | [Dev Acc: 0.6113989637305699]
L001684 | Early stopping at epoch: 66
L001685 | Last model
L001686 |               precision    recall  f1-score   support
L001687 | 
L001688 |          hap     0.4412    0.5208    0.4777       144
L001689 |          sad     0.7753    0.8449    0.8086       245
L001690 |          neu     0.6244    0.6406    0.6324       384
L001691 |          ang     0.6463    0.6235    0.6347       170
L001692 |          exc     0.7269    0.6321    0.6762       299
L001693 |          fru     0.6359    0.6142    0.6248       381
L001694 | 
L001695 |     accuracy                         0.6513      1623
L001696 |    macro avg     0.6417    0.6460    0.6424      1623
L001697 | weighted avg     0.6548    0.6513    0.6518      1623
L001698 | 
L001699 | Best model at epoch: 41
L001700 | Best dev F1: 0.6453550385230931
L001701 |               precision    recall  f1-score   support
L001702 | 
L001703 |          hap     0.3585    0.2639    0.3040       144
L001704 |          sad     0.8504    0.8122    0.8309       245
L001705 |          neu     0.6094    0.7109    0.6562       384
L001706 |          ang     0.6879    0.5706    0.6238       170
L001707 |          exc     0.6708    0.7224    0.6957       299
L001708 |          fru     0.6532    0.6378    0.6454       381
L001709 | 
L001710 |     accuracy                         0.6568      1623
L001711 |    macro avg     0.6384    0.6196    0.6260      1623
L001712 | weighted avg     0.6533    0.6568    0.6527      1623
L001713 | 
L001714 | Best test F1: 0.652677348069507
L001715 | Best test Acc: 0.6568083795440542
L001716 | [SANITIZED] Saved checkpoint: [path and filename removed]
