# Redacted copy of an existing run log.
# run_id: G12-seed5
# dataset: IEMOCAP
# model: MMGCN+AMBER
# imr: (0.7,0.5,0.3)
# seed_alias: seed5
# original_log_sha256: 5f6f212d03bccfb1fa729c8d580e0f9b9e922697589b03318398ef1d728a5350
# source_record_status: ok
# source_record_process_return_code: 3221226505
# L numbers refer to source logical lines; REDACTED/SANITIZED text is editorial.
L000001-L000065 | [REDACTED: configuration or implementation details]
L000066 | [SANITIZED] Seed alias: seed5
L000067 | 
L000068-L000069 | [REDACTED: batch progress and internal diagnostics]
L000070 | 
L000071-L000072 | [REDACTED: batch progress and internal diagnostics]
L000073 | 
L000074-L000075 | [REDACTED: batch progress and internal diagnostics]
L000076 | 
L000077-L000092 | [REDACTED: batch progress and internal diagnostics]
L000093 | [Epoch 0] [Time: 2.690727710723877]
L000094 | [Train Loss: 1.8203]
L000095 | [Train F1: 0.20916742520084128]
L000096 | [Train Acc: 0.21674025724707238]
L000097 | [Dev Loss: 1.6389]
L000098 | [Dev F1: 0.27055531456284815]
L000099 | [Dev Acc: 0.3627287853577371]
L000100 | 
L000101-L000116 | [REDACTED: batch progress and internal diagnostics]
L000117 | [Epoch 1] [Time: 2.1234207153320312]
L000118 | [Train Loss: 1.7315]
L000119 | [Train F1: 0.24166482311366894]
L000120 | [Train Acc: 0.26358226147053176]
L000121 | [Dev Loss: 1.6098]
L000122 | [Dev F1: 0.28151070982783327]
L000123 | [Dev Acc: 0.3011647254575707]
L000124 | 
L000125-L000140 | [REDACTED: batch progress and internal diagnostics]
L000141 | [Epoch 2] [Time: 2.1749162673950195]
L000142 | [Train Loss: 1.6555]
L000143 | [Train F1: 0.2770722103521927]
L000144 | [Train Acc: 0.29948166634670764]
L000145 | [Dev Loss: 1.5631]
L000146 | [Dev F1: 0.3214395716110891]
L000147 | [Dev Acc: 0.36772046589018303]
L000148 | 
L000149-L000164 | [REDACTED: batch progress and internal diagnostics]
L000165 | [Epoch 3] [Time: 2.1019833087921143]
L000166 | [Train Loss: 1.6207]
L000167 | [Train F1: 0.3009645060646058]
L000168 | [Train Acc: 0.322710693031292]
L000169 | [Dev Loss: 1.5252]
L000170 | [Dev F1: 0.323482660829515]
L000171 | [Dev Acc: 0.3793677204658902]
L000172 | 
L000173-L000188 | [REDACTED: batch progress and internal diagnostics]
L000189 | [Epoch 4] [Time: 2.0804405212402344]
L000190 | [Train Loss: 1.5576]
L000191 | [Train F1: 0.33212810641830887]
L000192 | [Train Acc: 0.3476674985601843]
L000193 | [Dev Loss: 1.4843]
L000194 | [Dev F1: 0.37442130338319685]
L000195 | [Dev Acc: 0.41098169717138106]
L000196 | 
L000197-L000212 | [REDACTED: batch progress and internal diagnostics]
L000213 | [Epoch 5] [Time: 2.213618755340576]
L000214 | [Train Loss: 1.5037]
L000215 | [Train F1: 0.36251571858779774]
L000216 | [Train Acc: 0.3749280092148205]
L000217 | [Dev Loss: 1.437]
L000218 | [Dev F1: 0.39109493391079136]
L000219 | [Dev Acc: 0.4292845257903494]
L000220 | 
L000221-L000236 | [REDACTED: batch progress and internal diagnostics]
L000237 | [Epoch 6] [Time: 2.1148808002471924]
L000238 | [Train Loss: 1.4385]
L000239 | [Train F1: 0.4019564823169548]
L000240 | [Train Acc: 0.41332309464388556]
L000241 | [Dev Loss: 1.392]
L000242 | [Dev F1: 0.3904467209034578]
L000243 | [Dev Acc: 0.43094841930116473]
L000244 | 
L000245-L000260 | [REDACTED: batch progress and internal diagnostics]
L000261 | [Epoch 7] [Time: 2.1222965717315674]
L000262 | [Train Loss: 1.3998]
L000263 | [Train F1: 0.4120576264929147]
L000264 | [Train Acc: 0.42368976770973316]
L000265 | [Dev Loss: 1.3503]
L000266 | [Dev F1: 0.40178206091319557]
L000267 | [Dev Acc: 0.43926788685524126]
L000268 | 
L000269-L000284 | [REDACTED: batch progress and internal diagnostics]
L000285 | [Epoch 8] [Time: 2.181572198867798]
L000286 | [Train Loss: 1.358]
L000287 | [Train F1: 0.4427071203873257]
L000288 | [Train Acc: 0.4542138606258399]
L000289 | [Dev Loss: 1.3137]
L000290 | [Dev F1: 0.4412479763114278]
L000291 | [Dev Acc: 0.47420965058236275]
L000292 | 
L000293-L000308 | [REDACTED: batch progress and internal diagnostics]
L000309 | [Epoch 9] [Time: 2.10603928565979]
L000310 | [Train Loss: 1.3054]
L000311 | [Train F1: 0.4564172443936387]
L000312 | [Train Acc: 0.46822806680744866]
L000313 | [Dev Loss: 1.2868]
L000314 | [Dev F1: 0.4451773224443756]
L000315 | [Dev Acc: 0.47420965058236275]
L000316 | 
L000317-L000332 | [REDACTED: batch progress and internal diagnostics]
L000333 | [Epoch 10] [Time: 2.128682851791382]
L000334 | [Train Loss: 1.2815]
L000335 | [Train F1: 0.46282365698641614]
L000336 | [Train Acc: 0.4716836244960645]
L000337 | [Dev Loss: 1.2539]
L000338 | [Dev F1: 0.47963331094552897]
L000339 | [Dev Acc: 0.5058236272878536]
L000340 | 
L000341-L000356 | [REDACTED: batch progress and internal diagnostics]
L000357 | [Epoch 11] [Time: 2.170358896255493]
L000358 | [Train Loss: 1.2227]
L000359 | [Train F1: 0.502745350623527]
L000360 | [Train Acc: 0.5146861201766174]
L000361 | [Dev Loss: 1.2251]
L000362 | [Dev F1: 0.4719745941437183]
L000363 | [Dev Acc: 0.5008319467554077]
L000364 | 
L000365-L000380 | [REDACTED: batch progress and internal diagnostics]
L000381 | [Epoch 12] [Time: 2.2903053760528564]
L000382 | [Train Loss: 1.1857]
L000383 | [Train F1: 0.5217627729255162]
L000384 | [Train Acc: 0.5329237857554233]
L000385 | [Dev Loss: 1.1956]
L000386 | [Dev F1: 0.46311095591891627]
L000387 | [Dev Acc: 0.49584026622296173]
L000388 | 
L000389-L000404 | [REDACTED: batch progress and internal diagnostics]
L000405 | [Epoch 13] [Time: 2.049612522125244]
L000406 | [Train Loss: 1.1487]
L000407 | [Train F1: 0.5240505448905891]
L000408 | [Train Acc: 0.5361873680168938]
L000409 | [Dev Loss: 1.1771]
L000410 | [Dev F1: 0.47506358627905243]
L000411 | [Dev Acc: 0.49750415973377704]
L000412 | 
L000413-L000428 | [REDACTED: batch progress and internal diagnostics]
L000429 | [Epoch 14] [Time: 2.2821767330169678]
L000430 | [Train Loss: 1.1147]
L000431 | [Train F1: 0.537366750072983]
L000432 | [Train Acc: 0.548089844499904]
L000433 | [Dev Loss: 1.1552]
L000434 | [Dev F1: 0.48445934544256775]
L000435 | [Dev Acc: 0.5091514143094842]
L000436 | 
L000437-L000452 | [REDACTED: batch progress and internal diagnostics]
L000453 | [Epoch 15] [Time: 2.106187582015991]
L000454 | [Train Loss: 1.0829]
L000455 | [Train F1: 0.5539819216050388]
L000456 | [Train Acc: 0.564023804952966]
L000457 | [Dev Loss: 1.1253]
L000458 | [Dev F1: 0.5013662996651863]
L000459 | [Dev Acc: 0.5174708818635607]
L000460 | 
L000461-L000476 | [REDACTED: batch progress and internal diagnostics]
L000477 | [Epoch 16] [Time: 2.177199125289917]
L000478 | [Train Loss: 1.0481]
L000479 | [Train F1: 0.570788782276183]
L000480 | [Train Acc: 0.5757343060088309]
L000481 | [Dev Loss: 1.101]
L000482 | [Dev F1: 0.5143792724505266]
L000483 | [Dev Acc: 0.5324459234608985]
L000484 | 
L000485-L000500 | [REDACTED: batch progress and internal diagnostics]
L000501 | [Epoch 17] [Time: 2.1531753540039062]
L000502 | [Train Loss: 1.0086]
L000503 | [Train F1: 0.5867366826325074]
L000504 | [Train Acc: 0.597043578421962]
L000505 | [Dev Loss: 1.0754]
L000506 | [Dev F1: 0.5096613428089738]
L000507 | [Dev Acc: 0.5291181364392679]
L000508 | 
L000509-L000524 | [REDACTED: batch progress and internal diagnostics]
L000525 | [Epoch 18] [Time: 2.1967079639434814]
L000526 | [Train Loss: 0.9658]
L000527 | [Train F1: 0.6012303730235423]
L000528 | [Train Acc: 0.6095219811864081]
L000529 | [Dev Loss: 1.0495]
L000530 | [Dev F1: 0.5349683035640892]
L000531 | [Dev Acc: 0.5490848585690515]
L000532 | 
L000533-L000548 | [REDACTED: batch progress and internal diagnostics]
L000549 | [Epoch 19] [Time: 2.3192319869995117]
L000550 | [Train Loss: 0.9338]
L000551 | [Train F1: 0.6217877067180785]
L000552 | [Train Acc: 0.6279516221923593]
L000553 | [Dev Loss: 1.0423]
L000554 | [Dev F1: 0.5384500073521435]
L000555 | [Dev Acc: 0.5474209650582362]
L000556 | 
L000557-L000572 | [REDACTED: batch progress and internal diagnostics]
L000573 | [Epoch 20] [Time: 2.1339542865753174]
L000574 | [Train Loss: 0.9162]
L000575 | [Train F1: 0.6234730838571806]
L000576 | [Train Acc: 0.6298713764638126]
L000577 | [Dev Loss: 1.0336]
L000578 | [Dev F1: 0.5369261492084486]
L000579 | [Dev Acc: 0.5507487520798668]
L000580 | 
L000581-L000596 | [REDACTED: batch progress and internal diagnostics]
L000597 | [Epoch 21] [Time: 2.119818687438965]
L000598 | [Train Loss: 0.8856]
L000599 | [Train F1: 0.6323018585683137]
L000600 | [Train Acc: 0.6385102706853523]
L000601 | [Dev Loss: 1.0273]
L000602 | [Dev F1: 0.5533113924104115]
L000603 | [Dev Acc: 0.5607321131447587]
L000604 | 
L000605-L000620 | [REDACTED: batch progress and internal diagnostics]
L000621 | [Epoch 22] [Time: 2.145206928253174]
L000622 | [Train Loss: 0.868]
L000623 | [Train F1: 0.6480130979566007]
L000624 | [Train Acc: 0.6529084277212517]
L000625 | [Dev Loss: 1.031]
L000626 | [Dev F1: 0.5445642071479401]
L000627 | [Dev Acc: 0.5540765391014975]
L000628 | 
L000629-L000644 | [REDACTED: batch progress and internal diagnostics]
L000645 | [Epoch 23] [Time: 2.1743927001953125]
L000646 | [Train Loss: 0.8557]
L000647 | [Train F1: 0.6548230859829662]
L000648 | [Train Acc: 0.6586676905356115]
L000649 | [Dev Loss: 1.0032]
L000650 | [Dev F1: 0.5680925740000904]
L000651 | [Dev Acc: 0.5757071547420965]
L000652 | 
L000653-L000668 | [REDACTED: batch progress and internal diagnostics]
L000669 | [Epoch 24] [Time: 2.1528429985046387]
L000670 | [Train Loss: 0.8372]
L000671 | [Train F1: 0.6634661127157445]
L000672 | [Train Acc: 0.6673065847571511]
L000673 | [Dev Loss: 1.0029]
L000674 | [Dev F1: 0.5573824451264805]
L000675 | [Dev Acc: 0.56738768718802]
L000676 | 
L000677-L000692 | [REDACTED: batch progress and internal diagnostics]
L000693 | [Epoch 25] [Time: 2.2307770252227783]
L000694 | [Train Loss: 0.8218]
L000695 | [Train F1: 0.6714241431038388]
L000696 | [Train Acc: 0.6769053561144174]
L000697 | [Dev Loss: 1.0052]
L000698 | [Dev F1: 0.5556453478037995]
L000699 | [Dev Acc: 0.562396006655574]
L000700 | 
L000701-L000716 | [REDACTED: batch progress and internal diagnostics]
L000717 | [Epoch 26] [Time: 2.3659465312957764]
L000718 | [Train Loss: 0.8052]
L000719 | [Train F1: 0.6855219490161946]
L000720 | [Train Acc: 0.6882319063159915]
L000721 | [Dev Loss: 1.0001]
L000722 | [Dev F1: 0.5728511633613007]
L000723 | [Dev Acc: 0.5806988352745425]
L000724 | 
L000725-L000740 | [REDACTED: batch progress and internal diagnostics]
L000741 | [Epoch 27] [Time: 2.156235694885254]
L000742 | [Train Loss: 0.7895]
L000743 | [Train F1: 0.6839603281869899]
L000744 | [Train Acc: 0.6884238817431368]
L000745 | [Dev Loss: 0.9876]
L000746 | [Dev F1: 0.5872578660218818]
L000747 | [Dev Acc: 0.5923460898502496]
L000748 | 
L000749-L000764 | [REDACTED: batch progress and internal diagnostics]
L000765 | [Epoch 28] [Time: 2.263392686843872]
L000766 | [Train Loss: 0.7863]
L000767 | [Train F1: 0.6797134535780396]
L000768 | [Train Acc: 0.6820886926473412]
L000769 | [Dev Loss: 0.9872]
L000770 | [Dev F1: 0.5701350383408833]
L000771 | [Dev Acc: 0.5790349417637272]
L000772 | 
L000773-L000788 | [REDACTED: batch progress and internal diagnostics]
L000789 | [Epoch 29] [Time: 2.1477224826812744]
L000790 | [Train Loss: 0.7618]
L000791 | [Train F1: 0.7074271829185045]
L000792 | [Train Acc: 0.7101171050105587]
L000793 | [Dev Loss: 0.9867]
L000794 | [Dev F1: 0.5843475683260863]
L000795 | [Dev Acc: 0.589018302828619]
L000796 | 
L000797-L000812 | [REDACTED: batch progress and internal diagnostics]
L000813 | [Epoch 30] [Time: 2.258558511734009]
L000814 | [Train Loss: 0.7481]
L000815 | [Train F1: 0.7100041750888443]
L000816 | [Train Acc: 0.7118448838548666]
L000817 | [Dev Loss: 1.0016]
L000818 | [Dev F1: 0.5784062832545963]
L000819 | [Dev Acc: 0.5856905158069884]
L000820 | 
L000821-L000836 | [REDACTED: batch progress and internal diagnostics]
L000837 | [Epoch 31] [Time: 2.1896798610687256]
L000838 | [Train Loss: 0.7472]
L000839 | [Train F1: 0.7020641573184833]
L000840 | [Train Acc: 0.7053177193319256]
L000841 | [Dev Loss: 0.9946]
L000842 | [Dev F1: 0.5795864044518031]
L000843 | [Dev Acc: 0.5856905158069884]
L000844 | 
L000845-L000860 | [REDACTED: batch progress and internal diagnostics]
L000861 | [Epoch 32] [Time: 2.197161912918091]
L000862 | [Train Loss: 0.7415]
L000863 | [Train F1: 0.7080635932831298]
L000864 | [Train Acc: 0.7108850067191399]
L000865 | [Dev Loss: 0.9839]
L000866 | [Dev F1: 0.5856913688619784]
L000867 | [Dev Acc: 0.5923460898502496]
L000868 | 
L000869-L000884 | [REDACTED: batch progress and internal diagnostics]
L000885 | [Epoch 33] [Time: 2.326232433319092]
L000886 | [Train Loss: 0.7231]
L000887 | [Train F1: 0.7208051806521988]
L000888 | [Train Acc: 0.7225955077750048]
L000889 | [Dev Loss: 0.9946]
L000890 | [Dev F1: 0.5861079761097745]
L000891 | [Dev Acc: 0.5940099833610649]
L000892 | 
L000893-L000908 | [REDACTED: batch progress and internal diagnostics]
L000909 | [Epoch 34] [Time: 2.2422850131988525]
L000910 | [Train Loss: 0.7048]
L000911 | [Train F1: 0.7232924278672359]
L000912 | [Train Acc: 0.7247072374736033]
L000913 | [Dev Loss: 0.9875]
L000914 | [Dev F1: 0.5794179004528796]
L000915 | [Dev Acc: 0.5856905158069884]
L000916 | 
L000917-L000932 | [REDACTED: batch progress and internal diagnostics]
L000933 | [Epoch 35] [Time: 2.189474105834961]
L000934 | [Train Loss: 0.6919]
L000935 | [Train F1: 0.725025290731318]
L000936 | [Train Acc: 0.726818967172202]
L000937 | [Dev Loss: 0.9931]
L000938 | [Dev F1: 0.5833122616102061]
L000939 | [Dev Acc: 0.5873544093178037]
L000940 | 
L000941-L000956 | [REDACTED: batch progress and internal diagnostics]
L000957 | [Epoch 36] [Time: 2.318209648132324]
L000958 | [Train Loss: 0.6877]
L000959 | [Train F1: 0.7354371399009103]
L000960 | [Train Acc: 0.7377615665194855]
L000961 | [Dev Loss: 1.0035]
L000962 | [Dev F1: 0.577103730944037]
L000963 | [Dev Acc: 0.5840266222961731]
L000964 | 
L000965-L000980 | [REDACTED: batch progress and internal diagnostics]
L000981 | [Epoch 37] [Time: 2.1858737468719482]
L000982 | [Train Loss: 0.677]
L000983 | [Train F1: 0.7321616896562305]
L000984 | [Train Acc: 0.7333461316951431]
L000985 | [Dev Loss: 0.9904]
L000986 | [Dev F1: 0.5904692092838529]
L000987 | [Dev Acc: 0.5973377703826955]
L000988 | 
L000989-L001004 | [REDACTED: batch progress and internal diagnostics]
L001005 | [Epoch 38] [Time: 2.237644672393799]
L001006 | [Train Loss: 0.6746]
L001007 | [Train F1: 0.7393519772598953]
L001008 | [Train Acc: 0.74044922249952]
L001009 | [Dev Loss: 0.9997]
L001010 | [Dev F1: 0.5922288970185264]
L001011 | [Dev Acc: 0.5990016638935108]
L001012 | 
L001013-L001028 | [REDACTED: batch progress and internal diagnostics]
L001029 | [Epoch 39] [Time: 2.238205909729004]
L001030 | [Train Loss: 0.6685]
L001031 | [Train F1: 0.7396183160561765]
L001032 | [Train Acc: 0.7412171242081014]
L001033 | [Dev Loss: 0.9941]
L001034 | [Dev F1: 0.5923878794731883]
L001035 | [Dev Acc: 0.5990016638935108]
L001036 | 
L001037-L001052 | [REDACTED: batch progress and internal diagnostics]
L001053 | [Epoch 40] [Time: 2.0908524990081787]
L001054 | [Train Loss: 0.661]
L001055 | [Train F1: 0.7441887687697771]
L001056 | [Train Acc: 0.7458245344595892]
L001057 | [Dev Loss: 1.0131]
L001058 | [Dev F1: 0.600526493371253]
L001059 | [Dev Acc: 0.6089850249584027]
L001060 | 
L001061-L001076 | [REDACTED: batch progress and internal diagnostics]
L001077 | [Epoch 41] [Time: 2.255749225616455]
L001078 | [Train Loss: 0.6527]
L001079 | [Train F1: 0.7448528011069184]
L001080 | [Train Acc: 0.7465924361681705]
L001081 | [Dev Loss: 1.0118]
L001082 | [Dev F1: 0.5852532212040061]
L001083 | [Dev Acc: 0.5923460898502496]
L001084 | 
L001085-L001100 | [REDACTED: batch progress and internal diagnostics]
L001101 | [Epoch 42] [Time: 2.1977410316467285]
L001102 | [Train Loss: 0.6355]
L001103 | [Train F1: 0.7567344460030775]
L001104 | [Train Acc: 0.7577270109425993]
L001105 | [Dev Loss: 0.9924]
L001106 | [Dev F1: 0.6018628435461024]
L001107 | [Dev Acc: 0.6089850249584027]
L001108 | 
L001109-L001124 | [REDACTED: batch progress and internal diagnostics]
L001125 | [Epoch 43] [Time: 2.1755456924438477]
L001126 | [Train Loss: 0.6301]
L001127 | [Train F1: 0.754848621678696]
L001128 | [Train Acc: 0.7561912075254368]
L001129 | [Dev Loss: 1.008]
L001130 | [Dev F1: 0.5883552317049185]
L001131 | [Dev Acc: 0.5940099833610649]
L001132 | 
L001133-L001148 | [REDACTED: batch progress and internal diagnostics]
L001149 | [Epoch 44] [Time: 2.240833044052124]
L001150 | [Train Loss: 0.6281]
L001151 | [Train F1: 0.7542127543411171]
L001152 | [Train Acc: 0.7548473795354195]
L001153 | [Dev Loss: 1.0079]
L001154 | [Dev F1: 0.5908449538172358]
L001155 | [Dev Acc: 0.6006655574043261]
L001156 | 
L001157-L001172 | [REDACTED: batch progress and internal diagnostics]
L001173 | [Epoch 45] [Time: 2.1978464126586914]
L001174 | [Train Loss: 0.6067]
L001175 | [Train F1: 0.7585392941483279]
L001176 | [Train Acc: 0.7604146669226339]
L001177 | [Dev Loss: 1.0191]
L001178 | [Dev F1: 0.5852550823377083]
L001179 | [Dev Acc: 0.5923460898502496]
L001180 | 
L001181-L001196 | [REDACTED: batch progress and internal diagnostics]
L001197 | [Epoch 46] [Time: 2.1497573852539062]
L001198 | [Train Loss: 0.6024]
L001199 | [Train F1: 0.7679285482203345]
L001200 | [Train Acc: 0.7682856594355922]
L001201 | [Dev Loss: 1.0402]
L001202 | [Dev F1: 0.5941716029682311]
L001203 | [Dev Acc: 0.6023294509151415]
L001204 | 
L001205-L001220 | [REDACTED: batch progress and internal diagnostics]
L001221 | [Epoch 47] [Time: 2.118084192276001]
L001222 | [Train Loss: 0.6028]
L001223 | [Train F1: 0.7677474423540231]
L001224 | [Train Acc: 0.7694375119984642]
L001225 | [Dev Loss: 1.0186]
L001226 | [Dev F1: 0.5831613863339021]
L001227 | [Dev Acc: 0.589018302828619]
L001228 | 
L001229-L001244 | [REDACTED: batch progress and internal diagnostics]
L001245 | [Epoch 48] [Time: 2.0534298419952393]
L001246 | [Train Loss: 0.5814]
L001247 | [Train F1: 0.7740325269784071]
L001248 | [Train Acc: 0.7748128239585333]
L001249 | [Dev Loss: 1.0395]
L001250 | [Dev F1: 0.588395724856613]
L001251 | [Dev Acc: 0.5956738768718802]
L001252 | 
L001253-L001268 | [REDACTED: batch progress and internal diagnostics]
L001269 | [Epoch 49] [Time: 2.0911221504211426]
L001270 | [Train Loss: 0.5927]
L001271 | [Train F1: 0.7742440671313688]
L001272 | [Train Acc: 0.7757727010942599]
L001273 | [Dev Loss: 1.0324]
L001274 | [Dev F1: 0.5764694101661407]
L001275 | [Dev Acc: 0.5856905158069884]
L001276 | 
L001277-L001292 | [REDACTED: batch progress and internal diagnostics]
L001293 | [Epoch 50] [Time: 2.2458925247192383]
L001294 | [Train Loss: 0.5772]
L001295 | [Train F1: 0.7753717972673738]
L001296 | [Train Acc: 0.7755807256671146]
L001297 | [Dev Loss: 1.081]
L001298 | [Dev F1: 0.5839101177377188]
L001299 | [Dev Acc: 0.5940099833610649]
L001300 | 
L001301-L001316 | [REDACTED: batch progress and internal diagnostics]
L001317 | [Epoch 51] [Time: 2.1338086128234863]
L001318 | [Train Loss: 0.5594]
L001319 | [Train F1: 0.7832571091612949]
L001320 | [Train Acc: 0.784027644461509]
L001321 | [Dev Loss: 1.0368]
L001322 | [Dev F1: 0.5851425908594042]
L001323 | [Dev Acc: 0.5940099833610649]
L001324 | 
L001325-L001340 | [REDACTED: batch progress and internal diagnostics]
L001341 | [Epoch 52] [Time: 2.2410104274749756]
L001342 | [Train Loss: 0.5676]
L001343 | [Train F1: 0.7834457785903587]
L001344 | [Train Acc: 0.784027644461509]
L001345 | [Dev Loss: 1.0675]
L001346 | [Dev F1: 0.5805488882281946]
L001347 | [Dev Acc: 0.589018302828619]
L001348 | 
L001349-L001364 | [REDACTED: batch progress and internal diagnostics]
L001365 | [Epoch 53] [Time: 2.205148220062256]
L001366 | [Train Loss: 0.5567]
L001367 | [Train F1: 0.7853172858635167]
L001368 | [Train Acc: 0.7861393741601075]
L001369 | [Dev Loss: 1.0628]
L001370 | [Dev F1: 0.5644461477409195]
L001371 | [Dev Acc: 0.5723793677204659]
L001372 | 
L001373-L001388 | [REDACTED: batch progress and internal diagnostics]
L001389 | [Epoch 54] [Time: 2.2593202590942383]
L001390 | [Train Loss: 0.5562]
L001391 | [Train F1: 0.7881247771329533]
L001392 | [Train Acc: 0.7890190055672874]
L001393 | [Dev Loss: 1.0838]
L001394 | [Dev F1: 0.5866213720236321]
L001395 | [Dev Acc: 0.5940099833610649]
L001396 | 
L001397-L001412 | [REDACTED: batch progress and internal diagnostics]
L001413 | [Epoch 55] [Time: 2.126596450805664]
L001414 | [Train Loss: 0.553]
L001415 | [Train F1: 0.7901512057597491]
L001416 | [Train Acc: 0.7907467844115953]
L001417 | [Dev Loss: 1.0931]
L001418 | [Dev F1: 0.5960775843450246]
L001419 | [Dev Acc: 0.6039933444259568]
L001420 | 
L001421-L001436 | [REDACTED: batch progress and internal diagnostics]
L001437 | [Epoch 56] [Time: 2.277933359146118]
L001438 | [Train Loss: 0.551]
L001439 | [Train F1: 0.787539687771556]
L001440 | [Train Acc: 0.7882511038587061]
L001441 | [Dev Loss: 1.0806]
L001442 | [Dev F1: 0.5942054320610701]
L001443 | [Dev Acc: 0.6039933444259568]
L001444 | 
L001445-L001460 | [REDACTED: batch progress and internal diagnostics]
L001461 | [Epoch 57] [Time: 2.1996946334838867]
L001462 | [Train Loss: 0.5394]
L001463 | [Train F1: 0.7924459418690265]
L001464 | [Train Acc: 0.7932424649644846]
L001465 | [Dev Loss: 1.0883]
L001466 | [Dev F1: 0.5847741605098986]
L001467 | [Dev Acc: 0.5923460898502496]
L001468 | 
L001469-L001484 | [REDACTED: batch progress and internal diagnostics]
L001485 | [Epoch 58] [Time: 2.0981271266937256]
L001486 | [Train Loss: 0.5419]
L001487 | [Train F1: 0.7910400812532855]
L001488 | [Train Acc: 0.7918986369744673]
L001489 | [Dev Loss: 1.1546]
L001490 | [Dev F1: 0.5775579803462423]
L001491 | [Dev Acc: 0.5840266222961731]
L001492 | 
L001493-L001508 | [REDACTED: batch progress and internal diagnostics]
L001509 | [Epoch 59] [Time: 2.1564064025878906]
L001510 | [Train Loss: 0.5281]
L001511 | [Train F1: 0.7942659414092245]
L001512 | [Train Acc: 0.7947782683816471]
L001513 | [Dev Loss: 1.1104]
L001514 | [Dev F1: 0.575154047011334]
L001515 | [Dev Acc: 0.5823627287853578]
L001516 | 
L001517-L001532 | [REDACTED: batch progress and internal diagnostics]
L001533 | [Epoch 60] [Time: 2.2220804691314697]
L001534 | [Train Loss: 0.5279]
L001535 | [Train F1: 0.7977702352817819]
L001536 | [Train Acc: 0.798233826070263]
L001537 | [Dev Loss: 1.1543]
L001538 | [Dev F1: 0.5775131755914811]
L001539 | [Dev Acc: 0.5840266222961731]
L001540 | 
L001541-L001556 | [REDACTED: batch progress and internal diagnostics]
L001557 | [Epoch 61] [Time: 1.9874613285064697]
L001558 | [Train Loss: 0.5102]
L001559 | [Train F1: 0.8070259908117348]
L001560 | [Train Acc: 0.8074486465732387]
L001561 | [Dev Loss: 1.1174]
L001562 | [Dev F1: 0.5834768382100805]
L001563 | [Dev Acc: 0.5906821963394343]
L001564 | 
L001565-L001580 | [REDACTED: batch progress and internal diagnostics]
L001581 | [Epoch 62] [Time: 2.1981124877929688]
L001582 | [Train Loss: 0.5123]
L001583 | [Train F1: 0.8075685665189052]
L001584 | [Train Acc: 0.8080245728546745]
L001585 | [Dev Loss: 1.1815]
L001586 | [Dev F1: 0.5769258700043729]
L001587 | [Dev Acc: 0.5840266222961731]
L001588 | 
L001589-L001604 | [REDACTED: batch progress and internal diagnostics]
L001605 | [Epoch 63] [Time: 2.1024436950683594]
L001606 | [Train Loss: 0.5088]
L001607 | [Train F1: 0.8067603062431294]
L001608 | [Train Acc: 0.8072566711460933]
L001609 | [Dev Loss: 1.1567]
L001610 | [Dev F1: 0.5806396868946144]
L001611 | [Dev Acc: 0.5856905158069884]
L001612 | 
L001613-L001628 | [REDACTED: batch progress and internal diagnostics]
L001629 | [Epoch 64] [Time: 2.17362642288208]
L001630 | [Train Loss: 0.4996]
L001631 | [Train F1: 0.8073074605248438]
L001632 | [Train Acc: 0.8074486465732387]
L001633 | [Dev Loss: 1.1834]
L001634 | [Dev F1: 0.5811725374269018]
L001635 | [Dev Acc: 0.589018302828619]
L001636 | 
L001637-L001652 | [REDACTED: batch progress and internal diagnostics]
L001653 | [Epoch 65] [Time: 2.249936580657959]
L001654 | [Train Loss: 0.5003]
L001655 | [Train F1: 0.8137763658278352]
L001656 | [Train Acc: 0.8145517373776157]
L001657 | [Dev Loss: 1.1788]
L001658 | [Dev F1: 0.5680019808911528]
L001659 | [Dev Acc: 0.5757071547420965]
L001660 | 
L001661-L001676 | [REDACTED: batch progress and internal diagnostics]
L001677 | [Epoch 66] [Time: 2.3172614574432373]
L001678 | [Train Loss: 0.4965]
L001679 | [Train F1: 0.8150221274903559]
L001680 | [Train Acc: 0.815319639086197]
L001681 | [Dev Loss: 1.1968]
L001682 | [Dev F1: 0.5918743055089657]
L001683 | [Dev Acc: 0.5973377703826955]
L001684 | 
L001685-L001700 | [REDACTED: batch progress and internal diagnostics]
L001701 | [Epoch 67] [Time: 2.1069817543029785]
L001702 | [Train Loss: 0.4824]
L001703 | [Train F1: 0.8121717626689806]
L001704 | [Train Acc: 0.8128239585333077]
L001705 | [Dev Loss: 1.1743]
L001706 | [Dev F1: 0.567543869670857]
L001707 | [Dev Acc: 0.5757071547420965]
L001708 | Early stopping at epoch: 67
L001709 | Last model
L001710 |               precision    recall  f1-score   support
L001711 | 
L001712 |          hap     0.3043    0.1944    0.2373       144
L001713 |          sad     0.7797    0.7224    0.7500       245
L001714 |          neu     0.5476    0.6146    0.5791       384
L001715 |          ang     0.6512    0.6588    0.6550       170
L001716 |          exc     0.6393    0.6522    0.6457       299
L001717 |          fru     0.5833    0.6063    0.5946       381
L001718 | 
L001719 |     accuracy                         0.6032      1623
L001720 |    macro avg     0.5842    0.5748    0.5769      1623
L001721 | weighted avg     0.5972    0.6032    0.5984      1623
L001722 | 
L001723 | Best model at epoch: 42
L001724 | Best dev F1: 0.6018628435461024
L001725 |               precision    recall  f1-score   support
L001726 | 
L001727 |          hap     0.3793    0.2292    0.2857       144
L001728 |          sad     0.7742    0.7837    0.7789       245
L001729 |          neu     0.5711    0.6276    0.5980       384
L001730 |          ang     0.6706    0.6706    0.6706       170
L001731 |          exc     0.6510    0.7425    0.6937       299
L001732 |          fru     0.6169    0.5748    0.5951       381
L001733 | 
L001734 |     accuracy                         0.6291      1623
L001735 |    macro avg     0.6105    0.6047    0.6037      1623
L001736 | weighted avg     0.6206    0.6291    0.6222      1623
L001737 | 
L001738 | Best test F1: 0.6221687494207959
L001739 | Best test Acc: 0.6290819470117067
L001740 | [SANITIZED] Saved checkpoint: [path and filename removed]
