# Redacted copy of an existing run log.
# run_id: G12-seed1
# dataset: IEMOCAP
# model: MMGCN+AMBER
# imr: (0.7,0.5,0.3)
# seed_alias: seed1
# original_log_sha256: c222e95a79a13d7d9faa81e75de52db89ff603eef10fc462e87648bf4408ccd6
# source_record_status: ok
# source_record_process_return_code: 3221226505
# L numbers refer to source logical lines; REDACTED/SANITIZED text is editorial.
L000001-L000065 | [REDACTED: configuration or implementation details]
L000066 | [SANITIZED] Seed alias: seed1
L000067 | 
L000068-L000069 | [REDACTED: batch progress and internal diagnostics]
L000070 | 
L000071-L000072 | [REDACTED: batch progress and internal diagnostics]
L000073 | 
L000074-L000075 | [REDACTED: batch progress and internal diagnostics]
L000076 | 
L000077-L000092 | [REDACTED: batch progress and internal diagnostics]
L000093 | [Epoch 0] [Time: 2.6668176651000977]
L000094 | [Train Loss: 1.8529]
L000095 | [Train F1: 0.18970240402959632]
L000096 | [Train Acc: 0.19638391998461244]
L000097 | [Dev Loss: 1.69]
L000098 | [Dev F1: 0.2097121362122848]
L000099 | [Dev Acc: 0.2618657937806874]
L000100 | 
L000101-L000116 | [REDACTED: batch progress and internal diagnostics]
L000117 | [Epoch 1] [Time: 2.173769474029541]
L000118 | [Train Loss: 1.7187]
L000119 | [Train F1: 0.24846222330777076]
L000120 | [Train Acc: 0.27043662242738986]
L000121 | [Dev Loss: 1.6611]
L000122 | [Dev F1: 0.21850597409213074]
L000123 | [Dev Acc: 0.28477905073649756]
L000124 | 
L000125-L000140 | [REDACTED: batch progress and internal diagnostics]
L000141 | [Epoch 2] [Time: 2.1410484313964844]
L000142 | [Train Loss: 1.661]
L000143 | [Train F1: 0.26596016692304353]
L000144 | [Train Acc: 0.2896710905943451]
L000145 | [Dev Loss: 1.6374]
L000146 | [Dev F1: 0.18454021371162008]
L000147 | [Dev Acc: 0.2700490998363339]
L000148 | 
L000149-L000164 | [REDACTED: batch progress and internal diagnostics]
L000165 | [Epoch 3] [Time: 2.173449993133545]
L000166 | [Train Loss: 1.617]
L000167 | [Train F1: 0.2942022008770114]
L000168 | [Train Acc: 0.3175610694364301]
L000169 | [Dev Loss: 1.5827]
L000170 | [Dev F1: 0.24282747724221768]
L000171 | [Dev Acc: 0.3076923076923077]
L000172 | 
L000173-L000188 | [REDACTED: batch progress and internal diagnostics]
L000189 | [Epoch 4] [Time: 2.081463098526001]
L000190 | [Train Loss: 1.5448]
L000191 | [Train F1: 0.3268099014145388]
L000192 | [Train Acc: 0.345066358915176]
L000193 | [Dev Loss: 1.5296]
L000194 | [Dev F1: 0.3027822769098821]
L000195 | [Dev Acc: 0.3518821603927987]
L000196 | 
L000197-L000212 | [REDACTED: batch progress and internal diagnostics]
L000213 | [Epoch 5] [Time: 2.1884827613830566]
L000214 | [Train Loss: 1.4809]
L000215 | [Train F1: 0.36482232267505843]
L000216 | [Train Acc: 0.378534333525678]
L000217 | [Dev Loss: 1.48]
L000218 | [Dev F1: 0.3296028506681077]
L000219 | [Dev Acc: 0.37970540098199673]
L000220 | 
L000221-L000236 | [REDACTED: batch progress and internal diagnostics]
L000237 | [Epoch 6] [Time: 2.137864112854004]
L000238 | [Train Loss: 1.4299]
L000239 | [Train F1: 0.3979753678059677]
L000240 | [Train Acc: 0.4068090017311021]
L000241 | [Dev Loss: 1.4351]
L000242 | [Dev F1: 0.3279453064204473]
L000243 | [Dev Acc: 0.37315875613747956]
L000244 | 
L000245-L000260 | [REDACTED: batch progress and internal diagnostics]
L000261 | [Epoch 7] [Time: 2.184321641921997]
L000262 | [Train Loss: 1.3778]
L000263 | [Train F1: 0.42263416419229444]
L000264 | [Train Acc: 0.43354491248316984]
L000265 | [Dev Loss: 1.398]
L000266 | [Dev F1: 0.35806819742955764]
L000267 | [Dev Acc: 0.40098199672667756]
L000268 | 
L000269-L000284 | [REDACTED: batch progress and internal diagnostics]
L000285 | [Epoch 8] [Time: 2.2031614780426025]
L000286 | [Train Loss: 1.3213]
L000287 | [Train F1: 0.447636062437615]
L000288 | [Train Acc: 0.4568186189651856]
L000289 | [Dev Loss: 1.3664]
L000290 | [Dev F1: 0.37521944324171164]
L000291 | [Dev Acc: 0.4288052373158756]
L000292 | 
L000293-L000308 | [REDACTED: batch progress and internal diagnostics]
L000309 | [Epoch 9] [Time: 2.0347001552581787]
L000310 | [Train Loss: 1.2667]
L000311 | [Train F1: 0.48710866977082506]
L000312 | [Train Acc: 0.49913444893248704]
L000313 | [Dev Loss: 1.3317]
L000314 | [Dev F1: 0.3797613566474628]
L000315 | [Dev Acc: 0.4402618657937807]
L000316 | 
L000317-L000332 | [REDACTED: batch progress and internal diagnostics]
L000333 | [Epoch 10] [Time: 2.087981939315796]
L000334 | [Train Loss: 1.231]
L000335 | [Train F1: 0.5055932646697368]
L000336 | [Train Acc: 0.5166378149644162]
L000337 | [Dev Loss: 1.3129]
L000338 | [Dev F1: 0.3865267155565577]
L000339 | [Dev Acc: 0.4386252045826514]
L000340 | 
L000341-L000356 | [REDACTED: batch progress and internal diagnostics]
L000357 | [Epoch 11] [Time: 2.139136791229248]
L000358 | [Train Loss: 1.1939]
L000359 | [Train F1: 0.5064955024479074]
L000360 | [Train Acc: 0.5177918830544336]
L000361 | [Dev Loss: 1.2924]
L000362 | [Dev F1: 0.395862234284389]
L000363 | [Dev Acc: 0.4500818330605565]
L000364 | 
L000365-L000380 | [REDACTED: batch progress and internal diagnostics]
L000381 | [Epoch 12] [Time: 1.9797933101654053]
L000382 | [Train Loss: 1.1456]
L000383 | [Train F1: 0.533835228337888]
L000384 | [Train Acc: 0.543758415079823]
L000385 | [Dev Loss: 1.2658]
L000386 | [Dev F1: 0.3995532703551668]
L000387 | [Dev Acc: 0.45499181669394434]
L000388 | 
L000389-L000404 | [REDACTED: batch progress and internal diagnostics]
L000405 | [Epoch 13] [Time: 2.063732385635376]
L000406 | [Train Loss: 1.1059]
L000407 | [Train F1: 0.5537956251165348]
L000408 | [Train Acc: 0.5628005385651087]
L000409 | [Dev Loss: 1.2401]
L000410 | [Dev F1: 0.41482692384489744]
L000411 | [Dev Acc: 0.46317512274959083]
L000412 | 
L000413-L000428 | [REDACTED: batch progress and internal diagnostics]
L000429 | [Epoch 14] [Time: 2.1758759021759033]
L000430 | [Train Loss: 1.0789]
L000431 | [Train F1: 0.551394970690563]
L000432 | [Train Acc: 0.5620311598384304]
L000433 | [Dev Loss: 1.239]
L000434 | [Dev F1: 0.4134944344255848]
L000435 | [Dev Acc: 0.46317512274959083]
L000436 | 
L000437-L000452 | [REDACTED: batch progress and internal diagnostics]
L000453 | [Epoch 15] [Time: 2.1868484020233154]
L000454 | [Train Loss: 1.0494]
L000455 | [Train F1: 0.5672797409327708]
L000456 | [Train Acc: 0.5797268705520292]
L000457 | [Dev Loss: 1.2151]
L000458 | [Dev F1: 0.42219668656983256]
L000459 | [Dev Acc: 0.47299509001636664]
L000460 | 
L000461-L000476 | [REDACTED: batch progress and internal diagnostics]
L000477 | [Epoch 16] [Time: 2.212644338607788]
L000478 | [Train Loss: 1.0191]
L000479 | [Train F1: 0.5844078962976623]
L000480 | [Train Acc: 0.5945374110405848]
L000481 | [Dev Loss: 1.1977]
L000482 | [Dev F1: 0.43087324721452647]
L000483 | [Dev Acc: 0.4713584288052373]
L000484 | 
L000485-L000500 | [REDACTED: batch progress and internal diagnostics]
L000501 | [Epoch 17] [Time: 2.189593553543091]
L000502 | [Train Loss: 0.9822]
L000503 | [Train F1: 0.5997407018252217]
L000504 | [Train Acc: 0.6076168493941142]
L000505 | [Dev Loss: 1.1949]
L000506 | [Dev F1: 0.4288651600634177]
L000507 | [Dev Acc: 0.4746317512274959]
L000508 | 
L000509-L000524 | [REDACTED: batch progress and internal diagnostics]
L000525 | [Epoch 18] [Time: 2.139263153076172]
L000526 | [Train Loss: 0.9605]
L000527 | [Train F1: 0.6031133455241571]
L000528 | [Train Acc: 0.6116560877091748]
L000529 | [Dev Loss: 1.1835]
L000530 | [Dev F1: 0.44747284072943166]
L000531 | [Dev Acc: 0.4877250409165303]
L000532 | 
L000533-L000548 | [REDACTED: batch progress and internal diagnostics]
L000549 | [Epoch 19] [Time: 2.259979486465454]
L000550 | [Train Loss: 0.9209]
L000551 | [Train F1: 0.6215870618835143]
L000552 | [Train Acc: 0.6287747643777649]
L000553 | [Dev Loss: 1.1413]
L000554 | [Dev F1: 0.46701193557635995]
L000555 | [Dev Acc: 0.4959083469721768]
L000556 | 
L000557-L000572 | [REDACTED: batch progress and internal diagnostics]
L000573 | [Epoch 20] [Time: 2.1958062648773193]
L000574 | [Train Loss: 0.8934]
L000575 | [Train F1: 0.6364143649011617]
L000576 | [Train Acc: 0.640315445277938]
L000577 | [Dev Loss: 1.1196]
L000578 | [Dev F1: 0.4893922379654208]
L000579 | [Dev Acc: 0.5188216039279869]
L000580 | 
L000581-L000596 | [REDACTED: batch progress and internal diagnostics]
L000597 | [Epoch 21] [Time: 2.311763048171997]
L000598 | [Train Loss: 0.8902]
L000599 | [Train F1: 0.6431447386119036]
L000600 | [Train Acc: 0.6508944027697634]
L000601 | [Dev Loss: 1.1202]
L000602 | [Dev F1: 0.4913510111097702]
L000603 | [Dev Acc: 0.5204582651391162]
L000604 | 
L000605-L000620 | [REDACTED: batch progress and internal diagnostics]
L000621 | [Epoch 22] [Time: 2.0176260471343994]
L000622 | [Train Loss: 0.8713]
L000623 | [Train F1: 0.6505299328845693]
L000624 | [Train Acc: 0.6578188113098673]
L000625 | [Dev Loss: 1.1037]
L000626 | [Dev F1: 0.4945787268480281]
L000627 | [Dev Acc: 0.5253682487725041]
L000628 | 
L000629-L000644 | [REDACTED: batch progress and internal diagnostics]
L000645 | [Epoch 23] [Time: 2.2198498249053955]
L000646 | [Train Loss: 0.8483]
L000647 | [Train F1: 0.6648141641537519]
L000648 | [Train Acc: 0.6699365262550491]
L000649 | [Dev Loss: 1.1122]
L000650 | [Dev F1: 0.5017106337682969]
L000651 | [Dev Acc: 0.5286415711947627]
L000652 | 
L000653-L000668 | [REDACTED: batch progress and internal diagnostics]
L000669 | [Epoch 24] [Time: 2.188445568084717]
L000670 | [Train Loss: 0.8292]
L000671 | [Train F1: 0.6632644406569463]
L000672 | [Train Acc: 0.6674360453933449]
L000673 | [Dev Loss: 1.1131]
L000674 | [Dev F1: 0.49598027165773234]
L000675 | [Dev Acc: 0.5253682487725041]
L000676 | 
L000677-L000692 | [REDACTED: batch progress and internal diagnostics]
L000693 | [Epoch 25] [Time: 2.1909844875335693]
L000694 | [Train Loss: 0.8087]
L000695 | [Train F1: 0.6776249010804589]
L000696 | [Train Acc: 0.6814772071552222]
L000697 | [Dev Loss: 1.1098]
L000698 | [Dev F1: 0.4943943110728843]
L000699 | [Dev Acc: 0.5220949263502455]
L000700 | 
L000701-L000716 | [REDACTED: batch progress and internal diagnostics]
L000717 | [Epoch 26] [Time: 2.246685028076172]
L000718 | [Train Loss: 0.8045]
L000719 | [Train F1: 0.6826509153349016]
L000720 | [Train Acc: 0.6874398922869782]
L000721 | [Dev Loss: 1.1238]
L000722 | [Dev F1: 0.4949969268781028]
L000723 | [Dev Acc: 0.5253682487725041]
L000724 | 
L000725-L000740 | [REDACTED: batch progress and internal diagnostics]
L000741 | [Epoch 27] [Time: 2.2295846939086914]
L000742 | [Train Loss: 0.7897]
L000743 | [Train F1: 0.6883629157957486]
L000744 | [Train Acc: 0.6922485093287171]
L000745 | [Dev Loss: 1.0618]
L000746 | [Dev F1: 0.5232189423275299]
L000747 | [Dev Acc: 0.5450081833060556]
L000748 | 
L000749-L000764 | [REDACTED: batch progress and internal diagnostics]
L000765 | [Epoch 28] [Time: 2.112757444381714]
L000766 | [Train Loss: 0.7657]
L000767 | [Train F1: 0.6963671824651575]
L000768 | [Train Acc: 0.6999422965954991]
L000769 | [Dev Loss: 1.1239]
L000770 | [Dev F1: 0.5088075468866994]
L000771 | [Dev Acc: 0.530278232405892]
L000772 | 
L000773-L000788 | [REDACTED: batch progress and internal diagnostics]
L000789 | [Epoch 29] [Time: 2.232470750808716]
L000790 | [Train Loss: 0.764]
L000791 | [Train F1: 0.6998923432093807]
L000792 | [Train Acc: 0.7022504327755338]
L000793 | [Dev Loss: 1.0852]
L000794 | [Dev F1: 0.5140816695419324]
L000795 | [Dev Acc: 0.5384615384615384]
L000796 | 
L000797-L000812 | [REDACTED: batch progress and internal diagnostics]
L000813 | [Epoch 30] [Time: 2.120520830154419]
L000814 | [Train Loss: 0.7458]
L000815 | [Train F1: 0.7041803581680012]
L000816 | [Train Acc: 0.7074437391806117]
L000817 | [Dev Loss: 1.1018]
L000818 | [Dev F1: 0.5207880140634636]
L000819 | [Dev Acc: 0.5368248772504092]
L000820 | 
L000821-L000836 | [REDACTED: batch progress and internal diagnostics]
L000837 | [Epoch 31] [Time: 2.114572763442993]
L000838 | [Train Loss: 0.7338]
L000839 | [Train F1: 0.7129762627899784]
L000840 | [Train Acc: 0.7160992498557415]
L000841 | [Dev Loss: 1.0819]
L000842 | [Dev F1: 0.505459183723312]
L000843 | [Dev Acc: 0.530278232405892]
L000844 | 
L000845-L000860 | [REDACTED: batch progress and internal diagnostics]
L000861 | [Epoch 32] [Time: 2.1988680362701416]
L000862 | [Train Loss: 0.7303]
L000863 | [Train F1: 0.7137110143551085]
L000864 | [Train Acc: 0.7164839392190806]
L000865 | [Dev Loss: 1.0691]
L000866 | [Dev F1: 0.528917455795947]
L000867 | [Dev Acc: 0.5417348608837971]
L000868 | 
L000869-L000884 | [REDACTED: batch progress and internal diagnostics]
L000885 | [Epoch 33] [Time: 2.2041523456573486]
L000886 | [Train Loss: 0.7167]
L000887 | [Train F1: 0.7158211898056177]
L000888 | [Train Acc: 0.7185997307174457]
L000889 | [Dev Loss: 1.1067]
L000890 | [Dev F1: 0.5174348806627562]
L000891 | [Dev Acc: 0.5417348608837971]
L000892 | 
L000893-L000908 | [REDACTED: batch progress and internal diagnostics]
L000909 | [Epoch 34] [Time: 2.361893892288208]
L000910 | [Train Loss: 0.7049]
L000911 | [Train F1: 0.7282385667257849]
L000912 | [Train Acc: 0.7301404116176188]
L000913 | [Dev Loss: 1.0545]
L000914 | [Dev F1: 0.5339287854027762]
L000915 | [Dev Acc: 0.5531914893617021]
L000916 | 
L000917-L000932 | [REDACTED: batch progress and internal diagnostics]
L000933 | [Epoch 35] [Time: 2.243234634399414]
L000934 | [Train Loss: 0.7037]
L000935 | [Train F1: 0.7284795596895831]
L000936 | [Train Acc: 0.7307174456626274]
L000937 | [Dev Loss: 1.107]
L000938 | [Dev F1: 0.5131232392549895]
L000939 | [Dev Acc: 0.5319148936170213]
L000940 | 
L000941-L000956 | [REDACTED: batch progress and internal diagnostics]
L000957 | [Epoch 36] [Time: 2.0910425186157227]
L000958 | [Train Loss: 0.6861]
L000959 | [Train F1: 0.7392631629907126]
L000960 | [Train Acc: 0.7409117137911136]
L000961 | [Dev Loss: 1.0736]
L000962 | [Dev F1: 0.5281685099776361]
L000963 | [Dev Acc: 0.5482815057283142]
L000964 | 
L000965-L000980 | [REDACTED: batch progress and internal diagnostics]
L000981 | [Epoch 37] [Time: 2.1467814445495605]
L000982 | [Train Loss: 0.6869]
L000983 | [Train F1: 0.7364404692460399]
L000984 | [Train Acc: 0.73821888824774]
L000985 | [Dev Loss: 1.1133]
L000986 | [Dev F1: 0.5164605408081855]
L000987 | [Dev Acc: 0.5384615384615384]
L000988 | 
L000989-L001004 | [REDACTED: batch progress and internal diagnostics]
L001005 | [Epoch 38] [Time: 2.011882781982422]
L001006 | [Train Loss: 0.6723]
L001007 | [Train F1: 0.743496158732967]
L001008 | [Train Acc: 0.7447586074245047]
L001009 | [Dev Loss: 1.1122]
L001010 | [Dev F1: 0.5089926326875814]
L001011 | [Dev Acc: 0.5319148936170213]
L001012 | 
L001013-L001028 | [REDACTED: batch progress and internal diagnostics]
L001029 | [Epoch 39] [Time: 2.129669666290283]
L001030 | [Train Loss: 0.6616]
L001031 | [Train F1: 0.7493229796886903]
L001032 | [Train Acc: 0.7509136372379304]
L001033 | [Dev Loss: 1.1122]
L001034 | [Dev F1: 0.5215287747040463]
L001035 | [Dev Acc: 0.546644844517185]
L001036 | 
L001037-L001052 | [REDACTED: batch progress and internal diagnostics]
L001053 | [Epoch 40] [Time: 2.1930484771728516]
L001054 | [Train Loss: 0.6495]
L001055 | [Train F1: 0.7494402971777712]
L001056 | [Train Acc: 0.7507212925562609]
L001057 | [Dev Loss: 1.1127]
L001058 | [Dev F1: 0.5226603643064853]
L001059 | [Dev Acc: 0.5400981996726678]
L001060 | 
L001061-L001076 | [REDACTED: batch progress and internal diagnostics]
L001077 | [Epoch 41] [Time: 2.2858102321624756]
L001078 | [Train Loss: 0.6508]
L001079 | [Train F1: 0.7536645729587526]
L001080 | [Train Acc: 0.754952875552991]
L001081 | [Dev Loss: 1.0533]
L001082 | [Dev F1: 0.547154310293755]
L001083 | [Dev Acc: 0.563011456628478]
L001084 | 
L001085-L001100 | [REDACTED: batch progress and internal diagnostics]
L001101 | [Epoch 42] [Time: 2.363776445388794]
L001102 | [Train Loss: 0.637]
L001103 | [Train F1: 0.7574350194714926]
L001104 | [Train Acc: 0.7586074245047124]
L001105 | [Dev Loss: 1.0427]
L001106 | [Dev F1: 0.5642244575842017]
L001107 | [Dev Acc: 0.5728314238952537]
L001108 | 
L001109-L001124 | [REDACTED: batch progress and internal diagnostics]
L001125 | [Epoch 43] [Time: 2.2386372089385986]
L001126 | [Train Loss: 0.6317]
L001127 | [Train F1: 0.7574077458828662]
L001128 | [Train Acc: 0.7582227351413734]
L001129 | [Dev Loss: 1.0788]
L001130 | [Dev F1: 0.5442815339970871]
L001131 | [Dev Acc: 0.5548281505728314]
L001132 | 
L001133-L001148 | [REDACTED: batch progress and internal diagnostics]
L001149 | [Epoch 44] [Time: 2.244762659072876]
L001150 | [Train Loss: 0.6116]
L001151 | [Train F1: 0.7625690075257007]
L001152 | [Train Acc: 0.7639930755914599]
L001153 | [Dev Loss: 1.0587]
L001154 | [Dev F1: 0.5539087433211751]
L001155 | [Dev Acc: 0.5613747954173486]
L001156 | 
L001157-L001172 | [REDACTED: batch progress and internal diagnostics]
L001173 | [Epoch 45] [Time: 2.218914747238159]
L001174 | [Train Loss: 0.6131]
L001175 | [Train F1: 0.7658190793752327]
L001176 | [Train Acc: 0.7666859011348336]
L001177 | [Dev Loss: 1.0943]
L001178 | [Dev F1: 0.5460517234686374]
L001179 | [Dev Acc: 0.563011456628478]
L001180 | 
L001181-L001196 | [REDACTED: batch progress and internal diagnostics]
L001197 | [Epoch 46] [Time: 2.3606765270233154]
L001198 | [Train Loss: 0.6017]
L001199 | [Train F1: 0.7683226877116401]
L001200 | [Train Acc: 0.7693787266782074]
L001201 | [Dev Loss: 1.0557]
L001202 | [Dev F1: 0.5636151227542767]
L001203 | [Dev Acc: 0.5711947626841244]
L001204 | 
L001205-L001220 | [REDACTED: batch progress and internal diagnostics]
L001221 | [Epoch 47] [Time: 2.2280309200286865]
L001222 | [Train Loss: 0.6074]
L001223 | [Train F1: 0.7718560240283913]
L001224 | [Train Acc: 0.7730332756299289]
L001225 | [Dev Loss: 1.0706]
L001226 | [Dev F1: 0.5511948046638065]
L001227 | [Dev Acc: 0.5646481178396072]
L001228 | 
L001229-L001244 | [REDACTED: batch progress and internal diagnostics]
L001245 | [Epoch 48] [Time: 2.1453683376312256]
L001246 | [Train Loss: 0.6064]
L001247 | [Train F1: 0.7646739754701783]
L001248 | [Train Acc: 0.766108867089825]
L001249 | [Dev Loss: 1.0726]
L001250 | [Dev F1: 0.5435971674716428]
L001251 | [Dev Acc: 0.5515548281505729]
L001252 | 
L001253-L001268 | [REDACTED: batch progress and internal diagnostics]
L001269 | [Epoch 49] [Time: 2.2568559646606445]
L001270 | [Train Loss: 0.5953]
L001271 | [Train F1: 0.7701580787833707]
L001272 | [Train Acc: 0.7709174841315638]
L001273 | [Dev Loss: 1.0831]
L001274 | [Dev F1: 0.5487390176250232]
L001275 | [Dev Acc: 0.5564648117839607]
L001276 | 
L001277-L001292 | [REDACTED: batch progress and internal diagnostics]
L001293 | [Epoch 50] [Time: 2.246279239654541]
L001294 | [Train Loss: 0.5844]
L001295 | [Train F1: 0.7796932679217079]
L001296 | [Train Acc: 0.7805347182150414]
L001297 | [Dev Loss: 1.0636]
L001298 | [Dev F1: 0.5697963794546889]
L001299 | [Dev Acc: 0.5777414075286416]
L001300 | 
L001301-L001316 | [REDACTED: batch progress and internal diagnostics]
L001317 | [Epoch 51] [Time: 2.330345869064331]
L001318 | [Train Loss: 0.574]
L001319 | [Train F1: 0.7847995418580411]
L001320 | [Train Acc: 0.7855356799384497]
L001321 | [Dev Loss: 1.0779]
L001322 | [Dev F1: 0.5585499524513462]
L001323 | [Dev Acc: 0.5662847790507365]
L001324 | 
L001325-L001340 | [REDACTED: batch progress and internal diagnostics]
L001341 | [Epoch 52] [Time: 2.219761371612549]
L001342 | [Train Loss: 0.5607]
L001343 | [Train F1: 0.7866135420382615]
L001344 | [Train Acc: 0.7876514714368148]
L001345 | [Dev Loss: 1.0815]
L001346 | [Dev F1: 0.5576378837305934]
L001347 | [Dev Acc: 0.5662847790507365]
L001348 | 
L001349-L001364 | [REDACTED: batch progress and internal diagnostics]
L001365 | [Epoch 53] [Time: 2.2285759449005127]
L001366 | [Train Loss: 0.5613]
L001367 | [Train F1: 0.7870072841257509]
L001368 | [Train Acc: 0.7876514714368148]
L001369 | [Dev Loss: 1.1023]
L001370 | [Dev F1: 0.5425458948334154]
L001371 | [Dev Acc: 0.5564648117839607]
L001372 | 
L001373-L001388 | [REDACTED: batch progress and internal diagnostics]
L001389 | [Epoch 54] [Time: 2.0297467708587646]
L001390 | [Train Loss: 0.5568]
L001391 | [Train F1: 0.789028020312821]
L001392 | [Train Acc: 0.7895749182535103]
L001393 | [Dev Loss: 1.0971]
L001394 | [Dev F1: 0.5635098758897452]
L001395 | [Dev Acc: 0.5679214402618658]
L001396 | 
L001397-L001412 | [REDACTED: batch progress and internal diagnostics]
L001413 | [Epoch 55] [Time: 2.128756046295166]
L001414 | [Train Loss: 0.5517]
L001415 | [Train F1: 0.7901703877251146]
L001416 | [Train Acc: 0.7907289863435276]
L001417 | [Dev Loss: 1.0934]
L001418 | [Dev F1: 0.5530603645980299]
L001419 | [Dev Acc: 0.5613747954173486]
L001420 | 
L001421-L001436 | [REDACTED: batch progress and internal diagnostics]
L001437 | [Epoch 56] [Time: 2.132056951522827]
L001438 | [Train Loss: 0.5449]
L001439 | [Train F1: 0.7888563347380798]
L001440 | [Train Acc: 0.7897672629351798]
L001441 | [Dev Loss: 1.1025]
L001442 | [Dev F1: 0.5525552037982008]
L001443 | [Dev Acc: 0.5613747954173486]
L001444 | 
L001445-L001460 | [REDACTED: batch progress and internal diagnostics]
L001461 | [Epoch 57] [Time: 2.1868743896484375]
L001462 | [Train Loss: 0.5422]
L001463 | [Train F1: 0.7934582215061781]
L001464 | [Train Acc: 0.7938065012502404]
L001465 | [Dev Loss: 1.0994]
L001466 | [Dev F1: 0.564702359064519]
L001467 | [Dev Acc: 0.5679214402618658]
L001468 | 
L001469-L001484 | [REDACTED: batch progress and internal diagnostics]
L001485 | [Epoch 58] [Time: 2.1149744987487793]
L001486 | [Train Loss: 0.5264]
L001487 | [Train F1: 0.8021876585645557]
L001488 | [Train Acc: 0.8026543566070398]
L001489 | [Dev Loss: 1.112]
L001490 | [Dev F1: 0.5602482781735725]
L001491 | [Dev Acc: 0.5646481178396072]
L001492 | 
L001493-L001508 | [REDACTED: batch progress and internal diagnostics]
L001509 | [Epoch 59] [Time: 2.109083652496338]
L001510 | [Train Loss: 0.5328]
L001511 | [Train F1: 0.7948295176647445]
L001512 | [Train Acc: 0.7953452587035968]
L001513 | [Dev Loss: 1.1394]
L001514 | [Dev F1: 0.5438021175467473]
L001515 | [Dev Acc: 0.55810147299509]
L001516 | 
L001517-L001532 | [REDACTED: batch progress and internal diagnostics]
L001533 | [Epoch 60] [Time: 2.2408835887908936]
L001534 | [Train Loss: 0.5328]
L001535 | [Train F1: 0.7976757086301972]
L001536 | [Train Acc: 0.7982304289286402]
L001537 | [Dev Loss: 1.1055]
L001538 | [Dev F1: 0.549581576426535]
L001539 | [Dev Acc: 0.55810147299509]
L001540 | 
L001541-L001556 | [REDACTED: batch progress and internal diagnostics]
L001557 | [Epoch 61] [Time: 2.0762431621551514]
L001558 | [Train Loss: 0.5229]
L001559 | [Train F1: 0.7967483708030646]
L001560 | [Train Acc: 0.7972687055202924]
L001561 | [Dev Loss: 1.1161]
L001562 | [Dev F1: 0.5451868709208393]
L001563 | [Dev Acc: 0.55810147299509]
L001564 | 
L001565-L001580 | [REDACTED: batch progress and internal diagnostics]
L001581 | [Epoch 62] [Time: 2.200376510620117]
L001582 | [Train Loss: 0.5153]
L001583 | [Train F1: 0.8069736558943194]
L001584 | [Train Acc: 0.8076553183304481]
L001585 | [Dev Loss: 1.1082]
L001586 | [Dev F1: 0.561636906236261]
L001587 | [Dev Acc: 0.5679214402618658]
L001588 | 
L001589-L001604 | [REDACTED: batch progress and internal diagnostics]
L001605 | [Epoch 63] [Time: 2.295741558074951]
L001606 | [Train Loss: 0.521]
L001607 | [Train F1: 0.8023317253047038]
L001608 | [Train Acc: 0.8026543566070398]
L001609 | [Dev Loss: 1.1639]
L001610 | [Dev F1: 0.5250687398284232]
L001611 | [Dev Acc: 0.5368248772504092]
L001612 | 
L001613-L001628 | [REDACTED: batch progress and internal diagnostics]
L001629 | [Epoch 64] [Time: 2.268937349319458]
L001630 | [Train Loss: 0.5121]
L001631 | [Train F1: 0.8057293391937049]
L001632 | [Train Acc: 0.8063089055587613]
L001633 | [Dev Loss: 1.1174]
L001634 | [Dev F1: 0.5442050059087161]
L001635 | [Dev Acc: 0.5548281505728314]
L001636 | 
L001637-L001652 | [REDACTED: batch progress and internal diagnostics]
L001653 | [Epoch 65] [Time: 2.2031359672546387]
L001654 | [Train Loss: 0.5109]
L001655 | [Train F1: 0.8048354078520802]
L001656 | [Train Acc: 0.8053471821504136]
L001657 | [Dev Loss: 1.145]
L001658 | [Dev F1: 0.5465095814959445]
L001659 | [Dev Acc: 0.5613747954173486]
L001660 | 
L001661-L001676 | [REDACTED: batch progress and internal diagnostics]
L001677 | [Epoch 66] [Time: 2.130098581314087]
L001678 | [Train Loss: 0.5031]
L001679 | [Train F1: 0.8087400371331597]
L001680 | [Train Acc: 0.8093864204654742]
L001681 | [Dev Loss: 1.1893]
L001682 | [Dev F1: 0.5209770225494649]
L001683 | [Dev Acc: 0.5286415711947627]
L001684 | 
L001685-L001700 | [REDACTED: batch progress and internal diagnostics]
L001701 | [Epoch 67] [Time: 2.1117360591888428]
L001702 | [Train Loss: 0.4972]
L001703 | [Train F1: 0.8111841478292918]
L001704 | [Train Acc: 0.8113098672821697]
L001705 | [Dev Loss: 1.1932]
L001706 | [Dev F1: 0.5355495265452623]
L001707 | [Dev Acc: 0.5433715220949263]
L001708 | 
L001709-L001724 | [REDACTED: batch progress and internal diagnostics]
L001725 | [Epoch 68] [Time: 2.1931633949279785]
L001726 | [Train Loss: 0.4896]
L001727 | [Train F1: 0.8107214116518715]
L001728 | [Train Acc: 0.8115022119638392]
L001729 | [Dev Loss: 1.1361]
L001730 | [Dev F1: 0.5525278766521838]
L001731 | [Dev Acc: 0.5597381342062193]
L001732 | 
L001733-L001748 | [REDACTED: batch progress and internal diagnostics]
L001749 | [Epoch 69] [Time: 2.183037519454956]
L001750 | [Train Loss: 0.4773]
L001751 | [Train F1: 0.8203657842480179]
L001752 | [Train Acc: 0.8205424120023082]
L001753 | [Dev Loss: 1.1327]
L001754 | [Dev F1: 0.5520250570636442]
L001755 | [Dev Acc: 0.5613747954173486]
L001756 | 
L001757-L001772 | [REDACTED: batch progress and internal diagnostics]
L001773 | [Epoch 70] [Time: 2.072072982788086]
L001774 | [Train Loss: 0.4858]
L001775 | [Train F1: 0.8153050607087633]
L001776 | [Train Acc: 0.8155414502788998]
L001777 | [Dev Loss: 1.1395]
L001778 | [Dev F1: 0.5478352561707583]
L001779 | [Dev Acc: 0.5548281505728314]
L001780 | 
L001781-L001796 | [REDACTED: batch progress and internal diagnostics]
L001797 | [Epoch 71] [Time: 2.047470808029175]
L001798 | [Train Loss: 0.4761]
L001799 | [Train F1: 0.8218447229136584]
L001800 | [Train Acc: 0.8224658588190037]
L001801 | [Dev Loss: 1.1927]
L001802 | [Dev F1: 0.5302892568217031]
L001803 | [Dev Acc: 0.5384615384615384]
L001804 | 
L001805-L001820 | [REDACTED: batch progress and internal diagnostics]
L001821 | [Epoch 72] [Time: 2.1643781661987305]
L001822 | [Train Loss: 0.4627]
L001823 | [Train F1: 0.825416793998423]
L001824 | [Train Acc: 0.825735718407386]
L001825 | [Dev Loss: 1.218]
L001826 | [Dev F1: 0.52239374228468]
L001827 | [Dev Acc: 0.5319148936170213]
L001828 | 
L001829-L001844 | [REDACTED: batch progress and internal diagnostics]
L001845 | [Epoch 73] [Time: 2.0417771339416504]
L001846 | [Train Loss: 0.4727]
L001847 | [Train F1: 0.8202983029451725]
L001848 | [Train Acc: 0.8207347566839777]
L001849 | [Dev Loss: 1.247]
L001850 | [Dev F1: 0.5046547452915512]
L001851 | [Dev Acc: 0.5237315875613748]
L001852 | 
L001853-L001868 | [REDACTED: batch progress and internal diagnostics]
L001869 | [Epoch 74] [Time: 2.1177377700805664]
L001870 | [Train Loss: 0.4622]
L001871 | [Train F1: 0.822054787338617]
L001872 | [Train Acc: 0.8224658588190037]
L001873 | [Dev Loss: 1.2034]
L001874 | [Dev F1: 0.540800029376782]
L001875 | [Dev Acc: 0.5499181669394435]
L001876 | 
L001877-L001892 | [REDACTED: batch progress and internal diagnostics]
L001893 | [Epoch 75] [Time: 2.126270294189453]
L001894 | [Train Loss: 0.4638]
L001895 | [Train F1: 0.8225112091023089]
L001896 | [Train Acc: 0.8226582035006732]
L001897 | [Dev Loss: 1.1813]
L001898 | [Dev F1: 0.5405558749447423]
L001899 | [Dev Acc: 0.5417348608837971]
L001900 | Early stopping at epoch: 75
L001901 | Last model
L001902 |               precision    recall  f1-score   support
L001903 | 
L001904 |          hap     0.4944    0.3056    0.3777       144
L001905 |          sad     0.8000    0.7184    0.7570       245
L001906 |          neu     0.5319    0.6510    0.5855       384
L001907 |          ang     0.6309    0.5529    0.5893       170
L001908 |          exc     0.7010    0.7057    0.7033       299
L001909 |          fru     0.5635    0.5827    0.5729       381
L001910 | 
L001911 |     accuracy                         0.6143      1623
L001912 |    macro avg     0.6203    0.5860    0.5976      1623
L001913 | weighted avg     0.6180    0.6143    0.6121      1623
L001914 | 
L001915 | Best model at epoch: 50
L001916 | Best dev F1: 0.5697963794546889
L001917 |               precision    recall  f1-score   support
L001918 | 
L001919 |          hap     0.5114    0.3125    0.3879       144
L001920 |          sad     0.7974    0.7388    0.7669       245
L001921 |          neu     0.5786    0.6901    0.6295       384
L001922 |          ang     0.6940    0.5471    0.6118       170
L001923 |          exc     0.6821    0.7893    0.7318       299
L001924 |          fru     0.6000    0.5827    0.5912       381
L001925 | 
L001926 |     accuracy                         0.6420      1623
L001927 |    macro avg     0.6439    0.6101    0.6199      1623
L001928 | weighted avg     0.6418    0.6420    0.6368      1623
L001929 | 
L001930 | Best test F1: 0.636810072848093
L001931 | Best test Acc: 0.6420209488601355
L001932 | [SANITIZED] Saved checkpoint: [path and filename removed]
