# Redacted copy of an existing run log.
# run_id: G12-seed3
# dataset: IEMOCAP
# model: MMGCN+AMBER
# imr: (0.7,0.5,0.3)
# seed_alias: seed3
# original_log_sha256: a28d9c937cdcfb21c7856571fca7fb728050de8acfe51d62fafa4013753fc26c
# source_record_status: ok
# source_record_process_return_code: 3221226505
# L numbers refer to source logical lines; REDACTED/SANITIZED text is editorial.
L000001-L000065 | [REDACTED: configuration or implementation details]
L000066 | [SANITIZED] Seed alias: seed3
L000067 | 
L000068-L000069 | [REDACTED: batch progress and internal diagnostics]
L000070 | 
L000071-L000072 | [REDACTED: batch progress and internal diagnostics]
L000073 | 
L000074-L000075 | [REDACTED: batch progress and internal diagnostics]
L000076 | 
L000077-L000092 | [REDACTED: batch progress and internal diagnostics]
L000093 | [Epoch 0] [Time: 2.7631819248199463]
L000094 | [Train Loss: 1.8495]
L000095 | [Train F1: 0.17875306268674557]
L000096 | [Train Acc: 0.19889397406559878]
L000097 | [Dev Loss: 1.6182]
L000098 | [Dev F1: 0.33055295232183324]
L000099 | [Dev Acc: 0.3674911660777385]
L000100 | 
L000101-L000116 | [REDACTED: batch progress and internal diagnostics]
L000117 | [Epoch 1] [Time: 2.0997843742370605]
L000118 | [Train Loss: 1.7285]
L000119 | [Train F1: 0.24638003855405757]
L000120 | [Train Acc: 0.2644927536231884]
L000121 | [Dev Loss: 1.5642]
L000122 | [Dev F1: 0.33836511606366]
L000123 | [Dev Acc: 0.4098939929328622]
L000124 | 
L000125-L000140 | [REDACTED: batch progress and internal diagnostics]
L000141 | [Epoch 2] [Time: 2.242894172668457]
L000142 | [Train Loss: 1.6726]
L000143 | [Train F1: 0.2659360794923951]
L000144 | [Train Acc: 0.2873760488176964]
L000145 | [Dev Loss: 1.5292]
L000146 | [Dev F1: 0.36635163427708106]
L000147 | [Dev Acc: 0.4134275618374558]
L000148 | 
L000149-L000164 | [REDACTED: batch progress and internal diagnostics]
L000165 | [Epoch 3] [Time: 2.2209672927856445]
L000166 | [Train Loss: 1.6139]
L000167 | [Train F1: 0.2989166621402506]
L000168 | [Train Acc: 0.3138825324180015]
L000169 | [Dev Loss: 1.5026]
L000170 | [Dev F1: 0.36672045872630865]
L000171 | [Dev Acc: 0.39399293286219084]
L000172 | 
L000173-L000188 | [REDACTED: batch progress and internal diagnostics]
L000189 | [Epoch 4] [Time: 2.297283411026001]
L000190 | [Train Loss: 1.5578]
L000191 | [Train F1: 0.3353653307130271]
L000192 | [Train Acc: 0.34572845156369186]
L000193 | [Dev Loss: 1.4561]
L000194 | [Dev F1: 0.4104090335509269]
L000195 | [Dev Acc: 0.43992932862190814]
L000196 | 
L000197-L000212 | [REDACTED: batch progress and internal diagnostics]
L000213 | [Epoch 5] [Time: 2.182119131088257]
L000214 | [Train Loss: 1.4996]
L000215 | [Train F1: 0.3697488630409759]
L000216 | [Train Acc: 0.37948131197559115]
L000217 | [Dev Loss: 1.3981]
L000218 | [Dev F1: 0.41357895353708846]
L000219 | [Dev Acc: 0.4540636042402827]
L000220 | 
L000221-L000236 | [REDACTED: batch progress and internal diagnostics]
L000237 | [Epoch 6] [Time: 2.2553584575653076]
L000238 | [Train Loss: 1.4306]
L000239 | [Train F1: 0.3990542754558682]
L000240 | [Train Acc: 0.40713196033562166]
L000241 | [Dev Loss: 1.3513]
L000242 | [Dev F1: 0.4403424002674052]
L000243 | [Dev Acc: 0.4787985865724382]
L000244 | 
L000245-L000260 | [REDACTED: batch progress and internal diagnostics]
L000261 | [Epoch 7] [Time: 2.2564194202423096]
L000262 | [Train Loss: 1.3781]
L000263 | [Train F1: 0.4321863680754917]
L000264 | [Train Acc: 0.43859649122807015]
L000265 | [Dev Loss: 1.3126]
L000266 | [Dev F1: 0.4552340666515249]
L000267 | [Dev Acc: 0.4876325088339223]
L000268 | 
L000269-L000284 | [REDACTED: batch progress and internal diagnostics]
L000285 | [Epoch 8] [Time: 2.2448854446411133]
L000286 | [Train Loss: 1.3335]
L000287 | [Train F1: 0.45290210785003926]
L000288 | [Train Acc: 0.4597635392829901]
L000289 | [Dev Loss: 1.2773]
L000290 | [Dev F1: 0.4627211834666785]
L000291 | [Dev Acc: 0.4929328621908127]
L000292 | 
L000293-L000308 | [REDACTED: batch progress and internal diagnostics]
L000309 | [Epoch 9] [Time: 2.1089727878570557]
L000310 | [Train Loss: 1.2687]
L000311 | [Train F1: 0.4822644965579748]
L000312 | [Train Acc: 0.4935163996948894]
L000313 | [Dev Loss: 1.2439]
L000314 | [Dev F1: 0.4581346007696891]
L000315 | [Dev Acc: 0.49823321554770317]
L000316 | 
L000317-L000332 | [REDACTED: batch progress and internal diagnostics]
L000333 | [Epoch 10] [Time: 2.1927363872528076]
L000334 | [Train Loss: 1.2347]
L000335 | [Train F1: 0.49630557694881955]
L000336 | [Train Acc: 0.5068649885583524]
L000337 | [Dev Loss: 1.2219]
L000338 | [Dev F1: 0.49384974776991125]
L000339 | [Dev Acc: 0.5265017667844523]
L000340 | 
L000341-L000356 | [REDACTED: batch progress and internal diagnostics]
L000357 | [Epoch 11] [Time: 2.1632397174835205]
L000358 | [Train Loss: 1.1979]
L000359 | [Train F1: 0.512699997064145]
L000360 | [Train Acc: 0.5211670480549199]
L000361 | [Dev Loss: 1.198]
L000362 | [Dev F1: 0.5039022739074669]
L000363 | [Dev Acc: 0.5388692579505301]
L000364 | 
L000365-L000380 | [REDACTED: batch progress and internal diagnostics]
L000381 | [Epoch 12] [Time: 2.198683738708496]
L000382 | [Train Loss: 1.1676]
L000383 | [Train F1: 0.5314596225537659]
L000384 | [Train Acc: 0.5402364607170099]
L000385 | [Dev Loss: 1.1744]
L000386 | [Dev F1: 0.49835225177298015]
L000387 | [Dev Acc: 0.5335689045936396]
L000388 | 
L000389-L000404 | [REDACTED: batch progress and internal diagnostics]
L000405 | [Epoch 13] [Time: 2.2309625148773193]
L000406 | [Train Loss: 1.116]
L000407 | [Train F1: 0.5439358302859392]
L000408 | [Train Acc: 0.5518688024408849]
L000409 | [Dev Loss: 1.1491]
L000410 | [Dev F1: 0.4815870281231565]
L000411 | [Dev Acc: 0.5247349823321554]
L000412 | 
L000413-L000428 | [REDACTED: batch progress and internal diagnostics]
L000429 | [Epoch 14] [Time: 2.264991283416748]
L000430 | [Train Loss: 1.0984]
L000431 | [Train F1: 0.5465524255849552]
L000432 | [Train Acc: 0.5570175438596491]
L000433 | [Dev Loss: 1.1306]
L000434 | [Dev F1: 0.5001189623832171]
L000435 | [Dev Acc: 0.5318021201413428]
L000436 | 
L000437-L000452 | [REDACTED: batch progress and internal diagnostics]
L000453 | [Epoch 15] [Time: 2.28690242767334]
L000454 | [Train Loss: 1.0582]
L000455 | [Train F1: 0.561859255973361]
L000456 | [Train Acc: 0.5701754385964912]
L000457 | [Dev Loss: 1.1113]
L000458 | [Dev F1: 0.5009798382964437]
L000459 | [Dev Acc: 0.5335689045936396]
L000460 | 
L000461-L000476 | [REDACTED: batch progress and internal diagnostics]
L000477 | [Epoch 16] [Time: 2.2250936031341553]
L000478 | [Train Loss: 1.0258]
L000479 | [Train F1: 0.5698973069802903]
L000480 | [Train Acc: 0.5789473684210527]
L000481 | [Dev Loss: 1.0941]
L000482 | [Dev F1: 0.5064902988472296]
L000483 | [Dev Acc: 0.5371024734982333]
L000484 | 
L000485-L000500 | [REDACTED: batch progress and internal diagnostics]
L000501 | [Epoch 17] [Time: 2.2151010036468506]
L000502 | [Train Loss: 0.994]
L000503 | [Train F1: 0.5899256493573496]
L000504 | [Train Acc: 0.5982074752097636]
L000505 | [Dev Loss: 1.068]
L000506 | [Dev F1: 0.5087348066709388]
L000507 | [Dev Acc: 0.5371024734982333]
L000508 | 
L000509-L000524 | [REDACTED: batch progress and internal diagnostics]
L000525 | [Epoch 18] [Time: 2.2377052307128906]
L000526 | [Train Loss: 0.9586]
L000527 | [Train F1: 0.6042077979713418]
L000528 | [Train Acc: 0.6121281464530892]
L000529 | [Dev Loss: 1.0512]
L000530 | [Dev F1: 0.503107268415463]
L000531 | [Dev Acc: 0.5318021201413428]
L000532 | 
L000533-L000548 | [REDACTED: batch progress and internal diagnostics]
L000549 | [Epoch 19] [Time: 2.217137336730957]
L000550 | [Train Loss: 0.9384]
L000551 | [Train F1: 0.6054599829038475]
L000552 | [Train Acc: 0.6149885583524027]
L000553 | [Dev Loss: 1.0492]
L000554 | [Dev F1: 0.5159813201400504]
L000555 | [Dev Acc: 0.5388692579505301]
L000556 | 
L000557-L000572 | [REDACTED: batch progress and internal diagnostics]
L000573 | [Epoch 20] [Time: 2.340331792831421]
L000574 | [Train Loss: 0.9087]
L000575 | [Train F1: 0.6353439688114214]
L000576 | [Train Acc: 0.6437833714721587]
L000577 | [Dev Loss: 1.0282]
L000578 | [Dev F1: 0.5193563950952024]
L000579 | [Dev Acc: 0.5424028268551236]
L000580 | 
L000581-L000596 | [REDACTED: batch progress and internal diagnostics]
L000597 | [Epoch 21] [Time: 2.1913301944732666]
L000598 | [Train Loss: 0.8822]
L000599 | [Train F1: 0.6364475354599887]
L000600 | [Train Acc: 0.6434019832189168]
L000601 | [Dev Loss: 1.0178]
L000602 | [Dev F1: 0.5490956766498581]
L000603 | [Dev Acc: 0.5653710247349824]
L000604 | 
L000605-L000620 | [REDACTED: batch progress and internal diagnostics]
L000621 | [Epoch 22] [Time: 2.3275370597839355]
L000622 | [Train Loss: 0.8635]
L000623 | [Train F1: 0.6467738080098593]
L000624 | [Train Acc: 0.65255530129672]
L000625 | [Dev Loss: 1.0396]
L000626 | [Dev F1: 0.5450561178727485]
L000627 | [Dev Acc: 0.558303886925795]
L000628 | 
L000629-L000644 | [REDACTED: batch progress and internal diagnostics]
L000645 | [Epoch 23] [Time: 2.208204984664917]
L000646 | [Train Loss: 0.8539]
L000647 | [Train F1: 0.6521414051991062]
L000648 | [Train Acc: 0.6573226544622426]
L000649 | [Dev Loss: 1.0001]
L000650 | [Dev F1: 0.5637512702792257]
L000651 | [Dev Acc: 0.5795053003533569]
L000652 | 
L000653-L000668 | [REDACTED: batch progress and internal diagnostics]
L000669 | [Epoch 24] [Time: 2.2848567962646484]
L000670 | [Train Loss: 0.8174]
L000671 | [Train F1: 0.6701010856078317]
L000672 | [Train Acc: 0.6748665141113653]
L000673 | [Dev Loss: 1.0083]
L000674 | [Dev F1: 0.5764405254593193]
L000675 | [Dev Acc: 0.5848056537102474]
L000676 | 
L000677-L000692 | [REDACTED: batch progress and internal diagnostics]
L000693 | [Epoch 25] [Time: 2.1769087314605713]
L000694 | [Train Loss: 0.8046]
L000695 | [Train F1: 0.6736911592321416]
L000696 | [Train Acc: 0.6779176201372997]
L000697 | [Dev Loss: 0.9942]
L000698 | [Dev F1: 0.5739527750373403]
L000699 | [Dev Acc: 0.5848056537102474]
L000700 | 
L000701-L000716 | [REDACTED: batch progress and internal diagnostics]
L000717 | [Epoch 26] [Time: 2.374199390411377]
L000718 | [Train Loss: 0.7864]
L000719 | [Train F1: 0.6847226460089794]
L000720 | [Train Acc: 0.6891685736079328]
L000721 | [Dev Loss: 0.9852]
L000722 | [Dev F1: 0.5877205927214911]
L000723 | [Dev Acc: 0.5954063604240283]
L000724 | 
L000725-L000740 | [REDACTED: batch progress and internal diagnostics]
L000741 | [Epoch 27] [Time: 2.268375873565674]
L000742 | [Train Loss: 0.7808]
L000743 | [Train F1: 0.6901778187924054]
L000744 | [Train Acc: 0.6937452326468345]
L000745 | [Dev Loss: 0.9942]
L000746 | [Dev F1: 0.5802332656753885]
L000747 | [Dev Acc: 0.5830388692579506]
L000748 | 
L000749-L000764 | [REDACTED: batch progress and internal diagnostics]
L000765 | [Epoch 28] [Time: 2.1179869174957275]
L000766 | [Train Loss: 0.7627]
L000767 | [Train F1: 0.7007417036109638]
L000768 | [Train Acc: 0.704042715484363]
L000769 | [Dev Loss: 0.9814]
L000770 | [Dev F1: 0.5830171639828198]
L000771 | [Dev Acc: 0.5918727915194346]
L000772 | 
L000773-L000788 | [REDACTED: batch progress and internal diagnostics]
L000789 | [Epoch 29] [Time: 2.1375629901885986]
L000790 | [Train Loss: 0.7351]
L000791 | [Train F1: 0.7002432041206665]
L000792 | [Train Acc: 0.7028985507246377]
L000793 | [Dev Loss: 0.9815]
L000794 | [Dev F1: 0.6001487421163413]
L000795 | [Dev Acc: 0.6024734982332155]
L000796 | 
L000797-L000812 | [REDACTED: batch progress and internal diagnostics]
L000813 | [Epoch 30] [Time: 2.2506091594696045]
L000814 | [Train Loss: 0.7351]
L000815 | [Train F1: 0.7109170784394919]
L000816 | [Train Acc: 0.7139588100686499]
L000817 | [Dev Loss: 0.9999]
L000818 | [Dev F1: 0.5712043652817911]
L000819 | [Dev Acc: 0.5759717314487632]
L000820 | 
L000821-L000836 | [REDACTED: batch progress and internal diagnostics]
L000837 | [Epoch 31] [Time: 2.144944667816162]
L000838 | [Train Loss: 0.7112]
L000839 | [Train F1: 0.7192625147722143]
L000840 | [Train Acc: 0.721395881006865]
L000841 | [Dev Loss: 0.9801]
L000842 | [Dev F1: 0.5979072309585165]
L000843 | [Dev Acc: 0.6007067137809188]
L000844 | 
L000845-L000860 | [REDACTED: batch progress and internal diagnostics]
L000861 | [Epoch 32] [Time: 2.331580638885498]
L000862 | [Train Loss: 0.7022]
L000863 | [Train F1: 0.7170246724874954]
L000864 | [Train Acc: 0.719488939740656]
L000865 | [Dev Loss: 0.9599]
L000866 | [Dev F1: 0.6100917499068027]
L000867 | [Dev Acc: 0.6183745583038869]
L000868 | 
L000869-L000884 | [REDACTED: batch progress and internal diagnostics]
L000885 | [Epoch 33] [Time: 2.230520486831665]
L000886 | [Train Loss: 0.6977]
L000887 | [Train F1: 0.7256794433290867]
L000888 | [Train Acc: 0.7276887871853547]
L000889 | [Dev Loss: 0.9876]
L000890 | [Dev F1: 0.6043085705862045]
L000891 | [Dev Acc: 0.6060070671378092]
L000892 | 
L000893-L000908 | [REDACTED: batch progress and internal diagnostics]
L000909 | [Epoch 34] [Time: 2.243248462677002]
L000910 | [Train Loss: 0.6739]
L000911 | [Train F1: 0.7280532194777122]
L000912 | [Train Acc: 0.7297864225781846]
L000913 | [Dev Loss: 0.9896]
L000914 | [Dev F1: 0.5984413396598715]
L000915 | [Dev Acc: 0.6007067137809188]
L000916 | 
L000917-L000932 | [REDACTED: batch progress and internal diagnostics]
L000933 | [Epoch 35] [Time: 2.245213508605957]
L000934 | [Train Loss: 0.6712]
L000935 | [Train F1: 0.7300522204456661]
L000936 | [Train Acc: 0.7322654462242563]
L000937 | [Dev Loss: 1.0069]
L000938 | [Dev F1: 0.5912462783878494]
L000939 | [Dev Acc: 0.5936395759717314]
L000940 | 
L000941-L000956 | [REDACTED: batch progress and internal diagnostics]
L000957 | [Epoch 36] [Time: 2.162111520767212]
L000958 | [Train Loss: 0.6559]
L000959 | [Train F1: 0.7435582973190253]
L000960 | [Train Acc: 0.7450419527078566]
L000961 | [Dev Loss: 0.9845]
L000962 | [Dev F1: 0.5987960018259725]
L000963 | [Dev Acc: 0.6024734982332155]
L000964 | 
L000965-L000980 | [REDACTED: batch progress and internal diagnostics]
L000981 | [Epoch 37] [Time: 1.9357590675354004]
L000982 | [Train Loss: 0.6457]
L000983 | [Train F1: 0.7511638783219637]
L000984 | [Train Acc: 0.7524790236460717]
L000985 | [Dev Loss: 0.9737]
L000986 | [Dev F1: 0.6009385725411944]
L000987 | [Dev Acc: 0.6042402826855123]
L000988 | 
L000989-L001004 | [REDACTED: batch progress and internal diagnostics]
L001005 | [Epoch 38] [Time: 2.256338119506836]
L001006 | [Train Loss: 0.644]
L001007 | [Train F1: 0.7498312011498406]
L001008 | [Train Acc: 0.7507627765064836]
L001009 | [Dev Loss: 0.9997]
L001010 | [Dev F1: 0.6002832478670702]
L001011 | [Dev Acc: 0.6042402826855123]
L001012 | 
L001013-L001028 | [REDACTED: batch progress and internal diagnostics]
L001029 | [Epoch 39] [Time: 2.140803337097168]
L001030 | [Train Loss: 0.6385]
L001031 | [Train F1: 0.7471789475738119]
L001032 | [Train Acc: 0.7488558352402745]
L001033 | [Dev Loss: 0.9785]
L001034 | [Dev F1: 0.6016765986033026]
L001035 | [Dev Acc: 0.6042402826855123]
L001036 | 
L001037-L001052 | [REDACTED: batch progress and internal diagnostics]
L001053 | [Epoch 40] [Time: 2.2012388706207275]
L001054 | [Train Loss: 0.6229]
L001055 | [Train F1: 0.7641425652076668]
L001056 | [Train Acc: 0.7648741418764302]
L001057 | [Dev Loss: 0.9939]
L001058 | [Dev F1: 0.6044276802162402]
L001059 | [Dev Acc: 0.6060070671378092]
L001060 | 
L001061-L001076 | [REDACTED: batch progress and internal diagnostics]
L001077 | [Epoch 41] [Time: 2.203690767288208]
L001078 | [Train Loss: 0.6094]
L001079 | [Train F1: 0.7617963342298133]
L001080 | [Train Acc: 0.763348588863463]
L001081 | [Dev Loss: 1.0003]
L001082 | [Dev F1: 0.5989462213983257]
L001083 | [Dev Acc: 0.6007067137809188]
L001084 | 
L001085-L001100 | [REDACTED: batch progress and internal diagnostics]
L001101 | [Epoch 42] [Time: 2.210355520248413]
L001102 | [Train Loss: 0.6143]
L001103 | [Train F1: 0.7566565002938561]
L001104 | [Train Acc: 0.7583905415713196]
L001105 | [Dev Loss: 0.9774]
L001106 | [Dev F1: 0.6070128584769978]
L001107 | [Dev Acc: 0.6095406360424028]
L001108 | 
L001109-L001124 | [REDACTED: batch progress and internal diagnostics]
L001125 | [Epoch 43] [Time: 2.1772170066833496]
L001126 | [Train Loss: 0.6065]
L001127 | [Train F1: 0.7651956043136948]
L001128 | [Train Acc: 0.7660183066361556]
L001129 | [Dev Loss: 0.9871]
L001130 | [Dev F1: 0.5980197751151652]
L001131 | [Dev Acc: 0.6007067137809188]
L001132 | 
L001133-L001148 | [REDACTED: batch progress and internal diagnostics]
L001149 | [Epoch 44] [Time: 2.212589979171753]
L001150 | [Train Loss: 0.5858]
L001151 | [Train F1: 0.773718878471485]
L001152 | [Train Acc: 0.7744088482074752]
L001153 | [Dev Loss: 1.0047]
L001154 | [Dev F1: 0.5936525006879784]
L001155 | [Dev Acc: 0.598939929328622]
L001156 | 
L001157-L001172 | [REDACTED: batch progress and internal diagnostics]
L001173 | [Epoch 45] [Time: 2.0012378692626953]
L001174 | [Train Loss: 0.5915]
L001175 | [Train F1: 0.7662504762379854]
L001176 | [Train Acc: 0.7677345537757437]
L001177 | [Dev Loss: 1.0299]
L001178 | [Dev F1: 0.5795538485120327]
L001179 | [Dev Acc: 0.5830388692579506]
L001180 | 
L001181-L001196 | [REDACTED: batch progress and internal diagnostics]
L001197 | [Epoch 46] [Time: 2.187593698501587]
L001198 | [Train Loss: 0.5801]
L001199 | [Train F1: 0.7691023690381454]
L001200 | [Train Acc: 0.7698321891685737]
L001201 | [Dev Loss: 1.0087]
L001202 | [Dev F1: 0.6026551760148905]
L001203 | [Dev Acc: 0.6042402826855123]
L001204 | 
L001205-L001220 | [REDACTED: batch progress and internal diagnostics]
L001221 | [Epoch 47] [Time: 2.073284149169922]
L001222 | [Train Loss: 0.5744]
L001223 | [Train F1: 0.7812980373930799]
L001224 | [Train Acc: 0.7822273073989321]
L001225 | [Dev Loss: 1.0238]
L001226 | [Dev F1: 0.5811622605735346]
L001227 | [Dev Acc: 0.588339222614841]
L001228 | 
L001229-L001244 | [REDACTED: batch progress and internal diagnostics]
L001245 | [Epoch 48] [Time: 2.1037275791168213]
L001246 | [Train Loss: 0.5613]
L001247 | [Train F1: 0.7846024563629289]
L001248 | [Train Acc: 0.7852784134248665]
L001249 | [Dev Loss: 1.029]
L001250 | [Dev F1: 0.5921260029605477]
L001251 | [Dev Acc: 0.5936395759717314]
L001252 | 
L001253-L001268 | [REDACTED: batch progress and internal diagnostics]
L001269 | [Epoch 49] [Time: 2.1793413162231445]
L001270 | [Train Loss: 0.553]
L001271 | [Train F1: 0.7817697376798614]
L001272 | [Train Acc: 0.7827993897787948]
L001273 | [Dev Loss: 1.0367]
L001274 | [Dev F1: 0.5935367773546026]
L001275 | [Dev Acc: 0.5936395759717314]
L001276 | 
L001277-L001292 | [REDACTED: batch progress and internal diagnostics]
L001293 | [Epoch 50] [Time: 2.2729668617248535]
L001294 | [Train Loss: 0.553]
L001295 | [Train F1: 0.7891144755282894]
L001296 | [Train Acc: 0.7892829900839055]
L001297 | [Dev Loss: 1.015]
L001298 | [Dev F1: 0.5975565084497112]
L001299 | [Dev Acc: 0.6060070671378092]
L001300 | 
L001301-L001316 | [REDACTED: batch progress and internal diagnostics]
L001317 | [Epoch 51] [Time: 2.1251158714294434]
L001318 | [Train Loss: 0.5511]
L001319 | [Train F1: 0.7848026274425872]
L001320 | [Train Acc: 0.7864225781845919]
L001321 | [Dev Loss: 1.0137]
L001322 | [Dev F1: 0.6050900663077683]
L001323 | [Dev Acc: 0.6095406360424028]
L001324 | 
L001325-L001340 | [REDACTED: batch progress and internal diagnostics]
L001341 | [Epoch 52] [Time: 2.2006101608276367]
L001342 | [Train Loss: 0.5325]
L001343 | [Train F1: 0.7948142284871209]
L001344 | [Train Acc: 0.7948131197559115]
L001345 | [Dev Loss: 1.0378]
L001346 | [Dev F1: 0.6003791419377528]
L001347 | [Dev Acc: 0.6024734982332155]
L001348 | 
L001349-L001364 | [REDACTED: batch progress and internal diagnostics]
L001365 | [Epoch 53] [Time: 2.1647379398345947]
L001366 | [Train Loss: 0.5314]
L001367 | [Train F1: 0.79763081377387]
L001368 | [Train Acc: 0.7988176964149504]
L001369 | [Dev Loss: 1.0471]
L001370 | [Dev F1: 0.6016193641503381]
L001371 | [Dev Acc: 0.6042402826855123]
L001372 | 
L001373-L001388 | [REDACTED: batch progress and internal diagnostics]
L001389 | [Epoch 54] [Time: 2.1105804443359375]
L001390 | [Train Loss: 0.5331]
L001391 | [Train F1: 0.7966354617309603]
L001392 | [Train Acc: 0.7969107551487414]
L001393 | [Dev Loss: 1.0493]
L001394 | [Dev F1: 0.5931697505702689]
L001395 | [Dev Acc: 0.598939929328622]
L001396 | 
L001397-L001412 | [REDACTED: batch progress and internal diagnostics]
L001413 | [Epoch 55] [Time: 2.2636420726776123]
L001414 | [Train Loss: 0.5275]
L001415 | [Train F1: 0.8036636701458927]
L001416 | [Train Acc: 0.8041571319603357]
L001417 | [Dev Loss: 1.0449]
L001418 | [Dev F1: 0.5877786684295715]
L001419 | [Dev Acc: 0.5918727915194346]
L001420 | 
L001421-L001436 | [REDACTED: batch progress and internal diagnostics]
L001437 | [Epoch 56] [Time: 2.17313289642334]
L001438 | [Train Loss: 0.5218]
L001439 | [Train F1: 0.7974972968278433]
L001440 | [Train Acc: 0.7980549199084668]
L001441 | [Dev Loss: 1.0223]
L001442 | [Dev F1: 0.6080276550330442]
L001443 | [Dev Acc: 0.6095406360424028]
L001444 | 
L001445-L001460 | [REDACTED: batch progress and internal diagnostics]
L001461 | [Epoch 57] [Time: 2.2396183013916016]
L001462 | [Train Loss: 0.5074]
L001463 | [Train F1: 0.8066830209090597]
L001464 | [Train Acc: 0.8070175438596491]
L001465 | [Dev Loss: 1.052]
L001466 | [Dev F1: 0.6075988869774445]
L001467 | [Dev Acc: 0.6219081272084805]
L001468 | Early stopping at epoch: 57
L001469 | Last model
L001470 |               precision    recall  f1-score   support
L001471 | 
L001472 |          hap     0.4426    0.3750    0.4060       144
L001473 |          sad     0.8227    0.7388    0.7785       245
L001474 |          neu     0.5498    0.6615    0.6005       384
L001475 |          ang     0.7607    0.5235    0.6202       170
L001476 |          exc     0.6977    0.7023    0.7000       299
L001477 |          fru     0.6160    0.6483    0.6317       381
L001478 | 
L001479 |     accuracy                         0.6377      1623
L001480 |    macro avg     0.6482    0.6082    0.6228      1623
L001481 | weighted avg     0.6463    0.6377    0.6378      1623
L001482 | 
L001483 | Best model at epoch: 32
L001484 | Best dev F1: 0.6100917499068027
L001485 |               precision    recall  f1-score   support
L001486 | 
L001487 |          hap     0.4375    0.2431    0.3125       144
L001488 |          sad     0.8065    0.7143    0.7576       245
L001489 |          neu     0.5413    0.6484    0.5900       384
L001490 |          ang     0.6776    0.6059    0.6398       170
L001491 |          exc     0.6770    0.7291    0.7021       299
L001492 |          fru     0.6097    0.6273    0.6184       381
L001493 | 
L001494 |     accuracy                         0.6278      1623
L001495 |    macro avg     0.6249    0.5947    0.6034      1623
L001496 | weighted avg     0.6275    0.6278    0.6232      1623
L001497 | 
L001498 | Best test F1: 0.6232082037156045
L001499 | Best test Acc: 0.6278496611213802
L001500 | [SANITIZED] Saved checkpoint: [path and filename removed]
