# Redacted copy of an existing run log.
# run_id: G12-seed2
# dataset: IEMOCAP
# model: MMGCN+AMBER
# imr: (0.7,0.5,0.3)
# seed_alias: seed2
# original_log_sha256: df4d595c91966d7d29da0bf89d93543931e768a2adb5db9ec357f556c074f5e1
# source_record_status: ok
# source_record_process_return_code: 3221226505
# L numbers refer to source logical lines; REDACTED/SANITIZED text is editorial.
L000001-L000065 | [REDACTED: configuration or implementation details]
L000066 | [SANITIZED] Seed alias: seed2
L000067 | 
L000068-L000069 | [REDACTED: batch progress and internal diagnostics]
L000070 | 
L000071-L000072 | [REDACTED: batch progress and internal diagnostics]
L000073 | 
L000074-L000075 | [REDACTED: batch progress and internal diagnostics]
L000076 | 
L000077-L000092 | [REDACTED: batch progress and internal diagnostics]
L000093 | [Epoch 0] [Time: 2.775930166244507]
L000094 | [Train Loss: 1.859]
L000095 | [Train F1: 0.189985351147302]
L000096 | [Train Acc: 0.18860244233378562]
L000097 | [Dev Loss: 1.6671]
L000098 | [Dev F1: 0.265539049737324]
L000099 | [Dev Acc: 0.3348694316436252]
L000100 | 
L000101-L000116 | [REDACTED: batch progress and internal diagnostics]
L000117 | [Epoch 1] [Time: 2.1469244956970215]
L000118 | [Train Loss: 1.7155]
L000119 | [Train F1: 0.24989733070661266]
L000120 | [Train Acc: 0.2684628804031789]
L000121 | [Dev Loss: 1.6003]
L000122 | [Dev F1: 0.2853848286835751]
L000123 | [Dev Acc: 0.3425499231950845]
L000124 | 
L000125-L000140 | [REDACTED: batch progress and internal diagnostics]
L000141 | [Epoch 2] [Time: 2.199775218963623]
L000142 | [Train Loss: 1.6692]
L000143 | [Train F1: 0.26049127304418346]
L000144 | [Train Acc: 0.29075402209730566]
L000145 | [Dev Loss: 1.5756]
L000146 | [Dev F1: 0.2332884255114135]
L000147 | [Dev Acc: 0.2887864823348694]
L000148 | 
L000149-L000164 | [REDACTED: batch progress and internal diagnostics]
L000165 | [Epoch 3] [Time: 2.2269134521484375]
L000166 | [Train Loss: 1.5948]
L000167 | [Train F1: 0.29751841661257666]
L000168 | [Train Acc: 0.3248691606900562]
L000169 | [Dev Loss: 1.5287]
L000170 | [Dev F1: 0.30343046825503833]
L000171 | [Dev Acc: 0.3425499231950845]
L000172 | 
L000173-L000188 | [REDACTED: batch progress and internal diagnostics]
L000189 | [Epoch 4] [Time: 2.2980644702911377]
L000190 | [Train Loss: 1.5333]
L000191 | [Train F1: 0.34255112934906423]
L000192 | [Train Acc: 0.35937197131226983]
L000193 | [Dev Loss: 1.4724]
L000194 | [Dev F1: 0.3773637882738499]
L000195 | [Dev Acc: 0.41013824884792627]
L000196 | 
L000197-L000212 | [REDACTED: batch progress and internal diagnostics]
L000213 | [Epoch 5] [Time: 2.1019246578216553]
L000214 | [Train Loss: 1.4687]
L000215 | [Train F1: 0.36864030129105657]
L000216 | [Train Acc: 0.3834076371389804]
L000217 | [Dev Loss: 1.4226]
L000218 | [Dev F1: 0.40766634899124643]
L000219 | [Dev Acc: 0.4393241167434716]
L000220 | 
L000221-L000236 | [REDACTED: batch progress and internal diagnostics]
L000237 | [Epoch 6] [Time: 2.007505416870117]
L000238 | [Train Loss: 1.3979]
L000239 | [Train F1: 0.41411875968922374]
L000240 | [Train Acc: 0.42895910060089165]
L000241 | [Dev Loss: 1.3846]
L000242 | [Dev F1: 0.43622670884490444]
L000243 | [Dev Acc: 0.4731182795698925]
L000244 | 
L000245-L000260 | [REDACTED: batch progress and internal diagnostics]
L000261 | [Epoch 7] [Time: 2.18902587890625]
L000262 | [Train Loss: 1.3454]
L000263 | [Train F1: 0.4406968450044321]
L000264 | [Train Acc: 0.4553207986043807]
L000265 | [Dev Loss: 1.3475]
L000266 | [Dev F1: 0.4462104813161325]
L000267 | [Dev Acc: 0.4823348694316436]
L000268 | 
L000269-L000284 | [REDACTED: batch progress and internal diagnostics]
L000285 | [Epoch 8] [Time: 2.2319397926330566]
L000286 | [Train Loss: 1.2922]
L000287 | [Train F1: 0.4687780186884552]
L000288 | [Train Acc: 0.4809071525489436]
L000289 | [Dev Loss: 1.2969]
L000290 | [Dev F1: 0.441299000670723]
L000291 | [Dev Acc: 0.47772657450076805]
L000292 | 
L000293-L000308 | [REDACTED: batch progress and internal diagnostics]
L000309 | [Epoch 9] [Time: 2.251723051071167]
L000310 | [Train Loss: 1.2406]
L000311 | [Train F1: 0.4909334896517955]
L000312 | [Train Acc: 0.5022291141694126]
L000313 | [Dev Loss: 1.2691]
L000314 | [Dev F1: 0.4429525315205419]
L000315 | [Dev Acc: 0.4823348694316436]
L000316 | 
L000317-L000332 | [REDACTED: batch progress and internal diagnostics]
L000333 | [Epoch 10] [Time: 2.1688249111175537]
L000334 | [Train Loss: 1.2116]
L000335 | [Train F1: 0.49569996008548983]
L000336 | [Train Acc: 0.5055243264198488]
L000337 | [Dev Loss: 1.2421]
L000338 | [Dev F1: 0.44088511371848144]
L000339 | [Dev Acc: 0.4792626728110599]
L000340 | 
L000341-L000356 | [REDACTED: batch progress and internal diagnostics]
L000357 | [Epoch 11] [Time: 2.171403646469116]
L000358 | [Train Loss: 1.1619]
L000359 | [Train F1: 0.5189953679283132]
L000360 | [Train Acc: 0.5345997286295794]
L000361 | [Dev Loss: 1.211]
L000362 | [Dev F1: 0.45628587190083314]
L000363 | [Dev Acc: 0.49615975422427033]
L000364 | 
L000365-L000380 | [REDACTED: batch progress and internal diagnostics]
L000381 | [Epoch 12] [Time: 2.269369125366211]
L000382 | [Train Loss: 1.1088]
L000383 | [Train F1: 0.5422049124727155]
L000384 | [Train Acc: 0.5574723783679008]
L000385 | [Dev Loss: 1.1718]
L000386 | [Dev F1: 0.47188248601103766]
L000387 | [Dev Acc: 0.5099846390168971]
L000388 | 
L000389-L000404 | [REDACTED: batch progress and internal diagnostics]
L000405 | [Epoch 13] [Time: 2.056605339050293]
L000406 | [Train Loss: 1.0721]
L000407 | [Train F1: 0.5478986890030627]
L000408 | [Train Acc: 0.5634812948245784]
L000409 | [Dev Loss: 1.1493]
L000410 | [Dev F1: 0.4691315439325516]
L000411 | [Dev Acc: 0.5069124423963134]
L000412 | 
L000413-L000428 | [REDACTED: batch progress and internal diagnostics]
L000429 | [Epoch 14] [Time: 2.2553532123565674]
L000430 | [Train Loss: 1.0371]
L000431 | [Train F1: 0.5609044238074381]
L000432 | [Train Acc: 0.5743361116495445]
L000433 | [Dev Loss: 1.1313]
L000434 | [Dev F1: 0.4961543472854746]
L000435 | [Dev Acc: 0.5299539170506913]
L000436 | 
L000437-L000452 | [REDACTED: batch progress and internal diagnostics]
L000453 | [Epoch 15] [Time: 2.360806465148926]
L000454 | [Train Loss: 1.0096]
L000455 | [Train F1: 0.5802753488607475]
L000456 | [Train Acc: 0.5915875169606513]
L000457 | [Dev Loss: 1.1218]
L000458 | [Dev F1: 0.4897428068213077]
L000459 | [Dev Acc: 0.5299539170506913]
L000460 | 
L000461-L000476 | [REDACTED: batch progress and internal diagnostics]
L000477 | [Epoch 16] [Time: 2.3256380558013916]
L000478 | [Train Loss: 0.9766]
L000479 | [Train F1: 0.5958341481958632]
L000480 | [Train Acc: 0.6069005621244428]
L000481 | [Dev Loss: 1.0891]
L000482 | [Dev F1: 0.5266215177843646]
L000483 | [Dev Acc: 0.5591397849462365]
L000484 | 
L000485-L000500 | [REDACTED: batch progress and internal diagnostics]
L000501 | [Epoch 17] [Time: 2.2761003971099854]
L000502 | [Train Loss: 0.9536]
L000503 | [Train F1: 0.605931303394198]
L000504 | [Train Acc: 0.6132971506105834]
L000505 | [Dev Loss: 1.0865]
L000506 | [Dev F1: 0.5296891743939997]
L000507 | [Dev Acc: 0.5576036866359447]
L000508 | 
L000509-L000524 | [REDACTED: batch progress and internal diagnostics]
L000525 | [Epoch 18] [Time: 2.265601634979248]
L000526 | [Train Loss: 0.937]
L000527 | [Train F1: 0.6070609040385337]
L000528 | [Train Acc: 0.6148478387284357]
L000529 | [Dev Loss: 1.0938]
L000530 | [Dev F1: 0.5282824953473069]
L000531 | [Dev Acc: 0.5622119815668203]
L000532 | 
L000533-L000548 | [REDACTED: batch progress and internal diagnostics]
L000549 | [Epoch 19] [Time: 2.120574951171875]
L000550 | [Train Loss: 0.9231]
L000551 | [Train F1: 0.6171853897637052]
L000552 | [Train Acc: 0.6258964915681333]
L000553 | [Dev Loss: 1.0761]
L000554 | [Dev F1: 0.5508178774686042]
L000555 | [Dev Acc: 0.5745007680491552]
L000556 | 
L000557-L000572 | [REDACTED: batch progress and internal diagnostics]
L000573 | [Epoch 20] [Time: 2.0388340950012207]
L000574 | [Train Loss: 0.8974]
L000575 | [Train F1: 0.638646748127296]
L000576 | [Train Acc: 0.6443109129676294]
L000577 | [Dev Loss: 1.0766]
L000578 | [Dev F1: 0.5340897622583941]
L000579 | [Dev Acc: 0.5622119815668203]
L000580 | 
L000581-L000596 | [REDACTED: batch progress and internal diagnostics]
L000597 | [Epoch 21] [Time: 2.025574207305908]
L000598 | [Train Loss: 0.8753]
L000599 | [Train F1: 0.6504074899516789]
L000600 | [Train Acc: 0.6580732700135685]
L000601 | [Dev Loss: 1.0762]
L000602 | [Dev F1: 0.5388511266982678]
L000603 | [Dev Acc: 0.5668202764976958]
L000604 | 
L000605-L000620 | [REDACTED: batch progress and internal diagnostics]
L000621 | [Epoch 22] [Time: 2.15557861328125]
L000622 | [Train Loss: 0.8475]
L000623 | [Train F1: 0.6510871802577732]
L000624 | [Train Acc: 0.657879433998837]
L000625 | [Dev Loss: 1.0729]
L000626 | [Dev F1: 0.5608017188553432]
L000627 | [Dev Acc: 0.5806451612903226]
L000628 | 
L000629-L000644 | [REDACTED: batch progress and internal diagnostics]
L000645 | [Epoch 23] [Time: 2.1528408527374268]
L000646 | [Train Loss: 0.846]
L000647 | [Train F1: 0.6667065749326889]
L000648 | [Train Acc: 0.6712541190153131]
L000649 | [Dev Loss: 1.0816]
L000650 | [Dev F1: 0.5533284927996782]
L000651 | [Dev Acc: 0.5775729646697388]
L000652 | 
L000653-L000668 | [REDACTED: batch progress and internal diagnostics]
L000669 | [Epoch 24] [Time: 2.079307794570923]
L000670 | [Train Loss: 0.8346]
L000671 | [Train F1: 0.6670815685364722]
L000672 | [Train Acc: 0.6720294630742392]
L000673 | [Dev Loss: 1.073]
L000674 | [Dev F1: 0.5682799206117487]
L000675 | [Dev Acc: 0.5929339477726574]
L000676 | 
L000677-L000692 | [REDACTED: batch progress and internal diagnostics]
L000693 | [Epoch 25] [Time: 1.9983556270599365]
L000694 | [Train Loss: 0.8025]
L000695 | [Train F1: 0.6791288018257774]
L000696 | [Train Acc: 0.6836596239581314]
L000697 | [Dev Loss: 1.0661]
L000698 | [Dev F1: 0.5697355879286882]
L000699 | [Dev Acc: 0.5913978494623656]
L000700 | 
L000701-L000716 | [REDACTED: batch progress and internal diagnostics]
L000717 | [Epoch 26] [Time: 2.0493032932281494]
L000718 | [Train Loss: 0.7986]
L000719 | [Train F1: 0.6815172304972473]
L000720 | [Train Acc: 0.6852103120759837]
L000721 | [Dev Loss: 1.0653]
L000722 | [Dev F1: 0.5813417864519934]
L000723 | [Dev Acc: 0.5975422427035331]
L000724 | 
L000725-L000740 | [REDACTED: batch progress and internal diagnostics]
L000741 | [Epoch 27] [Time: 2.312654733657837]
L000742 | [Train Loss: 0.7862]
L000743 | [Train F1: 0.683395245195088]
L000744 | [Train Acc: 0.6855979841054468]
L000745 | [Dev Loss: 1.0756]
L000746 | [Dev F1: 0.57404161583865]
L000747 | [Dev Acc: 0.5929339477726574]
L000748 | 
L000749-L000764 | [REDACTED: batch progress and internal diagnostics]
L000765 | [Epoch 28] [Time: 2.168337345123291]
L000766 | [Train Loss: 0.7813]
L000767 | [Train F1: 0.6936575412841914]
L000768 | [Train Acc: 0.6970343089746075]
L000769 | [Dev Loss: 1.0618]
L000770 | [Dev F1: 0.5787918206804228]
L000771 | [Dev Acc: 0.5990783410138248]
L000772 | 
L000773-L000788 | [REDACTED: batch progress and internal diagnostics]
L000789 | [Epoch 29] [Time: 2.195974111557007]
L000790 | [Train Loss: 0.7611]
L000791 | [Train F1: 0.7024597131139882]
L000792 | [Train Acc: 0.7053692576080636]
L000793 | [Dev Loss: 1.0715]
L000794 | [Dev F1: 0.595808748705839]
L000795 | [Dev Acc: 0.6113671274961597]
L000796 | 
L000797-L000812 | [REDACTED: batch progress and internal diagnostics]
L000813 | [Epoch 30] [Time: 2.1783204078674316]
L000814 | [Train Loss: 0.7448]
L000815 | [Train F1: 0.7031861944741311]
L000816 | [Train Acc: 0.7057569296375267]
L000817 | [Dev Loss: 1.0744]
L000818 | [Dev F1: 0.589305316347307]
L000819 | [Dev Acc: 0.6052227342549923]
L000820 | 
L000821-L000836 | [REDACTED: batch progress and internal diagnostics]
L000837 | [Epoch 31] [Time: 2.304661989212036]
L000838 | [Train Loss: 0.744]
L000839 | [Train F1: 0.7101201699869971]
L000840 | [Train Acc: 0.7121535181236673]
L000841 | [Dev Loss: 1.0787]
L000842 | [Dev F1: 0.5872974607997675]
L000843 | [Dev Acc: 0.6036866359447005]
L000844 | 
L000845-L000860 | [REDACTED: batch progress and internal diagnostics]
L000861 | [Epoch 32] [Time: 2.2661526203155518]
L000862 | [Train Loss: 0.7331]
L000863 | [Train F1: 0.7116414035140194]
L000864 | [Train Acc: 0.7135103702267881]
L000865 | [Dev Loss: 1.0895]
L000866 | [Dev F1: 0.5792537580661165]
L000867 | [Dev Acc: 0.5960061443932412]
L000868 | 
L000869-L000884 | [REDACTED: batch progress and internal diagnostics]
L000885 | [Epoch 33] [Time: 2.1269028186798096]
L000886 | [Train Loss: 0.7181]
L000887 | [Train F1: 0.7176903407141205]
L000888 | [Train Acc: 0.7195192866834658]
L000889 | [Dev Loss: 1.0861]
L000890 | [Dev F1: 0.58455106451881]
L000891 | [Dev Acc: 0.5990783410138248]
L000892 | 
L000893-L000908 | [REDACTED: batch progress and internal diagnostics]
L000909 | [Epoch 34] [Time: 2.0847878456115723]
L000910 | [Train Loss: 0.7101]
L000911 | [Train F1: 0.7243641327235822]
L000912 | [Train Acc: 0.7264973832138011]
L000913 | [Dev Loss: 1.0676]
L000914 | [Dev F1: 0.5938608844127072]
L000915 | [Dev Acc: 0.6098310291858678]
L000916 | 
L000917-L000932 | [REDACTED: batch progress and internal diagnostics]
L000933 | [Epoch 35] [Time: 2.3325366973876953]
L000934 | [Train Loss: 0.6995]
L000935 | [Train F1: 0.7267455358134391]
L000936 | [Train Acc: 0.7288234153905796]
L000937 | [Dev Loss: 1.0863]
L000938 | [Dev F1: 0.5833188075409771]
L000939 | [Dev Acc: 0.5990783410138248]
L000940 | 
L000941-L000956 | [REDACTED: batch progress and internal diagnostics]
L000957 | [Epoch 36] [Time: 2.2130208015441895]
L000958 | [Train Loss: 0.7075]
L000959 | [Train F1: 0.7211857864008983]
L000960 | [Train Acc: 0.7226206629191704]
L000961 | [Dev Loss: 1.1033]
L000962 | [Dev F1: 0.5842193407250387]
L000963 | [Dev Acc: 0.5975422427035331]
L000964 | 
L000965-L000980 | [REDACTED: batch progress and internal diagnostics]
L000981 | [Epoch 37] [Time: 2.1592984199523926]
L000982 | [Train Loss: 0.6762]
L000983 | [Train F1: 0.7410099431162966]
L000984 | [Train Acc: 0.7420042643923241]
L000985 | [Dev Loss: 1.0946]
L000986 | [Dev F1: 0.5752515562079303]
L000987 | [Dev Acc: 0.5913978494623656]
L000988 | 
L000989-L001004 | [REDACTED: batch progress and internal diagnostics]
L001005 | [Epoch 38] [Time: 2.1921234130859375]
L001006 | [Train Loss: 0.6816]
L001007 | [Train F1: 0.7361675004568929]
L001008 | [Train Acc: 0.7375460360534988]
L001009 | [Dev Loss: 1.0794]
L001010 | [Dev F1: 0.600931719967653]
L001011 | [Dev Acc: 0.6129032258064516]
L001012 | 
L001013-L001028 | [REDACTED: batch progress and internal diagnostics]
L001029 | [Epoch 39] [Time: 2.287801504135132]
L001030 | [Train Loss: 0.6815]
L001031 | [Train F1: 0.7315974201215163]
L001032 | [Train Acc: 0.733281643729405]
L001033 | [Dev Loss: 1.0865]
L001034 | [Dev F1: 0.5731456579460877]
L001035 | [Dev Acc: 0.5898617511520737]
L001036 | 
L001037-L001052 | [REDACTED: batch progress and internal diagnostics]
L001053 | [Epoch 40] [Time: 2.2292587757110596]
L001054 | [Train Loss: 0.661]
L001055 | [Train F1: 0.7445463515654296]
L001056 | [Train Acc: 0.7456871486722233]
L001057 | [Dev Loss: 1.0907]
L001058 | [Dev F1: 0.593317734674638]
L001059 | [Dev Acc: 0.6006144393241167]
L001060 | 
L001061-L001076 | [REDACTED: batch progress and internal diagnostics]
L001077 | [Epoch 41] [Time: 2.121497631072998]
L001078 | [Train Loss: 0.6631]
L001079 | [Train F1: 0.7367635355794886]
L001080 | [Train Acc: 0.7383213801124249]
L001081 | [Dev Loss: 1.0813]
L001082 | [Dev F1: 0.5987949551360222]
L001083 | [Dev Acc: 0.6098310291858678]
L001084 | 
L001085-L001100 | [REDACTED: batch progress and internal diagnostics]
L001101 | [Epoch 42] [Time: 2.1190292835235596]
L001102 | [Train Loss: 0.6388]
L001103 | [Train F1: 0.761330047979937]
L001104 | [Train Acc: 0.762163209924404]
L001105 | [Dev Loss: 1.0902]
L001106 | [Dev F1: 0.6010480125233212]
L001107 | [Dev Acc: 0.6113671274961597]
L001108 | 
L001109-L001124 | [REDACTED: batch progress and internal diagnostics]
L001125 | [Epoch 43] [Time: 2.115767478942871]
L001126 | [Train Loss: 0.6436]
L001127 | [Train F1: 0.7526084741843986]
L001128 | [Train Acc: 0.7534405892614848]
L001129 | [Dev Loss: 1.1041]
L001130 | [Dev F1: 0.5946052812871667]
L001131 | [Dev Acc: 0.6021505376344086]
L001132 | 
L001133-L001148 | [REDACTED: batch progress and internal diagnostics]
L001149 | [Epoch 44] [Time: 2.1911723613739014]
L001150 | [Train Loss: 0.6308]
L001151 | [Train F1: 0.7591594612018662]
L001152 | [Train Acc: 0.7604186857918201]
L001153 | [Dev Loss: 1.1485]
L001154 | [Dev F1: 0.5908243524949492]
L001155 | [Dev Acc: 0.6036866359447005]
L001156 | 
L001157-L001172 | [REDACTED: batch progress and internal diagnostics]
L001173 | [Epoch 45] [Time: 2.057141065597534]
L001174 | [Train Loss: 0.6191]
L001175 | [Train F1: 0.755849447716084]
L001176 | [Train Acc: 0.7567358015119209]
L001177 | [Dev Loss: 1.136]
L001178 | [Dev F1: 0.5950052373938388]
L001179 | [Dev Acc: 0.6067588325652842]
L001180 | 
L001181-L001196 | [REDACTED: batch progress and internal diagnostics]
L001197 | [Epoch 46] [Time: 2.283045768737793]
L001198 | [Train Loss: 0.613]
L001199 | [Train F1: 0.7663100992651153]
L001200 | [Train Acc: 0.767590618336887]
L001201 | [Dev Loss: 1.0949]
L001202 | [Dev F1: 0.6129768316176146]
L001203 | [Dev Acc: 0.6221198156682027]
L001204 | 
L001205-L001220 | [REDACTED: batch progress and internal diagnostics]
L001221 | [Epoch 47] [Time: 2.0890696048736572]
L001222 | [Train Loss: 0.5976]
L001223 | [Train F1: 0.7738275191204061]
L001224 | [Train Acc: 0.7743748788524908]
L001225 | [Dev Loss: 1.129]
L001226 | [Dev F1: 0.6039434644043074]
L001227 | [Dev Acc: 0.6144393241167435]
L001228 | 
L001229-L001244 | [REDACTED: batch progress and internal diagnostics]
L001245 | [Epoch 48] [Time: 2.1232078075408936]
L001246 | [Train Loss: 0.6067]
L001247 | [Train F1: 0.7698982511229123]
L001248 | [Train Acc: 0.7708858305873231]
L001249 | [Dev Loss: 1.0945]
L001250 | [Dev F1: 0.5983260310370778]
L001251 | [Dev Acc: 0.6082949308755761]
L001252 | 
L001253-L001268 | [REDACTED: batch progress and internal diagnostics]
L001269 | [Epoch 49] [Time: 2.236830472946167]
L001270 | [Train Loss: 0.5953]
L001271 | [Train F1: 0.7770888326712888]
L001272 | [Train Acc: 0.777670091102927]
L001273 | [Dev Loss: 1.1139]
L001274 | [Dev F1: 0.6050734608165051]
L001275 | [Dev Acc: 0.6129032258064516]
L001276 | 
L001277-L001292 | [REDACTED: batch progress and internal diagnostics]
L001293 | [Epoch 50] [Time: 2.086405038833618]
L001294 | [Train Loss: 0.5898]
L001295 | [Train F1: 0.7785004730385505]
L001296 | [Train Acc: 0.7794146152355108]
L001297 | [Dev Loss: 1.1351]
L001298 | [Dev F1: 0.606200263281429]
L001299 | [Dev Acc: 0.6129032258064516]
L001300 | 
L001301-L001316 | [REDACTED: batch progress and internal diagnostics]
L001317 | [Epoch 51] [Time: 2.057914972305298]
L001318 | [Train Loss: 0.5784]
L001319 | [Train F1: 0.783025380592168]
L001320 | [Train Acc: 0.7836790075596046]
L001321 | [Dev Loss: 1.1477]
L001322 | [Dev F1: 0.6061559891277439]
L001323 | [Dev Acc: 0.6129032258064516]
L001324 | 
L001325-L001340 | [REDACTED: batch progress and internal diagnostics]
L001341 | [Epoch 52] [Time: 2.238224506378174]
L001342 | [Train Loss: 0.5859]
L001343 | [Train F1: 0.7780181225916634]
L001344 | [Train Acc: 0.7786392711765846]
L001345 | [Dev Loss: 1.129]
L001346 | [Dev F1: 0.6106288463483089]
L001347 | [Dev Acc: 0.6175115207373272]
L001348 | 
L001349-L001364 | [REDACTED: batch progress and internal diagnostics]
L001365 | [Epoch 53] [Time: 2.0309572219848633]
L001366 | [Train Loss: 0.5629]
L001367 | [Train F1: 0.7836255792667393]
L001368 | [Train Acc: 0.7840666795890676]
L001369 | [Dev Loss: 1.1429]
L001370 | [Dev F1: 0.5951577856201798]
L001371 | [Dev Acc: 0.6052227342549923]
L001372 | 
L001373-L001388 | [REDACTED: batch progress and internal diagnostics]
L001389 | [Epoch 54] [Time: 2.1568241119384766]
L001390 | [Train Loss: 0.5616]
L001391 | [Train F1: 0.7870039828125911]
L001392 | [Train Acc: 0.7877495638689669]
L001393 | [Dev Loss: 1.1451]
L001394 | [Dev F1: 0.592713215456699]
L001395 | [Dev Acc: 0.6021505376344086]
L001396 | 
L001397-L001412 | [REDACTED: batch progress and internal diagnostics]
L001413 | [Epoch 55] [Time: 2.275881052017212]
L001414 | [Train Loss: 0.5559]
L001415 | [Train F1: 0.7857840321918171]
L001416 | [Train Acc: 0.7861988757511146]
L001417 | [Dev Loss: 1.1758]
L001418 | [Dev F1: 0.5954970407570617]
L001419 | [Dev Acc: 0.6021505376344086]
L001420 | 
L001421-L001436 | [REDACTED: batch progress and internal diagnostics]
L001437 | [Epoch 56] [Time: 2.2914912700653076]
L001438 | [Train Loss: 0.5448]
L001439 | [Train F1: 0.7903937319614176]
L001440 | [Train Acc: 0.7910447761194029]
L001441 | [Dev Loss: 1.1665]
L001442 | [Dev F1: 0.6040169024415428]
L001443 | [Dev Acc: 0.6098310291858678]
L001444 | 
L001445-L001460 | [REDACTED: batch progress and internal diagnostics]
L001461 | [Epoch 57] [Time: 2.166590452194214]
L001462 | [Train Loss: 0.534]
L001463 | [Train F1: 0.7957923367591704]
L001464 | [Train Acc: 0.796084512502423]
L001465 | [Dev Loss: 1.2004]
L001466 | [Dev F1: 0.5854229520658788]
L001467 | [Dev Acc: 0.5975422427035331]
L001468 | 
L001469-L001484 | [REDACTED: batch progress and internal diagnostics]
L001485 | [Epoch 58] [Time: 2.2169430255889893]
L001486 | [Train Loss: 0.5372]
L001487 | [Train F1: 0.7992498840403823]
L001488 | [Train Acc: 0.7999612327970537]
L001489 | [Dev Loss: 1.211]
L001490 | [Dev F1: 0.6135801334183842]
L001491 | [Dev Acc: 0.6221198156682027]
L001492 | 
L001493-L001508 | [REDACTED: batch progress and internal diagnostics]
L001509 | [Epoch 59] [Time: 2.126519203186035]
L001510 | [Train Loss: 0.547]
L001511 | [Train F1: 0.7938830606337967]
L001512 | [Train Acc: 0.7945338243845707]
L001513 | [Dev Loss: 1.1957]
L001514 | [Dev F1: 0.5859393508312565]
L001515 | [Dev Acc: 0.5929339477726574]
L001516 | 
L001517-L001532 | [REDACTED: batch progress and internal diagnostics]
L001533 | [Epoch 60] [Time: 1.9641685485839844]
L001534 | [Train Loss: 0.5368]
L001535 | [Train F1: 0.79734306548194]
L001536 | [Train Acc: 0.7980228726497384]
L001537 | [Dev Loss: 1.2013]
L001538 | [Dev F1: 0.5809562284825526]
L001539 | [Dev Acc: 0.5913978494623656]
L001540 | 
L001541-L001556 | [REDACTED: batch progress and internal diagnostics]
L001557 | [Epoch 61] [Time: 2.1886136531829834]
L001558 | [Train Loss: 0.5199]
L001559 | [Train F1: 0.8021460413426833]
L001560 | [Train Acc: 0.8024811009885636]
L001561 | [Dev Loss: 1.1995]
L001562 | [Dev F1: 0.6011823551104971]
L001563 | [Dev Acc: 0.6067588325652842]
L001564 | 
L001565-L001580 | [REDACTED: batch progress and internal diagnostics]
L001581 | [Epoch 62] [Time: 2.2769665718078613]
L001582 | [Train Loss: 0.5238]
L001583 | [Train F1: 0.7982292677217465]
L001584 | [Train Acc: 0.7987982167086645]
L001585 | [Dev Loss: 1.1847]
L001586 | [Dev F1: 0.6007218453932199]
L001587 | [Dev Acc: 0.6082949308755761]
L001588 | 
L001589-L001604 | [REDACTED: batch progress and internal diagnostics]
L001605 | [Epoch 63] [Time: 2.2367947101593018]
L001606 | [Train Loss: 0.5242]
L001607 | [Train F1: 0.7953408423838553]
L001608 | [Train Acc: 0.7955030044582283]
L001609 | [Dev Loss: 1.1901]
L001610 | [Dev F1: 0.6048045246020971]
L001611 | [Dev Acc: 0.6113671274961597]
L001612 | 
L001613-L001628 | [REDACTED: batch progress and internal diagnostics]
L001629 | [Epoch 64] [Time: 2.285881757736206]
L001630 | [Train Loss: 0.509]
L001631 | [Train F1: 0.8072696634852884]
L001632 | [Train Acc: 0.8077146733863152]
L001633 | [Dev Loss: 1.2312]
L001634 | [Dev F1: 0.5921370095016972]
L001635 | [Dev Acc: 0.5960061443932412]
L001636 | 
L001637-L001652 | [REDACTED: batch progress and internal diagnostics]
L001653 | [Epoch 65] [Time: 2.169254779815674]
L001654 | [Train Loss: 0.5047]
L001655 | [Train F1: 0.8047275956014088]
L001656 | [Train Acc: 0.8050009691800737]
L001657 | [Dev Loss: 1.2268]
L001658 | [Dev F1: 0.5919064483669061]
L001659 | [Dev Acc: 0.5990783410138248]
L001660 | 
L001661-L001676 | [REDACTED: batch progress and internal diagnostics]
L001677 | [Epoch 66] [Time: 2.2768971920013428]
L001678 | [Train Loss: 0.5083]
L001679 | [Train F1: 0.8091421242673883]
L001680 | [Train Acc: 0.8096530335336305]
L001681 | [Dev Loss: 1.2095]
L001682 | [Dev F1: 0.5938530166293746]
L001683 | [Dev Acc: 0.6006144393241167]
L001684 | 
L001685-L001700 | [REDACTED: batch progress and internal diagnostics]
L001701 | [Epoch 67] [Time: 2.227890729904175]
L001702 | [Train Loss: 0.4907]
L001703 | [Train F1: 0.8176725378887678]
L001704 | [Train Acc: 0.8179879821670867]
L001705 | [Dev Loss: 1.2132]
L001706 | [Dev F1: 0.5905217478428841]
L001707 | [Dev Acc: 0.5990783410138248]
L001708 | 
L001709-L001724 | [REDACTED: batch progress and internal diagnostics]
L001725 | [Epoch 68] [Time: 2.2964515686035156]
L001726 | [Train Loss: 0.4872]
L001727 | [Train F1: 0.8152086638761221]
L001728 | [Train Acc: 0.8156619499903082]
L001729 | [Dev Loss: 1.1754]
L001730 | [Dev F1: 0.6083491957461077]
L001731 | [Dev Acc: 0.6175115207373272]
L001732 | 
L001733-L001748 | [REDACTED: batch progress and internal diagnostics]
L001749 | [Epoch 69] [Time: 2.1531999111175537]
L001750 | [Train Loss: 0.4816]
L001751 | [Train F1: 0.8131882021425806]
L001752 | [Train Acc: 0.8135297538282613]
L001753 | [Dev Loss: 1.2397]
L001754 | [Dev F1: 0.6008768710380349]
L001755 | [Dev Acc: 0.6067588325652842]
L001756 | 
L001757-L001772 | [REDACTED: batch progress and internal diagnostics]
L001773 | [Epoch 70] [Time: 2.0527591705322266]
L001774 | [Train Loss: 0.4926]
L001775 | [Train F1: 0.8094051317057812]
L001776 | [Train Acc: 0.809846869548362]
L001777 | [Dev Loss: 1.2062]
L001778 | [Dev F1: 0.6098501561575004]
L001779 | [Dev Acc: 0.6190476190476191]
L001780 | 
L001781-L001796 | [REDACTED: batch progress and internal diagnostics]
L001797 | [Epoch 71] [Time: 2.2309277057647705]
L001798 | [Train Loss: 0.472]
L001799 | [Train F1: 0.819304379242596]
L001800 | [Train Acc: 0.8197325062996704]
L001801 | [Dev Loss: 1.1873]
L001802 | [Dev F1: 0.5978265564864143]
L001803 | [Dev Acc: 0.6052227342549923]
L001804 | 
L001805-L001820 | [REDACTED: batch progress and internal diagnostics]
L001821 | [Epoch 72] [Time: 2.2013416290283203]
L001822 | [Train Loss: 0.4694]
L001823 | [Train F1: 0.8254088519742503]
L001824 | [Train Acc: 0.8257414227563481]
L001825 | [Dev Loss: 1.2666]
L001826 | [Dev F1: 0.5996550191304573]
L001827 | [Dev Acc: 0.6052227342549923]
L001828 | 
L001829-L001844 | [REDACTED: batch progress and internal diagnostics]
L001845 | [Epoch 73] [Time: 2.1674110889434814]
L001846 | [Train Loss: 0.4732]
L001847 | [Train F1: 0.8171183650401102]
L001848 | [Train Acc: 0.8172126381081605]
L001849 | [Dev Loss: 1.2625]
L001850 | [Dev F1: 0.5979094386071261]
L001851 | [Dev Acc: 0.6067588325652842]
L001852 | 
L001853-L001868 | [REDACTED: batch progress and internal diagnostics]
L001869 | [Epoch 74] [Time: 2.212477922439575]
L001870 | [Train Loss: 0.46]
L001871 | [Train F1: 0.8272753701308593]
L001872 | [Train Acc: 0.8278736189183951]
L001873 | [Dev Loss: 1.1937]
L001874 | [Dev F1: 0.6049601005877119]
L001875 | [Dev Acc: 0.6129032258064516]
L001876 | 
L001877-L001892 | [REDACTED: batch progress and internal diagnostics]
L001893 | [Epoch 75] [Time: 2.2551987171173096]
L001894 | [Train Loss: 0.4652]
L001895 | [Train F1: 0.8213191536824423]
L001896 | [Train Acc: 0.8216708664469858]
L001897 | [Dev Loss: 1.2586]
L001898 | [Dev F1: 0.606349949715318]
L001899 | [Dev Acc: 0.6159754224270353]
L001900 | 
L001901-L001916 | [REDACTED: batch progress and internal diagnostics]
L001917 | [Epoch 76] [Time: 2.283106803894043]
L001918 | [Train Loss: 0.4545]
L001919 | [Train F1: 0.8302292810706359]
L001920 | [Train Acc: 0.8305873231246366]
L001921 | [Dev Loss: 1.2355]
L001922 | [Dev F1: 0.6024354537848592]
L001923 | [Dev Acc: 0.6113671274961597]
L001924 | 
L001925-L001940 | [REDACTED: batch progress and internal diagnostics]
L001941 | [Epoch 77] [Time: 2.25433087348938]
L001942 | [Train Loss: 0.4443]
L001943 | [Train F1: 0.8252323597813905]
L001944 | [Train Acc: 0.8255475867416165]
L001945 | [Dev Loss: 1.25]
L001946 | [Dev F1: 0.5800060054349089]
L001947 | [Dev Acc: 0.5898617511520737]
L001948 | 
L001949-L001964 | [REDACTED: batch progress and internal diagnostics]
L001965 | [Epoch 78] [Time: 2.1722118854522705]
L001966 | [Train Loss: 0.4603]
L001967 | [Train F1: 0.8249741292296]
L001968 | [Train Acc: 0.8251599147121536]
L001969 | [Dev Loss: 1.2392]
L001970 | [Dev F1: 0.589468943917947]
L001971 | [Dev Acc: 0.5960061443932412]
L001972 | 
L001973-L001988 | [REDACTED: batch progress and internal diagnostics]
L001989 | [Epoch 79] [Time: 2.1663174629211426]
L001990 | [Train Loss: 0.4477]
L001991 | [Train F1: 0.835052791997263]
L001992 | [Train Acc: 0.835433223492925]
L001993 | [Dev Loss: 1.2641]
L001994 | [Dev F1: 0.5920011261854867]
L001995 | [Dev Acc: 0.5990783410138248]
L001996 | 
L001997-L002012 | [REDACTED: batch progress and internal diagnostics]
L002013 | [Epoch 80] [Time: 2.1724932193756104]
L002014 | [Train Loss: 0.4444]
L002015 | [Train F1: 0.826170660442577]
L002016 | [Train Acc: 0.8265167668152743]
L002017 | [Dev Loss: 1.2353]
L002018 | [Dev F1: 0.5945678194667979]
L002019 | [Dev Acc: 0.6021505376344086]
L002020 | 
L002021-L002036 | [REDACTED: batch progress and internal diagnostics]
L002037 | [Epoch 81] [Time: 2.232591390609741]
L002038 | [Train Loss: 0.4406]
L002039 | [Train F1: 0.8277339371318632]
L002040 | [Train Acc: 0.8280674549331266]
L002041 | [Dev Loss: 1.2132]
L002042 | [Dev F1: 0.6051805961354263]
L002043 | [Dev Acc: 0.6098310291858678]
L002044 | 
L002045-L002060 | [REDACTED: batch progress and internal diagnostics]
L002061 | [Epoch 82] [Time: 2.3429605960845947]
L002062 | [Train Loss: 0.4285]
L002063 | [Train F1: 0.8398962942716205]
L002064 | [Train Acc: 0.8400852878464818]
L002065 | [Dev Loss: 1.2612]
L002066 | [Dev F1: 0.6033579881159141]
L002067 | [Dev Acc: 0.6113671274961597]
L002068 | 
L002069-L002084 | [REDACTED: batch progress and internal diagnostics]
L002085 | [Epoch 83] [Time: 2.1513671875]
L002086 | [Train Loss: 0.4159]
L002087 | [Train F1: 0.8411490122451603]
L002088 | [Train Acc: 0.8416359759643341]
L002089 | [Dev Loss: 1.2201]
L002090 | [Dev F1: 0.6087459986455152]
L002091 | [Dev Acc: 0.6144393241167435]
L002092 | Early stopping at epoch: 83
L002093 | Last model
L002094 |               precision    recall  f1-score   support
L002095 | 
L002096 |          hap     0.4351    0.3958    0.4145       144
L002097 |          sad     0.8564    0.6571    0.7436       245
L002098 |          neu     0.5850    0.6719    0.6255       384
L002099 |          ang     0.6560    0.4824    0.5559       170
L002100 |          exc     0.6979    0.6722    0.6848       299
L002101 |          fru     0.5600    0.6614    0.6065       381
L002102 | 
L002103 |     accuracy                         0.6229      1623
L002104 |    macro avg     0.6317    0.5901    0.6052      1623
L002105 | weighted avg     0.6350    0.6229    0.6238      1623
L002106 | 
L002107 | Best model at epoch: 58
L002108 | Best dev F1: 0.6135801334183842
L002109 |               precision    recall  f1-score   support
L002110 | 
L002111 |          hap     0.4122    0.4236    0.4178       144
L002112 |          sad     0.8111    0.7184    0.7619       245
L002113 |          neu     0.6392    0.5859    0.6114       384
L002114 |          ang     0.6557    0.4706    0.5479       170
L002115 |          exc     0.7216    0.6589    0.6888       299
L002116 |          fru     0.5264    0.7060    0.6031       381
L002117 | 
L002118 |     accuracy                         0.6211      1623
L002119 |    macro avg     0.6277    0.5939    0.6052      1623
L002120 | weighted avg     0.6354    0.6211    0.6226      1623
L002121 | 
L002122 | Best test F1: 0.6226215979270336
L002123 | Best test Acc: 0.6210720887245841
L002124 | [SANITIZED] Saved checkpoint: [path and filename removed]
