# Redacted copy of an existing run log.
# run_id: G12-seed4
# dataset: IEMOCAP
# model: MMGCN+AMBER
# imr: (0.7,0.5,0.3)
# seed_alias: seed4
# original_log_sha256: cc9a7be077a8f57010af392765a8e2f7c1c020914f96ef3b476d8d0f329fcd1a
# source_record_status: ok
# source_record_process_return_code: 3221226505
# L numbers refer to source logical lines; REDACTED/SANITIZED text is editorial.
L000001-L000065 | [REDACTED: configuration or implementation details]
L000066 | [SANITIZED] Seed alias: seed4
L000067 | 
L000068-L000069 | [REDACTED: batch progress and internal diagnostics]
L000070 | 
L000071-L000072 | [REDACTED: batch progress and internal diagnostics]
L000073 | 
L000074-L000075 | [REDACTED: batch progress and internal diagnostics]
L000076 | 
L000077-L000092 | [REDACTED: batch progress and internal diagnostics]
L000093 | [Epoch 0] [Time: 2.6612660884857178]
L000094 | [Train Loss: 1.8275]
L000095 | [Train F1: 0.19439207900196606]
L000096 | [Train Acc: 0.21460134486071086]
L000097 | [Dev Loss: 1.5473]
L000098 | [Dev F1: 0.2501082461488255]
L000099 | [Dev Acc: 0.3586776859504132]
L000100 | 
L000101-L000116 | [REDACTED: batch progress and internal diagnostics]
L000117 | [Epoch 1] [Time: 2.1907408237457275]
L000118 | [Train Loss: 1.7243]
L000119 | [Train F1: 0.24007294507073035]
L000120 | [Train Acc: 0.26609029779058596]
L000121 | [Dev Loss: 1.5372]
L000122 | [Dev F1: 0.23185425231604895]
L000123 | [Dev Acc: 0.34049586776859503]
L000124 | 
L000125-L000140 | [REDACTED: batch progress and internal diagnostics]
L000141 | [Epoch 2] [Time: 2.200573682785034]
L000142 | [Train Loss: 1.644]
L000143 | [Train F1: 0.2863201086927817]
L000144 | [Train Acc: 0.30547550432276654]
L000145 | [Dev Loss: 1.5185]
L000146 | [Dev F1: 0.3056826730150128]
L000147 | [Dev Acc: 0.37355371900826445]
L000148 | 
L000149-L000164 | [REDACTED: batch progress and internal diagnostics]
L000165 | [Epoch 3] [Time: 2.1521337032318115]
L000166 | [Train Loss: 1.6057]
L000167 | [Train F1: 0.3101425996222645]
L000168 | [Train Acc: 0.32584053794428436]
L000169 | [Dev Loss: 1.4641]
L000170 | [Dev F1: 0.36056787374496596]
L000171 | [Dev Acc: 0.41652892561983473]
L000172 | 
L000173-L000188 | [REDACTED: batch progress and internal diagnostics]
L000189 | [Epoch 4] [Time: 2.2263967990875244]
L000190 | [Train Loss: 1.5383]
L000191 | [Train F1: 0.3543131908908685]
L000192 | [Train Acc: 0.3681075888568684]
L000193 | [Dev Loss: 1.4179]
L000194 | [Dev F1: 0.42534506505805125]
L000195 | [Dev Acc: 0.4628099173553719]
L000196 | 
L000197-L000212 | [REDACTED: batch progress and internal diagnostics]
L000213 | [Epoch 5] [Time: 2.246270179748535]
L000214 | [Train Loss: 1.4747]
L000215 | [Train F1: 0.38111951752966683]
L000216 | [Train Acc: 0.39327569644572524]
L000217 | [Dev Loss: 1.377]
L000218 | [Dev F1: 0.4433842119834347]
L000219 | [Dev Acc: 0.484297520661157]
L000220 | 
L000221-L000236 | [REDACTED: batch progress and internal diagnostics]
L000237 | [Epoch 6] [Time: 2.156822443008423]
L000238 | [Train Loss: 1.4053]
L000239 | [Train F1: 0.4167698878674607]
L000240 | [Train Acc: 0.4309317963496638]
L000241 | [Dev Loss: 1.3271]
L000242 | [Dev F1: 0.4736190680911086]
L000243 | [Dev Acc: 0.5140495867768595]
L000244 | 
L000245-L000260 | [REDACTED: batch progress and internal diagnostics]
L000261 | [Epoch 7] [Time: 2.1176187992095947]
L000262 | [Train Loss: 1.3541]
L000263 | [Train F1: 0.44115395941850266]
L000264 | [Train Acc: 0.45341018251681076]
L000265 | [Dev Loss: 1.2743]
L000266 | [Dev F1: 0.48055218270854616]
L000267 | [Dev Acc: 0.5190082644628099]
L000268 | 
L000269-L000284 | [REDACTED: batch progress and internal diagnostics]
L000285 | [Epoch 8] [Time: 2.131230592727661]
L000286 | [Train Loss: 1.3246]
L000287 | [Train F1: 0.45935464655217345]
L000288 | [Train Acc: 0.4687800192122959]
L000289 | [Dev Loss: 1.2488]
L000290 | [Dev F1: 0.49823824679482365]
L000291 | [Dev Acc: 0.5322314049586777]
L000292 | 
L000293-L000308 | [REDACTED: batch progress and internal diagnostics]
L000309 | [Epoch 9] [Time: 2.13338565826416]
L000310 | [Train Loss: 1.2752]
L000311 | [Train F1: 0.4764969621640378]
L000312 | [Train Acc: 0.4918347742555235]
L000313 | [Dev Loss: 1.2293]
L000314 | [Dev F1: 0.46985445583531305]
L000315 | [Dev Acc: 0.5173553719008265]
L000316 | 
L000317-L000332 | [REDACTED: batch progress and internal diagnostics]
L000333 | [Epoch 10] [Time: 2.2668697834014893]
L000334 | [Train Loss: 1.2155]
L000335 | [Train F1: 0.4998521960822933]
L000336 | [Train Acc: 0.5181556195965418]
L000337 | [Dev Loss: 1.1826]
L000338 | [Dev F1: 0.5289037153532398]
L000339 | [Dev Acc: 0.5603305785123966]
L000340 | 
L000341-L000356 | [REDACTED: batch progress and internal diagnostics]
L000357 | [Epoch 11] [Time: 2.1347241401672363]
L000358 | [Train Loss: 1.1795]
L000359 | [Train F1: 0.5128079012138395]
L000360 | [Train Acc: 0.5235350624399616]
L000361 | [Dev Loss: 1.1526]
L000362 | [Dev F1: 0.5327447201848846]
L000363 | [Dev Acc: 0.5619834710743802]
L000364 | 
L000365-L000380 | [REDACTED: batch progress and internal diagnostics]
L000381 | [Epoch 12] [Time: 2.22394061088562]
L000382 | [Train Loss: 1.1431]
L000383 | [Train F1: 0.5249691006037074]
L000384 | [Train Acc: 0.5400576368876081]
L000385 | [Dev Loss: 1.1177]
L000386 | [Dev F1: 0.5498344912888256]
L000387 | [Dev Acc: 0.5735537190082645]
L000388 | 
L000389-L000404 | [REDACTED: batch progress and internal diagnostics]
L000405 | [Epoch 13] [Time: 2.1130361557006836]
L000406 | [Train Loss: 1.0895]
L000407 | [Train F1: 0.5409518588776165]
L000408 | [Train Acc: 0.5523535062439962]
L000409 | [Dev Loss: 1.0711]
L000410 | [Dev F1: 0.5607517201023657]
L000411 | [Dev Acc: 0.5801652892561984]
L000412 | 
L000413-L000428 | [REDACTED: batch progress and internal diagnostics]
L000429 | [Epoch 14] [Time: 2.164076566696167]
L000430 | [Train Loss: 1.0615]
L000431 | [Train F1: 0.5572187548868288]
L000432 | [Train Acc: 0.5665706051873198]
L000433 | [Dev Loss: 1.0783]
L000434 | [Dev F1: 0.5710574595928207]
L000435 | [Dev Acc: 0.5834710743801653]
L000436 | 
L000437-L000452 | [REDACTED: batch progress and internal diagnostics]
L000453 | [Epoch 15] [Time: 2.2752633094787598]
L000454 | [Train Loss: 1.0314]
L000455 | [Train F1: 0.5695784744316111]
L000456 | [Train Acc: 0.5794428434197887]
L000457 | [Dev Loss: 1.044]
L000458 | [Dev F1: 0.5883608956334533]
L000459 | [Dev Acc: 0.6]
L000460 | 
L000461-L000476 | [REDACTED: batch progress and internal diagnostics]
L000477 | [Epoch 16] [Time: 2.352233648300171]
L000478 | [Train Loss: 0.9944]
L000479 | [Train F1: 0.5868944983752601]
L000480 | [Train Acc: 0.5969260326609029]
L000481 | [Dev Loss: 1.0211]
L000482 | [Dev F1: 0.5857426822518819]
L000483 | [Dev Acc: 0.5983471074380166]
L000484 | 
L000485-L000500 | [REDACTED: batch progress and internal diagnostics]
L000501 | [Epoch 17] [Time: 2.276857614517212]
L000502 | [Train Loss: 0.9768]
L000503 | [Train F1: 0.5875393601758763]
L000504 | [Train Acc: 0.5982708933717579]
L000505 | [Dev Loss: 1.0063]
L000506 | [Dev F1: 0.5885480533273607]
L000507 | [Dev Acc: 0.6016528925619835]
L000508 | 
L000509-L000524 | [REDACTED: batch progress and internal diagnostics]
L000525 | [Epoch 18] [Time: 2.3519444465637207]
L000526 | [Train Loss: 0.9483]
L000527 | [Train F1: 0.6081563421390066]
L000528 | [Train Acc: 0.6140249759846301]
L000529 | [Dev Loss: 0.9918]
L000530 | [Dev F1: 0.5900537400757767]
L000531 | [Dev Acc: 0.6033057851239669]
L000532 | 
L000533-L000548 | [REDACTED: batch progress and internal diagnostics]
L000549 | [Epoch 19] [Time: 2.3651866912841797]
L000550 | [Train Loss: 0.9384]
L000551 | [Train F1: 0.613871798629798]
L000552 | [Train Acc: 0.6209414024975984]
L000553 | [Dev Loss: 0.9854]
L000554 | [Dev F1: 0.5967598083007781]
L000555 | [Dev Acc: 0.6066115702479339]
L000556 | 
L000557-L000572 | [REDACTED: batch progress and internal diagnostics]
L000573 | [Epoch 20] [Time: 2.1912944316864014]
L000574 | [Train Loss: 0.914]
L000575 | [Train F1: 0.6227549249076473]
L000576 | [Train Acc: 0.6290105667627282]
L000577 | [Dev Loss: 0.978]
L000578 | [Dev F1: 0.6081194717397097]
L000579 | [Dev Acc: 0.6198347107438017]
L000580 | 
L000581-L000596 | [REDACTED: batch progress and internal diagnostics]
L000597 | [Epoch 21] [Time: 2.177441120147705]
L000598 | [Train Loss: 0.8873]
L000599 | [Train F1: 0.6353279535270515]
L000600 | [Train Acc: 0.6443804034582132]
L000601 | [Dev Loss: 0.9609]
L000602 | [Dev F1: 0.5798786671218122]
L000603 | [Dev Acc: 0.5900826446280992]
L000604 | 
L000605-L000620 | [REDACTED: batch progress and internal diagnostics]
L000621 | [Epoch 22] [Time: 2.225527763366699]
L000622 | [Train Loss: 0.8865]
L000623 | [Train F1: 0.6448308662425873]
L000624 | [Train Acc: 0.6495677233429394]
L000625 | [Dev Loss: 0.9398]
L000626 | [Dev F1: 0.5996243454071432]
L000627 | [Dev Acc: 0.6115702479338843]
L000628 | 
L000629-L000644 | [REDACTED: batch progress and internal diagnostics]
L000645 | [Epoch 23] [Time: 2.193333864212036]
L000646 | [Train Loss: 0.8664]
L000647 | [Train F1: 0.6549797043192398]
L000648 | [Train Acc: 0.6593659942363113]
L000649 | [Dev Loss: 0.9791]
L000650 | [Dev F1: 0.5972336512517252]
L000651 | [Dev Acc: 0.5983471074380166]
L000652 | 
L000653-L000668 | [REDACTED: batch progress and internal diagnostics]
L000669 | [Epoch 24] [Time: 2.2846128940582275]
L000670 | [Train Loss: 0.8577]
L000671 | [Train F1: 0.6539188310540561]
L000672 | [Train Acc: 0.658597502401537]
L000673 | [Dev Loss: 0.929]
L000674 | [Dev F1: 0.5978712357407411]
L000675 | [Dev Acc: 0.6099173553719008]
L000676 | 
L000677-L000692 | [REDACTED: batch progress and internal diagnostics]
L000693 | [Epoch 25] [Time: 2.1482744216918945]
L000694 | [Train Loss: 0.8323]
L000695 | [Train F1: 0.6760026838750186]
L000696 | [Train Acc: 0.6791546589817483]
L000697 | [Dev Loss: 0.9585]
L000698 | [Dev F1: 0.596113987023355]
L000699 | [Dev Acc: 0.6033057851239669]
L000700 | 
L000701-L000716 | [REDACTED: batch progress and internal diagnostics]
L000717 | [Epoch 26] [Time: 2.261066198348999]
L000718 | [Train Loss: 0.8159]
L000719 | [Train F1: 0.680001852009038]
L000720 | [Train Acc: 0.6833813640730068]
L000721 | [Dev Loss: 0.923]
L000722 | [Dev F1: 0.5943031031324972]
L000723 | [Dev Acc: 0.6066115702479339]
L000724 | 
L000725-L000740 | [REDACTED: batch progress and internal diagnostics]
L000741 | [Epoch 27] [Time: 2.0887019634246826]
L000742 | [Train Loss: 0.7991]
L000743 | [Train F1: 0.6812019989679418]
L000744 | [Train Acc: 0.6860710854947166]
L000745 | [Dev Loss: 0.9363]
L000746 | [Dev F1: 0.6200578710603765]
L000747 | [Dev Acc: 0.6231404958677685]
L000748 | 
L000749-L000764 | [REDACTED: batch progress and internal diagnostics]
L000765 | [Epoch 28] [Time: 2.243077278137207]
L000766 | [Train Loss: 0.7841]
L000767 | [Train F1: 0.6888883825205409]
L000768 | [Train Acc: 0.6914505283381364]
L000769 | [Dev Loss: 0.8989]
L000770 | [Dev F1: 0.6311860752200603]
L000771 | [Dev Acc: 0.6363636363636364]
L000772 | 
L000773-L000788 | [REDACTED: batch progress and internal diagnostics]
L000789 | [Epoch 29] [Time: 2.1940011978149414]
L000790 | [Train Loss: 0.7814]
L000791 | [Train F1: 0.685124849771349]
L000792 | [Train Acc: 0.6883765609990394]
L000793 | [Dev Loss: 0.9279]
L000794 | [Dev F1: 0.6082564087104396]
L000795 | [Dev Acc: 0.6165289256198347]
L000796 | 
L000797-L000812 | [REDACTED: batch progress and internal diagnostics]
L000813 | [Epoch 30] [Time: 2.1084511280059814]
L000814 | [Train Loss: 0.7604]
L000815 | [Train F1: 0.7008624131373877]
L000816 | [Train Acc: 0.7031700288184438]
L000817 | [Dev Loss: 0.9272]
L000818 | [Dev F1: 0.5968465515203868]
L000819 | [Dev Acc: 0.6016528925619835]
L000820 | 
L000821-L000836 | [REDACTED: batch progress and internal diagnostics]
L000837 | [Epoch 31] [Time: 2.3093767166137695]
L000838 | [Train Loss: 0.7521]
L000839 | [Train F1: 0.7013711752720502]
L000840 | [Train Acc: 0.7047070124879923]
L000841 | [Dev Loss: 0.8927]
L000842 | [Dev F1: 0.6234691764575025]
L000843 | [Dev Acc: 0.6297520661157024]
L000844 | 
L000845-L000860 | [REDACTED: batch progress and internal diagnostics]
L000861 | [Epoch 32] [Time: 2.206336498260498]
L000862 | [Train Loss: 0.7224]
L000863 | [Train F1: 0.7286496371664009]
L000864 | [Train Acc: 0.7298751200768492]
L000865 | [Dev Loss: 0.9124]
L000866 | [Dev F1: 0.6158537554770779]
L000867 | [Dev Acc: 0.6214876033057851]
L000868 | 
L000869-L000884 | [REDACTED: batch progress and internal diagnostics]
L000885 | [Epoch 33] [Time: 2.096564292907715]
L000886 | [Train Loss: 0.7163]
L000887 | [Train F1: 0.7279589728242892]
L000888 | [Train Acc: 0.7302593659942364]
L000889 | [Dev Loss: 0.9076]
L000890 | [Dev F1: 0.6218932588329107]
L000891 | [Dev Acc: 0.6247933884297521]
L000892 | 
L000893-L000908 | [REDACTED: batch progress and internal diagnostics]
L000909 | [Epoch 34] [Time: 2.2314248085021973]
L000910 | [Train Loss: 0.7028]
L000911 | [Train F1: 0.7215068515332191]
L000912 | [Train Acc: 0.723342939481268]
L000913 | [Dev Loss: 0.9014]
L000914 | [Dev F1: 0.6181202271961403]
L000915 | [Dev Acc: 0.6214876033057851]
L000916 | 
L000917-L000932 | [REDACTED: batch progress and internal diagnostics]
L000933 | [Epoch 35] [Time: 2.217008352279663]
L000934 | [Train Loss: 0.702]
L000935 | [Train F1: 0.7250709330216512]
L000936 | [Train Acc: 0.7273775216138328]
L000937 | [Dev Loss: 0.9315]
L000938 | [Dev F1: 0.6221113517763289]
L000939 | [Dev Acc: 0.628099173553719]
L000940 | 
L000941-L000956 | [REDACTED: batch progress and internal diagnostics]
L000957 | [Epoch 36] [Time: 2.2748494148254395]
L000958 | [Train Loss: 0.7032]
L000959 | [Train F1: 0.7240275300519865]
L000960 | [Train Acc: 0.7252641690682037]
L000961 | [Dev Loss: 0.9024]
L000962 | [Dev F1: 0.6033279413645394]
L000963 | [Dev Acc: 0.6099173553719008]
L000964 | 
L000965-L000980 | [REDACTED: batch progress and internal diagnostics]
L000981 | [Epoch 37] [Time: 2.151113986968994]
L000982 | [Train Loss: 0.6843]
L000983 | [Train F1: 0.7315062651023051]
L000984 | [Train Acc: 0.7329490874159462]
L000985 | [Dev Loss: 0.9025]
L000986 | [Dev F1: 0.6237476423623383]
L000987 | [Dev Acc: 0.6297520661157024]
L000988 | 
L000989-L001004 | [REDACTED: batch progress and internal diagnostics]
L001005 | [Epoch 38] [Time: 2.0706725120544434]
L001006 | [Train Loss: 0.654]
L001007 | [Train F1: 0.7499243776227199]
L001008 | [Train Acc: 0.7510086455331412]
L001009 | [Dev Loss: 0.9303]
L001010 | [Dev F1: 0.6296633466424172]
L001011 | [Dev Acc: 0.6380165289256199]
L001012 | 
L001013-L001028 | [REDACTED: batch progress and internal diagnostics]
L001029 | [Epoch 39] [Time: 2.128556966781616]
L001030 | [Train Loss: 0.6565]
L001031 | [Train F1: 0.7486237877803237]
L001032 | [Train Acc: 0.7504322766570605]
L001033 | [Dev Loss: 0.913]
L001034 | [Dev F1: 0.64457873170206]
L001035 | [Dev Acc: 0.6429752066115703]
L001036 | 
L001037-L001052 | [REDACTED: batch progress and internal diagnostics]
L001053 | [Epoch 40] [Time: 1.9783999919891357]
L001054 | [Train Loss: 0.6487]
L001055 | [Train F1: 0.7525255046552352]
L001056 | [Train Acc: 0.753314121037464]
L001057 | [Dev Loss: 0.9395]
L001058 | [Dev F1: 0.6131615618924213]
L001059 | [Dev Acc: 0.6181818181818182]
L001060 | 
L001061-L001076 | [REDACTED: batch progress and internal diagnostics]
L001077 | [Epoch 41] [Time: 2.2294883728027344]
L001078 | [Train Loss: 0.6329]
L001079 | [Train F1: 0.7618830958540994]
L001080 | [Train Acc: 0.7633045148895293]
L001081 | [Dev Loss: 0.9211]
L001082 | [Dev F1: 0.6185446450870872]
L001083 | [Dev Acc: 0.6214876033057851]
L001084 | 
L001085-L001100 | [REDACTED: batch progress and internal diagnostics]
L001101 | [Epoch 42] [Time: 2.1734912395477295]
L001102 | [Train Loss: 0.627]
L001103 | [Train F1: 0.7549113967536809]
L001104 | [Train Acc: 0.7561959654178675]
L001105 | [Dev Loss: 0.921]
L001106 | [Dev F1: 0.6230366596656811]
L001107 | [Dev Acc: 0.6297520661157024]
L001108 | 
L001109-L001124 | [REDACTED: batch progress and internal diagnostics]
L001125 | [Epoch 43] [Time: 2.2597358226776123]
L001126 | [Train Loss: 0.6218]
L001127 | [Train F1: 0.765703177197722]
L001128 | [Train Acc: 0.7671469740634006]
L001129 | [Dev Loss: 0.9371]
L001130 | [Dev F1: 0.6005147414395096]
L001131 | [Dev Acc: 0.6066115702479339]
L001132 | 
L001133-L001148 | [REDACTED: batch progress and internal diagnostics]
L001149 | [Epoch 44] [Time: 2.2630348205566406]
L001150 | [Train Loss: 0.6088]
L001151 | [Train F1: 0.7668469073169124]
L001152 | [Train Acc: 0.7675312199807877]
L001153 | [Dev Loss: 0.9257]
L001154 | [Dev F1: 0.6114338173180146]
L001155 | [Dev Acc: 0.6181818181818182]
L001156 | 
L001157-L001172 | [REDACTED: batch progress and internal diagnostics]
L001173 | [Epoch 45] [Time: 2.225468635559082]
L001174 | [Train Loss: 0.6062]
L001175 | [Train F1: 0.7672194752111332]
L001176 | [Train Acc: 0.7688760806916427]
L001177 | [Dev Loss: 0.9563]
L001178 | [Dev F1: 0.6241324162682272]
L001179 | [Dev Acc: 0.6214876033057851]
L001180 | 
L001181-L001196 | [REDACTED: batch progress and internal diagnostics]
L001197 | [Epoch 46] [Time: 2.043712615966797]
L001198 | [Train Loss: 0.584]
L001199 | [Train F1: 0.7779593117071265]
L001200 | [Train Acc: 0.7780979827089337]
L001201 | [Dev Loss: 0.9859]
L001202 | [Dev F1: 0.6090640421328385]
L001203 | [Dev Acc: 0.6132231404958678]
L001204 | 
L001205-L001220 | [REDACTED: batch progress and internal diagnostics]
L001221 | [Epoch 47] [Time: 2.010173797607422]
L001222 | [Train Loss: 0.6012]
L001223 | [Train F1: 0.7686113543901161]
L001224 | [Train Acc: 0.7698366954851105]
L001225 | [Dev Loss: 0.9488]
L001226 | [Dev F1: 0.6272059268883129]
L001227 | [Dev Acc: 0.6363636363636364]
L001228 | 
L001229-L001244 | [REDACTED: batch progress and internal diagnostics]
L001245 | [Epoch 48] [Time: 1.9809989929199219]
L001246 | [Train Loss: 0.5872]
L001247 | [Train F1: 0.7733877451326332]
L001248 | [Train Acc: 0.774447646493756]
L001249 | [Dev Loss: 0.9506]
L001250 | [Dev F1: 0.6142217265949036]
L001251 | [Dev Acc: 0.6198347107438017]
L001252 | 
L001253-L001268 | [REDACTED: batch progress and internal diagnostics]
L001269 | [Epoch 49] [Time: 2.1661131381988525]
L001270 | [Train Loss: 0.5689]
L001271 | [Train F1: 0.7790114915933546]
L001272 | [Train Acc: 0.7798270893371758]
L001273 | [Dev Loss: 0.9633]
L001274 | [Dev F1: 0.6172476273599027]
L001275 | [Dev Acc: 0.6214876033057851]
L001276 | 
L001277-L001292 | [REDACTED: batch progress and internal diagnostics]
L001293 | [Epoch 50] [Time: 2.231611728668213]
L001294 | [Train Loss: 0.5701]
L001295 | [Train F1: 0.7832507523004546]
L001296 | [Train Acc: 0.7834774255523536]
L001297 | [Dev Loss: 0.9697]
L001298 | [Dev F1: 0.6158318237138278]
L001299 | [Dev Acc: 0.6198347107438017]
L001300 | 
L001301-L001316 | [REDACTED: batch progress and internal diagnostics]
L001317 | [Epoch 51] [Time: 2.1912119388580322]
L001318 | [Train Loss: 0.5559]
L001319 | [Train F1: 0.791662509750814]
L001320 | [Train Acc: 0.792507204610951]
L001321 | [Dev Loss: 0.9613]
L001322 | [Dev F1: 0.6319381874840523]
L001323 | [Dev Acc: 0.628099173553719]
L001324 | 
L001325-L001340 | [REDACTED: batch progress and internal diagnostics]
L001341 | [Epoch 52] [Time: 2.1179425716400146]
L001342 | [Train Loss: 0.5604]
L001343 | [Train F1: 0.7907667338916228]
L001344 | [Train Acc: 0.7911623439000961]
L001345 | [Dev Loss: 1.0095]
L001346 | [Dev F1: 0.607936445612302]
L001347 | [Dev Acc: 0.6099173553719008]
L001348 | 
L001349-L001364 | [REDACTED: batch progress and internal diagnostics]
L001365 | [Epoch 53] [Time: 2.2794365882873535]
L001366 | [Train Loss: 0.5593]
L001367 | [Train F1: 0.7825265918904909]
L001368 | [Train Acc: 0.7832853025936599]
L001369 | [Dev Loss: 0.99]
L001370 | [Dev F1: 0.6177236156257844]
L001371 | [Dev Acc: 0.6231404958677685]
L001372 | 
L001373-L001388 | [REDACTED: batch progress and internal diagnostics]
L001389 | [Epoch 54] [Time: 2.2240896224975586]
L001390 | [Train Loss: 0.559]
L001391 | [Train F1: 0.7876249034468492]
L001392 | [Train Acc: 0.7877041306436119]
L001393 | [Dev Loss: 0.9885]
L001394 | [Dev F1: 0.602570895359058]
L001395 | [Dev Acc: 0.6099173553719008]
L001396 | 
L001397-L001412 | [REDACTED: batch progress and internal diagnostics]
L001413 | [Epoch 55] [Time: 2.0640172958374023]
L001414 | [Train Loss: 0.5484]
L001415 | [Train F1: 0.7914282714520674]
L001416 | [Train Acc: 0.7921229586935639]
L001417 | [Dev Loss: 1.0275]
L001418 | [Dev F1: 0.6139249859483025]
L001419 | [Dev Acc: 0.6099173553719008]
L001420 | 
L001421-L001436 | [REDACTED: batch progress and internal diagnostics]
L001437 | [Epoch 56] [Time: 2.212757110595703]
L001438 | [Train Loss: 0.5429]
L001439 | [Train F1: 0.7938360158503358]
L001440 | [Train Acc: 0.7942363112391931]
L001441 | [Dev Loss: 0.9674]
L001442 | [Dev F1: 0.6091084500988688]
L001443 | [Dev Acc: 0.6165289256198347]
L001444 | 
L001445-L001460 | [REDACTED: batch progress and internal diagnostics]
L001461 | [Epoch 57] [Time: 2.236424207687378]
L001462 | [Train Loss: 0.5332]
L001463 | [Train F1: 0.7913449269361585]
L001464 | [Train Acc: 0.7923150816522574]
L001465 | [Dev Loss: 1.0402]
L001466 | [Dev F1: 0.5967824628305282]
L001467 | [Dev Acc: 0.6033057851239669]
L001468 | 
L001469-L001484 | [REDACTED: batch progress and internal diagnostics]
L001485 | [Epoch 58] [Time: 2.145679473876953]
L001486 | [Train Loss: 0.5277]
L001487 | [Train F1: 0.7981197127635526]
L001488 | [Train Acc: 0.7982708933717579]
L001489 | [Dev Loss: 1.0213]
L001490 | [Dev F1: 0.6292172773338497]
L001491 | [Dev Acc: 0.631404958677686]
L001492 | 
L001493-L001508 | [REDACTED: batch progress and internal diagnostics]
L001509 | [Epoch 59] [Time: 2.186126470565796]
L001510 | [Train Loss: 0.5217]
L001511 | [Train F1: 0.8008766893116674]
L001512 | [Train Acc: 0.8019212295869357]
L001513 | [Dev Loss: 1.0138]
L001514 | [Dev F1: 0.6183731081547591]
L001515 | [Dev Acc: 0.6247933884297521]
L001516 | 
L001517-L001532 | [REDACTED: batch progress and internal diagnostics]
L001533 | [Epoch 60] [Time: 2.129948616027832]
L001534 | [Train Loss: 0.5188]
L001535 | [Train F1: 0.80151844402082]
L001536 | [Train Acc: 0.8019212295869357]
L001537 | [Dev Loss: 1.0199]
L001538 | [Dev F1: 0.6196595959933516]
L001539 | [Dev Acc: 0.6231404958677685]
L001540 | 
L001541-L001556 | [REDACTED: batch progress and internal diagnostics]
L001557 | [Epoch 61] [Time: 2.103476047515869]
L001558 | [Train Loss: 0.5031]
L001559 | [Train F1: 0.8149741971796437]
L001560 | [Train Acc: 0.8153698366954851]
L001561 | [Dev Loss: 1.0382]
L001562 | [Dev F1: 0.6058006985919959]
L001563 | [Dev Acc: 0.6115702479338843]
L001564 | 
L001565-L001580 | [REDACTED: batch progress and internal diagnostics]
L001581 | [Epoch 62] [Time: 2.1146597862243652]
L001582 | [Train Loss: 0.5035]
L001583 | [Train F1: 0.806536601369889]
L001584 | [Train Acc: 0.8073006724303554]
L001585 | [Dev Loss: 1.0319]
L001586 | [Dev F1: 0.6047498718090843]
L001587 | [Dev Acc: 0.6099173553719008]
L001588 | 
L001589-L001604 | [REDACTED: batch progress and internal diagnostics]
L001605 | [Epoch 63] [Time: 2.151193141937256]
L001606 | [Train Loss: 0.4992]
L001607 | [Train F1: 0.8171871709115942]
L001608 | [Train Acc: 0.8172910662824208]
L001609 | [Dev Loss: 1.0844]
L001610 | [Dev F1: 0.5911882446790426]
L001611 | [Dev Acc: 0.5900826446280992]
L001612 | 
L001613-L001628 | [REDACTED: batch progress and internal diagnostics]
L001629 | [Epoch 64] [Time: 2.239824056625366]
L001630 | [Train Loss: 0.4856]
L001631 | [Train F1: 0.8103782092511684]
L001632 | [Train Acc: 0.8109510086455332]
L001633 | [Dev Loss: 1.0461]
L001634 | [Dev F1: 0.6048583966480107]
L001635 | [Dev Acc: 0.6066115702479339]
L001636 | Early stopping at epoch: 64
L001637 | Last model
L001638 |               precision    recall  f1-score   support
L001639 | 
L001640 |          hap     0.4167    0.2778    0.3333       144
L001641 |          sad     0.7386    0.7959    0.7662       245
L001642 |          neu     0.5608    0.6484    0.6014       384
L001643 |          ang     0.6880    0.5059    0.5831       170
L001644 |          exc     0.6456    0.7860    0.7089       299
L001645 |          fru     0.6152    0.5328    0.5710       381
L001646 | 
L001647 |     accuracy                         0.6211      1623
L001648 |    macro avg     0.6108    0.5911    0.5940      1623
L001649 | weighted avg     0.6166    0.6211    0.6133      1623
L001650 | 
L001651 | Best model at epoch: 39
L001652 | Best dev F1: 0.64457873170206
L001653 |               precision    recall  f1-score   support
L001654 | 
L001655 |          hap     0.4257    0.4375    0.4315       144
L001656 |          sad     0.7434    0.8041    0.7725       245
L001657 |          neu     0.6230    0.6068    0.6148       384
L001658 |          ang     0.6496    0.5235    0.5798       170
L001659 |          exc     0.7200    0.7224    0.7212       299
L001660 |          fru     0.5890    0.6168    0.6026       381
L001661 | 
L001662 |     accuracy                         0.6365      1623
L001663 |    macro avg     0.6251    0.6185    0.6204      1623
L001664 | weighted avg     0.6363    0.6365    0.6354      1623
L001665 | 
L001666 | Best test F1: 0.6354087936246539
L001667 | Best test Acc: 0.636475662353666
L001668 | [SANITIZED] Saved checkpoint: [path and filename removed]
