# Redacted copy of an existing run log.
# run_id: G17-seed1
# dataset: IEMOCAP
# model: MM-DFN+AMBER
# imr: (0.7,0.3,0.5)
# seed_alias: seed1
# original_log_sha256: eb48e9c17171269211670bff21285cc58e88ae8e590cd4d73f28ad1e07fd15e5
# source_record_status: ok
# source_record_process_return_code: 3221226505
# L numbers refer to source logical lines; REDACTED/SANITIZED text is editorial.
L000001-L000076 | [REDACTED: configuration or implementation details]
L000077 | [SANITIZED] Seed alias: seed1
L000078 | 
L000079-L000080 | [REDACTED: batch progress and internal diagnostics]
L000081 | 
L000082-L000083 | [REDACTED: batch progress and internal diagnostics]
L000084 | 
L000085-L000086 | [REDACTED: batch progress and internal diagnostics]
L000087 | 
L000088-L000103 | [REDACTED: batch progress and internal diagnostics]
L000104 | [Epoch 0] [Time: 9.105082988739014]
L000105 | [Train Loss: 9.2523]
L000106 | [Train F1: 0.2674459805749285]
L000107 | [Train Acc: 0.2890940565493364]
L000108 | [Dev Loss: 8.9467]
L000109 | [Dev F1: 0.3763896481090509]
L000110 | [Dev Acc: 0.41080196399345337]
L000111 | 
L000112-L000127 | [REDACTED: batch progress and internal diagnostics]
L000128 | [Epoch 1] [Time: 8.206977367401123]
L000129 | [Train Loss: 7.9546]
L000130 | [Train F1: 0.4134226381412418]
L000131 | [Train Acc: 0.44777841892671666]
L000132 | [Dev Loss: 7.9819]
L000133 | [Dev F1: 0.36967767059482515]
L000134 | [Dev Acc: 0.41080196399345337]
L000135 | 
L000136-L000151 | [REDACTED: batch progress and internal diagnostics]
L000152 | [Epoch 2] [Time: 8.790054321289062]
L000153 | [Train Loss: 6.8722]
L000154 | [Train F1: 0.4756215579726026]
L000155 | [Train Acc: 0.5031736872475476]
L000156 | [Dev Loss: 7.0976]
L000157 | [Dev F1: 0.45590396316693793]
L000158 | [Dev Acc: 0.469721767594108]
L000159 | 
L000160-L000175 | [REDACTED: batch progress and internal diagnostics]
L000176 | [Epoch 3] [Time: 8.594385385513306]
L000177 | [Train Loss: 6.0866]
L000178 | [Train F1: 0.5483234497546313]
L000179 | [Train Acc: 0.5622235045201001]
L000180 | [Dev Loss: 6.3905]
L000181 | [Dev F1: 0.5539394752115763]
L000182 | [Dev Acc: 0.5662847790507365]
L000183 | 
L000184-L000199 | [REDACTED: batch progress and internal diagnostics]
L000200 | [Epoch 4] [Time: 8.103695631027222]
L000201 | [Train Loss: 5.4259]
L000202 | [Train F1: 0.5877029977628184]
L000203 | [Train Acc: 0.5976149259472976]
L000204 | [Dev Loss: 5.8363]
L000205 | [Dev F1: 0.5749635930726757]
L000206 | [Dev Acc: 0.5859247135842881]
L000207 | 
L000208-L000223 | [REDACTED: batch progress and internal diagnostics]
L000224 | [Epoch 5] [Time: 8.104425191879272]
L000225 | [Train Loss: 4.94]
L000226 | [Train F1: 0.6060761081133147]
L000227 | [Train Acc: 0.6128101557991922]
L000228 | [Dev Loss: 5.4746]
L000229 | [Dev F1: 0.5920387229137986]
L000230 | [Dev Acc: 0.5957446808510638]
L000231 | 
L000232-L000247 | [REDACTED: batch progress and internal diagnostics]
L000248 | [Epoch 6] [Time: 8.683858156204224]
L000249 | [Train Loss: 4.6219]
L000250 | [Train F1: 0.6231193380515594]
L000251 | [Train Acc: 0.6272360069244085]
L000252 | [Dev Loss: 5.2749]
L000253 | [Dev F1: 0.5846238754530558]
L000254 | [Dev Acc: 0.5908346972176759]
L000255 | 
L000256-L000271 | [REDACTED: batch progress and internal diagnostics]
L000272 | [Epoch 7] [Time: 8.358964204788208]
L000273 | [Train Loss: 4.3203]
L000274 | [Train F1: 0.6457314874084963]
L000275 | [Train Acc: 0.6520484708597807]
L000276 | [Dev Loss: 5.2042]
L000277 | [Dev F1: 0.5972101555098571]
L000278 | [Dev Acc: 0.602291325695581]
L000279 | 
L000280-L000295 | [REDACTED: batch progress and internal diagnostics]
L000296 | [Epoch 8] [Time: 8.532448053359985]
L000297 | [Train Loss: 4.1116]
L000298 | [Train F1: 0.6481022225658891]
L000299 | [Train Acc: 0.6535872283131371]
L000300 | [Dev Loss: 4.8836]
L000301 | [Dev F1: 0.6233316589153554]
L000302 | [Dev Acc: 0.6252045826513911]
L000303 | 
L000304-L000319 | [REDACTED: batch progress and internal diagnostics]
L000320 | [Epoch 9] [Time: 8.396851301193237]
L000321 | [Train Loss: 3.8496]
L000322 | [Train F1: 0.6766460060072589]
L000323 | [Train Acc: 0.6797461050201962]
L000324 | [Dev Loss: 4.8299]
L000325 | [Dev F1: 0.6173634727683384]
L000326 | [Dev Acc: 0.618657937806874]
L000327 | 
L000328-L000343 | [REDACTED: batch progress and internal diagnostics]
L000344 | [Epoch 10] [Time: 8.60325574874878]
L000345 | [Train Loss: 3.6545]
L000346 | [Train F1: 0.689753479612665]
L000347 | [Train Acc: 0.6928255433737257]
L000348 | [Dev Loss: 4.6614]
L000349 | [Dev F1: 0.6365860399705459]
L000350 | [Dev Acc: 0.6366612111292962]
L000351 | 
L000352-L000367 | [REDACTED: batch progress and internal diagnostics]
L000368 | [Epoch 11] [Time: 8.336841821670532]
L000369 | [Train Loss: 3.5241]
L000370 | [Train F1: 0.6990939912888995]
L000371 | [Train Acc: 0.7014810540488555]
L000372 | [Dev Loss: 4.5338]
L000373 | [Dev F1: 0.6295759315089257]
L000374 | [Dev Acc: 0.630114566284779]
L000375 | 
L000376-L000391 | [REDACTED: batch progress and internal diagnostics]
L000392 | [Epoch 12] [Time: 8.481520414352417]
L000393 | [Train Loss: 3.3749]
L000394 | [Train F1: 0.7119386335093327]
L000395 | [Train Acc: 0.7157145604924023]
L000396 | [Dev Loss: 4.4745]
L000397 | [Dev F1: 0.6294766765212392]
L000398 | [Dev Acc: 0.6268412438625205]
L000399 | 
L000400-L000415 | [REDACTED: batch progress and internal diagnostics]
L000416 | [Epoch 13] [Time: 8.152223110198975]
L000417 | [Train Loss: 3.2265]
L000418 | [Train F1: 0.721638978575862]
L000419 | [Train Acc: 0.7234083477591845]
L000420 | [Dev Loss: 4.3754]
L000421 | [Dev F1: 0.6459047334641889]
L000422 | [Dev Acc: 0.646481178396072]
L000423 | 
L000424-L000439 | [REDACTED: batch progress and internal diagnostics]
L000440 | [Epoch 14] [Time: 9.1573646068573]
L000441 | [Train Loss: 3.0671]
L000442 | [Train F1: 0.7363353704889181]
L000443 | [Train Acc: 0.73821888824774]
L000444 | [Dev Loss: 4.4451]
L000445 | [Dev F1: 0.643227892873117]
L000446 | [Dev Acc: 0.6448445171849427]
L000447 | 
L000448-L000463 | [REDACTED: batch progress and internal diagnostics]
L000464 | [Epoch 15] [Time: 8.678292751312256]
L000465 | [Train Loss: 3.0166]
L000466 | [Train F1: 0.7464597596403396]
L000467 | [Train Acc: 0.749374879784574]
L000468 | [Dev Loss: 4.3605]
L000469 | [Dev F1: 0.6406025679625537]
L000470 | [Dev Acc: 0.6399345335515548]
L000471 | 
L000472-L000487 | [REDACTED: batch progress and internal diagnostics]
L000488 | [Epoch 16] [Time: 8.44864010810852]
L000489 | [Train Loss: 2.8766]
L000490 | [Train F1: 0.7547375967455106]
L000491 | [Train Acc: 0.7564916330063474]
L000492 | [Dev Loss: 4.4333]
L000493 | [Dev F1: 0.6475270120009309]
L000494 | [Dev Acc: 0.6481178396072013]
L000495 | 
L000496-L000511 | [REDACTED: batch progress and internal diagnostics]
L000512 | [Epoch 17] [Time: 8.488810777664185]
L000513 | [Train Loss: 2.7693]
L000514 | [Train F1: 0.7632653271110229]
L000515 | [Train Acc: 0.7659165224081554]
L000516 | [Dev Loss: 4.4139]
L000517 | [Dev F1: 0.6433098993280442]
L000518 | [Dev Acc: 0.6448445171849427]
L000519 | 
L000520-L000535 | [REDACTED: batch progress and internal diagnostics]
L000536 | [Epoch 18] [Time: 8.29730224609375]
L000537 | [Train Loss: 2.6142]
L000538 | [Train F1: 0.775517074477817]
L000539 | [Train Acc: 0.7768801692633198]
L000540 | [Dev Loss: 4.3095]
L000541 | [Dev F1: 0.6631375781429472]
L000542 | [Dev Acc: 0.6644844517184942]
L000543 | 
L000544-L000559 | [REDACTED: batch progress and internal diagnostics]
L000560 | [Epoch 19] [Time: 7.983626127243042]
L000561 | [Train Loss: 2.4657]
L000562 | [Train F1: 0.7861720041301469]
L000563 | [Train Acc: 0.7874591267551452]
L000564 | [Dev Loss: 4.3617]
L000565 | [Dev F1: 0.6454717151895896]
L000566 | [Dev Acc: 0.6481178396072013]
L000567 | 
L000568-L000583 | [REDACTED: batch progress and internal diagnostics]
L000584 | [Epoch 20] [Time: 8.305597066879272]
L000585 | [Train Loss: 2.4456]
L000586 | [Train F1: 0.7860296580949763]
L000587 | [Train Acc: 0.7878438161184843]
L000588 | [Dev Loss: 4.3094]
L000589 | [Dev F1: 0.661857188927731]
L000590 | [Dev Acc: 0.662847790507365]
L000591 | 
L000592-L000607 | [REDACTED: batch progress and internal diagnostics]
L000608 | [Epoch 21] [Time: 8.072926044464111]
L000609 | [Train Loss: 2.3309]
L000610 | [Train F1: 0.795220156395949]
L000611 | [Train Acc: 0.7963069821119446]
L000612 | [Dev Loss: 4.3391]
L000613 | [Dev F1: 0.6644793384306884]
L000614 | [Dev Acc: 0.6661211129296236]
L000615 | 
L000616-L000631 | [REDACTED: batch progress and internal diagnostics]
L000632 | [Epoch 22] [Time: 8.664078712463379]
L000633 | [Train Loss: 2.2535]
L000634 | [Train F1: 0.8054389616209614]
L000635 | [Train Acc: 0.8066935949221004]
L000636 | [Dev Loss: 4.4179]
L000637 | [Dev F1: 0.6594051250062344]
L000638 | [Dev Acc: 0.6612111292962357]
L000639 | 
L000640-L000655 | [REDACTED: batch progress and internal diagnostics]
L000656 | [Epoch 23] [Time: 8.140005350112915]
L000657 | [Train Loss: 2.201]
L000658 | [Train F1: 0.8025789104669537]
L000659 | [Train Acc: 0.8032313906520485]
L000660 | [Dev Loss: 4.6325]
L000661 | [Dev F1: 0.6365533981067859]
L000662 | [Dev Acc: 0.6382978723404256]
L000663 | 
L000664-L000679 | [REDACTED: batch progress and internal diagnostics]
L000680 | [Epoch 24] [Time: 8.239976406097412]
L000681 | [Train Loss: 2.0759]
L000682 | [Train F1: 0.8064544731343839]
L000683 | [Train Acc: 0.8088093864204655]
L000684 | [Dev Loss: 4.6086]
L000685 | [Dev F1: 0.6349968192518244]
L000686 | [Dev Acc: 0.6399345335515548]
L000687 | 
L000688-L000703 | [REDACTED: batch progress and internal diagnostics]
L000704 | [Epoch 25] [Time: 8.222205877304077]
L000705 | [Train Loss: 2.0493]
L000706 | [Train F1: 0.8188760366964769]
L000707 | [Train Acc: 0.8191959992306213]
L000708 | [Dev Loss: 4.3986]
L000709 | [Dev F1: 0.6611384212143482]
L000710 | [Dev Acc: 0.662847790507365]
L000711 | 
L000712-L000727 | [REDACTED: batch progress and internal diagnostics]
L000728 | [Epoch 26] [Time: 8.150914192199707]
L000729 | [Train Loss: 1.982]
L000730 | [Train F1: 0.8174224541812383]
L000731 | [Train Acc: 0.8188113098672821]
L000732 | [Dev Loss: 4.7707]
L000733 | [Dev F1: 0.6480312010454655]
L000734 | [Dev Acc: 0.6497545008183306]
L000735 | 
L000736-L000751 | [REDACTED: batch progress and internal diagnostics]
L000752 | [Epoch 27] [Time: 8.749582767486572]
L000753 | [Train Loss: 1.9206]
L000754 | [Train F1: 0.8269396432897995]
L000755 | [Train Acc: 0.8282361992690902]
L000756 | [Dev Loss: 4.2472]
L000757 | [Dev F1: 0.6616643132317496]
L000758 | [Dev Acc: 0.662847790507365]
L000759 | 
L000760-L000775 | [REDACTED: batch progress and internal diagnostics]
L000776 | [Epoch 28] [Time: 8.3515625]
L000777 | [Train Loss: 1.8874]
L000778 | [Train F1: 0.826347393126775]
L000779 | [Train Acc: 0.8272744758607424]
L000780 | [Dev Loss: 4.8013]
L000781 | [Dev F1: 0.637529942813762]
L000782 | [Dev Acc: 0.6415711947626841]
L000783 | 
L000784-L000799 | [REDACTED: batch progress and internal diagnostics]
L000800 | [Epoch 29] [Time: 7.760143041610718]
L000801 | [Train Loss: 1.814]
L000802 | [Train F1: 0.8388396603474274]
L000803 | [Train Acc: 0.8395845354875938]
L000804 | [Dev Loss: 4.8224]
L000805 | [Dev F1: 0.6538842779103012]
L000806 | [Dev Acc: 0.6546644844517185]
L000807 | 
L000808-L000823 | [REDACTED: batch progress and internal diagnostics]
L000824 | [Epoch 30] [Time: 8.090522289276123]
L000825 | [Train Loss: 1.7457]
L000826 | [Train F1: 0.8409432382168036]
L000827 | [Train Acc: 0.8420850163492979]
L000828 | [Dev Loss: 4.718]
L000829 | [Dev F1: 0.6345618364058002]
L000830 | [Dev Acc: 0.6382978723404256]
L000831 | 
L000832-L000847 | [REDACTED: batch progress and internal diagnostics]
L000848 | [Epoch 31] [Time: 8.134608745574951]
L000849 | [Train Loss: 1.7294]
L000850 | [Train F1: 0.844088905373641]
L000851 | [Train Acc: 0.8447778418926717]
L000852 | [Dev Loss: 4.8845]
L000853 | [Dev F1: 0.6527674630258671]
L000854 | [Dev Acc: 0.6546644844517185]
L000855 | 
L000856-L000871 | [REDACTED: batch progress and internal diagnostics]
L000872 | [Epoch 32] [Time: 7.9449896812438965]
L000873 | [Train Loss: 1.6617]
L000874 | [Train F1: 0.8488589333220683]
L000875 | [Train Acc: 0.84977880361608]
L000876 | [Dev Loss: 4.4039]
L000877 | [Dev F1: 0.6578386143003143]
L000878 | [Dev Acc: 0.6579378068739771]
L000879 | 
L000880-L000895 | [REDACTED: batch progress and internal diagnostics]
L000896 | [Epoch 33] [Time: 8.436577081680298]
L000897 | [Train Loss: 1.6437]
L000898 | [Train F1: 0.8492295779358761]
L000899 | [Train Acc: 0.8499711482977496]
L000900 | [Dev Loss: 5.3593]
L000901 | [Dev F1: 0.6399515671402936]
L000902 | [Dev Acc: 0.6448445171849427]
L000903 | 
L000904-L000919 | [REDACTED: batch progress and internal diagnostics]
L000920 | [Epoch 34] [Time: 8.046643733978271]
L000921 | [Train Loss: 1.667]
L000922 | [Train F1: 0.8448090277136365]
L000923 | [Train Acc: 0.8455472206193498]
L000924 | [Dev Loss: 4.5918]
L000925 | [Dev F1: 0.6505296968007926]
L000926 | [Dev Acc: 0.6530278232405892]
L000927 | 
L000928-L000943 | [REDACTED: batch progress and internal diagnostics]
L000944 | [Epoch 35] [Time: 8.624399185180664]
L000945 | [Train Loss: 1.5769]
L000946 | [Train F1: 0.8537543326904893]
L000947 | [Train Acc: 0.8547797653394884]
L000948 | [Dev Loss: 4.9225]
L000949 | [Dev F1: 0.6633323135537261]
L000950 | [Dev Acc: 0.6661211129296236]
L000951 | 
L000952-L000967 | [REDACTED: batch progress and internal diagnostics]
L000968 | [Epoch 36] [Time: 8.009650230407715]
L000969 | [Train Loss: 1.5339]
L000970 | [Train F1: 0.8565100442460952]
L000971 | [Train Acc: 0.8574725908828621]
L000972 | [Dev Loss: 4.8319]
L000973 | [Dev F1: 0.6453584900162217]
L000974 | [Dev Acc: 0.6481178396072013]
L000975 | 
L000976-L000991 | [REDACTED: batch progress and internal diagnostics]
L000992 | [Epoch 37] [Time: 8.224564790725708]
L000993 | [Train Loss: 1.4699]
L000994 | [Train F1: 0.8611191620131258]
L000995 | [Train Acc: 0.8617041738795922]
L000996 | [Dev Loss: 5.122]
L000997 | [Dev F1: 0.6597811398479227]
L000998 | [Dev Acc: 0.6612111292962357]
L000999 | 
L001000-L001015 | [REDACTED: batch progress and internal diagnostics]
L001016 | [Epoch 38] [Time: 8.357295274734497]
L001017 | [Train Loss: 1.46]
L001018 | [Train F1: 0.8639637564696446]
L001019 | [Train Acc: 0.8649740334679746]
L001020 | [Dev Loss: 4.8653]
L001021 | [Dev F1: 0.6472325539640821]
L001022 | [Dev Acc: 0.6513911620294599]
L001023 | 
L001024-L001039 | [REDACTED: batch progress and internal diagnostics]
L001040 | [Epoch 39] [Time: 8.044510841369629]
L001041 | [Train Loss: 1.4243]
L001042 | [Train F1: 0.8686975054955891]
L001043 | [Train Acc: 0.8695903058280439]
L001044 | [Dev Loss: 5.078]
L001045 | [Dev F1: 0.6490143144846617]
L001046 | [Dev Acc: 0.6546644844517185]
L001047 | 
L001048-L001063 | [REDACTED: batch progress and internal diagnostics]
L001064 | [Epoch 40] [Time: 8.756022691726685]
L001065 | [Train Loss: 1.4194]
L001066 | [Train F1: 0.8639824612413916]
L001067 | [Train Acc: 0.864396999422966]
L001068 | [Dev Loss: 4.9831]
L001069 | [Dev F1: 0.6617306654366423]
L001070 | [Dev Acc: 0.662847790507365]
L001071 | 
L001072-L001087 | [REDACTED: batch progress and internal diagnostics]
L001088 | [Epoch 41] [Time: 7.897386312484741]
L001089 | [Train Loss: 1.3834]
L001090 | [Train F1: 0.8737737614501958]
L001091 | [Train Acc: 0.8743989228697826]
L001092 | [Dev Loss: 5.1208]
L001093 | [Dev F1: 0.6532083774414247]
L001094 | [Dev Acc: 0.6546644844517185]
L001095 | 
L001096-L001111 | [REDACTED: batch progress and internal diagnostics]
L001112 | [Epoch 42] [Time: 8.339367628097534]
L001113 | [Train Loss: 1.3817]
L001114 | [Train F1: 0.8713978684887455]
L001115 | [Train Acc: 0.872090786689748]
L001116 | [Dev Loss: 5.1702]
L001117 | [Dev F1: 0.6579292007015076]
L001118 | [Dev Acc: 0.6595744680851063]
L001119 | 
L001120-L001135 | [REDACTED: batch progress and internal diagnostics]
L001136 | [Epoch 43] [Time: 8.228471994400024]
L001137 | [Train Loss: 1.3103]
L001138 | [Train F1: 0.8780649404553544]
L001139 | [Train Acc: 0.8782458165031737]
L001140 | [Dev Loss: 5.1935]
L001141 | [Dev F1: 0.650900475324721]
L001142 | [Dev Acc: 0.6513911620294599]
L001143 | 
L001144-L001159 | [REDACTED: batch progress and internal diagnostics]
L001160 | [Epoch 44] [Time: 8.03671145439148]
L001161 | [Train Loss: 1.2847]
L001162 | [Train F1: 0.8820358440088408]
L001163 | [Train Acc: 0.8824773994999038]
L001164 | [Dev Loss: 5.4327]
L001165 | [Dev F1: 0.634306506019267]
L001166 | [Dev Acc: 0.6399345335515548]
L001167 | 
L001168-L001183 | [REDACTED: batch progress and internal diagnostics]
L001184 | [Epoch 45] [Time: 7.935820817947388]
L001185 | [Train Loss: 1.2928]
L001186 | [Train F1: 0.8805119680088425]
L001187 | [Train Acc: 0.8809386420465474]
L001188 | [Dev Loss: 5.0593]
L001189 | [Dev F1: 0.6575096556598148]
L001190 | [Dev Acc: 0.6579378068739771]
L001191 | 
L001192-L001207 | [REDACTED: batch progress and internal diagnostics]
L001208 | [Epoch 46] [Time: 8.3193039894104]
L001209 | [Train Loss: 1.2144]
L001210 | [Train F1: 0.8879744145433625]
L001211 | [Train Acc: 0.8886324293133295]
L001212 | [Dev Loss: 5.554]
L001213 | [Dev F1: 0.6416248370130305]
L001214 | [Dev Acc: 0.646481178396072]
L001215 | Early stopping at epoch: 46
L001216 | Last model
L001217 |               precision    recall  f1-score   support
L001218 | 
L001219 |          hap     0.4894    0.3194    0.3866       144
L001220 |          sad     0.8268    0.7796    0.8025       245
L001221 |          neu     0.6283    0.6823    0.6542       384
L001222 |          ang     0.5739    0.5941    0.5838       170
L001223 |          exc     0.7130    0.8060    0.7567       299
L001224 |          fru     0.6131    0.5906    0.6016       381
L001225 | 
L001226 |     accuracy                         0.6568      1623
L001227 |    macro avg     0.6407    0.6287    0.6309      1623
L001228 | weighted avg     0.6523    0.6568    0.6520      1623
L001229 | 
L001230 | Best model at epoch: 21
L001231 | Best dev F1: 0.6644793384306884
L001232 |               precision    recall  f1-score   support
L001233 | 
L001234 |          hap     0.5316    0.5833    0.5563       144
L001235 |          sad     0.8078    0.8408    0.8240       245
L001236 |          neu     0.6610    0.7057    0.6826       384
L001237 |          ang     0.5862    0.6000    0.5930       170
L001238 |          exc     0.7959    0.7826    0.7892       299
L001239 |          fru     0.6265    0.5459    0.5835       381
L001240 | 
L001241 |     accuracy                         0.6808      1623
L001242 |    macro avg     0.6682    0.6764    0.6714      1623
L001243 | weighted avg     0.6806    0.6808    0.6797      1623
L001244 | 
L001245 | Best test F1: 0.6797248348993719
L001246 | Best test Acc: 0.680837954405422
L001247 | [SANITIZED] Saved checkpoint: [path and filename removed]
