# Redacted copy of an existing run log.
# run_id: G17-seed4
# dataset: IEMOCAP
# model: MM-DFN+AMBER
# imr: (0.7,0.3,0.5)
# seed_alias: seed4
# original_log_sha256: 6de44255c863c52131abcc6b1cca7b914a9a4a242c574212b55951f23ea95ecd
# source_record_status: ok
# source_record_process_return_code: 3221226505
# L numbers refer to source logical lines; REDACTED/SANITIZED text is editorial.
L000001-L000076 | [REDACTED: configuration or implementation details]
L000077 | [SANITIZED] Seed alias: seed4
L000078 | 
L000079-L000080 | [REDACTED: batch progress and internal diagnostics]
L000081 | 
L000082-L000083 | [REDACTED: batch progress and internal diagnostics]
L000084 | 
L000085-L000086 | [REDACTED: batch progress and internal diagnostics]
L000087 | 
L000088-L000103 | [REDACTED: batch progress and internal diagnostics]
L000104 | [Epoch 0] [Time: 8.39443302154541]
L000105 | [Train Loss: 9.487]
L000106 | [Train F1: 0.24922655831676135]
L000107 | [Train Acc: 0.2585909003647533]
L000108 | [Dev Loss: 8.304]
L000109 | [Dev F1: 0.3503130164213864]
L000110 | [Dev Acc: 0.4509151414309484]
L000111 | 
L000112-L000127 | [REDACTED: batch progress and internal diagnostics]
L000128 | [Epoch 1] [Time: 8.220760107040405]
L000129 | [Train Loss: 8.1555]
L000130 | [Train F1: 0.4120781911529161]
L000131 | [Train Acc: 0.44173545786139373]
L000132 | [Dev Loss: 7.203]
L000133 | [Dev F1: 0.3723792413694916]
L000134 | [Dev Acc: 0.46921797004991683]
L000135 | 
L000136-L000151 | [REDACTED: batch progress and internal diagnostics]
L000152 | [Epoch 2] [Time: 7.983413934707642]
L000153 | [Train Loss: 7.1392]
L000154 | [Train F1: 0.4859451406762095]
L000155 | [Train Acc: 0.5075830293722403]
L000156 | [Dev Loss: 6.2118]
L000157 | [Dev F1: 0.45219432072615984]
L000158 | [Dev Acc: 0.502495840266223]
L000159 | 
L000160-L000175 | [REDACTED: batch progress and internal diagnostics]
L000176 | [Epoch 3] [Time: 8.038638830184937]
L000177 | [Train Loss: 6.3291]
L000178 | [Train F1: 0.5259447352394263]
L000179 | [Train Acc: 0.5392589748512191]
L000180 | [Dev Loss: 5.575]
L000181 | [Dev F1: 0.5147375449683139]
L000182 | [Dev Acc: 0.5357737104825291]
L000183 | 
L000184-L000199 | [REDACTED: batch progress and internal diagnostics]
L000200 | [Epoch 4] [Time: 8.240400791168213]
L000201 | [Train Loss: 5.6753]
L000202 | [Train F1: 0.5514721769188753]
L000203 | [Train Acc: 0.5605682472643502]
L000204 | [Dev Loss: 5.1053]
L000205 | [Dev F1: 0.5426004816064786]
L000206 | [Dev Acc: 0.5640599001663894]
L000207 | 
L000208-L000223 | [REDACTED: batch progress and internal diagnostics]
L000224 | [Epoch 5] [Time: 8.652077436447144]
L000225 | [Train Loss: 5.1386]
L000226 | [Train F1: 0.5963004740889131]
L000227 | [Train Acc: 0.6045306200806296]
L000228 | [Dev Loss: 4.7619]
L000229 | [Dev F1: 0.5577273860783765]
L000230 | [Dev Acc: 0.5773710482529119]
L000231 | 
L000232-L000247 | [REDACTED: batch progress and internal diagnostics]
L000248 | [Epoch 6] [Time: 8.640549659729004]
L000249 | [Train Loss: 4.7876]
L000250 | [Train F1: 0.6137074610580138]
L000251 | [Train Acc: 0.6181608754079477]
L000252 | [Dev Loss: 4.535]
L000253 | [Dev F1: 0.5534413857735946]
L000254 | [Dev Acc: 0.5657237936772047]
L000255 | 
L000256-L000271 | [REDACTED: batch progress and internal diagnostics]
L000272 | [Epoch 7] [Time: 8.46477723121643]
L000273 | [Train Loss: 4.4121]
L000274 | [Train F1: 0.6393557323515567]
L000275 | [Train Acc: 0.6421578038011134]
L000276 | [Dev Loss: 4.3568]
L000277 | [Dev F1: 0.5704758165977545]
L000278 | [Dev Acc: 0.5856905158069884]
L000279 | 
L000280-L000295 | [REDACTED: batch progress and internal diagnostics]
L000296 | [Epoch 8] [Time: 8.779306650161743]
L000297 | [Train Loss: 4.157]
L000298 | [Train F1: 0.6600469723498453]
L000299 | [Train Acc: 0.6655788059128431]
L000300 | [Dev Loss: 4.3273]
L000301 | [Dev F1: 0.5658665288101918]
L000302 | [Dev Acc: 0.5806988352745425]
L000303 | 
L000304-L000319 | [REDACTED: batch progress and internal diagnostics]
L000320 | [Epoch 9] [Time: 7.975629568099976]
L000321 | [Train Loss: 3.9409]
L000322 | [Train F1: 0.6688362244369435]
L000323 | [Train Acc: 0.6721059704357842]
L000324 | [Dev Loss: 4.2129]
L000325 | [Dev F1: 0.5872336482048764]
L000326 | [Dev Acc: 0.5940099833610649]
L000327 | 
L000328-L000343 | [REDACTED: batch progress and internal diagnostics]
L000344 | [Epoch 10] [Time: 8.477636814117432]
L000345 | [Train Loss: 3.8005]
L000346 | [Train F1: 0.6829876682141375]
L000347 | [Train Acc: 0.686120176617393]
L000348 | [Dev Loss: 4.1754]
L000349 | [Dev F1: 0.5697735516314109]
L000350 | [Dev Acc: 0.5840266222961731]
L000351 | 
L000352-L000367 | [REDACTED: batch progress and internal diagnostics]
L000368 | [Epoch 11] [Time: 8.168455362319946]
L000369 | [Train Loss: 3.495]
L000370 | [Train F1: 0.7022992703468479]
L000371 | [Train Acc: 0.7055096947590709]
L000372 | [Dev Loss: 4.0717]
L000373 | [Dev F1: 0.5897711827069054]
L000374 | [Dev Acc: 0.5973377703826955]
L000375 | 
L000376-L000391 | [REDACTED: batch progress and internal diagnostics]
L000392 | [Epoch 12] [Time: 9.03490924835205]
L000393 | [Train Loss: 3.4255]
L000394 | [Train F1: 0.7203938430532782]
L000395 | [Train Acc: 0.7227874832021501]
L000396 | [Dev Loss: 4.1355]
L000397 | [Dev F1: 0.608331252841132]
L000398 | [Dev Acc: 0.6189683860232945]
L000399 | 
L000400-L000415 | [REDACTED: batch progress and internal diagnostics]
L000416 | [Epoch 13] [Time: 8.591961145401001]
L000417 | [Train Loss: 3.216]
L000418 | [Train F1: 0.7313836804851447]
L000419 | [Train Acc: 0.7320023037051258]
L000420 | [Dev Loss: 3.9829]
L000421 | [Dev F1: 0.6069617265744289]
L000422 | [Dev Acc: 0.6123128119800333]
L000423 | 
L000424-L000439 | [REDACTED: batch progress and internal diagnostics]
L000440 | [Epoch 14] [Time: 8.76630449295044]
L000441 | [Train Loss: 3.0793]
L000442 | [Train F1: 0.7385716849100514]
L000443 | [Train Acc: 0.7412171242081014]
L000444 | [Dev Loss: 4.1464]
L000445 | [Dev F1: 0.6126549776620374]
L000446 | [Dev Acc: 0.6206322795341098]
L000447 | 
L000448-L000463 | [REDACTED: batch progress and internal diagnostics]
L000464 | [Epoch 15] [Time: 8.511945486068726]
L000465 | [Train Loss: 2.9638]
L000466 | [Train F1: 0.7528634109961113]
L000467 | [Train Acc: 0.7546554041082741]
L000468 | [Dev Loss: 3.9999]
L000469 | [Dev F1: 0.6116784872021498]
L000470 | [Dev Acc: 0.6189683860232945]
L000471 | 
L000472-L000487 | [REDACTED: batch progress and internal diagnostics]
L000488 | [Epoch 16] [Time: 8.855379819869995]
L000489 | [Train Loss: 2.8804]
L000490 | [Train F1: 0.762029451783891]
L000491 | [Train Acc: 0.7634862737569591]
L000492 | [Dev Loss: 4.2124]
L000493 | [Dev F1: 0.6095112914289609]
L000494 | [Dev Acc: 0.6173044925124792]
L000495 | 
L000496-L000511 | [REDACTED: batch progress and internal diagnostics]
L000512 | [Epoch 17] [Time: 8.425325393676758]
L000513 | [Train Loss: 2.7865]
L000514 | [Train F1: 0.7604690944927217]
L000515 | [Train Acc: 0.7625263966212324]
L000516 | [Dev Loss: 4.0549]
L000517 | [Dev F1: 0.6180805721630176]
L000518 | [Dev Acc: 0.6239600665557404]
L000519 | 
L000520-L000535 | [REDACTED: batch progress and internal diagnostics]
L000536 | [Epoch 18] [Time: 8.100584983825684]
L000537 | [Train Loss: 2.7007]
L000538 | [Train F1: 0.7737478330732093]
L000539 | [Train Acc: 0.7757727010942599]
L000540 | [Dev Loss: 4.1716]
L000541 | [Dev F1: 0.6052459473963384]
L000542 | [Dev Acc: 0.6139767054908486]
L000543 | 
L000544-L000559 | [REDACTED: batch progress and internal diagnostics]
L000560 | [Epoch 19] [Time: 8.175607919692993]
L000561 | [Train Loss: 2.5838]
L000562 | [Train F1: 0.7776398955100113]
L000563 | [Train Acc: 0.7784603570742945]
L000564 | [Dev Loss: 4.2544]
L000565 | [Dev F1: 0.6074805685108671]
L000566 | [Dev Acc: 0.6139767054908486]
L000567 | 
L000568-L000583 | [REDACTED: batch progress and internal diagnostics]
L000584 | [Epoch 20] [Time: 7.985410928726196]
L000585 | [Train Loss: 2.4218]
L000586 | [Train F1: 0.7957086261190581]
L000587 | [Train Acc: 0.7972739489345364]
L000588 | [Dev Loss: 4.0163]
L000589 | [Dev F1: 0.6067655709751582]
L000590 | [Dev Acc: 0.6156405990016639]
L000591 | 
L000592-L000607 | [REDACTED: batch progress and internal diagnostics]
L000608 | [Epoch 21] [Time: 7.8778440952301025]
L000609 | [Train Loss: 2.3436]
L000610 | [Train F1: 0.8016563336187759]
L000611 | [Train Acc: 0.8024572854674602]
L000612 | [Dev Loss: 4.3555]
L000613 | [Dev F1: 0.6014311605760659]
L000614 | [Dev Acc: 0.6073211314475874]
L000615 | 
L000616-L000631 | [REDACTED: batch progress and internal diagnostics]
L000632 | [Epoch 22] [Time: 8.085201263427734]
L000633 | [Train Loss: 2.2542]
L000634 | [Train F1: 0.8060845503897962]
L000635 | [Train Acc: 0.8074486465732387]
L000636 | [Dev Loss: 4.087]
L000637 | [Dev F1: 0.6005016323099004]
L000638 | [Dev Acc: 0.610648918469218]
L000639 | 
L000640-L000655 | [REDACTED: batch progress and internal diagnostics]
L000656 | [Epoch 23] [Time: 8.311087131500244]
L000657 | [Train Loss: 2.1962]
L000658 | [Train F1: 0.8109251576900106]
L000659 | [Train Acc: 0.8118640813975811]
L000660 | [Dev Loss: 4.405]
L000661 | [Dev F1: 0.6116777080587209]
L000662 | [Dev Acc: 0.6173044925124792]
L000663 | 
L000664-L000679 | [REDACTED: batch progress and internal diagnostics]
L000680 | [Epoch 24] [Time: 8.49424123764038]
L000681 | [Train Loss: 2.0876]
L000682 | [Train F1: 0.8212297539886341]
L000683 | [Train Acc: 0.8220387790362833]
L000684 | [Dev Loss: 4.0685]
L000685 | [Dev F1: 0.5955426755841683]
L000686 | [Dev Acc: 0.6056572379367721]
L000687 | 
L000688-L000703 | [REDACTED: batch progress and internal diagnostics]
L000704 | [Epoch 25] [Time: 8.149354934692383]
L000705 | [Train Loss: 2.0837]
L000706 | [Train F1: 0.8177035525616511]
L000707 | [Train Acc: 0.8187751967748128]
L000708 | [Dev Loss: 4.543]
L000709 | [Dev F1: 0.5958412210107812]
L000710 | [Dev Acc: 0.6023294509151415]
L000711 | 
L000712-L000727 | [REDACTED: batch progress and internal diagnostics]
L000728 | [Epoch 26] [Time: 8.427090644836426]
L000729 | [Train Loss: 2.0338]
L000730 | [Train F1: 0.8265619054356769]
L000731 | [Train Acc: 0.8270301401420618]
L000732 | [Dev Loss: 4.0726]
L000733 | [Dev F1: 0.6081856594447218]
L000734 | [Dev Acc: 0.6156405990016639]
L000735 | 
L000736-L000751 | [REDACTED: batch progress and internal diagnostics]
L000752 | [Epoch 27] [Time: 8.195691585540771]
L000753 | [Train Loss: 1.9474]
L000754 | [Train F1: 0.8307617878972167]
L000755 | [Train Acc: 0.8312535995392589]
L000756 | [Dev Loss: 4.559]
L000757 | [Dev F1: 0.6034677870267138]
L000758 | [Dev Acc: 0.6089850249584027]
L000759 | 
L000760-L000775 | [REDACTED: batch progress and internal diagnostics]
L000776 | [Epoch 28] [Time: 8.072701215744019]
L000777 | [Train Loss: 1.861]
L000778 | [Train F1: 0.8416696625684563]
L000779 | [Train Acc: 0.8423881743136878]
L000780 | [Dev Loss: 4.417]
L000781 | [Dev F1: 0.6014191410342562]
L000782 | [Dev Acc: 0.6073211314475874]
L000783 | 
L000784-L000799 | [REDACTED: batch progress and internal diagnostics]
L000800 | [Epoch 29] [Time: 8.619690895080566]
L000801 | [Train Loss: 1.7707]
L000802 | [Train F1: 0.8481080174445953]
L000803 | [Train Acc: 0.8485313879823383]
L000804 | [Dev Loss: 4.4762]
L000805 | [Dev F1: 0.6143324381507022]
L000806 | [Dev Acc: 0.6189683860232945]
L000807 | 
L000808-L000823 | [REDACTED: batch progress and internal diagnostics]
L000824 | [Epoch 30] [Time: 8.054059267044067]
L000825 | [Train Loss: 1.7204]
L000826 | [Train F1: 0.8495136321616493]
L000827 | [Train Acc: 0.8504511422537915]
L000828 | [Dev Loss: 4.5556]
L000829 | [Dev F1: 0.5980648069409461]
L000830 | [Dev Acc: 0.6023294509151415]
L000831 | 
L000832-L000847 | [REDACTED: batch progress and internal diagnostics]
L000848 | [Epoch 31] [Time: 8.088594436645508]
L000849 | [Train Loss: 1.7079]
L000850 | [Train F1: 0.8470096477890721]
L000851 | [Train Acc: 0.8475715108466116]
L000852 | [Dev Loss: 4.6243]
L000853 | [Dev F1: 0.5830523982891989]
L000854 | [Dev Acc: 0.5990016638935108]
L000855 | 
L000856-L000871 | [REDACTED: batch progress and internal diagnostics]
L000872 | [Epoch 32] [Time: 8.721326112747192]
L000873 | [Train Loss: 1.6653]
L000874 | [Train F1: 0.8552161509296048]
L000875 | [Train Acc: 0.8558264542138606]
L000876 | [Dev Loss: 4.6499]
L000877 | [Dev F1: 0.6150924048000858]
L000878 | [Dev Acc: 0.6156405990016639]
L000879 | 
L000880-L000895 | [REDACTED: batch progress and internal diagnostics]
L000896 | [Epoch 33] [Time: 8.400678157806396]
L000897 | [Train Loss: 1.6452]
L000898 | [Train F1: 0.8530637740340227]
L000899 | [Train Acc: 0.8531387982338261]
L000900 | [Dev Loss: 4.6689]
L000901 | [Dev F1: 0.5750944766816686]
L000902 | [Dev Acc: 0.5873544093178037]
L000903 | 
L000904-L000919 | [REDACTED: batch progress and internal diagnostics]
L000920 | [Epoch 34] [Time: 8.052493333816528]
L000921 | [Train Loss: 1.5724]
L000922 | [Train F1: 0.861763172113691]
L000923 | [Train Acc: 0.8623536187368017]
L000924 | [Dev Loss: 4.518]
L000925 | [Dev F1: 0.6110704117306599]
L000926 | [Dev Acc: 0.6173044925124792]
L000927 | 
L000928-L000943 | [REDACTED: batch progress and internal diagnostics]
L000944 | [Epoch 35] [Time: 8.467044591903687]
L000945 | [Train Loss: 1.5142]
L000946 | [Train F1: 0.8658141341770824]
L000947 | [Train Acc: 0.8663851027068535]
L000948 | [Dev Loss: 4.6408]
L000949 | [Dev F1: 0.6067688959931175]
L000950 | [Dev Acc: 0.610648918469218]
L000951 | 
L000952-L000967 | [REDACTED: batch progress and internal diagnostics]
L000968 | [Epoch 36] [Time: 8.664974212646484]
L000969 | [Train Loss: 1.475]
L000970 | [Train F1: 0.8628836959380123]
L000971 | [Train Acc: 0.8635054712996736]
L000972 | [Dev Loss: 4.7058]
L000973 | [Dev F1: 0.596762634663457]
L000974 | [Dev Acc: 0.6023294509151415]
L000975 | 
L000976-L000991 | [REDACTED: batch progress and internal diagnostics]
L000992 | [Epoch 37] [Time: 8.071990728378296]
L000993 | [Train Loss: 1.4412]
L000994 | [Train F1: 0.8721383468958201]
L000995 | [Train Acc: 0.872528316375504]
L000996 | [Dev Loss: 4.5547]
L000997 | [Dev F1: 0.5983925610920525]
L000998 | [Dev Acc: 0.6039933444259568]
L000999 | 
L001000-L001015 | [REDACTED: batch progress and internal diagnostics]
L001016 | [Epoch 38] [Time: 8.233378887176514]
L001017 | [Train Loss: 1.4003]
L001018 | [Train F1: 0.8782459942273354]
L001019 | [Train Acc: 0.8788635054712997]
L001020 | [Dev Loss: 5.1104]
L001021 | [Dev F1: 0.5816297842998198]
L001022 | [Dev Acc: 0.589018302828619]
L001023 | 
L001024-L001039 | [REDACTED: batch progress and internal diagnostics]
L001040 | [Epoch 39] [Time: 8.337207078933716]
L001041 | [Train Loss: 1.387]
L001042 | [Train F1: 0.8782268073770838]
L001043 | [Train Acc: 0.8788635054712997]
L001044 | [Dev Loss: 4.8405]
L001045 | [Dev F1: 0.5892659188675449]
L001046 | [Dev Acc: 0.5940099833610649]
L001047 | 
L001048-L001063 | [REDACTED: batch progress and internal diagnostics]
L001064 | [Epoch 40] [Time: 7.6985907554626465]
L001065 | [Train Loss: 1.3642]
L001066 | [Train F1: 0.8716934718436392]
L001067 | [Train Acc: 0.871952390094068]
L001068 | [Dev Loss: 5.0039]
L001069 | [Dev F1: 0.5997998985192751]
L001070 | [Dev Acc: 0.6039933444259568]
L001071 | 
L001072-L001087 | [REDACTED: batch progress and internal diagnostics]
L001088 | [Epoch 41] [Time: 7.953838348388672]
L001089 | [Train Loss: 1.3362]
L001090 | [Train F1: 0.8787329849092569]
L001091 | [Train Acc: 0.8792474563255903]
L001092 | [Dev Loss: 5.0508]
L001093 | [Dev F1: 0.5866748637148147]
L001094 | [Dev Acc: 0.5923460898502496]
L001095 | 
L001096-L001111 | [REDACTED: batch progress and internal diagnostics]
L001112 | [Epoch 42] [Time: 8.638206958770752]
L001113 | [Train Loss: 1.3166]
L001114 | [Train F1: 0.8809640375334853]
L001115 | [Train Acc: 0.881359186024189]
L001116 | [Dev Loss: 4.7955]
L001117 | [Dev F1: 0.5914619573682692]
L001118 | [Dev Acc: 0.5956738768718802]
L001119 | Early stopping at epoch: 42
L001120 | Last model
L001121 |               precision    recall  f1-score   support
L001122 | 
L001123 |          hap     0.5046    0.3819    0.4348       144
L001124 |          sad     0.8496    0.7837    0.8153       245
L001125 |          neu     0.6873    0.7214    0.7039       384
L001126 |          ang     0.4704    0.7471    0.5773       170
L001127 |          exc     0.7055    0.7692    0.7360       299
L001128 |          fru     0.6644    0.5039    0.5731       381
L001129 | 
L001130 |     accuracy                         0.6611      1623
L001131 |    macro avg     0.6470    0.6512    0.6401      1623
L001132 | weighted avg     0.6708    0.6611    0.6588      1623
L001133 | 
L001134 | Best model at epoch: 17
L001135 | Best dev F1: 0.6180805721630176
L001136 |               precision    recall  f1-score   support
L001137 | 
L001138 |          hap     0.4583    0.4583    0.4583       144
L001139 |          sad     0.8340    0.8000    0.8167       245
L001140 |          neu     0.6992    0.6536    0.6756       384
L001141 |          ang     0.5701    0.7176    0.6354       170
L001142 |          exc     0.7173    0.7893    0.7516       299
L001143 |          fru     0.6404    0.5748    0.6058       381
L001144 | 
L001145 |     accuracy                         0.6716      1623
L001146 |    macro avg     0.6532    0.6656    0.6572      1623
L001147 | weighted avg     0.6742    0.6716    0.6710      1623
L001148 | 
L001149 | Best test F1: 0.6710345351671777
L001150 | Best test Acc: 0.6715958102279729
L001151 | [SANITIZED] Saved checkpoint: [path and filename removed]
