# Redacted copy of an existing run log.
# run_id: G17-seed2
# dataset: IEMOCAP
# model: MM-DFN+AMBER
# imr: (0.7,0.3,0.5)
# seed_alias: seed2
# original_log_sha256: c312ae1f6c2bb17cd85dedbc01eba8cdeb1ebe738ed94c588d5822cca0b29c7b
# source_record_status: ok
# source_record_process_return_code: 3221226505
# L numbers refer to source logical lines; REDACTED/SANITIZED text is editorial.
L000001-L000076 | [REDACTED: configuration or implementation details]
L000077 | [SANITIZED] Seed alias: seed2
L000078 | 
L000079-L000080 | [REDACTED: batch progress and internal diagnostics]
L000081 | 
L000082-L000083 | [REDACTED: batch progress and internal diagnostics]
L000084 | 
L000085-L000086 | [REDACTED: batch progress and internal diagnostics]
L000087 | 
L000088-L000103 | [REDACTED: batch progress and internal diagnostics]
L000104 | [Epoch 0] [Time: 8.611364841461182]
L000105 | [Train Loss: 9.2585]
L000106 | [Train F1: 0.2771119560386667]
L000107 | [Train Acc: 0.2808258459185624]
L000108 | [Dev Loss: 7.8107]
L000109 | [Dev F1: 0.4707918545234437]
L000110 | [Dev Acc: 0.5008635578583766]
L000111 | 
L000112-L000127 | [REDACTED: batch progress and internal diagnostics]
L000128 | [Epoch 1] [Time: 8.671320915222168]
L000129 | [Train Loss: 7.8387]
L000130 | [Train F1: 0.4431534497199913]
L000131 | [Train Acc: 0.4630089848977251]
L000132 | [Dev Loss: 6.7142]
L000133 | [Dev F1: 0.4942866666836937]
L000134 | [Dev Acc: 0.5215889464594128]
L000135 | 
L000136-L000151 | [REDACTED: batch progress and internal diagnostics]
L000152 | [Epoch 2] [Time: 8.258756399154663]
L000153 | [Train Loss: 6.7299]
L000154 | [Train F1: 0.5100672849091844]
L000155 | [Train Acc: 0.528388453450583]
L000156 | [Dev Loss: 5.8888]
L000157 | [Dev F1: 0.5451189686219277]
L000158 | [Dev Acc: 0.5630397236614854]
L000159 | 
L000160-L000175 | [REDACTED: batch progress and internal diagnostics]
L000176 | [Epoch 3] [Time: 7.749690294265747]
L000177 | [Train Loss: 5.9578]
L000178 | [Train F1: 0.5617807968591718]
L000179 | [Train Acc: 0.5740776142229019]
L000180 | [Dev Loss: 5.2501]
L000181 | [Dev F1: 0.5673146397885137]
L000182 | [Dev Acc: 0.5785837651122625]
L000183 | 
L000184-L000199 | [REDACTED: batch progress and internal diagnostics]
L000200 | [Epoch 4] [Time: 8.088498830795288]
L000201 | [Train Loss: 5.3794]
L000202 | [Train F1: 0.5868098694852304]
L000203 | [Train Acc: 0.5910915694895813]
L000204 | [Dev Loss: 4.7843]
L000205 | [Dev F1: 0.5773483554206077]
L000206 | [Dev Acc: 0.5854922279792746]
L000207 | 
L000208-L000223 | [REDACTED: batch progress and internal diagnostics]
L000224 | [Epoch 5] [Time: 7.817065238952637]
L000225 | [Train Loss: 4.9172]
L000226 | [Train F1: 0.6038540109116732]
L000227 | [Train Acc: 0.6069585165360352]
L000228 | [Dev Loss: 4.4753]
L000229 | [Dev F1: 0.5983933995340777]
L000230 | [Dev Acc: 0.6027633851468048]
L000231 | 
L000232-L000247 | [REDACTED: batch progress and internal diagnostics]
L000248 | [Epoch 6] [Time: 8.263216733932495]
L000249 | [Train Loss: 4.4746]
L000250 | [Train F1: 0.6439208989272406]
L000251 | [Train Acc: 0.6476773083540432]
L000252 | [Dev Loss: 4.2675]
L000253 | [Dev F1: 0.6267152134830339]
L000254 | [Dev Acc: 0.6286701208981001]
L000255 | 
L000256-L000271 | [REDACTED: batch progress and internal diagnostics]
L000272 | [Epoch 7] [Time: 7.633263349533081]
L000273 | [Train Loss: 4.1857]
L000274 | [Train F1: 0.6541013927435023]
L000275 | [Train Acc: 0.6578092142993691]
L000276 | [Dev Loss: 4.1145]
L000277 | [Dev F1: 0.633608270922213]
L000278 | [Dev Acc: 0.6355785837651122]
L000279 | 
L000280-L000295 | [REDACTED: batch progress and internal diagnostics]
L000296 | [Epoch 8] [Time: 7.922738075256348]
L000297 | [Train Loss: 3.9721]
L000298 | [Train F1: 0.66831130741332]
L000299 | [Train Acc: 0.6719556490154847]
L000300 | [Dev Loss: 4.0163]
L000301 | [Dev F1: 0.6262414357565532]
L000302 | [Dev Acc: 0.6286701208981001]
L000303 | 
L000304-L000319 | [REDACTED: batch progress and internal diagnostics]
L000320 | [Epoch 9] [Time: 8.105024576187134]
L000321 | [Train Loss: 3.7072]
L000322 | [Train F1: 0.6906505316476117]
L000323 | [Train Acc: 0.6927929650162493]
L000324 | [Dev Loss: 3.8895]
L000325 | [Dev F1: 0.6459627452558719]
L000326 | [Dev Acc: 0.6476683937823834]
L000327 | 
L000328-L000343 | [REDACTED: batch progress and internal diagnostics]
L000344 | [Epoch 10] [Time: 8.177767276763916]
L000345 | [Train Loss: 3.5884]
L000346 | [Train F1: 0.6842288341644303]
L000347 | [Train Acc: 0.6872490919518257]
L000348 | [Dev Loss: 3.8358]
L000349 | [Dev F1: 0.6394962036814009]
L000350 | [Dev Acc: 0.6390328151986183]
L000351 | 
L000352-L000367 | [REDACTED: batch progress and internal diagnostics]
L000368 | [Epoch 11] [Time: 8.382879257202148]
L000369 | [Train Loss: 3.3393]
L000370 | [Train F1: 0.716674740505701]
L000371 | [Train Acc: 0.718027145861212]
L000372 | [Dev Loss: 3.8433]
L000373 | [Dev F1: 0.6472154535209246]
L000374 | [Dev Acc: 0.6493955094991365]
L000375 | 
L000376-L000391 | [REDACTED: batch progress and internal diagnostics]
L000392 | [Epoch 12] [Time: 8.2035973072052]
L000393 | [Train Loss: 3.1806]
L000394 | [Train F1: 0.7187266223071508]
L000395 | [Train Acc: 0.721659338558593]
L000396 | [Dev Loss: 3.7888]
L000397 | [Dev F1: 0.6349561709635614]
L000398 | [Dev Acc: 0.6355785837651122]
L000399 | 
L000400-L000415 | [REDACTED: batch progress and internal diagnostics]
L000416 | [Epoch 13] [Time: 7.8386619091033936]
L000417 | [Train Loss: 3.0646]
L000418 | [Train F1: 0.734231475537652]
L000419 | [Train Acc: 0.7367616134582298]
L000420 | [Dev Loss: 3.7967]
L000421 | [Dev F1: 0.6367629986365455]
L000422 | [Dev Acc: 0.6373056994818653]
L000423 | 
L000424-L000439 | [REDACTED: batch progress and internal diagnostics]
L000440 | [Epoch 14] [Time: 8.27132272720337]
L000441 | [Train Loss: 3.0162]
L000442 | [Train F1: 0.7431294820422126]
L000443 | [Train Acc: 0.7447906709998088]
L000444 | [Dev Loss: 3.7082]
L000445 | [Dev F1: 0.648375472962503]
L000446 | [Dev Acc: 0.6493955094991365]
L000447 | 
L000448-L000463 | [REDACTED: batch progress and internal diagnostics]
L000464 | [Epoch 15] [Time: 8.363747358322144]
L000465 | [Train Loss: 2.8402]
L000466 | [Train F1: 0.7475562292073139]
L000467 | [Train Acc: 0.7505257121009368]
L000468 | [Dev Loss: 3.7287]
L000469 | [Dev F1: 0.6450962199102341]
L000470 | [Dev Acc: 0.6459412780656304]
L000471 | 
L000472-L000487 | [REDACTED: batch progress and internal diagnostics]
L000488 | [Epoch 16] [Time: 8.62926435470581]
L000489 | [Train Loss: 2.7313]
L000490 | [Train F1: 0.7637055931914764]
L000491 | [Train Acc: 0.7650544828904607]
L000492 | [Dev Loss: 3.6989]
L000493 | [Dev F1: 0.6455364332235362]
L000494 | [Dev Acc: 0.6459412780656304]
L000495 | 
L000496-L000511 | [REDACTED: batch progress and internal diagnostics]
L000512 | [Epoch 17] [Time: 8.41491174697876]
L000513 | [Train Loss: 2.5978]
L000514 | [Train F1: 0.7745354522399679]
L000515 | [Train Acc: 0.7767157331294208]
L000516 | [Dev Loss: 3.7012]
L000517 | [Dev F1: 0.6466995944917363]
L000518 | [Dev Acc: 0.6476683937823834]
L000519 | 
L000520-L000535 | [REDACTED: batch progress and internal diagnostics]
L000536 | [Epoch 18] [Time: 8.427344799041748]
L000537 | [Train Loss: 2.5587]
L000538 | [Train F1: 0.774993500081079]
L000539 | [Train Acc: 0.7767157331294208]
L000540 | [Dev Loss: 3.6967]
L000541 | [Dev F1: 0.6473248874188485]
L000542 | [Dev Acc: 0.6493955094991365]
L000543 | 
L000544-L000559 | [REDACTED: batch progress and internal diagnostics]
L000560 | [Epoch 19] [Time: 8.127244710922241]
L000561 | [Train Loss: 2.4898]
L000562 | [Train F1: 0.7812925031234348]
L000563 | [Train Acc: 0.7835977824507743]
L000564 | [Dev Loss: 3.6872]
L000565 | [Dev F1: 0.6537457113570294]
L000566 | [Dev Acc: 0.6545768566493955]
L000567 | 
L000568-L000583 | [REDACTED: batch progress and internal diagnostics]
L000584 | [Epoch 20] [Time: 8.638642072677612]
L000585 | [Train Loss: 2.3862]
L000586 | [Train F1: 0.7859236417243748]
L000587 | [Train Acc: 0.7868476390747468]
L000588 | [Dev Loss: 3.7072]
L000589 | [Dev F1: 0.6585452070972553]
L000590 | [Dev Acc: 0.6597582037996546]
L000591 | 
L000592-L000607 | [REDACTED: batch progress and internal diagnostics]
L000608 | [Epoch 21] [Time: 7.899571657180786]
L000609 | [Train Loss: 2.243]
L000610 | [Train F1: 0.8014718807391205]
L000611 | [Train Acc: 0.8036704263047219]
L000612 | [Dev Loss: 3.7454]
L000613 | [Dev F1: 0.6649951673568483]
L000614 | [Dev Acc: 0.6649395509499136]
L000615 | 
L000616-L000631 | [REDACTED: batch progress and internal diagnostics]
L000632 | [Epoch 22] [Time: 7.797004222869873]
L000633 | [Train Loss: 2.1727]
L000634 | [Train F1: 0.8087388945967744]
L000635 | [Train Acc: 0.8097878034792583]
L000636 | [Dev Loss: 3.7452]
L000637 | [Dev F1: 0.6460658042203784]
L000638 | [Dev Acc: 0.6476683937823834]
L000639 | 
L000640-L000655 | [REDACTED: batch progress and internal diagnostics]
L000656 | [Epoch 23] [Time: 8.223000049591064]
L000657 | [Train Loss: 2.1095]
L000658 | [Train F1: 0.8097564994519381]
L000659 | [Train Acc: 0.8109348116994839]
L000660 | [Dev Loss: 3.9455]
L000661 | [Dev F1: 0.6455163444524533]
L000662 | [Dev Acc: 0.6476683937823834]
L000663 | 
L000664-L000679 | [REDACTED: batch progress and internal diagnostics]
L000680 | [Epoch 24] [Time: 7.959832668304443]
L000681 | [Train Loss: 2.0554]
L000682 | [Train F1: 0.817164729554606]
L000683 | [Train Acc: 0.8180080290575416]
L000684 | [Dev Loss: 3.7195]
L000685 | [Dev F1: 0.6563312584287143]
L000686 | [Dev Acc: 0.6563039723661486]
L000687 | 
L000688-L000703 | [REDACTED: batch progress and internal diagnostics]
L000704 | [Epoch 25] [Time: 7.9830322265625]
L000705 | [Train Loss: 1.9972]
L000706 | [Train F1: 0.8174508708462781]
L000707 | [Train Acc: 0.8185815331676544]
L000708 | [Dev Loss: 3.7829]
L000709 | [Dev F1: 0.6597109753704922]
L000710 | [Dev Acc: 0.6597582037996546]
L000711 | 
L000712-L000727 | [REDACTED: batch progress and internal diagnostics]
L000728 | [Epoch 26] [Time: 7.984000205993652]
L000729 | [Train Loss: 1.9468]
L000730 | [Train F1: 0.8244103492420108]
L000731 | [Train Acc: 0.8252724144523036]
L000732 | [Dev Loss: 3.824]
L000733 | [Dev F1: 0.663929317660403]
L000734 | [Dev Acc: 0.6649395509499136]
L000735 | 
L000736-L000751 | [REDACTED: batch progress and internal diagnostics]
L000752 | [Epoch 27] [Time: 8.831873893737793]
L000753 | [Train Loss: 1.8483]
L000754 | [Train F1: 0.8331283995814361]
L000755 | [Train Acc: 0.8338749761039954]
L000756 | [Dev Loss: 3.8954]
L000757 | [Dev F1: 0.6521587544542782]
L000758 | [Dev Acc: 0.6528497409326425]
L000759 | 
L000760-L000775 | [REDACTED: batch progress and internal diagnostics]
L000776 | [Epoch 28] [Time: 8.139736652374268]
L000777 | [Train Loss: 1.8082]
L000778 | [Train F1: 0.8374577579432714]
L000779 | [Train Acc: 0.8384630089848977]
L000780 | [Dev Loss: 3.8411]
L000781 | [Dev F1: 0.652962888829831]
L000782 | [Dev Acc: 0.6528497409326425]
L000783 | 
L000784-L000799 | [REDACTED: batch progress and internal diagnostics]
L000800 | [Epoch 29] [Time: 8.230450868606567]
L000801 | [Train Loss: 1.7563]
L000802 | [Train F1: 0.838943055922594]
L000803 | [Train Acc: 0.839418849168419]
L000804 | [Dev Loss: 4.0311]
L000805 | [Dev F1: 0.6551781431235295]
L000806 | [Dev Acc: 0.6545768566493955]
L000807 | 
L000808-L000823 | [REDACTED: batch progress and internal diagnostics]
L000824 | [Epoch 30] [Time: 8.167937755584717]
L000825 | [Train Loss: 1.7242]
L000826 | [Train F1: 0.8502171010503561]
L000827 | [Train Acc: 0.8508889313706748]
L000828 | [Dev Loss: 4.0311]
L000829 | [Dev F1: 0.6553298678857233]
L000830 | [Dev Acc: 0.6580310880829016]
L000831 | 
L000832-L000847 | [REDACTED: batch progress and internal diagnostics]
L000848 | [Epoch 31] [Time: 8.284249782562256]
L000849 | [Train Loss: 1.6495]
L000850 | [Train F1: 0.8501287854337268]
L000851 | [Train Acc: 0.8506977633339705]
L000852 | [Dev Loss: 4.1123]
L000853 | [Dev F1: 0.658541766643472]
L000854 | [Dev Acc: 0.6580310880829016]
L000855 | 
L000856-L000871 | [REDACTED: batch progress and internal diagnostics]
L000872 | [Epoch 32] [Time: 8.52741527557373]
L000873 | [Train Loss: 1.6262]
L000874 | [Train F1: 0.8469135312066849]
L000875 | [Train Acc: 0.8480214108201108]
L000876 | [Dev Loss: 4.0714]
L000877 | [Dev F1: 0.6524258122631247]
L000878 | [Dev Acc: 0.6511226252158895]
L000879 | 
L000880-L000895 | [REDACTED: batch progress and internal diagnostics]
L000896 | [Epoch 33] [Time: 8.653481245040894]
L000897 | [Train Loss: 1.573]
L000898 | [Train F1: 0.8564248338299754]
L000899 | [Train Acc: 0.8571974765819155]
L000900 | [Dev Loss: 4.0782]
L000901 | [Dev F1: 0.6531455272700822]
L000902 | [Dev Acc: 0.6528497409326425]
L000903 | 
L000904-L000919 | [REDACTED: batch progress and internal diagnostics]
L000920 | [Epoch 34] [Time: 8.348264932632446]
L000921 | [Train Loss: 1.4763]
L000922 | [Train F1: 0.862576119555291]
L000923 | [Train Acc: 0.8631236857197476]
L000924 | [Dev Loss: 4.2113]
L000925 | [Dev F1: 0.6643243767651433]
L000926 | [Dev Acc: 0.6649395509499136]
L000927 | 
L000928-L000943 | [REDACTED: batch progress and internal diagnostics]
L000944 | [Epoch 35] [Time: 8.455895900726318]
L000945 | [Train Loss: 1.486]
L000946 | [Train F1: 0.8636945926410338]
L000947 | [Train Acc: 0.8642706939399732]
L000948 | [Dev Loss: 4.17]
L000949 | [Dev F1: 0.652198216597299]
L000950 | [Dev Acc: 0.6528497409326425]
L000951 | 
L000952-L000967 | [REDACTED: batch progress and internal diagnostics]
L000968 | [Epoch 36] [Time: 8.331804037094116]
L000969 | [Train Loss: 1.4634]
L000970 | [Train F1: 0.8679927096591366]
L000971 | [Train Acc: 0.8688587268208755]
L000972 | [Dev Loss: 4.4599]
L000973 | [Dev F1: 0.6518039459173944]
L000974 | [Dev Acc: 0.6511226252158895]
L000975 | 
L000976-L000991 | [REDACTED: batch progress and internal diagnostics]
L000992 | [Epoch 37] [Time: 8.316765308380127]
L000993 | [Train Loss: 1.4006]
L000994 | [Train F1: 0.8728160062288499]
L000995 | [Train Acc: 0.8736379277384821]
L000996 | [Dev Loss: 4.1447]
L000997 | [Dev F1: 0.654873780270078]
L000998 | [Dev Acc: 0.6545768566493955]
L000999 | 
L001000-L001015 | [REDACTED: batch progress and internal diagnostics]
L001016 | [Epoch 38] [Time: 7.915781497955322]
L001017 | [Train Loss: 1.418]
L001018 | [Train F1: 0.8694544467149093]
L001019 | [Train Acc: 0.8700057350411011]
L001020 | [Dev Loss: 4.6466]
L001021 | [Dev F1: 0.6318806291685921]
L001022 | [Dev Acc: 0.6338514680483592]
L001023 | 
L001024-L001039 | [REDACTED: batch progress and internal diagnostics]
L001040 | [Epoch 39] [Time: 8.242783546447754]
L001041 | [Train Loss: 1.3888]
L001042 | [Train F1: 0.8731827399646392]
L001043 | [Train Acc: 0.8738290957751864]
L001044 | [Dev Loss: 4.2994]
L001045 | [Dev F1: 0.6430966313261767]
L001046 | [Dev Acc: 0.6442141623488774]
L001047 | 
L001048-L001063 | [REDACTED: batch progress and internal diagnostics]
L001064 | [Epoch 40] [Time: 8.09250020980835]
L001065 | [Train Loss: 1.3135]
L001066 | [Train F1: 0.876397788993797]
L001067 | [Train Acc: 0.8770789523991589]
L001068 | [Dev Loss: 4.3946]
L001069 | [Dev F1: 0.6465579338443039]
L001070 | [Dev Acc: 0.6459412780656304]
L001071 | 
L001072-L001087 | [REDACTED: batch progress and internal diagnostics]
L001088 | [Epoch 41] [Time: 8.030405759811401]
L001089 | [Train Loss: 1.2884]
L001090 | [Train F1: 0.8782025418128075]
L001091 | [Train Acc: 0.8791818008029058]
L001092 | [Dev Loss: 4.2326]
L001093 | [Dev F1: 0.6587848437653598]
L001094 | [Dev Acc: 0.6580310880829016]
L001095 | 
L001096-L001111 | [REDACTED: batch progress and internal diagnostics]
L001112 | [Epoch 42] [Time: 8.036062002182007]
L001113 | [Train Loss: 1.2658]
L001114 | [Train F1: 0.8840630125113828]
L001115 | [Train Acc: 0.8845345058306251]
L001116 | [Dev Loss: 4.5111]
L001117 | [Dev F1: 0.6413987974415106]
L001118 | [Dev Acc: 0.6424870466321243]
L001119 | 
L001120-L001135 | [REDACTED: batch progress and internal diagnostics]
L001136 | [Epoch 43] [Time: 7.649100303649902]
L001137 | [Train Loss: 1.2568]
L001138 | [Train F1: 0.8822135346918989]
L001139 | [Train Acc: 0.8828139935002868]
L001140 | [Dev Loss: 4.3798]
L001141 | [Dev F1: 0.6398429608355909]
L001142 | [Dev Acc: 0.6407599309153713]
L001143 | 
L001144-L001159 | [REDACTED: batch progress and internal diagnostics]
L001160 | [Epoch 44] [Time: 8.1029634475708]
L001161 | [Train Loss: 1.2301]
L001162 | [Train F1: 0.8866405585163311]
L001163 | [Train Acc: 0.8872108583444848]
L001164 | [Dev Loss: 4.6931]
L001165 | [Dev F1: 0.6413501240275481]
L001166 | [Dev Acc: 0.6407599309153713]
L001167 | 
L001168-L001183 | [REDACTED: batch progress and internal diagnostics]
L001184 | [Epoch 45] [Time: 8.255616188049316]
L001185 | [Train Loss: 1.2232]
L001186 | [Train F1: 0.8860427427246342]
L001187 | [Train Acc: 0.8864461861976678]
L001188 | [Dev Loss: 4.396]
L001189 | [Dev F1: 0.6553308962795636]
L001190 | [Dev Acc: 0.6545768566493955]
L001191 | 
L001192-L001207 | [REDACTED: batch progress and internal diagnostics]
L001208 | [Epoch 46] [Time: 7.802591323852539]
L001209 | [Train Loss: 1.1706]
L001210 | [Train F1: 0.8921204974741944]
L001211 | [Train Acc: 0.8927547314089084]
L001212 | [Dev Loss: 4.6018]
L001213 | [Dev F1: 0.6309849588923742]
L001214 | [Dev Acc: 0.6303972366148531]
L001215 | Early stopping at epoch: 46
L001216 | Last model
L001217 |               precision    recall  f1-score   support
L001218 | 
L001219 |          hap     0.6333    0.3958    0.4872       144
L001220 |          sad     0.8280    0.8449    0.8364       245
L001221 |          neu     0.6197    0.7682    0.6860       384
L001222 |          ang     0.5473    0.6471    0.5930       170
L001223 |          exc     0.7336    0.7458    0.7396       299
L001224 |          fru     0.6722    0.5328    0.5944       381
L001225 | 
L001226 |     accuracy                         0.6747      1623
L001227 |    macro avg     0.6723    0.6558    0.6561      1623
L001228 | weighted avg     0.6781    0.6747    0.6697      1623
L001229 | 
L001230 | Best model at epoch: 21
L001231 | Best dev F1: 0.6649951673568483
L001232 |               precision    recall  f1-score   support
L001233 | 
L001234 |          hap     0.5922    0.4236    0.4939       144
L001235 |          sad     0.8367    0.8367    0.8367       245
L001236 |          neu     0.6421    0.7474    0.6907       384
L001237 |          ang     0.6000    0.6706    0.6333       170
L001238 |          exc     0.7059    0.7625    0.7331       299
L001239 |          fru     0.6952    0.5748    0.6293       381
L001240 | 
L001241 |     accuracy                         0.6864      1623
L001242 |    macro avg     0.6787    0.6693    0.6695      1623
L001243 | weighted avg     0.6869    0.6864    0.6827      1623
L001244 | 
L001245 | Best test F1: 0.682688763846233
L001246 | Best test Acc: 0.6863832409118915
L001247 | [SANITIZED] Saved checkpoint: [path and filename removed]
