# Redacted copy of an existing run log.
# run_id: G17-seed5
# dataset: IEMOCAP
# model: MM-DFN+AMBER
# imr: (0.7,0.3,0.5)
# seed_alias: seed5
# original_log_sha256: a75a1c6f5884ab3ff511fd6ccf02eebc41c7e38a3ffda5e8865947041310c9a1
# source_record_status: ok
# source_record_process_return_code: 3221226505
# L numbers refer to source logical lines; REDACTED/SANITIZED text is editorial.
L000001-L000076 | [REDACTED: configuration or implementation details]
L000077 | [SANITIZED] Seed alias: seed5
L000078 | 
L000079-L000080 | [REDACTED: batch progress and internal diagnostics]
L000081 | 
L000082-L000083 | [REDACTED: batch progress and internal diagnostics]
L000084 | 
L000085-L000086 | [REDACTED: batch progress and internal diagnostics]
L000087 | 
L000088-L000103 | [REDACTED: batch progress and internal diagnostics]
L000104 | [Epoch 0] [Time: 8.57631230354309]
L000105 | [Train Loss: 9.2574]
L000106 | [Train F1: 0.26614810214866147]
L000107 | [Train Acc: 0.29465678627145087]
L000108 | [Dev Loss: 8.24]
L000109 | [Dev F1: 0.31659200086661954]
L000110 | [Dev Acc: 0.35777126099706746]
L000111 | 
L000112-L000127 | [REDACTED: batch progress and internal diagnostics]
L000128 | [Epoch 1] [Time: 7.862443208694458]
L000129 | [Train Loss: 7.9056]
L000130 | [Train F1: 0.3976288531622365]
L000131 | [Train Acc: 0.4389625585023401]
L000132 | [Dev Loss: 7.441]
L000133 | [Dev F1: 0.2870334796797626]
L000134 | [Dev Acc: 0.3489736070381232]
L000135 | 
L000136-L000151 | [REDACTED: batch progress and internal diagnostics]
L000152 | [Epoch 2] [Time: 8.339421510696411]
L000153 | [Train Loss: 6.8701]
L000154 | [Train F1: 0.4659253434547825]
L000155 | [Train Acc: 0.5050702028081123]
L000156 | [Dev Loss: 6.6768]
L000157 | [Dev F1: 0.38472182379502334]
L000158 | [Dev Acc: 0.4120234604105572]
L000159 | 
L000160-L000175 | [REDACTED: batch progress and internal diagnostics]
L000176 | [Epoch 3] [Time: 7.474059820175171]
L000177 | [Train Loss: 6.095]
L000178 | [Train F1: 0.521552935397788]
L000179 | [Train Acc: 0.5429017160686428]
L000180 | [Dev Loss: 6.066]
L000181 | [Dev F1: 0.4867175018251183]
L000182 | [Dev Acc: 0.4970674486803519]
L000183 | 
L000184-L000199 | [REDACTED: batch progress and internal diagnostics]
L000200 | [Epoch 4] [Time: 7.801092624664307]
L000201 | [Train Loss: 5.5016]
L000202 | [Train F1: 0.5624523629216122]
L000203 | [Train Acc: 0.5752730109204368]
L000204 | [Dev Loss: 5.6446]
L000205 | [Dev F1: 0.5447262875266683]
L000206 | [Dev Acc: 0.5513196480938416]
L000207 | 
L000208-L000223 | [REDACTED: batch progress and internal diagnostics]
L000224 | [Epoch 5] [Time: 7.667330503463745]
L000225 | [Train Loss: 5.0978]
L000226 | [Train F1: 0.5787122370075719]
L000227 | [Train Acc: 0.5856084243369735]
L000228 | [Dev Loss: 5.3483]
L000229 | [Dev F1: 0.5670220023111799]
L000230 | [Dev Acc: 0.5733137829912024]
L000231 | 
L000232-L000247 | [REDACTED: batch progress and internal diagnostics]
L000248 | [Epoch 6] [Time: 7.566226482391357]
L000249 | [Train Loss: 4.7502]
L000250 | [Train F1: 0.6016328696010961]
L000251 | [Train Acc: 0.6062792511700468]
L000252 | [Dev Loss: 5.1021]
L000253 | [Dev F1: 0.5861223609405856]
L000254 | [Dev Acc: 0.5894428152492669]
L000255 | 
L000256-L000271 | [REDACTED: batch progress and internal diagnostics]
L000272 | [Epoch 7] [Time: 8.297023057937622]
L000273 | [Train Loss: 4.3587]
L000274 | [Train F1: 0.6312610492922275]
L000275 | [Train Acc: 0.6357254290171607]
L000276 | [Dev Loss: 4.9036]
L000277 | [Dev F1: 0.6018270026581856]
L000278 | [Dev Acc: 0.6055718475073314]
L000279 | 
L000280-L000295 | [REDACTED: batch progress and internal diagnostics]
L000296 | [Epoch 8] [Time: 8.187246799468994]
L000297 | [Train Loss: 4.1592]
L000298 | [Train F1: 0.6646897825612023]
L000299 | [Train Acc: 0.6686817472698908]
L000300 | [Dev Loss: 4.7412]
L000301 | [Dev F1: 0.6136824794695864]
L000302 | [Dev Acc: 0.6143695014662757]
L000303 | 
L000304-L000319 | [REDACTED: batch progress and internal diagnostics]
L000320 | [Epoch 9] [Time: 8.391588687896729]
L000321 | [Train Loss: 3.8894]
L000322 | [Train F1: 0.67864847303944]
L000323 | [Train Acc: 0.6817472698907956]
L000324 | [Dev Loss: 4.5674]
L000325 | [Dev F1: 0.6326659092728925]
L000326 | [Dev Acc: 0.6334310850439883]
L000327 | 
L000328-L000343 | [REDACTED: batch progress and internal diagnostics]
L000344 | [Epoch 10] [Time: 7.68664026260376]
L000345 | [Train Loss: 3.7088]
L000346 | [Train F1: 0.6863142125084071]
L000347 | [Train Acc: 0.6893525741029641]
L000348 | [Dev Loss: 4.4245]
L000349 | [Dev F1: 0.6378824023899515]
L000350 | [Dev Acc: 0.6392961876832844]
L000351 | 
L000352-L000367 | [REDACTED: batch progress and internal diagnostics]
L000368 | [Epoch 11] [Time: 8.40991735458374]
L000369 | [Train Loss: 3.5296]
L000370 | [Train F1: 0.7016107377930372]
L000371 | [Train Acc: 0.7037831513260531]
L000372 | [Dev Loss: 4.2769]
L000373 | [Dev F1: 0.6666539054096986]
L000374 | [Dev Acc: 0.6656891495601173]
L000375 | 
L000376-L000391 | [REDACTED: batch progress and internal diagnostics]
L000392 | [Epoch 12] [Time: 7.8728063106536865]
L000393 | [Train Loss: 3.373]
L000394 | [Train F1: 0.7123988916234396]
L000395 | [Train Acc: 0.7162636505460218]
L000396 | [Dev Loss: 4.3008]
L000397 | [Dev F1: 0.6522935965465996]
L000398 | [Dev Acc: 0.6510263929618768]
L000399 | 
L000400-L000415 | [REDACTED: batch progress and internal diagnostics]
L000416 | [Epoch 13] [Time: 8.540355205535889]
L000417 | [Train Loss: 3.1828]
L000418 | [Train F1: 0.7343694001618626]
L000419 | [Train Acc: 0.7357644305772231]
L000420 | [Dev Loss: 4.1823]
L000421 | [Dev F1: 0.6655890097505854]
L000422 | [Dev Acc: 0.6642228739002932]
L000423 | 
L000424-L000439 | [REDACTED: batch progress and internal diagnostics]
L000440 | [Epoch 14] [Time: 8.333751201629639]
L000441 | [Train Loss: 3.1024]
L000442 | [Train F1: 0.7325183851428934]
L000443 | [Train Acc: 0.734789391575663]
L000444 | [Dev Loss: 4.2288]
L000445 | [Dev F1: 0.6513062060146362]
L000446 | [Dev Acc: 0.6495601173020528]
L000447 | 
L000448-L000463 | [REDACTED: batch progress and internal diagnostics]
L000464 | [Epoch 15] [Time: 8.10153079032898]
L000465 | [Train Loss: 2.9779]
L000466 | [Train F1: 0.7566155569148825]
L000467 | [Train Acc: 0.7576053042121685]
L000468 | [Dev Loss: 4.101]
L000469 | [Dev F1: 0.674485647913447]
L000470 | [Dev Acc: 0.6730205278592375]
L000471 | 
L000472-L000487 | [REDACTED: batch progress and internal diagnostics]
L000488 | [Epoch 16] [Time: 7.9759438037872314]
L000489 | [Train Loss: 2.9221]
L000490 | [Train F1: 0.748872560528219]
L000491 | [Train Acc: 0.750390015600624]
L000492 | [Dev Loss: 4.1536]
L000493 | [Dev F1: 0.6577764798795033]
L000494 | [Dev Acc: 0.655425219941349]
L000495 | 
L000496-L000511 | [REDACTED: batch progress and internal diagnostics]
L000512 | [Epoch 17] [Time: 8.063881635665894]
L000513 | [Train Loss: 2.7694]
L000514 | [Train F1: 0.7729964787990127]
L000515 | [Train Acc: 0.7745709828393136]
L000516 | [Dev Loss: 4.0706]
L000517 | [Dev F1: 0.6677008215115452]
L000518 | [Dev Acc: 0.6656891495601173]
L000519 | 
L000520-L000535 | [REDACTED: batch progress and internal diagnostics]
L000536 | [Epoch 18] [Time: 7.946124792098999]
L000537 | [Train Loss: 2.6837]
L000538 | [Train F1: 0.7762975801682943]
L000539 | [Train Acc: 0.7774960998439937]
L000540 | [Dev Loss: 4.1075]
L000541 | [Dev F1: 0.669720784957654]
L000542 | [Dev Acc: 0.6671554252199413]
L000543 | 
L000544-L000559 | [REDACTED: batch progress and internal diagnostics]
L000560 | [Epoch 19] [Time: 7.99701452255249]
L000561 | [Train Loss: 2.5576]
L000562 | [Train F1: 0.7805938325347872]
L000563 | [Train Acc: 0.78198127925117]
L000564 | [Dev Loss: 4.1416]
L000565 | [Dev F1: 0.6566073604192614]
L000566 | [Dev Acc: 0.6539589442815249]
L000567 | 
L000568-L000583 | [REDACTED: batch progress and internal diagnostics]
L000584 | [Epoch 20] [Time: 8.593423128128052]
L000585 | [Train Loss: 2.4357]
L000586 | [Train F1: 0.7941653755046669]
L000587 | [Train Acc: 0.7952418096723869]
L000588 | [Dev Loss: 4.1096]
L000589 | [Dev F1: 0.6549295497408648]
L000590 | [Dev Acc: 0.6524926686217009]
L000591 | 
L000592-L000607 | [REDACTED: batch progress and internal diagnostics]
L000608 | [Epoch 21] [Time: 8.30562138557434]
L000609 | [Train Loss: 2.3915]
L000610 | [Train F1: 0.7986959590098524]
L000611 | [Train Acc: 0.7999219968798752]
L000612 | [Dev Loss: 4.1462]
L000613 | [Dev F1: 0.6637137274198162]
L000614 | [Dev Acc: 0.6612903225806451]
L000615 | 
L000616-L000631 | [REDACTED: batch progress and internal diagnostics]
L000632 | [Epoch 22] [Time: 8.238612651824951]
L000633 | [Train Loss: 2.2815]
L000634 | [Train F1: 0.8039457533406463]
L000635 | [Train Acc: 0.8053822152886115]
L000636 | [Dev Loss: 4.1038]
L000637 | [Dev F1: 0.6623623675050188]
L000638 | [Dev Acc: 0.6598240469208211]
L000639 | 
L000640-L000655 | [REDACTED: batch progress and internal diagnostics]
L000656 | [Epoch 23] [Time: 8.423389673233032]
L000657 | [Train Loss: 2.2237]
L000658 | [Train F1: 0.8130759908278324]
L000659 | [Train Acc: 0.8141575663026521]
L000660 | [Dev Loss: 4.1368]
L000661 | [Dev F1: 0.6688469100067506]
L000662 | [Dev Acc: 0.6656891495601173]
L000663 | 
L000664-L000679 | [REDACTED: batch progress and internal diagnostics]
L000680 | [Epoch 24] [Time: 7.788137912750244]
L000681 | [Train Loss: 2.1379]
L000682 | [Train F1: 0.8160754901354478]
L000683 | [Train Acc: 0.8170826833073322]
L000684 | [Dev Loss: 4.1587]
L000685 | [Dev F1: 0.6624848530730448]
L000686 | [Dev Acc: 0.6612903225806451]
L000687 | 
L000688-L000703 | [REDACTED: batch progress and internal diagnostics]
L000704 | [Epoch 25] [Time: 8.043946027755737]
L000705 | [Train Loss: 2.0857]
L000706 | [Train F1: 0.816429458056155]
L000707 | [Train Acc: 0.8172776911076443]
L000708 | [Dev Loss: 4.2746]
L000709 | [Dev F1: 0.6545040645288771]
L000710 | [Dev Acc: 0.6524926686217009]
L000711 | 
L000712-L000727 | [REDACTED: batch progress and internal diagnostics]
L000728 | [Epoch 26] [Time: 8.488094091415405]
L000729 | [Train Loss: 2.0054]
L000730 | [Train F1: 0.8206684730671696]
L000731 | [Train Acc: 0.8219578783151326]
L000732 | [Dev Loss: 4.1651]
L000733 | [Dev F1: 0.6512106573455662]
L000734 | [Dev Acc: 0.6495601173020528]
L000735 | 
L000736-L000751 | [REDACTED: batch progress and internal diagnostics]
L000752 | [Epoch 27] [Time: 8.146278619766235]
L000753 | [Train Loss: 1.9313]
L000754 | [Train F1: 0.8320201913791021]
L000755 | [Train Acc: 0.8328783151326054]
L000756 | [Dev Loss: 4.144]
L000757 | [Dev F1: 0.670156721318635]
L000758 | [Dev Acc: 0.6686217008797654]
L000759 | 
L000760-L000775 | [REDACTED: batch progress and internal diagnostics]
L000776 | [Epoch 28] [Time: 8.424086570739746]
L000777 | [Train Loss: 1.9444]
L000778 | [Train F1: 0.8346655936138869]
L000779 | [Train Acc: 0.8352184087363494]
L000780 | [Dev Loss: 4.2862]
L000781 | [Dev F1: 0.6605784471381012]
L000782 | [Dev Acc: 0.656891495601173]
L000783 | 
L000784-L000799 | [REDACTED: batch progress and internal diagnostics]
L000800 | [Epoch 29] [Time: 8.14616084098816]
L000801 | [Train Loss: 1.8109]
L000802 | [Train F1: 0.8410136806375639]
L000803 | [Train Acc: 0.8422386895475819]
L000804 | [Dev Loss: 4.2024]
L000805 | [Dev F1: 0.6783671254624131]
L000806 | [Dev Acc: 0.6759530791788856]
L000807 | 
L000808-L000823 | [REDACTED: batch progress and internal diagnostics]
L000824 | [Epoch 30] [Time: 8.068683624267578]
L000825 | [Train Loss: 1.75]
L000826 | [Train F1: 0.8477607173960177]
L000827 | [Train Acc: 0.8486739469578783]
L000828 | [Dev Loss: 4.3359]
L000829 | [Dev F1: 0.6500522416036448]
L000830 | [Dev Acc: 0.6480938416422287]
L000831 | 
L000832-L000847 | [REDACTED: batch progress and internal diagnostics]
L000848 | [Epoch 31] [Time: 8.036577463150024]
L000849 | [Train Loss: 1.7269]
L000850 | [Train F1: 0.8442505626380353]
L000851 | [Train Acc: 0.8447737909516381]
L000852 | [Dev Loss: 4.186]
L000853 | [Dev F1: 0.6691344997647128]
L000854 | [Dev Acc: 0.6671554252199413]
L000855 | 
L000856-L000871 | [REDACTED: batch progress and internal diagnostics]
L000872 | [Epoch 32] [Time: 8.788363933563232]
L000873 | [Train Loss: 1.6932]
L000874 | [Train F1: 0.8493164728736161]
L000875 | [Train Acc: 0.8502340093603744]
L000876 | [Dev Loss: 4.5077]
L000877 | [Dev F1: 0.6486049413211592]
L000878 | [Dev Acc: 0.6466275659824047]
L000879 | 
L000880-L000895 | [REDACTED: batch progress and internal diagnostics]
L000896 | [Epoch 33] [Time: 8.466902494430542]
L000897 | [Train Loss: 1.6862]
L000898 | [Train F1: 0.84622088330087]
L000899 | [Train Acc: 0.8473088923556942]
L000900 | [Dev Loss: 4.3111]
L000901 | [Dev F1: 0.6670183573662408]
L000902 | [Dev Acc: 0.6642228739002932]
L000903 | 
L000904-L000919 | [REDACTED: batch progress and internal diagnostics]
L000920 | [Epoch 34] [Time: 7.753062963485718]
L000921 | [Train Loss: 1.6513]
L000922 | [Train F1: 0.854123798486303]
L000923 | [Train Acc: 0.8545241809672387]
L000924 | [Dev Loss: 4.4195]
L000925 | [Dev F1: 0.6689383497212209]
L000926 | [Dev Acc: 0.6671554252199413]
L000927 | 
L000928-L000943 | [REDACTED: batch progress and internal diagnostics]
L000944 | [Epoch 35] [Time: 7.925861120223999]
L000945 | [Train Loss: 1.6124]
L000946 | [Train F1: 0.8555509500987801]
L000947 | [Train Acc: 0.8560842433697348]
L000948 | [Dev Loss: 4.4513]
L000949 | [Dev F1: 0.651927116017519]
L000950 | [Dev Acc: 0.6480938416422287]
L000951 | 
L000952-L000967 | [REDACTED: batch progress and internal diagnostics]
L000968 | [Epoch 36] [Time: 7.417972803115845]
L000969 | [Train Loss: 1.6293]
L000970 | [Train F1: 0.8496255403671974]
L000971 | [Train Acc: 0.8502340093603744]
L000972 | [Dev Loss: 4.4648]
L000973 | [Dev F1: 0.6697109407519422]
L000974 | [Dev Acc: 0.6671554252199413]
L000975 | 
L000976-L000991 | [REDACTED: batch progress and internal diagnostics]
L000992 | [Epoch 37] [Time: 8.072918891906738]
L000993 | [Train Loss: 1.5051]
L000994 | [Train F1: 0.8665250438364577]
L000995 | [Train Acc: 0.8673946957878315]
L000996 | [Dev Loss: 4.407]
L000997 | [Dev F1: 0.6442127263963553]
L000998 | [Dev Acc: 0.6451612903225806]
L000999 | 
L001000-L001015 | [REDACTED: batch progress and internal diagnostics]
L001016 | [Epoch 38] [Time: 7.3378050327301025]
L001017 | [Train Loss: 1.5283]
L001018 | [Train F1: 0.8587715952049206]
L001019 | [Train Acc: 0.859399375975039]
L001020 | [Dev Loss: 4.4945]
L001021 | [Dev F1: 0.668669203890362]
L001022 | [Dev Acc: 0.6656891495601173]
L001023 | 
L001024-L001039 | [REDACTED: batch progress and internal diagnostics]
L001040 | [Epoch 39] [Time: 8.001707553863525]
L001041 | [Train Loss: 1.4933]
L001042 | [Train F1: 0.8643690914035386]
L001043 | [Train Acc: 0.8650546021840874]
L001044 | [Dev Loss: 4.4123]
L001045 | [Dev F1: 0.6507196032292726]
L001046 | [Dev Acc: 0.6495601173020528]
L001047 | 
L001048-L001063 | [REDACTED: batch progress and internal diagnostics]
L001064 | [Epoch 40] [Time: 8.200859308242798]
L001065 | [Train Loss: 1.4547]
L001066 | [Train F1: 0.8669718645373169]
L001067 | [Train Acc: 0.8673946957878315]
L001068 | [Dev Loss: 4.6273]
L001069 | [Dev F1: 0.6654785581725691]
L001070 | [Dev Acc: 0.6642228739002932]
L001071 | 
L001072-L001087 | [REDACTED: batch progress and internal diagnostics]
L001088 | [Epoch 41] [Time: 8.029280662536621]
L001089 | [Train Loss: 1.4484]
L001090 | [Train F1: 0.8660617756326503]
L001091 | [Train Acc: 0.8671996879875195]
L001092 | [Dev Loss: 4.6055]
L001093 | [Dev F1: 0.647832354462399]
L001094 | [Dev Acc: 0.6451612903225806]
L001095 | 
L001096-L001111 | [REDACTED: batch progress and internal diagnostics]
L001112 | [Epoch 42] [Time: 8.09133768081665]
L001113 | [Train Loss: 1.4505]
L001114 | [Train F1: 0.8693603599837568]
L001115 | [Train Acc: 0.8693447737909517]
L001116 | [Dev Loss: 4.6117]
L001117 | [Dev F1: 0.6415337137873206]
L001118 | [Dev Acc: 0.6392961876832844]
L001119 | 
L001120-L001135 | [REDACTED: batch progress and internal diagnostics]
L001136 | [Epoch 43] [Time: 7.7737390995025635]
L001137 | [Train Loss: 1.3814]
L001138 | [Train F1: 0.876334021021098]
L001139 | [Train Acc: 0.8769500780031201]
L001140 | [Dev Loss: 4.4768]
L001141 | [Dev F1: 0.6587604795792545]
L001142 | [Dev Acc: 0.655425219941349]
L001143 | 
L001144-L001159 | [REDACTED: batch progress and internal diagnostics]
L001160 | [Epoch 44] [Time: 8.622398853302002]
L001161 | [Train Loss: 1.3404]
L001162 | [Train F1: 0.8768757224051962]
L001163 | [Train Acc: 0.8777301092043682]
L001164 | [Dev Loss: 4.6072]
L001165 | [Dev F1: 0.6501171574348426]
L001166 | [Dev Acc: 0.6495601173020528]
L001167 | 
L001168-L001183 | [REDACTED: batch progress and internal diagnostics]
L001184 | [Epoch 45] [Time: 7.9842023849487305]
L001185 | [Train Loss: 1.2973]
L001186 | [Train F1: 0.879172928029843]
L001187 | [Train Acc: 0.8798751950078003]
L001188 | [Dev Loss: 4.6154]
L001189 | [Dev F1: 0.6442770549793877]
L001190 | [Dev Acc: 0.6422287390029325]
L001191 | 
L001192-L001207 | [REDACTED: batch progress and internal diagnostics]
L001208 | [Epoch 46] [Time: 8.200705289840698]
L001209 | [Train Loss: 1.2729]
L001210 | [Train F1: 0.8774885509822794]
L001211 | [Train Acc: 0.8779251170046802]
L001212 | [Dev Loss: 4.8011]
L001213 | [Dev F1: 0.6684906293539911]
L001214 | [Dev Acc: 0.6671554252199413]
L001215 | 
L001216-L001231 | [REDACTED: batch progress and internal diagnostics]
L001232 | [Epoch 47] [Time: 8.474832534790039]
L001233 | [Train Loss: 1.2553]
L001234 | [Train F1: 0.8803342300953645]
L001235 | [Train Acc: 0.8808502340093604]
L001236 | [Dev Loss: 4.7005]
L001237 | [Dev F1: 0.6323518077679522]
L001238 | [Dev Acc: 0.6304985337243402]
L001239 | 
L001240-L001255 | [REDACTED: batch progress and internal diagnostics]
L001256 | [Epoch 48] [Time: 8.08407711982727]
L001257 | [Train Loss: 1.2471]
L001258 | [Train F1: 0.8842894731800417]
L001259 | [Train Acc: 0.8847503900156006]
L001260 | [Dev Loss: 4.7474]
L001261 | [Dev F1: 0.6572528043447659]
L001262 | [Dev Acc: 0.655425219941349]
L001263 | 
L001264-L001279 | [REDACTED: batch progress and internal diagnostics]
L001280 | [Epoch 49] [Time: 8.111426830291748]
L001281 | [Train Loss: 1.2125]
L001282 | [Train F1: 0.8881068907065318]
L001283 | [Train Acc: 0.8884555382215289]
L001284 | [Dev Loss: 4.9109]
L001285 | [Dev F1: 0.6209904935772504]
L001286 | [Dev Acc: 0.6202346041055719]
L001287 | 
L001288-L001303 | [REDACTED: batch progress and internal diagnostics]
L001304 | [Epoch 50] [Time: 8.0488440990448]
L001305 | [Train Loss: 1.194]
L001306 | [Train F1: 0.8883978436555855]
L001307 | [Train Acc: 0.8888455538221529]
L001308 | [Dev Loss: 4.8533]
L001309 | [Dev F1: 0.6526528347185853]
L001310 | [Dev Acc: 0.6510263929618768]
L001311 | 
L001312-L001327 | [REDACTED: batch progress and internal diagnostics]
L001328 | [Epoch 51] [Time: 7.813608407974243]
L001329 | [Train Loss: 1.1587]
L001330 | [Train F1: 0.8925433387059394]
L001331 | [Train Acc: 0.8931357254290172]
L001332 | [Dev Loss: 4.8236]
L001333 | [Dev F1: 0.6468553082043321]
L001334 | [Dev Acc: 0.6451612903225806]
L001335 | 
L001336-L001351 | [REDACTED: batch progress and internal diagnostics]
L001352 | [Epoch 52] [Time: 8.225879669189453]
L001353 | [Train Loss: 1.1111]
L001354 | [Train F1: 0.8976469208442878]
L001355 | [Train Acc: 0.8982059282371295]
L001356 | [Dev Loss: 4.9186]
L001357 | [Dev F1: 0.6421319736885805]
L001358 | [Dev Acc: 0.6407624633431085]
L001359 | 
L001360-L001375 | [REDACTED: batch progress and internal diagnostics]
L001376 | [Epoch 53] [Time: 8.328858613967896]
L001377 | [Train Loss: 1.1266]
L001378 | [Train F1: 0.8959727083147804]
L001379 | [Train Acc: 0.8966458658346333]
L001380 | [Dev Loss: 4.7271]
L001381 | [Dev F1: 0.6608490510274807]
L001382 | [Dev Acc: 0.6598240469208211]
L001383 | 
L001384-L001399 | [REDACTED: batch progress and internal diagnostics]
L001400 | [Epoch 54] [Time: 7.8645007610321045]
L001401 | [Train Loss: 1.0775]
L001402 | [Train F1: 0.89932519236642]
L001403 | [Train Acc: 0.8993759750390016]
L001404 | [Dev Loss: 5.0907]
L001405 | [Dev F1: 0.6263847716627556]
L001406 | [Dev Acc: 0.626099706744868]
L001407 | Early stopping at epoch: 54
L001408 | Last model
L001409 |               precision    recall  f1-score   support
L001410 | 
L001411 |          hap     0.6462    0.2917    0.4019       144
L001412 |          sad     0.8140    0.8571    0.8350       245
L001413 |          neu     0.6050    0.7578    0.6728       384
L001414 |          ang     0.6066    0.6529    0.6289       170
L001415 |          exc     0.7161    0.7592    0.7370       299
L001416 |          fru     0.6614    0.5538    0.6029       381
L001417 | 
L001418 |     accuracy                         0.6728      1623
L001419 |    macro avg     0.6749    0.6454    0.6464      1623
L001420 | weighted avg     0.6741    0.6728    0.6641      1623
L001421 | 
L001422 | Best model at epoch: 29
L001423 | Best dev F1: 0.6783671254624131
L001424 |               precision    recall  f1-score   support
L001425 | 
L001426 |          hap     0.5289    0.4444    0.4830       144
L001427 |          sad     0.8235    0.8000    0.8116       245
L001428 |          neu     0.6036    0.7812    0.6810       384
L001429 |          ang     0.6328    0.6588    0.6455       170
L001430 |          exc     0.7344    0.7492    0.7417       299
L001431 |          fru     0.6842    0.5118    0.5856       381
L001432 | 
L001433 |     accuracy                         0.6722      1623
L001434 |    macro avg     0.6679    0.6576    0.6581      1623
L001435 | weighted avg     0.6763    0.6722    0.6682      1623
L001436 | 
L001437 | Best test F1: 0.668231590947111
L001438 | Best test Acc: 0.6722119531731362
L001439 | [SANITIZED] Saved checkpoint: [path and filename removed]
