# Redacted copy of an existing run log.
# run_id: G31-seed2
# dataset: CMU-MOSEI
# model: MM-DFN+AMBER
# imr: (0.3,0.5,0.7)
# seed_alias: seed2
# original_log_sha256: 3f6bf61b75d7a3cb7f0450d226c0c0c18160a0b55c001a6171280af341d49661
# source_record_status: ok
# source_record_process_return_code: 3221226505
# L numbers refer to source logical lines; REDACTED/SANITIZED text is editorial.
L000001-L000076 | [REDACTED: configuration or implementation details]
L000077 | [SANITIZED] Seed alias: seed2
L000078 | 
L000079-L000080 | [REDACTED: batch progress and internal diagnostics]
L000081 | 
L000082-L000083 | [REDACTED: batch progress and internal diagnostics]
L000084 | 
L000085-L000086 | [REDACTED: batch progress and internal diagnostics]
L000087 | 
L000088-L000371 | [REDACTED: batch progress and internal diagnostics]
L000372 | [Epoch 0] [Time: 71.53671836853027]
L000373 | [Train Loss: 1.0401]
L000374 | [Train F1: 0.7137543163444918]
L000375 | [Train Acc: 0.7142968872203973]
L000376 | [Dev Loss: 0.6951]
L000377 | [Dev F1: 0.796962619798914]
L000378 | [Dev Acc: 0.7934631432545202]
L000379 | 
L000380-L000663 | [REDACTED: batch progress and internal diagnostics]
L000664 | [Epoch 1] [Time: 71.06813669204712]
L000665 | [Train Loss: 0.7993]
L000666 | [Train F1: 0.793967465110179]
L000667 | [Train Acc: 0.7943062724855311]
L000668 | [Dev Loss: 0.6155]
L000669 | [Dev F1: 0.7975988777815782]
L000670 | [Dev Acc: 0.805980528511822]
L000671 | 
L000672-L000955 | [REDACTED: batch progress and internal diagnostics]
L000956 | [Epoch 2] [Time: 61.21275067329407]
L000957 | [Train Loss: 0.7298]
L000958 | [Train F1: 0.807876611499439]
L000959 | [Train Acc: 0.8101048021273267]
L000960 | [Dev Loss: 0.6023]
L000961 | [Dev F1: 0.807108587200446]
L000962 | [Dev Acc: 0.8164116828929068]
L000963 | 
L000964-L001247 | [REDACTED: batch progress and internal diagnostics]
L001248 | [Epoch 3] [Time: 41.78039598464966]
L001249 | [Train Loss: 0.6877]
L001250 | [Train F1: 0.8221359081526166]
L001251 | [Train Acc: 0.8231659627717817]
L001252 | [Dev Loss: 0.6102]
L001253 | [Dev F1: 0.8077530558032763]
L001254 | [Dev Acc: 0.8073713490959666]
L001255 | 
L001256-L001539 | [REDACTED: batch progress and internal diagnostics]
L001540 | [Epoch 4] [Time: 41.331082344055176]
L001541 | [Train Loss: 0.6468]
L001542 | [Train F1: 0.8252994792608909]
L001543 | [Train Acc: 0.826607226654153]
L001544 | [Dev Loss: 0.5815]
L001545 | [Dev F1: 0.8171858209739912]
L001546 | [Dev Acc: 0.8198887343532685]
L001547 | 
L001548-L001831 | [REDACTED: batch progress and internal diagnostics]
L001832 | [Epoch 5] [Time: 41.48328924179077]
L001833 | [Train Loss: 0.6334]
L001834 | [Train F1: 0.8292340134785359]
L001835 | [Train Acc: 0.8307523854215548]
L001836 | [Dev Loss: 0.5792]
L001837 | [Dev F1: 0.81595883003838]
L001838 | [Dev Acc: 0.8233657858136301]
L001839 | 
L001840-L002123 | [REDACTED: batch progress and internal diagnostics]
L002124 | [Epoch 6] [Time: 41.488521337509155]
L002125 | [Train Loss: 0.6151]
L002126 | [Train F1: 0.8351954699805424]
L002127 | [Train Acc: 0.8366963866729236]
L002128 | [Dev Loss: 0.5758]
L002129 | [Dev F1: 0.8167303724721827]
L002130 | [Dev Acc: 0.8226703755215578]
L002131 | 
L002132-L002415 | [REDACTED: batch progress and internal diagnostics]
L002416 | [Epoch 7] [Time: 41.59555387496948]
L002417 | [Train Loss: 0.586]
L002418 | [Train F1: 0.8394576561017353]
L002419 | [Train Acc: 0.8409197559831065]
L002420 | [Dev Loss: 0.5923]
L002421 | [Dev F1: 0.8222894279768402]
L002422 | [Dev Acc: 0.8219749652294854]
L002423 | 
L002424-L002707 | [REDACTED: batch progress and internal diagnostics]
L002708 | [Epoch 8] [Time: 41.483994007110596]
L002709 | [Train Loss: 0.564]
L002710 | [Train F1: 0.8408345813309331]
L002711 | [Train Acc: 0.842092914124824]
L002712 | [Dev Loss: 0.5969]
L002713 | [Dev F1: 0.8161926678224578]
L002714 | [Dev Acc: 0.8247566063977747]
L002715 | 
L002716-L002999 | [REDACTED: batch progress and internal diagnostics]
L003000 | [Epoch 9] [Time: 47.34960651397705]
L003001 | [Train Loss: 0.5469]
L003002 | [Train F1: 0.8483881730596151]
L003003 | [Train Acc: 0.8496793367745972]
L003004 | [Dev Loss: 0.5873]
L003005 | [Dev F1: 0.8130672067279929]
L003006 | [Dev Acc: 0.8191933240611962]
L003007 | 
L003008-L003291 | [REDACTED: batch progress and internal diagnostics]
L003292 | [Epoch 10] [Time: 65.58495354652405]
L003293 | [Train Loss: 0.522]
L003294 | [Train F1: 0.85216384307176]
L003295 | [Train Acc: 0.8530423901141874]
L003296 | [Dev Loss: 0.6083]
L003297 | [Dev F1: 0.809514248000752]
L003298 | [Dev Acc: 0.8171070931849791]
L003299 | 
L003300-L003583 | [REDACTED: batch progress and internal diagnostics]
L003584 | [Epoch 11] [Time: 64.71689510345459]
L003585 | [Train Loss: 0.4992]
L003586 | [Train F1: 0.8597076938377448]
L003587 | [Train Acc: 0.860394181135617]
L003588 | [Dev Loss: 0.597]
L003589 | [Dev F1: 0.8089562439809824]
L003590 | [Dev Acc: 0.8136300417246175]
L003591 | 
L003592-L003875 | [REDACTED: batch progress and internal diagnostics]
L003876 | [Epoch 12] [Time: 66.43147873878479]
L003877 | [Train Loss: 0.4852]
L003878 | [Train F1: 0.8651420536859884]
L003879 | [Train Acc: 0.8658689191302987]
L003880 | [Dev Loss: 0.6115]
L003881 | [Dev F1: 0.8203900619663756]
L003882 | [Dev Acc: 0.825452016689847]
L003883 | 
L003884-L004167 | [REDACTED: batch progress and internal diagnostics]
L004168 | [Epoch 13] [Time: 65.09678983688354]
L004169 | [Train Loss: 0.4645]
L004170 | [Train F1: 0.8639383132238007]
L004171 | [Train Acc: 0.8646175504458001]
L004172 | [Dev Loss: 0.6337]
L004173 | [Dev F1: 0.803154319108804]
L004174 | [Dev Acc: 0.8031988873435327]
L004175 | 
L004176-L004459 | [REDACTED: batch progress and internal diagnostics]
L004460 | [Epoch 14] [Time: 66.528733253479]
L004461 | [Train Loss: 0.4471]
L004462 | [Train F1: 0.8711350918198018]
L004463 | [Train Acc: 0.8718911309244486]
L004464 | [Dev Loss: 0.6067]
L004465 | [Dev F1: 0.8133440208658288]
L004466 | [Dev Acc: 0.8191933240611962]
L004467 | 
L004468-L004751 | [REDACTED: batch progress and internal diagnostics]
L004752 | [Epoch 15] [Time: 65.34634757041931]
L004753 | [Train Loss: 0.431]
L004754 | [Train F1: 0.8759998200589332]
L004755 | [Train Acc: 0.8766619740340998]
L004756 | [Dev Loss: 0.6058]
L004757 | [Dev F1: 0.8165755776091225]
L004758 | [Dev Acc: 0.8205841446453408]
L004759 | 
L004760-L005043 | [REDACTED: batch progress and internal diagnostics]
L005044 | [Epoch 16] [Time: 65.22225952148438]
L005045 | [Train Loss: 0.4152]
L005046 | [Train F1: 0.8767711236999771]
L005047 | [Train Acc: 0.8772094478335679]
L005048 | [Dev Loss: 0.6159]
L005049 | [Dev F1: 0.8089562439809824]
L005050 | [Dev Acc: 0.8136300417246175]
L005051 | 
L005052-L005335 | [REDACTED: batch progress and internal diagnostics]
L005336 | [Epoch 17] [Time: 65.59810543060303]
L005337 | [Train Loss: 0.4071]
L005338 | [Train F1: 0.8812777405744405]
L005339 | [Train Acc: 0.8817456593148757]
L005340 | [Dev Loss: 0.6702]
L005341 | [Dev F1: 0.8090658429770089]
L005342 | [Dev Acc: 0.8129346314325452]
L005343 | Early stopping at epoch: 17
L005344 | Last model
L005345 |               precision    recall  f1-score   support
L005346 | 
L005347 |     Negative     0.7946    0.7133    0.7518      1350
L005348 |     Positive     0.8402    0.8910    0.8649      2284
L005349 | 
L005350 |     accuracy                         0.8250      3634
L005351 |    macro avg     0.8174    0.8022    0.8083      3634
L005352 | weighted avg     0.8233    0.8250    0.8228      3634
L005353 | 
L005354 | Best model at epoch: 7
L005355 | Best dev F1: 0.8222894279768402
L005356 |               precision    recall  f1-score   support
L005357 | 
L005358 |     Negative     0.7595    0.7719    0.7656      1350
L005359 |     Positive     0.8638    0.8555    0.8597      2284
L005360 | 
L005361 |     accuracy                         0.8244      3634
L005362 |    macro avg     0.8117    0.8137    0.8126      3634
L005363 | weighted avg     0.8251    0.8244    0.8247      3634
L005364 | 
L005365 | Best test F1: 0.8247205494052804
L005366 | Best test Acc: 0.8244358833241607
L005367 | [SANITIZED] Saved checkpoint: [path and filename removed]
