# Redacted copy of an existing run log.
# run_id: G08-seed4
# dataset: IEMOCAP
# model: MMGCN+AMBER
# imr: (0.3,0.7,0.5)
# seed_alias: seed4
# original_log_sha256: 55f9c1b5da413b838655476af9fbf0b408ec81c55623f1ed48733cee3afc8728
# source_record_status: ok
# source_record_process_return_code: 3221226505
# L numbers refer to source logical lines; REDACTED/SANITIZED text is editorial.
L000001-L000065 | [REDACTED: configuration or implementation details]
L000066 | [SANITIZED] Seed alias: seed4
L000067 | 
L000068-L000069 | [REDACTED: batch progress and internal diagnostics]
L000070 | 
L000071-L000072 | [REDACTED: batch progress and internal diagnostics]
L000073 | 
L000074-L000075 | [REDACTED: batch progress and internal diagnostics]
L000076 | 
L000077-L000092 | [REDACTED: batch progress and internal diagnostics]
L000093 | [Epoch 0] [Time: 2.657231092453003]
L000094 | [Train Loss: 1.883]
L000095 | [Train F1: 0.193353667887507]
L000096 | [Train Acc: 0.1967119097686867]
L000097 | [Dev Loss: 1.6881]
L000098 | [Dev F1: 0.299744768687108]
L000099 | [Dev Acc: 0.29015544041450775]
L000100 | 
L000101-L000116 | [REDACTED: batch progress and internal diagnostics]
L000117 | [Epoch 1] [Time: 2.127924919128418]
L000118 | [Train Loss: 1.6947]
L000119 | [Train F1: 0.2751231095340543]
L000120 | [Train Acc: 0.28847256738673294]
L000121 | [Dev Loss: 1.5371]
L000122 | [Dev F1: 0.3201823950612428]
L000123 | [Dev Acc: 0.3177892918825561]
L000124 | 
L000125-L000140 | [REDACTED: batch progress and internal diagnostics]
L000141 | [Epoch 2] [Time: 2.137120485305786]
L000142 | [Train Loss: 1.5864]
L000143 | [Train F1: 0.31615492521738764]
L000144 | [Train Acc: 0.3416172815905181]
L000145 | [Dev Loss: 1.462]
L000146 | [Dev F1: 0.3954921760532107]
L000147 | [Dev Acc: 0.39378238341968913]
L000148 | 
L000149-L000164 | [REDACTED: batch progress and internal diagnostics]
L000165 | [Epoch 3] [Time: 2.1940982341766357]
L000166 | [Train Loss: 1.514]
L000167 | [Train F1: 0.3676109604692386]
L000168 | [Train Acc: 0.3840565857388645]
L000169 | [Dev Loss: 1.3905]
L000170 | [Dev F1: 0.4407953639684774]
L000171 | [Dev Acc: 0.4438687392055268]
L000172 | 
L000173-L000188 | [REDACTED: batch progress and internal diagnostics]
L000189 | [Epoch 4] [Time: 2.102719783782959]
L000190 | [Train Loss: 1.4461]
L000191 | [Train F1: 0.39637702641605266]
L000192 | [Train Acc: 0.4081437583636016]
L000193 | [Dev Loss: 1.325]
L000194 | [Dev F1: 0.46041942944279124]
L000195 | [Dev Acc: 0.47150259067357514]
L000196 | 
L000197-L000212 | [REDACTED: batch progress and internal diagnostics]
L000213 | [Epoch 5] [Time: 2.117628812789917]
L000214 | [Train Loss: 1.3833]
L000215 | [Train F1: 0.427774485624326]
L000216 | [Train Acc: 0.4343337793920856]
L000217 | [Dev Loss: 1.288]
L000218 | [Dev F1: 0.47369797104122935]
L000219 | [Dev Acc: 0.48186528497409326]
L000220 | 
L000221-L000236 | [REDACTED: batch progress and internal diagnostics]
L000237 | [Epoch 6] [Time: 2.1433968544006348]
L000238 | [Train Loss: 1.3098]
L000239 | [Train F1: 0.46360493560277044]
L000240 | [Train Acc: 0.4712292104760084]
L000241 | [Dev Loss: 1.2327]
L000242 | [Dev F1: 0.48377432421575944]
L000243 | [Dev Acc: 0.5008635578583766]
L000244 | 
L000245-L000260 | [REDACTED: batch progress and internal diagnostics]
L000261 | [Epoch 7] [Time: 2.192859649658203]
L000262 | [Train Loss: 1.2564]
L000263 | [Train F1: 0.48485008999110135]
L000264 | [Train Acc: 0.4926400305868859]
L000265 | [Dev Loss: 1.1948]
L000266 | [Dev F1: 0.4900502345095494]
L000267 | [Dev Acc: 0.5060449050086355]
L000268 | 
L000269-L000284 | [REDACTED: batch progress and internal diagnostics]
L000285 | [Epoch 8] [Time: 2.2004590034484863]
L000286 | [Train Loss: 1.2137]
L000287 | [Train F1: 0.500812456598945]
L000288 | [Train Acc: 0.5085069776333397]
L000289 | [Dev Loss: 1.157]
L000290 | [Dev F1: 0.5052894888034097]
L000291 | [Dev Acc: 0.5233160621761658]
L000292 | 
L000293-L000308 | [REDACTED: batch progress and internal diagnostics]
L000309 | [Epoch 9] [Time: 2.1400303840637207]
L000310 | [Train Loss: 1.1677]
L000311 | [Train F1: 0.5186284997746708]
L000312 | [Train Acc: 0.5243739246797935]
L000313 | [Dev Loss: 1.1285]
L000314 | [Dev F1: 0.5215305012829946]
L000315 | [Dev Acc: 0.531951640759931]
L000316 | 
L000317-L000332 | [REDACTED: batch progress and internal diagnostics]
L000333 | [Epoch 10] [Time: 2.221259593963623]
L000334 | [Train Loss: 1.1293]
L000335 | [Train F1: 0.5404838989323947]
L000336 | [Train Acc: 0.5467405849741923]
L000337 | [Dev Loss: 1.1031]
L000338 | [Dev F1: 0.5336799337682016]
L000339 | [Dev Acc: 0.5440414507772021]
L000340 | 
L000341-L000356 | [REDACTED: batch progress and internal diagnostics]
L000357 | [Epoch 11] [Time: 2.060474157333374]
L000358 | [Train Loss: 1.0921]
L000359 | [Train F1: 0.5496904501596483]
L000360 | [Train Acc: 0.5524756260753202]
L000361 | [Dev Loss: 1.0887]
L000362 | [Dev F1: 0.5415615776083958]
L000363 | [Dev Acc: 0.5492227979274611]
L000364 | 
L000365-L000380 | [REDACTED: batch progress and internal diagnostics]
L000381 | [Epoch 12] [Time: 2.22597599029541]
L000382 | [Train Loss: 1.046]
L000383 | [Train F1: 0.5671170448246861]
L000384 | [Train Acc: 0.5715924297457465]
L000385 | [Dev Loss: 1.0717]
L000386 | [Dev F1: 0.5352520643183535]
L000387 | [Dev Acc: 0.5474956822107081]
L000388 | 
L000389-L000404 | [REDACTED: batch progress and internal diagnostics]
L000405 | [Epoch 13] [Time: 2.166428327560425]
L000406 | [Train Loss: 1.0194]
L000407 | [Train F1: 0.5828049270461036]
L000408 | [Train Acc: 0.5872682087554961]
L000409 | [Dev Loss: 1.0561]
L000410 | [Dev F1: 0.5273179628782917]
L000411 | [Dev Acc: 0.538860103626943]
L000412 | 
L000413-L000428 | [REDACTED: batch progress and internal diagnostics]
L000429 | [Epoch 14] [Time: 2.19254469871521]
L000430 | [Train Loss: 0.9879]
L000431 | [Train F1: 0.5969105423395151]
L000432 | [Train Acc: 0.6006499713247945]
L000433 | [Dev Loss: 1.0424]
L000434 | [Dev F1: 0.5351791224752279]
L000435 | [Dev Acc: 0.5509499136442142]
L000436 | 
L000437-L000452 | [REDACTED: batch progress and internal diagnostics]
L000453 | [Epoch 15] [Time: 2.0830233097076416]
L000454 | [Train Loss: 0.9794]
L000455 | [Train F1: 0.6082677053108424]
L000456 | [Train Acc: 0.6142229019307972]
L000457 | [Dev Loss: 1.0257]
L000458 | [Dev F1: 0.5386576114595869]
L000459 | [Dev Acc: 0.5561312607944733]
L000460 | 
L000461-L000476 | [REDACTED: batch progress and internal diagnostics]
L000477 | [Epoch 16] [Time: 2.127718925476074]
L000478 | [Train Loss: 0.9404]
L000479 | [Train F1: 0.6234144513730796]
L000480 | [Train Acc: 0.6249283119862359]
L000481 | [Dev Loss: 1.0095]
L000482 | [Dev F1: 0.5526577962446555]
L000483 | [Dev Acc: 0.5630397236614854]
L000484 | 
L000485-L000500 | [REDACTED: batch progress and internal diagnostics]
L000501 | [Epoch 17] [Time: 2.2467854022979736]
L000502 | [Train Loss: 0.9025]
L000503 | [Train F1: 0.6374845307230116]
L000504 | [Train Acc: 0.6404129229592812]
L000505 | [Dev Loss: 0.9816]
L000506 | [Dev F1: 0.555511833866726]
L000507 | [Dev Acc: 0.5716753022452504]
L000508 | 
L000509-L000524 | [REDACTED: batch progress and internal diagnostics]
L000525 | [Epoch 18] [Time: 2.162156581878662]
L000526 | [Train Loss: 0.868]
L000527 | [Train F1: 0.6511037058917641]
L000528 | [Train Acc: 0.6543681896386924]
L000529 | [Dev Loss: 0.9681]
L000530 | [Dev F1: 0.5830492414392109]
L000531 | [Dev Acc: 0.5958549222797928]
L000532 | 
L000533-L000548 | [REDACTED: batch progress and internal diagnostics]
L000549 | [Epoch 19] [Time: 2.113780975341797]
L000550 | [Train Loss: 0.8497]
L000551 | [Train F1: 0.6645186385350372]
L000552 | [Train Acc: 0.6660294398776525]
L000553 | [Dev Loss: 0.959]
L000554 | [Dev F1: 0.5779259022136649]
L000555 | [Dev Acc: 0.5906735751295337]
L000556 | 
L000557-L000572 | [REDACTED: batch progress and internal diagnostics]
L000573 | [Epoch 20] [Time: 2.2576394081115723]
L000574 | [Train Loss: 0.833]
L000575 | [Train F1: 0.6655806610978803]
L000576 | [Train Acc: 0.6667941120244695]
L000577 | [Dev Loss: 0.9503]
L000578 | [Dev F1: 0.5874516146737837]
L000579 | [Dev Acc: 0.5993091537132987]
L000580 | 
L000581-L000596 | [REDACTED: batch progress and internal diagnostics]
L000597 | [Epoch 21] [Time: 2.094456911087036]
L000598 | [Train Loss: 0.8051]
L000599 | [Train F1: 0.6817223666186332]
L000600 | [Train Acc: 0.6843815714012617]
L000601 | [Dev Loss: 0.9514]
L000602 | [Dev F1: 0.5978811224399124]
L000603 | [Dev Acc: 0.6027633851468048]
L000604 | 
L000605-L000620 | [REDACTED: batch progress and internal diagnostics]
L000621 | [Epoch 22] [Time: 1.97072434425354]
L000622 | [Train Loss: 0.7758]
L000623 | [Train F1: 0.6895041972058825]
L000624 | [Train Acc: 0.6912636207226152]
L000625 | [Dev Loss: 0.9443]
L000626 | [Dev F1: 0.5800859473935513]
L000627 | [Dev Acc: 0.5906735751295337]
L000628 | 
L000629-L000644 | [REDACTED: batch progress and internal diagnostics]
L000645 | [Epoch 23] [Time: 2.250943660736084]
L000646 | [Train Loss: 0.7679]
L000647 | [Train F1: 0.6973982370020403]
L000648 | [Train Acc: 0.6992926782641943]
L000649 | [Dev Loss: 0.9454]
L000650 | [Dev F1: 0.593085915882405]
L000651 | [Dev Acc: 0.5993091537132987]
L000652 | 
L000653-L000668 | [REDACTED: batch progress and internal diagnostics]
L000669 | [Epoch 24] [Time: 2.1181209087371826]
L000670 | [Train Loss: 0.7399]
L000671 | [Train F1: 0.7148149359246623]
L000672 | [Train Acc: 0.7161154654941694]
L000673 | [Dev Loss: 0.9338]
L000674 | [Dev F1: 0.5890205717850914]
L000675 | [Dev Acc: 0.5958549222797928]
L000676 | 
L000677-L000692 | [REDACTED: batch progress and internal diagnostics]
L000693 | [Epoch 25] [Time: 2.2061009407043457]
L000694 | [Train Loss: 0.7185]
L000695 | [Train F1: 0.7190507000950191]
L000696 | [Train Acc: 0.7193653221181419]
L000697 | [Dev Loss: 0.9388]
L000698 | [Dev F1: 0.5889246077736284]
L000699 | [Dev Acc: 0.5941278065630398]
L000700 | 
L000701-L000716 | [REDACTED: batch progress and internal diagnostics]
L000717 | [Epoch 26] [Time: 2.1760947704315186]
L000718 | [Train Loss: 0.7127]
L000719 | [Train F1: 0.7208706597764978]
L000720 | [Train Acc: 0.7226151787421143]
L000721 | [Dev Loss: 0.924]
L000722 | [Dev F1: 0.5945365179291183]
L000723 | [Dev Acc: 0.6027633851468048]
L000724 | 
L000725-L000740 | [REDACTED: batch progress and internal diagnostics]
L000741 | [Epoch 27] [Time: 2.1751770973205566]
L000742 | [Train Loss: 0.6934]
L000743 | [Train F1: 0.7287519188417896]
L000744 | [Train Acc: 0.7298795641368763]
L000745 | [Dev Loss: 0.9414]
L000746 | [Dev F1: 0.5865088135903095]
L000747 | [Dev Acc: 0.5941278065630398]
L000748 | 
L000749-L000764 | [REDACTED: batch progress and internal diagnostics]
L000765 | [Epoch 28] [Time: 2.129422187805176]
L000766 | [Train Loss: 0.6846]
L000767 | [Train F1: 0.7252283959448872]
L000768 | [Train Acc: 0.7268208755496081]
L000769 | [Dev Loss: 0.9341]
L000770 | [Dev F1: 0.6016402161144848]
L000771 | [Dev Acc: 0.6062176165803109]
L000772 | 
L000773-L000788 | [REDACTED: batch progress and internal diagnostics]
L000789 | [Epoch 29] [Time: 2.2839882373809814]
L000790 | [Train Loss: 0.655]
L000791 | [Train F1: 0.7449681822572733]
L000792 | [Train Acc: 0.7457465111833301]
L000793 | [Dev Loss: 0.9328]
L000794 | [Dev F1: 0.5914569634009984]
L000795 | [Dev Acc: 0.5993091537132987]
L000796 | 
L000797-L000812 | [REDACTED: batch progress and internal diagnostics]
L000813 | [Epoch 30] [Time: 2.0156590938568115]
L000814 | [Train Loss: 0.6499]
L000815 | [Train F1: 0.7494753867708668]
L000816 | [Train Acc: 0.7495698719174154]
L000817 | [Dev Loss: 0.9393]
L000818 | [Dev F1: 0.5987318944064486]
L000819 | [Dev Acc: 0.6027633851468048]
L000820 | 
L000821-L000836 | [REDACTED: batch progress and internal diagnostics]
L000837 | [Epoch 31] [Time: 2.2255945205688477]
L000838 | [Train Loss: 0.638]
L000839 | [Train F1: 0.7540476273246882]
L000840 | [Train Acc: 0.7547314089084305]
L000841 | [Dev Loss: 0.9443]
L000842 | [Dev F1: 0.5910181544876301]
L000843 | [Dev Acc: 0.5993091537132987]
L000844 | 
L000845-L000860 | [REDACTED: batch progress and internal diagnostics]
L000861 | [Epoch 32] [Time: 2.235229730606079]
L000862 | [Train Loss: 0.6306]
L000863 | [Train F1: 0.7592904871943276]
L000864 | [Train Acc: 0.7604664500095584]
L000865 | [Dev Loss: 0.939]
L000866 | [Dev F1: 0.6012426200353346]
L000867 | [Dev Acc: 0.6062176165803109]
L000868 | 
L000869-L000884 | [REDACTED: batch progress and internal diagnostics]
L000885 | [Epoch 33] [Time: 2.108405590057373]
L000886 | [Train Loss: 0.6074]
L000887 | [Train F1: 0.7705558290357214]
L000888 | [Train Acc: 0.7709806920282929]
L000889 | [Dev Loss: 0.9597]
L000890 | [Dev F1: 0.5894184297045689]
L000891 | [Dev Acc: 0.5975820379965457]
L000892 | 
L000893-L000908 | [REDACTED: batch progress and internal diagnostics]
L000909 | [Epoch 34] [Time: 2.2746694087982178]
L000910 | [Train Loss: 0.6013]
L000911 | [Train F1: 0.7694114540227104]
L000912 | [Train Acc: 0.7702160198814758]
L000913 | [Dev Loss: 0.9593]
L000914 | [Dev F1: 0.5813079532077143]
L000915 | [Dev Acc: 0.5872193436960277]
L000916 | 
L000917-L000932 | [REDACTED: batch progress and internal diagnostics]
L000933 | [Epoch 35] [Time: 2.136725664138794]
L000934 | [Train Loss: 0.5833]
L000935 | [Train F1: 0.7813791912919397]
L000936 | [Train Acc: 0.7820684381571401]
L000937 | [Dev Loss: 0.9637]
L000938 | [Dev F1: 0.6070205328418711]
L000939 | [Dev Acc: 0.613126079447323]
L000940 | 
L000941-L000956 | [REDACTED: batch progress and internal diagnostics]
L000957 | [Epoch 36] [Time: 2.162076234817505]
L000958 | [Train Loss: 0.5721]
L000959 | [Train F1: 0.7868776121807658]
L000960 | [Train Acc: 0.7870388071114509]
L000961 | [Dev Loss: 0.9718]
L000962 | [Dev F1: 0.5981550620787908]
L000963 | [Dev Acc: 0.6027633851468048]
L000964 | 
L000965-L000980 | [REDACTED: batch progress and internal diagnostics]
L000981 | [Epoch 37] [Time: 2.0470495223999023]
L000982 | [Train Loss: 0.5572]
L000983 | [Train F1: 0.7890989911836654]
L000984 | [Train Acc: 0.7900974956987191]
L000985 | [Dev Loss: 0.9848]
L000986 | [Dev F1: 0.5976928436563375]
L000987 | [Dev Acc: 0.5993091537132987]
L000988 | 
L000989-L001004 | [REDACTED: batch progress and internal diagnostics]
L001005 | [Epoch 38] [Time: 2.116887331008911]
L001006 | [Train Loss: 0.5531]
L001007 | [Train F1: 0.7929511478901038]
L001008 | [Train Acc: 0.7929650162492832]
L001009 | [Dev Loss: 0.9822]
L001010 | [Dev F1: 0.5939744202203097]
L001011 | [Dev Acc: 0.5993091537132987]
L001012 | 
L001013-L001028 | [REDACTED: batch progress and internal diagnostics]
L001029 | [Epoch 39] [Time: 2.1046061515808105]
L001030 | [Train Loss: 0.5399]
L001031 | [Train F1: 0.7937411729724954]
L001032 | [Train Acc: 0.7941120244695087]
L001033 | [Dev Loss: 0.9901]
L001034 | [Dev F1: 0.5770420741231425]
L001035 | [Dev Acc: 0.5837651122625216]
L001036 | 
L001037-L001052 | [REDACTED: batch progress and internal diagnostics]
L001053 | [Epoch 40] [Time: 2.196803331375122]
L001054 | [Train Loss: 0.5381]
L001055 | [Train F1: 0.801072616394284]
L001056 | [Train Acc: 0.8011852418275665]
L001057 | [Dev Loss: 0.9958]
L001058 | [Dev F1: 0.5816270025393954]
L001059 | [Dev Acc: 0.5854922279792746]
L001060 | 
L001061-L001076 | [REDACTED: batch progress and internal diagnostics]
L001077 | [Epoch 41] [Time: 2.236023426055908]
L001078 | [Train Loss: 0.5245]
L001079 | [Train F1: 0.8071604964963462]
L001080 | [Train Acc: 0.8076849550755114]
L001081 | [Dev Loss: 1.0074]
L001082 | [Dev F1: 0.5710071988064004]
L001083 | [Dev Acc: 0.5768566493955095]
L001084 | 
L001085-L001100 | [REDACTED: batch progress and internal diagnostics]
L001101 | [Epoch 42] [Time: 2.2745890617370605]
L001102 | [Train Loss: 0.5219]
L001103 | [Train F1: 0.8075641257262746]
L001104 | [Train Acc: 0.8076849550755114]
L001105 | [Dev Loss: 1.0287]
L001106 | [Dev F1: 0.5845851067701386]
L001107 | [Dev Acc: 0.5889464594127807]
L001108 | 
L001109-L001124 | [REDACTED: batch progress and internal diagnostics]
L001125 | [Epoch 43] [Time: 2.2204644680023193]
L001126 | [Train Loss: 0.5117]
L001127 | [Train F1: 0.8091541275285405]
L001128 | [Train Acc: 0.8097878034792583]
L001129 | [Dev Loss: 1.0291]
L001130 | [Dev F1: 0.5864907330182788]
L001131 | [Dev Acc: 0.5889464594127807]
L001132 | 
L001133-L001148 | [REDACTED: batch progress and internal diagnostics]
L001149 | [Epoch 44] [Time: 2.108562469482422]
L001150 | [Train Loss: 0.4963]
L001151 | [Train F1: 0.8179831559442097]
L001152 | [Train Acc: 0.8181991970942458]
L001153 | [Dev Loss: 1.0188]
L001154 | [Dev F1: 0.5818551378993111]
L001155 | [Dev Acc: 0.5872193436960277]
L001156 | 
L001157-L001172 | [REDACTED: batch progress and internal diagnostics]
L001173 | [Epoch 45] [Time: 2.1900126934051514]
L001174 | [Train Loss: 0.4718]
L001175 | [Train F1: 0.8264595911921367]
L001176 | [Train Acc: 0.8266105907092334]
L001177 | [Dev Loss: 1.0356]
L001178 | [Dev F1: 0.5739113533597487]
L001179 | [Dev Acc: 0.5785837651122625]
L001180 | 
L001181-L001196 | [REDACTED: batch progress and internal diagnostics]
L001197 | [Epoch 46] [Time: 2.2782089710235596]
L001198 | [Train Loss: 0.4729]
L001199 | [Train F1: 0.8216788259956286]
L001200 | [Train Acc: 0.8218313897916268]
L001201 | [Dev Loss: 1.0372]
L001202 | [Dev F1: 0.5786088549359594]
L001203 | [Dev Acc: 0.5837651122625216]
L001204 | 
L001205-L001220 | [REDACTED: batch progress and internal diagnostics]
L001221 | [Epoch 47] [Time: 2.238996744155884]
L001222 | [Train Loss: 0.4645]
L001223 | [Train F1: 0.8252547425946121]
L001224 | [Train Acc: 0.8254635824890079]
L001225 | [Dev Loss: 1.0515]
L001226 | [Dev F1: 0.584009001960482]
L001227 | [Dev Acc: 0.5872193436960277]
L001228 | 
L001229-L001244 | [REDACTED: batch progress and internal diagnostics]
L001245 | [Epoch 48] [Time: 2.2162163257598877]
L001246 | [Train Loss: 0.4514]
L001247 | [Train F1: 0.8369287563934457]
L001248 | [Train Acc: 0.8371248327279679]
L001249 | [Dev Loss: 1.0758]
L001250 | [Dev F1: 0.5701240148641123]
L001251 | [Dev Acc: 0.5768566493955095]
L001252 | 
L001253-L001268 | [REDACTED: batch progress and internal diagnostics]
L001269 | [Epoch 49] [Time: 2.2777717113494873]
L001270 | [Train Loss: 0.441]
L001271 | [Train F1: 0.8395945725479621]
L001272 | [Train Acc: 0.8399923532785318]
L001273 | [Dev Loss: 1.0702]
L001274 | [Dev F1: 0.5848468189681362]
L001275 | [Dev Acc: 0.5889464594127807]
L001276 | 
L001277-L001292 | [REDACTED: batch progress and internal diagnostics]
L001293 | [Epoch 50] [Time: 2.3323874473571777]
L001294 | [Train Loss: 0.4369]
L001295 | [Train F1: 0.8379249830015179]
L001296 | [Train Acc: 0.8380806729114892]
L001297 | [Dev Loss: 1.0759]
L001298 | [Dev F1: 0.5783763909352619]
L001299 | [Dev Acc: 0.5820379965457686]
L001300 | 
L001301-L001316 | [REDACTED: batch progress and internal diagnostics]
L001317 | [Epoch 51] [Time: 2.2378551959991455]
L001318 | [Train Loss: 0.4216]
L001319 | [Train F1: 0.8514822526113596]
L001320 | [Train Acc: 0.8516536035174919]
L001321 | [Dev Loss: 1.077]
L001322 | [Dev F1: 0.5703815195957561]
L001323 | [Dev Acc: 0.5751295336787565]
L001324 | 
L001325-L001340 | [REDACTED: batch progress and internal diagnostics]
L001341 | [Epoch 52] [Time: 2.2112789154052734]
L001342 | [Train Loss: 0.4211]
L001343 | [Train F1: 0.8420449799208516]
L001344 | [Train Acc: 0.8420952016822787]
L001345 | [Dev Loss: 1.1135]
L001346 | [Dev F1: 0.5880109890268752]
L001347 | [Dev Acc: 0.5924006908462867]
L001348 | 
L001349-L001364 | [REDACTED: batch progress and internal diagnostics]
L001365 | [Epoch 53] [Time: 2.2584218978881836]
L001366 | [Train Loss: 0.4084]
L001367 | [Train F1: 0.8559409770349521]
L001368 | [Train Acc: 0.85605046836169]
L001369 | [Dev Loss: 1.0973]
L001370 | [Dev F1: 0.5836367568731238]
L001371 | [Dev Acc: 0.5872193436960277]
L001372 | 
L001373-L001388 | [REDACTED: batch progress and internal diagnostics]
L001389 | [Epoch 54] [Time: 2.3497068881988525]
L001390 | [Train Loss: 0.4012]
L001391 | [Train F1: 0.8577352767034745]
L001392 | [Train Acc: 0.8581533167654368]
L001393 | [Dev Loss: 1.1369]
L001394 | [Dev F1: 0.5722670631405895]
L001395 | [Dev Acc: 0.5751295336787565]
L001396 | 
L001397-L001412 | [REDACTED: batch progress and internal diagnostics]
L001413 | [Epoch 55] [Time: 2.2032086849212646]
L001414 | [Train Loss: 0.3954]
L001415 | [Train F1: 0.860545326918902]
L001416 | [Train Acc: 0.8606385012425922]
L001417 | [Dev Loss: 1.1193]
L001418 | [Dev F1: 0.5773720408925253]
L001419 | [Dev Acc: 0.5803108808290155]
L001420 | 
L001421-L001436 | [REDACTED: batch progress and internal diagnostics]
L001437 | [Epoch 56] [Time: 2.284234046936035]
L001438 | [Train Loss: 0.388]
L001439 | [Train F1: 0.8575317460807647]
L001440 | [Train Acc: 0.857579812655324]
L001441 | [Dev Loss: 1.1369]
L001442 | [Dev F1: 0.5708266550251461]
L001443 | [Dev Acc: 0.5751295336787565]
L001444 | 
L001445-L001460 | [REDACTED: batch progress and internal diagnostics]
L001461 | [Epoch 57] [Time: 2.3644979000091553]
L001462 | [Train Loss: 0.3807]
L001463 | [Train F1: 0.8592816972402708]
L001464 | [Train Acc: 0.8594914930223667]
L001465 | [Dev Loss: 1.1702]
L001466 | [Dev F1: 0.5694270866866209]
L001467 | [Dev Acc: 0.5734024179620034]
L001468 | 
L001469-L001484 | [REDACTED: batch progress and internal diagnostics]
L001485 | [Epoch 58] [Time: 2.263490915298462]
L001486 | [Train Loss: 0.3822]
L001487 | [Train F1: 0.8628679206382868]
L001488 | [Train Acc: 0.8629325176830434]
L001489 | [Dev Loss: 1.1678]
L001490 | [Dev F1: 0.5787696211021507]
L001491 | [Dev Acc: 0.5803108808290155]
L001492 | 
L001493-L001508 | [REDACTED: batch progress and internal diagnostics]
L001509 | [Epoch 59] [Time: 2.333717107772827]
L001510 | [Train Loss: 0.3691]
L001511 | [Train F1: 0.8674891685586831]
L001512 | [Train Acc: 0.8675205505639457]
L001513 | [Dev Loss: 1.1691]
L001514 | [Dev F1: 0.5652250642903888]
L001515 | [Dev Acc: 0.5682210708117443]
L001516 | 
L001517-L001532 | [REDACTED: batch progress and internal diagnostics]
L001533 | [Epoch 60] [Time: 2.2129733562469482]
L001534 | [Train Loss: 0.3597]
L001535 | [Train F1: 0.8678352369510837]
L001536 | [Train Acc: 0.8679028866373543]
L001537 | [Dev Loss: 1.1885]
L001538 | [Dev F1: 0.566271321728915]
L001539 | [Dev Acc: 0.5716753022452504]
L001540 | Early stopping at epoch: 60
L001541 | Last model
L001542 |               precision    recall  f1-score   support
L001543 | 
L001544 |          hap     0.5432    0.3056    0.3911       144
L001545 |          sad     0.7256    0.7878    0.7554       245
L001546 |          neu     0.5766    0.6172    0.5962       384
L001547 |          ang     0.5113    0.6647    0.5780       170
L001548 |          exc     0.7338    0.7191    0.7264       299
L001549 |          fru     0.5812    0.5354    0.5574       381
L001550 | 
L001551 |     accuracy                         0.6198      1623
L001552 |    macro avg     0.6120    0.6050    0.6007      1623
L001553 | weighted avg     0.6193    0.6198    0.6150      1623
L001554 | 
L001555 | Best model at epoch: 35
L001556 | Best dev F1: 0.6070205328418711
L001557 |               precision    recall  f1-score   support
L001558 | 
L001559 |          hap     0.4429    0.2153    0.2897       144
L001560 |          sad     0.7615    0.7429    0.7521       245
L001561 |          neu     0.5991    0.6849    0.6391       384
L001562 |          ang     0.5596    0.6353    0.5950       170
L001563 |          exc     0.7107    0.7559    0.7326       299
L001564 |          fru     0.6154    0.5879    0.6013       381
L001565 | 
L001566 |     accuracy                         0.6371      1623
L001567 |    macro avg     0.6149    0.6037    0.6016      1623
L001568 | weighted avg     0.6300    0.6371    0.6289      1623
L001569 | 
L001570 | Best test F1: 0.6289025481617221
L001571 | Best test Acc: 0.6370918052988294
L001572 | [SANITIZED] Saved checkpoint: [path and filename removed]
