# Redacted copy of an existing run log.
# run_id: G08-seed2
# dataset: IEMOCAP
# model: MMGCN+AMBER
# imr: (0.3,0.7,0.5)
# seed_alias: seed2
# original_log_sha256: 24b1c66f1f8f15a4a5cbed90877e403bca7f05adeee3ed94425c303ea01accd9
# source_record_status: ok
# source_record_process_return_code: 3221226505
# L numbers refer to source logical lines; REDACTED/SANITIZED text is editorial.
L000001-L000065 | [REDACTED: configuration or implementation details]
L000066 | [SANITIZED] Seed alias: seed2
L000067 | 
L000068-L000069 | [REDACTED: batch progress and internal diagnostics]
L000070 | 
L000071-L000072 | [REDACTED: batch progress and internal diagnostics]
L000073 | 
L000074-L000075 | [REDACTED: batch progress and internal diagnostics]
L000076 | 
L000077-L000092 | [REDACTED: batch progress and internal diagnostics]
L000093 | [Epoch 0] [Time: 2.7850730419158936]
L000094 | [Train Loss: 1.842]
L000095 | [Train F1: 0.20382185750293064]
L000096 | [Train Acc: 0.20120178329133553]
L000097 | [Dev Loss: 1.6086]
L000098 | [Dev F1: 0.3047006505343545]
L000099 | [Dev Acc: 0.35176651305683565]
L000100 | 
L000101-L000116 | [REDACTED: batch progress and internal diagnostics]
L000117 | [Epoch 1] [Time: 2.2218196392059326]
L000118 | [Train Loss: 1.645]
L000119 | [Train F1: 0.28403399093910114]
L000120 | [Train Acc: 0.300251986819151]
L000121 | [Dev Loss: 1.525]
L000122 | [Dev F1: 0.3135422589384002]
L000123 | [Dev Acc: 0.35023041474654376]
L000124 | 
L000125-L000140 | [REDACTED: batch progress and internal diagnostics]
L000141 | [Epoch 2] [Time: 2.0909276008605957]
L000142 | [Train Loss: 1.5878]
L000143 | [Train F1: 0.3117868361048931]
L000144 | [Train Acc: 0.3390191897654584]
L000145 | [Dev Loss: 1.4927]
L000146 | [Dev F1: 0.30016107933043645]
L000147 | [Dev Acc: 0.3317972350230415]
L000148 | 
L000149-L000164 | [REDACTED: batch progress and internal diagnostics]
L000165 | [Epoch 3] [Time: 2.2322182655334473]
L000166 | [Train Loss: 1.4995]
L000167 | [Train F1: 0.3573253084100096]
L000168 | [Train Acc: 0.3779802287264974]
L000169 | [Dev Loss: 1.4351]
L000170 | [Dev F1: 0.3676423290878997]
L000171 | [Dev Acc: 0.3824884792626728]
L000172 | 
L000173-L000188 | [REDACTED: batch progress and internal diagnostics]
L000189 | [Epoch 4] [Time: 2.1745598316192627]
L000190 | [Train Loss: 1.4304]
L000191 | [Train F1: 0.40611463127682706]
L000192 | [Train Acc: 0.4198488079085094]
L000193 | [Dev Loss: 1.3927]
L000194 | [Dev F1: 0.3861128480936836]
L000195 | [Dev Acc: 0.402457757296467]
L000196 | 
L000197-L000212 | [REDACTED: batch progress and internal diagnostics]
L000213 | [Epoch 5] [Time: 2.297881841659546]
L000214 | [Train Loss: 1.3592]
L000215 | [Train F1: 0.4274045025153314]
L000216 | [Train Acc: 0.43942624539639463]
L000217 | [Dev Loss: 1.3556]
L000218 | [Dev F1: 0.40241993120934055]
L000219 | [Dev Acc: 0.42089093701996927]
L000220 | 
L000221-L000236 | [REDACTED: batch progress and internal diagnostics]
L000237 | [Epoch 6] [Time: 2.1652450561523438]
L000238 | [Train Loss: 1.2904]
L000239 | [Train F1: 0.4582934261842721]
L000240 | [Train Acc: 0.4708276797829037]
L000241 | [Dev Loss: 1.3169]
L000242 | [Dev F1: 0.45113935766967]
L000243 | [Dev Acc: 0.4715821812596006]
L000244 | 
L000245-L000260 | [REDACTED: batch progress and internal diagnostics]
L000261 | [Epoch 7] [Time: 2.18261456489563]
L000262 | [Train Loss: 1.2389]
L000263 | [Train F1: 0.4857717418665826]
L000264 | [Train Acc: 0.4983523938747819]
L000265 | [Dev Loss: 1.284]
L000266 | [Dev F1: 0.47325648008174875]
L000267 | [Dev Acc: 0.49001536098310294]
L000268 | 
L000269-L000284 | [REDACTED: batch progress and internal diagnostics]
L000285 | [Epoch 8] [Time: 2.2271859645843506]
L000286 | [Train Loss: 1.1801]
L000287 | [Train F1: 0.5108331555493636]
L000288 | [Train Acc: 0.5188990114363249]
L000289 | [Dev Loss: 1.2407]
L000290 | [Dev F1: 0.48058378211885805]
L000291 | [Dev Acc: 0.4976958525345622]
L000292 | 
L000293-L000308 | [REDACTED: batch progress and internal diagnostics]
L000309 | [Epoch 9] [Time: 2.098562479019165]
L000310 | [Train Loss: 1.1357]
L000311 | [Train F1: 0.5318068472055165]
L000312 | [Train Acc: 0.54099631711572]
L000313 | [Dev Loss: 1.2338]
L000314 | [Dev F1: 0.4769709763673232]
L000315 | [Dev Acc: 0.48847926267281105]
L000316 | 
L000317-L000332 | [REDACTED: batch progress and internal diagnostics]
L000333 | [Epoch 10] [Time: 2.177856922149658]
L000334 | [Train Loss: 1.1123]
L000335 | [Train F1: 0.5389013799699144]
L000336 | [Train Acc: 0.5464237255282032]
L000337 | [Dev Loss: 1.2183]
L000338 | [Dev F1: 0.48115425863715716]
L000339 | [Dev Acc: 0.4946236559139785]
L000340 | 
L000341-L000356 | [REDACTED: batch progress and internal diagnostics]
L000357 | [Epoch 11] [Time: 2.1793344020843506]
L000358 | [Train Loss: 1.07]
L000359 | [Train F1: 0.5588465116255548]
L000360 | [Train Acc: 0.5687148672223299]
L000361 | [Dev Loss: 1.1974]
L000362 | [Dev F1: 0.49128454063981186]
L000363 | [Dev Acc: 0.5053763440860215]
L000364 | 
L000365-L000380 | [REDACTED: batch progress and internal diagnostics]
L000381 | [Epoch 12] [Time: 2.180222511291504]
L000382 | [Train Loss: 1.0366]
L000383 | [Train F1: 0.5732449701460325]
L000384 | [Train Acc: 0.5811203721651483]
L000385 | [Dev Loss: 1.1794]
L000386 | [Dev F1: 0.48970631986059754]
L000387 | [Dev Acc: 0.5084485407066052]
L000388 | 
L000389-L000404 | [REDACTED: batch progress and internal diagnostics]
L000405 | [Epoch 13] [Time: 2.0787014961242676]
L000406 | [Train Loss: 1.0103]
L000407 | [Train F1: 0.5751826793716105]
L000408 | [Train Acc: 0.5834464043419267]
L000409 | [Dev Loss: 1.168]
L000410 | [Dev F1: 0.49321735628397767]
L000411 | [Dev Acc: 0.511520737327189]
L000412 | 
L000413-L000428 | [REDACTED: batch progress and internal diagnostics]
L000429 | [Epoch 14] [Time: 2.0826528072357178]
L000430 | [Train Loss: 0.9764]
L000431 | [Train F1: 0.5891888239546459]
L000432 | [Train Acc: 0.5970149253731343]
L000433 | [Dev Loss: 1.1526]
L000434 | [Dev F1: 0.49983877559012]
L000435 | [Dev Acc: 0.5145929339477726]
L000436 | 
L000437-L000452 | [REDACTED: batch progress and internal diagnostics]
L000453 | [Epoch 15] [Time: 2.1547176837921143]
L000454 | [Train Loss: 0.9461]
L000455 | [Train F1: 0.6062434459661846]
L000456 | [Train Acc: 0.613490986625315]
L000457 | [Dev Loss: 1.1528]
L000458 | [Dev F1: 0.49279669751736255]
L000459 | [Dev Acc: 0.5145929339477726]
L000460 | 
L000461-L000476 | [REDACTED: batch progress and internal diagnostics]
L000477 | [Epoch 16] [Time: 2.2848410606384277]
L000478 | [Train Loss: 0.9253]
L000479 | [Train F1: 0.6257716445653596]
L000480 | [Train Acc: 0.631905408024811]
L000481 | [Dev Loss: 1.1363]
L000482 | [Dev F1: 0.5030127902798353]
L000483 | [Dev Acc: 0.5238095238095238]
L000484 | 
L000485-L000500 | [REDACTED: batch progress and internal diagnostics]
L000501 | [Epoch 17] [Time: 2.1277236938476562]
L000502 | [Train Loss: 0.8931]
L000503 | [Train F1: 0.6308349595055429]
L000504 | [Train Acc: 0.6365574723783679]
L000505 | [Dev Loss: 1.1272]
L000506 | [Dev F1: 0.5084944762051299]
L000507 | [Dev Acc: 0.5253456221198156]
L000508 | 
L000509-L000524 | [REDACTED: batch progress and internal diagnostics]
L000525 | [Epoch 18] [Time: 2.1816213130950928]
L000526 | [Train Loss: 0.8745]
L000527 | [Train F1: 0.6466229715844936]
L000528 | [Train Acc: 0.649932157394844]
L000529 | [Dev Loss: 1.1403]
L000530 | [Dev F1: 0.5129910983404632]
L000531 | [Dev Acc: 0.5360983102918587]
L000532 | 
L000533-L000548 | [REDACTED: batch progress and internal diagnostics]
L000549 | [Epoch 19] [Time: 2.000584840774536]
L000550 | [Train Loss: 0.8585]
L000551 | [Train F1: 0.6448588654383067]
L000552 | [Train Acc: 0.6516766815274277]
L000553 | [Dev Loss: 1.1214]
L000554 | [Dev F1: 0.5306966095956093]
L000555 | [Dev Acc: 0.5499231950844854]
L000556 | 
L000557-L000572 | [REDACTED: batch progress and internal diagnostics]
L000573 | [Epoch 20] [Time: 2.0995988845825195]
L000574 | [Train Loss: 0.8323]
L000575 | [Train F1: 0.6691450376559669]
L000576 | [Train Acc: 0.6726109711184338]
L000577 | [Dev Loss: 1.1265]
L000578 | [Dev F1: 0.5232727891341323]
L000579 | [Dev Acc: 0.5453149001536098]
L000580 | 
L000581-L000596 | [REDACTED: batch progress and internal diagnostics]
L000597 | [Epoch 21] [Time: 2.1308634281158447]
L000598 | [Train Loss: 0.8153]
L000599 | [Train F1: 0.6759426428530365]
L000600 | [Train Acc: 0.6799767396782322]
L000601 | [Dev Loss: 1.106]
L000602 | [Dev F1: 0.5262105986274132]
L000603 | [Dev Acc: 0.5468509984639017]
L000604 | 
L000605-L000620 | [REDACTED: batch progress and internal diagnostics]
L000621 | [Epoch 22] [Time: 2.0976874828338623]
L000622 | [Train Loss: 0.7813]
L000623 | [Train F1: 0.686670972065602]
L000624 | [Train Acc: 0.6896685404148091]
L000625 | [Dev Loss: 1.1409]
L000626 | [Dev F1: 0.5304545331798688]
L000627 | [Dev Acc: 0.5514592933947773]
L000628 | 
L000629-L000644 | [REDACTED: batch progress and internal diagnostics]
L000645 | [Epoch 23] [Time: 2.178356409072876]
L000646 | [Train Loss: 0.7738]
L000647 | [Train F1: 0.6856991999616627]
L000648 | [Train Acc: 0.6896685404148091]
L000649 | [Dev Loss: 1.0941]
L000650 | [Dev F1: 0.5453858535022345]
L000651 | [Dev Acc: 0.5606758832565284]
L000652 | 
L000653-L000668 | [REDACTED: batch progress and internal diagnostics]
L000669 | [Epoch 24] [Time: 2.055421829223633]
L000670 | [Train Loss: 0.7587]
L000671 | [Train F1: 0.6990839451473715]
L000672 | [Train Acc: 0.7016863733281644]
L000673 | [Dev Loss: 1.1227]
L000674 | [Dev F1: 0.5355998425570119]
L000675 | [Dev Acc: 0.5529953917050692]
L000676 | 
L000677-L000692 | [REDACTED: batch progress and internal diagnostics]
L000693 | [Epoch 25] [Time: 2.0441558361053467]
L000694 | [Train Loss: 0.7266]
L000695 | [Train F1: 0.7184388205998532]
L000696 | [Train Acc: 0.7214576468307812]
L000697 | [Dev Loss: 1.1037]
L000698 | [Dev F1: 0.5360159963976469]
L000699 | [Dev Acc: 0.5529953917050692]
L000700 | 
L000701-L000716 | [REDACTED: batch progress and internal diagnostics]
L000717 | [Epoch 26] [Time: 2.205366611480713]
L000718 | [Train Loss: 0.7155]
L000719 | [Train F1: 0.7186175267673043]
L000720 | [Train Acc: 0.7201007947276604]
L000721 | [Dev Loss: 1.1059]
L000722 | [Dev F1: 0.552839616820648]
L000723 | [Dev Acc: 0.5637480798771122]
L000724 | 
L000725-L000740 | [REDACTED: batch progress and internal diagnostics]
L000741 | [Epoch 27] [Time: 2.0391252040863037]
L000742 | [Train Loss: 0.6988]
L000743 | [Train F1: 0.7198618322754686]
L000744 | [Train Acc: 0.7218453188602443]
L000745 | [Dev Loss: 1.1068]
L000746 | [Dev F1: 0.5663736766493047]
L000747 | [Dev Acc: 0.5806451612903226]
L000748 | 
L000749-L000764 | [REDACTED: batch progress and internal diagnostics]
L000765 | [Epoch 28] [Time: 2.037081003189087]
L000766 | [Train Loss: 0.6932]
L000767 | [Train F1: 0.7295359176477335]
L000768 | [Train Acc: 0.7309556115526264]
L000769 | [Dev Loss: 1.1103]
L000770 | [Dev F1: 0.5493083970460081]
L000771 | [Dev Acc: 0.565284178187404]
L000772 | 
L000773-L000788 | [REDACTED: batch progress and internal diagnostics]
L000789 | [Epoch 29] [Time: 2.149641275405884]
L000790 | [Train Loss: 0.6727]
L000791 | [Train F1: 0.7373082323454783]
L000792 | [Train Acc: 0.7390967241713511]
L000793 | [Dev Loss: 1.1157]
L000794 | [Dev F1: 0.5574485733734582]
L000795 | [Dev Acc: 0.5714285714285714]
L000796 | 
L000797-L000812 | [REDACTED: batch progress and internal diagnostics]
L000813 | [Epoch 30] [Time: 2.2475996017456055]
L000814 | [Train Loss: 0.649]
L000815 | [Train F1: 0.7448244267433882]
L000816 | [Train Acc: 0.7468501647606125]
L000817 | [Dev Loss: 1.1186]
L000818 | [Dev F1: 0.554417763254751]
L000819 | [Dev Acc: 0.565284178187404]
L000820 | 
L000821-L000836 | [REDACTED: batch progress and internal diagnostics]
L000837 | [Epoch 31] [Time: 2.0632855892181396]
L000838 | [Train Loss: 0.6502]
L000839 | [Train F1: 0.7493896540980115]
L000840 | [Train Acc: 0.7507268850552432]
L000841 | [Dev Loss: 1.1153]
L000842 | [Dev F1: 0.5671282409020333]
L000843 | [Dev Acc: 0.5806451612903226]
L000844 | 
L000845-L000860 | [REDACTED: batch progress and internal diagnostics]
L000861 | [Epoch 32] [Time: 1.990959882736206]
L000862 | [Train Loss: 0.6375]
L000863 | [Train F1: 0.754703166272768]
L000864 | [Train Acc: 0.7561542934677263]
L000865 | [Dev Loss: 1.1371]
L000866 | [Dev F1: 0.5558586545000052]
L000867 | [Dev Acc: 0.5698924731182796]
L000868 | 
L000869-L000884 | [REDACTED: batch progress and internal diagnostics]
L000885 | [Epoch 33] [Time: 2.012892961502075]
L000886 | [Train Loss: 0.6224]
L000887 | [Train F1: 0.7570323633782708]
L000888 | [Train Acc: 0.7580926536150416]
L000889 | [Dev Loss: 1.1083]
L000890 | [Dev F1: 0.580856958687789]
L000891 | [Dev Acc: 0.5913978494623656]
L000892 | 
L000893-L000908 | [REDACTED: batch progress and internal diagnostics]
L000909 | [Epoch 34] [Time: 2.0601069927215576]
L000910 | [Train Loss: 0.6105]
L000911 | [Train F1: 0.7658808266292914]
L000912 | [Train Acc: 0.7677844543516186]
L000913 | [Dev Loss: 1.1336]
L000914 | [Dev F1: 0.5752791018795291]
L000915 | [Dev Acc: 0.5883256528417818]
L000916 | 
L000917-L000932 | [REDACTED: batch progress and internal diagnostics]
L000933 | [Epoch 35] [Time: 2.1756157875061035]
L000934 | [Train Loss: 0.5964]
L000935 | [Train F1: 0.7735825764905666]
L000936 | [Train Acc: 0.7743748788524908]
L000937 | [Dev Loss: 1.1313]
L000938 | [Dev F1: 0.5662336023927234]
L000939 | [Dev Acc: 0.576036866359447]
L000940 | 
L000941-L000956 | [REDACTED: batch progress and internal diagnostics]
L000957 | [Epoch 36] [Time: 2.1292622089385986]
L000958 | [Train Loss: 0.6015]
L000959 | [Train F1: 0.7683772524442392]
L000960 | [Train Acc: 0.7693351424694709]
L000961 | [Dev Loss: 1.1464]
L000962 | [Dev F1: 0.5595002980801924]
L000963 | [Dev Acc: 0.5729646697388633]
L000964 | 
L000965-L000980 | [REDACTED: batch progress and internal diagnostics]
L000981 | [Epoch 37] [Time: 2.1745247840881348]
L000982 | [Train Loss: 0.5682]
L000983 | [Train F1: 0.7784510028102057]
L000984 | [Train Acc: 0.7790269432060477]
L000985 | [Dev Loss: 1.1567]
L000986 | [Dev F1: 0.573954809770821]
L000987 | [Dev Acc: 0.5837173579109063]
L000988 | 
L000989-L001004 | [REDACTED: batch progress and internal diagnostics]
L001005 | [Epoch 38] [Time: 2.183262825012207]
L001006 | [Train Loss: 0.562]
L001007 | [Train F1: 0.7887826533889543]
L001008 | [Train Acc: 0.7893002519868192]
L001009 | [Dev Loss: 1.1446]
L001010 | [Dev F1: 0.5727264540127842]
L001011 | [Dev Acc: 0.5867895545314901]
L001012 | 
L001013-L001028 | [REDACTED: batch progress and internal diagnostics]
L001029 | [Epoch 39] [Time: 2.1138033866882324]
L001030 | [Train Loss: 0.5572]
L001031 | [Train F1: 0.787177016870701]
L001032 | [Train Acc: 0.7887187439426245]
L001033 | [Dev Loss: 1.139]
L001034 | [Dev F1: 0.5812745999532929]
L001035 | [Dev Acc: 0.5929339477726574]
L001036 | 
L001037-L001052 | [REDACTED: batch progress and internal diagnostics]
L001053 | [Epoch 40] [Time: 2.1282730102539062]
L001054 | [Train Loss: 0.5352]
L001055 | [Train F1: 0.7907030384680565]
L001056 | [Train Acc: 0.791432448148866]
L001057 | [Dev Loss: 1.1534]
L001058 | [Dev F1: 0.5667155632467132]
L001059 | [Dev Acc: 0.5745007680491552]
L001060 | 
L001061-L001076 | [REDACTED: batch progress and internal diagnostics]
L001077 | [Epoch 41] [Time: 2.1832053661346436]
L001078 | [Train Loss: 0.5351]
L001079 | [Train F1: 0.7888510980294494]
L001080 | [Train Acc: 0.7893002519868192]
L001081 | [Dev Loss: 1.1406]
L001082 | [Dev F1: 0.5699435297830422]
L001083 | [Dev Acc: 0.5791090629800307]
L001084 | 
L001085-L001100 | [REDACTED: batch progress and internal diagnostics]
L001101 | [Epoch 42] [Time: 2.105112314224243]
L001102 | [Train Loss: 0.5204]
L001103 | [Train F1: 0.805701499702967]
L001104 | [Train Acc: 0.8063578212831944]
L001105 | [Dev Loss: 1.1857]
L001106 | [Dev F1: 0.5709837117299369]
L001107 | [Dev Acc: 0.5806451612903226]
L001108 | 
L001109-L001124 | [REDACTED: batch progress and internal diagnostics]
L001125 | [Epoch 43] [Time: 2.1428065299987793]
L001126 | [Train Loss: 0.5172]
L001127 | [Train F1: 0.799158581254695]
L001128 | [Train Acc: 0.7995735607675906]
L001129 | [Dev Loss: 1.2171]
L001130 | [Dev F1: 0.5649799625369862]
L001131 | [Dev Acc: 0.576036866359447]
L001132 | 
L001133-L001148 | [REDACTED: batch progress and internal diagnostics]
L001149 | [Epoch 44] [Time: 2.137824535369873]
L001150 | [Train Loss: 0.5133]
L001151 | [Train F1: 0.8088894176368707]
L001152 | [Train Acc: 0.8096530335336305]
L001153 | [Dev Loss: 1.2299]
L001154 | [Dev F1: 0.5602091773158159]
L001155 | [Dev Acc: 0.5729646697388633]
L001156 | 
L001157-L001172 | [REDACTED: batch progress and internal diagnostics]
L001173 | [Epoch 45] [Time: 2.0779783725738525]
L001174 | [Train Loss: 0.4894]
L001175 | [Train F1: 0.8145134020895599]
L001176 | [Train Acc: 0.8148866059313821]
L001177 | [Dev Loss: 1.2011]
L001178 | [Dev F1: 0.5700986258300293]
L001179 | [Dev Acc: 0.5791090629800307]
L001180 | 
L001181-L001196 | [REDACTED: batch progress and internal diagnostics]
L001197 | [Epoch 46] [Time: 2.067593574523926]
L001198 | [Train Loss: 0.4848]
L001199 | [Train F1: 0.8199401782847104]
L001200 | [Train Acc: 0.8201201783291335]
L001201 | [Dev Loss: 1.2171]
L001202 | [Dev F1: 0.5770401963587546]
L001203 | [Dev Acc: 0.5898617511520737]
L001204 | 
L001205-L001220 | [REDACTED: batch progress and internal diagnostics]
L001221 | [Epoch 47] [Time: 2.1604628562927246]
L001222 | [Train Loss: 0.4672]
L001223 | [Train F1: 0.8273726085901737]
L001224 | [Train Acc: 0.827485946888932]
L001225 | [Dev Loss: 1.2087]
L001226 | [Dev F1: 0.581433845519051]
L001227 | [Dev Acc: 0.5913978494623656]
L001228 | 
L001229-L001244 | [REDACTED: batch progress and internal diagnostics]
L001245 | [Epoch 48] [Time: 2.0596418380737305]
L001246 | [Train Loss: 0.4721]
L001247 | [Train F1: 0.8191657170803434]
L001248 | [Train Acc: 0.819926342314402]
L001249 | [Dev Loss: 1.2119]
L001250 | [Dev F1: 0.5877754638159903]
L001251 | [Dev Acc: 0.5975422427035331]
L001252 | 
L001253-L001268 | [REDACTED: batch progress and internal diagnostics]
L001269 | [Epoch 49] [Time: 2.171506643295288]
L001270 | [Train Loss: 0.4677]
L001271 | [Train F1: 0.8253779294863722]
L001272 | [Train Acc: 0.8255475867416165]
L001273 | [Dev Loss: 1.2473]
L001274 | [Dev F1: 0.5742246923436203]
L001275 | [Dev Acc: 0.5852534562211982]
L001276 | 
L001277-L001292 | [REDACTED: batch progress and internal diagnostics]
L001293 | [Epoch 50] [Time: 2.1781742572784424]
L001294 | [Train Loss: 0.4546]
L001295 | [Train F1: 0.831422385091908]
L001296 | [Train Acc: 0.8317503392130258]
L001297 | [Dev Loss: 1.2481]
L001298 | [Dev F1: 0.5765939721321361]
L001299 | [Dev Acc: 0.5867895545314901]
L001300 | 
L001301-L001316 | [REDACTED: batch progress and internal diagnostics]
L001317 | [Epoch 51] [Time: 2.107442855834961]
L001318 | [Train Loss: 0.4506]
L001319 | [Train F1: 0.8321506312442806]
L001320 | [Train Acc: 0.8327195192866834]
L001321 | [Dev Loss: 1.2761]
L001322 | [Dev F1: 0.5770407539168729]
L001323 | [Dev Acc: 0.5883256528417818]
L001324 | 
L001325-L001340 | [REDACTED: batch progress and internal diagnostics]
L001341 | [Epoch 52] [Time: 2.1403536796569824]
L001342 | [Train Loss: 0.4536]
L001343 | [Train F1: 0.8324051916705121]
L001344 | [Train Acc: 0.832525683271952]
L001345 | [Dev Loss: 1.2744]
L001346 | [Dev F1: 0.56582455932693]
L001347 | [Dev Acc: 0.5775729646697388]
L001348 | 
L001349-L001364 | [REDACTED: batch progress and internal diagnostics]
L001365 | [Epoch 53] [Time: 1.9517507553100586]
L001366 | [Train Loss: 0.425]
L001367 | [Train F1: 0.8459508701769209]
L001368 | [Train Acc: 0.8462880403178911]
L001369 | [Dev Loss: 1.2686]
L001370 | [Dev F1: 0.5719004813668852]
L001371 | [Dev Acc: 0.5821812596006144]
L001372 | 
L001373-L001388 | [REDACTED: batch progress and internal diagnostics]
L001389 | [Epoch 54] [Time: 2.1334633827209473]
L001390 | [Train Loss: 0.424]
L001391 | [Train F1: 0.8459420853499798]
L001392 | [Train Acc: 0.8462880403178911]
L001393 | [Dev Loss: 1.2737]
L001394 | [Dev F1: 0.58062885377707]
L001395 | [Dev Acc: 0.5913978494623656]
L001396 | 
L001397-L001412 | [REDACTED: batch progress and internal diagnostics]
L001413 | [Epoch 55] [Time: 2.258897304534912]
L001414 | [Train Loss: 0.4123]
L001415 | [Train F1: 0.8508075413985096]
L001416 | [Train Acc: 0.850940104671448]
L001417 | [Dev Loss: 1.2731]
L001418 | [Dev F1: 0.5858625921629604]
L001419 | [Dev Acc: 0.5960061443932412]
L001420 | 
L001421-L001436 | [REDACTED: batch progress and internal diagnostics]
L001437 | [Epoch 56] [Time: 2.2256596088409424]
L001438 | [Train Loss: 0.4051]
L001439 | [Train F1: 0.8515138873127901]
L001440 | [Train Acc: 0.8519092847451056]
L001441 | [Dev Loss: 1.2874]
L001442 | [Dev F1: 0.58755462128051]
L001443 | [Dev Acc: 0.5975422427035331]
L001444 | 
L001445-L001460 | [REDACTED: batch progress and internal diagnostics]
L001461 | [Epoch 57] [Time: 2.168067455291748]
L001462 | [Train Loss: 0.3945]
L001463 | [Train F1: 0.8540080658219358]
L001464 | [Train Acc: 0.854235316921884]
L001465 | [Dev Loss: 1.3152]
L001466 | [Dev F1: 0.5789644734710339]
L001467 | [Dev Acc: 0.5898617511520737]
L001468 | 
L001469-L001484 | [REDACTED: batch progress and internal diagnostics]
L001485 | [Epoch 58] [Time: 2.25290846824646]
L001486 | [Train Loss: 0.3946]
L001487 | [Train F1: 0.8555791692699278]
L001488 | [Train Acc: 0.8557860050397363]
L001489 | [Dev Loss: 1.3123]
L001490 | [Dev F1: 0.5846470738646522]
L001491 | [Dev Acc: 0.5944700460829493]
L001492 | 
L001493-L001508 | [REDACTED: batch progress and internal diagnostics]
L001509 | [Epoch 59] [Time: 2.2241649627685547]
L001510 | [Train Loss: 0.3967]
L001511 | [Train F1: 0.8573996069439006]
L001512 | [Train Acc: 0.8575305291723202]
L001513 | [Dev Loss: 1.3167]
L001514 | [Dev F1: 0.5827222976955199]
L001515 | [Dev Acc: 0.5929339477726574]
L001516 | 
L001517-L001532 | [REDACTED: batch progress and internal diagnostics]
L001533 | [Epoch 60] [Time: 2.1827080249786377]
L001534 | [Train Loss: 0.385]
L001535 | [Train F1: 0.8604694695995017]
L001536 | [Train Acc: 0.8608257414227564]
L001537 | [Dev Loss: 1.3338]
L001538 | [Dev F1: 0.5797256522760927]
L001539 | [Dev Acc: 0.5883256528417818]
L001540 | 
L001541-L001556 | [REDACTED: batch progress and internal diagnostics]
L001557 | [Epoch 61] [Time: 2.0447070598602295]
L001558 | [Train Loss: 0.3744]
L001559 | [Train F1: 0.8602987310780226]
L001560 | [Train Acc: 0.8604380693932933]
L001561 | [Dev Loss: 1.3568]
L001562 | [Dev F1: 0.5892374137424137]
L001563 | [Dev Acc: 0.5990783410138248]
L001564 | 
L001565-L001580 | [REDACTED: batch progress and internal diagnostics]
L001581 | [Epoch 62] [Time: 2.2073397636413574]
L001582 | [Train Loss: 0.3708]
L001583 | [Train F1: 0.8639779727667964]
L001584 | [Train Acc: 0.8641209536731925]
L001585 | [Dev Loss: 1.3505]
L001586 | [Dev F1: 0.5869992515129981]
L001587 | [Dev Acc: 0.5960061443932412]
L001588 | 
L001589-L001604 | [REDACTED: batch progress and internal diagnostics]
L001605 | [Epoch 63] [Time: 2.282496929168701]
L001606 | [Train Loss: 0.3765]
L001607 | [Train F1: 0.8639303201111965]
L001608 | [Train Acc: 0.8641209536731925]
L001609 | [Dev Loss: 1.3892]
L001610 | [Dev F1: 0.5825576685876626]
L001611 | [Dev Acc: 0.5929339477726574]
L001612 | 
L001613-L001628 | [REDACTED: batch progress and internal diagnostics]
L001629 | [Epoch 64] [Time: 2.157304525375366]
L001630 | [Train Loss: 0.3583]
L001631 | [Train F1: 0.8682779368721901]
L001632 | [Train Acc: 0.8683853459972863]
L001633 | [Dev Loss: 1.3942]
L001634 | [Dev F1: 0.5811691532154427]
L001635 | [Dev Acc: 0.5913978494623656]
L001636 | 
L001637-L001652 | [REDACTED: batch progress and internal diagnostics]
L001653 | [Epoch 65] [Time: 2.287616491317749]
L001654 | [Train Loss: 0.3557]
L001655 | [Train F1: 0.8724500279217224]
L001656 | [Train Acc: 0.8726497383213802]
L001657 | [Dev Loss: 1.3867]
L001658 | [Dev F1: 0.5812549890547869]
L001659 | [Dev Acc: 0.5913978494623656]
L001660 | 
L001661-L001676 | [REDACTED: batch progress and internal diagnostics]
L001677 | [Epoch 66] [Time: 2.2587859630584717]
L001678 | [Train Loss: 0.3535]
L001679 | [Train F1: 0.8728744035084255]
L001680 | [Train Acc: 0.8730374103508431]
L001681 | [Dev Loss: 1.3999]
L001682 | [Dev F1: 0.5861045716552206]
L001683 | [Dev Acc: 0.5960061443932412]
L001684 | 
L001685-L001700 | [REDACTED: batch progress and internal diagnostics]
L001701 | [Epoch 67] [Time: 2.2830352783203125]
L001702 | [Train Loss: 0.3405]
L001703 | [Train F1: 0.8787278812729312]
L001704 | [Train Acc: 0.8788524907927893]
L001705 | [Dev Loss: 1.3765]
L001706 | [Dev F1: 0.5882051659630242]
L001707 | [Dev Acc: 0.5960061443932412]
L001708 | 
L001709-L001724 | [REDACTED: batch progress and internal diagnostics]
L001725 | [Epoch 68] [Time: 2.0593602657318115]
L001726 | [Train Loss: 0.3364]
L001727 | [Train F1: 0.8788494098182528]
L001728 | [Train Acc: 0.8788524907927893]
L001729 | [Dev Loss: 1.427]
L001730 | [Dev F1: 0.5843046172891153]
L001731 | [Dev Acc: 0.5944700460829493]
L001732 | 
L001733-L001748 | [REDACTED: batch progress and internal diagnostics]
L001749 | [Epoch 69] [Time: 2.078235387802124]
L001750 | [Train Loss: 0.3336]
L001751 | [Train F1: 0.8733980120872131]
L001752 | [Train Acc: 0.8736189183950378]
L001753 | [Dev Loss: 1.4358]
L001754 | [Dev F1: 0.5860878946823536]
L001755 | [Dev Acc: 0.5960061443932412]
L001756 | 
L001757-L001772 | [REDACTED: batch progress and internal diagnostics]
L001773 | [Epoch 70] [Time: 1.9598426818847656]
L001774 | [Train Loss: 0.338]
L001775 | [Train F1: 0.8748685517612115]
L001776 | [Train Acc: 0.8749757704981586]
L001777 | [Dev Loss: 1.444]
L001778 | [Dev F1: 0.5812950160224987]
L001779 | [Dev Acc: 0.5929339477726574]
L001780 | 
L001781-L001796 | [REDACTED: batch progress and internal diagnostics]
L001797 | [Epoch 71] [Time: 2.1978137493133545]
L001798 | [Train Loss: 0.3313]
L001799 | [Train F1: 0.8814117739838436]
L001800 | [Train Acc: 0.8815661949990308]
L001801 | [Dev Loss: 1.4063]
L001802 | [Dev F1: 0.5872505498700908]
L001803 | [Dev Acc: 0.5960061443932412]
L001804 | 
L001805-L001820 | [REDACTED: batch progress and internal diagnostics]
L001821 | [Epoch 72] [Time: 2.133453845977783]
L001822 | [Train Loss: 0.3304]
L001823 | [Train F1: 0.8799531489733449]
L001824 | [Train Acc: 0.8800155068811786]
L001825 | [Dev Loss: 1.4553]
L001826 | [Dev F1: 0.5918512005847817]
L001827 | [Dev Acc: 0.6006144393241167]
L001828 | 
L001829-L001844 | [REDACTED: batch progress and internal diagnostics]
L001845 | [Epoch 73] [Time: 2.0396885871887207]
L001846 | [Train Loss: 0.3231]
L001847 | [Train F1: 0.8808329031132953]
L001848 | [Train Acc: 0.8809846869548362]
L001849 | [Dev Loss: 1.447]
L001850 | [Dev F1: 0.5919002315597944]
L001851 | [Dev Acc: 0.6021505376344086]
L001852 | 
L001853-L001868 | [REDACTED: batch progress and internal diagnostics]
L001869 | [Epoch 74] [Time: 2.096696138381958]
L001870 | [Train Loss: 0.3127]
L001871 | [Train F1: 0.8900517705281846]
L001872 | [Train Acc: 0.8900949796472184]
L001873 | [Dev Loss: 1.4661]
L001874 | [Dev F1: 0.5803717751463695]
L001875 | [Dev Acc: 0.5898617511520737]
L001876 | 
L001877-L001892 | [REDACTED: batch progress and internal diagnostics]
L001893 | [Epoch 75] [Time: 2.3235199451446533]
L001894 | [Train Loss: 0.3165]
L001895 | [Train F1: 0.884557415092994]
L001896 | [Train Acc: 0.8846675712347354]
L001897 | [Dev Loss: 1.4393]
L001898 | [Dev F1: 0.5853518194450732]
L001899 | [Dev Acc: 0.5929339477726574]
L001900 | 
L001901-L001916 | [REDACTED: batch progress and internal diagnostics]
L001917 | [Epoch 76] [Time: 2.069047212600708]
L001918 | [Train Loss: 0.2957]
L001919 | [Train F1: 0.8961467236826731]
L001920 | [Train Acc: 0.8962977321186276]
L001921 | [Dev Loss: 1.4985]
L001922 | [Dev F1: 0.5733543372028899]
L001923 | [Dev Acc: 0.5837173579109063]
L001924 | 
L001925-L001940 | [REDACTED: batch progress and internal diagnostics]
L001941 | [Epoch 77] [Time: 2.0379796028137207]
L001942 | [Train Loss: 0.2882]
L001943 | [Train F1: 0.897519771275529]
L001944 | [Train Acc: 0.8974607482070168]
L001945 | [Dev Loss: 1.5]
L001946 | [Dev F1: 0.5774451623628248]
L001947 | [Dev Acc: 0.5852534562211982]
L001948 | 
L001949-L001964 | [REDACTED: batch progress and internal diagnostics]
L001965 | [Epoch 78] [Time: 2.0943241119384766]
L001966 | [Train Loss: 0.2946]
L001967 | [Train F1: 0.8949683392413705]
L001968 | [Train Acc: 0.8951347160302384]
L001969 | [Dev Loss: 1.5214]
L001970 | [Dev F1: 0.5845293070695989]
L001971 | [Dev Acc: 0.5929339477726574]
L001972 | 
L001973-L001988 | [REDACTED: batch progress and internal diagnostics]
L001989 | [Epoch 79] [Time: 2.005706310272217]
L001990 | [Train Loss: 0.2932]
L001991 | [Train F1: 0.8930354007058343]
L001992 | [Train Acc: 0.8930025198681915]
L001993 | [Dev Loss: 1.5272]
L001994 | [Dev F1: 0.5818113073707509]
L001995 | [Dev Acc: 0.5913978494623656]
L001996 | 
L001997-L002012 | [REDACTED: batch progress and internal diagnostics]
L002013 | [Epoch 80] [Time: 2.209867000579834]
L002014 | [Train Loss: 0.2843]
L002015 | [Train F1: 0.904395044298001]
L002016 | [Train Acc: 0.9044388447373523]
L002017 | [Dev Loss: 1.5854]
L002018 | [Dev F1: 0.5770224865771236]
L002019 | [Dev Acc: 0.5898617511520737]
L002020 | 
L002021-L002036 | [REDACTED: batch progress and internal diagnostics]
L002037 | [Epoch 81] [Time: 2.1597204208374023]
L002038 | [Train Loss: 0.2796]
L002039 | [Train F1: 0.8972518216157872]
L002040 | [Train Acc: 0.8974607482070168]
L002041 | [Dev Loss: 1.5533]
L002042 | [Dev F1: 0.5695428127426617]
L002043 | [Dev Acc: 0.5775729646697388]
L002044 | 
L002045-L002060 | [REDACTED: batch progress and internal diagnostics]
L002061 | [Epoch 82] [Time: 2.137291193008423]
L002062 | [Train Loss: 0.2776]
L002063 | [Train F1: 0.903075067251215]
L002064 | [Train Acc: 0.9030819926342314]
L002065 | [Dev Loss: 1.5866]
L002066 | [Dev F1: 0.5784030752822923]
L002067 | [Dev Acc: 0.5867895545314901]
L002068 | 
L002069-L002084 | [REDACTED: batch progress and internal diagnostics]
L002085 | [Epoch 83] [Time: 2.0904605388641357]
L002086 | [Train Loss: 0.2695]
L002087 | [Train F1: 0.9012013274423192]
L002088 | [Train Acc: 0.9013374685016476]
L002089 | [Dev Loss: 1.5701]
L002090 | [Dev F1: 0.5730372135485201]
L002091 | [Dev Acc: 0.5821812596006144]
L002092 | 
L002093-L002108 | [REDACTED: batch progress and internal diagnostics]
L002109 | [Epoch 84] [Time: 2.1322481632232666]
L002110 | [Train Loss: 0.274]
L002111 | [Train F1: 0.9019394739593152]
L002112 | [Train Acc: 0.9019189765458422]
L002113 | [Dev Loss: 1.595]
L002114 | [Dev F1: 0.5758344341196123]
L002115 | [Dev Acc: 0.5852534562211982]
L002116 | 
L002117-L002132 | [REDACTED: batch progress and internal diagnostics]
L002133 | [Epoch 85] [Time: 2.0485641956329346]
L002134 | [Train Loss: 0.2679]
L002135 | [Train F1: 0.9042201509081754]
L002136 | [Train Acc: 0.9044388447373523]
L002137 | [Dev Loss: 1.5807]
L002138 | [Dev F1: 0.5809816733476348]
L002139 | [Dev Acc: 0.5913978494623656]
L002140 | 
L002141-L002156 | [REDACTED: batch progress and internal diagnostics]
L002157 | [Epoch 86] [Time: 2.221914768218994]
L002158 | [Train Loss: 0.2634]
L002159 | [Train F1: 0.9106413097507959]
L002160 | [Train Acc: 0.9106415972087614]
L002161 | [Dev Loss: 1.6176]
L002162 | [Dev F1: 0.5775080972549627]
L002163 | [Dev Acc: 0.5867895545314901]
L002164 | 
L002165-L002180 | [REDACTED: batch progress and internal diagnostics]
L002181 | [Epoch 87] [Time: 2.271151542663574]
L002182 | [Train Loss: 0.2622]
L002183 | [Train F1: 0.9056718413656525]
L002184 | [Train Acc: 0.905795696840473]
L002185 | [Dev Loss: 1.5852]
L002186 | [Dev F1: 0.5873356100170379]
L002187 | [Dev Acc: 0.5975422427035331]
L002188 | 
L002189-L002204 | [REDACTED: batch progress and internal diagnostics]
L002205 | [Epoch 88] [Time: 2.0843911170959473]
L002206 | [Train Loss: 0.2475]
L002207 | [Train F1: 0.9105297895633344]
L002208 | [Train Acc: 0.9104477611940298]
L002209 | [Dev Loss: 1.6329]
L002210 | [Dev F1: 0.5677775056337686]
L002211 | [Dev Acc: 0.5791090629800307]
L002212 | 
L002213-L002228 | [REDACTED: batch progress and internal diagnostics]
L002229 | [Epoch 89] [Time: 2.1926677227020264]
L002230 | [Train Loss: 0.2499]
L002231 | [Train F1: 0.9169103302044181]
L002232 | [Train Acc: 0.9170381856949021]
L002233 | [Dev Loss: 1.6118]
L002234 | [Dev F1: 0.5699906490846964]
L002235 | [Dev Acc: 0.5791090629800307]
L002236 | 
L002237-L002252 | [REDACTED: batch progress and internal diagnostics]
L002253 | [Epoch 90] [Time: 2.2252988815307617]
L002254 | [Train Loss: 0.2558]
L002255 | [Train F1: 0.9136464385056071]
L002256 | [Train Acc: 0.9135491374297344]
L002257 | [Dev Loss: 1.6877]
L002258 | [Dev F1: 0.5651679052612005]
L002259 | [Dev Acc: 0.576036866359447]
L002260 | 
L002261-L002276 | [REDACTED: batch progress and internal diagnostics]
L002277 | [Epoch 91] [Time: 2.2475969791412354]
L002278 | [Train Loss: 0.2445]
L002279 | [Train F1: 0.9167665195944928]
L002280 | [Train Acc: 0.9168443496801706]
L002281 | [Dev Loss: 1.6805]
L002282 | [Dev F1: 0.5766581103349001]
L002283 | [Dev Acc: 0.5883256528417818]
L002284 | 
L002285-L002300 | [REDACTED: batch progress and internal diagnostics]
L002301 | [Epoch 92] [Time: 2.2653274536132812]
L002302 | [Train Loss: 0.2449]
L002303 | [Train F1: 0.912812538920086]
L002304 | [Train Acc: 0.9127737933708083]
L002305 | [Dev Loss: 1.661]
L002306 | [Dev F1: 0.5759161893914586]
L002307 | [Dev Acc: 0.5837173579109063]
L002308 | 
L002309-L002324 | [REDACTED: batch progress and internal diagnostics]
L002325 | [Epoch 93] [Time: 2.1543588638305664]
L002326 | [Train Loss: 0.2486]
L002327 | [Train F1: 0.9108024406353]
L002328 | [Train Acc: 0.9108354332234929]
L002329 | [Dev Loss: 1.6692]
L002330 | [Dev F1: 0.5703309179596135]
L002331 | [Dev Acc: 0.5821812596006144]
L002332 | 
L002333-L002348 | [REDACTED: batch progress and internal diagnostics]
L002349 | [Epoch 94] [Time: 2.227309226989746]
L002350 | [Train Loss: 0.2382]
L002351 | [Train F1: 0.9148402642355881]
L002352 | [Train Acc: 0.9149059895328552]
L002353 | [Dev Loss: 1.7307]
L002354 | [Dev F1: 0.5611407371949674]
L002355 | [Dev Acc: 0.5698924731182796]
L002356 | 
L002357-L002372 | [REDACTED: batch progress and internal diagnostics]
L002373 | [Epoch 95] [Time: 2.212061882019043]
L002374 | [Train Loss: 0.2413]
L002375 | [Train F1: 0.9125252605320554]
L002376 | [Train Acc: 0.9125799573560768]
L002377 | [Dev Loss: 1.6833]
L002378 | [Dev F1: 0.5666243436730155]
L002379 | [Dev Acc: 0.576036866359447]
L002380 | 
L002381-L002396 | [REDACTED: batch progress and internal diagnostics]
L002397 | [Epoch 96] [Time: 2.2149994373321533]
L002398 | [Train Loss: 0.2418]
L002399 | [Train F1: 0.9148467839442628]
L002400 | [Train Acc: 0.9149059895328552]
L002401 | [Dev Loss: 1.6699]
L002402 | [Dev F1: 0.5558423347901348]
L002403 | [Dev Acc: 0.5622119815668203]
L002404 | 
L002405-L002420 | [REDACTED: batch progress and internal diagnostics]
L002421 | [Epoch 97] [Time: 2.255007743835449]
L002422 | [Train Loss: 0.235]
L002423 | [Train F1: 0.917385514775161]
L002424 | [Train Acc: 0.9174258577243651]
L002425 | [Dev Loss: 1.6825]
L002426 | [Dev F1: 0.5790137678976007]
L002427 | [Dev Acc: 0.5867895545314901]
L002428 | 
L002429-L002444 | [REDACTED: batch progress and internal diagnostics]
L002445 | [Epoch 98] [Time: 2.267488718032837]
L002446 | [Train Loss: 0.2215]
L002447 | [Train F1: 0.9211805283795703]
L002448 | [Train Acc: 0.921302578018996]
L002449 | [Dev Loss: 1.7316]
L002450 | [Dev F1: 0.5717253413114135]
L002451 | [Dev Acc: 0.5821812596006144]
L002452 | Early stopping at epoch: 98
L002453 | Last model
L002454 |               precision    recall  f1-score   support
L002455 | 
L002456 |          hap     0.4771    0.3611    0.4111       144
L002457 |          sad     0.7921    0.6531    0.7159       245
L002458 |          neu     0.5646    0.5807    0.5725       384
L002459 |          ang     0.5621    0.5059    0.5325       170
L002460 |          exc     0.6985    0.7592    0.7276       299
L002461 |          fru     0.5171    0.5958    0.5537       381
L002462 | 
L002463 |     accuracy                         0.6007      1623
L002464 |    macro avg     0.6019    0.5760    0.5855      1623
L002465 | weighted avg     0.6044    0.6007    0.5998      1623
L002466 | 
L002467 | Best model at epoch: 73
L002468 | Best dev F1: 0.5919002315597944
L002469 |               precision    recall  f1-score   support
L002470 | 
L002471 |          hap     0.4951    0.3542    0.4130       144
L002472 |          sad     0.7945    0.7102    0.7500       245
L002473 |          neu     0.5745    0.6224    0.5975       384
L002474 |          ang     0.6429    0.4765    0.5473       170
L002475 |          exc     0.7143    0.7692    0.7407       299
L002476 |          fru     0.5378    0.6168    0.5746       381
L002477 | 
L002478 |     accuracy                         0.6223      1623
L002479 |    macro avg     0.6265    0.5915    0.6038      1623
L002480 | weighted avg     0.6250    0.6223    0.6199      1623
L002481 | 
L002482 | Best test F1: 0.6198950027767431
L002483 | Best test Acc: 0.6223043746149106
L002484 | [SANITIZED] Saved checkpoint: [path and filename removed]
