# Redacted copy of an existing run log.
# run_id: G08-seed3
# dataset: IEMOCAP
# model: MMGCN+AMBER
# imr: (0.3,0.7,0.5)
# seed_alias: seed3
# original_log_sha256: 29bcc113b07f53f87961fa89706ec063447ceff0aead77346cd25d10dee72d4c
# source_record_status: ok
# source_record_process_return_code: 3221226505
# L numbers refer to source logical lines; REDACTED/SANITIZED text is editorial.
L000001-L000065 | [REDACTED: configuration or implementation details]
L000066 | [SANITIZED] Seed alias: seed3
L000067 | 
L000068-L000069 | [REDACTED: batch progress and internal diagnostics]
L000070 | 
L000071-L000072 | [REDACTED: batch progress and internal diagnostics]
L000073 | 
L000074-L000075 | [REDACTED: batch progress and internal diagnostics]
L000076 | 
L000077-L000092 | [REDACTED: batch progress and internal diagnostics]
L000093 | [Epoch 0] [Time: 2.763306140899658]
L000094 | [Train Loss: 1.8256]
L000095 | [Train F1: 0.19241033046875827]
L000096 | [Train Acc: 0.20938215102974828]
L000097 | [Dev Loss: 1.579]
L000098 | [Dev F1: 0.3440015398229426]
L000099 | [Dev Acc: 0.36042402826855124]
L000100 | 
L000101-L000116 | [REDACTED: batch progress and internal diagnostics]
L000117 | [Epoch 1] [Time: 2.181886672973633]
L000118 | [Train Loss: 1.6612]
L000119 | [Train F1: 0.27955229570833956]
L000120 | [Train Acc: 0.2951945080091533]
L000121 | [Dev Loss: 1.4917]
L000122 | [Dev F1: 0.37573773059487403]
L000123 | [Dev Acc: 0.42226148409893993]
L000124 | 
L000125-L000140 | [REDACTED: batch progress and internal diagnostics]
L000141 | [Epoch 2] [Time: 2.103201389312744]
L000142 | [Train Loss: 1.5843]
L000143 | [Train F1: 0.3177889192594393]
L000144 | [Train Acc: 0.33733790999237223]
L000145 | [Dev Loss: 1.4415]
L000146 | [Dev F1: 0.40227529026021674]
L000147 | [Dev Acc: 0.43109540636042404]
L000148 | 
L000149-L000164 | [REDACTED: batch progress and internal diagnostics]
L000165 | [Epoch 3] [Time: 2.168322801589966]
L000166 | [Train Loss: 1.5158]
L000167 | [Train F1: 0.36109045444243343]
L000168 | [Train Acc: 0.37395118230358504]
L000169 | [Dev Loss: 1.3997]
L000170 | [Dev F1: 0.43564672415297545]
L000171 | [Dev Acc: 0.45229681978798586]
L000172 | 
L000173-L000188 | [REDACTED: batch progress and internal diagnostics]
L000189 | [Epoch 4] [Time: 1.9902024269104004]
L000190 | [Train Loss: 1.4507]
L000191 | [Train F1: 0.39573495301912254]
L000192 | [Train Acc: 0.40598779557589626]
L000193 | [Dev Loss: 1.3428]
L000194 | [Dev F1: 0.45686154157267955]
L000195 | [Dev Acc: 0.4734982332155477]
L000196 | 
L000197-L000212 | [REDACTED: batch progress and internal diagnostics]
L000213 | [Epoch 5] [Time: 2.089661121368408]
L000214 | [Train Loss: 1.3821]
L000215 | [Train F1: 0.42791758449491724]
L000216 | [Train Acc: 0.4361174675819985]
L000217 | [Dev Loss: 1.2812]
L000218 | [Dev F1: 0.4719347304603528]
L000219 | [Dev Acc: 0.4929328621908127]
L000220 | 
L000221-L000236 | [REDACTED: batch progress and internal diagnostics]
L000237 | [Epoch 6] [Time: 2.1726555824279785]
L000238 | [Train Loss: 1.3143]
L000239 | [Train F1: 0.45159451996508476]
L000240 | [Train Acc: 0.4576659038901602]
L000241 | [Dev Loss: 1.237]
L000242 | [Dev F1: 0.4854912695350796]
L000243 | [Dev Acc: 0.5070671378091873]
L000244 | 
L000245-L000260 | [REDACTED: batch progress and internal diagnostics]
L000261 | [Epoch 7] [Time: 2.2489264011383057]
L000262 | [Train Loss: 1.2705]
L000263 | [Train F1: 0.4828142620820999]
L000264 | [Train Acc: 0.4881769641495042]
L000265 | [Dev Loss: 1.2019]
L000266 | [Dev F1: 0.494645290985886]
L000267 | [Dev Acc: 0.5141342756183745]
L000268 | 
L000269-L000284 | [REDACTED: batch progress and internal diagnostics]
L000285 | [Epoch 8] [Time: 2.3298614025115967]
L000286 | [Train Loss: 1.2234]
L000287 | [Train F1: 0.4872453718294706]
L000288 | [Train Acc: 0.4919908466819222]
L000289 | [Dev Loss: 1.1698]
L000290 | [Dev F1: 0.4933797933014389]
L000291 | [Dev Acc: 0.5123674911660777]
L000292 | 
L000293-L000308 | [REDACTED: batch progress and internal diagnostics]
L000309 | [Epoch 9] [Time: 2.2840778827667236]
L000310 | [Train Loss: 1.1687]
L000311 | [Train F1: 0.522840525824847]
L000312 | [Train Acc: 0.5308924485125858]
L000313 | [Dev Loss: 1.141]
L000314 | [Dev F1: 0.5194921635447658]
L000315 | [Dev Acc: 0.5371024734982333]
L000316 | 
L000317-L000332 | [REDACTED: batch progress and internal diagnostics]
L000333 | [Epoch 10] [Time: 2.0796048641204834]
L000334 | [Train Loss: 1.1363]
L000335 | [Train F1: 0.5348650457764392]
L000336 | [Train Acc: 0.5404271548436308]
L000337 | [Dev Loss: 1.1231]
L000338 | [Dev F1: 0.5263646910957475]
L000339 | [Dev Acc: 0.5441696113074205]
L000340 | 
L000341-L000356 | [REDACTED: batch progress and internal diagnostics]
L000357 | [Epoch 11] [Time: 2.1599292755126953]
L000358 | [Train Loss: 1.1014]
L000359 | [Train F1: 0.5471164620965955]
L000360 | [Train Acc: 0.5512967200610221]
L000361 | [Dev Loss: 1.1048]
L000362 | [Dev F1: 0.5401249025322505]
L000363 | [Dev Acc: 0.5565371024734982]
L000364 | 
L000365-L000380 | [REDACTED: batch progress and internal diagnostics]
L000381 | [Epoch 12] [Time: 2.1915321350097656]
L000382 | [Train Loss: 1.071]
L000383 | [Train F1: 0.5622707931008157]
L000384 | [Train Acc: 0.5684591914569032]
L000385 | [Dev Loss: 1.0944]
L000386 | [Dev F1: 0.5305584403101297]
L000387 | [Dev Acc: 0.5477031802120141]
L000388 | 
L000389-L000404 | [REDACTED: batch progress and internal diagnostics]
L000405 | [Epoch 13] [Time: 2.1972644329071045]
L000406 | [Train Loss: 1.0224]
L000407 | [Train F1: 0.581625830311299]
L000408 | [Train Acc: 0.5869565217391305]
L000409 | [Dev Loss: 1.0672]
L000410 | [Dev F1: 0.5523820252786666]
L000411 | [Dev Acc: 0.568904593639576]
L000412 | 
L000413-L000428 | [REDACTED: batch progress and internal diagnostics]
L000429 | [Epoch 14] [Time: 2.1066293716430664]
L000430 | [Train Loss: 1.0055]
L000431 | [Train F1: 0.5853595900280546]
L000432 | [Train Acc: 0.5898169336384439]
L000433 | [Dev Loss: 1.0527]
L000434 | [Dev F1: 0.563728059215798]
L000435 | [Dev Acc: 0.5759717314487632]
L000436 | 
L000437-L000452 | [REDACTED: batch progress and internal diagnostics]
L000453 | [Epoch 15] [Time: 2.0121095180511475]
L000454 | [Train Loss: 0.9755]
L000455 | [Train F1: 0.6062245602844355]
L000456 | [Train Acc: 0.6094584286803967]
L000457 | [Dev Loss: 1.0402]
L000458 | [Dev F1: 0.563789005372943]
L000459 | [Dev Acc: 0.5742049469964664]
L000460 | 
L000461-L000476 | [REDACTED: batch progress and internal diagnostics]
L000477 | [Epoch 16] [Time: 2.1104981899261475]
L000478 | [Train Loss: 0.941]
L000479 | [Train F1: 0.6029832903119191]
L000480 | [Train Acc: 0.6081235697940504]
L000481 | [Dev Loss: 1.0299]
L000482 | [Dev F1: 0.5669389197649815]
L000483 | [Dev Acc: 0.5812720848056537]
L000484 | 
L000485-L000500 | [REDACTED: batch progress and internal diagnostics]
L000501 | [Epoch 17] [Time: 2.012707471847534]
L000502 | [Train Loss: 0.9174]
L000503 | [Train F1: 0.6272604192999842]
L000504 | [Train Acc: 0.6319603356216629]
L000505 | [Dev Loss: 1.0168]
L000506 | [Dev F1: 0.5718743885681123]
L000507 | [Dev Acc: 0.5795053003533569]
L000508 | 
L000509-L000524 | [REDACTED: batch progress and internal diagnostics]
L000525 | [Epoch 18] [Time: 2.191859483718872]
L000526 | [Train Loss: 0.888]
L000527 | [Train F1: 0.6389554939728118]
L000528 | [Train Acc: 0.6426392067124332]
L000529 | [Dev Loss: 1.008]
L000530 | [Dev F1: 0.5626745415914474]
L000531 | [Dev Acc: 0.5706713780918727]
L000532 | 
L000533-L000548 | [REDACTED: batch progress and internal diagnostics]
L000549 | [Epoch 19] [Time: 2.167844772338867]
L000550 | [Train Loss: 0.8655]
L000551 | [Train F1: 0.6495266129886605]
L000552 | [Train Acc: 0.6544622425629291]
L000553 | [Dev Loss: 1.0034]
L000554 | [Dev F1: 0.5763354716951484]
L000555 | [Dev Acc: 0.5865724381625441]
L000556 | 
L000557-L000572 | [REDACTED: batch progress and internal diagnostics]
L000573 | [Epoch 20] [Time: 2.300266981124878]
L000574 | [Train Loss: 0.8392]
L000575 | [Train F1: 0.6622759490873832]
L000576 | [Train Acc: 0.6664759725400458]
L000577 | [Dev Loss: 0.9859]
L000578 | [Dev F1: 0.581645034623797]
L000579 | [Dev Acc: 0.588339222614841]
L000580 | 
L000581-L000596 | [REDACTED: batch progress and internal diagnostics]
L000597 | [Epoch 21] [Time: 2.2051644325256348]
L000598 | [Train Loss: 0.8084]
L000599 | [Train F1: 0.671672428920767]
L000600 | [Train Acc: 0.6746758199847445]
L000601 | [Dev Loss: 0.9743]
L000602 | [Dev F1: 0.6028735324969879]
L000603 | [Dev Acc: 0.6060070671378092]
L000604 | 
L000605-L000620 | [REDACTED: batch progress and internal diagnostics]
L000621 | [Epoch 22] [Time: 2.227125644683838]
L000622 | [Train Loss: 0.7903]
L000623 | [Train F1: 0.6825421774224865]
L000624 | [Train Acc: 0.685163996948894]
L000625 | [Dev Loss: 0.9688]
L000626 | [Dev F1: 0.5934304855031094]
L000627 | [Dev Acc: 0.5971731448763251]
L000628 | 
L000629-L000644 | [REDACTED: batch progress and internal diagnostics]
L000645 | [Epoch 23] [Time: 2.10134220123291]
L000646 | [Train Loss: 0.7798]
L000647 | [Train F1: 0.680442057797436]
L000648 | [Train Acc: 0.683257055682685]
L000649 | [Dev Loss: 0.9574]
L000650 | [Dev F1: 0.5917058982323907]
L000651 | [Dev Acc: 0.5954063604240283]
L000652 | 
L000653-L000668 | [REDACTED: batch progress and internal diagnostics]
L000669 | [Epoch 24] [Time: 2.0808968544006348]
L000670 | [Train Loss: 0.7522]
L000671 | [Train F1: 0.6938725193467826]
L000672 | [Train Acc: 0.6966056445461479]
L000673 | [Dev Loss: 0.9508]
L000674 | [Dev F1: 0.5987390538770004]
L000675 | [Dev Acc: 0.6007067137809188]
L000676 | 
L000677-L000692 | [REDACTED: batch progress and internal diagnostics]
L000693 | [Epoch 25] [Time: 2.111179828643799]
L000694 | [Train Loss: 0.7356]
L000695 | [Train F1: 0.6999836844013214]
L000696 | [Train Acc: 0.7027078565980168]
L000697 | [Dev Loss: 0.9584]
L000698 | [Dev F1: 0.5866395347567168]
L000699 | [Dev Acc: 0.5901060070671378]
L000700 | 
L000701-L000716 | [REDACTED: batch progress and internal diagnostics]
L000717 | [Epoch 26] [Time: 2.15132474899292]
L000718 | [Train Loss: 0.7259]
L000719 | [Train F1: 0.7089544554441878]
L000720 | [Train Acc: 0.7109077040427155]
L000721 | [Dev Loss: 0.9443]
L000722 | [Dev F1: 0.6129674853739563]
L000723 | [Dev Acc: 0.6166077738515902]
L000724 | 
L000725-L000740 | [REDACTED: batch progress and internal diagnostics]
L000741 | [Epoch 27] [Time: 2.0685901641845703]
L000742 | [Train Loss: 0.7127]
L000743 | [Train F1: 0.7192729602670345]
L000744 | [Train Acc: 0.7210144927536232]
L000745 | [Dev Loss: 0.9331]
L000746 | [Dev F1: 0.6122322192284189]
L000747 | [Dev Acc: 0.6166077738515902]
L000748 | 
L000749-L000764 | [REDACTED: batch progress and internal diagnostics]
L000765 | [Epoch 28] [Time: 2.1557798385620117]
L000766 | [Train Loss: 0.6938]
L000767 | [Train F1: 0.7331412266660052]
L000768 | [Train Acc: 0.7349351639969489]
L000769 | [Dev Loss: 0.9466]
L000770 | [Dev F1: 0.6049453476966771]
L000771 | [Dev Acc: 0.607773851590106]
L000772 | 
L000773-L000788 | [REDACTED: batch progress and internal diagnostics]
L000789 | [Epoch 29] [Time: 2.171908140182495]
L000790 | [Train Loss: 0.6742]
L000791 | [Train F1: 0.73534028789118]
L000792 | [Train Acc: 0.7370327993897788]
L000793 | [Dev Loss: 0.9454]
L000794 | [Dev F1: 0.6096538008359778]
L000795 | [Dev Acc: 0.6130742049469965]
L000796 | 
L000797-L000812 | [REDACTED: batch progress and internal diagnostics]
L000813 | [Epoch 30] [Time: 2.137809991836548]
L000814 | [Train Loss: 0.6583]
L000815 | [Train F1: 0.7402076702739143]
L000816 | [Train Acc: 0.7419908466819222]
L000817 | [Dev Loss: 0.9495]
L000818 | [Dev F1: 0.6047010967511657]
L000819 | [Dev Acc: 0.6060070671378092]
L000820 | 
L000821-L000836 | [REDACTED: batch progress and internal diagnostics]
L000837 | [Epoch 31] [Time: 2.1476223468780518]
L000838 | [Train Loss: 0.6388]
L000839 | [Train F1: 0.7541885636524733]
L000840 | [Train Acc: 0.7553394355453852]
L000841 | [Dev Loss: 0.9378]
L000842 | [Dev F1: 0.6181156168417271]
L000843 | [Dev Acc: 0.6201413427561837]
L000844 | 
L000845-L000860 | [REDACTED: batch progress and internal diagnostics]
L000861 | [Epoch 32] [Time: 2.1714670658111572]
L000862 | [Train Loss: 0.6229]
L000863 | [Train F1: 0.7574845955164149]
L000864 | [Train Acc: 0.7585812356979404]
L000865 | [Dev Loss: 0.9622]
L000866 | [Dev F1: 0.6017455810578112]
L000867 | [Dev Acc: 0.6042402826855123]
L000868 | 
L000869-L000884 | [REDACTED: batch progress and internal diagnostics]
L000885 | [Epoch 33] [Time: 2.1183972358703613]
L000886 | [Train Loss: 0.6175]
L000887 | [Train F1: 0.7629326389460576]
L000888 | [Train Acc: 0.7637299771167048]
L000889 | [Dev Loss: 0.9549]
L000890 | [Dev F1: 0.6154470449950997]
L000891 | [Dev Acc: 0.6183745583038869]
L000892 | 
L000893-L000908 | [REDACTED: batch progress and internal diagnostics]
L000909 | [Epoch 34] [Time: 2.159196138381958]
L000910 | [Train Loss: 0.6023]
L000911 | [Train F1: 0.7650603237565695]
L000912 | [Train Acc: 0.7654462242562929]
L000913 | [Dev Loss: 0.9598]
L000914 | [Dev F1: 0.6178742770582362]
L000915 | [Dev Acc: 0.6201413427561837]
L000916 | 
L000917-L000932 | [REDACTED: batch progress and internal diagnostics]
L000933 | [Epoch 35] [Time: 2.248824119567871]
L000934 | [Train Loss: 0.5958]
L000935 | [Train F1: 0.7684710001224249]
L000936 | [Train Acc: 0.7700228832951945]
L000937 | [Dev Loss: 0.9617]
L000938 | [Dev F1: 0.6234848145273489]
L000939 | [Dev Acc: 0.6254416961130742]
L000940 | 
L000941-L000956 | [REDACTED: batch progress and internal diagnostics]
L000957 | [Epoch 36] [Time: 2.1398468017578125]
L000958 | [Train Loss: 0.5776]
L000959 | [Train F1: 0.7820672837691144]
L000960 | [Train Acc: 0.7820366132723112]
L000961 | [Dev Loss: 0.965]
L000962 | [Dev F1: 0.6123219841969071]
L000963 | [Dev Acc: 0.6148409893992933]
L000964 | 
L000965-L000980 | [REDACTED: batch progress and internal diagnostics]
L000981 | [Epoch 37] [Time: 2.2158186435699463]
L000982 | [Train Loss: 0.5723]
L000983 | [Train F1: 0.781902454569398]
L000984 | [Train Acc: 0.7837528604118993]
L000985 | [Dev Loss: 0.9681]
L000986 | [Dev F1: 0.6228144510084523]
L000987 | [Dev Acc: 0.627208480565371]
L000988 | 
L000989-L001004 | [REDACTED: batch progress and internal diagnostics]
L001005 | [Epoch 38] [Time: 2.2347569465637207]
L001006 | [Train Loss: 0.5621]
L001007 | [Train F1: 0.7882885043071806]
L001008 | [Train Acc: 0.78813882532418]
L001009 | [Dev Loss: 0.9815]
L001010 | [Dev F1: 0.6053326401239714]
L001011 | [Dev Acc: 0.6060070671378092]
L001012 | 
L001013-L001028 | [REDACTED: batch progress and internal diagnostics]
L001029 | [Epoch 39] [Time: 2.1408536434173584]
L001030 | [Train Loss: 0.5526]
L001031 | [Train F1: 0.7872150253725205]
L001032 | [Train Acc: 0.78813882532418]
L001033 | [Dev Loss: 0.9597]
L001034 | [Dev F1: 0.6215580836803446]
L001035 | [Dev Acc: 0.6236749116607774]
L001036 | 
L001037-L001052 | [REDACTED: batch progress and internal diagnostics]
L001053 | [Epoch 40] [Time: 2.1196353435516357]
L001054 | [Train Loss: 0.5381]
L001055 | [Train F1: 0.8002743801012989]
L001056 | [Train Acc: 0.8001525553012967]
L001057 | [Dev Loss: 0.9683]
L001058 | [Dev F1: 0.6120429637365994]
L001059 | [Dev Acc: 0.6148409893992933]
L001060 | 
L001061-L001076 | [REDACTED: batch progress and internal diagnostics]
L001077 | [Epoch 41] [Time: 2.150299549102783]
L001078 | [Train Loss: 0.5263]
L001079 | [Train F1: 0.8001734302870396]
L001080 | [Train Acc: 0.8011060259344012]
L001081 | [Dev Loss: 0.9667]
L001082 | [Dev F1: 0.620112229183569]
L001083 | [Dev Acc: 0.6219081272084805]
L001084 | 
L001085-L001100 | [REDACTED: batch progress and internal diagnostics]
L001101 | [Epoch 42] [Time: 2.2735347747802734]
L001102 | [Train Loss: 0.5232]
L001103 | [Train F1: 0.8021776064945827]
L001104 | [Train Acc: 0.8028222730739893]
L001105 | [Dev Loss: 0.9751]
L001106 | [Dev F1: 0.6174264659456996]
L001107 | [Dev Acc: 0.6183745583038869]
L001108 | 
L001109-L001124 | [REDACTED: batch progress and internal diagnostics]
L001125 | [Epoch 43] [Time: 2.105039119720459]
L001126 | [Train Loss: 0.5098]
L001127 | [Train F1: 0.8129608699128438]
L001128 | [Train Acc: 0.813119755911518]
L001129 | [Dev Loss: 0.9875]
L001130 | [Dev F1: 0.6249843390825294]
L001131 | [Dev Acc: 0.6289752650176679]
L001132 | 
L001133-L001148 | [REDACTED: batch progress and internal diagnostics]
L001149 | [Epoch 44] [Time: 2.181138038635254]
L001150 | [Train Loss: 0.4939]
L001151 | [Train F1: 0.8155278862146638]
L001152 | [Train Acc: 0.8155987795575896]
L001153 | [Dev Loss: 0.9883]
L001154 | [Dev F1: 0.6104273630845121]
L001155 | [Dev Acc: 0.6113074204946997]
L001156 | 
L001157-L001172 | [REDACTED: batch progress and internal diagnostics]
L001173 | [Epoch 45] [Time: 2.223381996154785]
L001174 | [Train Loss: 0.4976]
L001175 | [Train F1: 0.8034804057476258]
L001176 | [Train Acc: 0.8043478260869565]
L001177 | [Dev Loss: 1.0144]
L001178 | [Dev F1: 0.6210505234362993]
L001179 | [Dev Acc: 0.6236749116607774]
L001180 | 
L001181-L001196 | [REDACTED: batch progress and internal diagnostics]
L001197 | [Epoch 46] [Time: 2.131941080093384]
L001198 | [Train Loss: 0.4786]
L001199 | [Train F1: 0.8207246936570505]
L001200 | [Train Acc: 0.8205568268497331]
L001201 | [Dev Loss: 0.9976]
L001202 | [Dev F1: 0.6092772279911229]
L001203 | [Dev Acc: 0.6095406360424028]
L001204 | 
L001205-L001220 | [REDACTED: batch progress and internal diagnostics]
L001221 | [Epoch 47] [Time: 2.242131471633911]
L001222 | [Train Loss: 0.4723]
L001223 | [Train F1: 0.8263375760674285]
L001224 | [Train Acc: 0.8268497330282227]
L001225 | [Dev Loss: 1.0278]
L001226 | [Dev F1: 0.6223207957736142]
L001227 | [Dev Acc: 0.6254416961130742]
L001228 | 
L001229-L001244 | [REDACTED: batch progress and internal diagnostics]
L001245 | [Epoch 48] [Time: 2.0892605781555176]
L001246 | [Train Loss: 0.4585]
L001247 | [Train F1: 0.8334278530417321]
L001248 | [Train Acc: 0.8335240274599542]
L001249 | [Dev Loss: 1.0092]
L001250 | [Dev F1: 0.6238949864467447]
L001251 | [Dev Acc: 0.627208480565371]
L001252 | 
L001253-L001268 | [REDACTED: batch progress and internal diagnostics]
L001269 | [Epoch 49] [Time: 2.16797137260437]
L001270 | [Train Loss: 0.4392]
L001271 | [Train F1: 0.8395488952302153]
L001272 | [Train Acc: 0.8398169336384439]
L001273 | [Dev Loss: 1.0408]
L001274 | [Dev F1: 0.6220465120855551]
L001275 | [Dev Acc: 0.6236749116607774]
L001276 | 
L001277-L001292 | [REDACTED: batch progress and internal diagnostics]
L001293 | [Epoch 50] [Time: 2.1940114498138428]
L001294 | [Train Loss: 0.4437]
L001295 | [Train F1: 0.8340272465297511]
L001296 | [Train Acc: 0.8344774980930587]
L001297 | [Dev Loss: 1.0345]
L001298 | [Dev F1: 0.6166249720478505]
L001299 | [Dev Acc: 0.6183745583038869]
L001300 | 
L001301-L001316 | [REDACTED: batch progress and internal diagnostics]
L001317 | [Epoch 51] [Time: 2.127300500869751]
L001318 | [Train Loss: 0.4387]
L001319 | [Train F1: 0.8403867212492104]
L001320 | [Train Acc: 0.8405797101449275]
L001321 | [Dev Loss: 1.0135]
L001322 | [Dev F1: 0.6361529366843999]
L001323 | [Dev Acc: 0.6378091872791519]
L001324 | 
L001325-L001340 | [REDACTED: batch progress and internal diagnostics]
L001341 | [Epoch 52] [Time: 2.1989543437957764]
L001342 | [Train Loss: 0.4203]
L001343 | [Train F1: 0.8508831826706192]
L001344 | [Train Acc: 0.8508771929824561]
L001345 | [Dev Loss: 1.0409]
L001346 | [Dev F1: 0.6213505799544368]
L001347 | [Dev Acc: 0.6219081272084805]
L001348 | 
L001349-L001364 | [REDACTED: batch progress and internal diagnostics]
L001365 | [Epoch 53] [Time: 2.293966770172119]
L001366 | [Train Loss: 0.4134]
L001367 | [Train F1: 0.8531300082254499]
L001368 | [Train Acc: 0.8531655225019069]
L001369 | [Dev Loss: 1.0453]
L001370 | [Dev F1: 0.6277588512805559]
L001371 | [Dev Acc: 0.6289752650176679]
L001372 | 
L001373-L001388 | [REDACTED: batch progress and internal diagnostics]
L001389 | [Epoch 54] [Time: 2.165212631225586]
L001390 | [Train Loss: 0.4108]
L001391 | [Train F1: 0.8477043557124962]
L001392 | [Train Acc: 0.8478260869565217]
L001393 | [Dev Loss: 1.0531]
L001394 | [Dev F1: 0.6221623118157347]
L001395 | [Dev Acc: 0.6236749116607774]
L001396 | 
L001397-L001412 | [REDACTED: batch progress and internal diagnostics]
L001413 | [Epoch 55] [Time: 2.234067440032959]
L001414 | [Train Loss: 0.407]
L001415 | [Train F1: 0.8524606414388534]
L001416 | [Train Acc: 0.8525934401220442]
L001417 | [Dev Loss: 1.0631]
L001418 | [Dev F1: 0.6309775818459269]
L001419 | [Dev Acc: 0.6325088339222615]
L001420 | 
L001421-L001436 | [REDACTED: batch progress and internal diagnostics]
L001437 | [Epoch 56] [Time: 2.1377463340759277]
L001438 | [Train Loss: 0.3975]
L001439 | [Train F1: 0.8541312182096052]
L001440 | [Train Acc: 0.8543096872616324]
L001441 | [Dev Loss: 1.0657]
L001442 | [Dev F1: 0.6185553019575398]
L001443 | [Dev Acc: 0.6183745583038869]
L001444 | 
L001445-L001460 | [REDACTED: batch progress and internal diagnostics]
L001461 | [Epoch 57] [Time: 2.300107479095459]
L001462 | [Train Loss: 0.3935]
L001463 | [Train F1: 0.8585491116866694]
L001464 | [Train Acc: 0.8585049580472921]
L001465 | [Dev Loss: 1.0834]
L001466 | [Dev F1: 0.616030275569768]
L001467 | [Dev Acc: 0.6183745583038869]
L001468 | 
L001469-L001484 | [REDACTED: batch progress and internal diagnostics]
L001485 | [Epoch 58] [Time: 2.26369571685791]
L001486 | [Train Loss: 0.3911]
L001487 | [Train F1: 0.8615366838967374]
L001488 | [Train Acc: 0.8617467581998475]
L001489 | [Dev Loss: 1.0957]
L001490 | [Dev F1: 0.6089908067210826]
L001491 | [Dev Acc: 0.6095406360424028]
L001492 | 
L001493-L001508 | [REDACTED: batch progress and internal diagnostics]
L001509 | [Epoch 59] [Time: 2.1666107177734375]
L001510 | [Train Loss: 0.3774]
L001511 | [Train F1: 0.8608453486296292]
L001512 | [Train Acc: 0.8609839816933639]
L001513 | [Dev Loss: 1.0807]
L001514 | [Dev F1: 0.6109774289315022]
L001515 | [Dev Acc: 0.6130742049469965]
L001516 | 
L001517-L001532 | [REDACTED: batch progress and internal diagnostics]
L001533 | [Epoch 60] [Time: 2.284330129623413]
L001534 | [Train Loss: 0.3679]
L001535 | [Train F1: 0.864028388587388]
L001536 | [Train Acc: 0.8640350877192983]
L001537 | [Dev Loss: 1.1175]
L001538 | [Dev F1: 0.6127886986231325]
L001539 | [Dev Acc: 0.6130742049469965]
L001540 | 
L001541-L001556 | [REDACTED: batch progress and internal diagnostics]
L001557 | [Epoch 61] [Time: 2.235408306121826]
L001558 | [Train Loss: 0.3737]
L001559 | [Train F1: 0.8662113071914157]
L001560 | [Train Acc: 0.8663234172387491]
L001561 | [Dev Loss: 1.1176]
L001562 | [Dev F1: 0.6110324109624088]
L001563 | [Dev Acc: 0.6130742049469965]
L001564 | 
L001565-L001580 | [REDACTED: batch progress and internal diagnostics]
L001581 | [Epoch 62] [Time: 2.139052152633667]
L001582 | [Train Loss: 0.367]
L001583 | [Train F1: 0.8667551008948097]
L001584 | [Train Acc: 0.8667048054919908]
L001585 | [Dev Loss: 1.1074]
L001586 | [Dev F1: 0.6081380216277646]
L001587 | [Dev Acc: 0.6095406360424028]
L001588 | 
L001589-L001604 | [REDACTED: batch progress and internal diagnostics]
L001605 | [Epoch 63] [Time: 2.3171377182006836]
L001606 | [Train Loss: 0.3515]
L001607 | [Train F1: 0.876524219026459]
L001608 | [Train Acc: 0.8766209000762777]
L001609 | [Dev Loss: 1.1212]
L001610 | [Dev F1: 0.6019661042228885]
L001611 | [Dev Acc: 0.6024734982332155]
L001612 | 
L001613-L001628 | [REDACTED: batch progress and internal diagnostics]
L001629 | [Epoch 64] [Time: 2.2698235511779785]
L001630 | [Train Loss: 0.3528]
L001631 | [Train F1: 0.8733422397831533]
L001632 | [Train Acc: 0.8733790999237223]
L001633 | [Dev Loss: 1.1253]
L001634 | [Dev F1: 0.6074762671880916]
L001635 | [Dev Acc: 0.6095406360424028]
L001636 | 
L001637-L001652 | [REDACTED: batch progress and internal diagnostics]
L001653 | [Epoch 65] [Time: 2.2363877296447754]
L001654 | [Train Loss: 0.3435]
L001655 | [Train F1: 0.8793845238669193]
L001656 | [Train Acc: 0.8794813119755912]
L001657 | [Dev Loss: 1.1485]
L001658 | [Dev F1: 0.611013510236366]
L001659 | [Dev Acc: 0.6113074204946997]
L001660 | 
L001661-L001676 | [REDACTED: batch progress and internal diagnostics]
L001677 | [Epoch 66] [Time: 2.204845905303955]
L001678 | [Train Loss: 0.3386]
L001679 | [Train F1: 0.8817230254492429]
L001680 | [Train Acc: 0.881769641495042]
L001681 | [Dev Loss: 1.1674]
L001682 | [Dev F1: 0.6071064131762599]
L001683 | [Dev Acc: 0.607773851590106]
L001684 | 
L001685-L001700 | [REDACTED: batch progress and internal diagnostics]
L001701 | [Epoch 67] [Time: 2.1648612022399902]
L001702 | [Train Loss: 0.3271]
L001703 | [Train F1: 0.8828395768323645]
L001704 | [Train Acc: 0.8829138062547673]
L001705 | [Dev Loss: 1.1704]
L001706 | [Dev F1: 0.599666966117121]
L001707 | [Dev Acc: 0.6007067137809188]
L001708 | 
L001709-L001724 | [REDACTED: batch progress and internal diagnostics]
L001725 | [Epoch 68] [Time: 2.2351858615875244]
L001726 | [Train Loss: 0.3253]
L001727 | [Train F1: 0.8832259182968782]
L001728 | [Train Acc: 0.8832951945080092]
L001729 | [Dev Loss: 1.1766]
L001730 | [Dev F1: 0.6125295170094147]
L001731 | [Dev Acc: 0.6148409893992933]
L001732 | 
L001733-L001748 | [REDACTED: batch progress and internal diagnostics]
L001749 | [Epoch 69] [Time: 2.379439353942871]
L001750 | [Train Loss: 0.3228]
L001751 | [Train F1: 0.8893147938559721]
L001752 | [Train Acc: 0.889397406559878]
L001753 | [Dev Loss: 1.2051]
L001754 | [Dev F1: 0.5995802246375674]
L001755 | [Dev Acc: 0.6007067137809188]
L001756 | 
L001757-L001772 | [REDACTED: batch progress and internal diagnostics]
L001773 | [Epoch 70] [Time: 2.2602627277374268]
L001774 | [Train Loss: 0.3291]
L001775 | [Train F1: 0.880391387705518]
L001776 | [Train Acc: 0.8804347826086957]
L001777 | [Dev Loss: 1.2029]
L001778 | [Dev F1: 0.6057476943625528]
L001779 | [Dev Acc: 0.6060070671378092]
L001780 | 
L001781-L001796 | [REDACTED: batch progress and internal diagnostics]
L001797 | [Epoch 71] [Time: 2.2919061183929443]
L001798 | [Train Loss: 0.319]
L001799 | [Train F1: 0.8840257612077933]
L001800 | [Train Acc: 0.8840579710144928]
L001801 | [Dev Loss: 1.1973]
L001802 | [Dev F1: 0.5907968228774242]
L001803 | [Dev Acc: 0.5918727915194346]
L001804 | 
L001805-L001820 | [REDACTED: batch progress and internal diagnostics]
L001821 | [Epoch 72] [Time: 2.2738986015319824]
L001822 | [Train Loss: 0.3089]
L001823 | [Train F1: 0.8897537377765495]
L001824 | [Train Acc: 0.8897787948131197]
L001825 | [Dev Loss: 1.1827]
L001826 | [Dev F1: 0.6141962883714066]
L001827 | [Dev Acc: 0.6166077738515902]
L001828 | 
L001829-L001844 | [REDACTED: batch progress and internal diagnostics]
L001845 | [Epoch 73] [Time: 2.1534481048583984]
L001846 | [Train Loss: 0.3158]
L001847 | [Train F1: 0.8888478072578418]
L001848 | [Train Acc: 0.8890160183066361]
L001849 | [Dev Loss: 1.1988]
L001850 | [Dev F1: 0.6028968284444556]
L001851 | [Dev Acc: 0.6042402826855123]
L001852 | 
L001853-L001868 | [REDACTED: batch progress and internal diagnostics]
L001869 | [Epoch 74] [Time: 2.225379467010498]
L001870 | [Train Loss: 0.304]
L001871 | [Train F1: 0.8924856917897159]
L001872 | [Train Acc: 0.8926392067124332]
L001873 | [Dev Loss: 1.2146]
L001874 | [Dev F1: 0.6037373620589493]
L001875 | [Dev Acc: 0.6060070671378092]
L001876 | 
L001877-L001892 | [REDACTED: batch progress and internal diagnostics]
L001893 | [Epoch 75] [Time: 2.2835171222686768]
L001894 | [Train Loss: 0.3031]
L001895 | [Train F1: 0.8935254494025202]
L001896 | [Train Acc: 0.8935926773455377]
L001897 | [Dev Loss: 1.2039]
L001898 | [Dev F1: 0.5987840868228694]
L001899 | [Dev Acc: 0.6007067137809188]
L001900 | 
L001901-L001916 | [REDACTED: batch progress and internal diagnostics]
L001917 | [Epoch 76] [Time: 2.278153896331787]
L001918 | [Train Loss: 0.2957]
L001919 | [Train F1: 0.8950841162427288]
L001920 | [Train Acc: 0.8951182303585049]
L001921 | [Dev Loss: 1.2775]
L001922 | [Dev F1: 0.5949827195215673]
L001923 | [Dev Acc: 0.5971731448763251]
L001924 | Early stopping at epoch: 76
L001925 | Last model
L001926 |               precision    recall  f1-score   support
L001927 | 
L001928 |          hap     0.4412    0.3125    0.3659       144
L001929 |          sad     0.7973    0.7224    0.7580       245
L001930 |          neu     0.5495    0.5781    0.5635       384
L001931 |          ang     0.5070    0.6353    0.5640       170
L001932 |          exc     0.7491    0.7090    0.7285       299
L001933 |          fru     0.5163    0.5407    0.5282       381
L001934 | 
L001935 |     accuracy                         0.5977      1623
L001936 |    macro avg     0.5934    0.5830    0.5847      1623
L001937 | weighted avg     0.6018    0.5977    0.5975      1623
L001938 | 
L001939 | Best model at epoch: 51
L001940 | Best dev F1: 0.6361529366843999
L001941 |               precision    recall  f1-score   support
L001942 | 
L001943 |          hap     0.4906    0.3611    0.4160       144
L001944 |          sad     0.8341    0.7184    0.7719       245
L001945 |          neu     0.5579    0.6901    0.6170       384
L001946 |          ang     0.5848    0.5882    0.5865       170
L001947 |          exc     0.7340    0.7291    0.7315       299
L001948 |          fru     0.5702    0.5433    0.5565       381
L001949 | 
L001950 |     accuracy                         0.6272      1623
L001951 |    macro avg     0.6286    0.6050    0.6132      1623
L001952 | weighted avg     0.6318    0.6272    0.6262      1623
L001953 | 
L001954 | Best test F1: 0.626247577899922
L001955 | Best test Acc: 0.6272335181762169
L001956 | [SANITIZED] Saved checkpoint: [path and filename removed]
