# Redacted copy of an existing run log.
# run_id: G08-seed5
# dataset: IEMOCAP
# model: MMGCN+AMBER
# imr: (0.3,0.7,0.5)
# seed_alias: seed5
# original_log_sha256: 84d64b0aa3b6ff570dee933bd2c7e94c10ce3266165e18aec4d976841403440e
# source_record_status: ok
# source_record_process_return_code: 3221226505
# L numbers refer to source logical lines; REDACTED/SANITIZED text is editorial.
L000001-L000065 | [REDACTED: configuration or implementation details]
L000066 | [SANITIZED] Seed alias: seed5
L000067 | 
L000068-L000069 | [REDACTED: batch progress and internal diagnostics]
L000070 | 
L000071-L000072 | [REDACTED: batch progress and internal diagnostics]
L000073 | 
L000074-L000075 | [REDACTED: batch progress and internal diagnostics]
L000076 | 
L000077-L000092 | [REDACTED: batch progress and internal diagnostics]
L000093 | [Epoch 0] [Time: 2.6666500568389893]
L000094 | [Train Loss: 1.8096]
L000095 | [Train F1: 0.20320814725685318]
L000096 | [Train Acc: 0.22170989433237273]
L000097 | [Dev Loss: 1.5043]
L000098 | [Dev F1: 0.3517988182132483]
L000099 | [Dev Acc: 0.4033057851239669]
L000100 | 
L000101-L000116 | [REDACTED: batch progress and internal diagnostics]
L000117 | [Epoch 1] [Time: 2.1627132892608643]
L000118 | [Train Loss: 1.6601]
L000119 | [Train F1: 0.28508084184065235]
L000120 | [Train Acc: 0.309702209414025]
L000121 | [Dev Loss: 1.4857]
L000122 | [Dev F1: 0.31177483730289196]
L000123 | [Dev Acc: 0.35206611570247937]
L000124 | 
L000125-L000140 | [REDACTED: batch progress and internal diagnostics]
L000141 | [Epoch 2] [Time: 2.1143341064453125]
L000142 | [Train Loss: 1.5542]
L000143 | [Train F1: 0.3363717716549983]
L000144 | [Train Acc: 0.3569644572526417]
L000145 | [Dev Loss: 1.4512]
L000146 | [Dev F1: 0.37004947165245167]
L000147 | [Dev Acc: 0.38181818181818183]
L000148 | 
L000149-L000164 | [REDACTED: batch progress and internal diagnostics]
L000165 | [Epoch 3] [Time: 2.1896727085113525]
L000166 | [Train Loss: 1.4956]
L000167 | [Train F1: 0.36962488038162844]
L000168 | [Train Acc: 0.38424591738712777]
L000169 | [Dev Loss: 1.3883]
L000170 | [Dev F1: 0.40242002709186286]
L000171 | [Dev Acc: 0.41983471074380163]
L000172 | 
L000173-L000188 | [REDACTED: batch progress and internal diagnostics]
L000189 | [Epoch 4] [Time: 2.144181251525879]
L000190 | [Train Loss: 1.4223]
L000191 | [Train F1: 0.41441384479374876]
L000192 | [Train Acc: 0.425552353506244]
L000193 | [Dev Loss: 1.355]
L000194 | [Dev F1: 0.42921364660747496]
L000195 | [Dev Acc: 0.4446280991735537]
L000196 | 
L000197-L000212 | [REDACTED: batch progress and internal diagnostics]
L000213 | [Epoch 5] [Time: 2.1595799922943115]
L000214 | [Train Loss: 1.3577]
L000215 | [Train F1: 0.4425981972401254]
L000216 | [Train Acc: 0.45302593659942364]
L000217 | [Dev Loss: 1.3303]
L000218 | [Dev F1: 0.4557310852646221]
L000219 | [Dev Acc: 0.46942148760330576]
L000220 | 
L000221-L000236 | [REDACTED: batch progress and internal diagnostics]
L000237 | [Epoch 6] [Time: 2.143986940383911]
L000238 | [Train Loss: 1.2892]
L000239 | [Train F1: 0.47564594569261026]
L000240 | [Train Acc: 0.48587896253602303]
L000241 | [Dev Loss: 1.2739]
L000242 | [Dev F1: 0.49522338076909245]
L000243 | [Dev Acc: 0.5057851239669422]
L000244 | 
L000245-L000260 | [REDACTED: batch progress and internal diagnostics]
L000261 | [Epoch 7] [Time: 2.156315326690674]
L000262 | [Train Loss: 1.2347]
L000263 | [Train F1: 0.4855544059033876]
L000264 | [Train Acc: 0.49317963496637846]
L000265 | [Dev Loss: 1.2241]
L000266 | [Dev F1: 0.5245205326038834]
L000267 | [Dev Acc: 0.5371900826446281]
L000268 | 
L000269-L000284 | [REDACTED: batch progress and internal diagnostics]
L000285 | [Epoch 8] [Time: 2.248311996459961]
L000286 | [Train Loss: 1.2145]
L000287 | [Train F1: 0.5014234038706001]
L000288 | [Train Acc: 0.5085494716618636]
L000289 | [Dev Loss: 1.1966]
L000290 | [Dev F1: 0.5287919445219612]
L000291 | [Dev Acc: 0.540495867768595]
L000292 | 
L000293-L000308 | [REDACTED: batch progress and internal diagnostics]
L000309 | [Epoch 9] [Time: 2.247795581817627]
L000310 | [Train Loss: 1.1683]
L000311 | [Train F1: 0.5197863942461219]
L000312 | [Train Acc: 0.5281460134486071]
L000313 | [Dev Loss: 1.178]
L000314 | [Dev F1: 0.5065162831415269]
L000315 | [Dev Acc: 0.5256198347107438]
L000316 | 
L000317-L000332 | [REDACTED: batch progress and internal diagnostics]
L000333 | [Epoch 10] [Time: 2.104752779006958]
L000334 | [Train Loss: 1.1175]
L000335 | [Train F1: 0.5475486321929237]
L000336 | [Train Acc: 0.5592699327569645]
L000337 | [Dev Loss: 1.1539]
L000338 | [Dev F1: 0.536875773670156]
L000339 | [Dev Acc: 0.5487603305785124]
L000340 | 
L000341-L000356 | [REDACTED: batch progress and internal diagnostics]
L000357 | [Epoch 11] [Time: 2.0597028732299805]
L000358 | [Train Loss: 1.081]
L000359 | [Train F1: 0.5574166036271383]
L000360 | [Train Acc: 0.5633045148895293]
L000361 | [Dev Loss: 1.1325]
L000362 | [Dev F1: 0.5362850413807352]
L000363 | [Dev Acc: 0.547107438016529]
L000364 | 
L000365-L000380 | [REDACTED: batch progress and internal diagnostics]
L000381 | [Epoch 12] [Time: 2.211202621459961]
L000382 | [Train Loss: 1.062]
L000383 | [Train F1: 0.5692788875558701]
L000384 | [Train Acc: 0.5763688760806917]
L000385 | [Dev Loss: 1.1169]
L000386 | [Dev F1: 0.5469434684940647]
L000387 | [Dev Acc: 0.5603305785123966]
L000388 | 
L000389-L000404 | [REDACTED: batch progress and internal diagnostics]
L000405 | [Epoch 13] [Time: 2.1498231887817383]
L000406 | [Train Loss: 1.0227]
L000407 | [Train F1: 0.5796886658019565]
L000408 | [Train Acc: 0.5867435158501441]
L000409 | [Dev Loss: 1.0768]
L000410 | [Dev F1: 0.5563358338242105]
L000411 | [Dev Acc: 0.5669421487603306]
L000412 | 
L000413-L000428 | [REDACTED: batch progress and internal diagnostics]
L000429 | [Epoch 14] [Time: 2.2333126068115234]
L000430 | [Train Loss: 0.9958]
L000431 | [Train F1: 0.5924545422298686]
L000432 | [Train Acc: 0.598655139289145]
L000433 | [Dev Loss: 1.0627]
L000434 | [Dev F1: 0.57775004357713]
L000435 | [Dev Acc: 0.5851239669421487]
L000436 | 
L000437-L000452 | [REDACTED: batch progress and internal diagnostics]
L000453 | [Epoch 15] [Time: 2.212369918823242]
L000454 | [Train Loss: 0.9559]
L000455 | [Train F1: 0.6066465028772418]
L000456 | [Train Acc: 0.6121037463976945]
L000457 | [Dev Loss: 1.0362]
L000458 | [Dev F1: 0.5788306312745444]
L000459 | [Dev Acc: 0.5851239669421487]
L000460 | 
L000461-L000476 | [REDACTED: batch progress and internal diagnostics]
L000477 | [Epoch 16] [Time: 2.0483460426330566]
L000478 | [Train Loss: 0.9287]
L000479 | [Train F1: 0.6225094741649668]
L000480 | [Train Acc: 0.627281460134486]
L000481 | [Dev Loss: 1.0172]
L000482 | [Dev F1: 0.5953725644880944]
L000483 | [Dev Acc: 0.6]
L000484 | 
L000485-L000500 | [REDACTED: batch progress and internal diagnostics]
L000501 | [Epoch 17] [Time: 2.0452589988708496]
L000502 | [Train Loss: 0.8962]
L000503 | [Train F1: 0.6325645721316018]
L000504 | [Train Acc: 0.6368876080691642]
L000505 | [Dev Loss: 0.9916]
L000506 | [Dev F1: 0.5967295270795867]
L000507 | [Dev Acc: 0.6016528925619835]
L000508 | 
L000509-L000524 | [REDACTED: batch progress and internal diagnostics]
L000525 | [Epoch 18] [Time: 1.9544637203216553]
L000526 | [Train Loss: 0.8667]
L000527 | [Train F1: 0.6613905016998753]
L000528 | [Train Acc: 0.6655139289145053]
L000529 | [Dev Loss: 0.9807]
L000530 | [Dev F1: 0.5988932483701815]
L000531 | [Dev Acc: 0.6033057851239669]
L000532 | 
L000533-L000548 | [REDACTED: batch progress and internal diagnostics]
L000549 | [Epoch 19] [Time: 2.2724084854125977]
L000550 | [Train Loss: 0.8533]
L000551 | [Train F1: 0.6542897110859931]
L000552 | [Train Acc: 0.6576368876080692]
L000553 | [Dev Loss: 0.9828]
L000554 | [Dev F1: 0.6038418954406675]
L000555 | [Dev Acc: 0.6033057851239669]
L000556 | 
L000557-L000572 | [REDACTED: batch progress and internal diagnostics]
L000573 | [Epoch 20] [Time: 2.0897209644317627]
L000574 | [Train Loss: 0.8309]
L000575 | [Train F1: 0.6605292222449501]
L000576 | [Train Acc: 0.6658981748318924]
L000577 | [Dev Loss: 0.9879]
L000578 | [Dev F1: 0.6002122017183775]
L000579 | [Dev Acc: 0.6]
L000580 | 
L000581-L000596 | [REDACTED: batch progress and internal diagnostics]
L000597 | [Epoch 21] [Time: 2.1046671867370605]
L000598 | [Train Loss: 0.8007]
L000599 | [Train F1: 0.6806198016425381]
L000600 | [Train Acc: 0.6843419788664745]
L000601 | [Dev Loss: 0.9457]
L000602 | [Dev F1: 0.6175549619135007]
L000603 | [Dev Acc: 0.6181818181818182]
L000604 | 
L000605-L000620 | [REDACTED: batch progress and internal diagnostics]
L000621 | [Epoch 22] [Time: 2.12143611907959]
L000622 | [Train Loss: 0.7933]
L000623 | [Train F1: 0.6808297705686317]
L000624 | [Train Acc: 0.684149855907781]
L000625 | [Dev Loss: 0.9553]
L000626 | [Dev F1: 0.6010653431488243]
L000627 | [Dev Acc: 0.6016528925619835]
L000628 | 
L000629-L000644 | [REDACTED: batch progress and internal diagnostics]
L000645 | [Epoch 23] [Time: 2.3271045684814453]
L000646 | [Train Loss: 0.7637]
L000647 | [Train F1: 0.6971444858619892]
L000648 | [Train Acc: 0.6989433237271854]
L000649 | [Dev Loss: 0.9547]
L000650 | [Dev F1: 0.5972408172195139]
L000651 | [Dev Acc: 0.5983471074380166]
L000652 | 
L000653-L000668 | [REDACTED: batch progress and internal diagnostics]
L000669 | [Epoch 24] [Time: 2.228907346725464]
L000670 | [Train Loss: 0.747]
L000671 | [Train F1: 0.7059351512162787]
L000672 | [Train Acc: 0.7079731027857828]
L000673 | [Dev Loss: 0.9455]
L000674 | [Dev F1: 0.6079427996473398]
L000675 | [Dev Acc: 0.6066115702479339]
L000676 | 
L000677-L000692 | [REDACTED: batch progress and internal diagnostics]
L000693 | [Epoch 25] [Time: 2.2351980209350586]
L000694 | [Train Loss: 0.7244]
L000695 | [Train F1: 0.7161947580713046]
L000696 | [Train Acc: 0.7185398655139289]
L000697 | [Dev Loss: 0.9204]
L000698 | [Dev F1: 0.6305628749804617]
L000699 | [Dev Acc: 0.628099173553719]
L000700 | 
L000701-L000716 | [REDACTED: batch progress and internal diagnostics]
L000717 | [Epoch 26] [Time: 2.183091163635254]
L000718 | [Train Loss: 0.7128]
L000719 | [Train F1: 0.7187945952344759]
L000720 | [Train Acc: 0.720268972142171]
L000721 | [Dev Loss: 0.9513]
L000722 | [Dev F1: 0.6059253611926622]
L000723 | [Dev Acc: 0.6049586776859505]
L000724 | 
L000725-L000740 | [REDACTED: batch progress and internal diagnostics]
L000741 | [Epoch 27] [Time: 2.126380443572998]
L000742 | [Train Loss: 0.6929]
L000743 | [Train F1: 0.722329508078647]
L000744 | [Train Acc: 0.7244956772334294]
L000745 | [Dev Loss: 0.9289]
L000746 | [Dev F1: 0.6320049335642559]
L000747 | [Dev Acc: 0.6297520661157024]
L000748 | 
L000749-L000764 | [REDACTED: batch progress and internal diagnostics]
L000765 | [Epoch 28] [Time: 2.1696219444274902]
L000766 | [Train Loss: 0.672]
L000767 | [Train F1: 0.7438199482929567]
L000768 | [Train Acc: 0.7450528338136407]
L000769 | [Dev Loss: 0.9277]
L000770 | [Dev F1: 0.6289401979113322]
L000771 | [Dev Acc: 0.6247933884297521]
L000772 | 
L000773-L000788 | [REDACTED: batch progress and internal diagnostics]
L000789 | [Epoch 29] [Time: 2.0884697437286377]
L000790 | [Train Loss: 0.6577]
L000791 | [Train F1: 0.7435388211617829]
L000792 | [Train Acc: 0.7448607108549472]
L000793 | [Dev Loss: 0.92]
L000794 | [Dev F1: 0.6394876830424875]
L000795 | [Dev Acc: 0.6380165289256199]
L000796 | 
L000797-L000812 | [REDACTED: batch progress and internal diagnostics]
L000813 | [Epoch 30] [Time: 2.296079635620117]
L000814 | [Train Loss: 0.6439]
L000815 | [Train F1: 0.7553580321339954]
L000816 | [Train Acc: 0.7558117195004803]
L000817 | [Dev Loss: 0.9418]
L000818 | [Dev F1: 0.6396149248456954]
L000819 | [Dev Acc: 0.6347107438016529]
L000820 | 
L000821-L000836 | [REDACTED: batch progress and internal diagnostics]
L000837 | [Epoch 31] [Time: 2.124253988265991]
L000838 | [Train Loss: 0.6379]
L000839 | [Train F1: 0.7553398730334051]
L000840 | [Train Acc: 0.7571565802113353]
L000841 | [Dev Loss: 0.9241]
L000842 | [Dev F1: 0.6396787447045886]
L000843 | [Dev Acc: 0.6380165289256199]
L000844 | 
L000845-L000860 | [REDACTED: batch progress and internal diagnostics]
L000861 | [Epoch 32] [Time: 1.9996671676635742]
L000862 | [Train Loss: 0.6121]
L000863 | [Train F1: 0.7746055542873541]
L000864 | [Train Acc: 0.774447646493756]
L000865 | [Dev Loss: 0.9191]
L000866 | [Dev F1: 0.6259705191992643]
L000867 | [Dev Acc: 0.6231404958677685]
L000868 | 
L000869-L000884 | [REDACTED: batch progress and internal diagnostics]
L000885 | [Epoch 33] [Time: 2.2829694747924805]
L000886 | [Train Loss: 0.6005]
L000887 | [Train F1: 0.7668135446066178]
L000888 | [Train Acc: 0.7684918347742555]
L000889 | [Dev Loss: 0.9405]
L000890 | [Dev F1: 0.6326799364563043]
L000891 | [Dev Acc: 0.631404958677686]
L000892 | 
L000893-L000908 | [REDACTED: batch progress and internal diagnostics]
L000909 | [Epoch 34] [Time: 2.2132039070129395]
L000910 | [Train Loss: 0.5835]
L000911 | [Train F1: 0.7684567441075458]
L000912 | [Train Acc: 0.7688760806916427]
L000913 | [Dev Loss: 0.9504]
L000914 | [Dev F1: 0.6381828156275492]
L000915 | [Dev Acc: 0.6347107438016529]
L000916 | 
L000917-L000932 | [REDACTED: batch progress and internal diagnostics]
L000933 | [Epoch 35] [Time: 2.1782946586608887]
L000934 | [Train Loss: 0.5788]
L000935 | [Train F1: 0.7831695185777058]
L000936 | [Train Acc: 0.7842459173871278]
L000937 | [Dev Loss: 0.9113]
L000938 | [Dev F1: 0.6424783917762058]
L000939 | [Dev Acc: 0.6396694214876033]
L000940 | 
L000941-L000956 | [REDACTED: batch progress and internal diagnostics]
L000957 | [Epoch 36] [Time: 2.2204766273498535]
L000958 | [Train Loss: 0.5819]
L000959 | [Train F1: 0.7766144459714096]
L000960 | [Train Acc: 0.7769452449567723]
L000961 | [Dev Loss: 0.9081]
L000962 | [Dev F1: 0.6409718451481814]
L000963 | [Dev Acc: 0.6396694214876033]
L000964 | 
L000965-L000980 | [REDACTED: batch progress and internal diagnostics]
L000981 | [Epoch 37] [Time: 2.312899589538574]
L000982 | [Train Loss: 0.5727]
L000983 | [Train F1: 0.7824933334627566]
L000984 | [Train Acc: 0.7829010566762729]
L000985 | [Dev Loss: 0.9207]
L000986 | [Dev F1: 0.6510349804710582]
L000987 | [Dev Acc: 0.6479338842975206]
L000988 | 
L000989-L001004 | [REDACTED: batch progress and internal diagnostics]
L001005 | [Epoch 38] [Time: 2.245903491973877]
L001006 | [Train Loss: 0.5464]
L001007 | [Train F1: 0.8005999032383633]
L001008 | [Train Acc: 0.8009606147934678]
L001009 | [Dev Loss: 0.9722]
L001010 | [Dev F1: 0.6345402127719971]
L001011 | [Dev Acc: 0.631404958677686]
L001012 | 
L001013-L001028 | [REDACTED: batch progress and internal diagnostics]
L001029 | [Epoch 39] [Time: 2.144982099533081]
L001030 | [Train Loss: 0.5518]
L001031 | [Train F1: 0.7906887188804116]
L001032 | [Train Acc: 0.7911623439000961]
L001033 | [Dev Loss: 0.9294]
L001034 | [Dev F1: 0.6438875014854166]
L001035 | [Dev Acc: 0.6413223140495867]
L001036 | 
L001037-L001052 | [REDACTED: batch progress and internal diagnostics]
L001053 | [Epoch 40] [Time: 2.1828196048736572]
L001054 | [Train Loss: 0.5354]
L001055 | [Train F1: 0.799405483973936]
L001056 | [Train Acc: 0.8003842459173871]
L001057 | [Dev Loss: 0.9486]
L001058 | [Dev F1: 0.6330514469459911]
L001059 | [Dev Acc: 0.631404958677686]
L001060 | 
L001061-L001076 | [REDACTED: batch progress and internal diagnostics]
L001077 | [Epoch 41] [Time: 2.1776630878448486]
L001078 | [Train Loss: 0.5201]
L001079 | [Train F1: 0.8096624059543199]
L001080 | [Train Acc: 0.8097982708933718]
L001081 | [Dev Loss: 0.9717]
L001082 | [Dev F1: 0.6310090248640621]
L001083 | [Dev Acc: 0.6264462809917355]
L001084 | 
L001085-L001100 | [REDACTED: batch progress and internal diagnostics]
L001101 | [Epoch 42] [Time: 2.1852478981018066]
L001102 | [Train Loss: 0.5098]
L001103 | [Train F1: 0.8129335616414302]
L001104 | [Train Acc: 0.813256484149856]
L001105 | [Dev Loss: 0.938]
L001106 | [Dev F1: 0.6442479571502372]
L001107 | [Dev Acc: 0.6429752066115703]
L001108 | 
L001109-L001124 | [REDACTED: batch progress and internal diagnostics]
L001125 | [Epoch 43] [Time: 2.2407166957855225]
L001126 | [Train Loss: 0.5087]
L001127 | [Train F1: 0.8093765889278433]
L001128 | [Train Acc: 0.8099903938520653]
L001129 | [Dev Loss: 0.9493]
L001130 | [Dev F1: 0.6257926589966372]
L001131 | [Dev Acc: 0.6231404958677685]
L001132 | 
L001133-L001148 | [REDACTED: batch progress and internal diagnostics]
L001149 | [Epoch 44] [Time: 2.0476858615875244]
L001150 | [Train Loss: 0.5029]
L001151 | [Train F1: 0.8109176004951283]
L001152 | [Train Acc: 0.8113352545629202]
L001153 | [Dev Loss: 0.9934]
L001154 | [Dev F1: 0.6366092188671391]
L001155 | [Dev Acc: 0.6330578512396694]
L001156 | 
L001157-L001172 | [REDACTED: batch progress and internal diagnostics]
L001173 | [Epoch 45] [Time: 2.0386478900909424]
L001174 | [Train Loss: 0.4815]
L001175 | [Train F1: 0.8137496359494116]
L001176 | [Train Acc: 0.8142170989433237]
L001177 | [Dev Loss: 0.9689]
L001178 | [Dev F1: 0.6412781690920615]
L001179 | [Dev Acc: 0.6380165289256199]
L001180 | 
L001181-L001196 | [REDACTED: batch progress and internal diagnostics]
L001197 | [Epoch 46] [Time: 2.273678779602051]
L001198 | [Train Loss: 0.4717]
L001199 | [Train F1: 0.826254760997614]
L001200 | [Train Acc: 0.8267050912584054]
L001201 | [Dev Loss: 0.9871]
L001202 | [Dev F1: 0.6326350776978383]
L001203 | [Dev Acc: 0.6330578512396694]
L001204 | 
L001205-L001220 | [REDACTED: batch progress and internal diagnostics]
L001221 | [Epoch 47] [Time: 2.152474880218506]
L001222 | [Train Loss: 0.4766]
L001223 | [Train F1: 0.8273981132693409]
L001224 | [Train Acc: 0.8276657060518732]
L001225 | [Dev Loss: 0.9524]
L001226 | [Dev F1: 0.6555019075072013]
L001227 | [Dev Acc: 0.6528925619834711]
L001228 | 
L001229-L001244 | [REDACTED: batch progress and internal diagnostics]
L001245 | [Epoch 48] [Time: 2.195540428161621]
L001246 | [Train Loss: 0.4621]
L001247 | [Train F1: 0.8281461806038662]
L001248 | [Train Acc: 0.8284341978866474]
L001249 | [Dev Loss: 1.0135]
L001250 | [Dev F1: 0.6458264396221194]
L001251 | [Dev Acc: 0.6413223140495867]
L001252 | 
L001253-L001268 | [REDACTED: batch progress and internal diagnostics]
L001269 | [Epoch 49] [Time: 2.038490056991577]
L001270 | [Train Loss: 0.4497]
L001271 | [Train F1: 0.8363440335506747]
L001272 | [Train Acc: 0.8366954851104706]
L001273 | [Dev Loss: 1.0]
L001274 | [Dev F1: 0.6383155316364105]
L001275 | [Dev Acc: 0.6347107438016529]
L001276 | 
L001277-L001292 | [REDACTED: batch progress and internal diagnostics]
L001293 | [Epoch 50] [Time: 2.253378391265869]
L001294 | [Train Loss: 0.4571]
L001295 | [Train F1: 0.8320616939957125]
L001296 | [Train Acc: 0.8320845341018251]
L001297 | [Dev Loss: 1.0372]
L001298 | [Dev F1: 0.6409356655838339]
L001299 | [Dev Acc: 0.6363636363636364]
L001300 | 
L001301-L001316 | [REDACTED: batch progress and internal diagnostics]
L001317 | [Epoch 51] [Time: 2.214790105819702]
L001318 | [Train Loss: 0.4345]
L001319 | [Train F1: 0.8435538781853826]
L001320 | [Train Acc: 0.8439961575408261]
L001321 | [Dev Loss: 1.0066]
L001322 | [Dev F1: 0.6330984642980313]
L001323 | [Dev Acc: 0.6347107438016529]
L001324 | 
L001325-L001340 | [REDACTED: batch progress and internal diagnostics]
L001341 | [Epoch 52] [Time: 2.2383856773376465]
L001342 | [Train Loss: 0.4406]
L001343 | [Train F1: 0.8388187220907634]
L001344 | [Train Acc: 0.8390009606147935]
L001345 | [Dev Loss: 1.0226]
L001346 | [Dev F1: 0.640212871399452]
L001347 | [Dev Acc: 0.6413223140495867]
L001348 | 
L001349-L001364 | [REDACTED: batch progress and internal diagnostics]
L001365 | [Epoch 53] [Time: 2.211280345916748]
L001366 | [Train Loss: 0.4398]
L001367 | [Train F1: 0.8369917629841856]
L001368 | [Train Acc: 0.8372718539865514]
L001369 | [Dev Loss: 1.0968]
L001370 | [Dev F1: 0.618203347903727]
L001371 | [Dev Acc: 0.6132231404958678]
L001372 | 
L001373-L001388 | [REDACTED: batch progress and internal diagnostics]
L001389 | [Epoch 54] [Time: 2.181661605834961]
L001390 | [Train Loss: 0.4245]
L001391 | [Train F1: 0.8426702351795934]
L001392 | [Train Acc: 0.8428434197886647]
L001393 | [Dev Loss: 0.9996]
L001394 | [Dev F1: 0.6486269163220704]
L001395 | [Dev Acc: 0.6479338842975206]
L001396 | 
L001397-L001412 | [REDACTED: batch progress and internal diagnostics]
L001413 | [Epoch 55] [Time: 2.1676323413848877]
L001414 | [Train Loss: 0.4048]
L001415 | [Train F1: 0.8539619730437787]
L001416 | [Train Acc: 0.854178674351585]
L001417 | [Dev Loss: 1.0441]
L001418 | [Dev F1: 0.6401596052346028]
L001419 | [Dev Acc: 0.6380165289256199]
L001420 | 
L001421-L001436 | [REDACTED: batch progress and internal diagnostics]
L001437 | [Epoch 56] [Time: 2.244727373123169]
L001438 | [Train Loss: 0.4005]
L001439 | [Train F1: 0.8592101110172865]
L001440 | [Train Acc: 0.8593659942363112]
L001441 | [Dev Loss: 1.0609]
L001442 | [Dev F1: 0.6344262411745842]
L001443 | [Dev Acc: 0.6297520661157024]
L001444 | 
L001445-L001460 | [REDACTED: batch progress and internal diagnostics]
L001461 | [Epoch 57] [Time: 2.2647805213928223]
L001462 | [Train Loss: 0.3962]
L001463 | [Train F1: 0.8536863853486489]
L001464 | [Train Acc: 0.8537944284341978]
L001465 | [Dev Loss: 1.0238]
L001466 | [Dev F1: 0.6426789839452496]
L001467 | [Dev Acc: 0.6396694214876033]
L001468 | 
L001469-L001484 | [REDACTED: batch progress and internal diagnostics]
L001485 | [Epoch 58] [Time: 2.1434175968170166]
L001486 | [Train Loss: 0.398]
L001487 | [Train F1: 0.8542607428765533]
L001488 | [Train Acc: 0.8543707973102785]
L001489 | [Dev Loss: 1.0993]
L001490 | [Dev F1: 0.6338799529692645]
L001491 | [Dev Acc: 0.631404958677686]
L001492 | 
L001493-L001508 | [REDACTED: batch progress and internal diagnostics]
L001509 | [Epoch 59] [Time: 2.2848916053771973]
L001510 | [Train Loss: 0.3823]
L001511 | [Train F1: 0.8618396516293733]
L001512 | [Train Acc: 0.8618635926993276]
L001513 | [Dev Loss: 1.0216]
L001514 | [Dev F1: 0.6393666806750183]
L001515 | [Dev Acc: 0.6413223140495867]
L001516 | 
L001517-L001532 | [REDACTED: batch progress and internal diagnostics]
L001533 | [Epoch 60] [Time: 2.1047351360321045]
L001534 | [Train Loss: 0.3812]
L001535 | [Train F1: 0.8674353564949159]
L001536 | [Train Acc: 0.8676272814601345]
L001537 | [Dev Loss: 1.0734]
L001538 | [Dev F1: 0.6154114857392208]
L001539 | [Dev Acc: 0.6198347107438017]
L001540 | 
L001541-L001556 | [REDACTED: batch progress and internal diagnostics]
L001557 | [Epoch 61] [Time: 2.1935689449310303]
L001558 | [Train Loss: 0.3706]
L001559 | [Train F1: 0.8714692610672714]
L001560 | [Train Acc: 0.8714697406340057]
L001561 | [Dev Loss: 1.0696]
L001562 | [Dev F1: 0.6355586638197205]
L001563 | [Dev Acc: 0.631404958677686]
L001564 | 
L001565-L001580 | [REDACTED: batch progress and internal diagnostics]
L001581 | [Epoch 62] [Time: 2.130019426345825]
L001582 | [Train Loss: 0.3701]
L001583 | [Train F1: 0.8656357603989072]
L001584 | [Train Acc: 0.8657060518731988]
L001585 | [Dev Loss: 1.0826]
L001586 | [Dev F1: 0.6265221869774099]
L001587 | [Dev Acc: 0.6247933884297521]
L001588 | 
L001589-L001604 | [REDACTED: batch progress and internal diagnostics]
L001605 | [Epoch 63] [Time: 2.245055675506592]
L001606 | [Train Loss: 0.3648]
L001607 | [Train F1: 0.8717192831235901]
L001608 | [Train Acc: 0.8718539865513929]
L001609 | [Dev Loss: 1.0931]
L001610 | [Dev F1: 0.6243070326190592]
L001611 | [Dev Acc: 0.6247933884297521]
L001612 | 
L001613-L001628 | [REDACTED: batch progress and internal diagnostics]
L001629 | [Epoch 64] [Time: 2.23276686668396]
L001630 | [Train Loss: 0.3527]
L001631 | [Train F1: 0.8745121336320604]
L001632 | [Train Acc: 0.8745437079731028]
L001633 | [Dev Loss: 1.1207]
L001634 | [Dev F1: 0.608380115567809]
L001635 | [Dev Acc: 0.6099173553719008]
L001636 | 
L001637-L001652 | [REDACTED: batch progress and internal diagnostics]
L001653 | [Epoch 65] [Time: 2.2767724990844727]
L001654 | [Train Loss: 0.3559]
L001655 | [Train F1: 0.8757703949270254]
L001656 | [Train Acc: 0.8760806916426513]
L001657 | [Dev Loss: 1.1252]
L001658 | [Dev F1: 0.6088443896809426]
L001659 | [Dev Acc: 0.6082644628099173]
L001660 | 
L001661-L001676 | [REDACTED: batch progress and internal diagnostics]
L001677 | [Epoch 66] [Time: 2.3034305572509766]
L001678 | [Train Loss: 0.3445]
L001679 | [Train F1: 0.8762772367889846]
L001680 | [Train Acc: 0.8762728146013449]
L001681 | [Dev Loss: 1.1603]
L001682 | [Dev F1: 0.6100380989825416]
L001683 | [Dev Acc: 0.6082644628099173]
L001684 | 
L001685-L001700 | [REDACTED: batch progress and internal diagnostics]
L001701 | [Epoch 67] [Time: 2.2533421516418457]
L001702 | [Train Loss: 0.3416]
L001703 | [Train F1: 0.8771247741887446]
L001704 | [Train Acc: 0.8774255523535063]
L001705 | [Dev Loss: 1.0816]
L001706 | [Dev F1: 0.612173253716591]
L001707 | [Dev Acc: 0.6132231404958678]
L001708 | 
L001709-L001724 | [REDACTED: batch progress and internal diagnostics]
L001725 | [Epoch 68] [Time: 2.016214370727539]
L001726 | [Train Loss: 0.329]
L001727 | [Train F1: 0.8862410324722318]
L001728 | [Train Acc: 0.8862632084534102]
L001729 | [Dev Loss: 1.1995]
L001730 | [Dev F1: 0.6066158396712278]
L001731 | [Dev Acc: 0.6049586776859505]
L001732 | 
L001733-L001748 | [REDACTED: batch progress and internal diagnostics]
L001749 | [Epoch 69] [Time: 2.077807664871216]
L001750 | [Train Loss: 0.327]
L001751 | [Train F1: 0.8860436509110194]
L001752 | [Train Acc: 0.8860710854947166]
L001753 | [Dev Loss: 1.0925]
L001754 | [Dev F1: 0.6352096311526688]
L001755 | [Dev Acc: 0.6347107438016529]
L001756 | 
L001757-L001772 | [REDACTED: batch progress and internal diagnostics]
L001773 | [Epoch 70] [Time: 2.233851671218872]
L001774 | [Train Loss: 0.3182]
L001775 | [Train F1: 0.8842100033544168]
L001776 | [Train Acc: 0.884149855907781]
L001777 | [Dev Loss: 1.1878]
L001778 | [Dev F1: 0.6220772034359329]
L001779 | [Dev Acc: 0.6214876033057851]
L001780 | 
L001781-L001796 | [REDACTED: batch progress and internal diagnostics]
L001797 | [Epoch 71] [Time: 2.1872851848602295]
L001798 | [Train Loss: 0.3144]
L001799 | [Train F1: 0.8890602617173878]
L001800 | [Train Acc: 0.8891450528338136]
L001801 | [Dev Loss: 1.1516]
L001802 | [Dev F1: 0.619468503273444]
L001803 | [Dev Acc: 0.6165289256198347]
L001804 | 
L001805-L001820 | [REDACTED: batch progress and internal diagnostics]
L001821 | [Epoch 72] [Time: 2.2470481395721436]
L001822 | [Train Loss: 0.3054]
L001823 | [Train F1: 0.8933765747128128]
L001824 | [Train Acc: 0.8933717579250721]
L001825 | [Dev Loss: 1.2017]
L001826 | [Dev F1: 0.6162772765049633]
L001827 | [Dev Acc: 0.6132231404958678]
L001828 | Early stopping at epoch: 72
L001829 | Last model
L001830 |               precision    recall  f1-score   support
L001831 | 
L001832 |          hap     0.4367    0.4792    0.4570       144
L001833 |          sad     0.8017    0.7918    0.7967       245
L001834 |          neu     0.5283    0.7057    0.6042       384
L001835 |          ang     0.6154    0.5176    0.5623       170
L001836 |          exc     0.7331    0.6522    0.6903       299
L001837 |          fru     0.6279    0.4961    0.5543       381
L001838 | 
L001839 |     accuracy                         0.6198      1623
L001840 |    macro avg     0.6238    0.6071    0.6108      1623
L001841 | weighted avg     0.6317    0.6198    0.6199      1623
L001842 | 
L001843 | Best model at epoch: 47
L001844 | Best dev F1: 0.6555019075072013
L001845 |               precision    recall  f1-score   support
L001846 | 
L001847 |          hap     0.5542    0.3194    0.4053       144
L001848 |          sad     0.7983    0.7592    0.7782       245
L001849 |          neu     0.5245    0.7526    0.6182       384
L001850 |          ang     0.6224    0.5235    0.5687       170
L001851 |          exc     0.7292    0.7023    0.7155       299
L001852 |          fru     0.6338    0.5407    0.5836       381
L001853 | 
L001854 |     accuracy                         0.6322      1623
L001855 |    macro avg     0.6437    0.5996    0.6116      1623
L001856 | weighted avg     0.6421    0.6322    0.6281      1623
L001857 | 
L001858 | Best test F1: 0.6280745726556749
L001859 | Best test Acc: 0.6321626617375231
L001860 | [SANITIZED] Saved checkpoint: [path and filename removed]
