# Redacted copy of an existing run log.
# run_id: G08-seed1
# dataset: IEMOCAP
# model: MMGCN+AMBER
# imr: (0.3,0.7,0.5)
# seed_alias: seed1
# original_log_sha256: c925b08120dbb6e4215efa4498dac90e84385265a40e747e286da042dfae1189
# source_record_status: ok
# source_record_process_return_code: 3221226505
# L numbers refer to source logical lines; REDACTED/SANITIZED text is editorial.
L000001-L000065 | [REDACTED: configuration or implementation details]
L000066 | [SANITIZED] Seed alias: seed1
L000067 | 
L000068-L000069 | [REDACTED: batch progress and internal diagnostics]
L000070 | 
L000071-L000072 | [REDACTED: batch progress and internal diagnostics]
L000073 | 
L000074-L000075 | [REDACTED: batch progress and internal diagnostics]
L000076 | 
L000077-L000092 | [REDACTED: batch progress and internal diagnostics]
L000093 | [Epoch 0] [Time: 2.8064846992492676]
L000094 | [Train Loss: 1.8287]
L000095 | [Train F1: 0.21103309625254077]
L000096 | [Train Acc: 0.2136949413348721]
L000097 | [Dev Loss: 1.6582]
L000098 | [Dev F1: 0.22583030887456437]
L000099 | [Dev Acc: 0.2733224222585925]
L000100 | 
L000101-L000116 | [REDACTED: batch progress and internal diagnostics]
L000117 | [Epoch 1] [Time: 2.0768258571624756]
L000118 | [Train Loss: 1.6428]
L000119 | [Train F1: 0.2948936539310505]
L000120 | [Train Acc: 0.31313714175803037]
L000121 | [Dev Loss: 1.6184]
L000122 | [Dev F1: 0.23073233477930175]
L000123 | [Dev Acc: 0.281505728314239]
L000124 | 
L000125-L000140 | [REDACTED: batch progress and internal diagnostics]
L000141 | [Epoch 2] [Time: 2.125971794128418]
L000142 | [Train Loss: 1.5635]
L000143 | [Train F1: 0.3257711595756291]
L000144 | [Train Acc: 0.3473744950952106]
L000145 | [Dev Loss: 1.5816]
L000146 | [Dev F1: 0.24955788859686553]
L000147 | [Dev Acc: 0.3060556464811784]
L000148 | 
L000149-L000164 | [REDACTED: batch progress and internal diagnostics]
L000165 | [Epoch 3] [Time: 2.078151226043701]
L000166 | [Train Loss: 1.502]
L000167 | [Train F1: 0.36906523093631427]
L000168 | [Train Acc: 0.3885362569724947]
L000169 | [Dev Loss: 1.5113]
L000170 | [Dev F1: 0.33404781029715624]
L000171 | [Dev Acc: 0.36824877250409166]
L000172 | 
L000173-L000188 | [REDACTED: batch progress and internal diagnostics]
L000189 | [Epoch 4] [Time: 2.1917006969451904]
L000190 | [Train Loss: 1.4205]
L000191 | [Train F1: 0.4075456703454484]
L000192 | [Train Acc: 0.4218118869013272]
L000193 | [Dev Loss: 1.4576]
L000194 | [Dev F1: 0.34725178981264393]
L000195 | [Dev Acc: 0.381342062193126]
L000196 | 
L000197-L000212 | [REDACTED: batch progress and internal diagnostics]
L000213 | [Epoch 5] [Time: 2.024510383605957]
L000214 | [Train Loss: 1.3498]
L000215 | [Train F1: 0.43657263127027973]
L000216 | [Train Acc: 0.44931717638007307]
L000217 | [Dev Loss: 1.4092]
L000218 | [Dev F1: 0.37272376499296467]
L000219 | [Dev Acc: 0.4075286415711948]
L000220 | 
L000221-L000236 | [REDACTED: batch progress and internal diagnostics]
L000237 | [Epoch 6] [Time: 2.0629894733428955]
L000238 | [Train Loss: 1.298]
L000239 | [Train F1: 0.46489372011277286]
L000240 | [Train Acc: 0.4716291594537411]
L000241 | [Dev Loss: 1.3679]
L000242 | [Dev F1: 0.3903963467681753]
L000243 | [Dev Acc: 0.4238952536824877]
L000244 | 
L000245-L000260 | [REDACTED: batch progress and internal diagnostics]
L000261 | [Epoch 7] [Time: 2.0968759059906006]
L000262 | [Train Loss: 1.2495]
L000263 | [Train F1: 0.4837693050509782]
L000264 | [Train Acc: 0.49432583189074825]
L000265 | [Dev Loss: 1.3388]
L000266 | [Dev F1: 0.4077488814841606]
L000267 | [Dev Acc: 0.44189852700491]
L000268 | 
L000269-L000284 | [REDACTED: batch progress and internal diagnostics]
L000285 | [Epoch 8] [Time: 2.184630870819092]
L000286 | [Train Loss: 1.1976]
L000287 | [Train F1: 0.5054871235539188]
L000288 | [Train Acc: 0.5150990575110598]
L000289 | [Dev Loss: 1.3174]
L000290 | [Dev F1: 0.4229922519719989]
L000291 | [Dev Acc: 0.4582651391162029]
L000292 | 
L000293-L000308 | [REDACTED: batch progress and internal diagnostics]
L000309 | [Epoch 9] [Time: 2.1400349140167236]
L000310 | [Train Loss: 1.1439]
L000311 | [Train F1: 0.5340070027408454]
L000312 | [Train Acc: 0.5431813810348144]
L000313 | [Dev Loss: 1.2917]
L000314 | [Dev F1: 0.434947289972149]
L000315 | [Dev Acc: 0.4713584288052373]
L000316 | 
L000317-L000332 | [REDACTED: batch progress and internal diagnostics]
L000333 | [Epoch 10] [Time: 2.234485387802124]
L000334 | [Train Loss: 1.1111]
L000335 | [Train F1: 0.5510143840670497]
L000336 | [Train Acc: 0.5576072321600308]
L000337 | [Dev Loss: 1.2715]
L000338 | [Dev F1: 0.45193028201722973]
L000339 | [Dev Acc: 0.4795417348608838]
L000340 | 
L000341-L000356 | [REDACTED: batch progress and internal diagnostics]
L000357 | [Epoch 11] [Time: 2.2830605506896973]
L000358 | [Train Loss: 1.0798]
L000359 | [Train F1: 0.5590110973273582]
L000360 | [Train Acc: 0.563954606655126]
L000361 | [Dev Loss: 1.269]
L000362 | [Dev F1: 0.4440861429908672]
L000363 | [Dev Acc: 0.4795417348608838]
L000364 | 
L000365-L000380 | [REDACTED: batch progress and internal diagnostics]
L000381 | [Epoch 12] [Time: 2.2314376831054688]
L000382 | [Train Loss: 1.0433]
L000383 | [Train F1: 0.5733213496944195]
L000384 | [Train Acc: 0.5816503173687247]
L000385 | [Dev Loss: 1.2418]
L000386 | [Dev F1: 0.4526612386972988]
L000387 | [Dev Acc: 0.486088379705401]
L000388 | 
L000389-L000404 | [REDACTED: batch progress and internal diagnostics]
L000405 | [Epoch 13] [Time: 2.1610255241394043]
L000406 | [Train Loss: 1.0079]
L000407 | [Train F1: 0.5866260500555048]
L000408 | [Train Acc: 0.5943450663589152]
L000409 | [Dev Loss: 1.2392]
L000410 | [Dev F1: 0.4579719652509839]
L000411 | [Dev Acc: 0.486088379705401]
L000412 | 
L000413-L000428 | [REDACTED: batch progress and internal diagnostics]
L000429 | [Epoch 14] [Time: 2.185744285583496]
L000430 | [Train Loss: 0.979]
L000431 | [Train F1: 0.5984397809249529]
L000432 | [Train Acc: 0.6041546451240624]
L000433 | [Dev Loss: 1.2205]
L000434 | [Dev F1: 0.4695806553656456]
L000435 | [Dev Acc: 0.49918166939443537]
L000436 | 
L000437-L000452 | [REDACTED: batch progress and internal diagnostics]
L000453 | [Epoch 15] [Time: 2.129929780960083]
L000454 | [Train Loss: 0.9663]
L000455 | [Train F1: 0.6053885116436817]
L000456 | [Train Acc: 0.614156568570879]
L000457 | [Dev Loss: 1.2143]
L000458 | [Dev F1: 0.4633595867741943]
L000459 | [Dev Acc: 0.49918166939443537]
L000460 | 
L000461-L000476 | [REDACTED: batch progress and internal diagnostics]
L000477 | [Epoch 16] [Time: 2.221674680709839]
L000478 | [Train Loss: 0.9219]
L000479 | [Train F1: 0.6242777064854008]
L000480 | [Train Acc: 0.6312752452394691]
L000481 | [Dev Loss: 1.1954]
L000482 | [Dev F1: 0.48006090324033995]
L000483 | [Dev Acc: 0.5057283142389526]
L000484 | 
L000485-L000500 | [REDACTED: batch progress and internal diagnostics]
L000501 | [Epoch 17] [Time: 2.2320973873138428]
L000502 | [Train Loss: 0.8861]
L000503 | [Train F1: 0.6526882034084103]
L000504 | [Train Acc: 0.65666474321985]
L000505 | [Dev Loss: 1.1894]
L000506 | [Dev F1: 0.49739167481582397]
L000507 | [Dev Acc: 0.5204582651391162]
L000508 | 
L000509-L000524 | [REDACTED: batch progress and internal diagnostics]
L000525 | [Epoch 18] [Time: 2.118525505065918]
L000526 | [Train Loss: 0.884]
L000527 | [Train F1: 0.6330727180364905]
L000528 | [Train Acc: 0.6393537218695903]
L000529 | [Dev Loss: 1.2117]
L000530 | [Dev F1: 0.48524517469089823]
L000531 | [Dev Acc: 0.5106382978723404]
L000532 | 
L000533-L000548 | [REDACTED: batch progress and internal diagnostics]
L000549 | [Epoch 19] [Time: 2.2337303161621094]
L000550 | [Train Loss: 0.8454]
L000551 | [Train F1: 0.6630630558556873]
L000552 | [Train Acc: 0.6683977688016927]
L000553 | [Dev Loss: 1.1829]
L000554 | [Dev F1: 0.49254632691137795]
L000555 | [Dev Acc: 0.5122749590834698]
L000556 | 
L000557-L000572 | [REDACTED: batch progress and internal diagnostics]
L000573 | [Epoch 20] [Time: 2.304720163345337]
L000574 | [Train Loss: 0.8217]
L000575 | [Train F1: 0.678786112820928]
L000576 | [Train Acc: 0.6818618965185612]
L000577 | [Dev Loss: 1.164]
L000578 | [Dev F1: 0.4962006577504939]
L000579 | [Dev Acc: 0.5155482815057283]
L000580 | 
L000581-L000596 | [REDACTED: batch progress and internal diagnostics]
L000597 | [Epoch 21] [Time: 2.073091506958008]
L000598 | [Train Loss: 0.8088]
L000599 | [Train F1: 0.6875470306808313]
L000600 | [Train Acc: 0.6912867859203693]
L000601 | [Dev Loss: 1.1593]
L000602 | [Dev F1: 0.500656911808828]
L000603 | [Dev Acc: 0.5204582651391162]
L000604 | 
L000605-L000620 | [REDACTED: batch progress and internal diagnostics]
L000621 | [Epoch 22] [Time: 2.1378400325775146]
L000622 | [Train Loss: 0.8011]
L000623 | [Train F1: 0.6745557171976105]
L000624 | [Train Acc: 0.679361415656857]
L000625 | [Dev Loss: 1.1373]
L000626 | [Dev F1: 0.5100083917276597]
L000627 | [Dev Acc: 0.5286415711947627]
L000628 | 
L000629-L000644 | [REDACTED: batch progress and internal diagnostics]
L000645 | [Epoch 23] [Time: 2.153247117996216]
L000646 | [Train Loss: 0.7742]
L000647 | [Train F1: 0.6973660466521051]
L000648 | [Train Acc: 0.6987882285054818]
L000649 | [Dev Loss: 1.1294]
L000650 | [Dev F1: 0.5074015615185499]
L000651 | [Dev Acc: 0.5237315875613748]
L000652 | 
L000653-L000668 | [REDACTED: batch progress and internal diagnostics]
L000669 | [Epoch 24] [Time: 2.2161221504211426]
L000670 | [Train Loss: 0.7557]
L000671 | [Train F1: 0.6979477151170604]
L000672 | [Train Acc: 0.7003269859588382]
L000673 | [Dev Loss: 1.1401]
L000674 | [Dev F1: 0.49778589998678835]
L000675 | [Dev Acc: 0.5204582651391162]
L000676 | 
L000677-L000692 | [REDACTED: batch progress and internal diagnostics]
L000693 | [Epoch 25] [Time: 2.2202157974243164]
L000694 | [Train Loss: 0.7327]
L000695 | [Train F1: 0.7104018676747988]
L000696 | [Train Acc: 0.7130217349490287]
L000697 | [Dev Loss: 1.1528]
L000698 | [Dev F1: 0.5028201907250688]
L000699 | [Dev Acc: 0.5253682487725041]
L000700 | 
L000701-L000716 | [REDACTED: batch progress and internal diagnostics]
L000717 | [Epoch 26] [Time: 2.1953744888305664]
L000718 | [Train Loss: 0.7248]
L000719 | [Train F1: 0.7065978233169973]
L000720 | [Train Acc: 0.7097518753606463]
L000721 | [Dev Loss: 1.1424]
L000722 | [Dev F1: 0.5149023730197646]
L000723 | [Dev Acc: 0.5384615384615384]
L000724 | 
L000725-L000740 | [REDACTED: batch progress and internal diagnostics]
L000741 | [Epoch 27] [Time: 2.258021831512451]
L000742 | [Train Loss: 0.7169]
L000743 | [Train F1: 0.7232693189953165]
L000744 | [Train Acc: 0.7264858626658973]
L000745 | [Dev Loss: 1.1596]
L000746 | [Dev F1: 0.4958065911869647]
L000747 | [Dev Acc: 0.5188216039279869]
L000748 | 
L000749-L000764 | [REDACTED: batch progress and internal diagnostics]
L000765 | [Epoch 28] [Time: 2.1798670291900635]
L000766 | [Train Loss: 0.6836]
L000767 | [Train F1: 0.736178529149432]
L000768 | [Train Acc: 0.7387959222927486]
L000769 | [Dev Loss: 1.1302]
L000770 | [Dev F1: 0.5009637384438123]
L000771 | [Dev Acc: 0.5204582651391162]
L000772 | 
L000773-L000788 | [REDACTED: batch progress and internal diagnostics]
L000789 | [Epoch 29] [Time: 2.2390570640563965]
L000790 | [Train Loss: 0.6888]
L000791 | [Train F1: 0.7399435322456512]
L000792 | [Train Acc: 0.7409117137911136]
L000793 | [Dev Loss: 1.1198]
L000794 | [Dev F1: 0.4989094985995781]
L000795 | [Dev Acc: 0.5171849427168577]
L000796 | 
L000797-L000812 | [REDACTED: batch progress and internal diagnostics]
L000813 | [Epoch 30] [Time: 2.1966326236724854]
L000814 | [Train Loss: 0.662]
L000815 | [Train F1: 0.7373767412105778]
L000816 | [Train Acc: 0.7391806116560877]
L000817 | [Dev Loss: 1.2021]
L000818 | [Dev F1: 0.46815975947906086]
L000819 | [Dev Acc: 0.5008183306055647]
L000820 | 
L000821-L000836 | [REDACTED: batch progress and internal diagnostics]
L000837 | [Epoch 31] [Time: 2.126964807510376]
L000838 | [Train Loss: 0.6592]
L000839 | [Train F1: 0.7442460692932544]
L000840 | [Train Acc: 0.7462973648778611]
L000841 | [Dev Loss: 1.157]
L000842 | [Dev F1: 0.510209185056499]
L000843 | [Dev Acc: 0.530278232405892]
L000844 | 
L000845-L000860 | [REDACTED: batch progress and internal diagnostics]
L000861 | [Epoch 32] [Time: 2.060307025909424]
L000862 | [Train Loss: 0.6525]
L000863 | [Train F1: 0.7429762762290193]
L000864 | [Train Acc: 0.743796884016157]
L000865 | [Dev Loss: 1.133]
L000866 | [Dev F1: 0.5079558849062633]
L000867 | [Dev Acc: 0.5237315875613748]
L000868 | 
L000869-L000884 | [REDACTED: batch progress and internal diagnostics]
L000885 | [Epoch 33] [Time: 2.2192111015319824]
L000886 | [Train Loss: 0.6423]
L000887 | [Train F1: 0.7458195173523495]
L000888 | [Train Acc: 0.7478361223312175]
L000889 | [Dev Loss: 1.1823]
L000890 | [Dev F1: 0.47563502210792963]
L000891 | [Dev Acc: 0.5057283142389526]
L000892 | 
L000893-L000908 | [REDACTED: batch progress and internal diagnostics]
L000909 | [Epoch 34] [Time: 2.1860787868499756]
L000910 | [Train Loss: 0.6364]
L000911 | [Train F1: 0.7596352597545571]
L000912 | [Train Acc: 0.7613002500480862]
L000913 | [Dev Loss: 1.1401]
L000914 | [Dev F1: 0.5073713672083882]
L000915 | [Dev Acc: 0.5270049099836334]
L000916 | 
L000917-L000932 | [REDACTED: batch progress and internal diagnostics]
L000933 | [Epoch 35] [Time: 2.1788015365600586]
L000934 | [Train Loss: 0.6198]
L000935 | [Train F1: 0.7659801416222166]
L000936 | [Train Acc: 0.7666859011348336]
L000937 | [Dev Loss: 1.1624]
L000938 | [Dev F1: 0.5106522972146706]
L000939 | [Dev Acc: 0.5270049099836334]
L000940 | 
L000941-L000956 | [REDACTED: batch progress and internal diagnostics]
L000957 | [Epoch 36] [Time: 2.054783344268799]
L000958 | [Train Loss: 0.6073]
L000959 | [Train F1: 0.7681028311913641]
L000960 | [Train Acc: 0.7684170032698596]
L000961 | [Dev Loss: 1.1175]
L000962 | [Dev F1: 0.5146766253615758]
L000963 | [Dev Acc: 0.5286415711947627]
L000964 | 
L000965-L000980 | [REDACTED: batch progress and internal diagnostics]
L000981 | [Epoch 37] [Time: 2.1875321865081787]
L000982 | [Train Loss: 0.6054]
L000983 | [Train F1: 0.7714431651617795]
L000984 | [Train Acc: 0.7728409309482592]
L000985 | [Dev Loss: 1.1723]
L000986 | [Dev F1: 0.5146981720253886]
L000987 | [Dev Acc: 0.5351882160392799]
L000988 | 
L000989-L001004 | [REDACTED: batch progress and internal diagnostics]
L001005 | [Epoch 38] [Time: 2.1880006790161133]
L001006 | [Train Loss: 0.5901]
L001007 | [Train F1: 0.7787485826977875]
L001008 | [Train Acc: 0.7791883054433545]
L001009 | [Dev Loss: 1.1698]
L001010 | [Dev F1: 0.5050385632383817]
L001011 | [Dev Acc: 0.5237315875613748]
L001012 | 
L001013-L001028 | [REDACTED: batch progress and internal diagnostics]
L001029 | [Epoch 39] [Time: 2.1717374324798584]
L001030 | [Train Loss: 0.5777]
L001031 | [Train F1: 0.7803061704463878]
L001032 | [Train Acc: 0.7813040969417195]
L001033 | [Dev Loss: 1.1474]
L001034 | [Dev F1: 0.5002579410405226]
L001035 | [Dev Acc: 0.5204582651391162]
L001036 | 
L001037-L001052 | [REDACTED: batch progress and internal diagnostics]
L001053 | [Epoch 40] [Time: 2.1732821464538574]
L001054 | [Train Loss: 0.5669]
L001055 | [Train F1: 0.788738870223034]
L001056 | [Train Acc: 0.7891902288901712]
L001057 | [Dev Loss: 1.2148]
L001058 | [Dev F1: 0.4928283904571058]
L001059 | [Dev Acc: 0.5122749590834698]
L001060 | 
L001061-L001076 | [REDACTED: batch progress and internal diagnostics]
L001077 | [Epoch 41] [Time: 2.0752158164978027]
L001078 | [Train Loss: 0.5649]
L001079 | [Train F1: 0.7862401726942364]
L001080 | [Train Acc: 0.7874591267551452]
L001081 | [Dev Loss: 1.1379]
L001082 | [Dev F1: 0.5116727701721285]
L001083 | [Dev Acc: 0.530278232405892]
L001084 | 
L001085-L001100 | [REDACTED: batch progress and internal diagnostics]
L001101 | [Epoch 42] [Time: 2.230599880218506]
L001102 | [Train Loss: 0.5607]
L001103 | [Train F1: 0.7869143925725528]
L001104 | [Train Acc: 0.7882285054818234]
L001105 | [Dev Loss: 1.1348]
L001106 | [Dev F1: 0.5047947040008576]
L001107 | [Dev Acc: 0.5188216039279869]
L001108 | 
L001109-L001124 | [REDACTED: batch progress and internal diagnostics]
L001125 | [Epoch 43] [Time: 2.0632998943328857]
L001126 | [Train Loss: 0.54]
L001127 | [Train F1: 0.8022711094456623]
L001128 | [Train Acc: 0.8026543566070398]
L001129 | [Dev Loss: 1.1504]
L001130 | [Dev F1: 0.5157992060913689]
L001131 | [Dev Acc: 0.530278232405892]
L001132 | 
L001133-L001148 | [REDACTED: batch progress and internal diagnostics]
L001149 | [Epoch 44] [Time: 2.050414800643921]
L001150 | [Train Loss: 0.5202]
L001151 | [Train F1: 0.8021545596504421]
L001152 | [Train Acc: 0.8032313906520485]
L001153 | [Dev Loss: 1.1478]
L001154 | [Dev F1: 0.517190560033324]
L001155 | [Dev Acc: 0.5368248772504092]
L001156 | 
L001157-L001172 | [REDACTED: batch progress and internal diagnostics]
L001173 | [Epoch 45] [Time: 2.123507022857666]
L001174 | [Train Loss: 0.517]
L001175 | [Train F1: 0.8062083174623714]
L001176 | [Train Acc: 0.8066935949221004]
L001177 | [Dev Loss: 1.1723]
L001178 | [Dev F1: 0.5192692607522783]
L001179 | [Dev Acc: 0.5335515548281505]
L001180 | 
L001181-L001196 | [REDACTED: batch progress and internal diagnostics]
L001197 | [Epoch 46] [Time: 2.0845413208007812]
L001198 | [Train Loss: 0.5022]
L001199 | [Train F1: 0.813428493247664]
L001200 | [Train Acc: 0.8140026928255434]
L001201 | [Dev Loss: 1.1293]
L001202 | [Dev F1: 0.5362356300093953]
L001203 | [Dev Acc: 0.5482815057283142]
L001204 | 
L001205-L001220 | [REDACTED: batch progress and internal diagnostics]
L001221 | [Epoch 47] [Time: 2.1676125526428223]
L001222 | [Train Loss: 0.5034]
L001223 | [Train F1: 0.8110371402003567]
L001224 | [Train Acc: 0.8115022119638392]
L001225 | [Dev Loss: 1.1475]
L001226 | [Dev F1: 0.5235565048517853]
L001227 | [Dev Acc: 0.5368248772504092]
L001228 | 
L001229-L001244 | [REDACTED: batch progress and internal diagnostics]
L001245 | [Epoch 48] [Time: 2.2136588096618652]
L001246 | [Train Loss: 0.5025]
L001247 | [Train F1: 0.8124522764230607]
L001248 | [Train Acc: 0.8132333140988651]
L001249 | [Dev Loss: 1.1643]
L001250 | [Dev F1: 0.5045184168612278]
L001251 | [Dev Acc: 0.5188216039279869]
L001252 | 
L001253-L001268 | [REDACTED: batch progress and internal diagnostics]
L001269 | [Epoch 49] [Time: 2.1709086894989014]
L001270 | [Train Loss: 0.4891]
L001271 | [Train F1: 0.8183709510673688]
L001272 | [Train Acc: 0.8191959992306213]
L001273 | [Dev Loss: 1.2296]
L001274 | [Dev F1: 0.5034812191005046]
L001275 | [Dev Acc: 0.5270049099836334]
L001276 | 
L001277-L001292 | [REDACTED: batch progress and internal diagnostics]
L001293 | [Epoch 50] [Time: 2.10675311088562]
L001294 | [Train Loss: 0.4779]
L001295 | [Train F1: 0.8233843741350376]
L001296 | [Train Acc: 0.823619926909021]
L001297 | [Dev Loss: 1.1638]
L001298 | [Dev F1: 0.5298965367251844]
L001299 | [Dev Acc: 0.5417348608837971]
L001300 | 
L001301-L001316 | [REDACTED: batch progress and internal diagnostics]
L001317 | [Epoch 51] [Time: 2.3454198837280273]
L001318 | [Train Loss: 0.4706]
L001319 | [Train F1: 0.8237425641172789]
L001320 | [Train Acc: 0.8241969609540296]
L001321 | [Dev Loss: 1.2088]
L001322 | [Dev F1: 0.5242069484981431]
L001323 | [Dev Acc: 0.5384615384615384]
L001324 | 
L001325-L001340 | [REDACTED: batch progress and internal diagnostics]
L001341 | [Epoch 52] [Time: 2.1475818157196045]
L001342 | [Train Loss: 0.4533]
L001343 | [Train F1: 0.8348222834419307]
L001344 | [Train Acc: 0.8351606078091941]
L001345 | [Dev Loss: 1.2184]
L001346 | [Dev F1: 0.5205645969486781]
L001347 | [Dev Acc: 0.5335515548281505]
L001348 | 
L001349-L001364 | [REDACTED: batch progress and internal diagnostics]
L001365 | [Epoch 53] [Time: 2.039717197418213]
L001366 | [Train Loss: 0.4455]
L001367 | [Train F1: 0.8346647258197736]
L001368 | [Train Acc: 0.8353529524908636]
L001369 | [Dev Loss: 1.2297]
L001370 | [Dev F1: 0.5134661410706038]
L001371 | [Dev Acc: 0.5270049099836334]
L001372 | 
L001373-L001388 | [REDACTED: batch progress and internal diagnostics]
L001389 | [Epoch 54] [Time: 2.0616214275360107]
L001390 | [Train Loss: 0.437]
L001391 | [Train F1: 0.8424479633882807]
L001392 | [Train Acc: 0.8428543950759761]
L001393 | [Dev Loss: 1.2117]
L001394 | [Dev F1: 0.5150111740722184]
L001395 | [Dev Acc: 0.5270049099836334]
L001396 | 
L001397-L001412 | [REDACTED: batch progress and internal diagnostics]
L001413 | [Epoch 55] [Time: 2.332386016845703]
L001414 | [Train Loss: 0.4221]
L001415 | [Train F1: 0.8485247658880267]
L001416 | [Train Acc: 0.8488170802077323]
L001417 | [Dev Loss: 1.2233]
L001418 | [Dev F1: 0.49920105795063874]
L001419 | [Dev Acc: 0.513911620294599]
L001420 | 
L001421-L001436 | [REDACTED: batch progress and internal diagnostics]
L001437 | [Epoch 56] [Time: 2.193653106689453]
L001438 | [Train Loss: 0.4263]
L001439 | [Train F1: 0.8449496759799157]
L001440 | [Train Acc: 0.8451625312560108]
L001441 | [Dev Loss: 1.2522]
L001442 | [Dev F1: 0.5062893355374485]
L001443 | [Dev Acc: 0.5204582651391162]
L001444 | 
L001445-L001460 | [REDACTED: batch progress and internal diagnostics]
L001461 | [Epoch 57] [Time: 2.202099084854126]
L001462 | [Train Loss: 0.4244]
L001463 | [Train F1: 0.8453762019172459]
L001464 | [Train Acc: 0.8457395653010195]
L001465 | [Dev Loss: 1.2281]
L001466 | [Dev F1: 0.5279463001432011]
L001467 | [Dev Acc: 0.5400981996726678]
L001468 | 
L001469-L001484 | [REDACTED: batch progress and internal diagnostics]
L001485 | [Epoch 58] [Time: 2.2525815963745117]
L001486 | [Train Loss: 0.4172]
L001487 | [Train F1: 0.8485594672925448]
L001488 | [Train Acc: 0.8486247355260627]
L001489 | [Dev Loss: 1.2225]
L001490 | [Dev F1: 0.5175478359596734]
L001491 | [Dev Acc: 0.5286415711947627]
L001492 | 
L001493-L001508 | [REDACTED: batch progress and internal diagnostics]
L001509 | [Epoch 59] [Time: 2.0347485542297363]
L001510 | [Train Loss: 0.4078]
L001511 | [Train F1: 0.8508213757133539]
L001512 | [Train Acc: 0.8513175610694365]
L001513 | [Dev Loss: 1.2425]
L001514 | [Dev F1: 0.5160351349227917]
L001515 | [Dev Acc: 0.530278232405892]
L001516 | 
L001517-L001532 | [REDACTED: batch progress and internal diagnostics]
L001533 | [Epoch 60] [Time: 2.1564829349517822]
L001534 | [Train Loss: 0.4086]
L001535 | [Train F1: 0.8523045165841954]
L001536 | [Train Acc: 0.8526639738411232]
L001537 | [Dev Loss: 1.2029]
L001538 | [Dev F1: 0.5339416482961455]
L001539 | [Dev Acc: 0.5433715220949263]
L001540 | 
L001541-L001556 | [REDACTED: batch progress and internal diagnostics]
L001557 | [Epoch 61] [Time: 2.0607635974884033]
L001558 | [Train Loss: 0.3952]
L001559 | [Train F1: 0.8577257550223789]
L001560 | [Train Acc: 0.8580496249278707]
L001561 | [Dev Loss: 1.2743]
L001562 | [Dev F1: 0.5175182665263799]
L001563 | [Dev Acc: 0.530278232405892]
L001564 | 
L001565-L001580 | [REDACTED: batch progress and internal diagnostics]
L001581 | [Epoch 62] [Time: 1.9462287425994873]
L001582 | [Train Loss: 0.3953]
L001583 | [Train F1: 0.8560586527339986]
L001584 | [Train Acc: 0.8567032121561838]
L001585 | [Dev Loss: 1.2783]
L001586 | [Dev F1: 0.5216955965865561]
L001587 | [Dev Acc: 0.5335515548281505]
L001588 | 
L001589-L001604 | [REDACTED: batch progress and internal diagnostics]
L001605 | [Epoch 63] [Time: 2.353867292404175]
L001606 | [Train Loss: 0.3911]
L001607 | [Train F1: 0.8587049878648643]
L001608 | [Train Acc: 0.8590113483362185]
L001609 | [Dev Loss: 1.2731]
L001610 | [Dev F1: 0.5032463984475045]
L001611 | [Dev Acc: 0.5155482815057283]
L001612 | 
L001613-L001628 | [REDACTED: batch progress and internal diagnostics]
L001629 | [Epoch 64] [Time: 2.0804948806762695]
L001630 | [Train Loss: 0.377]
L001631 | [Train F1: 0.8634277443206287]
L001632 | [Train Acc: 0.8634352760146182]
L001633 | [Dev Loss: 1.2849]
L001634 | [Dev F1: 0.5095980806435266]
L001635 | [Dev Acc: 0.5204582651391162]
L001636 | 
L001637-L001652 | [REDACTED: batch progress and internal diagnostics]
L001653 | [Epoch 65] [Time: 2.287099838256836]
L001654 | [Train Loss: 0.3715]
L001655 | [Train F1: 0.8677779915811371]
L001656 | [Train Acc: 0.868243893056357]
L001657 | [Dev Loss: 1.3228]
L001658 | [Dev F1: 0.5150508349985622]
L001659 | [Dev Acc: 0.5253682487725041]
L001660 | 
L001661-L001676 | [REDACTED: batch progress and internal diagnostics]
L001677 | [Epoch 66] [Time: 2.2828094959259033]
L001678 | [Train Loss: 0.366]
L001679 | [Train F1: 0.8657309518916294]
L001680 | [Train Acc: 0.8657434121946528]
L001681 | [Dev Loss: 1.3217]
L001682 | [Dev F1: 0.5044872048190403]
L001683 | [Dev Acc: 0.5155482815057283]
L001684 | 
L001685-L001700 | [REDACTED: batch progress and internal diagnostics]
L001701 | [Epoch 67] [Time: 2.2576329708099365]
L001702 | [Train Loss: 0.3558]
L001703 | [Train F1: 0.8771437502071514]
L001704 | [Train Acc: 0.8772840930948259]
L001705 | [Dev Loss: 1.3454]
L001706 | [Dev F1: 0.48611780173203917]
L001707 | [Dev Acc: 0.49918166939443537]
L001708 | 
L001709-L001724 | [REDACTED: batch progress and internal diagnostics]
L001725 | [Epoch 68] [Time: 2.211827039718628]
L001726 | [Train Loss: 0.3512]
L001727 | [Train F1: 0.8787941944201967]
L001728 | [Train Acc: 0.8790151952298519]
L001729 | [Dev Loss: 1.3616]
L001730 | [Dev F1: 0.4964952291955161]
L001731 | [Dev Acc: 0.5090016366612111]
L001732 | 
L001733-L001748 | [REDACTED: batch progress and internal diagnostics]
L001749 | [Epoch 69] [Time: 2.2106707096099854]
L001750 | [Train Loss: 0.3447]
L001751 | [Train F1: 0.8745022815692982]
L001752 | [Train Acc: 0.8745912675514522]
L001753 | [Dev Loss: 1.3174]
L001754 | [Dev F1: 0.5099109910334142]
L001755 | [Dev Acc: 0.5155482815057283]
L001756 | 
L001757-L001772 | [REDACTED: batch progress and internal diagnostics]
L001773 | [Epoch 70] [Time: 2.1516478061676025]
L001774 | [Train Loss: 0.343]
L001775 | [Train F1: 0.8722644157325541]
L001776 | [Train Acc: 0.8722831313714176]
L001777 | [Dev Loss: 1.3654]
L001778 | [Dev F1: 0.4978794607368536]
L001779 | [Dev Acc: 0.5073649754500819]
L001780 | 
L001781-L001796 | [REDACTED: batch progress and internal diagnostics]
L001797 | [Epoch 71] [Time: 2.109090566635132]
L001798 | [Train Loss: 0.3337]
L001799 | [Train F1: 0.8809891917296205]
L001800 | [Train Acc: 0.8813233314098865]
L001801 | [Dev Loss: 1.3393]
L001802 | [Dev F1: 0.5071317367095861]
L001803 | [Dev Acc: 0.513911620294599]
L001804 | Early stopping at epoch: 71
L001805 | Last model
L001806 |               precision    recall  f1-score   support
L001807 | 
L001808 |          hap     0.5208    0.3472    0.4167       144
L001809 |          sad     0.8043    0.7551    0.7789       245
L001810 |          neu     0.5698    0.6484    0.6066       384
L001811 |          ang     0.5749    0.5647    0.5697       170
L001812 |          exc     0.7171    0.7291    0.7231       299
L001813 |          fru     0.5707    0.5827    0.5766       381
L001814 | 
L001815 |     accuracy                         0.6285      1623
L001816 |    macro avg     0.6263    0.6045    0.6119      1623
L001817 | weighted avg     0.6287    0.6285    0.6263      1623
L001818 | 
L001819 | Best model at epoch: 46
L001820 | Best dev F1: 0.5362356300093953
L001821 |               precision    recall  f1-score   support
L001822 | 
L001823 |          hap     0.5446    0.3819    0.4490       144
L001824 |          sad     0.7957    0.7469    0.7705       245
L001825 |          neu     0.5579    0.6771    0.6118       384
L001826 |          ang     0.6053    0.5412    0.5714       170
L001827 |          exc     0.7342    0.7391    0.7367       299
L001828 |          fru     0.5898    0.5774    0.5836       381
L001829 | 
L001830 |     accuracy                         0.6352      1623
L001831 |    macro avg     0.6379    0.6106    0.6205      1623
L001832 | weighted avg     0.6376    0.6352    0.6335      1623
L001833 | 
L001834 | Best test F1: 0.6334504397008971
L001835 | Best test Acc: 0.6352433764633395
L001836 | [SANITIZED] Saved checkpoint: [path and filename removed]
