# Redacted copy of an existing run log.
# run_id: G15-seed1
# dataset: IEMOCAP
# model: MM-DFN+AMBER
# imr: (0.5,0.3,0.7)
# seed_alias: seed1
# original_log_sha256: 933fe8b777704fe395f3bbebacc610742b10a250f24c667123b002dc146a751c
# source_record_status: ok
# source_record_process_return_code: 3221226505
# L numbers refer to source logical lines; REDACTED/SANITIZED text is editorial.
L000001-L000076 | [REDACTED: configuration or implementation details]
L000077 | [SANITIZED] Seed alias: seed1
L000078 | 
L000079-L000080 | [REDACTED: batch progress and internal diagnostics]
L000081 | 
L000082-L000083 | [REDACTED: batch progress and internal diagnostics]
L000084 | 
L000085-L000086 | [REDACTED: batch progress and internal diagnostics]
L000087 | 
L000088-L000103 | [REDACTED: batch progress and internal diagnostics]
L000104 | [Epoch 0] [Time: 9.153566122055054]
L000105 | [Train Loss: 9.0711]
L000106 | [Train F1: 0.27199157776845734]
L000107 | [Train Acc: 0.29563377572610117]
L000108 | [Dev Loss: 8.717]
L000109 | [Dev F1: 0.3643469497923631]
L000110 | [Dev Acc: 0.3960720130932897]
L000111 | 
L000112-L000127 | [REDACTED: batch progress and internal diagnostics]
L000128 | [Epoch 1] [Time: 8.44973874092102]
L000129 | [Train Loss: 7.5898]
L000130 | [Train F1: 0.4177403061867601]
L000131 | [Train Acc: 0.45066358915175997]
L000132 | [Dev Loss: 7.6243]
L000133 | [Dev F1: 0.41711966433987246]
L000134 | [Dev Acc: 0.4402618657937807]
L000135 | 
L000136-L000151 | [REDACTED: batch progress and internal diagnostics]
L000152 | [Epoch 2] [Time: 8.500526905059814]
L000153 | [Train Loss: 6.4469]
L000154 | [Train F1: 0.49008216311913616]
L000155 | [Train Acc: 0.5131756106943643]
L000156 | [Dev Loss: 6.6751]
L000157 | [Dev F1: 0.49408078158870294]
L000158 | [Dev Acc: 0.502454991816694]
L000159 | 
L000160-L000175 | [REDACTED: batch progress and internal diagnostics]
L000176 | [Epoch 3] [Time: 8.202386856079102]
L000177 | [Train Loss: 5.6422]
L000178 | [Train F1: 0.5711499984308043]
L000179 | [Train Acc: 0.5799192152336988]
L000180 | [Dev Loss: 5.9652]
L000181 | [Dev F1: 0.5754714310459359]
L000182 | [Dev Acc: 0.5826513911620295]
L000183 | 
L000184-L000199 | [REDACTED: batch progress and internal diagnostics]
L000200 | [Epoch 4] [Time: 8.223087310791016]
L000201 | [Train Loss: 5.0166]
L000202 | [Train F1: 0.6033367964689937]
L000203 | [Train Acc: 0.6101173302558184]
L000204 | [Dev Loss: 5.4873]
L000205 | [Dev F1: 0.599999215795933]
L000206 | [Dev Acc: 0.6055646481178396]
L000207 | 
L000208-L000223 | [REDACTED: batch progress and internal diagnostics]
L000224 | [Epoch 5] [Time: 7.946320533752441]
L000225 | [Train Loss: 4.575]
L000226 | [Train F1: 0.6282692832279219]
L000227 | [Train Acc: 0.6339680707828429]
L000228 | [Dev Loss: 5.1604]
L000229 | [Dev F1: 0.6006797968655413]
L000230 | [Dev Acc: 0.6055646481178396]
L000231 | 
L000232-L000247 | [REDACTED: batch progress and internal diagnostics]
L000248 | [Epoch 6] [Time: 8.751338720321655]
L000249 | [Train Loss: 4.2443]
L000250 | [Train F1: 0.6460436577180213]
L000251 | [Train Acc: 0.6495479899980765]
L000252 | [Dev Loss: 5.0061]
L000253 | [Dev F1: 0.6105356172909622]
L000254 | [Dev Acc: 0.6170212765957447]
L000255 | 
L000256-L000271 | [REDACTED: batch progress and internal diagnostics]
L000272 | [Epoch 7] [Time: 8.011904001235962]
L000273 | [Train Loss: 3.9857]
L000274 | [Train F1: 0.6714412559207612]
L000275 | [Train Acc: 0.6764762454318138]
L000276 | [Dev Loss: 4.9264]
L000277 | [Dev F1: 0.6243564076976805]
L000278 | [Dev Acc: 0.6317512274959084]
L000279 | 
L000280-L000295 | [REDACTED: batch progress and internal diagnostics]
L000296 | [Epoch 8] [Time: 8.484196186065674]
L000297 | [Train Loss: 3.7677]
L000298 | [Train F1: 0.6810566378856683]
L000299 | [Train Acc: 0.6843623773802654]
L000300 | [Dev Loss: 4.6553]
L000301 | [Dev F1: 0.6234407580849458]
L000302 | [Dev Acc: 0.6235679214402619]
L000303 | 
L000304-L000319 | [REDACTED: batch progress and internal diagnostics]
L000320 | [Epoch 9] [Time: 8.057308197021484]
L000321 | [Train Loss: 3.5325]
L000322 | [Train F1: 0.6993678183813975]
L000323 | [Train Acc: 0.7020580880938642]
L000324 | [Dev Loss: 4.6101]
L000325 | [Dev F1: 0.6275640760198233]
L000326 | [Dev Acc: 0.6284779050736498]
L000327 | 
L000328-L000343 | [REDACTED: batch progress and internal diagnostics]
L000344 | [Epoch 10] [Time: 8.26141357421875]
L000345 | [Train Loss: 3.3467]
L000346 | [Train F1: 0.7165827108524586]
L000347 | [Train Acc: 0.7191767647624543]
L000348 | [Dev Loss: 4.5052]
L000349 | [Dev F1: 0.6427586518813962]
L000350 | [Dev Acc: 0.6432078559738135]
L000351 | 
L000352-L000367 | [REDACTED: batch progress and internal diagnostics]
L000368 | [Epoch 11] [Time: 8.194817066192627]
L000369 | [Train Loss: 3.1827]
L000370 | [Train F1: 0.7228086920741091]
L000371 | [Train Acc: 0.7253317945758799]
L000372 | [Dev Loss: 4.3984]
L000373 | [Dev F1: 0.6495311446820532]
L000374 | [Dev Acc: 0.6497545008183306]
L000375 | 
L000376-L000391 | [REDACTED: batch progress and internal diagnostics]
L000392 | [Epoch 12] [Time: 8.598670482635498]
L000393 | [Train Loss: 3.0324]
L000394 | [Train F1: 0.7366445463546786]
L000395 | [Train Acc: 0.7389882669744181]
L000396 | [Dev Loss: 4.3801]
L000397 | [Dev F1: 0.6447486965238978]
L000398 | [Dev Acc: 0.6432078559738135]
L000399 | 
L000400-L000415 | [REDACTED: batch progress and internal diagnostics]
L000416 | [Epoch 13] [Time: 7.852391242980957]
L000417 | [Train Loss: 2.8877]
L000418 | [Train F1: 0.7461597664213924]
L000419 | [Train Acc: 0.748028467012887]
L000420 | [Dev Loss: 4.3713]
L000421 | [Dev F1: 0.6574837910518968]
L000422 | [Dev Acc: 0.6579378068739771]
L000423 | 
L000424-L000439 | [REDACTED: batch progress and internal diagnostics]
L000440 | [Epoch 14] [Time: 9.115435600280762]
L000441 | [Train Loss: 2.7386]
L000442 | [Train F1: 0.7617371172252683]
L000443 | [Train Acc: 0.7634160415464513]
L000444 | [Dev Loss: 4.3654]
L000445 | [Dev F1: 0.665337898622447]
L000446 | [Dev Acc: 0.6661211129296236]
L000447 | 
L000448-L000463 | [REDACTED: batch progress and internal diagnostics]
L000464 | [Epoch 15] [Time: 8.422470808029175]
L000465 | [Train Loss: 2.6758]
L000466 | [Train F1: 0.7731669736413597]
L000467 | [Train Acc: 0.7749567224466244]
L000468 | [Dev Loss: 4.3321]
L000469 | [Dev F1: 0.6590747398679945]
L000470 | [Dev Acc: 0.6595744680851063]
L000471 | 
L000472-L000487 | [REDACTED: batch progress and internal diagnostics]
L000488 | [Epoch 16] [Time: 8.296025037765503]
L000489 | [Train Loss: 2.526]
L000490 | [Train F1: 0.7791680841458549]
L000491 | [Train Acc: 0.7809194075783804]
L000492 | [Dev Loss: 4.617]
L000493 | [Dev F1: 0.6492547873233213]
L000494 | [Dev Acc: 0.6513911620294599]
L000495 | 
L000496-L000511 | [REDACTED: batch progress and internal diagnostics]
L000512 | [Epoch 17] [Time: 8.45362901687622]
L000513 | [Train Loss: 2.4509]
L000514 | [Train F1: 0.7936810910106973]
L000515 | [Train Acc: 0.7953452587035968]
L000516 | [Dev Loss: 4.4203]
L000517 | [Dev F1: 0.6691608555418035]
L000518 | [Dev Acc: 0.6693944353518821]
L000519 | 
L000520-L000535 | [REDACTED: batch progress and internal diagnostics]
L000536 | [Epoch 18] [Time: 7.976221084594727]
L000537 | [Train Loss: 2.2898]
L000538 | [Train F1: 0.798881414920096]
L000539 | [Train Acc: 0.799576841700327]
L000540 | [Dev Loss: 4.6167]
L000541 | [Dev F1: 0.6564327886882102]
L000542 | [Dev Acc: 0.6612111292962357]
L000543 | 
L000544-L000559 | [REDACTED: batch progress and internal diagnostics]
L000560 | [Epoch 19] [Time: 7.78534197807312]
L000561 | [Train Loss: 2.1748]
L000562 | [Train F1: 0.8066049887586483]
L000563 | [Train Acc: 0.8080400076937873]
L000564 | [Dev Loss: 4.4149]
L000565 | [Dev F1: 0.6616165169020087]
L000566 | [Dev Acc: 0.662847790507365]
L000567 | 
L000568-L000583 | [REDACTED: batch progress and internal diagnostics]
L000584 | [Epoch 20] [Time: 8.071598768234253]
L000585 | [Train Loss: 2.1203]
L000586 | [Train F1: 0.8124167162299829]
L000587 | [Train Acc: 0.8134256587805347]
L000588 | [Dev Loss: 4.7014]
L000589 | [Dev F1: 0.6523341137667706]
L000590 | [Dev Acc: 0.6546644844517185]
L000591 | 
L000592-L000607 | [REDACTED: batch progress and internal diagnostics]
L000608 | [Epoch 21] [Time: 7.995199918746948]
L000609 | [Train Loss: 2.0506]
L000610 | [Train F1: 0.8237184896228865]
L000611 | [Train Acc: 0.8249663396807079]
L000612 | [Dev Loss: 4.5316]
L000613 | [Dev F1: 0.686267727239838]
L000614 | [Dev Acc: 0.690671031096563]
L000615 | 
L000616-L000631 | [REDACTED: batch progress and internal diagnostics]
L000632 | [Epoch 22] [Time: 8.359249353408813]
L000633 | [Train Loss: 1.9572]
L000634 | [Train F1: 0.8251481929014238]
L000635 | [Train Acc: 0.8263127524523947]
L000636 | [Dev Loss: 4.7708]
L000637 | [Dev F1: 0.6490029176021168]
L000638 | [Dev Acc: 0.6530278232405892]
L000639 | 
L000640-L000655 | [REDACTED: batch progress and internal diagnostics]
L000656 | [Epoch 23] [Time: 7.949414014816284]
L000657 | [Train Loss: 1.9195]
L000658 | [Train F1: 0.8325172351376379]
L000659 | [Train Acc: 0.8328524716291594]
L000660 | [Dev Loss: 4.8467]
L000661 | [Dev F1: 0.6565516111970467]
L000662 | [Dev Acc: 0.6579378068739771]
L000663 | 
L000664-L000679 | [REDACTED: batch progress and internal diagnostics]
L000680 | [Epoch 24] [Time: 8.194433212280273]
L000681 | [Train Loss: 1.8201]
L000682 | [Train F1: 0.8326913541741828]
L000683 | [Train Acc: 0.8343912290825158]
L000684 | [Dev Loss: 5.0503]
L000685 | [Dev F1: 0.661576692492603]
L000686 | [Dev Acc: 0.6661211129296236]
L000687 | 
L000688-L000703 | [REDACTED: batch progress and internal diagnostics]
L000704 | [Epoch 25] [Time: 7.846067190170288]
L000705 | [Train Loss: 1.8068]
L000706 | [Train F1: 0.8349577509222845]
L000707 | [Train Acc: 0.8355452971725332]
L000708 | [Dev Loss: 4.8747]
L000709 | [Dev F1: 0.6787695769193672]
L000710 | [Dev Acc: 0.6824877250409165]
L000711 | 
L000712-L000727 | [REDACTED: batch progress and internal diagnostics]
L000728 | [Epoch 26] [Time: 8.17343258857727]
L000729 | [Train Loss: 1.7036]
L000730 | [Train F1: 0.8438919897212982]
L000731 | [Train Acc: 0.8453548759376803]
L000732 | [Dev Loss: 4.9067]
L000733 | [Dev F1: 0.6676414641658074]
L000734 | [Dev Acc: 0.6710310965630114]
L000735 | 
L000736-L000751 | [REDACTED: batch progress and internal diagnostics]
L000752 | [Epoch 27] [Time: 8.138269662857056]
L000753 | [Train Loss: 1.6618]
L000754 | [Train F1: 0.8524968165070645]
L000755 | [Train Acc: 0.853241007886132]
L000756 | [Dev Loss: 4.9011]
L000757 | [Dev F1: 0.6631400126936863]
L000758 | [Dev Acc: 0.6644844517184942]
L000759 | 
L000760-L000775 | [REDACTED: batch progress and internal diagnostics]
L000776 | [Epoch 28] [Time: 8.45281171798706]
L000777 | [Train Loss: 1.5953]
L000778 | [Train F1: 0.8529164036236728]
L000779 | [Train Acc: 0.853625697249471]
L000780 | [Dev Loss: 5.0951]
L000781 | [Dev F1: 0.6753141560866782]
L000782 | [Dev Acc: 0.679214402618658]
L000783 | 
L000784-L000799 | [REDACTED: batch progress and internal diagnostics]
L000800 | [Epoch 29] [Time: 7.7382402420043945]
L000801 | [Train Loss: 1.5577]
L000802 | [Train F1: 0.854162464698686]
L000803 | [Train Acc: 0.8549721100211579]
L000804 | [Dev Loss: 5.1284]
L000805 | [Dev F1: 0.6685651290426786]
L000806 | [Dev Acc: 0.6726677577741408]
L000807 | 
L000808-L000823 | [REDACTED: batch progress and internal diagnostics]
L000824 | [Epoch 30] [Time: 8.205496549606323]
L000825 | [Train Loss: 1.5065]
L000826 | [Train F1: 0.8643007759941935]
L000827 | [Train Acc: 0.8651663781496441]
L000828 | [Dev Loss: 5.155]
L000829 | [Dev F1: 0.6667147997376331]
L000830 | [Dev Acc: 0.6677577741407529]
L000831 | 
L000832-L000847 | [REDACTED: batch progress and internal diagnostics]
L000848 | [Epoch 31] [Time: 7.853164911270142]
L000849 | [Train Loss: 1.4615]
L000850 | [Train F1: 0.868265325238371]
L000851 | [Train Acc: 0.8692056164647047]
L000852 | [Dev Loss: 5.3097]
L000853 | [Dev F1: 0.6727486385226252]
L000854 | [Dev Acc: 0.6775777414075287]
L000855 | 
L000856-L000871 | [REDACTED: batch progress and internal diagnostics]
L000872 | [Epoch 32] [Time: 8.154523372650146]
L000873 | [Train Loss: 1.3985]
L000874 | [Train F1: 0.869105292325313]
L000875 | [Train Acc: 0.869974995191383]
L000876 | [Dev Loss: 4.8728]
L000877 | [Dev F1: 0.6673973555395747]
L000878 | [Dev Acc: 0.6677577741407529]
L000879 | 
L000880-L000895 | [REDACTED: batch progress and internal diagnostics]
L000896 | [Epoch 33] [Time: 8.74704909324646]
L000897 | [Train Loss: 1.4287]
L000898 | [Train F1: 0.8733824004739235]
L000899 | [Train Acc: 0.8740142335064436]
L000900 | [Dev Loss: 5.7821]
L000901 | [Dev F1: 0.66123593767549]
L000902 | [Dev Acc: 0.6661211129296236]
L000903 | 
L000904-L000919 | [REDACTED: batch progress and internal diagnostics]
L000920 | [Epoch 34] [Time: 8.303014755249023]
L000921 | [Train Loss: 1.3964]
L000922 | [Train F1: 0.8704374098182742]
L000923 | [Train Acc: 0.8709367185997308]
L000924 | [Dev Loss: 5.315]
L000925 | [Dev F1: 0.6574309745782243]
L000926 | [Dev Acc: 0.662847790507365]
L000927 | 
L000928-L000943 | [REDACTED: batch progress and internal diagnostics]
L000944 | [Epoch 35] [Time: 8.552356481552124]
L000945 | [Train Loss: 1.3751]
L000946 | [Train F1: 0.8721826607533698]
L000947 | [Train Acc: 0.8728601654164262]
L000948 | [Dev Loss: 5.6107]
L000949 | [Dev F1: 0.6699321613059662]
L000950 | [Dev Acc: 0.67430441898527]
L000951 | 
L000952-L000967 | [REDACTED: batch progress and internal diagnostics]
L000968 | [Epoch 36] [Time: 8.256207704544067]
L000969 | [Train Loss: 1.3298]
L000970 | [Train F1: 0.8747647134196394]
L000971 | [Train Acc: 0.8755529909598]
L000972 | [Dev Loss: 5.3525]
L000973 | [Dev F1: 0.6610648892061101]
L000974 | [Dev Acc: 0.6644844517184942]
L000975 | 
L000976-L000991 | [REDACTED: batch progress and internal diagnostics]
L000992 | [Epoch 37] [Time: 8.486282348632812]
L000993 | [Train Loss: 1.2605]
L000994 | [Train F1: 0.8832348558232282]
L000995 | [Train Acc: 0.8836314675899212]
L000996 | [Dev Loss: 5.8345]
L000997 | [Dev F1: 0.6661159001371214]
L000998 | [Dev Acc: 0.6693944353518821]
L000999 | 
L001000-L001015 | [REDACTED: batch progress and internal diagnostics]
L001016 | [Epoch 38] [Time: 8.70837688446045]
L001017 | [Train Loss: 1.2826]
L001018 | [Train F1: 0.8852760037905612]
L001019 | [Train Acc: 0.8859396037699557]
L001020 | [Dev Loss: 5.3683]
L001021 | [Dev F1: 0.6703674962971379]
L001022 | [Dev Acc: 0.67430441898527]
L001023 | 
L001024-L001039 | [REDACTED: batch progress and internal diagnostics]
L001040 | [Epoch 39] [Time: 8.531867742538452]
L001041 | [Train Loss: 1.2334]
L001042 | [Train F1: 0.8857338754957294]
L001043 | [Train Acc: 0.8861319484516254]
L001044 | [Dev Loss: 5.6973]
L001045 | [Dev F1: 0.6551714341936217]
L001046 | [Dev Acc: 0.6595744680851063]
L001047 | 
L001048-L001063 | [REDACTED: batch progress and internal diagnostics]
L001064 | [Epoch 40] [Time: 8.801082372665405]
L001065 | [Train Loss: 1.1906]
L001066 | [Train F1: 0.8884105074315258]
L001067 | [Train Acc: 0.888824773994999]
L001068 | [Dev Loss: 5.8973]
L001069 | [Dev F1: 0.6512115151301907]
L001070 | [Dev Acc: 0.6546644844517185]
L001071 | 
L001072-L001087 | [REDACTED: batch progress and internal diagnostics]
L001088 | [Epoch 41] [Time: 7.966169357299805]
L001089 | [Train Loss: 1.1572]
L001090 | [Train F1: 0.8977574087441151]
L001091 | [Train Acc: 0.8982496633968071]
L001092 | [Dev Loss: 5.7031]
L001093 | [Dev F1: 0.6609088082033197]
L001094 | [Dev Acc: 0.6661211129296236]
L001095 | 
L001096-L001111 | [REDACTED: batch progress and internal diagnostics]
L001112 | [Epoch 42] [Time: 8.527768611907959]
L001113 | [Train Loss: 1.207]
L001114 | [Train F1: 0.884650308599804]
L001115 | [Train Acc: 0.8851702250432776]
L001116 | [Dev Loss: 5.9506]
L001117 | [Dev F1: 0.6413305417666502]
L001118 | [Dev Acc: 0.646481178396072]
L001119 | 
L001120-L001135 | [REDACTED: batch progress and internal diagnostics]
L001136 | [Epoch 43] [Time: 8.35538101196289]
L001137 | [Train Loss: 1.1092]
L001138 | [Train F1: 0.8968612778706796]
L001139 | [Train Acc: 0.8972879399884593]
L001140 | [Dev Loss: 5.7363]
L001141 | [Dev F1: 0.6527726953988628]
L001142 | [Dev Acc: 0.6563011456628478]
L001143 | 
L001144-L001159 | [REDACTED: batch progress and internal diagnostics]
L001160 | [Epoch 44] [Time: 8.268787145614624]
L001161 | [Train Loss: 1.0859]
L001162 | [Train F1: 0.9001664895985114]
L001163 | [Train Acc: 0.9007501442585113]
L001164 | [Dev Loss: 5.7888]
L001165 | [Dev F1: 0.6704145333105367]
L001166 | [Dev Acc: 0.6726677577741408]
L001167 | 
L001168-L001183 | [REDACTED: batch progress and internal diagnostics]
L001184 | [Epoch 45] [Time: 8.175786018371582]
L001185 | [Train Loss: 1.0437]
L001186 | [Train F1: 0.8987634229694226]
L001187 | [Train Acc: 0.8990190421234853]
L001188 | [Dev Loss: 5.9908]
L001189 | [Dev F1: 0.6595668732436955]
L001190 | [Dev Acc: 0.662847790507365]
L001191 | 
L001192-L001207 | [REDACTED: batch progress and internal diagnostics]
L001208 | [Epoch 46] [Time: 8.870328187942505]
L001209 | [Train Loss: 1.0108]
L001210 | [Train F1: 0.902107524230793]
L001211 | [Train Acc: 0.9028659357568763]
L001212 | [Dev Loss: 5.8836]
L001213 | [Dev F1: 0.6573753302847807]
L001214 | [Dev Acc: 0.6612111292962357]
L001215 | Early stopping at epoch: 46
L001216 | Last model
L001217 |               precision    recall  f1-score   support
L001218 | 
L001219 |          hap     0.5510    0.3750    0.4463       144
L001220 |          sad     0.8483    0.7306    0.7851       245
L001221 |          neu     0.6008    0.7526    0.6682       384
L001222 |          ang     0.5631    0.6824    0.6170       170
L001223 |          exc     0.7074    0.7358    0.7213       299
L001224 |          fru     0.6234    0.5171    0.5653       381
L001225 | 
L001226 |     accuracy                         0.6500      1623
L001227 |    macro avg     0.6490    0.6322    0.6339      1623
L001228 | weighted avg     0.6548    0.6500    0.6464      1623
L001229 | 
L001230 | Best model at epoch: 21
L001231 | Best dev F1: 0.686267727239838
L001232 |               precision    recall  f1-score   support
L001233 | 
L001234 |          hap     0.5950    0.5000    0.5434       144
L001235 |          sad     0.8086    0.8449    0.8263       245
L001236 |          neu     0.6275    0.7370    0.6778       384
L001237 |          ang     0.6623    0.5882    0.6231       170
L001238 |          exc     0.7384    0.7458    0.7421       299
L001239 |          fru     0.6404    0.5748    0.6058       381
L001240 | 
L001241 |     accuracy                         0.6802      1623
L001242 |    macro avg     0.6787    0.6651    0.6698      1623
L001243 | weighted avg     0.6790    0.6802    0.6775      1623
L001244 | 
L001245 | Best test F1: 0.6775203317053748
L001246 | Best test Acc: 0.6802218114602587
L001247 | [SANITIZED] Saved checkpoint: [path and filename removed]
