# Redacted copy of an existing run log.
# run_id: G15-seed5
# dataset: IEMOCAP
# model: MM-DFN+AMBER
# imr: (0.5,0.3,0.7)
# seed_alias: seed5
# original_log_sha256: e9f7b5e570aaba95bea7ac9274ac254f7d20f3e3d2a677a9ab725e61bdc5ceeb
# source_record_status: ok
# source_record_process_return_code: 3221226505
# L numbers refer to source logical lines; REDACTED/SANITIZED text is editorial.
L000001-L000076 | [REDACTED: configuration or implementation details]
L000077 | [SANITIZED] Seed alias: seed5
L000078 | 
L000079-L000080 | [REDACTED: batch progress and internal diagnostics]
L000081 | 
L000082-L000083 | [REDACTED: batch progress and internal diagnostics]
L000084 | 
L000085-L000086 | [REDACTED: batch progress and internal diagnostics]
L000087 | 
L000088-L000103 | [REDACTED: batch progress and internal diagnostics]
L000104 | [Epoch 0] [Time: 8.344114065170288]
L000105 | [Train Loss: 9.3776]
L000106 | [Train F1: 0.2582378500221463]
L000107 | [Train Acc: 0.26358226147053176]
L000108 | [Dev Loss: 7.8964]
L000109 | [Dev F1: 0.345174086387057]
L000110 | [Dev Acc: 0.4442595673876872]
L000111 | 
L000112-L000127 | [REDACTED: batch progress and internal diagnostics]
L000128 | [Epoch 1] [Time: 8.52761721611023]
L000129 | [Train Loss: 7.783]
L000130 | [Train F1: 0.4085458546691315]
L000131 | [Train Acc: 0.4403916298713765]
L000132 | [Dev Loss: 6.7156]
L000133 | [Dev F1: 0.35482250321611736]
L000134 | [Dev Acc: 0.454242928452579]
L000135 | 
L000136-L000151 | [REDACTED: batch progress and internal diagnostics]
L000152 | [Epoch 2] [Time: 8.127439498901367]
L000153 | [Train Loss: 6.6862]
L000154 | [Train F1: 0.4942273364556598]
L000155 | [Train Acc: 0.5135342676137454]
L000156 | [Dev Loss: 5.6983]
L000157 | [Dev F1: 0.44997667434829813]
L000158 | [Dev Acc: 0.49417637271214643]
L000159 | 
L000160-L000175 | [REDACTED: batch progress and internal diagnostics]
L000176 | [Epoch 3] [Time: 8.177481889724731]
L000177 | [Train Loss: 5.8322]
L000178 | [Train F1: 0.5486000592401417]
L000179 | [Train Acc: 0.5561528124400077]
L000180 | [Dev Loss: 5.098]
L000181 | [Dev F1: 0.5380598525845236]
L000182 | [Dev Acc: 0.5590682196339434]
L000183 | 
L000184-L000199 | [REDACTED: batch progress and internal diagnostics]
L000200 | [Epoch 4] [Time: 8.097986221313477]
L000201 | [Train Loss: 5.2215]
L000202 | [Train F1: 0.5742636428047437]
L000203 | [Train Acc: 0.5807256671146094]
L000204 | [Dev Loss: 4.6981]
L000205 | [Dev F1: 0.5228761826498786]
L000206 | [Dev Acc: 0.5557404326123128]
L000207 | 
L000208-L000223 | [REDACTED: batch progress and internal diagnostics]
L000224 | [Epoch 5] [Time: 8.53534483909607]
L000225 | [Train Loss: 4.7036]
L000226 | [Train F1: 0.6211931671298925]
L000227 | [Train Acc: 0.6279516221923593]
L000228 | [Dev Loss: 4.4184]
L000229 | [Dev F1: 0.5281029319491553]
L000230 | [Dev Acc: 0.5557404326123128]
L000231 | 
L000232-L000247 | [REDACTED: batch progress and internal diagnostics]
L000248 | [Epoch 6] [Time: 8.178640365600586]
L000249 | [Train Loss: 4.4089]
L000250 | [Train F1: 0.6322032415428794]
L000251 | [Train Acc: 0.6352466884238818]
L000252 | [Dev Loss: 4.2181]
L000253 | [Dev F1: 0.5724178155676137]
L000254 | [Dev Acc: 0.5856905158069884]
L000255 | 
L000256-L000271 | [REDACTED: batch progress and internal diagnostics]
L000272 | [Epoch 7] [Time: 7.830626726150513]
L000273 | [Train Loss: 4.0609]
L000274 | [Train F1: 0.6646182905823816]
L000275 | [Train Acc: 0.6663467076214244]
L000276 | [Dev Loss: 4.0726]
L000277 | [Dev F1: 0.575763597481541]
L000278 | [Dev Acc: 0.5923460898502496]
L000279 | 
L000280-L000295 | [REDACTED: batch progress and internal diagnostics]
L000296 | [Epoch 8] [Time: 8.471246242523193]
L000297 | [Train Loss: 3.7943]
L000298 | [Train F1: 0.6831530781275058]
L000299 | [Train Acc: 0.6874640046074103]
L000300 | [Dev Loss: 4.0823]
L000301 | [Dev F1: 0.5754756507229628]
L000302 | [Dev Acc: 0.5940099833610649]
L000303 | 
L000304-L000319 | [REDACTED: batch progress and internal diagnostics]
L000320 | [Epoch 9] [Time: 8.004755973815918]
L000321 | [Train Loss: 3.626]
L000322 | [Train F1: 0.6921961003365272]
L000323 | [Train Acc: 0.6947590708389326]
L000324 | [Dev Loss: 3.9135]
L000325 | [Dev F1: 0.617484238816657]
L000326 | [Dev Acc: 0.627287853577371]
L000327 | 
L000328-L000343 | [REDACTED: batch progress and internal diagnostics]
L000344 | [Epoch 10] [Time: 8.080283641815186]
L000345 | [Train Loss: 3.4897]
L000346 | [Train F1: 0.7056959787029583]
L000347 | [Train Acc: 0.7081973507391054]
L000348 | [Dev Loss: 3.8883]
L000349 | [Dev F1: 0.585196996550487]
L000350 | [Dev Acc: 0.6039933444259568]
L000351 | 
L000352-L000367 | [REDACTED: batch progress and internal diagnostics]
L000368 | [Epoch 11] [Time: 8.055813312530518]
L000369 | [Train Loss: 3.2023]
L000370 | [Train F1: 0.7291684692999867]
L000371 | [Train Acc: 0.7312344019965444]
L000372 | [Dev Loss: 3.8019]
L000373 | [Dev F1: 0.6069867184833488]
L000374 | [Dev Acc: 0.6173044925124792]
L000375 | 
L000376-L000391 | [REDACTED: batch progress and internal diagnostics]
L000392 | [Epoch 12] [Time: 8.789658784866333]
L000393 | [Train Loss: 3.0886]
L000394 | [Train F1: 0.7431866584961365]
L000395 | [Train Acc: 0.7454405836052985]
L000396 | [Dev Loss: 3.7783]
L000397 | [Dev F1: 0.6153600216206884]
L000398 | [Dev Acc: 0.627287853577371]
L000399 | 
L000400-L000415 | [REDACTED: batch progress and internal diagnostics]
L000416 | [Epoch 13] [Time: 8.140093088150024]
L000417 | [Train Loss: 2.9034]
L000418 | [Train F1: 0.7547446655469594]
L000419 | [Train Acc: 0.7548473795354195]
L000420 | [Dev Loss: 3.7169]
L000421 | [Dev F1: 0.6259715088884752]
L000422 | [Dev Acc: 0.6339434276206323]
L000423 | 
L000424-L000439 | [REDACTED: batch progress and internal diagnostics]
L000440 | [Epoch 14] [Time: 8.025192975997925]
L000441 | [Train Loss: 2.781]
L000442 | [Train F1: 0.7641223652269136]
L000443 | [Train Acc: 0.7661739297369937]
L000444 | [Dev Loss: 3.7527]
L000445 | [Dev F1: 0.6287068012123955]
L000446 | [Dev Acc: 0.6389351081530782]
L000447 | 
L000448-L000463 | [REDACTED: batch progress and internal diagnostics]
L000464 | [Epoch 15] [Time: 8.305791139602661]
L000465 | [Train Loss: 2.6809]
L000466 | [Train F1: 0.7730491883514371]
L000467 | [Train Acc: 0.773468995968516]
L000468 | [Dev Loss: 3.7361]
L000469 | [Dev F1: 0.6390296201409236]
L000470 | [Dev Acc: 0.6472545757071547]
L000471 | 
L000472-L000487 | [REDACTED: batch progress and internal diagnostics]
L000488 | [Epoch 16] [Time: 8.757792234420776]
L000489 | [Train Loss: 2.6194]
L000490 | [Train F1: 0.7770547241217381]
L000491 | [Train Acc: 0.7780764062200038]
L000492 | [Dev Loss: 3.7337]
L000493 | [Dev F1: 0.6327053047119342]
L000494 | [Dev Acc: 0.6439267886855241]
L000495 | 
L000496-L000511 | [REDACTED: batch progress and internal diagnostics]
L000512 | [Epoch 17] [Time: 8.136737585067749]
L000513 | [Train Loss: 2.4998]
L000514 | [Train F1: 0.7860689167883264]
L000515 | [Train Acc: 0.7870992512958341]
L000516 | [Dev Loss: 3.7248]
L000517 | [Dev F1: 0.655815519609025]
L000518 | [Dev Acc: 0.6622296173044925]
L000519 | 
L000520-L000535 | [REDACTED: batch progress and internal diagnostics]
L000536 | [Epoch 18] [Time: 7.875560283660889]
L000537 | [Train Loss: 2.4106]
L000538 | [Train F1: 0.7971210031970445]
L000539 | [Train Acc: 0.7986177769245536]
L000540 | [Dev Loss: 3.7324]
L000541 | [Dev F1: 0.637801796609187]
L000542 | [Dev Acc: 0.64891846921797]
L000543 | 
L000544-L000559 | [REDACTED: batch progress and internal diagnostics]
L000560 | [Epoch 19] [Time: 8.031452655792236]
L000561 | [Train Loss: 2.2821]
L000562 | [Train F1: 0.7941353756482086]
L000563 | [Train Acc: 0.7947782683816471]
L000564 | [Dev Loss: 3.9328]
L000565 | [Dev F1: 0.6528588099630613]
L000566 | [Dev Acc: 0.6589018302828619]
L000567 | 
L000568-L000583 | [REDACTED: batch progress and internal diagnostics]
L000584 | [Epoch 20] [Time: 8.085854053497314]
L000585 | [Train Loss: 2.1551]
L000586 | [Train F1: 0.8139628666470838]
L000587 | [Train Acc: 0.8149356882319063]
L000588 | [Dev Loss: 3.6783]
L000589 | [Dev F1: 0.627721734489317]
L000590 | [Dev Acc: 0.6389351081530782]
L000591 | 
L000592-L000607 | [REDACTED: batch progress and internal diagnostics]
L000608 | [Epoch 21] [Time: 7.899718761444092]
L000609 | [Train Loss: 2.0648]
L000610 | [Train F1: 0.8200428577515844]
L000611 | [Train Acc: 0.8206949510462661]
L000612 | [Dev Loss: 4.0008]
L000613 | [Dev F1: 0.6453028035745315]
L000614 | [Dev Acc: 0.653910149750416]
L000615 | 
L000616-L000631 | [REDACTED: batch progress and internal diagnostics]
L000632 | [Epoch 22] [Time: 7.76155424118042]
L000633 | [Train Loss: 1.976]
L000634 | [Train F1: 0.8269258810619381]
L000635 | [Train Acc: 0.8279900172777884]
L000636 | [Dev Loss: 3.7227]
L000637 | [Dev F1: 0.6303638598107425]
L000638 | [Dev Acc: 0.6405990016638935]
L000639 | 
L000640-L000655 | [REDACTED: batch progress and internal diagnostics]
L000656 | [Epoch 23] [Time: 8.111243724822998]
L000657 | [Train Loss: 1.9458]
L000658 | [Train F1: 0.823185887993964]
L000659 | [Train Acc: 0.8237665578805913]
L000660 | [Dev Loss: 4.0786]
L000661 | [Dev F1: 0.6429042687061044]
L000662 | [Dev Acc: 0.6505823627287853]
L000663 | 
L000664-L000679 | [REDACTED: batch progress and internal diagnostics]
L000680 | [Epoch 24] [Time: 8.224984884262085]
L000681 | [Train Loss: 1.8392]
L000682 | [Train F1: 0.8417597283144238]
L000683 | [Train Acc: 0.8423881743136878]
L000684 | [Dev Loss: 3.8348]
L000685 | [Dev F1: 0.637958005031197]
L000686 | [Dev Acc: 0.6439267886855241]
L000687 | 
L000688-L000703 | [REDACTED: batch progress and internal diagnostics]
L000704 | [Epoch 25] [Time: 7.867344856262207]
L000705 | [Train Loss: 1.8686]
L000706 | [Train F1: 0.8296454024038217]
L000707 | [Train Acc: 0.8310616241121136]
L000708 | [Dev Loss: 4.1879]
L000709 | [Dev F1: 0.6279754460636291]
L000710 | [Dev Acc: 0.6356073211314476]
L000711 | 
L000712-L000727 | [REDACTED: batch progress and internal diagnostics]
L000728 | [Epoch 26] [Time: 8.281201839447021]
L000729 | [Train Loss: 1.8227]
L000730 | [Train F1: 0.8409318149330319]
L000731 | [Train Acc: 0.8410443463236705]
L000732 | [Dev Loss: 3.9006]
L000733 | [Dev F1: 0.610043216123798]
L000734 | [Dev Acc: 0.6222961730449251]
L000735 | 
L000736-L000751 | [REDACTED: batch progress and internal diagnostics]
L000752 | [Epoch 27] [Time: 8.096969366073608]
L000753 | [Train Loss: 1.7259]
L000754 | [Train F1: 0.8411431748045632]
L000755 | [Train Acc: 0.8420042234593972]
L000756 | [Dev Loss: 3.8948]
L000757 | [Dev F1: 0.6515804977360975]
L000758 | [Dev Acc: 0.6505823627287853]
L000759 | 
L000760-L000775 | [REDACTED: batch progress and internal diagnostics]
L000776 | [Epoch 28] [Time: 8.150234460830688]
L000777 | [Train Loss: 1.6518]
L000778 | [Train F1: 0.8558403668518766]
L000779 | [Train Acc: 0.8565943559224419]
L000780 | [Dev Loss: 4.3544]
L000781 | [Dev F1: 0.5919598368148563]
L000782 | [Dev Acc: 0.6073211314475874]
L000783 | 
L000784-L000799 | [REDACTED: batch progress and internal diagnostics]
L000800 | [Epoch 29] [Time: 8.467972755432129]
L000801 | [Train Loss: 1.6153]
L000802 | [Train F1: 0.8608024718292945]
L000803 | [Train Acc: 0.8612017661739297]
L000804 | [Dev Loss: 3.8501]
L000805 | [Dev F1: 0.6404776142232969]
L000806 | [Dev Acc: 0.6422628951747088]
L000807 | 
L000808-L000823 | [REDACTED: batch progress and internal diagnostics]
L000824 | [Epoch 30] [Time: 7.988168001174927]
L000825 | [Train Loss: 1.5479]
L000826 | [Train F1: 0.8549343688186919]
L000827 | [Train Acc: 0.8558264542138606]
L000828 | [Dev Loss: 4.3931]
L000829 | [Dev F1: 0.6333929894732101]
L000830 | [Dev Acc: 0.6372712146422629]
L000831 | 
L000832-L000847 | [REDACTED: batch progress and internal diagnostics]
L000848 | [Epoch 31] [Time: 8.265011548995972]
L000849 | [Train Loss: 1.5093]
L000850 | [Train F1: 0.8635066969517269]
L000851 | [Train Acc: 0.8640813975811096]
L000852 | [Dev Loss: 4.1243]
L000853 | [Dev F1: 0.6074775830697448]
L000854 | [Dev Acc: 0.6222961730449251]
L000855 | 
L000856-L000871 | [REDACTED: batch progress and internal diagnostics]
L000872 | [Epoch 32] [Time: 8.432129144668579]
L000873 | [Train Loss: 1.4645]
L000874 | [Train F1: 0.865077077993018]
L000875 | [Train Acc: 0.8658091764254175]
L000876 | [Dev Loss: 4.5481]
L000877 | [Dev F1: 0.6187521187552807]
L000878 | [Dev Acc: 0.6222961730449251]
L000879 | 
L000880-L000895 | [REDACTED: batch progress and internal diagnostics]
L000896 | [Epoch 33] [Time: 7.901973247528076]
L000897 | [Train Loss: 1.5045]
L000898 | [Train F1: 0.8626067427643161]
L000899 | [Train Acc: 0.8629295450182377]
L000900 | [Dev Loss: 4.3015]
L000901 | [Dev F1: 0.606305909533572]
L000902 | [Dev Acc: 0.6189683860232945]
L000903 | 
L000904-L000919 | [REDACTED: batch progress and internal diagnostics]
L000920 | [Epoch 34] [Time: 7.723523855209351]
L000921 | [Train Loss: 1.4291]
L000922 | [Train F1: 0.8724881747306579]
L000923 | [Train Acc: 0.8729122672297945]
L000924 | [Dev Loss: 4.2338]
L000925 | [Dev F1: 0.6234188760390795]
L000926 | [Dev Acc: 0.6289517470881864]
L000927 | 
L000928-L000943 | [REDACTED: batch progress and internal diagnostics]
L000944 | [Epoch 35] [Time: 8.116054773330688]
L000945 | [Train Loss: 1.3589]
L000946 | [Train F1: 0.87244038979061]
L000947 | [Train Acc: 0.8732962180840852]
L000948 | [Dev Loss: 4.4045]
L000949 | [Dev F1: 0.631219766829988]
L000950 | [Dev Acc: 0.632279534109817]
L000951 | 
L000952-L000967 | [REDACTED: batch progress and internal diagnostics]
L000968 | [Epoch 36] [Time: 8.466939926147461]
L000969 | [Train Loss: 1.3418]
L000970 | [Train F1: 0.8759727100928217]
L000971 | [Train Acc: 0.8767517757727011]
L000972 | [Dev Loss: 4.423]
L000973 | [Dev F1: 0.6071046911861847]
L000974 | [Dev Acc: 0.6139767054908486]
L000975 | 
L000976-L000991 | [REDACTED: batch progress and internal diagnostics]
L000992 | [Epoch 37] [Time: 8.117879867553711]
L000993 | [Train Loss: 1.2842]
L000994 | [Train F1: 0.880991542284928]
L000995 | [Train Acc: 0.881359186024189]
L000996 | [Dev Loss: 4.2367]
L000997 | [Dev F1: 0.61752151571409]
L000998 | [Dev Acc: 0.6222961730449251]
L000999 | 
L001000-L001015 | [REDACTED: batch progress and internal diagnostics]
L001016 | [Epoch 38] [Time: 8.42954421043396]
L001017 | [Train Loss: 1.2195]
L001018 | [Train F1: 0.8895013986425263]
L001019 | [Train Acc: 0.8896141293914379]
L001020 | [Dev Loss: 4.7624]
L001021 | [Dev F1: 0.6099181254031184]
L001022 | [Dev Acc: 0.6189683860232945]
L001023 | 
L001024-L001039 | [REDACTED: batch progress and internal diagnostics]
L001040 | [Epoch 39] [Time: 8.569677114486694]
L001041 | [Train Loss: 1.211]
L001042 | [Train F1: 0.8891603258402571]
L001043 | [Train Acc: 0.8899980802457286]
L001044 | [Dev Loss: 4.3842]
L001045 | [Dev F1: 0.6231367340625984]
L001046 | [Dev Acc: 0.6256239600665557]
L001047 | 
L001048-L001063 | [REDACTED: batch progress and internal diagnostics]
L001064 | [Epoch 40] [Time: 8.128747701644897]
L001065 | [Train Loss: 1.2054]
L001066 | [Train F1: 0.8857328114795673]
L001067 | [Train Acc: 0.8859665962756768]
L001068 | [Dev Loss: 5.0426]
L001069 | [Dev F1: 0.5957863511309576]
L001070 | [Dev Acc: 0.6089850249584027]
L001071 | 
L001072-L001087 | [REDACTED: batch progress and internal diagnostics]
L001088 | [Epoch 41] [Time: 7.864069223403931]
L001089 | [Train Loss: 1.2034]
L001090 | [Train F1: 0.8982882728988573]
L001091 | [Train Acc: 0.8988289498944135]
L001092 | [Dev Loss: 4.5231]
L001093 | [Dev F1: 0.6351001452073248]
L001094 | [Dev Acc: 0.6372712146422629]
L001095 | 
L001096-L001111 | [REDACTED: batch progress and internal diagnostics]
L001112 | [Epoch 42] [Time: 8.515507459640503]
L001113 | [Train Loss: 1.1318]
L001114 | [Train F1: 0.8902767711602289]
L001115 | [Train Acc: 0.8905740065271646]
L001116 | [Dev Loss: 4.5866]
L001117 | [Dev F1: 0.5878407980370985]
L001118 | [Dev Acc: 0.5973377703826955]
L001119 | Early stopping at epoch: 42
L001120 | Last model
L001121 |               precision    recall  f1-score   support
L001122 | 
L001123 |          hap     0.6304    0.4028    0.4915       144
L001124 |          sad     0.7787    0.8041    0.7912       245
L001125 |          neu     0.6342    0.7630    0.6927       384
L001126 |          ang     0.4444    0.7059    0.5455       170
L001127 |          exc     0.7252    0.7592    0.7418       299
L001128 |          fru     0.6438    0.3937    0.4886       381
L001129 | 
L001130 |     accuracy                         0.6439      1623
L001131 |    macro avg     0.6428    0.6381    0.6252      1623
L001132 | weighted avg     0.6548    0.6439    0.6354      1623
L001133 | 
L001134 | Best model at epoch: 17
L001135 | Best dev F1: 0.655815519609025
L001136 |               precision    recall  f1-score   support
L001137 | 
L001138 |          hap     0.5862    0.4722    0.5231       144
L001139 |          sad     0.8252    0.8286    0.8269       245
L001140 |          neu     0.6613    0.7474    0.7017       384
L001141 |          ang     0.5838    0.6353    0.6085       170
L001142 |          exc     0.7310    0.7726    0.7512       299
L001143 |          fru     0.6534    0.5591    0.6025       381
L001144 | 
L001145 |     accuracy                         0.6839      1623
L001146 |    macro avg     0.6735    0.6692    0.6690      1623
L001147 | weighted avg     0.6822    0.6839    0.6808      1623
L001148 | 
L001149 | Best test F1: 0.6808306319721151
L001150 | Best test Acc: 0.6839186691312384
L001151 | [SANITIZED] Saved checkpoint: [path and filename removed]
