# Redacted copy of an existing run log.
# run_id: G15-seed2
# dataset: IEMOCAP
# model: MM-DFN+AMBER
# imr: (0.5,0.3,0.7)
# seed_alias: seed2
# original_log_sha256: 5311fb0b8bdd1e572ddbea5599eb1a99dfe0bdab403efea9d235d68e237b9b43
# source_record_status: ok
# source_record_process_return_code: 3221226505
# L numbers refer to source logical lines; REDACTED/SANITIZED text is editorial.
L000001-L000076 | [REDACTED: configuration or implementation details]
L000077 | [SANITIZED] Seed alias: seed2
L000078 | 
L000079-L000080 | [REDACTED: batch progress and internal diagnostics]
L000081 | 
L000082-L000083 | [REDACTED: batch progress and internal diagnostics]
L000084 | 
L000085-L000086 | [REDACTED: batch progress and internal diagnostics]
L000087 | 
L000088-L000103 | [REDACTED: batch progress and internal diagnostics]
L000104 | [Epoch 0] [Time: 9.547226905822754]
L000105 | [Train Loss: 9.2234]
L000106 | [Train F1: 0.2675291311859234]
L000107 | [Train Acc: 0.2927154843630816]
L000108 | [Dev Loss: 7.2449]
L000109 | [Dev F1: 0.33273597861920445]
L000110 | [Dev Acc: 0.38869257950530034]
L000111 | 
L000112-L000127 | [REDACTED: batch progress and internal diagnostics]
L000128 | [Epoch 1] [Time: 8.490541219711304]
L000129 | [Train Loss: 7.4074]
L000130 | [Train F1: 0.40948938098700544]
L000131 | [Train Acc: 0.45308924485125857]
L000132 | [Dev Loss: 6.2594]
L000133 | [Dev F1: 0.4345444533574583]
L000134 | [Dev Acc: 0.46466431095406363]
L000135 | 
L000136-L000151 | [REDACTED: batch progress and internal diagnostics]
L000152 | [Epoch 2] [Time: 8.312962532043457]
L000153 | [Train Loss: 6.3586]
L000154 | [Train F1: 0.49324921776085046]
L000155 | [Train Acc: 0.5175438596491229]
L000156 | [Dev Loss: 5.4209]
L000157 | [Dev F1: 0.5579424475338525]
L000158 | [Dev Acc: 0.5706713780918727]
L000159 | 
L000160-L000175 | [REDACTED: batch progress and internal diagnostics]
L000176 | [Epoch 3] [Time: 8.676099300384521]
L000177 | [Train Loss: 5.5764]
L000178 | [Train F1: 0.5600766769485002]
L000179 | [Train Acc: 0.5703661327231121]
L000180 | [Dev Loss: 4.9088]
L000181 | [Dev F1: 0.5681230663901817]
L000182 | [Dev Acc: 0.5742049469964664]
L000183 | 
L000184-L000199 | [REDACTED: batch progress and internal diagnostics]
L000200 | [Epoch 4] [Time: 8.640973329544067]
L000201 | [Train Loss: 4.9659]
L000202 | [Train F1: 0.5901226924597164]
L000203 | [Train Acc: 0.59744469870328]
L000204 | [Dev Loss: 4.4289]
L000205 | [Dev F1: 0.6260083206175946]
L000206 | [Dev Acc: 0.6254416961130742]
L000207 | 
L000208-L000223 | [REDACTED: batch progress and internal diagnostics]
L000224 | [Epoch 5] [Time: 8.886722087860107]
L000225 | [Train Loss: 4.5575]
L000226 | [Train F1: 0.6152025893851227]
L000227 | [Train Acc: 0.6199466056445462]
L000228 | [Dev Loss: 4.0694]
L000229 | [Dev F1: 0.6669664841631792]
L000230 | [Dev Acc: 0.666077738515901]
L000231 | 
L000232-L000247 | [REDACTED: batch progress and internal diagnostics]
L000248 | [Epoch 6] [Time: 8.532617807388306]
L000249 | [Train Loss: 4.2608]
L000250 | [Train F1: 0.6385553755259921]
L000251 | [Train Acc: 0.6422578184591915]
L000252 | [Dev Loss: 3.8594]
L000253 | [Dev F1: 0.6770067954436194]
L000254 | [Dev Acc: 0.6749116607773852]
L000255 | 
L000256-L000271 | [REDACTED: batch progress and internal diagnostics]
L000272 | [Epoch 7] [Time: 8.202719926834106]
L000273 | [Train Loss: 4.0013]
L000274 | [Train F1: 0.657777381906397]
L000275 | [Train Acc: 0.6628527841342486]
L000276 | [Dev Loss: 3.7173]
L000277 | [Dev F1: 0.6821508080222461]
L000278 | [Dev Acc: 0.6802120141342756]
L000279 | 
L000280-L000295 | [REDACTED: batch progress and internal diagnostics]
L000296 | [Epoch 8] [Time: 8.857703685760498]
L000297 | [Train Loss: 3.7715]
L000298 | [Train F1: 0.6791472344879727]
L000299 | [Train Acc: 0.6834477498093059]
L000300 | [Dev Loss: 3.5755]
L000301 | [Dev F1: 0.6962503145900543]
L000302 | [Dev Acc: 0.6943462897526502]
L000303 | 
L000304-L000319 | [REDACTED: batch progress and internal diagnostics]
L000320 | [Epoch 9] [Time: 8.624197244644165]
L000321 | [Train Loss: 3.5522]
L000322 | [Train F1: 0.6975249030258623]
L000323 | [Train Acc: 0.7019450800915332]
L000324 | [Dev Loss: 3.473]
L000325 | [Dev F1: 0.690281960327032]
L000326 | [Dev Acc: 0.6890459363957597]
L000327 | 
L000328-L000343 | [REDACTED: batch progress and internal diagnostics]
L000344 | [Epoch 10] [Time: 8.595289945602417]
L000345 | [Train Loss: 3.3095]
L000346 | [Train F1: 0.7201433459058273]
L000347 | [Train Acc: 0.7219679633867276]
L000348 | [Dev Loss: 3.3811]
L000349 | [Dev F1: 0.6941874112331118]
L000350 | [Dev Acc: 0.6925795053003534]
L000351 | 
L000352-L000367 | [REDACTED: batch progress and internal diagnostics]
L000368 | [Epoch 11] [Time: 8.30359411239624]
L000369 | [Train Loss: 3.1752]
L000370 | [Train F1: 0.7283034634728559]
L000371 | [Train Acc: 0.7309305873379099]
L000372 | [Dev Loss: 3.2941]
L000373 | [Dev F1: 0.7064092999497148]
L000374 | [Dev Acc: 0.7049469964664311]
L000375 | 
L000376-L000391 | [REDACTED: batch progress and internal diagnostics]
L000392 | [Epoch 12] [Time: 8.478323221206665]
L000393 | [Train Loss: 2.9891]
L000394 | [Train F1: 0.7395487778942684]
L000395 | [Train Acc: 0.742372234935164]
L000396 | [Dev Loss: 3.2284]
L000397 | [Dev F1: 0.7167998435098857]
L000398 | [Dev Acc: 0.715547703180212]
L000399 | 
L000400-L000415 | [REDACTED: batch progress and internal diagnostics]
L000416 | [Epoch 13] [Time: 9.001200199127197]
L000417 | [Train Loss: 2.8697]
L000418 | [Train F1: 0.7528819147854056]
L000419 | [Train Acc: 0.7555301296720061]
L000420 | [Dev Loss: 3.2447]
L000421 | [Dev F1: 0.7121959868055151]
L000422 | [Dev Acc: 0.7120141342756183]
L000423 | 
L000424-L000439 | [REDACTED: batch progress and internal diagnostics]
L000440 | [Epoch 14] [Time: 8.381454467773438]
L000441 | [Train Loss: 2.7641]
L000442 | [Train F1: 0.7698495171050566]
L000443 | [Train Acc: 0.7711670480549199]
L000444 | [Dev Loss: 3.1737]
L000445 | [Dev F1: 0.7153286734644811]
L000446 | [Dev Acc: 0.7137809187279152]
L000447 | 
L000448-L000463 | [REDACTED: batch progress and internal diagnostics]
L000464 | [Epoch 15] [Time: 8.095377206802368]
L000465 | [Train Loss: 2.6393]
L000466 | [Train F1: 0.7719916350077908]
L000467 | [Train Acc: 0.7740274599542334]
L000468 | [Dev Loss: 3.1779]
L000469 | [Dev F1: 0.7253596542579541]
L000470 | [Dev Acc: 0.7243816254416962]
L000471 | 
L000472-L000487 | [REDACTED: batch progress and internal diagnostics]
L000488 | [Epoch 16] [Time: 8.629903793334961]
L000489 | [Train Loss: 2.5853]
L000490 | [Train F1: 0.7741688259643299]
L000491 | [Train Acc: 0.776697177726926]
L000492 | [Dev Loss: 3.239]
L000493 | [Dev F1: 0.7159096266123751]
L000494 | [Dev Acc: 0.715547703180212]
L000495 | 
L000496-L000511 | [REDACTED: batch progress and internal diagnostics]
L000512 | [Epoch 17] [Time: 8.473061084747314]
L000513 | [Train Loss: 2.4111]
L000514 | [Train F1: 0.7905858846834976]
L000515 | [Train Acc: 0.7917620137299771]
L000516 | [Dev Loss: 3.1431]
L000517 | [Dev F1: 0.7261170966595423]
L000518 | [Dev Acc: 0.726148409893993]
L000519 | 
L000520-L000535 | [REDACTED: batch progress and internal diagnostics]
L000536 | [Epoch 18] [Time: 8.585057497024536]
L000537 | [Train Loss: 2.3202]
L000538 | [Train F1: 0.792698987398767]
L000539 | [Train Acc: 0.7950038138825324]
L000540 | [Dev Loss: 3.3251]
L000541 | [Dev F1: 0.7179674455528365]
L000542 | [Dev Acc: 0.7173144876325088]
L000543 | 
L000544-L000559 | [REDACTED: batch progress and internal diagnostics]
L000560 | [Epoch 19] [Time: 8.225181579589844]
L000561 | [Train Loss: 2.2397]
L000562 | [Train F1: 0.8051825761297345]
L000563 | [Train Acc: 0.8064454614797865]
L000564 | [Dev Loss: 3.2757]
L000565 | [Dev F1: 0.7218183449615783]
L000566 | [Dev Acc: 0.7226148409893993]
L000567 | 
L000568-L000583 | [REDACTED: batch progress and internal diagnostics]
L000584 | [Epoch 20] [Time: 7.9240381717681885]
L000585 | [Train Loss: 2.1429]
L000586 | [Train F1: 0.8035885361264957]
L000587 | [Train Acc: 0.8058733790999237]
L000588 | [Dev Loss: 3.3895]
L000589 | [Dev F1: 0.6989659603774675]
L000590 | [Dev Acc: 0.6996466431095406]
L000591 | 
L000592-L000607 | [REDACTED: batch progress and internal diagnostics]
L000608 | [Epoch 21] [Time: 8.24620270729065]
L000609 | [Train Loss: 2.0749]
L000610 | [Train F1: 0.821189246606707]
L000611 | [Train Acc: 0.8220823798627003]
L000612 | [Dev Loss: 3.3044]
L000613 | [Dev F1: 0.7135984076095507]
L000614 | [Dev Acc: 0.7137809187279152]
L000615 | 
L000616-L000631 | [REDACTED: batch progress and internal diagnostics]
L000632 | [Epoch 22] [Time: 8.280498027801514]
L000633 | [Train Loss: 1.961]
L000634 | [Train F1: 0.8204423426697383]
L000635 | [Train Acc: 0.8218916857360793]
L000636 | [Dev Loss: 3.3422]
L000637 | [Dev F1: 0.7114892123168483]
L000638 | [Dev Acc: 0.7120141342756183]
L000639 | 
L000640-L000655 | [REDACTED: batch progress and internal diagnostics]
L000656 | [Epoch 23] [Time: 8.005636215209961]
L000657 | [Train Loss: 1.8741]
L000658 | [Train F1: 0.8334736237133129]
L000659 | [Train Acc: 0.8346681922196796]
L000660 | [Dev Loss: 3.3507]
L000661 | [Dev F1: 0.7208881643947956]
L000662 | [Dev Acc: 0.7208480565371025]
L000663 | 
L000664-L000679 | [REDACTED: batch progress and internal diagnostics]
L000680 | [Epoch 24] [Time: 8.562471628189087]
L000681 | [Train Loss: 1.8223]
L000682 | [Train F1: 0.8357844909412905]
L000683 | [Train Acc: 0.8365751334858886]
L000684 | [Dev Loss: 3.5557]
L000685 | [Dev F1: 0.6955784126420721]
L000686 | [Dev Acc: 0.696113074204947]
L000687 | 
L000688-L000703 | [REDACTED: batch progress and internal diagnostics]
L000704 | [Epoch 25] [Time: 8.198716640472412]
L000705 | [Train Loss: 1.7824]
L000706 | [Train F1: 0.8397734360159085]
L000707 | [Train Acc: 0.8415331807780321]
L000708 | [Dev Loss: 3.3184]
L000709 | [Dev F1: 0.7234952430153616]
L000710 | [Dev Acc: 0.7243816254416962]
L000711 | 
L000712-L000727 | [REDACTED: batch progress and internal diagnostics]
L000728 | [Epoch 26] [Time: 8.182129859924316]
L000729 | [Train Loss: 1.8284]
L000730 | [Train F1: 0.8400557917148964]
L000731 | [Train Acc: 0.8401983218916858]
L000732 | [Dev Loss: 3.5443]
L000733 | [Dev F1: 0.6957069553156611]
L000734 | [Dev Acc: 0.696113074204947]
L000735 | 
L000736-L000751 | [REDACTED: batch progress and internal diagnostics]
L000752 | [Epoch 27] [Time: 8.070632457733154]
L000753 | [Train Loss: 1.7137]
L000754 | [Train F1: 0.843881799129472]
L000755 | [Train Acc: 0.8449656750572082]
L000756 | [Dev Loss: 3.7939]
L000757 | [Dev F1: 0.6923367098019834]
L000758 | [Dev Acc: 0.6943462897526502]
L000759 | 
L000760-L000775 | [REDACTED: batch progress and internal diagnostics]
L000776 | [Epoch 28] [Time: 8.30945110321045]
L000777 | [Train Loss: 1.6919]
L000778 | [Train F1: 0.8450245931803686]
L000779 | [Train Acc: 0.8459191456903128]
L000780 | [Dev Loss: 3.62]
L000781 | [Dev F1: 0.692852522804304]
L000782 | [Dev Acc: 0.6943462897526502]
L000783 | 
L000784-L000799 | [REDACTED: batch progress and internal diagnostics]
L000800 | [Epoch 29] [Time: 7.99255108833313]
L000801 | [Train Loss: 1.5896]
L000802 | [Train F1: 0.8629206981452787]
L000803 | [Train Acc: 0.8638443935926774]
L000804 | [Dev Loss: 3.6557]
L000805 | [Dev F1: 0.6991139585087308]
L000806 | [Dev Acc: 0.6996466431095406]
L000807 | 
L000808-L000823 | [REDACTED: batch progress and internal diagnostics]
L000824 | [Epoch 30] [Time: 7.89864182472229]
L000825 | [Train Loss: 1.5641]
L000826 | [Train F1: 0.8577224144269066]
L000827 | [Train Acc: 0.8585049580472921]
L000828 | [Dev Loss: 3.8048]
L000829 | [Dev F1: 0.6928834962332548]
L000830 | [Dev Acc: 0.6943462897526502]
L000831 | 
L000832-L000847 | [REDACTED: batch progress and internal diagnostics]
L000848 | [Epoch 31] [Time: 8.641014814376831]
L000849 | [Train Loss: 1.5033]
L000850 | [Train F1: 0.8626576842699218]
L000851 | [Train Acc: 0.8634630053394355]
L000852 | [Dev Loss: 4.0024]
L000853 | [Dev F1: 0.6899306086433992]
L000854 | [Dev Acc: 0.6908127208480566]
L000855 | 
L000856-L000871 | [REDACTED: batch progress and internal diagnostics]
L000872 | [Epoch 32] [Time: 8.336605787277222]
L000873 | [Train Loss: 1.4799]
L000874 | [Train F1: 0.8613356312867079]
L000875 | [Train Acc: 0.8625095347063311]
L000876 | [Dev Loss: 3.9284]
L000877 | [Dev F1: 0.6808411074285181]
L000878 | [Dev Acc: 0.6819787985865724]
L000879 | 
L000880-L000895 | [REDACTED: batch progress and internal diagnostics]
L000896 | [Epoch 33] [Time: 8.039956092834473]
L000897 | [Train Loss: 1.4464]
L000898 | [Train F1: 0.8703230248772773]
L000899 | [Train Acc: 0.8707093821510298]
L000900 | [Dev Loss: 3.7263]
L000901 | [Dev F1: 0.6785158515055956]
L000902 | [Dev Acc: 0.6784452296819788]
L000903 | 
L000904-L000919 | [REDACTED: batch progress and internal diagnostics]
L000920 | [Epoch 34] [Time: 8.855093955993652]
L000921 | [Train Loss: 1.4049]
L000922 | [Train F1: 0.8667343035900953]
L000923 | [Train Acc: 0.8676582761250954]
L000924 | [Dev Loss: 3.9923]
L000925 | [Dev F1: 0.682646291207876]
L000926 | [Dev Acc: 0.6837455830388692]
L000927 | 
L000928-L000943 | [REDACTED: batch progress and internal diagnostics]
L000944 | [Epoch 35] [Time: 8.484382152557373]
L000945 | [Train Loss: 1.3592]
L000946 | [Train F1: 0.8736435988345086]
L000947 | [Train Acc: 0.8741418764302059]
L000948 | [Dev Loss: 3.8189]
L000949 | [Dev F1: 0.7089194852085748]
L000950 | [Dev Acc: 0.7102473498233216]
L000951 | 
L000952-L000967 | [REDACTED: batch progress and internal diagnostics]
L000968 | [Epoch 36] [Time: 8.134096145629883]
L000969 | [Train Loss: 1.3351]
L000970 | [Train F1: 0.8776354793221334]
L000971 | [Train Acc: 0.8781464530892449]
L000972 | [Dev Loss: 4.1019]
L000973 | [Dev F1: 0.6675909446079564]
L000974 | [Dev Acc: 0.6678445229681979]
L000975 | 
L000976-L000991 | [REDACTED: batch progress and internal diagnostics]
L000992 | [Epoch 37] [Time: 8.71314549446106]
L000993 | [Train Loss: 1.3175]
L000994 | [Train F1: 0.8752812951777117]
L000995 | [Train Acc: 0.876048817696415]
L000996 | [Dev Loss: 4.3221]
L000997 | [Dev F1: 0.6628447061041631]
L000998 | [Dev Acc: 0.6643109540636042]
L000999 | 
L001000-L001015 | [REDACTED: batch progress and internal diagnostics]
L001016 | [Epoch 38] [Time: 7.971113443374634]
L001017 | [Train Loss: 1.2684]
L001018 | [Train F1: 0.8814750573680638]
L001019 | [Train Acc: 0.8819603356216629]
L001020 | [Dev Loss: 4.0411]
L001021 | [Dev F1: 0.6764095938998629]
L001022 | [Dev Acc: 0.676678445229682]
L001023 | 
L001024-L001039 | [REDACTED: batch progress and internal diagnostics]
L001040 | [Epoch 39] [Time: 8.517645597457886]
L001041 | [Train Loss: 1.233]
L001042 | [Train F1: 0.8938412776181843]
L001043 | [Train Acc: 0.8943554538520213]
L001044 | [Dev Loss: 3.9573]
L001045 | [Dev F1: 0.6836812791446667]
L001046 | [Dev Acc: 0.6837455830388692]
L001047 | 
L001048-L001063 | [REDACTED: batch progress and internal diagnostics]
L001064 | [Epoch 40] [Time: 7.866891384124756]
L001065 | [Train Loss: 1.1813]
L001066 | [Train F1: 0.8878259507702583]
L001067 | [Train Acc: 0.8884439359267735]
L001068 | [Dev Loss: 4.2813]
L001069 | [Dev F1: 0.6840794045127149]
L001070 | [Dev Acc: 0.6855123674911661]
L001071 | 
L001072-L001087 | [REDACTED: batch progress and internal diagnostics]
L001088 | [Epoch 41] [Time: 8.653687238693237]
L001089 | [Train Loss: 1.1264]
L001090 | [Train F1: 0.8941200317767554]
L001091 | [Train Acc: 0.894927536231884]
L001092 | [Dev Loss: 4.1501]
L001093 | [Dev F1: 0.6816326989744755]
L001094 | [Dev Acc: 0.6837455830388692]
L001095 | 
L001096-L001111 | [REDACTED: batch progress and internal diagnostics]
L001112 | [Epoch 42] [Time: 8.059948682785034]
L001113 | [Train Loss: 1.11]
L001114 | [Train F1: 0.900788404018386]
L001115 | [Train Acc: 0.9010297482837528]
L001116 | [Dev Loss: 4.0487]
L001117 | [Dev F1: 0.6868659708675727]
L001118 | [Dev Acc: 0.6872791519434629]
L001119 | Early stopping at epoch: 42
L001120 | Last model
L001121 |               precision    recall  f1-score   support
L001122 | 
L001123 |          hap     0.5275    0.3333    0.4085       144
L001124 |          sad     0.8197    0.7796    0.7992       245
L001125 |          neu     0.6441    0.7682    0.7007       384
L001126 |          ang     0.5251    0.6765    0.5913       170
L001127 |          exc     0.7382    0.7826    0.7597       299
L001128 |          fru     0.6525    0.5223    0.5802       381
L001129 | 
L001130 |     accuracy                         0.6667      1623
L001131 |    macro avg     0.6512    0.6438    0.6399      1623
L001132 | weighted avg     0.6671    0.6667    0.6608      1623
L001133 | 
L001134 | Best model at epoch: 17
L001135 | Best dev F1: 0.7261170966595423
L001136 |               precision    recall  f1-score   support
L001137 | 
L001138 |          hap     0.5000    0.3819    0.4331       144
L001139 |          sad     0.8327    0.8327    0.8327       245
L001140 |          neu     0.6627    0.7318    0.6955       384
L001141 |          ang     0.5654    0.7118    0.6302       170
L001142 |          exc     0.7226    0.7492    0.7356       299
L001143 |          fru     0.6594    0.5538    0.6020       381
L001144 | 
L001145 |     accuracy                         0.6753      1623
L001146 |    macro avg     0.6571    0.6602    0.6549      1623
L001147 | weighted avg     0.6740    0.6753    0.6715      1623
L001148 | 
L001149 | Best test F1: 0.6715352225951498
L001150 | Best test Acc: 0.6752926678989526
L001151 | [SANITIZED] Saved checkpoint: [path and filename removed]
