# Redacted copy of an existing run log.
# run_id: G15-seed4
# dataset: IEMOCAP
# model: MM-DFN+AMBER
# imr: (0.5,0.3,0.7)
# seed_alias: seed4
# original_log_sha256: 1f6e7b41f1dc42823d68d86d8f745b9413db53cf2116dd0add608d272728f898
# source_record_status: ok
# source_record_process_return_code: 3221226505
# L numbers refer to source logical lines; REDACTED/SANITIZED text is editorial.
L000001-L000076 | [REDACTED: configuration or implementation details]
L000077 | [SANITIZED] Seed alias: seed4
L000078 | 
L000079-L000080 | [REDACTED: batch progress and internal diagnostics]
L000081 | 
L000082-L000083 | [REDACTED: batch progress and internal diagnostics]
L000084 | 
L000085-L000086 | [REDACTED: batch progress and internal diagnostics]
L000087 | 
L000088-L000103 | [REDACTED: batch progress and internal diagnostics]
L000104 | [Epoch 0] [Time: 8.59413743019104]
L000105 | [Train Loss: 9.3424]
L000106 | [Train F1: 0.29201943776027706]
L000107 | [Train Acc: 0.2995196926032661]
L000108 | [Dev Loss: 7.018]
L000109 | [Dev F1: 0.3520623419269351]
L000110 | [Dev Acc: 0.3603305785123967]
L000111 | 
L000112-L000127 | [REDACTED: batch progress and internal diagnostics]
L000128 | [Epoch 1] [Time: 8.325053930282593]
L000129 | [Train Loss: 7.6752]
L000130 | [Train F1: 0.429676790883506]
L000131 | [Train Acc: 0.4607108549471662]
L000132 | [Dev Loss: 6.4885]
L000133 | [Dev F1: 0.38293922331099817]
L000134 | [Dev Acc: 0.3933884297520661]
L000135 | 
L000136-L000151 | [REDACTED: batch progress and internal diagnostics]
L000152 | [Epoch 2] [Time: 7.961961984634399]
L000153 | [Train Loss: 6.5438]
L000154 | [Train F1: 0.4934148587771016]
L000155 | [Train Acc: 0.5218059558117195]
L000156 | [Dev Loss: 5.7678]
L000157 | [Dev F1: 0.48306956341512947]
L000158 | [Dev Acc: 0.47768595041322315]
L000159 | 
L000160-L000175 | [REDACTED: batch progress and internal diagnostics]
L000176 | [Epoch 3] [Time: 8.312227010726929]
L000177 | [Train Loss: 5.6877]
L000178 | [Train F1: 0.5501360101123395]
L000179 | [Train Acc: 0.5681075888568684]
L000180 | [Dev Loss: 4.9601]
L000181 | [Dev F1: 0.5832332037878915]
L000182 | [Dev Acc: 0.5768595041322314]
L000183 | 
L000184-L000199 | [REDACTED: batch progress and internal diagnostics]
L000200 | [Epoch 4] [Time: 8.13252854347229]
L000201 | [Train Loss: 5.1713]
L000202 | [Train F1: 0.5794337501399381]
L000203 | [Train Acc: 0.5873198847262248]
L000204 | [Dev Loss: 4.4954]
L000205 | [Dev F1: 0.5847119350073974]
L000206 | [Dev Acc: 0.5801652892561984]
L000207 | 
L000208-L000223 | [REDACTED: batch progress and internal diagnostics]
L000224 | [Epoch 5] [Time: 8.249877691268921]
L000225 | [Train Loss: 4.6963]
L000226 | [Train F1: 0.6020055227487068]
L000227 | [Train Acc: 0.611911623439001]
L000228 | [Dev Loss: 4.3747]
L000229 | [Dev F1: 0.5980850985019813]
L000230 | [Dev Acc: 0.5933884297520661]
L000231 | 
L000232-L000247 | [REDACTED: batch progress and internal diagnostics]
L000248 | [Epoch 6] [Time: 8.704837322235107]
L000249 | [Train Loss: 4.3199]
L000250 | [Train F1: 0.6430766591103971]
L000251 | [Train Acc: 0.6501440922190201]
L000252 | [Dev Loss: 4.01]
L000253 | [Dev F1: 0.6084837171252985]
L000254 | [Dev Acc: 0.6033057851239669]
L000255 | 
L000256-L000271 | [REDACTED: batch progress and internal diagnostics]
L000272 | [Epoch 7] [Time: 8.70032525062561]
L000273 | [Train Loss: 4.0202]
L000274 | [Train F1: 0.6692078433397706]
L000275 | [Train Acc: 0.6716618635926993]
L000276 | [Dev Loss: 3.8864]
L000277 | [Dev F1: 0.6354786180090247]
L000278 | [Dev Acc: 0.628099173553719]
L000279 | 
L000280-L000295 | [REDACTED: batch progress and internal diagnostics]
L000296 | [Epoch 8] [Time: 8.545366525650024]
L000297 | [Train Loss: 3.824]
L000298 | [Train F1: 0.6820145901241428]
L000299 | [Train Acc: 0.6860710854947166]
L000300 | [Dev Loss: 3.7209]
L000301 | [Dev F1: 0.6449965714642989]
L000302 | [Dev Acc: 0.6380165289256199]
L000303 | 
L000304-L000319 | [REDACTED: batch progress and internal diagnostics]
L000320 | [Epoch 9] [Time: 7.746730327606201]
L000321 | [Train Loss: 3.6146]
L000322 | [Train F1: 0.6983423738607133]
L000323 | [Train Acc: 0.7012487992315082]
L000324 | [Dev Loss: 3.7718]
L000325 | [Dev F1: 0.6459319056448272]
L000326 | [Dev Acc: 0.6380165289256199]
L000327 | 
L000328-L000343 | [REDACTED: batch progress and internal diagnostics]
L000344 | [Epoch 10] [Time: 8.539021968841553]
L000345 | [Train Loss: 3.3574]
L000346 | [Train F1: 0.7130559739272259]
L000347 | [Train Acc: 0.717195004803074]
L000348 | [Dev Loss: 3.4714]
L000349 | [Dev F1: 0.6632278480278316]
L000350 | [Dev Acc: 0.656198347107438]
L000351 | 
L000352-L000367 | [REDACTED: batch progress and internal diagnostics]
L000368 | [Epoch 11] [Time: 7.683502912521362]
L000369 | [Train Loss: 3.143]
L000370 | [Train F1: 0.7221609299393816]
L000371 | [Train Acc: 0.7248799231508165]
L000372 | [Dev Loss: 3.5587]
L000373 | [Dev F1: 0.6649707402740573]
L000374 | [Dev Acc: 0.6578512396694215]
L000375 | 
L000376-L000391 | [REDACTED: batch progress and internal diagnostics]
L000392 | [Epoch 12] [Time: 7.943296909332275]
L000393 | [Train Loss: 3.0741]
L000394 | [Train F1: 0.7359555446830519]
L000395 | [Train Acc: 0.7389048991354467]
L000396 | [Dev Loss: 3.3761]
L000397 | [Dev F1: 0.6687029643684098]
L000398 | [Dev Acc: 0.6628099173553719]
L000399 | 
L000400-L000415 | [REDACTED: batch progress and internal diagnostics]
L000416 | [Epoch 13] [Time: 8.16472053527832]
L000417 | [Train Loss: 2.897]
L000418 | [Train F1: 0.748514463001125]
L000419 | [Train Acc: 0.7504322766570605]
L000420 | [Dev Loss: 3.5355]
L000421 | [Dev F1: 0.6577929587299212]
L000422 | [Dev Acc: 0.6479338842975206]
L000423 | 
L000424-L000439 | [REDACTED: batch progress and internal diagnostics]
L000440 | [Epoch 14] [Time: 7.970510244369507]
L000441 | [Train Loss: 2.7967]
L000442 | [Train F1: 0.7572189572466466]
L000443 | [Train Acc: 0.7606147934678194]
L000444 | [Dev Loss: 3.286]
L000445 | [Dev F1: 0.6837510791578]
L000446 | [Dev Acc: 0.6776859504132231]
L000447 | 
L000448-L000463 | [REDACTED: batch progress and internal diagnostics]
L000464 | [Epoch 15] [Time: 7.884046316146851]
L000465 | [Train Loss: 2.738]
L000466 | [Train F1: 0.7680311608447159]
L000467 | [Train Acc: 0.7692603266090298]
L000468 | [Dev Loss: 3.513]
L000469 | [Dev F1: 0.6680756409196597]
L000470 | [Dev Acc: 0.6595041322314049]
L000471 | 
L000472-L000487 | [REDACTED: batch progress and internal diagnostics]
L000488 | [Epoch 16] [Time: 8.059903621673584]
L000489 | [Train Loss: 2.5559]
L000490 | [Train F1: 0.7754133469395996]
L000491 | [Train Acc: 0.7784822286263209]
L000492 | [Dev Loss: 3.2831]
L000493 | [Dev F1: 0.6849969329804695]
L000494 | [Dev Acc: 0.6793388429752066]
L000495 | 
L000496-L000511 | [REDACTED: batch progress and internal diagnostics]
L000512 | [Epoch 17] [Time: 7.777347803115845]
L000513 | [Train Loss: 2.4569]
L000514 | [Train F1: 0.7956270274490566]
L000515 | [Train Acc: 0.7973102785782901]
L000516 | [Dev Loss: 3.4662]
L000517 | [Dev F1: 0.6709486040832665]
L000518 | [Dev Acc: 0.6644628099173554]
L000519 | 
L000520-L000535 | [REDACTED: batch progress and internal diagnostics]
L000536 | [Epoch 18] [Time: 7.804589748382568]
L000537 | [Train Loss: 2.4029]
L000538 | [Train F1: 0.7891961324261524]
L000539 | [Train Acc: 0.7913544668587896]
L000540 | [Dev Loss: 3.1588]
L000541 | [Dev F1: 0.6901519302487945]
L000542 | [Dev Acc: 0.6859504132231405]
L000543 | 
L000544-L000559 | [REDACTED: batch progress and internal diagnostics]
L000560 | [Epoch 19] [Time: 7.78445839881897]
L000561 | [Train Loss: 2.3003]
L000562 | [Train F1: 0.8016874421521599]
L000563 | [Train Acc: 0.803073967339097]
L000564 | [Dev Loss: 3.5703]
L000565 | [Dev F1: 0.6599519807377235]
L000566 | [Dev Acc: 0.6528925619834711]
L000567 | 
L000568-L000583 | [REDACTED: batch progress and internal diagnostics]
L000584 | [Epoch 20] [Time: 7.492237567901611]
L000585 | [Train Loss: 2.2173]
L000586 | [Train F1: 0.8064312224685086]
L000587 | [Train Acc: 0.807492795389049]
L000588 | [Dev Loss: 3.2631]
L000589 | [Dev F1: 0.6852760106566322]
L000590 | [Dev Acc: 0.6793388429752066]
L000591 | 
L000592-L000607 | [REDACTED: batch progress and internal diagnostics]
L000608 | [Epoch 21] [Time: 7.94626784324646]
L000609 | [Train Loss: 2.0556]
L000610 | [Train F1: 0.8212446133262882]
L000611 | [Train Acc: 0.8226705091258405]
L000612 | [Dev Loss: 3.4823]
L000613 | [Dev F1: 0.6656662428309287]
L000614 | [Dev Acc: 0.6611570247933884]
L000615 | 
L000616-L000631 | [REDACTED: batch progress and internal diagnostics]
L000632 | [Epoch 22] [Time: 8.412544250488281]
L000633 | [Train Loss: 2.0224]
L000634 | [Train F1: 0.8245743880324342]
L000635 | [Train Acc: 0.8259365994236312]
L000636 | [Dev Loss: 3.5807]
L000637 | [Dev F1: 0.679059613570697]
L000638 | [Dev Acc: 0.6710743801652893]
L000639 | 
L000640-L000655 | [REDACTED: batch progress and internal diagnostics]
L000656 | [Epoch 23] [Time: 8.07819652557373]
L000657 | [Train Loss: 1.9419]
L000658 | [Train F1: 0.8289592999290581]
L000659 | [Train Acc: 0.8301633045148895]
L000660 | [Dev Loss: 3.4964]
L000661 | [Dev F1: 0.672474322546466]
L000662 | [Dev Acc: 0.6661157024793388]
L000663 | 
L000664-L000679 | [REDACTED: batch progress and internal diagnostics]
L000680 | [Epoch 24] [Time: 8.147283554077148]
L000681 | [Train Loss: 1.8422]
L000682 | [Train F1: 0.8339346314378916]
L000683 | [Train Acc: 0.8351585014409222]
L000684 | [Dev Loss: 3.6956]
L000685 | [Dev F1: 0.6785822725249515]
L000686 | [Dev Acc: 0.6727272727272727]
L000687 | 
L000688-L000703 | [REDACTED: batch progress and internal diagnostics]
L000704 | [Epoch 25] [Time: 8.221213579177856]
L000705 | [Train Loss: 1.8145]
L000706 | [Train F1: 0.8358989656738891]
L000707 | [Train Acc: 0.8368876080691643]
L000708 | [Dev Loss: 3.5104]
L000709 | [Dev F1: 0.6809954835301145]
L000710 | [Dev Acc: 0.6760330578512397]
L000711 | 
L000712-L000727 | [REDACTED: batch progress and internal diagnostics]
L000728 | [Epoch 26] [Time: 7.916591167449951]
L000729 | [Train Loss: 1.7609]
L000730 | [Train F1: 0.845168804669062]
L000731 | [Train Acc: 0.8459173871277618]
L000732 | [Dev Loss: 3.8274]
L000733 | [Dev F1: 0.6735606720402447]
L000734 | [Dev Acc: 0.6661157024793388]
L000735 | 
L000736-L000751 | [REDACTED: batch progress and internal diagnostics]
L000752 | [Epoch 27] [Time: 8.549041032791138]
L000753 | [Train Loss: 1.633]
L000754 | [Train F1: 0.8492492498614652]
L000755 | [Train Acc: 0.8499519692603266]
L000756 | [Dev Loss: 3.534]
L000757 | [Dev F1: 0.6858091769834216]
L000758 | [Dev Acc: 0.6826446280991736]
L000759 | 
L000760-L000775 | [REDACTED: batch progress and internal diagnostics]
L000776 | [Epoch 28] [Time: 7.968035459518433]
L000777 | [Train Loss: 1.6768]
L000778 | [Train F1: 0.8488987146552445]
L000779 | [Train Acc: 0.8499519692603266]
L000780 | [Dev Loss: 3.6096]
L000781 | [Dev F1: 0.6864894139191701]
L000782 | [Dev Acc: 0.6809917355371901]
L000783 | 
L000784-L000799 | [REDACTED: batch progress and internal diagnostics]
L000800 | [Epoch 29] [Time: 8.700291156768799]
L000801 | [Train Loss: 1.596]
L000802 | [Train F1: 0.8618165825797863]
L000803 | [Train Acc: 0.8622478386167147]
L000804 | [Dev Loss: 3.7274]
L000805 | [Dev F1: 0.6694066669905497]
L000806 | [Dev Acc: 0.6628099173553719]
L000807 | 
L000808-L000823 | [REDACTED: batch progress and internal diagnostics]
L000824 | [Epoch 30] [Time: 8.293826818466187]
L000825 | [Train Loss: 1.5878]
L000826 | [Train F1: 0.8543869382101827]
L000827 | [Train Acc: 0.8557156580211335]
L000828 | [Dev Loss: 3.5462]
L000829 | [Dev F1: 0.6699560290247651]
L000830 | [Dev Acc: 0.6644628099173554]
L000831 | 
L000832-L000847 | [REDACTED: batch progress and internal diagnostics]
L000848 | [Epoch 31] [Time: 8.32286787033081]
L000849 | [Train Loss: 1.5552]
L000850 | [Train F1: 0.8554145633933967]
L000851 | [Train Acc: 0.8560999039385206]
L000852 | [Dev Loss: 3.6194]
L000853 | [Dev F1: 0.6800400956849713]
L000854 | [Dev Acc: 0.6760330578512397]
L000855 | 
L000856-L000871 | [REDACTED: batch progress and internal diagnostics]
L000872 | [Epoch 32] [Time: 8.34108829498291]
L000873 | [Train Loss: 1.4563]
L000874 | [Train F1: 0.8712367261044514]
L000875 | [Train Acc: 0.8720461095100864]
L000876 | [Dev Loss: 4.0265]
L000877 | [Dev F1: 0.6622208140367183]
L000878 | [Dev Acc: 0.6545454545454545]
L000879 | 
L000880-L000895 | [REDACTED: batch progress and internal diagnostics]
L000896 | [Epoch 33] [Time: 8.296907424926758]
L000897 | [Train Loss: 1.4708]
L000898 | [Train F1: 0.8754093968305976]
L000899 | [Train Acc: 0.8756964457252642]
L000900 | [Dev Loss: 3.8228]
L000901 | [Dev F1: 0.669609125305028]
L000902 | [Dev Acc: 0.6644628099173554]
L000903 | 
L000904-L000919 | [REDACTED: batch progress and internal diagnostics]
L000920 | [Epoch 34] [Time: 8.44980788230896]
L000921 | [Train Loss: 1.457]
L000922 | [Train F1: 0.8690573967773644]
L000923 | [Train Acc: 0.8701248799231508]
L000924 | [Dev Loss: 3.8223]
L000925 | [Dev F1: 0.6762052248955177]
L000926 | [Dev Acc: 0.6710743801652893]
L000927 | 
L000928-L000943 | [REDACTED: batch progress and internal diagnostics]
L000944 | [Epoch 35] [Time: 8.20955204963684]
L000945 | [Train Loss: 1.4234]
L000946 | [Train F1: 0.872300809429644]
L000947 | [Train Acc: 0.8726224783861671]
L000948 | [Dev Loss: 3.9865]
L000949 | [Dev F1: 0.6867506841195731]
L000950 | [Dev Acc: 0.6809917355371901]
L000951 | 
L000952-L000967 | [REDACTED: batch progress and internal diagnostics]
L000968 | [Epoch 36] [Time: 8.006858587265015]
L000969 | [Train Loss: 1.4071]
L000970 | [Train F1: 0.8683462443381413]
L000971 | [Train Acc: 0.869164265129683]
L000972 | [Dev Loss: 3.843]
L000973 | [Dev F1: 0.6683241888280187]
L000974 | [Dev Acc: 0.6644628099173554]
L000975 | 
L000976-L000991 | [REDACTED: batch progress and internal diagnostics]
L000992 | [Epoch 37] [Time: 8.54039454460144]
L000993 | [Train Loss: 1.3529]
L000994 | [Train F1: 0.8732511811051408]
L000995 | [Train Acc: 0.8739673390970221]
L000996 | [Dev Loss: 4.3037]
L000997 | [Dev F1: 0.6708918945787589]
L000998 | [Dev Acc: 0.6644628099173554]
L000999 | 
L001000-L001015 | [REDACTED: batch progress and internal diagnostics]
L001016 | [Epoch 38] [Time: 7.991667985916138]
L001017 | [Train Loss: 1.3243]
L001018 | [Train F1: 0.8792418373330623]
L001019 | [Train Acc: 0.879731027857829]
L001020 | [Dev Loss: 3.8519]
L001021 | [Dev F1: 0.675173210283435]
L001022 | [Dev Acc: 0.6710743801652893]
L001023 | 
L001024-L001039 | [REDACTED: batch progress and internal diagnostics]
L001040 | [Epoch 39] [Time: 8.30086374282837]
L001041 | [Train Loss: 1.2424]
L001042 | [Train F1: 0.8898355586420311]
L001043 | [Train Acc: 0.890297790585975]
L001044 | [Dev Loss: 4.0248]
L001045 | [Dev F1: 0.6852187783242359]
L001046 | [Dev Acc: 0.6793388429752066]
L001047 | 
L001048-L001063 | [REDACTED: batch progress and internal diagnostics]
L001064 | [Epoch 40] [Time: 8.038994312286377]
L001065 | [Train Loss: 1.263]
L001066 | [Train F1: 0.8765221258789089]
L001067 | [Train Acc: 0.8772334293948126]
L001068 | [Dev Loss: 4.1015]
L001069 | [Dev F1: 0.6714770028704289]
L001070 | [Dev Acc: 0.6661157024793388]
L001071 | 
L001072-L001087 | [REDACTED: batch progress and internal diagnostics]
L001088 | [Epoch 41] [Time: 8.331843614578247]
L001089 | [Train Loss: 1.2293]
L001090 | [Train F1: 0.8873787599628628]
L001091 | [Train Acc: 0.8878001921229587]
L001092 | [Dev Loss: 4.383]
L001093 | [Dev F1: 0.6670980762004658]
L001094 | [Dev Acc: 0.6595041322314049]
L001095 | 
L001096-L001111 | [REDACTED: batch progress and internal diagnostics]
L001112 | [Epoch 42] [Time: 8.283892631530762]
L001113 | [Train Loss: 1.2392]
L001114 | [Train F1: 0.8852343227268786]
L001115 | [Train Acc: 0.8856868395773295]
L001116 | [Dev Loss: 4.2611]
L001117 | [Dev F1: 0.677302754125956]
L001118 | [Dev Acc: 0.6710743801652893]
L001119 | 
L001120-L001135 | [REDACTED: batch progress and internal diagnostics]
L001136 | [Epoch 43] [Time: 7.861410856246948]
L001137 | [Train Loss: 1.1708]
L001138 | [Train F1: 0.8879309825683008]
L001139 | [Train Acc: 0.8887608069164266]
L001140 | [Dev Loss: 4.2279]
L001141 | [Dev F1: 0.6742066209093538]
L001142 | [Dev Acc: 0.6694214876033058]
L001143 | Early stopping at epoch: 43
L001144 | Last model
L001145 |               precision    recall  f1-score   support
L001146 | 
L001147 |          hap     0.4741    0.3819    0.4231       144
L001148 |          sad     0.8193    0.7959    0.8075       245
L001149 |          neu     0.6675    0.6641    0.6658       384
L001150 |          ang     0.6108    0.6000    0.6053       170
L001151 |          exc     0.7187    0.7860    0.7508       299
L001152 |          fru     0.6183    0.6378    0.6279       381
L001153 | 
L001154 |     accuracy                         0.6685      1623
L001155 |    macro avg     0.6515    0.6443    0.6467      1623
L001156 | weighted avg     0.6652    0.6685    0.6661      1623
L001157 | 
L001158 | Best model at epoch: 18
L001159 | Best dev F1: 0.6901519302487945
L001160 |               precision    recall  f1-score   support
L001161 | 
L001162 |          hap     0.5033    0.5347    0.5185       144
L001163 |          sad     0.8368    0.8163    0.8264       245
L001164 |          neu     0.6887    0.7318    0.7096       384
L001165 |          ang     0.6269    0.7118    0.6667       170
L001166 |          exc     0.7732    0.7525    0.7627       299
L001167 |          fru     0.6549    0.5827    0.6167       381
L001168 | 
L001169 |     accuracy                         0.6938      1623
L001170 |    macro avg     0.6806    0.6883    0.6834      1623
L001171 | weighted avg     0.6958    0.6938    0.6938      1623
L001172 | 
L001173 | Best test F1: 0.6937554126835803
L001174 | Best test Acc: 0.6937769562538509
L001175 | [SANITIZED] Saved checkpoint: [path and filename removed]
