# Redacted copy of an existing run log.
# run_id: G15-seed3
# dataset: IEMOCAP
# model: MM-DFN+AMBER
# imr: (0.5,0.3,0.7)
# seed_alias: seed3
# original_log_sha256: 6f0d894cc3043b2b36bf845a2bf18d6be968acaf031116c174019c4e7da26349
# source_record_status: ok
# source_record_process_return_code: 3221226505
# L numbers refer to source logical lines; REDACTED/SANITIZED text is editorial.
L000001-L000076 | [REDACTED: configuration or implementation details]
L000077 | [SANITIZED] Seed alias: seed3
L000078 | 
L000079-L000080 | [REDACTED: batch progress and internal diagnostics]
L000081 | 
L000082-L000083 | [REDACTED: batch progress and internal diagnostics]
L000084 | 
L000085-L000086 | [REDACTED: batch progress and internal diagnostics]
L000087 | 
L000088-L000103 | [REDACTED: batch progress and internal diagnostics]
L000104 | [Epoch 0] [Time: 8.735983848571777]
L000105 | [Train Loss: 9.0821]
L000106 | [Train F1: 0.2776489774439521]
L000107 | [Train Acc: 0.28522271076276046]
L000108 | [Dev Loss: 7.4639]
L000109 | [Dev F1: 0.430601283546797]
L000110 | [Dev Acc: 0.47322970639032813]
L000111 | 
L000112-L000127 | [REDACTED: batch progress and internal diagnostics]
L000128 | [Epoch 1] [Time: 8.25424075126648]
L000129 | [Train Loss: 7.4563]
L000130 | [Train F1: 0.44055941813951366]
L000131 | [Train Acc: 0.4639648250812464]
L000132 | [Dev Loss: 6.2461]
L000133 | [Dev F1: 0.478928059773186]
L000134 | [Dev Acc: 0.5094991364421416]
L000135 | 
L000136-L000151 | [REDACTED: batch progress and internal diagnostics]
L000152 | [Epoch 2] [Time: 8.515681505203247]
L000153 | [Train Loss: 6.3145]
L000154 | [Train F1: 0.5241496825016917]
L000155 | [Train Acc: 0.5396673676161345]
L000156 | [Dev Loss: 5.4129]
L000157 | [Dev F1: 0.5409913889074551]
L000158 | [Dev Acc: 0.5544041450777202]
L000159 | 
L000160-L000175 | [REDACTED: batch progress and internal diagnostics]
L000176 | [Epoch 3] [Time: 7.8730034828186035]
L000177 | [Train Loss: 5.5309]
L000178 | [Train F1: 0.5787806479969805]
L000179 | [Train Acc: 0.585738864461862]
L000180 | [Dev Loss: 4.781]
L000181 | [Dev F1: 0.5748511735805971]
L000182 | [Dev Acc: 0.5837651122625216]
L000183 | 
L000184-L000199 | [REDACTED: batch progress and internal diagnostics]
L000200 | [Epoch 4] [Time: 7.979037284851074]
L000201 | [Train Loss: 4.9789]
L000202 | [Train F1: 0.6027639911643897]
L000203 | [Train Acc: 0.6052380042056968]
L000204 | [Dev Loss: 4.369]
L000205 | [Dev F1: 0.5963431778948545]
L000206 | [Dev Acc: 0.5993091537132987]
L000207 | 
L000208-L000223 | [REDACTED: batch progress and internal diagnostics]
L000224 | [Epoch 5] [Time: 8.073050737380981]
L000225 | [Train Loss: 4.5443]
L000226 | [Train F1: 0.6252392749876738]
L000227 | [Train Acc: 0.6279870005735041]
L000228 | [Dev Loss: 4.135]
L000229 | [Dev F1: 0.6061219294463965]
L000230 | [Dev Acc: 0.6113989637305699]
L000231 | 
L000232-L000247 | [REDACTED: batch progress and internal diagnostics]
L000248 | [Epoch 6] [Time: 8.22358226776123]
L000249 | [Train Loss: 4.169]
L000250 | [Train F1: 0.6613339921267878]
L000251 | [Train Acc: 0.6646912636207226]
L000252 | [Dev Loss: 3.9545]
L000253 | [Dev F1: 0.6177166461385312]
L000254 | [Dev Acc: 0.6200345423143351]
L000255 | 
L000256-L000271 | [REDACTED: batch progress and internal diagnostics]
L000272 | [Epoch 7] [Time: 7.713653564453125]
L000273 | [Train Loss: 3.8886]
L000274 | [Train F1: 0.6762196718816226]
L000275 | [Train Acc: 0.6792200344102466]
L000276 | [Dev Loss: 3.8563]
L000277 | [Dev F1: 0.6186500052018459]
L000278 | [Dev Acc: 0.6217616580310881]
L000279 | 
L000280-L000295 | [REDACTED: batch progress and internal diagnostics]
L000296 | [Epoch 8] [Time: 8.453023433685303]
L000297 | [Train Loss: 3.6829]
L000298 | [Train F1: 0.6895166753628768]
L000299 | [Train Acc: 0.6924106289428408]
L000300 | [Dev Loss: 3.8155]
L000301 | [Dev F1: 0.6388798668809094]
L000302 | [Dev Acc: 0.6424870466321243]
L000303 | 
L000304-L000319 | [REDACTED: batch progress and internal diagnostics]
L000320 | [Epoch 9] [Time: 8.393001317977905]
L000321 | [Train Loss: 3.4358]
L000322 | [Train F1: 0.7079590247952686]
L000323 | [Train Acc: 0.7103804243930415]
L000324 | [Dev Loss: 3.7275]
L000325 | [Dev F1: 0.6342620875954846]
L000326 | [Dev Acc: 0.6373056994818653]
L000327 | 
L000328-L000343 | [REDACTED: batch progress and internal diagnostics]
L000344 | [Epoch 10] [Time: 8.317209959030151]
L000345 | [Train Loss: 3.3205]
L000346 | [Train F1: 0.7161915190123793]
L000347 | [Train Acc: 0.7186006499713248]
L000348 | [Dev Loss: 3.725]
L000349 | [Dev F1: 0.6512591722632294]
L000350 | [Dev Acc: 0.6545768566493955]
L000351 | 
L000352-L000367 | [REDACTED: batch progress and internal diagnostics]
L000368 | [Epoch 11] [Time: 8.499746322631836]
L000369 | [Train Loss: 3.0937]
L000370 | [Train F1: 0.7355298693842954]
L000371 | [Train Acc: 0.736952781494934]
L000372 | [Dev Loss: 3.7414]
L000373 | [Dev F1: 0.6498072589857538]
L000374 | [Dev Acc: 0.6545768566493955]
L000375 | 
L000376-L000391 | [REDACTED: batch progress and internal diagnostics]
L000392 | [Epoch 12] [Time: 8.441723108291626]
L000393 | [Train Loss: 2.9456]
L000394 | [Train F1: 0.7469542076848273]
L000395 | [Train Acc: 0.7488051997705983]
L000396 | [Dev Loss: 3.7013]
L000397 | [Dev F1: 0.6555448825545214]
L000398 | [Dev Acc: 0.6580310880829016]
L000399 | 
L000400-L000415 | [REDACTED: batch progress and internal diagnostics]
L000416 | [Epoch 13] [Time: 8.22704553604126]
L000417 | [Train Loss: 2.8305]
L000418 | [Train F1: 0.7507898630936534]
L000419 | [Train Acc: 0.7528197285413879]
L000420 | [Dev Loss: 3.685]
L000421 | [Dev F1: 0.6469926481322419]
L000422 | [Dev Acc: 0.6511226252158895]
L000423 | 
L000424-L000439 | [REDACTED: batch progress and internal diagnostics]
L000440 | [Epoch 14] [Time: 8.360252618789673]
L000441 | [Train Loss: 2.7618]
L000442 | [Train F1: 0.768291387090452]
L000443 | [Train Acc: 0.7692601796979545]
L000444 | [Dev Loss: 3.7334]
L000445 | [Dev F1: 0.640894663287941]
L000446 | [Dev Acc: 0.6476683937823834]
L000447 | 
L000448-L000463 | [REDACTED: batch progress and internal diagnostics]
L000464 | [Epoch 15] [Time: 8.196882247924805]
L000465 | [Train Loss: 2.6093]
L000466 | [Train F1: 0.7698513374690439]
L000467 | [Train Acc: 0.7725100363219269]
L000468 | [Dev Loss: 3.6054]
L000469 | [Dev F1: 0.6520393188656828]
L000470 | [Dev Acc: 0.6545768566493955]
L000471 | 
L000472-L000487 | [REDACTED: batch progress and internal diagnostics]
L000488 | [Epoch 16] [Time: 8.446608781814575]
L000489 | [Train Loss: 2.4949]
L000490 | [Train F1: 0.7871490824018641]
L000491 | [Train Acc: 0.7879946472949723]
L000492 | [Dev Loss: 3.7489]
L000493 | [Dev F1: 0.6592564520550347]
L000494 | [Dev Acc: 0.6649395509499136]
L000495 | 
L000496-L000511 | [REDACTED: batch progress and internal diagnostics]
L000512 | [Epoch 17] [Time: 8.1170814037323]
L000513 | [Train Loss: 2.3849]
L000514 | [Train F1: 0.7940754161034161]
L000515 | [Train Acc: 0.7958325367998471]
L000516 | [Dev Loss: 3.5937]
L000517 | [Dev F1: 0.675425720416207]
L000518 | [Dev Acc: 0.6770293609671848]
L000519 | 
L000520-L000535 | [REDACTED: batch progress and internal diagnostics]
L000536 | [Epoch 18] [Time: 8.376564979553223]
L000537 | [Train Loss: 2.3489]
L000538 | [Train F1: 0.7966478014258732]
L000539 | [Train Acc: 0.7975530491301854]
L000540 | [Dev Loss: 3.6958]
L000541 | [Dev F1: 0.6696714666338168]
L000542 | [Dev Acc: 0.6753022452504318]
L000543 | 
L000544-L000559 | [REDACTED: batch progress and internal diagnostics]
L000560 | [Epoch 19] [Time: 8.082068681716919]
L000561 | [Train Loss: 2.3068]
L000562 | [Train F1: 0.7973718617741731]
L000563 | [Train Acc: 0.7992735614605238]
L000564 | [Dev Loss: 3.5769]
L000565 | [Dev F1: 0.6678211487284679]
L000566 | [Dev Acc: 0.6701208981001727]
L000567 | 
L000568-L000583 | [REDACTED: batch progress and internal diagnostics]
L000584 | [Epoch 20] [Time: 8.680722951889038]
L000585 | [Train Loss: 2.1864]
L000586 | [Train F1: 0.8112809037152883]
L000587 | [Train Acc: 0.8116994838463009]
L000588 | [Dev Loss: 3.655]
L000589 | [Dev F1: 0.6782306880024187]
L000590 | [Dev Acc: 0.6822107081174439]
L000591 | 
L000592-L000607 | [REDACTED: batch progress and internal diagnostics]
L000608 | [Epoch 21] [Time: 7.966397523880005]
L000609 | [Train Loss: 2.0422]
L000610 | [Train F1: 0.8201829700039155]
L000611 | [Train Acc: 0.8216402217549226]
L000612 | [Dev Loss: 3.6142]
L000613 | [Dev F1: 0.6567232439132471]
L000614 | [Dev Acc: 0.6580310880829016]
L000615 | 
L000616-L000631 | [REDACTED: batch progress and internal diagnostics]
L000632 | [Epoch 22] [Time: 7.751630067825317]
L000633 | [Train Loss: 1.9563]
L000634 | [Train F1: 0.832683446409983]
L000635 | [Train Acc: 0.8336838080672911]
L000636 | [Dev Loss: 3.7327]
L000637 | [Dev F1: 0.6573816209155517]
L000638 | [Dev Acc: 0.6614853195164075]
L000639 | 
L000640-L000655 | [REDACTED: batch progress and internal diagnostics]
L000656 | [Epoch 23] [Time: 8.000659227371216]
L000657 | [Train Loss: 1.9207]
L000658 | [Train F1: 0.8326368158829384]
L000659 | [Train Acc: 0.8334926400305869]
L000660 | [Dev Loss: 3.849]
L000661 | [Dev F1: 0.666547938928534]
L000662 | [Dev Acc: 0.6701208981001727]
L000663 | 
L000664-L000679 | [REDACTED: batch progress and internal diagnostics]
L000680 | [Epoch 24] [Time: 8.164687871932983]
L000681 | [Train Loss: 1.8458]
L000682 | [Train F1: 0.8387042018397609]
L000683 | [Train Acc: 0.839418849168419]
L000684 | [Dev Loss: 3.7268]
L000685 | [Dev F1: 0.6624819311597853]
L000686 | [Dev Acc: 0.6666666666666666]
L000687 | 
L000688-L000703 | [REDACTED: batch progress and internal diagnostics]
L000704 | [Epoch 25] [Time: 8.489463567733765]
L000705 | [Train Loss: 1.8043]
L000706 | [Train F1: 0.8407099248724138]
L000707 | [Train Acc: 0.8417128656088702]
L000708 | [Dev Loss: 3.7248]
L000709 | [Dev F1: 0.6470821972596381]
L000710 | [Dev Acc: 0.6511226252158895]
L000711 | 
L000712-L000727 | [REDACTED: batch progress and internal diagnostics]
L000728 | [Epoch 26] [Time: 8.288078784942627]
L000729 | [Train Loss: 1.7251]
L000730 | [Train F1: 0.8459587669563522]
L000731 | [Train Acc: 0.8466832345631811]
L000732 | [Dev Loss: 3.8221]
L000733 | [Dev F1: 0.6587938429005199]
L000734 | [Dev Acc: 0.6614853195164075]
L000735 | 
L000736-L000751 | [REDACTED: batch progress and internal diagnostics]
L000752 | [Epoch 27] [Time: 9.06377625465393]
L000753 | [Train Loss: 1.6088]
L000754 | [Train F1: 0.8582846903097912]
L000755 | [Train Acc: 0.8589179889122539]
L000756 | [Dev Loss: 3.6702]
L000757 | [Dev F1: 0.663885947698948]
L000758 | [Dev Acc: 0.6683937823834197]
L000759 | 
L000760-L000775 | [REDACTED: batch progress and internal diagnostics]
L000776 | [Epoch 28] [Time: 8.426744222640991]
L000777 | [Train Loss: 1.567]
L000778 | [Train F1: 0.8589877296275964]
L000779 | [Train Acc: 0.8596826610590709]
L000780 | [Dev Loss: 3.8177]
L000781 | [Dev F1: 0.660475729890144]
L000782 | [Dev Acc: 0.6649395509499136]
L000783 | 
L000784-L000799 | [REDACTED: batch progress and internal diagnostics]
L000800 | [Epoch 29] [Time: 8.44442868232727]
L000801 | [Train Loss: 1.5567]
L000802 | [Train F1: 0.8601852707065956]
L000803 | [Train Acc: 0.8606385012425922]
L000804 | [Dev Loss: 3.8874]
L000805 | [Dev F1: 0.6471958804714821]
L000806 | [Dev Acc: 0.6493955094991365]
L000807 | 
L000808-L000823 | [REDACTED: batch progress and internal diagnostics]
L000824 | [Epoch 30] [Time: 8.384450435638428]
L000825 | [Train Loss: 1.4843]
L000826 | [Train F1: 0.8721994642890002]
L000827 | [Train Acc: 0.8728732555916651]
L000828 | [Dev Loss: 3.6956]
L000829 | [Dev F1: 0.6507192464378382]
L000830 | [Dev Acc: 0.6545768566493955]
L000831 | 
L000832-L000847 | [REDACTED: batch progress and internal diagnostics]
L000848 | [Epoch 31] [Time: 8.580040693283081]
L000849 | [Train Loss: 1.4513]
L000850 | [Train F1: 0.8667672634160754]
L000851 | [Train Acc: 0.8673293825272415]
L000852 | [Dev Loss: 4.1344]
L000853 | [Dev F1: 0.6616910225386935]
L000854 | [Dev Acc: 0.6666666666666666]
L000855 | 
L000856-L000871 | [REDACTED: batch progress and internal diagnostics]
L000872 | [Epoch 32] [Time: 8.898558378219604]
L000873 | [Train Loss: 1.4371]
L000874 | [Train F1: 0.8706940342762959]
L000875 | [Train Acc: 0.8717262473714394]
L000876 | [Dev Loss: 3.6832]
L000877 | [Dev F1: 0.6555905088600963]
L000878 | [Dev Acc: 0.6563039723661486]
L000879 | 
L000880-L000895 | [REDACTED: batch progress and internal diagnostics]
L000896 | [Epoch 33] [Time: 8.707719326019287]
L000897 | [Train Loss: 1.3934]
L000898 | [Train F1: 0.8743058761791845]
L000899 | [Train Acc: 0.8745937679220035]
L000900 | [Dev Loss: 4.3392]
L000901 | [Dev F1: 0.6581246221739857]
L000902 | [Dev Acc: 0.6632124352331606]
L000903 | 
L000904-L000919 | [REDACTED: batch progress and internal diagnostics]
L000920 | [Epoch 34] [Time: 8.720678806304932]
L000921 | [Train Loss: 1.3168]
L000922 | [Train F1: 0.8853475608093335]
L000923 | [Train Acc: 0.885872682087555]
L000924 | [Dev Loss: 3.6314]
L000925 | [Dev F1: 0.657080647698488]
L000926 | [Dev Acc: 0.6597582037996546]
L000927 | 
L000928-L000943 | [REDACTED: batch progress and internal diagnostics]
L000944 | [Epoch 35] [Time: 8.919652938842773]
L000945 | [Train Loss: 1.3526]
L000946 | [Train F1: 0.8760405988625543]
L000947 | [Train Acc: 0.8766966163257504]
L000948 | [Dev Loss: 4.4481]
L000949 | [Dev F1: 0.6417809023636456]
L000950 | [Dev Acc: 0.6459412780656304]
L000951 | 
L000952-L000967 | [REDACTED: batch progress and internal diagnostics]
L000968 | [Epoch 36] [Time: 8.885159730911255]
L000969 | [Train Loss: 1.2863]
L000970 | [Train F1: 0.8847040801933262]
L000971 | [Train Acc: 0.8852991779774422]
L000972 | [Dev Loss: 3.9548]
L000973 | [Dev F1: 0.640087853048803]
L000974 | [Dev Acc: 0.6424870466321243]
L000975 | 
L000976-L000991 | [REDACTED: batch progress and internal diagnostics]
L000992 | [Epoch 37] [Time: 8.526057481765747]
L000993 | [Train Loss: 1.2536]
L000994 | [Train F1: 0.8860178567192796]
L000995 | [Train Acc: 0.8866373542343721]
L000996 | [Dev Loss: 4.0795]
L000997 | [Dev F1: 0.6713555020493799]
L000998 | [Dev Acc: 0.6770293609671848]
L000999 | 
L001000-L001015 | [REDACTED: batch progress and internal diagnostics]
L001016 | [Epoch 38] [Time: 8.277959823608398]
L001017 | [Train Loss: 1.2523]
L001018 | [Train F1: 0.892076556461327]
L001019 | [Train Acc: 0.8923723953355]
L001020 | [Dev Loss: 4.3312]
L001021 | [Dev F1: 0.6327448961924255]
L001022 | [Dev Acc: 0.6355785837651122]
L001023 | 
L001024-L001039 | [REDACTED: batch progress and internal diagnostics]
L001040 | [Epoch 39] [Time: 8.597617387771606]
L001041 | [Train Loss: 1.1959]
L001042 | [Train F1: 0.892287219771641]
L001043 | [Train Acc: 0.8927547314089084]
L001044 | [Dev Loss: 3.9434]
L001045 | [Dev F1: 0.6654474296994516]
L001046 | [Dev Acc: 0.6666666666666666]
L001047 | 
L001048-L001063 | [REDACTED: batch progress and internal diagnostics]
L001064 | [Epoch 40] [Time: 8.412590980529785]
L001065 | [Train Loss: 1.135]
L001066 | [Train F1: 0.895870468849947]
L001067 | [Train Acc: 0.8963869241062894]
L001068 | [Dev Loss: 4.5696]
L001069 | [Dev F1: 0.6451784972664576]
L001070 | [Dev Acc: 0.6545768566493955]
L001071 | 
L001072-L001087 | [REDACTED: batch progress and internal diagnostics]
L001088 | [Epoch 41] [Time: 8.391729831695557]
L001089 | [Train Loss: 1.1213]
L001090 | [Train F1: 0.9019660810250142]
L001091 | [Train Acc: 0.9023131332441215]
L001092 | [Dev Loss: 4.0717]
L001093 | [Dev F1: 0.6500355944706154]
L001094 | [Dev Acc: 0.6511226252158895]
L001095 | 
L001096-L001111 | [REDACTED: batch progress and internal diagnostics]
L001112 | [Epoch 42] [Time: 8.60233449935913]
L001113 | [Train Loss: 1.1105]
L001114 | [Train F1: 0.8978127058793027]
L001115 | [Train Acc: 0.8982986044733321]
L001116 | [Dev Loss: 4.5767]
L001117 | [Dev F1: 0.6539848660080986]
L001118 | [Dev Acc: 0.6614853195164075]
L001119 | 
L001120-L001135 | [REDACTED: batch progress and internal diagnostics]
L001136 | [Epoch 43] [Time: 7.985080003738403]
L001137 | [Train Loss: 1.0696]
L001138 | [Train F1: 0.9015360660730766]
L001139 | [Train Acc: 0.901930797170713]
L001140 | [Dev Loss: 4.2518]
L001141 | [Dev F1: 0.6480774018854628]
L001142 | [Dev Acc: 0.6511226252158895]
L001143 | 
L001144-L001159 | [REDACTED: batch progress and internal diagnostics]
L001160 | [Epoch 44] [Time: 8.507814407348633]
L001161 | [Train Loss: 1.0618]
L001162 | [Train F1: 0.9015546103997788]
L001163 | [Train Acc: 0.9021219652074173]
L001164 | [Dev Loss: 4.419]
L001165 | [Dev F1: 0.6523380235593028]
L001166 | [Dev Acc: 0.6563039723661486]
L001167 | 
L001168-L001183 | [REDACTED: batch progress and internal diagnostics]
L001184 | [Epoch 45] [Time: 8.686728477478027]
L001185 | [Train Loss: 1.0427]
L001186 | [Train F1: 0.9090680299785425]
L001187 | [Train Acc: 0.909195182565475]
L001188 | [Dev Loss: 4.4168]
L001189 | [Dev F1: 0.6612193653196632]
L001190 | [Dev Acc: 0.6632124352331606]
L001191 | Early stopping at epoch: 45
L001192 | Last model
L001193 |               precision    recall  f1-score   support
L001194 | 
L001195 |          hap     0.5500    0.3819    0.4508       144
L001196 |          sad     0.8257    0.8122    0.8189       245
L001197 |          neu     0.5895    0.8151    0.6842       384
L001198 |          ang     0.5833    0.6176    0.6000       170
L001199 |          exc     0.7243    0.7291    0.7267       299
L001200 |          fru     0.6963    0.4934    0.5776       381
L001201 | 
L001202 |     accuracy                         0.6642      1623
L001203 |    macro avg     0.6615    0.6416    0.6430      1623
L001204 | weighted avg     0.6709    0.6642    0.6578      1623
L001205 | 
L001206 | Best model at epoch: 20
L001207 | Best dev F1: 0.6782306880024187
L001208 |               precision    recall  f1-score   support
L001209 | 
L001210 |          hap     0.5229    0.3958    0.4506       144
L001211 |          sad     0.8054    0.8449    0.8247       245
L001212 |          neu     0.6745    0.7448    0.7079       384
L001213 |          ang     0.5734    0.7353    0.6443       170
L001214 |          exc     0.7289    0.8094    0.7670       299
L001215 |          fru     0.7067    0.5249    0.6024       381
L001216 | 
L001217 |     accuracy                         0.6882      1623
L001218 |    macro avg     0.6687    0.6759    0.6662      1623
L001219 | weighted avg     0.6878    0.6882    0.6822      1623
L001220 | 
L001221 | Best test F1: 0.682179177953326
L001222 | Best test Acc: 0.6882316697473814
L001223 | [SANITIZED] Saved checkpoint: [path and filename removed]
