# Redacted copy of an existing run log.
# run_id: G04-seed3
# dataset: IEMOCAP
# model: GCNet+AMBER
# imr: (0.5,0.7,0.3)
# seed_alias: seed3
# original_log_sha256: 4ca4d746cd8faf89faa9150753d507ce74daef334a69a5d2e00021993e31b2fc
# source_record_status: ok
# source_record_process_return_code: 3221226505
# L numbers refer to source logical lines; REDACTED/SANITIZED text is editorial.
L000001-L000005 | [REDACTED: configuration or implementation details]
L000006 | [SANITIZED] FutureWarning: [dependency deprecation notice; implementation details removed]
L000007-L000068 | [REDACTED: configuration or implementation details]
L000069 | [SANITIZED] Seed alias: seed3
L000070 | [REDACTED: configuration or implementation details]
L000071 | 
L000072-L000073 | [REDACTED: batch progress and internal diagnostics]
L000074 | 
L000075-L000076 | [REDACTED: batch progress and internal diagnostics]
L000077 | 
L000078-L000079 | [REDACTED: batch progress and internal diagnostics]
L000080-L000083 | [REDACTED: configuration or implementation details]
L000084 | [SANITIZED] Seed alias: seed3
L000085-L000088 | [REDACTED: configuration or implementation details]
L000089 | 
L000090-L000105 | [REDACTED: batch progress and internal diagnostics]
L000106 | [Epoch 0] [Time: 3.32]
L000107 | [Train Loss: 1.7292]
L000108 | [Train F1: 0.20924076683116777]
L000109 | [Train Acc: 0.2992883246778227]
L000110 | [Dev Loss: 1.6729]
L000111 | [Dev F1: 0.22422783163372362]
L000112 | [Dev Acc: 0.337152209492635]
L000113 | 
L000114-L000129 | [REDACTED: batch progress and internal diagnostics]
L000130 | [Epoch 1] [Time: 2.85]
L000131 | [Train Loss: 1.517]
L000132 | [Train F1: 0.3567153631230593]
L000133 | [Train Acc: 0.4370071167532218]
L000134 | [Dev Loss: 1.5754]
L000135 | [Dev F1: 0.24832187265145442]
L000136 | [Dev Acc: 0.36661211129296234]
L000137 | 
L000138-L000153 | [REDACTED: batch progress and internal diagnostics]
L000154 | [Epoch 2] [Time: 2.83]
L000155 | [Train Loss: 1.3228]
L000156 | [Train F1: 0.36881935513929603]
L000157 | [Train Acc: 0.46201192537026353]
L000158 | [Dev Loss: 1.4935]
L000159 | [Dev F1: 0.3041860617250442]
L000160 | [Dev Acc: 0.38461538461538464]
L000161 | 
L000162-L000177 | [REDACTED: batch progress and internal diagnostics]
L000178 | [Epoch 3] [Time: 2.70]
L000179 | [Train Loss: 1.2437]
L000180 | [Train F1: 0.44765318485702965]
L000181 | [Train Acc: 0.4939411425274091]
L000182 | [Dev Loss: 1.4639]
L000183 | [Dev F1: 0.30182344896701335]
L000184 | [Dev Acc: 0.3960720130932897]
L000185 | 
L000186-L000201 | [REDACTED: batch progress and internal diagnostics]
L000202 | [Epoch 4] [Time: 2.80]
L000203 | [Train Loss: 1.1791]
L000204 | [Train F1: 0.4832158928141763]
L000205 | [Train Acc: 0.5199076745527986]
L000206 | [Dev Loss: 1.39]
L000207 | [Dev F1: 0.3647678997554183]
L000208 | [Dev Acc: 0.397708674304419]
L000209 | 
L000210-L000225 | [REDACTED: batch progress and internal diagnostics]
L000226 | [Epoch 5] [Time: 2.91]
L000227 | [Train Loss: 1.1511]
L000228 | [Train F1: 0.49810284829737406]
L000229 | [Train Acc: 0.5260627043662243]
L000230 | [Dev Loss: 1.418]
L000231 | [Dev F1: 0.3235068897464708]
L000232 | [Dev Acc: 0.3862520458265139]
L000233 | 
L000234-L000249 | [REDACTED: batch progress and internal diagnostics]
L000250 | [Epoch 6] [Time: 2.74]
L000251 | [Train Loss: 1.1516]
L000252 | [Train F1: 0.5112805515597492]
L000253 | [Train Acc: 0.5335641469513368]
L000254 | [Dev Loss: 1.5036]
L000255 | [Dev F1: 0.29876524693121115]
L000256 | [Dev Acc: 0.35842880523731585]
L000257 | 
L000258-L000273 | [REDACTED: batch progress and internal diagnostics]
L000274 | [Epoch 7] [Time: 2.65]
L000275 | [Train Loss: 1.1104]
L000276 | [Train F1: 0.527685621022548]
L000277 | [Train Acc: 0.5477976533948836]
L000278 | [Dev Loss: 1.4352]
L000279 | [Dev F1: 0.3175141596773081]
L000280 | [Dev Acc: 0.353518821603928]
L000281 | 
L000282-L000297 | [REDACTED: batch progress and internal diagnostics]
L000298 | [Epoch 8] [Time: 2.72]
L000299 | [Train Loss: 1.1137]
L000300 | [Train F1: 0.5402060683053613]
L000301 | [Train Acc: 0.5520292363916137]
L000302 | [Dev Loss: 1.4088]
L000303 | [Dev F1: 0.3367851144105544]
L000304 | [Dev Acc: 0.39279869067103107]
L000305 | 
L000306-L000321 | [REDACTED: batch progress and internal diagnostics]
L000322 | [Epoch 9] [Time: 2.81]
L000323 | [Train Loss: 1.0688]
L000324 | [Train F1: 0.5448331570606112]
L000325 | [Train Acc: 0.5568378534333526]
L000326 | [Dev Loss: 1.3581]
L000327 | [Dev F1: 0.3527775599225928]
L000328 | [Dev Acc: 0.3698854337152209]
L000329 | 
L000330-L000345 | [REDACTED: batch progress and internal diagnostics]
L000346 | [Epoch 10] [Time: 2.75]
L000347 | [Train Loss: 1.0567]
L000348 | [Train F1: 0.5543164042048853]
L000349 | [Train Acc: 0.5618388151567609]
L000350 | [Dev Loss: 1.3678]
L000351 | [Dev F1: 0.36809820988659203]
L000352 | [Dev Acc: 0.3895253682487725]
L000353 | 
L000354-L000369 | [REDACTED: batch progress and internal diagnostics]
L000370 | [Epoch 11] [Time: 2.68]
L000371 | [Train Loss: 1.05]
L000372 | [Train F1: 0.5637223754691184]
L000373 | [Train Acc: 0.5754952875552991]
L000374 | [Dev Loss: 1.2987]
L000375 | [Dev F1: 0.33464671443095406]
L000376 | [Dev Acc: 0.3404255319148936]
L000377 | 
L000378-L000393 | [REDACTED: batch progress and internal diagnostics]
L000394 | [Epoch 12] [Time: 2.77]
L000395 | [Train Loss: 1.0412]
L000396 | [Train F1: 0.5628268049853927]
L000397 | [Train Acc: 0.5699172917868821]
L000398 | [Dev Loss: 1.3392]
L000399 | [Dev F1: 0.3294678177980188]
L000400 | [Dev Acc: 0.3649754500818331]
L000401 | 
L000402-L000417 | [REDACTED: batch progress and internal diagnostics]
L000418 | [Epoch 13] [Time: 2.77]
L000419 | [Train Loss: 1.0368]
L000420 | [Train F1: 0.562956963553476]
L000421 | [Train Acc: 0.5735718407386036]
L000422 | [Dev Loss: 1.3035]
L000423 | [Dev F1: 0.39905209928397056]
L000424 | [Dev Acc: 0.4402618657937807]
L000425 | 
L000426-L000441 | [REDACTED: batch progress and internal diagnostics]
L000442 | [Epoch 14] [Time: 2.84]
L000443 | [Train Loss: 1.0246]
L000444 | [Train F1: 0.5662296780005058]
L000445 | [Train Acc: 0.5741488747836122]
L000446 | [Dev Loss: 1.3562]
L000447 | [Dev F1: 0.30743201156939287]
L000448 | [Dev Acc: 0.37152209492635024]
L000449 | 
L000450-L000465 | [REDACTED: batch progress and internal diagnostics]
L000466 | [Epoch 15] [Time: 2.81]
L000467 | [Train Loss: 1.0201]
L000468 | [Train F1: 0.573813668179503]
L000469 | [Train Acc: 0.5787651471436814]
L000470 | [Dev Loss: 1.319]
L000471 | [Dev F1: 0.3694051276148257]
L000472 | [Dev Acc: 0.425531914893617]
L000473 | 
L000474-L000489 | [REDACTED: batch progress and internal diagnostics]
L000490 | [Epoch 16] [Time: 2.75]
L000491 | [Train Loss: 0.9979]
L000492 | [Train F1: 0.5710942358289021]
L000493 | [Train Acc: 0.5866512790921331]
L000494 | [Dev Loss: 1.2858]
L000495 | [Dev F1: 0.3517130362302759]
L000496 | [Dev Acc: 0.353518821603928]
L000497 | 
L000498-L000513 | [REDACTED: batch progress and internal diagnostics]
L000514 | [Epoch 17] [Time: 2.81]
L000515 | [Train Loss: 0.9874]
L000516 | [Train F1: 0.5826505158519293]
L000517 | [Train Acc: 0.5895364493171764]
L000518 | [Dev Loss: 1.299]
L000519 | [Dev F1: 0.3455654063292047]
L000520 | [Dev Acc: 0.3698854337152209]
L000521 | 
L000522-L000537 | [REDACTED: batch progress and internal diagnostics]
L000538 | [Epoch 18] [Time: 2.83]
L000539 | [Train Loss: 0.9675]
L000540 | [Train F1: 0.5830434067911365]
L000541 | [Train Acc: 0.5910752067705328]
L000542 | [Dev Loss: 1.285]
L000543 | [Dev F1: 0.3242396723925385]
L000544 | [Dev Acc: 0.3993453355155483]
L000545 | 
L000546-L000561 | [REDACTED: batch progress and internal diagnostics]
L000562 | [Epoch 19] [Time: 2.71]
L000563 | [Train Loss: 0.9622]
L000564 | [Train F1: 0.5844419149670302]
L000565 | [Train Acc: 0.5876130025004809]
L000566 | [Dev Loss: 1.2834]
L000567 | [Dev F1: 0.3713649126794297]
L000568 | [Dev Acc: 0.40425531914893614]
L000569 | 
L000570-L000585 | [REDACTED: batch progress and internal diagnostics]
L000586 | [Epoch 20] [Time: 2.73]
L000587 | [Train Loss: 0.9541]
L000588 | [Train F1: 0.5951925410110905]
L000589 | [Train Acc: 0.6035776110790536]
L000590 | [Dev Loss: 1.2748]
L000591 | [Dev F1: 0.40932735910083423]
L000592 | [Dev Acc: 0.4320785597381342]
L000593 | 
L000594-L000609 | [REDACTED: batch progress and internal diagnostics]
L000610 | [Epoch 21] [Time: 2.84]
L000611 | [Train Loss: 0.9426]
L000612 | [Train F1: 0.5972277833254479]
L000613 | [Train Acc: 0.6039623004423927]
L000614 | [Dev Loss: 1.2439]
L000615 | [Dev F1: 0.3987873398066372]
L000616 | [Dev Acc: 0.4288052373158756]
L000617 | 
L000618-L000633 | [REDACTED: batch progress and internal diagnostics]
L000634 | [Epoch 22] [Time: 2.74]
L000635 | [Train Loss: 0.9434]
L000636 | [Train F1: 0.5862038517736862]
L000637 | [Train Acc: 0.5958838238122716]
L000638 | [Dev Loss: 1.2494]
L000639 | [Dev F1: 0.3928090905916976]
L000640 | [Dev Acc: 0.3944353518821604]
L000641 | 
L000642-L000657 | [REDACTED: batch progress and internal diagnostics]
L000658 | [Epoch 23] [Time: 2.73]
L000659 | [Train Loss: 0.9372]
L000660 | [Train F1: 0.6019366712670119]
L000661 | [Train Acc: 0.6060780919407578]
L000662 | [Dev Loss: 1.2059]
L000663 | [Dev F1: 0.42606418026780435]
L000664 | [Dev Acc: 0.4582651391162029]
L000665 | 
L000666-L000681 | [REDACTED: batch progress and internal diagnostics]
L000682 | [Epoch 24] [Time: 2.78]
L000683 | [Train Loss: 0.9349]
L000684 | [Train F1: 0.595955865719948]
L000685 | [Train Acc: 0.602615887670706]
L000686 | [Dev Loss: 1.2855]
L000687 | [Dev F1: 0.3367511013969966]
L000688 | [Dev Acc: 0.3911620294599018]
L000689 | 
L000690-L000705 | [REDACTED: batch progress and internal diagnostics]
L000706 | [Epoch 25] [Time: 2.64]
L000707 | [Train Loss: 0.9425]
L000708 | [Train F1: 0.5993541315420868]
L000709 | [Train Acc: 0.603000577034045]
L000710 | [Dev Loss: 1.2253]
L000711 | [Dev F1: 0.43079020254882266]
L000712 | [Dev Acc: 0.42716857610474634]
L000713 | 
L000714-L000729 | [REDACTED: batch progress and internal diagnostics]
L000730 | [Epoch 26] [Time: 2.75]
L000731 | [Train Loss: 0.9364]
L000732 | [Train F1: 0.5857317271410275]
L000733 | [Train Acc: 0.5928063089055587]
L000734 | [Dev Loss: 1.2567]
L000735 | [Dev F1: 0.3692736283944115]
L000736 | [Dev Acc: 0.4500818330605565]
L000737 | 
L000738-L000753 | [REDACTED: batch progress and internal diagnostics]
L000754 | [Epoch 27] [Time: 2.70]
L000755 | [Train Loss: 0.9262]
L000756 | [Train F1: 0.5984221173518149]
L000757 | [Train Acc: 0.6020388536256972]
L000758 | [Dev Loss: 1.2045]
L000759 | [Dev F1: 0.47279197546903556]
L000760 | [Dev Acc: 0.48117839607201307]
L000761 | 
L000762-L000777 | [REDACTED: batch progress and internal diagnostics]
L000778 | [Epoch 28] [Time: 2.67]
L000779 | [Train Loss: 0.9153]
L000780 | [Train F1: 0.5997228749602118]
L000781 | [Train Acc: 0.608578572802462]
L000782 | [Dev Loss: 1.2169]
L000783 | [Dev F1: 0.4263843801198799]
L000784 | [Dev Acc: 0.4353518821603928]
L000785 | 
L000786-L000801 | [REDACTED: batch progress and internal diagnostics]
L000802 | [Epoch 29] [Time: 2.83]
L000803 | [Train Loss: 0.9037]
L000804 | [Train F1: 0.6048122888303998]
L000805 | [Train Acc: 0.6078091940757838]
L000806 | [Dev Loss: 1.2366]
L000807 | [Dev F1: 0.4076255783759536]
L000808 | [Dev Acc: 0.4402618657937807]
L000809 | 
L000810-L000825 | [REDACTED: batch progress and internal diagnostics]
L000826 | [Epoch 30] [Time: 2.73]
L000827 | [Train Loss: 0.9019]
L000828 | [Train F1: 0.601187641628586]
L000829 | [Train Acc: 0.6064627813040969]
L000830 | [Dev Loss: 1.2055]
L000831 | [Dev F1: 0.4021459024172194]
L000832 | [Dev Acc: 0.4288052373158756]
L000833 | 
L000834-L000849 | [REDACTED: batch progress and internal diagnostics]
L000850 | [Epoch 31] [Time: 2.84]
L000851 | [Train Loss: 0.898]
L000852 | [Train F1: 0.6096628347836521]
L000853 | [Train Acc: 0.6156953260242354]
L000854 | [Dev Loss: 1.2033]
L000855 | [Dev F1: 0.4558551745669819]
L000856 | [Dev Acc: 0.46808510638297873]
L000857 | 
L000858-L000873 | [REDACTED: batch progress and internal diagnostics]
L000874 | [Epoch 32] [Time: 2.75]
L000875 | [Train Loss: 0.8834]
L000876 | [Train F1: 0.6149069641678009]
L000877 | [Train Acc: 0.6201192537026351]
L000878 | [Dev Loss: 1.2087]
L000879 | [Dev F1: 0.38834029754267135]
L000880 | [Dev Acc: 0.44353518821603927]
L000881 | 
L000882-L000897 | [REDACTED: batch progress and internal diagnostics]
L000898 | [Epoch 33] [Time: 2.63]
L000899 | [Train Loss: 0.8747]
L000900 | [Train F1: 0.6145177508526874]
L000901 | [Train Acc: 0.6166570494325831]
L000902 | [Dev Loss: 1.2491]
L000903 | [Dev F1: 0.40471019900869415]
L000904 | [Dev Acc: 0.4320785597381342]
L000905 | 
L000906-L000921 | [REDACTED: batch progress and internal diagnostics]
L000922 | [Epoch 34] [Time: 2.82]
L000923 | [Train Loss: 0.8758]
L000924 | [Train F1: 0.6152528170131779]
L000925 | [Train Acc: 0.6187728409309483]
L000926 | [Dev Loss: 1.2063]
L000927 | [Dev F1: 0.39849999096761934]
L000928 | [Dev Acc: 0.4288052373158756]
L000929 | 
L000930-L000945 | [REDACTED: batch progress and internal diagnostics]
L000946 | [Epoch 35] [Time: 2.75]
L000947 | [Train Loss: 0.8575]
L000948 | [Train F1: 0.6190760462588023]
L000949 | [Train Acc: 0.6210809771109829]
L000950 | [Dev Loss: 1.1649]
L000951 | [Dev F1: 0.44731539152502264]
L000952 | [Dev Acc: 0.46153846153846156]
L000953 | 
L000954-L000969 | [REDACTED: batch progress and internal diagnostics]
L000970 | [Epoch 36] [Time: 2.75]
L000971 | [Train Loss: 0.8702]
L000972 | [Train F1: 0.6173482175386945]
L000973 | [Train Acc: 0.6212733217926524]
L000974 | [Dev Loss: 1.2061]
L000975 | [Dev F1: 0.4284470972880218]
L000976 | [Dev Acc: 0.4582651391162029]
L000977 | 
L000978-L000993 | [REDACTED: batch progress and internal diagnostics]
L000994 | [Epoch 37] [Time: 2.70]
L000995 | [Train Loss: 0.8701]
L000996 | [Train F1: 0.6175880775630581]
L000997 | [Train Acc: 0.621465666474322]
L000998 | [Dev Loss: 1.2351]
L000999 | [Dev F1: 0.3792378193874626]
L001000 | [Dev Acc: 0.41080196399345337]
L001001 | 
L001002-L001017 | [REDACTED: batch progress and internal diagnostics]
L001018 | [Epoch 38] [Time: 2.82]
L001019 | [Train Loss: 0.8578]
L001020 | [Train F1: 0.6243985158974283]
L001021 | [Train Acc: 0.6256972494710521]
L001022 | [Dev Loss: 1.1888]
L001023 | [Dev F1: 0.47976985323696686]
L001024 | [Dev Acc: 0.4779050736497545]
L001025 | 
L001026-L001041 | [REDACTED: batch progress and internal diagnostics]
L001042 | [Epoch 39] [Time: 2.74]
L001043 | [Train Loss: 0.8578]
L001044 | [Train F1: 0.6211892240935721]
L001045 | [Train Acc: 0.6278130409694171]
L001046 | [Dev Loss: 1.2548]
L001047 | [Dev F1: 0.378114452615159]
L001048 | [Dev Acc: 0.4075286415711948]
L001049 | 
L001050-L001065 | [REDACTED: batch progress and internal diagnostics]
L001066 | [Epoch 40] [Time: 2.67]
L001067 | [Train Loss: 0.8668]
L001068 | [Train F1: 0.6231475405695062]
L001069 | [Train Acc: 0.6247355260627043]
L001070 | [Dev Loss: 1.1871]
L001071 | [Dev F1: 0.48989277081946836]
L001072 | [Dev Acc: 0.4959083469721768]
L001073 | 
L001074-L001089 | [REDACTED: batch progress and internal diagnostics]
L001090 | [Epoch 41] [Time: 2.93]
L001091 | [Train Loss: 0.8596]
L001092 | [Train F1: 0.6183275986028048]
L001093 | [Train Acc: 0.6210809771109829]
L001094 | [Dev Loss: 1.2267]
L001095 | [Dev F1: 0.41991633848324045]
L001096 | [Dev Acc: 0.44189852700491]
L001097 | 
L001098-L001113 | [REDACTED: batch progress and internal diagnostics]
L001114 | [Epoch 42] [Time: 2.73]
L001115 | [Train Loss: 0.8549]
L001116 | [Train F1: 0.6267372317005329]
L001117 | [Train Acc: 0.629159453741104]
L001118 | [Dev Loss: 1.2158]
L001119 | [Dev F1: 0.42393535819333317]
L001120 | [Dev Acc: 0.44353518821603927]
L001121 | 
L001122-L001137 | [REDACTED: batch progress and internal diagnostics]
L001138 | [Epoch 43] [Time: 2.74]
L001139 | [Train Loss: 0.8527]
L001140 | [Train F1: 0.6231235617022952]
L001141 | [Train Acc: 0.6272360069244085]
L001142 | [Dev Loss: 1.1887]
L001143 | [Dev F1: 0.44657623983065314]
L001144 | [Dev Acc: 0.469721767594108]
L001145 | 
L001146-L001161 | [REDACTED: batch progress and internal diagnostics]
L001162 | [Epoch 44] [Time: 2.84]
L001163 | [Train Loss: 0.8484]
L001164 | [Train F1: 0.628219389405155]
L001165 | [Train Acc: 0.629159453741104]
L001166 | [Dev Loss: 1.2035]
L001167 | [Dev F1: 0.4651397165898942]
L001168 | [Dev Acc: 0.46317512274959083]
L001169 | 
L001170-L001185 | [REDACTED: batch progress and internal diagnostics]
L001186 | [Epoch 45] [Time: 2.86]
L001187 | [Train Loss: 0.8497]
L001188 | [Train F1: 0.6193216125445473]
L001189 | [Train Acc: 0.6228120792460089]
L001190 | [Dev Loss: 1.2767]
L001191 | [Dev F1: 0.3643501384950348]
L001192 | [Dev Acc: 0.42716857610474634]
L001193 | 
L001194-L001209 | [REDACTED: batch progress and internal diagnostics]
L001210 | [Epoch 46] [Time: 2.70]
L001211 | [Train Loss: 0.8503]
L001212 | [Train F1: 0.626365029469996]
L001213 | [Train Acc: 0.6293517984227736]
L001214 | [Dev Loss: 1.162]
L001215 | [Dev F1: 0.46889685400258874]
L001216 | [Dev Acc: 0.4762684124386252]
L001217 | 
L001218-L001233 | [REDACTED: batch progress and internal diagnostics]
L001234 | [Epoch 47] [Time: 2.73]
L001235 | [Train Loss: 0.8449]
L001236 | [Train F1: 0.6300413863352841]
L001237 | [Train Acc: 0.6341604154645124]
L001238 | [Dev Loss: 1.2639]
L001239 | [Dev F1: 0.39866284228989035]
L001240 | [Dev Acc: 0.44353518821603927]
L001241 | 
L001242-L001257 | [REDACTED: batch progress and internal diagnostics]
L001258 | [Epoch 48] [Time: 2.62]
L001259 | [Train Loss: 0.8536]
L001260 | [Train F1: 0.6232435495305607]
L001261 | [Train Acc: 0.6251202154260435]
L001262 | [Dev Loss: 1.2583]
L001263 | [Dev F1: 0.41624355251088613]
L001264 | [Dev Acc: 0.41898527004909986]
L001265 | 
L001266-L001281 | [REDACTED: batch progress and internal diagnostics]
L001282 | [Epoch 49] [Time: 2.79]
L001283 | [Train Loss: 0.8594]
L001284 | [Train F1: 0.6259342124118628]
L001285 | [Train Acc: 0.629159453741104]
L001286 | [Dev Loss: 1.188]
L001287 | [Dev F1: 0.43900989387136874]
L001288 | [Dev Acc: 0.4533551554828151]
L001289 | 
L001290-L001305 | [REDACTED: batch progress and internal diagnostics]
L001306 | [Epoch 50] [Time: 2.82]
L001307 | [Train Loss: 0.8533]
L001308 | [Train F1: 0.6252103460988949]
L001309 | [Train Acc: 0.6281977303327563]
L001310 | [Dev Loss: 1.1866]
L001311 | [Dev F1: 0.4297518687057575]
L001312 | [Dev Acc: 0.45990180032733224]
L001313 | 
L001314-L001329 | [REDACTED: batch progress and internal diagnostics]
L001330 | [Epoch 51] [Time: 2.67]
L001331 | [Train Loss: 0.849]
L001332 | [Train F1: 0.6264424659151268]
L001333 | [Train Acc: 0.6308905558761301]
L001334 | [Dev Loss: 1.2509]
L001335 | [Dev F1: 0.405489775933011]
L001336 | [Dev Acc: 0.43044189852700493]
L001337 | 
L001338-L001353 | [REDACTED: batch progress and internal diagnostics]
L001354 | [Epoch 52] [Time: 2.83]
L001355 | [Train Loss: 0.8394]
L001356 | [Train F1: 0.6214485079592117]
L001357 | [Train Acc: 0.6233891132910175]
L001358 | [Dev Loss: 1.1714]
L001359 | [Dev F1: 0.4185636121293645]
L001360 | [Dev Acc: 0.4664484451718494]
L001361 | 
L001362-L001377 | [REDACTED: batch progress and internal diagnostics]
L001378 | [Epoch 53] [Time: 2.87]
L001379 | [Train Loss: 0.838]
L001380 | [Train F1: 0.6270162176369813]
L001381 | [Train Acc: 0.6289671090594345]
L001382 | [Dev Loss: 1.2278]
L001383 | [Dev F1: 0.42098543541196065]
L001384 | [Dev Acc: 0.4451718494271686]
L001385 | 
L001386-L001401 | [REDACTED: batch progress and internal diagnostics]
L001402 | [Epoch 54] [Time: 2.73]
L001403 | [Train Loss: 0.8201]
L001404 | [Train F1: 0.627922398866254]
L001405 | [Train Acc: 0.6314675899211387]
L001406 | [Dev Loss: 1.2438]
L001407 | [Dev F1: 0.40452937093183916]
L001408 | [Dev Acc: 0.4451718494271686]
L001409 | 
L001410-L001425 | [REDACTED: batch progress and internal diagnostics]
L001426 | [Epoch 55] [Time: 2.88]
L001427 | [Train Loss: 0.8202]
L001428 | [Train F1: 0.6393561538134419]
L001429 | [Train Acc: 0.6410848240046163]
L001430 | [Dev Loss: 1.1809]
L001431 | [Dev F1: 0.43893723135746016]
L001432 | [Dev Acc: 0.44353518821603927]
L001433 | 
L001434-L001449 | [REDACTED: batch progress and internal diagnostics]
L001450 | [Epoch 56] [Time: 2.88]
L001451 | [Train Loss: 0.8217]
L001452 | [Train F1: 0.6328644875060774]
L001453 | [Train Acc: 0.6368532410078861]
L001454 | [Dev Loss: 1.2401]
L001455 | [Dev F1: 0.4086720372711101]
L001456 | [Dev Acc: 0.4402618657937807]
L001457 | 
L001458-L001473 | [REDACTED: batch progress and internal diagnostics]
L001474 | [Epoch 57] [Time: 2.69]
L001475 | [Train Loss: 0.8129]
L001476 | [Train F1: 0.6393276937048212]
L001477 | [Train Acc: 0.6393537218695903]
L001478 | [Dev Loss: 1.1843]
L001479 | [Dev F1: 0.43092967342760613]
L001480 | [Dev Acc: 0.44844517184942717]
L001481 | 
L001482-L001497 | [REDACTED: batch progress and internal diagnostics]
L001498 | [Epoch 58] [Time: 2.94]
L001499 | [Train Loss: 0.8136]
L001500 | [Train F1: 0.640775248496257]
L001501 | [Train Acc: 0.6443546835929986]
L001502 | [Dev Loss: 1.2761]
L001503 | [Dev F1: 0.3786396067472318]
L001504 | [Dev Acc: 0.4206219312602291]
L001505 | 
L001506-L001521 | [REDACTED: batch progress and internal diagnostics]
L001522 | [Epoch 59] [Time: 2.85]
L001523 | [Train Loss: 0.8097]
L001524 | [Train F1: 0.6412871387419942]
L001525 | [Train Acc: 0.6439699942296595]
L001526 | [Dev Loss: 1.1445]
L001527 | [Dev F1: 0.4865040907622252]
L001528 | [Dev Acc: 0.49427168576104746]
L001529 | 
L001530-L001545 | [REDACTED: batch progress and internal diagnostics]
L001546 | [Epoch 60] [Time: 2.86]
L001547 | [Train Loss: 0.8143]
L001548 | [Train F1: 0.6344284456060035]
L001549 | [Train Acc: 0.6376226197345644]
L001550 | [Dev Loss: 1.2183]
L001551 | [Dev F1: 0.3926279307146965]
L001552 | [Dev Acc: 0.425531914893617]
L001553 | 
L001554-L001569 | [REDACTED: batch progress and internal diagnostics]
L001570 | [Epoch 61] [Time: 2.90]
L001571 | [Train Loss: 0.8128]
L001572 | [Train F1: 0.6411254153379881]
L001573 | [Train Acc: 0.6443546835929986]
L001574 | [Dev Loss: 1.2379]
L001575 | [Dev F1: 0.4432079922806321]
L001576 | [Dev Acc: 0.46153846153846156]
L001577 | 
L001578-L001593 | [REDACTED: batch progress and internal diagnostics]
L001594 | [Epoch 62] [Time: 2.73]
L001595 | [Train Loss: 0.8129]
L001596 | [Train F1: 0.6409554414226654]
L001597 | [Train Acc: 0.6397384112329294]
L001598 | [Dev Loss: 1.2228]
L001599 | [Dev F1: 0.3952385474543892]
L001600 | [Dev Acc: 0.4353518821603928]
L001601 | 
L001602-L001617 | [REDACTED: batch progress and internal diagnostics]
L001618 | [Epoch 63] [Time: 2.94]
L001619 | [Train Loss: 0.8146]
L001620 | [Train F1: 0.6328635702791409]
L001621 | [Train Acc: 0.6385843431429121]
L001622 | [Dev Loss: 1.2108]
L001623 | [Dev F1: 0.4834204909952065]
L001624 | [Dev Acc: 0.48936170212765956]
L001625 | 
L001626-L001641 | [REDACTED: batch progress and internal diagnostics]
L001642 | [Epoch 64] [Time: 2.85]
L001643 | [Train Loss: 0.8159]
L001644 | [Train F1: 0.6429396630998474]
L001645 | [Train Acc: 0.6439699942296595]
L001646 | [Dev Loss: 1.1858]
L001647 | [Dev F1: 0.4228152921514833]
L001648 | [Dev Acc: 0.4582651391162029]
L001649 | 
L001650-L001665 | [REDACTED: batch progress and internal diagnostics]
L001666 | [Epoch 65] [Time: 2.95]
L001667 | [Train Loss: 0.809]
L001668 | [Train F1: 0.6390512870718703]
L001669 | [Train Acc: 0.6445470282746683]
L001670 | [Dev Loss: 1.2372]
L001671 | [Dev F1: 0.42650156070338024]
L001672 | [Dev Acc: 0.44680851063829785]
L001673 | 
L001674-L001689 | [REDACTED: batch progress and internal diagnostics]
L001690 | [Epoch 66] [Time: 2.97]
L001691 | [Train Loss: 0.8054]
L001692 | [Train F1: 0.6447876182676562]
L001693 | [Train Acc: 0.6455087516830159]
L001694 | [Dev Loss: 1.2113]
L001695 | [Dev F1: 0.44580815950789754]
L001696 | [Dev Acc: 0.44680851063829785]
L001697 | 
L001698-L001713 | [REDACTED: batch progress and internal diagnostics]
L001714 | [Epoch 67] [Time: 2.84]
L001715 | [Train Loss: 0.8]
L001716 | [Train F1: 0.6422700594979692]
L001717 | [Train Acc: 0.6468551644547028]
L001718 | [Dev Loss: 1.2327]
L001719 | [Dev F1: 0.41826480923350007]
L001720 | [Dev Acc: 0.43044189852700493]
L001721 | 
L001722-L001737 | [REDACTED: batch progress and internal diagnostics]
L001738 | [Epoch 68] [Time: 2.74]
L001739 | [Train Loss: 0.7994]
L001740 | [Train F1: 0.6464128235113105]
L001741 | [Train Acc: 0.6466628197730333]
L001742 | [Dev Loss: 1.2336]
L001743 | [Dev F1: 0.43617460803459196]
L001744 | [Dev Acc: 0.4320785597381342]
L001745 | 
L001746-L001761 | [REDACTED: batch progress and internal diagnostics]
L001762 | [Epoch 69] [Time: 2.83]
L001763 | [Train Loss: 0.7903]
L001764 | [Train F1: 0.6401258543269531]
L001765 | [Train Acc: 0.6435853048663205]
L001766 | [Dev Loss: 1.2478]
L001767 | [Dev F1: 0.40836583348891486]
L001768 | [Dev Acc: 0.41734860883797054]
L001769 | 
L001770-L001785 | [REDACTED: batch progress and internal diagnostics]
L001786 | [Epoch 70] [Time: 2.64]
L001787 | [Train Loss: 0.7901]
L001788 | [Train F1: 0.6473267520332022]
L001789 | [Train Acc: 0.6487786112713984]
L001790 | [Dev Loss: 1.1938]
L001791 | [Dev F1: 0.43610824884287314]
L001792 | [Dev Acc: 0.4402618657937807]
L001793 | 
L001794-L001809 | [REDACTED: batch progress and internal diagnostics]
L001810 | [Epoch 71] [Time: 2.70]
L001811 | [Train Loss: 0.8002]
L001812 | [Train F1: 0.6501516403412427]
L001813 | [Train Acc: 0.6512790921331025]
L001814 | [Dev Loss: 1.27]
L001815 | [Dev F1: 0.4122556657767832]
L001816 | [Dev Acc: 0.42225859247135844]
L001817 | 
L001818-L001833 | [REDACTED: batch progress and internal diagnostics]
L001834 | [Epoch 72] [Time: 2.83]
L001835 | [Train Loss: 0.8146]
L001836 | [Train F1: 0.633024633410765]
L001837 | [Train Acc: 0.6370455856895557]
L001838 | [Dev Loss: 1.2119]
L001839 | [Dev F1: 0.4584339093146422]
L001840 | [Dev Acc: 0.46317512274959083]
L001841 | 
L001842-L001857 | [REDACTED: batch progress and internal diagnostics]
L001858 | [Epoch 73] [Time: 2.88]
L001859 | [Train Loss: 0.8072]
L001860 | [Train F1: 0.6461749872042003]
L001861 | [Train Acc: 0.6451240623196769]
L001862 | [Dev Loss: 1.1816]
L001863 | [Dev F1: 0.4450162950853952]
L001864 | [Dev Acc: 0.46481178396072015]
L001865 | 
L001866-L001881 | [REDACTED: batch progress and internal diagnostics]
L001882 | [Epoch 74] [Time: 2.96]
L001883 | [Train Loss: 0.8006]
L001884 | [Train F1: 0.6423065222824895]
L001885 | [Train Acc: 0.6482015772263897]
L001886 | [Dev Loss: 1.2027]
L001887 | [Dev F1: 0.46148496443739223]
L001888 | [Dev Acc: 0.45662847790507366]
L001889 | 
L001890-L001905 | [REDACTED: batch progress and internal diagnostics]
L001906 | [Epoch 75] [Time: 2.77]
L001907 | [Train Loss: 0.799]
L001908 | [Train F1: 0.6437526712431596]
L001909 | [Train Acc: 0.6451240623196769]
L001910 | [Dev Loss: 1.206]
L001911 | [Dev F1: 0.4254466518041096]
L001912 | [Dev Acc: 0.44680851063829785]
L001913 | 
L001914-L001929 | [REDACTED: batch progress and internal diagnostics]
L001930 | [Epoch 76] [Time: 2.85]
L001931 | [Train Loss: 0.8089]
L001932 | [Train F1: 0.6350639343026886]
L001933 | [Train Acc: 0.6395460665512599]
L001934 | [Dev Loss: 1.1776]
L001935 | [Dev F1: 0.4462980505656943]
L001936 | [Dev Acc: 0.46153846153846156]
L001937 | 
L001938-L001953 | [REDACTED: batch progress and internal diagnostics]
L001954 | [Epoch 77] [Time: 2.84]
L001955 | [Train Loss: 0.7982]
L001956 | [Train F1: 0.6426008714869371]
L001957 | [Train Acc: 0.6439699942296595]
L001958 | [Dev Loss: 1.2923]
L001959 | [Dev F1: 0.4259263323318642]
L001960 | [Dev Acc: 0.44189852700491]
L001961 | 
L001962-L001977 | [REDACTED: batch progress and internal diagnostics]
L001978 | [Epoch 78] [Time: 2.77]
L001979 | [Train Loss: 0.7876]
L001980 | [Train F1: 0.646011544742825]
L001981 | [Train Acc: 0.6482015772263897]
L001982 | [Dev Loss: 1.2005]
L001983 | [Dev F1: 0.4285893607147214]
L001984 | [Dev Acc: 0.43044189852700493]
L001985 | 
L001986-L002001 | [REDACTED: batch progress and internal diagnostics]
L002002 | [Epoch 79] [Time: 2.73]
L002003 | [Train Loss: 0.7981]
L002004 | [Train F1: 0.6463363232964147]
L002005 | [Train Acc: 0.6487786112713984]
L002006 | [Dev Loss: 1.3242]
L002007 | [Dev F1: 0.4099685600403648]
L002008 | [Dev Acc: 0.42716857610474634]
L002009 | 
L002010-L002025 | [REDACTED: batch progress and internal diagnostics]
L002026 | [Epoch 80] [Time: 2.75]
L002027 | [Train Loss: 0.7887]
L002028 | [Train F1: 0.6490605265186692]
L002029 | [Train Acc: 0.6501250240430853]
L002030 | [Dev Loss: 1.1553]
L002031 | [Dev F1: 0.44994380650180116]
L002032 | [Dev Acc: 0.44844517184942717]
L002033 | Early stopping at epoch: 80
L002034 | Last model
L002035 |               precision    recall  f1-score   support
L002036 | 
L002037 |          hap     0.4013    0.4375    0.4186       144
L002038 |          sad     0.7837    0.6653    0.7196       245
L002039 |          neu     0.5475    0.6302    0.5860       384
L002040 |          ang     0.5561    0.6706    0.6080       170
L002041 |          exc     0.6580    0.7659    0.7079       299
L002042 |          fru     0.5856    0.4042    0.4783       381
L002043 | 
L002044 |     accuracy                         0.5946      1623
L002045 |    macro avg     0.5887    0.5956    0.5864      1623
L002046 | weighted avg     0.6004    0.5946    0.5908      1623
L002047 | 
L002048 | Best model at epoch: 40
L002049 | Best dev F1: 0.48989277081946836
L002050 |               precision    recall  f1-score   support
L002051 | 
L002052 |          hap     0.4118    0.4375    0.4242       144
L002053 |          sad     0.7742    0.6857    0.7273       245
L002054 |          neu     0.5282    0.6823    0.5955       384
L002055 |          ang     0.7228    0.4294    0.5387       170
L002056 |          exc     0.6627    0.7425    0.7003       299
L002057 |          fru     0.5670    0.4777    0.5185       381
L002058 | 
L002059 |     accuracy                         0.5977      1623
L002060 |    macro avg     0.6111    0.5758    0.5841      1623
L002061 | weighted avg     0.6093    0.5977    0.5955      1623
L002062 | 
L002063 | Best test F1: 0.5954798927397094
L002064 | Best test Acc: 0.5976586568083796
L002065 | [SANITIZED] Saved checkpoint: [path and filename removed]
