# Redacted copy of an existing run log.
# run_id: G04-seed2
# dataset: IEMOCAP
# model: GCNet+AMBER
# imr: (0.5,0.7,0.3)
# seed_alias: seed2
# original_log_sha256: 84d08719168d074a77edc6c194ccbaf1bb6b641e165db8af9175284e6fe65ff9
# source_record_status: ok
# source_record_process_return_code: 3221226505
# L numbers refer to source logical lines; REDACTED/SANITIZED text is editorial.
L000001-L000005 | [REDACTED: configuration or implementation details]
L000006 | [SANITIZED] FutureWarning: [dependency deprecation notice; implementation details removed]
L000007-L000068 | [REDACTED: configuration or implementation details]
L000069 | [SANITIZED] Seed alias: seed2
L000070 | [REDACTED: configuration or implementation details]
L000071 | 
L000072-L000073 | [REDACTED: batch progress and internal diagnostics]
L000074 | 
L000075-L000076 | [REDACTED: batch progress and internal diagnostics]
L000077 | 
L000078-L000079 | [REDACTED: batch progress and internal diagnostics]
L000080-L000083 | [REDACTED: configuration or implementation details]
L000084 | [SANITIZED] Seed alias: seed2
L000085-L000088 | [REDACTED: configuration or implementation details]
L000089 | 
L000090-L000105 | [REDACTED: batch progress and internal diagnostics]
L000106 | [Epoch 0] [Time: 3.27]
L000107 | [Train Loss: 1.7515]
L000108 | [Train F1: 0.20597158883520295]
L000109 | [Train Acc: 0.24177726485862666]
L000110 | [Dev Loss: 1.7112]
L000111 | [Dev F1: 0.22005403372536086]
L000112 | [Dev Acc: 0.2978723404255319]
L000113 | 
L000114-L000129 | [REDACTED: batch progress and internal diagnostics]
L000130 | [Epoch 1] [Time: 2.78]
L000131 | [Train Loss: 1.5766]
L000132 | [Train F1: 0.2824940134139104]
L000133 | [Train Acc: 0.3643008270821312]
L000134 | [Dev Loss: 1.6011]
L000135 | [Dev F1: 0.24832187265145442]
L000136 | [Dev Acc: 0.36661211129296234]
L000137 | 
L000138-L000153 | [REDACTED: batch progress and internal diagnostics]
L000154 | [Epoch 2] [Time: 2.81]
L000155 | [Train Loss: 1.3578]
L000156 | [Train F1: 0.3897329875034757]
L000157 | [Train Acc: 0.46143489132525484]
L000158 | [Dev Loss: 1.6213]
L000159 | [Dev F1: 0.24832187265145442]
L000160 | [Dev Acc: 0.36661211129296234]
L000161 | 
L000162-L000177 | [REDACTED: batch progress and internal diagnostics]
L000178 | [Epoch 3] [Time: 2.80]
L000179 | [Train Loss: 1.2645]
L000180 | [Train F1: 0.4436303800235265]
L000181 | [Train Acc: 0.48259280630890555]
L000182 | [Dev Loss: 1.436]
L000183 | [Dev F1: 0.31460532060450136]
L000184 | [Dev Acc: 0.3780687397708674]
L000185 | 
L000186-L000201 | [REDACTED: batch progress and internal diagnostics]
L000202 | [Epoch 4] [Time: 2.73]
L000203 | [Train Loss: 1.1793]
L000204 | [Train F1: 0.4837594821661949]
L000205 | [Train Acc: 0.5177918830544336]
L000206 | [Dev Loss: 1.4178]
L000207 | [Dev F1: 0.3358609013913357]
L000208 | [Dev Acc: 0.3878887070376432]
L000209 | 
L000210-L000225 | [REDACTED: batch progress and internal diagnostics]
L000226 | [Epoch 5] [Time: 2.69]
L000227 | [Train Loss: 1.1436]
L000228 | [Train F1: 0.4985042812635273]
L000229 | [Train Acc: 0.5241392575495287]
L000230 | [Dev Loss: 1.3723]
L000231 | [Dev F1: 0.31244139042126656]
L000232 | [Dev Acc: 0.397708674304419]
L000233 | 
L000234-L000249 | [REDACTED: batch progress and internal diagnostics]
L000250 | [Epoch 6] [Time: 2.73]
L000251 | [Train Loss: 1.1256]
L000252 | [Train F1: 0.5093591537310116]
L000253 | [Train Acc: 0.5308713214079631]
L000254 | [Dev Loss: 1.4122]
L000255 | [Dev F1: 0.3628827401609362]
L000256 | [Dev Acc: 0.3862520458265139]
L000257 | 
L000258-L000273 | [REDACTED: batch progress and internal diagnostics]
L000274 | [Epoch 7] [Time: 2.65]
L000275 | [Train Loss: 1.0812]
L000276 | [Train F1: 0.5394780096020864]
L000277 | [Train Acc: 0.5562608193883439]
L000278 | [Dev Loss: 1.3767]
L000279 | [Dev F1: 0.3817650041164658]
L000280 | [Dev Acc: 0.4238952536824877]
L000281 | 
L000282-L000297 | [REDACTED: batch progress and internal diagnostics]
L000298 | [Epoch 8] [Time: 2.85]
L000299 | [Train Loss: 1.0759]
L000300 | [Train F1: 0.5398379512904152]
L000301 | [Train Acc: 0.5508751683015964]
L000302 | [Dev Loss: 1.3695]
L000303 | [Dev F1: 0.30319089832478113]
L000304 | [Dev Acc: 0.3944353518821604]
L000305 | 
L000306-L000321 | [REDACTED: batch progress and internal diagnostics]
L000322 | [Epoch 9] [Time: 2.84]
L000323 | [Train Loss: 1.0571]
L000324 | [Train F1: 0.5580727165884641]
L000325 | [Train Acc: 0.5637622619734565]
L000326 | [Dev Loss: 1.3472]
L000327 | [Dev F1: 0.3117994947088066]
L000328 | [Dev Acc: 0.3911620294599018]
L000329 | 
L000330-L000345 | [REDACTED: batch progress and internal diagnostics]
L000346 | [Epoch 10] [Time: 2.70]
L000347 | [Train Loss: 1.0375]
L000348 | [Train F1: 0.5648251709040807]
L000349 | [Train Acc: 0.5735718407386036]
L000350 | [Dev Loss: 1.3165]
L000351 | [Dev F1: 0.4119527078479234]
L000352 | [Dev Acc: 0.4320785597381342]
L000353 | 
L000354-L000369 | [REDACTED: batch progress and internal diagnostics]
L000370 | [Epoch 11] [Time: 2.73]
L000371 | [Train Loss: 1.0247]
L000372 | [Train F1: 0.5695883226078158]
L000373 | [Train Acc: 0.5783804577803424]
L000374 | [Dev Loss: 1.3144]
L000375 | [Dev F1: 0.3657621716445957]
L000376 | [Dev Acc: 0.41407528641571195]
L000377 | 
L000378-L000393 | [REDACTED: batch progress and internal diagnostics]
L000394 | [Epoch 12] [Time: 2.72]
L000395 | [Train Loss: 1.0247]
L000396 | [Train F1: 0.5638693598742657]
L000397 | [Train Acc: 0.5728024620119254]
L000398 | [Dev Loss: 1.3206]
L000399 | [Dev F1: 0.3636986808798636]
L000400 | [Dev Acc: 0.3960720130932897]
L000401 | 
L000402-L000417 | [REDACTED: batch progress and internal diagnostics]
L000418 | [Epoch 13] [Time: 2.88]
L000419 | [Train Loss: 1.0229]
L000420 | [Train F1: 0.565720162348388]
L000421 | [Train Acc: 0.5703019811502212]
L000422 | [Dev Loss: 1.3538]
L000423 | [Dev F1: 0.3401149949426238]
L000424 | [Dev Acc: 0.40098199672667756]
L000425 | 
L000426-L000441 | [REDACTED: batch progress and internal diagnostics]
L000442 | [Epoch 14] [Time: 2.65]
L000443 | [Train Loss: 1.0185]
L000444 | [Train F1: 0.5481745649381885]
L000445 | [Train Acc: 0.5710713598768994]
L000446 | [Dev Loss: 1.2975]
L000447 | [Dev F1: 0.36061211739930643]
L000448 | [Dev Acc: 0.41243862520458263]
L000449 | 
L000450-L000465 | [REDACTED: batch progress and internal diagnostics]
L000466 | [Epoch 15] [Time: 2.68]
L000467 | [Train Loss: 0.9998]
L000468 | [Train F1: 0.5651470715669591]
L000469 | [Train Acc: 0.5676091556068474]
L000470 | [Dev Loss: 1.3016]
L000471 | [Dev F1: 0.3003137473038353]
L000472 | [Dev Acc: 0.42225859247135844]
L000473 | 
L000474-L000489 | [REDACTED: batch progress and internal diagnostics]
L000490 | [Epoch 16] [Time: 2.75]
L000491 | [Train Loss: 0.9821]
L000492 | [Train F1: 0.5760448810849014]
L000493 | [Train Acc: 0.5866512790921331]
L000494 | [Dev Loss: 1.399]
L000495 | [Dev F1: 0.3256060063688855]
L000496 | [Dev Acc: 0.37643207855973815]
L000497 | 
L000498-L000513 | [REDACTED: batch progress and internal diagnostics]
L000514 | [Epoch 17] [Time: 2.87]
L000515 | [Train Loss: 0.9701]
L000516 | [Train F1: 0.5748165025817741]
L000517 | [Train Acc: 0.5831890748220812]
L000518 | [Dev Loss: 1.2751]
L000519 | [Dev F1: 0.35992790160061433]
L000520 | [Dev Acc: 0.41407528641571195]
L000521 | 
L000522-L000537 | [REDACTED: batch progress and internal diagnostics]
L000538 | [Epoch 18] [Time: 2.79]
L000539 | [Train Loss: 0.9732]
L000540 | [Train F1: 0.5741737240313581]
L000541 | [Train Acc: 0.5816503173687247]
L000542 | [Dev Loss: 1.2996]
L000543 | [Dev F1: 0.3307120151349571]
L000544 | [Dev Acc: 0.41407528641571195]
L000545 | 
L000546-L000561 | [REDACTED: batch progress and internal diagnostics]
L000562 | [Epoch 19] [Time: 2.76]
L000563 | [Train Loss: 0.9666]
L000564 | [Train F1: 0.5681614716829494]
L000565 | [Train Acc: 0.5733794960569341]
L000566 | [Dev Loss: 1.327]
L000567 | [Dev F1: 0.3527152434124273]
L000568 | [Dev Acc: 0.3780687397708674]
L000569 | 
L000570-L000585 | [REDACTED: batch progress and internal diagnostics]
L000586 | [Epoch 20] [Time: 2.78]
L000587 | [Train Loss: 0.9591]
L000588 | [Train F1: 0.5839319754032802]
L000589 | [Train Acc: 0.5903058280438546]
L000590 | [Dev Loss: 1.322]
L000591 | [Dev F1: 0.3616513110625811]
L000592 | [Dev Acc: 0.4026186579378069]
L000593 | 
L000594-L000609 | [REDACTED: batch progress and internal diagnostics]
L000610 | [Epoch 21] [Time: 2.67]
L000611 | [Train Loss: 0.9474]
L000612 | [Train F1: 0.5819871867909104]
L000613 | [Train Acc: 0.5887670705904982]
L000614 | [Dev Loss: 1.2884]
L000615 | [Dev F1: 0.3469969754747244]
L000616 | [Dev Acc: 0.4238952536824877]
L000617 | 
L000618-L000633 | [REDACTED: batch progress and internal diagnostics]
L000634 | [Epoch 22] [Time: 2.63]
L000635 | [Train Loss: 0.9444]
L000636 | [Train F1: 0.5779671857309551]
L000637 | [Train Acc: 0.5835737641854203]
L000638 | [Dev Loss: 1.2732]
L000639 | [Dev F1: 0.3621084141479963]
L000640 | [Dev Acc: 0.397708674304419]
L000641 | 
L000642-L000657 | [REDACTED: batch progress and internal diagnostics]
L000658 | [Epoch 23] [Time: 2.73]
L000659 | [Train Loss: 0.932]
L000660 | [Train F1: 0.5923293407665172]
L000661 | [Train Acc: 0.6001154068090018]
L000662 | [Dev Loss: 1.2944]
L000663 | [Dev F1: 0.3425418005065261]
L000664 | [Dev Acc: 0.41407528641571195]
L000665 | 
L000666-L000681 | [REDACTED: batch progress and internal diagnostics]
L000682 | [Epoch 24] [Time: 2.78]
L000683 | [Train Loss: 0.9554]
L000684 | [Train F1: 0.5867868354272133]
L000685 | [Train Acc: 0.591844585497211]
L000686 | [Dev Loss: 1.3358]
L000687 | [Dev F1: 0.3435732293452142]
L000688 | [Dev Acc: 0.41407528641571195]
L000689 | 
L000690-L000705 | [REDACTED: batch progress and internal diagnostics]
L000706 | [Epoch 25] [Time: 2.74]
L000707 | [Train Loss: 0.9372]
L000708 | [Train F1: 0.5896816630000196]
L000709 | [Train Acc: 0.5949221004039238]
L000710 | [Dev Loss: 1.2552]
L000711 | [Dev F1: 0.36481511978454334]
L000712 | [Dev Acc: 0.4337152209492635]
L000713 | 
L000714-L000729 | [REDACTED: batch progress and internal diagnostics]
L000730 | [Epoch 26] [Time: 2.81]
L000731 | [Train Loss: 0.9346]
L000732 | [Train F1: 0.580336941617342]
L000733 | [Train Acc: 0.5872283131371417]
L000734 | [Dev Loss: 1.3055]
L000735 | [Dev F1: 0.3786316989349647]
L000736 | [Dev Acc: 0.45499181669394434]
L000737 | 
L000738-L000753 | [REDACTED: batch progress and internal diagnostics]
L000754 | [Epoch 27] [Time: 2.81]
L000755 | [Train Loss: 0.9256]
L000756 | [Train F1: 0.5843490647064059]
L000757 | [Train Acc: 0.5914598961338718]
L000758 | [Dev Loss: 1.2769]
L000759 | [Dev F1: 0.35581400802028434]
L000760 | [Dev Acc: 0.3895253682487725]
L000761 | 
L000762-L000777 | [REDACTED: batch progress and internal diagnostics]
L000778 | [Epoch 28] [Time: 2.73]
L000779 | [Train Loss: 0.9237]
L000780 | [Train F1: 0.5894855111144532]
L000781 | [Train Acc: 0.5962685131756107]
L000782 | [Dev Loss: 1.3481]
L000783 | [Dev F1: 0.3693365703739082]
L000784 | [Dev Acc: 0.45499181669394434]
L000785 | 
L000786-L000801 | [REDACTED: batch progress and internal diagnostics]
L000802 | [Epoch 29] [Time: 2.69]
L000803 | [Train Loss: 0.9238]
L000804 | [Train F1: 0.5846279887507758]
L000805 | [Train Acc: 0.5887670705904982]
L000806 | [Dev Loss: 1.2323]
L000807 | [Dev F1: 0.3881628576056927]
L000808 | [Dev Acc: 0.4075286415711948]
L000809 | 
L000810-L000825 | [REDACTED: batch progress and internal diagnostics]
L000826 | [Epoch 30] [Time: 2.82]
L000827 | [Train Loss: 0.9195]
L000828 | [Train F1: 0.5870131904472146]
L000829 | [Train Acc: 0.5906905174071937]
L000830 | [Dev Loss: 1.2875]
L000831 | [Dev F1: 0.3767206553902187]
L000832 | [Dev Acc: 0.46153846153846156]
L000833 | 
L000834-L000849 | [REDACTED: batch progress and internal diagnostics]
L000850 | [Epoch 31] [Time: 2.65]
L000851 | [Train Loss: 0.9181]
L000852 | [Train F1: 0.5935667511702996]
L000853 | [Train Acc: 0.6016541642623582]
L000854 | [Dev Loss: 1.2538]
L000855 | [Dev F1: 0.4134560819933049]
L000856 | [Dev Acc: 0.4337152209492635]
L000857 | 
L000858-L000873 | [REDACTED: batch progress and internal diagnostics]
L000874 | [Epoch 32] [Time: 2.80]
L000875 | [Train Loss: 0.9061]
L000876 | [Train F1: 0.5939639067233372]
L000877 | [Train Acc: 0.597422581265628]
L000878 | [Dev Loss: 1.3661]
L000879 | [Dev F1: 0.3389637658051099]
L000880 | [Dev Acc: 0.41407528641571195]
L000881 | 
L000882-L000897 | [REDACTED: batch progress and internal diagnostics]
L000898 | [Epoch 33] [Time: 2.84]
L000899 | [Train Loss: 0.902]
L000900 | [Train F1: 0.6020701315720333]
L000901 | [Train Acc: 0.6070398153491056]
L000902 | [Dev Loss: 1.226]
L000903 | [Dev F1: 0.3852121154579845]
L000904 | [Dev Acc: 0.4402618657937807]
L000905 | 
L000906-L000921 | [REDACTED: batch progress and internal diagnostics]
L000922 | [Epoch 34] [Time: 2.82]
L000923 | [Train Loss: 0.9126]
L000924 | [Train F1: 0.6036085226431784]
L000925 | [Train Acc: 0.6083862281207925]
L000926 | [Dev Loss: 1.2693]
L000927 | [Dev F1: 0.3890099226318586]
L000928 | [Dev Acc: 0.44353518821603927]
L000929 | 
L000930-L000945 | [REDACTED: batch progress and internal diagnostics]
L000946 | [Epoch 35] [Time: 2.81]
L000947 | [Train Loss: 0.903]
L000948 | [Train F1: 0.6006116916695046]
L000949 | [Train Acc: 0.6045393344874014]
L000950 | [Dev Loss: 1.3023]
L000951 | [Dev F1: 0.3766029451783816]
L000952 | [Dev Acc: 0.4533551554828151]
L000953 | 
L000954-L000969 | [REDACTED: batch progress and internal diagnostics]
L000970 | [Epoch 36] [Time: 2.95]
L000971 | [Train Loss: 0.8964]
L000972 | [Train F1: 0.6076675170042303]
L000973 | [Train Acc: 0.6110790536641661]
L000974 | [Dev Loss: 1.2584]
L000975 | [Dev F1: 0.35045242797922077]
L000976 | [Dev Acc: 0.4320785597381342]
L000977 | 
L000978-L000993 | [REDACTED: batch progress and internal diagnostics]
L000994 | [Epoch 37] [Time: 2.81]
L000995 | [Train Loss: 0.8879]
L000996 | [Train F1: 0.6173604311568693]
L000997 | [Train Acc: 0.6220427005193306]
L000998 | [Dev Loss: 1.2424]
L000999 | [Dev F1: 0.3693935164785482]
L001000 | [Dev Acc: 0.40425531914893614]
L001001 | 
L001002-L001017 | [REDACTED: batch progress and internal diagnostics]
L001018 | [Epoch 38] [Time: 2.93]
L001019 | [Train Loss: 0.8929]
L001020 | [Train F1: 0.6155212145380196]
L001021 | [Train Acc: 0.6178111175226005]
L001022 | [Dev Loss: 1.2478]
L001023 | [Dev F1: 0.35875934246201213]
L001024 | [Dev Acc: 0.44353518821603927]
L001025 | 
L001026-L001041 | [REDACTED: batch progress and internal diagnostics]
L001042 | [Epoch 39] [Time: 2.80]
L001043 | [Train Loss: 0.8761]
L001044 | [Train F1: 0.6119990011256268]
L001045 | [Train Acc: 0.6162723600692441]
L001046 | [Dev Loss: 1.2622]
L001047 | [Dev F1: 0.39512669789858357]
L001048 | [Dev Acc: 0.4402618657937807]
L001049 | 
L001050-L001065 | [REDACTED: batch progress and internal diagnostics]
L001066 | [Epoch 40] [Time: 2.75]
L001067 | [Train Loss: 0.8625]
L001068 | [Train F1: 0.6149158462034323]
L001069 | [Train Acc: 0.6181958068859396]
L001070 | [Dev Loss: 1.2728]
L001071 | [Dev F1: 0.3844149265048636]
L001072 | [Dev Acc: 0.41898527004909986]
L001073 | 
L001074-L001089 | [REDACTED: batch progress and internal diagnostics]
L001090 | [Epoch 41] [Time: 2.81]
L001091 | [Train Loss: 0.8747]
L001092 | [Train F1: 0.6126945019569495]
L001093 | [Train Acc: 0.6155029813425659]
L001094 | [Dev Loss: 1.2492]
L001095 | [Dev F1: 0.4183991593492772]
L001096 | [Dev Acc: 0.4500818330605565]
L001097 | 
L001098-L001113 | [REDACTED: batch progress and internal diagnostics]
L001114 | [Epoch 42] [Time: 2.82]
L001115 | [Train Loss: 0.8717]
L001116 | [Train F1: 0.6092789525728854]
L001117 | [Train Acc: 0.6166570494325831]
L001118 | [Dev Loss: 1.246]
L001119 | [Dev F1: 0.39137208360582815]
L001120 | [Dev Acc: 0.4353518821603928]
L001121 | 
L001122-L001137 | [REDACTED: batch progress and internal diagnostics]
L001138 | [Epoch 43] [Time: 2.76]
L001139 | [Train Loss: 0.8546]
L001140 | [Train F1: 0.6280367665369248]
L001141 | [Train Acc: 0.6320446239661474]
L001142 | [Dev Loss: 1.2122]
L001143 | [Dev F1: 0.4122437242765702]
L001144 | [Dev Acc: 0.4320785597381342]
L001145 | 
L001146-L001161 | [REDACTED: batch progress and internal diagnostics]
L001162 | [Epoch 44] [Time: 2.88]
L001163 | [Train Loss: 0.8603]
L001164 | [Train F1: 0.6270187250790956]
L001165 | [Train Acc: 0.6287747643777649]
L001166 | [Dev Loss: 1.304]
L001167 | [Dev F1: 0.41081834804268974]
L001168 | [Dev Acc: 0.45499181669394434]
L001169 | 
L001170-L001185 | [REDACTED: batch progress and internal diagnostics]
L001186 | [Epoch 45] [Time: 2.73]
L001187 | [Train Loss: 0.8455]
L001188 | [Train F1: 0.6270572362590624]
L001189 | [Train Acc: 0.6306982111944605]
L001190 | [Dev Loss: 1.2745]
L001191 | [Dev F1: 0.3853836866108862]
L001192 | [Dev Acc: 0.4337152209492635]
L001193 | 
L001194-L001209 | [REDACTED: batch progress and internal diagnostics]
L001210 | [Epoch 46] [Time: 2.81]
L001211 | [Train Loss: 0.8584]
L001212 | [Train F1: 0.6286807979542732]
L001213 | [Train Acc: 0.6303135218311213]
L001214 | [Dev Loss: 1.2256]
L001215 | [Dev F1: 0.39320431233281455]
L001216 | [Dev Acc: 0.4320785597381342]
L001217 | 
L001218-L001233 | [REDACTED: batch progress and internal diagnostics]
L001234 | [Epoch 47] [Time: 2.79]
L001235 | [Train Loss: 0.8412]
L001236 | [Train F1: 0.6197313490150221]
L001237 | [Train Acc: 0.6239661473360262]
L001238 | [Dev Loss: 1.2776]
L001239 | [Dev F1: 0.3962664538114253]
L001240 | [Dev Acc: 0.4320785597381342]
L001241 | 
L001242-L001257 | [REDACTED: batch progress and internal diagnostics]
L001258 | [Epoch 48] [Time: 2.75]
L001259 | [Train Loss: 0.8479]
L001260 | [Train F1: 0.6264923818934129]
L001261 | [Train Acc: 0.6299288324677823]
L001262 | [Dev Loss: 1.2772]
L001263 | [Dev F1: 0.38466731938299187]
L001264 | [Dev Acc: 0.4288052373158756]
L001265 | 
L001266-L001281 | [REDACTED: batch progress and internal diagnostics]
L001282 | [Epoch 49] [Time: 2.84]
L001283 | [Train Loss: 0.8514]
L001284 | [Train F1: 0.6307133881975284]
L001285 | [Train Acc: 0.6314675899211387]
L001286 | [Dev Loss: 1.2144]
L001287 | [Dev F1: 0.40897572073537364]
L001288 | [Dev Acc: 0.45171849427168576]
L001289 | 
L001290-L001305 | [REDACTED: batch progress and internal diagnostics]
L001306 | [Epoch 50] [Time: 2.78]
L001307 | [Train Loss: 0.844]
L001308 | [Train F1: 0.6212379641987973]
L001309 | [Train Acc: 0.6260819388343912]
L001310 | [Dev Loss: 1.3208]
L001311 | [Dev F1: 0.3638685725981454]
L001312 | [Dev Acc: 0.41407528641571195]
L001313 | 
L001314-L001329 | [REDACTED: batch progress and internal diagnostics]
L001330 | [Epoch 51] [Time: 2.67]
L001331 | [Train Loss: 0.8455]
L001332 | [Train F1: 0.6224476037407742]
L001333 | [Train Acc: 0.623581457972687]
L001334 | [Dev Loss: 1.2107]
L001335 | [Dev F1: 0.40322673263223235]
L001336 | [Dev Acc: 0.4451718494271686]
L001337 | 
L001338-L001353 | [REDACTED: batch progress and internal diagnostics]
L001354 | [Epoch 52] [Time: 2.96]
L001355 | [Train Loss: 0.8431]
L001356 | [Train F1: 0.6304456481150059]
L001357 | [Train Acc: 0.6341604154645124]
L001358 | [Dev Loss: 1.2444]
L001359 | [Dev F1: 0.39034751243502813]
L001360 | [Dev Acc: 0.4288052373158756]
L001361 | 
L001362-L001377 | [REDACTED: batch progress and internal diagnostics]
L001378 | [Epoch 53] [Time: 2.83]
L001379 | [Train Loss: 0.837]
L001380 | [Train F1: 0.6263135513867573]
L001381 | [Train Acc: 0.6287747643777649]
L001382 | [Dev Loss: 1.2017]
L001383 | [Dev F1: 0.4448680506973149]
L001384 | [Dev Acc: 0.4909983633387889]
L001385 | 
L001386-L001401 | [REDACTED: batch progress and internal diagnostics]
L001402 | [Epoch 54] [Time: 2.81]
L001403 | [Train Loss: 0.8278]
L001404 | [Train F1: 0.6258118473405933]
L001405 | [Train Acc: 0.627043662242739]
L001406 | [Dev Loss: 1.2475]
L001407 | [Dev F1: 0.41227952602020274]
L001408 | [Dev Acc: 0.44680851063829785]
L001409 | 
L001410-L001425 | [REDACTED: batch progress and internal diagnostics]
L001426 | [Epoch 55] [Time: 2.83]
L001427 | [Train Loss: 0.8271]
L001428 | [Train F1: 0.6304993920948783]
L001429 | [Train Acc: 0.6345451048278515]
L001430 | [Dev Loss: 1.2356]
L001431 | [Dev F1: 0.40503953104463647]
L001432 | [Dev Acc: 0.4533551554828151]
L001433 | 
L001434-L001449 | [REDACTED: batch progress and internal diagnostics]
L001450 | [Epoch 56] [Time: 2.74]
L001451 | [Train Loss: 0.827]
L001452 | [Train F1: 0.6335147917577222]
L001453 | [Train Acc: 0.6356991729178688]
L001454 | [Dev Loss: 1.2328]
L001455 | [Dev F1: 0.40145593477050817]
L001456 | [Dev Acc: 0.44844517184942717]
L001457 | 
L001458-L001473 | [REDACTED: batch progress and internal diagnostics]
L001474 | [Epoch 57] [Time: 2.74]
L001475 | [Train Loss: 0.8211]
L001476 | [Train F1: 0.6353193516783676]
L001477 | [Train Acc: 0.638199653779573]
L001478 | [Dev Loss: 1.2674]
L001479 | [Dev F1: 0.39876989823581116]
L001480 | [Dev Acc: 0.4386252045826514]
L001481 | 
L001482-L001497 | [REDACTED: batch progress and internal diagnostics]
L001498 | [Epoch 58] [Time: 2.76]
L001499 | [Train Loss: 0.825]
L001500 | [Train F1: 0.6393284710889983]
L001501 | [Train Acc: 0.6408924793229467]
L001502 | [Dev Loss: 1.3467]
L001503 | [Dev F1: 0.34688879929258465]
L001504 | [Dev Acc: 0.41407528641571195]
L001505 | 
L001506-L001521 | [REDACTED: batch progress and internal diagnostics]
L001522 | [Epoch 59] [Time: 2.84]
L001523 | [Train Loss: 0.8262]
L001524 | [Train F1: 0.6316492144498701]
L001525 | [Train Acc: 0.6337757261011733]
L001526 | [Dev Loss: 1.1974]
L001527 | [Dev F1: 0.42134073741232037]
L001528 | [Dev Acc: 0.4795417348608838]
L001529 | 
L001530-L001545 | [REDACTED: batch progress and internal diagnostics]
L001546 | [Epoch 60] [Time: 2.75]
L001547 | [Train Loss: 0.8364]
L001548 | [Train F1: 0.6267445165118503]
L001549 | [Train Acc: 0.6276206962877476]
L001550 | [Dev Loss: 1.2421]
L001551 | [Dev F1: 0.42227243431329514]
L001552 | [Dev Acc: 0.46481178396072015]
L001553 | 
L001554-L001569 | [REDACTED: batch progress and internal diagnostics]
L001570 | [Epoch 61] [Time: 2.86]
L001571 | [Train Loss: 0.8255]
L001572 | [Train F1: 0.6414886729917614]
L001573 | [Train Acc: 0.6453164070013464]
L001574 | [Dev Loss: 1.3035]
L001575 | [Dev F1: 0.4052508864208844]
L001576 | [Dev Acc: 0.45171849427168576]
L001577 | 
L001578-L001593 | [REDACTED: batch progress and internal diagnostics]
L001594 | [Epoch 62] [Time: 2.79]
L001595 | [Train Loss: 0.8165]
L001596 | [Train F1: 0.6380625827266048]
L001597 | [Train Acc: 0.640315445277938]
L001598 | [Dev Loss: 1.2792]
L001599 | [Dev F1: 0.36838038789571315]
L001600 | [Dev Acc: 0.4075286415711948]
L001601 | 
L001602-L001617 | [REDACTED: batch progress and internal diagnostics]
L001618 | [Epoch 63] [Time: 2.85]
L001619 | [Train Loss: 0.8212]
L001620 | [Train F1: 0.6348135480608849]
L001621 | [Train Acc: 0.6368532410078861]
L001622 | [Dev Loss: 1.2448]
L001623 | [Dev F1: 0.4186098103438158]
L001624 | [Dev Acc: 0.4337152209492635]
L001625 | 
L001626-L001641 | [REDACTED: batch progress and internal diagnostics]
L001642 | [Epoch 64] [Time: 2.74]
L001643 | [Train Loss: 0.8247]
L001644 | [Train F1: 0.6283114739576774]
L001645 | [Train Acc: 0.6324293133294865]
L001646 | [Dev Loss: 1.2791]
L001647 | [Dev F1: 0.3580155009642733]
L001648 | [Dev Acc: 0.3993453355155483]
L001649 | 
L001650-L001665 | [REDACTED: batch progress and internal diagnostics]
L001666 | [Epoch 65] [Time: 2.81]
L001667 | [Train Loss: 0.8183]
L001668 | [Train F1: 0.6393244984169473]
L001669 | [Train Acc: 0.6401231005962685]
L001670 | [Dev Loss: 1.3155]
L001671 | [Dev F1: 0.37879680788341863]
L001672 | [Dev Acc: 0.3960720130932897]
L001673 | 
L001674-L001689 | [REDACTED: batch progress and internal diagnostics]
L001690 | [Epoch 66] [Time: 2.80]
L001691 | [Train Loss: 0.8246]
L001692 | [Train F1: 0.6305870220969874]
L001693 | [Train Acc: 0.6328140026928255]
L001694 | [Dev Loss: 1.232]
L001695 | [Dev F1: 0.3876881757456715]
L001696 | [Dev Acc: 0.425531914893617]
L001697 | 
L001698-L001713 | [REDACTED: batch progress and internal diagnostics]
L001714 | [Epoch 67] [Time: 2.84]
L001715 | [Train Loss: 0.8119]
L001716 | [Train F1: 0.6351273247417333]
L001717 | [Train Acc: 0.6383919984612425]
L001718 | [Dev Loss: 1.2931]
L001719 | [Dev F1: 0.34981203164509217]
L001720 | [Dev Acc: 0.3944353518821604]
L001721 | 
L001722-L001737 | [REDACTED: batch progress and internal diagnostics]
L001738 | [Epoch 68] [Time: 2.80]
L001739 | [Train Loss: 0.8083]
L001740 | [Train F1: 0.6440939092136134]
L001741 | [Train Acc: 0.6447393729563378]
L001742 | [Dev Loss: 1.2142]
L001743 | [Dev F1: 0.4447360374544972]
L001744 | [Dev Acc: 0.4713584288052373]
L001745 | 
L001746-L001761 | [REDACTED: batch progress and internal diagnostics]
L001762 | [Epoch 69] [Time: 2.86]
L001763 | [Train Loss: 0.7966]
L001764 | [Train F1: 0.6425961018494707]
L001765 | [Train Acc: 0.6462781304096942]
L001766 | [Dev Loss: 1.2653]
L001767 | [Dev F1: 0.40096693748704104]
L001768 | [Dev Acc: 0.4500818330605565]
L001769 | 
L001770-L001785 | [REDACTED: batch progress and internal diagnostics]
L001786 | [Epoch 70] [Time: 2.82]
L001787 | [Train Loss: 0.7995]
L001788 | [Train F1: 0.6420486065994279]
L001789 | [Train Acc: 0.6439699942296595]
L001790 | [Dev Loss: 1.2327]
L001791 | [Dev F1: 0.4456897092764094]
L001792 | [Dev Acc: 0.4779050736497545]
L001793 | 
L001794-L001809 | [REDACTED: batch progress and internal diagnostics]
L001810 | [Epoch 71] [Time: 2.75]
L001811 | [Train Loss: 0.805]
L001812 | [Train F1: 0.6420118265591844]
L001813 | [Train Acc: 0.6439699942296595]
L001814 | [Dev Loss: 1.2607]
L001815 | [Dev F1: 0.44939702151687533]
L001816 | [Dev Acc: 0.4844517184942717]
L001817 | 
L001818-L001833 | [REDACTED: batch progress and internal diagnostics]
L001834 | [Epoch 72] [Time: 2.90]
L001835 | [Train Loss: 0.818]
L001836 | [Train F1: 0.6354911714494687]
L001837 | [Train Acc: 0.6374302750528947]
L001838 | [Dev Loss: 1.236]
L001839 | [Dev F1: 0.4145634269898319]
L001840 | [Dev Acc: 0.45171849427168576]
L001841 | 
L001842-L001857 | [REDACTED: batch progress and internal diagnostics]
L001858 | [Epoch 73] [Time: 2.83]
L001859 | [Train Loss: 0.82]
L001860 | [Train F1: 0.6330258167284147]
L001861 | [Train Acc: 0.634737449509521]
L001862 | [Dev Loss: 1.2266]
L001863 | [Dev F1: 0.44438026682505016]
L001864 | [Dev Acc: 0.4664484451718494]
L001865 | 
L001866-L001881 | [REDACTED: batch progress and internal diagnostics]
L001882 | [Epoch 74] [Time: 2.78]
L001883 | [Train Loss: 0.8122]
L001884 | [Train F1: 0.6408885407995005]
L001885 | [Train Acc: 0.6430082708213118]
L001886 | [Dev Loss: 1.2749]
L001887 | [Dev F1: 0.38570825605570136]
L001888 | [Dev Acc: 0.45171849427168576]
L001889 | 
L001890-L001905 | [REDACTED: batch progress and internal diagnostics]
L001906 | [Epoch 75] [Time: 2.77]
L001907 | [Train Loss: 0.8039]
L001908 | [Train F1: 0.6494819505127378]
L001909 | [Train Acc: 0.651471436814772]
L001910 | [Dev Loss: 1.2409]
L001911 | [Dev F1: 0.4422318775296657]
L001912 | [Dev Acc: 0.4779050736497545]
L001913 | 
L001914-L001929 | [REDACTED: batch progress and internal diagnostics]
L001930 | [Epoch 76] [Time: 2.78]
L001931 | [Train Loss: 0.7961]
L001932 | [Train F1: 0.6477748169230981]
L001933 | [Train Acc: 0.6491633006347375]
L001934 | [Dev Loss: 1.2253]
L001935 | [Dev F1: 0.42827006978786186]
L001936 | [Dev Acc: 0.4500818330605565]
L001937 | 
L001938-L001953 | [REDACTED: batch progress and internal diagnostics]
L001954 | [Epoch 77] [Time: 2.79]
L001955 | [Train Loss: 0.8019]
L001956 | [Train F1: 0.6444426307086617]
L001957 | [Train Acc: 0.6445470282746683]
L001958 | [Dev Loss: 1.2611]
L001959 | [Dev F1: 0.4627436068284553]
L001960 | [Dev Acc: 0.4779050736497545]
L001961 | 
L001962-L001977 | [REDACTED: batch progress and internal diagnostics]
L001978 | [Epoch 78] [Time: 2.70]
L001979 | [Train Loss: 0.7933]
L001980 | [Train F1: 0.6422326499703855]
L001981 | [Train Acc: 0.6443546835929986]
L001982 | [Dev Loss: 1.2699]
L001983 | [Dev F1: 0.3852133715014082]
L001984 | [Dev Acc: 0.4451718494271686]
L001985 | 
L001986-L002001 | [REDACTED: batch progress and internal diagnostics]
L002002 | [Epoch 79] [Time: 2.81]
L002003 | [Train Loss: 0.7944]
L002004 | [Train F1: 0.6444370262153035]
L002005 | [Train Acc: 0.6449317176380073]
L002006 | [Dev Loss: 1.2316]
L002007 | [Dev F1: 0.43852135802811487]
L002008 | [Dev Acc: 0.469721767594108]
L002009 | 
L002010-L002025 | [REDACTED: batch progress and internal diagnostics]
L002026 | [Epoch 80] [Time: 2.78]
L002027 | [Train Loss: 0.7815]
L002028 | [Train F1: 0.648573426228552]
L002029 | [Train Acc: 0.651471436814772]
L002030 | [Dev Loss: 1.264]
L002031 | [Dev F1: 0.4304441263686679]
L002032 | [Dev Acc: 0.45662847790507366]
L002033 | 
L002034-L002049 | [REDACTED: batch progress and internal diagnostics]
L002050 | [Epoch 81] [Time: 2.78]
L002051 | [Train Loss: 0.7754]
L002052 | [Train F1: 0.6570513935121277]
L002053 | [Train Acc: 0.6580111559915368]
L002054 | [Dev Loss: 1.2354]
L002055 | [Dev F1: 0.4538914232268319]
L002056 | [Dev Acc: 0.4959083469721768]
L002057 | 
L002058-L002073 | [REDACTED: batch progress and internal diagnostics]
L002074 | [Epoch 82] [Time: 2.74]
L002075 | [Train Loss: 0.7729]
L002076 | [Train F1: 0.6539900390363151]
L002077 | [Train Acc: 0.6555106751298326]
L002078 | [Dev Loss: 1.2843]
L002079 | [Dev F1: 0.4270714241905584]
L002080 | [Dev Acc: 0.44189852700491]
L002081 | 
L002082-L002097 | [REDACTED: batch progress and internal diagnostics]
L002098 | [Epoch 83] [Time: 2.83]
L002099 | [Train Loss: 0.7687]
L002100 | [Train F1: 0.6562594642518932]
L002101 | [Train Acc: 0.65666474321985]
L002102 | [Dev Loss: 1.2656]
L002103 | [Dev F1: 0.4271752460177302]
L002104 | [Dev Acc: 0.44680851063829785]
L002105 | 
L002106-L002121 | [REDACTED: batch progress and internal diagnostics]
L002122 | [Epoch 84] [Time: 2.76]
L002123 | [Train Loss: 0.7663]
L002124 | [Train F1: 0.6563982278680859]
L002125 | [Train Acc: 0.6587805347182151]
L002126 | [Dev Loss: 1.2942]
L002127 | [Dev F1: 0.44364794287728726]
L002128 | [Dev Acc: 0.4779050736497545]
L002129 | 
L002130-L002145 | [REDACTED: batch progress and internal diagnostics]
L002146 | [Epoch 85] [Time: 2.84]
L002147 | [Train Loss: 0.7711]
L002148 | [Train F1: 0.6597377101741597]
L002149 | [Train Acc: 0.6608963262165801]
L002150 | [Dev Loss: 1.2941]
L002151 | [Dev F1: 0.43953828734437345]
L002152 | [Dev Acc: 0.45990180032733224]
L002153 | 
L002154-L002169 | [REDACTED: batch progress and internal diagnostics]
L002170 | [Epoch 86] [Time: 2.78]
L002171 | [Train Loss: 0.7751]
L002172 | [Train F1: 0.6554893707727112]
L002173 | [Train Acc: 0.6557030198115023]
L002174 | [Dev Loss: 1.2236]
L002175 | [Dev F1: 0.39757233476881915]
L002176 | [Dev Acc: 0.4320785597381342]
L002177 | 
L002178-L002193 | [REDACTED: batch progress and internal diagnostics]
L002194 | [Epoch 87] [Time: 2.82]
L002195 | [Train Loss: 0.7644]
L002196 | [Train F1: 0.6493358182994228]
L002197 | [Train Acc: 0.6499326793614156]
L002198 | [Dev Loss: 1.3242]
L002199 | [Dev F1: 0.4331129084183672]
L002200 | [Dev Acc: 0.48117839607201307]
L002201 | 
L002202-L002217 | [REDACTED: batch progress and internal diagnostics]
L002218 | [Epoch 88] [Time: 2.86]
L002219 | [Train Loss: 0.7733]
L002220 | [Train F1: 0.6481901356717987]
L002221 | [Train Acc: 0.6507020580880939]
L002222 | [Dev Loss: 1.3091]
L002223 | [Dev F1: 0.41618009921677135]
L002224 | [Dev Acc: 0.43044189852700493]
L002225 | 
L002226-L002241 | [REDACTED: batch progress and internal diagnostics]
L002242 | [Epoch 89] [Time: 2.71]
L002243 | [Train Loss: 0.7739]
L002244 | [Train F1: 0.6475944910891444]
L002245 | [Train Acc: 0.6483939219080592]
L002246 | [Dev Loss: 1.3052]
L002247 | [Dev F1: 0.42760288722499]
L002248 | [Dev Acc: 0.4795417348608838]
L002249 | 
L002250-L002265 | [REDACTED: batch progress and internal diagnostics]
L002266 | [Epoch 90] [Time: 2.74]
L002267 | [Train Loss: 0.7731]
L002268 | [Train F1: 0.6528576937558568]
L002269 | [Train Acc: 0.6543566070398154]
L002270 | [Dev Loss: 1.3335]
L002271 | [Dev F1: 0.42054404299802844]
L002272 | [Dev Acc: 0.4451718494271686]
L002273 | 
L002274-L002289 | [REDACTED: batch progress and internal diagnostics]
L002290 | [Epoch 91] [Time: 2.78]
L002291 | [Train Loss: 0.7661]
L002292 | [Train F1: 0.6596188973380173]
L002293 | [Train Acc: 0.6599346028082324]
L002294 | [Dev Loss: 1.2482]
L002295 | [Dev F1: 0.4328280919485957]
L002296 | [Dev Acc: 0.44353518821603927]
L002297 | 
L002298-L002313 | [REDACTED: batch progress and internal diagnostics]
L002314 | [Epoch 92] [Time: 2.78]
L002315 | [Train Loss: 0.7684]
L002316 | [Train F1: 0.6479411383205573]
L002317 | [Train Acc: 0.6499326793614156]
L002318 | [Dev Loss: 1.3429]
L002319 | [Dev F1: 0.40726126371324856]
L002320 | [Dev Acc: 0.44680851063829785]
L002321 | 
L002322-L002337 | [REDACTED: batch progress and internal diagnostics]
L002338 | [Epoch 93] [Time: 2.77]
L002339 | [Train Loss: 0.771]
L002340 | [Train F1: 0.6543383821423822]
L002341 | [Train Acc: 0.6551259857664935]
L002342 | [Dev Loss: 1.2524]
L002343 | [Dev F1: 0.4317511812001432]
L002344 | [Dev Acc: 0.4451718494271686]
L002345 | 
L002346-L002361 | [REDACTED: batch progress and internal diagnostics]
L002362 | [Epoch 94] [Time: 2.76]
L002363 | [Train Loss: 0.7575]
L002364 | [Train F1: 0.6548452013942262]
L002365 | [Train Acc: 0.6572417772648587]
L002366 | [Dev Loss: 1.3824]
L002367 | [Dev F1: 0.3728506029591433]
L002368 | [Dev Acc: 0.4075286415711948]
L002369 | 
L002370-L002385 | [REDACTED: batch progress and internal diagnostics]
L002386 | [Epoch 95] [Time: 2.90]
L002387 | [Train Loss: 0.7675]
L002388 | [Train F1: 0.6584194021659042]
L002389 | [Train Acc: 0.6597422581265628]
L002390 | [Dev Loss: 1.24]
L002391 | [Dev F1: 0.4239915432712512]
L002392 | [Dev Acc: 0.4288052373158756]
L002393 | 
L002394-L002409 | [REDACTED: batch progress and internal diagnostics]
L002410 | [Epoch 96] [Time: 2.85]
L002411 | [Train Loss: 0.7665]
L002412 | [Train F1: 0.6651400601457618]
L002413 | [Train Acc: 0.6639738411232929]
L002414 | [Dev Loss: 1.3567]
L002415 | [Dev F1: 0.44408421275174803]
L002416 | [Dev Acc: 0.4746317512274959]
L002417 | 
L002418-L002433 | [REDACTED: batch progress and internal diagnostics]
L002434 | [Epoch 97] [Time: 2.94]
L002435 | [Train Loss: 0.763]
L002436 | [Train F1: 0.657997214204034]
L002437 | [Train Acc: 0.6601269474899019]
L002438 | [Dev Loss: 1.2992]
L002439 | [Dev F1: 0.4434816399925153]
L002440 | [Dev Acc: 0.45171849427168576]
L002441 | 
L002442-L002457 | [REDACTED: batch progress and internal diagnostics]
L002458 | [Epoch 98] [Time: 2.74]
L002459 | [Train Loss: 0.756]
L002460 | [Train F1: 0.664682968321978]
L002461 | [Train Acc: 0.6639738411232929]
L002462 | [Dev Loss: 1.2373]
L002463 | [Dev F1: 0.4544730531491207]
L002464 | [Dev Acc: 0.4877250409165303]
L002465 | 
L002466-L002481 | [REDACTED: batch progress and internal diagnostics]
L002482 | [Epoch 99] [Time: 2.75]
L002483 | [Train Loss: 0.7552]
L002484 | [Train F1: 0.6434631987522307]
L002485 | [Train Acc: 0.6472398538180419]
L002486 | [Dev Loss: 1.3864]
L002487 | [Dev F1: 0.3990910113431331]
L002488 | [Dev Acc: 0.4206219312602291]
L002489 | 
L002490-L002505 | [REDACTED: batch progress and internal diagnostics]
L002506 | [Epoch 100] [Time: 2.91]
L002507 | [Train Loss: 0.754]
L002508 | [Train F1: 0.6652702223071258]
L002509 | [Train Acc: 0.6639738411232929]
L002510 | [Dev Loss: 1.2636]
L002511 | [Dev F1: 0.4107960265318714]
L002512 | [Dev Acc: 0.4402618657937807]
L002513 | 
L002514-L002529 | [REDACTED: batch progress and internal diagnostics]
L002530 | [Epoch 101] [Time: 2.73]
L002531 | [Train Loss: 0.7421]
L002532 | [Train F1: 0.6637346713530222]
L002533 | [Train Acc: 0.6670513560300058]
L002534 | [Dev Loss: 1.2137]
L002535 | [Dev F1: 0.41607454551088036]
L002536 | [Dev Acc: 0.43044189852700493]
L002537 | 
L002538-L002553 | [REDACTED: batch progress and internal diagnostics]
L002554 | [Epoch 102] [Time: 2.62]
L002555 | [Train Loss: 0.7513]
L002556 | [Train F1: 0.6581325457997101]
L002557 | [Train Acc: 0.6593575687632237]
L002558 | [Dev Loss: 1.3716]
L002559 | [Dev F1: 0.4106379742716638]
L002560 | [Dev Acc: 0.4353518821603928]
L002561 | 
L002562-L002577 | [REDACTED: batch progress and internal diagnostics]
L002578 | [Epoch 103] [Time: 2.72]
L002579 | [Train Loss: 0.7542]
L002580 | [Train F1: 0.6596482041472946]
L002581 | [Train Acc: 0.660511636853241]
L002582 | [Dev Loss: 1.2576]
L002583 | [Dev F1: 0.4293584288044774]
L002584 | [Dev Acc: 0.4369885433715221]
L002585 | 
L002586-L002601 | [REDACTED: batch progress and internal diagnostics]
L002602 | [Epoch 104] [Time: 2.79]
L002603 | [Train Loss: 0.7624]
L002604 | [Train F1: 0.6559669299503545]
L002605 | [Train Acc: 0.6580111559915368]
L002606 | [Dev Loss: 1.3217]
L002607 | [Dev F1: 0.40374292240352916]
L002608 | [Dev Acc: 0.4320785597381342]
L002609 | 
L002610-L002625 | [REDACTED: batch progress and internal diagnostics]
L002626 | [Epoch 105] [Time: 2.71]
L002627 | [Train Loss: 0.7525]
L002628 | [Train F1: 0.6675346127740122]
L002629 | [Train Acc: 0.667820734756684]
L002630 | [Dev Loss: 1.2685]
L002631 | [Dev F1: 0.408101261254037]
L002632 | [Dev Acc: 0.43044189852700493]
L002633 | 
L002634-L002649 | [REDACTED: batch progress and internal diagnostics]
L002650 | [Epoch 106] [Time: 2.67]
L002651 | [Train Loss: 0.7471]
L002652 | [Train F1: 0.6639759716855091]
L002653 | [Train Acc: 0.6639738411232929]
L002654 | [Dev Loss: 1.2756]
L002655 | [Dev F1: 0.4248599306836963]
L002656 | [Dev Acc: 0.4337152209492635]
L002657 | 
L002658-L002673 | [REDACTED: batch progress and internal diagnostics]
L002674 | [Epoch 107] [Time: 2.79]
L002675 | [Train Loss: 0.7506]
L002676 | [Train F1: 0.6702499534320278]
L002677 | [Train Acc: 0.6714752837084055]
L002678 | [Dev Loss: 1.3228]
L002679 | [Dev F1: 0.42929795119574604]
L002680 | [Dev Acc: 0.4533551554828151]
L002681 | 
L002682-L002697 | [REDACTED: batch progress and internal diagnostics]
L002698 | [Epoch 108] [Time: 2.66]
L002699 | [Train Loss: 0.7475]
L002700 | [Train F1: 0.6653271898687103]
L002701 | [Train Acc: 0.6664743219849971]
L002702 | [Dev Loss: 1.2542]
L002703 | [Dev F1: 0.4531596951898193]
L002704 | [Dev Acc: 0.47299509001636664]
L002705 | 
L002706-L002721 | [REDACTED: batch progress and internal diagnostics]
L002722 | [Epoch 109] [Time: 2.82]
L002723 | [Train Loss: 0.7439]
L002724 | [Train F1: 0.6684683478588276]
L002725 | [Train Acc: 0.6687824581650318]
L002726 | [Dev Loss: 1.3009]
L002727 | [Dev F1: 0.41891412416822216]
L002728 | [Dev Acc: 0.4369885433715221]
L002729 | 
L002730-L002745 | [REDACTED: batch progress and internal diagnostics]
L002746 | [Epoch 110] [Time: 2.70]
L002747 | [Train Loss: 0.7358]
L002748 | [Train F1: 0.667841039161488]
L002749 | [Train Acc: 0.6683977688016927]
L002750 | [Dev Loss: 1.3175]
L002751 | [Dev F1: 0.43162194702676954]
L002752 | [Dev Acc: 0.46481178396072015]
L002753 | 
L002754-L002769 | [REDACTED: batch progress and internal diagnostics]
L002770 | [Epoch 111] [Time: 2.76]
L002771 | [Train Loss: 0.7496]
L002772 | [Train F1: 0.6650930823332702]
L002773 | [Train Acc: 0.6664743219849971]
L002774 | [Dev Loss: 1.2999]
L002775 | [Dev F1: 0.44319484504845996]
L002776 | [Dev Acc: 0.4500818330605565]
L002777 | 
L002778-L002793 | [REDACTED: batch progress and internal diagnostics]
L002794 | [Epoch 112] [Time: 2.75]
L002795 | [Train Loss: 0.7305]
L002796 | [Train F1: 0.6706304087114892]
L002797 | [Train Acc: 0.673398730525101]
L002798 | [Dev Loss: 1.3704]
L002799 | [Dev F1: 0.38981813597153026]
L002800 | [Dev Acc: 0.4337152209492635]
L002801 | 
L002802-L002817 | [REDACTED: batch progress and internal diagnostics]
L002818 | [Epoch 113] [Time: 2.60]
L002819 | [Train Loss: 0.7388]
L002820 | [Train F1: 0.6661754246724223]
L002821 | [Train Acc: 0.6680130794383535]
L002822 | [Dev Loss: 1.2674]
L002823 | [Dev F1: 0.39889224331463685]
L002824 | [Dev Acc: 0.4337152209492635]
L002825 | 
L002826-L002841 | [REDACTED: batch progress and internal diagnostics]
L002842 | [Epoch 114] [Time: 2.75]
L002843 | [Train Loss: 0.7302]
L002844 | [Train F1: 0.6724426547234017]
L002845 | [Train Acc: 0.6718599730717446]
L002846 | [Dev Loss: 1.3006]
L002847 | [Dev F1: 0.4385960031730458]
L002848 | [Dev Acc: 0.45990180032733224]
L002849 | 
L002850-L002865 | [REDACTED: batch progress and internal diagnostics]
L002866 | [Epoch 115] [Time: 2.58]
L002867 | [Train Loss: 0.7274]
L002868 | [Train F1: 0.6712541999772241]
L002869 | [Train Acc: 0.6722446624350836]
L002870 | [Dev Loss: 1.3403]
L002871 | [Dev F1: 0.4096390862816886]
L002872 | [Dev Acc: 0.45171849427168576]
L002873 | 
L002874-L002889 | [REDACTED: batch progress and internal diagnostics]
L002890 | [Epoch 116] [Time: 2.70]
L002891 | [Train Loss: 0.7323]
L002892 | [Train F1: 0.6697823859530674]
L002893 | [Train Acc: 0.6712829390267359]
L002894 | [Dev Loss: 1.3554]
L002895 | [Dev F1: 0.4004279343869985]
L002896 | [Dev Acc: 0.4157119476268412]
L002897 | 
L002898-L002913 | [REDACTED: batch progress and internal diagnostics]
L002914 | [Epoch 117] [Time: 2.84]
L002915 | [Train Loss: 0.7445]
L002916 | [Train F1: 0.6683203514183966]
L002917 | [Train Acc: 0.6701288709367186]
L002918 | [Dev Loss: 1.3256]
L002919 | [Dev F1: 0.3900632258321419]
L002920 | [Dev Acc: 0.4402618657937807]
L002921 | Early stopping at epoch: 117
L002922 | Last model
L002923 |               precision    recall  f1-score   support
L002924 | 
L002925 |          hap     0.4923    0.4444    0.4672       144
L002926 |          sad     0.7950    0.5224    0.6305       245
L002927 |          neu     0.5292    0.4479    0.4852       384
L002928 |          ang     0.5987    0.5353    0.5652       170
L002929 |          exc     0.7039    0.7793    0.7397       299
L002930 |          fru     0.4561    0.6273    0.5282       381
L002931 | 
L002932 |     accuracy                         0.5712      1623
L002933 |    macro avg     0.5959    0.5594    0.5693      1623
L002934 | weighted avg     0.5884    0.5712    0.5709      1623
L002935 | 
L002936 | Best model at epoch: 77
L002937 | Best dev F1: 0.4627436068284553
L002938 |               precision    recall  f1-score   support
L002939 | 
L002940 |          hap     0.5229    0.3958    0.4506       144
L002941 |          sad     0.7887    0.6245    0.6970       245
L002942 |          neu     0.5368    0.6458    0.5863       384
L002943 |          ang     0.6403    0.5235    0.5761       170
L002944 |          exc     0.6883    0.8495    0.7605       299
L002945 |          fru     0.5286    0.4856    0.5062       381
L002946 | 
L002947 |     accuracy                         0.6075      1623
L002948 |    macro avg     0.6176    0.5875    0.5961      1623
L002949 | weighted avg     0.6104    0.6075    0.6032      1623
L002950 | 
L002951 | Best test F1: 0.6031744104111152
L002952 | Best test Acc: 0.607516943930992
L002953 | [SANITIZED] Saved checkpoint: [path and filename removed]
