# Redacted copy of an existing run log.
# run_id: G04-seed5
# dataset: IEMOCAP
# model: GCNet+AMBER
# imr: (0.5,0.7,0.3)
# seed_alias: seed5
# original_log_sha256: e8ee27ae60ab9edb6ea5a8111d5ebdb58aa8a67c3e16d71b4947fc0e5726c28a
# source_record_status: ok
# source_record_process_return_code: 3221226505
# L numbers refer to source logical lines; REDACTED/SANITIZED text is editorial.
L000001-L000005 | [REDACTED: configuration or implementation details]
L000006 | [SANITIZED] FutureWarning: [dependency deprecation notice; implementation details removed]
L000007-L000068 | [REDACTED: configuration or implementation details]
L000069 | [SANITIZED] Seed alias: seed5
L000070 | [REDACTED: configuration or implementation details]
L000071 | 
L000072-L000073 | [REDACTED: batch progress and internal diagnostics]
L000074 | 
L000075-L000076 | [REDACTED: batch progress and internal diagnostics]
L000077 | 
L000078-L000079 | [REDACTED: batch progress and internal diagnostics]
L000080-L000083 | [REDACTED: configuration or implementation details]
L000084 | [SANITIZED] Seed alias: seed5
L000085-L000088 | [REDACTED: configuration or implementation details]
L000089 | 
L000090-L000105 | [REDACTED: batch progress and internal diagnostics]
L000106 | [Epoch 0] [Time: 3.15]
L000107 | [Train Loss: 1.7246]
L000108 | [Train F1: 0.22058338973537692]
L000109 | [Train Acc: 0.3079438353529525]
L000110 | [Dev Loss: 1.6746]
L000111 | [Dev F1: 0.16032419242389032]
L000112 | [Dev Acc: 0.28805237315875615]
L000113 | 
L000114-L000129 | [REDACTED: batch progress and internal diagnostics]
L000130 | [Epoch 1] [Time: 2.77]
L000131 | [Train Loss: 1.5252]
L000132 | [Train F1: 0.3324887612799484]
L000133 | [Train Acc: 0.3991152144643201]
L000134 | [Dev Loss: 1.6021]
L000135 | [Dev F1: 0.24832187265145442]
L000136 | [Dev Acc: 0.36661211129296234]
L000137 | 
L000138-L000153 | [REDACTED: batch progress and internal diagnostics]
L000154 | [Epoch 2] [Time: 2.88]
L000155 | [Train Loss: 1.3577]
L000156 | [Train F1: 0.3854252378513072]
L000157 | [Train Acc: 0.4710521254087324]
L000158 | [Dev Loss: 1.5235]
L000159 | [Dev F1: 0.31821743206847364]
L000160 | [Dev Acc: 0.36333878887070375]
L000161 | 
L000162-L000177 | [REDACTED: batch progress and internal diagnostics]
L000178 | [Epoch 3] [Time: 2.84]
L000179 | [Train Loss: 1.261]
L000180 | [Train F1: 0.4404806714058801]
L000181 | [Train Acc: 0.4899019042123485]
L000182 | [Dev Loss: 1.4286]
L000183 | [Dev F1: 0.27418768897345885]
L000184 | [Dev Acc: 0.3878887070376432]
L000185 | 
L000186-L000201 | [REDACTED: batch progress and internal diagnostics]
L000202 | [Epoch 4] [Time: 2.76]
L000203 | [Train Loss: 1.1911]
L000204 | [Train F1: 0.4846355842445146]
L000205 | [Train Acc: 0.5204847085978073]
L000206 | [Dev Loss: 1.5332]
L000207 | [Dev F1: 0.2885748361104818]
L000208 | [Dev Acc: 0.3191489361702128]
L000209 | 
L000210-L000225 | [REDACTED: batch progress and internal diagnostics]
L000226 | [Epoch 5] [Time: 2.80]
L000227 | [Train Loss: 1.166]
L000228 | [Train F1: 0.4770340956881675]
L000229 | [Train Acc: 0.5191382958261204]
L000230 | [Dev Loss: 1.4051]
L000231 | [Dev F1: 0.30553794986324717]
L000232 | [Dev Acc: 0.3698854337152209]
L000233 | 
L000234-L000249 | [REDACTED: batch progress and internal diagnostics]
L000250 | [Epoch 6] [Time: 2.76]
L000251 | [Train Loss: 1.1145]
L000252 | [Train F1: 0.5192417469907196]
L000253 | [Train Acc: 0.5410655895364493]
L000254 | [Dev Loss: 1.5063]
L000255 | [Dev F1: 0.2800780783514499]
L000256 | [Dev Acc: 0.33387888707037644]
L000257 | 
L000258-L000273 | [REDACTED: batch progress and internal diagnostics]
L000274 | [Epoch 7] [Time: 2.77]
L000275 | [Train Loss: 1.1178]
L000276 | [Train F1: 0.5034947486754838]
L000277 | [Train Acc: 0.5370263512213888]
L000278 | [Dev Loss: 1.3505]
L000279 | [Dev F1: 0.3398029607316635]
L000280 | [Dev Acc: 0.40589198036006546]
L000281 | 
L000282-L000297 | [REDACTED: batch progress and internal diagnostics]
L000298 | [Epoch 8] [Time: 2.80]
L000299 | [Train Loss: 1.0984]
L000300 | [Train F1: 0.5431501245671322]
L000301 | [Train Acc: 0.54933641084824]
L000302 | [Dev Loss: 1.417]
L000303 | [Dev F1: 0.28512133925982613]
L000304 | [Dev Acc: 0.33387888707037644]
L000305 | 
L000306-L000321 | [REDACTED: batch progress and internal diagnostics]
L000322 | [Epoch 9] [Time: 2.77]
L000323 | [Train Loss: 1.0652]
L000324 | [Train F1: 0.5435133235893855]
L000325 | [Train Acc: 0.5610694364300827]
L000326 | [Dev Loss: 1.295]
L000327 | [Dev F1: 0.3899720586221924]
L000328 | [Dev Acc: 0.44353518821603927]
L000329 | 
L000330-L000345 | [REDACTED: batch progress and internal diagnostics]
L000346 | [Epoch 10] [Time: 2.78]
L000347 | [Train Loss: 1.0559]
L000348 | [Train F1: 0.5630057426779369]
L000349 | [Train Acc: 0.571263704558569]
L000350 | [Dev Loss: 1.3952]
L000351 | [Dev F1: 0.3403996740185329]
L000352 | [Dev Acc: 0.3567921440261866]
L000353 | 
L000354-L000369 | [REDACTED: batch progress and internal diagnostics]
L000370 | [Epoch 11] [Time: 2.74]
L000371 | [Train Loss: 1.0362]
L000372 | [Train F1: 0.5641097059992518]
L000373 | [Train Acc: 0.5729948066935949]
L000374 | [Dev Loss: 1.3567]
L000375 | [Dev F1: 0.352508777339587]
L000376 | [Dev Acc: 0.4369885433715221]
L000377 | 
L000378-L000393 | [REDACTED: batch progress and internal diagnostics]
L000394 | [Epoch 12] [Time: 2.67]
L000395 | [Train Loss: 1.0083]
L000396 | [Train F1: 0.5705161695637626]
L000397 | [Train Acc: 0.5781881130986728]
L000398 | [Dev Loss: 1.3237]
L000399 | [Dev F1: 0.3185353560058886]
L000400 | [Dev Acc: 0.41898527004909986]
L000401 | 
L000402-L000417 | [REDACTED: batch progress and internal diagnostics]
L000418 | [Epoch 13] [Time: 2.71]
L000419 | [Train Loss: 0.997]
L000420 | [Train F1: 0.5771020997950999]
L000421 | [Train Acc: 0.5872283131371417]
L000422 | [Dev Loss: 1.3195]
L000423 | [Dev F1: 0.35571674308972606]
L000424 | [Dev Acc: 0.3878887070376432]
L000425 | 
L000426-L000441 | [REDACTED: batch progress and internal diagnostics]
L000442 | [Epoch 14] [Time: 2.63]
L000443 | [Train Loss: 0.9958]
L000444 | [Train F1: 0.5824841121438059]
L000445 | [Train Acc: 0.5908828620888632]
L000446 | [Dev Loss: 1.3313]
L000447 | [Dev F1: 0.3589713010156301]
L000448 | [Dev Acc: 0.40589198036006546]
L000449 | 
L000450-L000465 | [REDACTED: batch progress and internal diagnostics]
L000466 | [Epoch 15] [Time: 2.93]
L000467 | [Train Loss: 0.977]
L000468 | [Train F1: 0.5850700077555088]
L000469 | [Train Acc: 0.5945374110405848]
L000470 | [Dev Loss: 1.2911]
L000471 | [Dev F1: 0.35284968303154907]
L000472 | [Dev Acc: 0.41898527004909986]
L000473 | 
L000474-L000489 | [REDACTED: batch progress and internal diagnostics]
L000490 | [Epoch 16] [Time: 2.82]
L000491 | [Train Loss: 0.9783]
L000492 | [Train F1: 0.5799887764571799]
L000493 | [Train Acc: 0.5841507982304289]
L000494 | [Dev Loss: 1.3482]
L000495 | [Dev F1: 0.33070603789435093]
L000496 | [Dev Acc: 0.38461538461538464]
L000497 | 
L000498-L000513 | [REDACTED: batch progress and internal diagnostics]
L000514 | [Epoch 17] [Time: 2.56]
L000515 | [Train Loss: 0.9792]
L000516 | [Train F1: 0.5851391641120957]
L000517 | [Train Acc: 0.5924216195422196]
L000518 | [Dev Loss: 1.3232]
L000519 | [Dev F1: 0.31208478671833056]
L000520 | [Dev Acc: 0.3960720130932897]
L000521 | 
L000522-L000537 | [REDACTED: batch progress and internal diagnostics]
L000538 | [Epoch 18] [Time: 2.76]
L000539 | [Train Loss: 0.9649]
L000540 | [Train F1: 0.5861037588949699]
L000541 | [Train Acc: 0.593575687632237]
L000542 | [Dev Loss: 1.291]
L000543 | [Dev F1: 0.3396892143512822]
L000544 | [Dev Acc: 0.35842880523731585]
L000545 | 
L000546-L000561 | [REDACTED: batch progress and internal diagnostics]
L000562 | [Epoch 19] [Time: 2.75]
L000563 | [Train Loss: 0.9493]
L000564 | [Train F1: 0.5855869186886]
L000565 | [Train Acc: 0.5941527216772456]
L000566 | [Dev Loss: 1.303]
L000567 | [Dev F1: 0.35366931174782507]
L000568 | [Dev Acc: 0.40098199672667756]
L000569 | 
L000570-L000585 | [REDACTED: batch progress and internal diagnostics]
L000586 | [Epoch 20] [Time: 2.81]
L000587 | [Train Loss: 0.9718]
L000588 | [Train F1: 0.5852231968437493]
L000589 | [Train Acc: 0.5962685131756107]
L000590 | [Dev Loss: 1.4504]
L000591 | [Dev F1: 0.32126087941293124]
L000592 | [Dev Acc: 0.3649754500818331]
L000593 | 
L000594-L000609 | [REDACTED: batch progress and internal diagnostics]
L000610 | [Epoch 21] [Time: 2.71]
L000611 | [Train Loss: 0.9956]
L000612 | [Train F1: 0.5609336087724154]
L000613 | [Train Acc: 0.5608770917484132]
L000614 | [Dev Loss: 1.2728]
L000615 | [Dev F1: 0.38969391697433076]
L000616 | [Dev Acc: 0.469721767594108]
L000617 | 
L000618-L000633 | [REDACTED: batch progress and internal diagnostics]
L000634 | [Epoch 22] [Time: 2.70]
L000635 | [Train Loss: 0.9538]
L000636 | [Train F1: 0.5855749728176958]
L000637 | [Train Acc: 0.5954991344489324]
L000638 | [Dev Loss: 1.4009]
L000639 | [Dev F1: 0.2989519162125991]
L000640 | [Dev Acc: 0.36006546644844517]
L000641 | 
L000642-L000657 | [REDACTED: batch progress and internal diagnostics]
L000658 | [Epoch 23] [Time: 2.74]
L000659 | [Train Loss: 0.9384]
L000660 | [Train F1: 0.5952686754003849]
L000661 | [Train Acc: 0.6018465089440277]
L000662 | [Dev Loss: 1.3017]
L000663 | [Dev F1: 0.3507292676997434]
L000664 | [Dev Acc: 0.37643207855973815]
L000665 | 
L000666-L000681 | [REDACTED: batch progress and internal diagnostics]
L000682 | [Epoch 24] [Time: 2.84]
L000683 | [Train Loss: 0.933]
L000684 | [Train F1: 0.6017874966400455]
L000685 | [Train Acc: 0.6070398153491056]
L000686 | [Dev Loss: 1.3003]
L000687 | [Dev F1: 0.38328510417708234]
L000688 | [Dev Acc: 0.4157119476268412]
L000689 | 
L000690-L000705 | [REDACTED: batch progress and internal diagnostics]
L000706 | [Epoch 25] [Time: 2.82]
L000707 | [Train Loss: 0.9268]
L000708 | [Train F1: 0.5959891241463205]
L000709 | [Train Acc: 0.6024235429890363]
L000710 | [Dev Loss: 1.3043]
L000711 | [Dev F1: 0.37834373613336447]
L000712 | [Dev Acc: 0.44353518821603927]
L000713 | 
L000714-L000729 | [REDACTED: batch progress and internal diagnostics]
L000730 | [Epoch 26] [Time: 2.68]
L000731 | [Train Loss: 0.9118]
L000732 | [Train F1: 0.6022920096879707]
L000733 | [Train Acc: 0.6091556068474707]
L000734 | [Dev Loss: 1.2825]
L000735 | [Dev F1: 0.34780283034860343]
L000736 | [Dev Acc: 0.41080196399345337]
L000737 | 
L000738-L000753 | [REDACTED: batch progress and internal diagnostics]
L000754 | [Epoch 27] [Time: 2.90]
L000755 | [Train Loss: 0.9057]
L000756 | [Train F1: 0.6002275866066734]
L000757 | [Train Acc: 0.6087709174841316]
L000758 | [Dev Loss: 1.3693]
L000759 | [Dev F1: 0.3490544670148146]
L000760 | [Dev Acc: 0.39279869067103107]
L000761 | 
L000762-L000777 | [REDACTED: batch progress and internal diagnostics]
L000778 | [Epoch 28] [Time: 2.70]
L000779 | [Train Loss: 0.9149]
L000780 | [Train F1: 0.5990650614706111]
L000781 | [Train Acc: 0.6045393344874014]
L000782 | [Dev Loss: 1.2973]
L000783 | [Dev F1: 0.3596304471609762]
L000784 | [Dev Acc: 0.41734860883797054]
L000785 | 
L000786-L000801 | [REDACTED: batch progress and internal diagnostics]
L000802 | [Epoch 29] [Time: 2.85]
L000803 | [Train Loss: 0.9179]
L000804 | [Train F1: 0.5998613664208242]
L000805 | [Train Acc: 0.6062704366224274]
L000806 | [Dev Loss: 1.2752]
L000807 | [Dev F1: 0.39436807850770467]
L000808 | [Dev Acc: 0.4238952536824877]
L000809 | 
L000810-L000825 | [REDACTED: batch progress and internal diagnostics]
L000826 | [Epoch 30] [Time: 2.80]
L000827 | [Train Loss: 0.9201]
L000828 | [Train F1: 0.6048837767378237]
L000829 | [Train Acc: 0.6110790536641661]
L000830 | [Dev Loss: 1.34]
L000831 | [Dev F1: 0.3414516112162785]
L000832 | [Dev Acc: 0.38461538461538464]
L000833 | 
L000834-L000849 | [REDACTED: batch progress and internal diagnostics]
L000850 | [Epoch 31] [Time: 2.70]
L000851 | [Train Loss: 0.921]
L000852 | [Train F1: 0.5973763950270642]
L000853 | [Train Acc: 0.6016541642623582]
L000854 | [Dev Loss: 1.2671]
L000855 | [Dev F1: 0.3871660589182655]
L000856 | [Dev Acc: 0.42716857610474634]
L000857 | 
L000858-L000873 | [REDACTED: batch progress and internal diagnostics]
L000874 | [Epoch 32] [Time: 2.82]
L000875 | [Train Loss: 0.9052]
L000876 | [Train F1: 0.607899122196931]
L000877 | [Train Acc: 0.6145412579342181]
L000878 | [Dev Loss: 1.3292]
L000879 | [Dev F1: 0.352130950022847]
L000880 | [Dev Acc: 0.3960720130932897]
L000881 | 
L000882-L000897 | [REDACTED: batch progress and internal diagnostics]
L000898 | [Epoch 33] [Time: 2.91]
L000899 | [Train Loss: 0.8982]
L000900 | [Train F1: 0.6077743695564535]
L000901 | [Train Acc: 0.6122331217541835]
L000902 | [Dev Loss: 1.2568]
L000903 | [Dev F1: 0.42750722306627426]
L000904 | [Dev Acc: 0.4386252045826514]
L000905 | 
L000906-L000921 | [REDACTED: batch progress and internal diagnostics]
L000922 | [Epoch 34] [Time: 3.24]
L000923 | [Train Loss: 0.8913]
L000924 | [Train F1: 0.6156143325414827]
L000925 | [Train Acc: 0.6206962877476437]
L000926 | [Dev Loss: 1.3119]
L000927 | [Dev F1: 0.3431597165930815]
L000928 | [Dev Acc: 0.40425531914893614]
L000929 | 
L000930-L000945 | [REDACTED: batch progress and internal diagnostics]
L000946 | [Epoch 35] [Time: 3.07]
L000947 | [Train Loss: 0.8949]
L000948 | [Train F1: 0.6165633465295922]
L000949 | [Train Acc: 0.6210809771109829]
L000950 | [Dev Loss: 1.3208]
L000951 | [Dev F1: 0.35601967329147094]
L000952 | [Dev Acc: 0.397708674304419]
L000953 | 
L000954-L000969 | [REDACTED: batch progress and internal diagnostics]
L000970 | [Epoch 36] [Time: 2.79]
L000971 | [Train Loss: 0.8854]
L000972 | [Train F1: 0.6189158258877111]
L000973 | [Train Acc: 0.6224273898826698]
L000974 | [Dev Loss: 1.2597]
L000975 | [Dev F1: 0.41359706396312973]
L000976 | [Dev Acc: 0.44844517184942717]
L000977 | 
L000978-L000993 | [REDACTED: batch progress and internal diagnostics]
L000994 | [Epoch 37] [Time: 2.76]
L000995 | [Train Loss: 0.8827]
L000996 | [Train F1: 0.6028618710942963]
L000997 | [Train Acc: 0.6072321600307752]
L000998 | [Dev Loss: 1.2433]
L000999 | [Dev F1: 0.40057596229881826]
L001000 | [Dev Acc: 0.42716857610474634]
L001001 | 
L001002-L001017 | [REDACTED: batch progress and internal diagnostics]
L001018 | [Epoch 38] [Time: 2.77]
L001019 | [Train Loss: 0.8833]
L001020 | [Train F1: 0.6155924461647407]
L001021 | [Train Acc: 0.6216580111559915]
L001022 | [Dev Loss: 1.3069]
L001023 | [Dev F1: 0.3577282616736988]
L001024 | [Dev Acc: 0.41898527004909986]
L001025 | 
L001026-L001041 | [REDACTED: batch progress and internal diagnostics]
L001042 | [Epoch 39] [Time: 2.81]
L001043 | [Train Loss: 0.8794]
L001044 | [Train F1: 0.6134843889318784]
L001045 | [Train Acc: 0.6195422196576265]
L001046 | [Dev Loss: 1.3093]
L001047 | [Dev F1: 0.37310744367704823]
L001048 | [Dev Acc: 0.40425531914893614]
L001049 | 
L001050-L001065 | [REDACTED: batch progress and internal diagnostics]
L001066 | [Epoch 40] [Time: 2.86]
L001067 | [Train Loss: 0.8742]
L001068 | [Train F1: 0.6201390399567914]
L001069 | [Train Acc: 0.6224273898826698]
L001070 | [Dev Loss: 1.3372]
L001071 | [Dev F1: 0.372895988932261]
L001072 | [Dev Acc: 0.4288052373158756]
L001073 | 
L001074-L001089 | [REDACTED: batch progress and internal diagnostics]
L001090 | [Epoch 41] [Time: 2.73]
L001091 | [Train Loss: 0.8715]
L001092 | [Train F1: 0.6199565089366318]
L001093 | [Train Acc: 0.6237738026543566]
L001094 | [Dev Loss: 1.2483]
L001095 | [Dev F1: 0.4049476725247073]
L001096 | [Dev Acc: 0.4206219312602291]
L001097 | 
L001098-L001113 | [REDACTED: batch progress and internal diagnostics]
L001114 | [Epoch 42] [Time: 2.80]
L001115 | [Train Loss: 0.8822]
L001116 | [Train F1: 0.6204548220252152]
L001117 | [Train Acc: 0.624927870744374]
L001118 | [Dev Loss: 1.3223]
L001119 | [Dev F1: 0.36519082211610376]
L001120 | [Dev Acc: 0.44844517184942717]
L001121 | 
L001122-L001137 | [REDACTED: batch progress and internal diagnostics]
L001138 | [Epoch 43] [Time: 2.95]
L001139 | [Train Loss: 0.89]
L001140 | [Train F1: 0.6115447653299994]
L001141 | [Train Acc: 0.614156568570879]
L001142 | [Dev Loss: 1.2085]
L001143 | [Dev F1: 0.43582121114387945]
L001144 | [Dev Acc: 0.4320785597381342]
L001145 | 
L001146-L001161 | [REDACTED: batch progress and internal diagnostics]
L001162 | [Epoch 44] [Time: 2.80]
L001163 | [Train Loss: 0.8725]
L001164 | [Train F1: 0.6231456717009813]
L001165 | [Train Acc: 0.6280053856510868]
L001166 | [Dev Loss: 1.2984]
L001167 | [Dev F1: 0.3969396077596767]
L001168 | [Dev Acc: 0.46317512274959083]
L001169 | 
L001170-L001185 | [REDACTED: batch progress and internal diagnostics]
L001186 | [Epoch 45] [Time: 2.69]
L001187 | [Train Loss: 0.8631]
L001188 | [Train F1: 0.6196269973176227]
L001189 | [Train Acc: 0.6262742835160607]
L001190 | [Dev Loss: 1.1837]
L001191 | [Dev F1: 0.44521938398182814]
L001192 | [Dev Acc: 0.46481178396072015]
L001193 | 
L001194-L001209 | [REDACTED: batch progress and internal diagnostics]
L001210 | [Epoch 46] [Time: 2.82]
L001211 | [Train Loss: 0.8454]
L001212 | [Train F1: 0.6333984483371282]
L001213 | [Train Acc: 0.638199653779573]
L001214 | [Dev Loss: 1.2975]
L001215 | [Dev F1: 0.40123504010212574]
L001216 | [Dev Acc: 0.4369885433715221]
L001217 | 
L001218-L001233 | [REDACTED: batch progress and internal diagnostics]
L001234 | [Epoch 47] [Time: 2.78]
L001235 | [Train Loss: 0.8409]
L001236 | [Train F1: 0.6394330076495882]
L001237 | [Train Acc: 0.6408924793229467]
L001238 | [Dev Loss: 1.2771]
L001239 | [Dev F1: 0.40974698476896637]
L001240 | [Dev Acc: 0.4402618657937807]
L001241 | 
L001242-L001257 | [REDACTED: batch progress and internal diagnostics]
L001258 | [Epoch 48] [Time: 2.64]
L001259 | [Train Loss: 0.831]
L001260 | [Train F1: 0.6358286507347823]
L001261 | [Train Acc: 0.6385843431429121]
L001262 | [Dev Loss: 1.2316]
L001263 | [Dev F1: 0.4219941954928426]
L001264 | [Dev Acc: 0.45171849427168576]
L001265 | 
L001266-L001281 | [REDACTED: batch progress and internal diagnostics]
L001282 | [Epoch 49] [Time: 2.92]
L001283 | [Train Loss: 0.8258]
L001284 | [Train F1: 0.6382007134343572]
L001285 | [Train Acc: 0.6428159261396422]
L001286 | [Dev Loss: 1.2675]
L001287 | [Dev F1: 0.4020327672491155]
L001288 | [Dev Acc: 0.43044189852700493]
L001289 | 
L001290-L001305 | [REDACTED: batch progress and internal diagnostics]
L001306 | [Epoch 50] [Time: 2.69]
L001307 | [Train Loss: 0.8313]
L001308 | [Train F1: 0.6291476067106477]
L001309 | [Train Acc: 0.6330063473744951]
L001310 | [Dev Loss: 1.228]
L001311 | [Dev F1: 0.41713444599609095]
L001312 | [Dev Acc: 0.45662847790507366]
L001313 | 
L001314-L001329 | [REDACTED: batch progress and internal diagnostics]
L001330 | [Epoch 51] [Time: 2.95]
L001331 | [Train Loss: 0.8205]
L001332 | [Train F1: 0.6396932805305404]
L001333 | [Train Acc: 0.6418542027312945]
L001334 | [Dev Loss: 1.2702]
L001335 | [Dev F1: 0.41075541451164443]
L001336 | [Dev Acc: 0.4500818330605565]
L001337 | 
L001338-L001353 | [REDACTED: batch progress and internal diagnostics]
L001354 | [Epoch 52] [Time: 2.87]
L001355 | [Train Loss: 0.82]
L001356 | [Train F1: 0.6459861518377995]
L001357 | [Train Acc: 0.6480092325447201]
L001358 | [Dev Loss: 1.3067]
L001359 | [Dev F1: 0.3777384444366417]
L001360 | [Dev Acc: 0.4288052373158756]
L001361 | 
L001362-L001377 | [REDACTED: batch progress and internal diagnostics]
L001378 | [Epoch 53] [Time: 2.71]
L001379 | [Train Loss: 0.8183]
L001380 | [Train F1: 0.6372332236183482]
L001381 | [Train Acc: 0.6401231005962685]
L001382 | [Dev Loss: 1.2263]
L001383 | [Dev F1: 0.4330060921995452]
L001384 | [Dev Acc: 0.45990180032733224]
L001385 | 
L001386-L001401 | [REDACTED: batch progress and internal diagnostics]
L001402 | [Epoch 54] [Time: 2.88]
L001403 | [Train Loss: 0.8132]
L001404 | [Train F1: 0.6427411410199702]
L001405 | [Train Acc: 0.6472398538180419]
L001406 | [Dev Loss: 1.202]
L001407 | [Dev F1: 0.4234388428338448]
L001408 | [Dev Acc: 0.44189852700491]
L001409 | 
L001410-L001425 | [REDACTED: batch progress and internal diagnostics]
L001426 | [Epoch 55] [Time: 2.80]
L001427 | [Train Loss: 0.8022]
L001428 | [Train F1: 0.6428987373143912]
L001429 | [Train Acc: 0.6455087516830159]
L001430 | [Dev Loss: 1.2146]
L001431 | [Dev F1: 0.45027135766391074]
L001432 | [Dev Acc: 0.4746317512274959]
L001433 | 
L001434-L001449 | [REDACTED: batch progress and internal diagnostics]
L001450 | [Epoch 56] [Time: 2.79]
L001451 | [Train Loss: 0.827]
L001452 | [Train F1: 0.646659346817266]
L001453 | [Train Acc: 0.6483939219080592]
L001454 | [Dev Loss: 1.2796]
L001455 | [Dev F1: 0.3944417503380293]
L001456 | [Dev Acc: 0.4026186579378069]
L001457 | 
L001458-L001473 | [REDACTED: batch progress and internal diagnostics]
L001474 | [Epoch 57] [Time: 2.96]
L001475 | [Train Loss: 0.805]
L001476 | [Train F1: 0.6415654648237895]
L001477 | [Train Acc: 0.6426235814579727]
L001478 | [Dev Loss: 1.2784]
L001479 | [Dev F1: 0.411844064707684]
L001480 | [Dev Acc: 0.44189852700491]
L001481 | 
L001482-L001497 | [REDACTED: batch progress and internal diagnostics]
L001498 | [Epoch 58] [Time: 2.74]
L001499 | [Train Loss: 0.8039]
L001500 | [Train F1: 0.6482253707467739]
L001501 | [Train Acc: 0.6497403346797461]
L001502 | [Dev Loss: 1.1888]
L001503 | [Dev F1: 0.447037212363626]
L001504 | [Dev Acc: 0.45990180032733224]
L001505 | 
L001506-L001521 | [REDACTED: batch progress and internal diagnostics]
L001522 | [Epoch 59] [Time: 2.85]
L001523 | [Train Loss: 0.7993]
L001524 | [Train F1: 0.644054418853195]
L001525 | [Train Acc: 0.6472398538180419]
L001526 | [Dev Loss: 1.3703]
L001527 | [Dev F1: 0.37365504083921947]
L001528 | [Dev Acc: 0.41243862520458263]
L001529 | 
L001530-L001545 | [REDACTED: batch progress and internal diagnostics]
L001546 | [Epoch 60] [Time: 2.73]
L001547 | [Train Loss: 0.8103]
L001548 | [Train F1: 0.6371080073280501]
L001549 | [Train Acc: 0.6397384112329294]
L001550 | [Dev Loss: 1.1445]
L001551 | [Dev F1: 0.46172444927353257]
L001552 | [Dev Acc: 0.4828150572831424]
L001553 | 
L001554-L001569 | [REDACTED: batch progress and internal diagnostics]
L001570 | [Epoch 61] [Time: 2.75]
L001571 | [Train Loss: 0.8096]
L001572 | [Train F1: 0.6432392094052096]
L001573 | [Train Acc: 0.6482015772263897]
L001574 | [Dev Loss: 1.3109]
L001575 | [Dev F1: 0.371261268398081]
L001576 | [Dev Acc: 0.41080196399345337]
L001577 | 
L001578-L001593 | [REDACTED: batch progress and internal diagnostics]
L001594 | [Epoch 62] [Time: 2.79]
L001595 | [Train Loss: 0.8103]
L001596 | [Train F1: 0.6479113351890693]
L001597 | [Train Acc: 0.6495479899980765]
L001598 | [Dev Loss: 1.215]
L001599 | [Dev F1: 0.4571150760475551]
L001600 | [Dev Acc: 0.47299509001636664]
L001601 | 
L001602-L001617 | [REDACTED: batch progress and internal diagnostics]
L001618 | [Epoch 63] [Time: 2.59]
L001619 | [Train Loss: 0.8045]
L001620 | [Train F1: 0.6451810963437847]
L001621 | [Train Acc: 0.6470475091363724]
L001622 | [Dev Loss: 1.3426]
L001623 | [Dev F1: 0.418483696026861]
L001624 | [Dev Acc: 0.4238952536824877]
L001625 | 
L001626-L001641 | [REDACTED: batch progress and internal diagnostics]
L001642 | [Epoch 64] [Time: 2.79]
L001643 | [Train Loss: 0.8113]
L001644 | [Train F1: 0.6472761116823393]
L001645 | [Train Acc: 0.6468551644547028]
L001646 | [Dev Loss: 1.2166]
L001647 | [Dev F1: 0.43753407413821227]
L001648 | [Dev Acc: 0.45662847790507366]
L001649 | 
L001650-L001665 | [REDACTED: batch progress and internal diagnostics]
L001666 | [Epoch 65] [Time: 2.79]
L001667 | [Train Loss: 0.8018]
L001668 | [Train F1: 0.6420322724632903]
L001669 | [Train Acc: 0.6451240623196769]
L001670 | [Dev Loss: 1.2961]
L001671 | [Dev F1: 0.3793954334832841]
L001672 | [Dev Acc: 0.4075286415711948]
L001673 | 
L001674-L001689 | [REDACTED: batch progress and internal diagnostics]
L001690 | [Epoch 66] [Time: 2.76]
L001691 | [Train Loss: 0.8052]
L001692 | [Train F1: 0.6516731312008857]
L001693 | [Train Acc: 0.6541642623581458]
L001694 | [Dev Loss: 1.2019]
L001695 | [Dev F1: 0.4373503271853573]
L001696 | [Dev Acc: 0.4451718494271686]
L001697 | 
L001698-L001713 | [REDACTED: batch progress and internal diagnostics]
L001714 | [Epoch 67] [Time: 2.85]
L001715 | [Train Loss: 0.7921]
L001716 | [Train F1: 0.6534714478527719]
L001717 | [Train Acc: 0.6574341219465282]
L001718 | [Dev Loss: 1.3165]
L001719 | [Dev F1: 0.4018058196949004]
L001720 | [Dev Acc: 0.4337152209492635]
L001721 | 
L001722-L001737 | [REDACTED: batch progress and internal diagnostics]
L001738 | [Epoch 68] [Time: 2.88]
L001739 | [Train Loss: 0.7884]
L001740 | [Train F1: 0.6573144192004768]
L001741 | [Train Acc: 0.6591652240815541]
L001742 | [Dev Loss: 1.2793]
L001743 | [Dev F1: 0.41384689372120004]
L001744 | [Dev Acc: 0.4337152209492635]
L001745 | 
L001746-L001761 | [REDACTED: batch progress and internal diagnostics]
L001762 | [Epoch 69] [Time: 2.83]
L001763 | [Train Loss: 0.7914]
L001764 | [Train F1: 0.6437048882282909]
L001765 | [Train Acc: 0.6447393729563378]
L001766 | [Dev Loss: 1.3116]
L001767 | [Dev F1: 0.43942623173229817]
L001768 | [Dev Acc: 0.46808510638297873]
L001769 | 
L001770-L001785 | [REDACTED: batch progress and internal diagnostics]
L001786 | [Epoch 70] [Time: 2.85]
L001787 | [Train Loss: 0.796]
L001788 | [Train F1: 0.6533867515982568]
L001789 | [Train Acc: 0.6560877091748413]
L001790 | [Dev Loss: 1.303]
L001791 | [Dev F1: 0.4045826477770355]
L001792 | [Dev Acc: 0.41898527004909986]
L001793 | 
L001794-L001809 | [REDACTED: batch progress and internal diagnostics]
L001810 | [Epoch 71] [Time: 2.76]
L001811 | [Train Loss: 0.8003]
L001812 | [Train F1: 0.6457119001939942]
L001813 | [Train Acc: 0.6470475091363724]
L001814 | [Dev Loss: 1.2715]
L001815 | [Dev F1: 0.38218559743056113]
L001816 | [Dev Acc: 0.4337152209492635]
L001817 | 
L001818-L001833 | [REDACTED: batch progress and internal diagnostics]
L001834 | [Epoch 72] [Time: 2.79]
L001835 | [Train Loss: 0.7994]
L001836 | [Train F1: 0.6458846587404959]
L001837 | [Train Acc: 0.6497403346797461]
L001838 | [Dev Loss: 1.2145]
L001839 | [Dev F1: 0.43471659835947446]
L001840 | [Dev Acc: 0.4533551554828151]
L001841 | 
L001842-L001857 | [REDACTED: batch progress and internal diagnostics]
L001858 | [Epoch 73] [Time: 2.91]
L001859 | [Train Loss: 0.7824]
L001860 | [Train F1: 0.6568600100022026]
L001861 | [Train Acc: 0.6589728793998846]
L001862 | [Dev Loss: 1.2667]
L001863 | [Dev F1: 0.4585896847613585]
L001864 | [Dev Acc: 0.4713584288052373]
L001865 | 
L001866-L001881 | [REDACTED: batch progress and internal diagnostics]
L001882 | [Epoch 74] [Time: 2.72]
L001883 | [Train Loss: 0.7727]
L001884 | [Train F1: 0.6572346389677379]
L001885 | [Train Acc: 0.6583958453548759]
L001886 | [Dev Loss: 1.2563]
L001887 | [Dev F1: 0.4468738650034143]
L001888 | [Dev Acc: 0.469721767594108]
L001889 | 
L001890-L001905 | [REDACTED: batch progress and internal diagnostics]
L001906 | [Epoch 75] [Time: 2.86]
L001907 | [Train Loss: 0.7742]
L001908 | [Train F1: 0.6542619851633235]
L001909 | [Train Acc: 0.6568570879015195]
L001910 | [Dev Loss: 1.2834]
L001911 | [Dev F1: 0.393163361719351]
L001912 | [Dev Acc: 0.42225859247135844]
L001913 | 
L001914-L001929 | [REDACTED: batch progress and internal diagnostics]
L001930 | [Epoch 76] [Time: 2.75]
L001931 | [Train Loss: 0.7752]
L001932 | [Train F1: 0.6543129868420531]
L001933 | [Train Acc: 0.6568570879015195]
L001934 | [Dev Loss: 1.1956]
L001935 | [Dev F1: 0.47284300452626316]
L001936 | [Dev Acc: 0.48936170212765956]
L001937 | 
L001938-L001953 | [REDACTED: batch progress and internal diagnostics]
L001954 | [Epoch 77] [Time: 2.70]
L001955 | [Train Loss: 0.7668]
L001956 | [Train F1: 0.6577582239861252]
L001957 | [Train Acc: 0.6595499134448932]
L001958 | [Dev Loss: 1.2228]
L001959 | [Dev F1: 0.44183161985675234]
L001960 | [Dev Acc: 0.45990180032733224]
L001961 | 
L001962-L001977 | [REDACTED: batch progress and internal diagnostics]
L001978 | [Epoch 78] [Time: 2.92]
L001979 | [Train Loss: 0.7748]
L001980 | [Train F1: 0.6577522533302802]
L001981 | [Train Acc: 0.6597422581265628]
L001982 | [Dev Loss: 1.2549]
L001983 | [Dev F1: 0.4181144103699949]
L001984 | [Dev Acc: 0.44353518821603927]
L001985 | 
L001986-L002001 | [REDACTED: batch progress and internal diagnostics]
L002002 | [Epoch 79] [Time: 2.74]
L002003 | [Train Loss: 0.7723]
L002004 | [Train F1: 0.665682327737181]
L002005 | [Train Acc: 0.6674360453933449]
L002006 | [Dev Loss: 1.226]
L002007 | [Dev F1: 0.4628458598127104]
L002008 | [Dev Acc: 0.4779050736497545]
L002009 | 
L002010-L002025 | [REDACTED: batch progress and internal diagnostics]
L002026 | [Epoch 80] [Time: 2.68]
L002027 | [Train Loss: 0.7556]
L002028 | [Train F1: 0.6639953595100146]
L002029 | [Train Acc: 0.6651279092133102]
L002030 | [Dev Loss: 1.2516]
L002031 | [Dev F1: 0.41948777702307277]
L002032 | [Dev Acc: 0.44844517184942717]
L002033 | 
L002034-L002049 | [REDACTED: batch progress and internal diagnostics]
L002050 | [Epoch 81] [Time: 2.74]
L002051 | [Train Loss: 0.7577]
L002052 | [Train F1: 0.6628081599738619]
L002053 | [Train Acc: 0.6639738411232929]
L002054 | [Dev Loss: 1.1885]
L002055 | [Dev F1: 0.45302224827426685]
L002056 | [Dev Acc: 0.46153846153846156]
L002057 | 
L002058-L002073 | [REDACTED: batch progress and internal diagnostics]
L002074 | [Epoch 82] [Time: 2.68]
L002075 | [Train Loss: 0.7514]
L002076 | [Train F1: 0.6687856669317161]
L002077 | [Train Acc: 0.671667628390075]
L002078 | [Dev Loss: 1.2448]
L002079 | [Dev F1: 0.48101942799626596]
L002080 | [Dev Acc: 0.486088379705401]
L002081 | 
L002082-L002097 | [REDACTED: batch progress and internal diagnostics]
L002098 | [Epoch 83] [Time: 2.80]
L002099 | [Train Loss: 0.7602]
L002100 | [Train F1: 0.6656130100428621]
L002101 | [Train Acc: 0.6666666666666666]
L002102 | [Dev Loss: 1.2574]
L002103 | [Dev F1: 0.45579216701524966]
L002104 | [Dev Acc: 0.4746317512274959]
L002105 | 
L002106-L002121 | [REDACTED: batch progress and internal diagnostics]
L002122 | [Epoch 84] [Time: 2.75]
L002123 | [Train Loss: 0.7556]
L002124 | [Train F1: 0.6658163237011271]
L002125 | [Train Acc: 0.6680130794383535]
L002126 | [Dev Loss: 1.293]
L002127 | [Dev F1: 0.43612253768204995]
L002128 | [Dev Acc: 0.4582651391162029]
L002129 | 
L002130-L002145 | [REDACTED: batch progress and internal diagnostics]
L002146 | [Epoch 85] [Time: 2.75]
L002147 | [Train Loss: 0.7592]
L002148 | [Train F1: 0.6600337341013018]
L002149 | [Train Acc: 0.6616657049432583]
L002150 | [Dev Loss: 1.2158]
L002151 | [Dev F1: 0.43534023758013213]
L002152 | [Dev Acc: 0.44189852700491]
L002153 | 
L002154-L002169 | [REDACTED: batch progress and internal diagnostics]
L002170 | [Epoch 86] [Time: 2.65]
L002171 | [Train Loss: 0.759]
L002172 | [Train F1: 0.6724953307446047]
L002173 | [Train Acc: 0.6743604539334488]
L002174 | [Dev Loss: 1.2719]
L002175 | [Dev F1: 0.4297393257710215]
L002176 | [Dev Acc: 0.44844517184942717]
L002177 | 
L002178-L002193 | [REDACTED: batch progress and internal diagnostics]
L002194 | [Epoch 87] [Time: 2.73]
L002195 | [Train Loss: 0.7492]
L002196 | [Train F1: 0.6663841031129876]
L002197 | [Train Acc: 0.6672437007116753]
L002198 | [Dev Loss: 1.316]
L002199 | [Dev F1: 0.44612565219803113]
L002200 | [Dev Acc: 0.45662847790507366]
L002201 | 
L002202-L002217 | [REDACTED: batch progress and internal diagnostics]
L002218 | [Epoch 88] [Time: 2.82]
L002219 | [Train Loss: 0.7613]
L002220 | [Train F1: 0.6662820605212497]
L002221 | [Train Acc: 0.6672437007116753]
L002222 | [Dev Loss: 1.2017]
L002223 | [Dev F1: 0.4440085342147518]
L002224 | [Dev Acc: 0.46153846153846156]
L002225 | 
L002226-L002241 | [REDACTED: batch progress and internal diagnostics]
L002242 | [Epoch 89] [Time: 2.90]
L002243 | [Train Loss: 0.7583]
L002244 | [Train F1: 0.6538008211559209]
L002245 | [Train Acc: 0.6574341219465282]
L002246 | [Dev Loss: 1.3135]
L002247 | [Dev F1: 0.40238602034053994]
L002248 | [Dev Acc: 0.43044189852700493]
L002249 | 
L002250-L002265 | [REDACTED: batch progress and internal diagnostics]
L002266 | [Epoch 90] [Time: 2.74]
L002267 | [Train Loss: 0.7668]
L002268 | [Train F1: 0.6591341611156271]
L002269 | [Train Acc: 0.6595499134448932]
L002270 | [Dev Loss: 1.2742]
L002271 | [Dev F1: 0.4389316751083936]
L002272 | [Dev Acc: 0.46153846153846156]
L002273 | 
L002274-L002289 | [REDACTED: batch progress and internal diagnostics]
L002290 | [Epoch 91] [Time: 2.67]
L002291 | [Train Loss: 0.768]
L002292 | [Train F1: 0.6667248595760695]
L002293 | [Train Acc: 0.6683977688016927]
L002294 | [Dev Loss: 1.2953]
L002295 | [Dev F1: 0.38358555474262623]
L002296 | [Dev Acc: 0.4238952536824877]
L002297 | 
L002298-L002313 | [REDACTED: batch progress and internal diagnostics]
L002314 | [Epoch 92] [Time: 2.85]
L002315 | [Train Loss: 0.7718]
L002316 | [Train F1: 0.6559928459036249]
L002317 | [Train Acc: 0.6607039815349106]
L002318 | [Dev Loss: 1.22]
L002319 | [Dev F1: 0.4345638402241846]
L002320 | [Dev Acc: 0.4337152209492635]
L002321 | 
L002322-L002337 | [REDACTED: batch progress and internal diagnostics]
L002338 | [Epoch 93] [Time: 2.81]
L002339 | [Train Loss: 0.7651]
L002340 | [Train F1: 0.6587154545098654]
L002341 | [Train Acc: 0.6597422581265628]
L002342 | [Dev Loss: 1.2978]
L002343 | [Dev F1: 0.4467561244201118]
L002344 | [Dev Acc: 0.4664484451718494]
L002345 | 
L002346-L002361 | [REDACTED: batch progress and internal diagnostics]
L002362 | [Epoch 94] [Time: 2.71]
L002363 | [Train Loss: 0.7554]
L002364 | [Train F1: 0.6712964049575142]
L002365 | [Train Acc: 0.6718599730717446]
L002366 | [Dev Loss: 1.2021]
L002367 | [Dev F1: 0.4228618967963012]
L002368 | [Dev Acc: 0.44189852700491]
L002369 | 
L002370-L002385 | [REDACTED: batch progress and internal diagnostics]
L002386 | [Epoch 95] [Time: 2.78]
L002387 | [Train Loss: 0.7549]
L002388 | [Train F1: 0.663169932908852]
L002389 | [Train Acc: 0.6658972879399885]
L002390 | [Dev Loss: 1.3231]
L002391 | [Dev F1: 0.41955436712353905]
L002392 | [Dev Acc: 0.43044189852700493]
L002393 | 
L002394-L002409 | [REDACTED: batch progress and internal diagnostics]
L002410 | [Epoch 96] [Time: 2.77]
L002411 | [Train Loss: 0.7588]
L002412 | [Train F1: 0.6682124270139888]
L002413 | [Train Acc: 0.6699365262550491]
L002414 | [Dev Loss: 1.2873]
L002415 | [Dev F1: 0.45147360572205386]
L002416 | [Dev Acc: 0.46481178396072015]
L002417 | 
L002418-L002433 | [REDACTED: batch progress and internal diagnostics]
L002434 | [Epoch 97] [Time: 2.73]
L002435 | [Train Loss: 0.7489]
L002436 | [Train F1: 0.6701613459701147]
L002437 | [Train Acc: 0.6703212156183882]
L002438 | [Dev Loss: 1.3233]
L002439 | [Dev F1: 0.4072536238631747]
L002440 | [Dev Acc: 0.41080196399345337]
L002441 | 
L002442-L002457 | [REDACTED: batch progress and internal diagnostics]
L002458 | [Epoch 98] [Time: 2.74]
L002459 | [Train Loss: 0.7408]
L002460 | [Train F1: 0.6688201759863442]
L002461 | [Train Acc: 0.6712829390267359]
L002462 | [Dev Loss: 1.2527]
L002463 | [Dev F1: 0.4515586981494643]
L002464 | [Dev Acc: 0.4713584288052373]
L002465 | 
L002466-L002481 | [REDACTED: batch progress and internal diagnostics]
L002482 | [Epoch 99] [Time: 2.79]
L002483 | [Train Loss: 0.7321]
L002484 | [Train F1: 0.669880427353078]
L002485 | [Train Acc: 0.6730140411617619]
L002486 | [Dev Loss: 1.2862]
L002487 | [Dev F1: 0.45096383062099066]
L002488 | [Dev Acc: 0.46808510638297873]
L002489 | 
L002490-L002505 | [REDACTED: batch progress and internal diagnostics]
L002506 | [Epoch 100] [Time: 2.76]
L002507 | [Train Loss: 0.7333]
L002508 | [Train F1: 0.6736315624980451]
L002509 | [Train Acc: 0.6749374879784574]
L002510 | [Dev Loss: 1.238]
L002511 | [Dev F1: 0.45176140137377957]
L002512 | [Dev Acc: 0.46808510638297873]
L002513 | 
L002514-L002529 | [REDACTED: batch progress and internal diagnostics]
L002530 | [Epoch 101] [Time: 2.69]
L002531 | [Train Loss: 0.7323]
L002532 | [Train F1: 0.6717383599563862]
L002533 | [Train Acc: 0.6743604539334488]
L002534 | [Dev Loss: 1.2692]
L002535 | [Dev F1: 0.43717144139459124]
L002536 | [Dev Acc: 0.45499181669394434]
L002537 | 
L002538-L002553 | [REDACTED: batch progress and internal diagnostics]
L002554 | [Epoch 102] [Time: 2.68]
L002555 | [Train Loss: 0.732]
L002556 | [Train F1: 0.6750309430810474]
L002557 | [Train Acc: 0.6758992113868052]
L002558 | [Dev Loss: 1.2742]
L002559 | [Dev F1: 0.4360138117274035]
L002560 | [Dev Acc: 0.4582651391162029]
L002561 | 
L002562-L002577 | [REDACTED: batch progress and internal diagnostics]
L002578 | [Epoch 103] [Time: 2.58]
L002579 | [Train Loss: 0.7246]
L002580 | [Train F1: 0.6726633841684045]
L002581 | [Train Acc: 0.6743604539334488]
L002582 | [Dev Loss: 1.3136]
L002583 | [Dev F1: 0.39155584236388374]
L002584 | [Dev Acc: 0.42225859247135844]
L002585 | 
L002586-L002601 | [REDACTED: batch progress and internal diagnostics]
L002602 | [Epoch 104] [Time: 2.78]
L002603 | [Train Loss: 0.7311]
L002604 | [Train F1: 0.673842816328011]
L002605 | [Train Acc: 0.6741681092517792]
L002606 | [Dev Loss: 1.3205]
L002607 | [Dev F1: 0.4442567323490643]
L002608 | [Dev Acc: 0.46317512274959083]
L002609 | 
L002610-L002625 | [REDACTED: batch progress and internal diagnostics]
L002626 | [Epoch 105] [Time: 2.68]
L002627 | [Train Loss: 0.7258]
L002628 | [Train F1: 0.6802114245774186]
L002629 | [Train Acc: 0.68243893056357]
L002630 | [Dev Loss: 1.2956]
L002631 | [Dev F1: 0.4720716730730686]
L002632 | [Dev Acc: 0.4828150572831424]
L002633 | 
L002634-L002649 | [REDACTED: batch progress and internal diagnostics]
L002650 | [Epoch 106] [Time: 2.73]
L002651 | [Train Loss: 0.7178]
L002652 | [Train F1: 0.6805565497040551]
L002653 | [Train Acc: 0.6810925177918831]
L002654 | [Dev Loss: 1.2572]
L002655 | [Dev F1: 0.4667345296428123]
L002656 | [Dev Acc: 0.47299509001636664]
L002657 | 
L002658-L002673 | [REDACTED: batch progress and internal diagnostics]
L002674 | [Epoch 107] [Time: 2.70]
L002675 | [Train Loss: 0.7226]
L002676 | [Train F1: 0.6812409913897645]
L002677 | [Train Acc: 0.6834006539719176]
L002678 | [Dev Loss: 1.2726]
L002679 | [Dev F1: 0.4300959740910269]
L002680 | [Dev Acc: 0.44844517184942717]
L002681 | 
L002682-L002697 | [REDACTED: batch progress and internal diagnostics]
L002698 | [Epoch 108] [Time: 2.74]
L002699 | [Train Loss: 0.724]
L002700 | [Train F1: 0.6749356357137587]
L002701 | [Train Acc: 0.676860934795153]
L002702 | [Dev Loss: 1.2777]
L002703 | [Dev F1: 0.4535607458661757]
L002704 | [Dev Acc: 0.4795417348608838]
L002705 | 
L002706-L002721 | [REDACTED: batch progress and internal diagnostics]
L002722 | [Epoch 109] [Time: 2.69]
L002723 | [Train Loss: 0.7139]
L002724 | [Train F1: 0.6806780628301504]
L002725 | [Train Acc: 0.6818618965185612]
L002726 | [Dev Loss: 1.3447]
L002727 | [Dev F1: 0.42230785443667257]
L002728 | [Dev Acc: 0.44189852700491]
L002729 | 
L002730-L002745 | [REDACTED: batch progress and internal diagnostics]
L002746 | [Epoch 110] [Time: 2.71]
L002747 | [Train Loss: 0.7316]
L002748 | [Train F1: 0.6731435904112073]
L002749 | [Train Acc: 0.6730140411617619]
L002750 | [Dev Loss: 1.3109]
L002751 | [Dev F1: 0.4666108216378695]
L002752 | [Dev Acc: 0.4828150572831424]
L002753 | 
L002754-L002769 | [REDACTED: batch progress and internal diagnostics]
L002770 | [Epoch 111] [Time: 2.77]
L002771 | [Train Loss: 0.7359]
L002772 | [Train F1: 0.6687498740432525]
L002773 | [Train Acc: 0.6710905943450663]
L002774 | [Dev Loss: 1.2438]
L002775 | [Dev F1: 0.45044598572890504]
L002776 | [Dev Acc: 0.47299509001636664]
L002777 | 
L002778-L002793 | [REDACTED: batch progress and internal diagnostics]
L002794 | [Epoch 112] [Time: 2.75]
L002795 | [Train Loss: 0.7253]
L002796 | [Train F1: 0.6780216745232522]
L002797 | [Train Acc: 0.6787843816118484]
L002798 | [Dev Loss: 1.2867]
L002799 | [Dev F1: 0.4736400216950153]
L002800 | [Dev Acc: 0.4828150572831424]
L002801 | 
L002802-L002817 | [REDACTED: batch progress and internal diagnostics]
L002818 | [Epoch 113] [Time: 2.79]
L002819 | [Train Loss: 0.7217]
L002820 | [Train F1: 0.67785140324138]
L002821 | [Train Acc: 0.679361415656857]
L002822 | [Dev Loss: 1.2124]
L002823 | [Dev F1: 0.4594692399700653]
L002824 | [Dev Acc: 0.48936170212765956]
L002825 | 
L002826-L002841 | [REDACTED: batch progress and internal diagnostics]
L002842 | [Epoch 114] [Time: 2.72]
L002843 | [Train Loss: 0.7395]
L002844 | [Train F1: 0.6706546977470984]
L002845 | [Train Acc: 0.673398730525101]
L002846 | [Dev Loss: 1.3697]
L002847 | [Dev F1: 0.42733478190672675]
L002848 | [Dev Acc: 0.45499181669394434]
L002849 | 
L002850-L002865 | [REDACTED: batch progress and internal diagnostics]
L002866 | [Epoch 115] [Time: 2.79]
L002867 | [Train Loss: 0.7345]
L002868 | [Train F1: 0.6715024589266687]
L002869 | [Train Acc: 0.6728216964800924]
L002870 | [Dev Loss: 1.246]
L002871 | [Dev F1: 0.4540166633413493]
L002872 | [Dev Acc: 0.4779050736497545]
L002873 | 
L002874-L002889 | [REDACTED: batch progress and internal diagnostics]
L002890 | [Epoch 116] [Time: 2.59]
L002891 | [Train Loss: 0.7309]
L002892 | [Train F1: 0.6815994170867752]
L002893 | [Train Acc: 0.6839776880169264]
L002894 | [Dev Loss: 1.3435]
L002895 | [Dev F1: 0.429941028301313]
L002896 | [Dev Acc: 0.4533551554828151]
L002897 | 
L002898-L002913 | [REDACTED: batch progress and internal diagnostics]
L002914 | [Epoch 117] [Time: 2.83]
L002915 | [Train Loss: 0.7187]
L002916 | [Train F1: 0.6803409545814564]
L002917 | [Train Acc: 0.6834006539719176]
L002918 | [Dev Loss: 1.2406]
L002919 | [Dev F1: 0.48345181694083345]
L002920 | [Dev Acc: 0.49754500818330605]
L002921 | 
L002922-L002937 | [REDACTED: batch progress and internal diagnostics]
L002938 | [Epoch 118] [Time: 2.66]
L002939 | [Train Loss: 0.7244]
L002940 | [Train F1: 0.6747427160731575]
L002941 | [Train Acc: 0.6747451432967878]
L002942 | [Dev Loss: 1.2953]
L002943 | [Dev F1: 0.4503950188360889]
L002944 | [Dev Acc: 0.4713584288052373]
L002945 | 
L002946-L002961 | [REDACTED: batch progress and internal diagnostics]
L002962 | [Epoch 119] [Time: 2.85]
L002963 | [Train Loss: 0.7218]
L002964 | [Train F1: 0.6824358412053377]
L002965 | [Train Acc: 0.6830159646085786]
L002966 | [Dev Loss: 1.3382]
L002967 | [Dev F1: 0.44552639816968304]
L002968 | [Dev Acc: 0.4779050736497545]
L002969 | 
L002970-L002985 | [REDACTED: batch progress and internal diagnostics]
L002986 | [Epoch 120] [Time: 2.77]
L002987 | [Train Loss: 0.7159]
L002988 | [Train F1: 0.6807411784855908]
L002989 | [Train Acc: 0.6835929986535872]
L002990 | [Dev Loss: 1.231]
L002991 | [Dev F1: 0.43293218797643424]
L002992 | [Dev Acc: 0.4713584288052373]
L002993 | 
L002994-L003009 | [REDACTED: batch progress and internal diagnostics]
L003010 | [Epoch 121] [Time: 2.60]
L003011 | [Train Loss: 0.7172]
L003012 | [Train F1: 0.684641484463045]
L003013 | [Train Acc: 0.6859011348336218]
L003014 | [Dev Loss: 1.3055]
L003015 | [Dev F1: 0.4391127888940553]
L003016 | [Dev Acc: 0.46153846153846156]
L003017 | 
L003018-L003033 | [REDACTED: batch progress and internal diagnostics]
L003034 | [Epoch 122] [Time: 2.64]
L003035 | [Train Loss: 0.7141]
L003036 | [Train F1: 0.6717015751010986]
L003037 | [Train Acc: 0.6732063858434314]
L003038 | [Dev Loss: 1.2986]
L003039 | [Dev F1: 0.4353859403345166]
L003040 | [Dev Acc: 0.4582651391162029]
L003041 | 
L003042-L003057 | [REDACTED: batch progress and internal diagnostics]
L003058 | [Epoch 123] [Time: 2.67]
L003059 | [Train Loss: 0.7026]
L003060 | [Train F1: 0.6871186389779348]
L003061 | [Train Acc: 0.6885939603769956]
L003062 | [Dev Loss: 1.2256]
L003063 | [Dev F1: 0.4531695923040194]
L003064 | [Dev Acc: 0.4746317512274959]
L003065 | 
L003066-L003081 | [REDACTED: batch progress and internal diagnostics]
L003082 | [Epoch 124] [Time: 2.55]
L003083 | [Train Loss: 0.6978]
L003084 | [Train F1: 0.6894677268077138]
L003085 | [Train Acc: 0.6910944412386998]
L003086 | [Dev Loss: 1.3395]
L003087 | [Dev F1: 0.44959492055639916]
L003088 | [Dev Acc: 0.4746317512274959]
L003089 | 
L003090-L003105 | [REDACTED: batch progress and internal diagnostics]
L003106 | [Epoch 125] [Time: 2.67]
L003107 | [Train Loss: 0.6962]
L003108 | [Train F1: 0.6881555926695221]
L003109 | [Train Acc: 0.6895556837853434]
L003110 | [Dev Loss: 1.3254]
L003111 | [Dev F1: 0.4378698955412043]
L003112 | [Dev Acc: 0.44189852700491]
L003113 | 
L003114-L003129 | [REDACTED: batch progress and internal diagnostics]
L003130 | [Epoch 126] [Time: 2.64]
L003131 | [Train Loss: 0.6967]
L003132 | [Train F1: 0.6880289652209157]
L003133 | [Train Acc: 0.6899403731486824]
L003134 | [Dev Loss: 1.3056]
L003135 | [Dev F1: 0.4417062934773943]
L003136 | [Dev Acc: 0.45499181669394434]
L003137 | 
L003138-L003153 | [REDACTED: batch progress and internal diagnostics]
L003154 | [Epoch 127] [Time: 2.90]
L003155 | [Train Loss: 0.6961]
L003156 | [Train F1: 0.6815438425603938]
L003157 | [Train Acc: 0.6832083092902481]
L003158 | [Dev Loss: 1.3425]
L003159 | [Dev F1: 0.4144108252446587]
L003160 | [Dev Acc: 0.44189852700491]
L003161 | 
L003162-L003177 | [REDACTED: batch progress and internal diagnostics]
L003178 | [Epoch 128] [Time: 2.69]
L003179 | [Train Loss: 0.6987]
L003180 | [Train F1: 0.6902390091493176]
L003181 | [Train Acc: 0.6916714752837084]
L003182 | [Dev Loss: 1.2837]
L003183 | [Dev F1: 0.4450551526217283]
L003184 | [Dev Acc: 0.46153846153846156]
L003185 | 
L003186-L003201 | [REDACTED: batch progress and internal diagnostics]
L003202 | [Epoch 129] [Time: 2.65]
L003203 | [Train Loss: 0.7036]
L003204 | [Train F1: 0.6929053830897707]
L003205 | [Train Acc: 0.6943643008270821]
L003206 | [Dev Loss: 1.3018]
L003207 | [Dev F1: 0.43117997447622064]
L003208 | [Dev Acc: 0.4582651391162029]
L003209 | 
L003210-L003225 | [REDACTED: batch progress and internal diagnostics]
L003226 | [Epoch 130] [Time: 2.79]
L003227 | [Train Loss: 0.7002]
L003228 | [Train F1: 0.6857150848146266]
L003229 | [Train Acc: 0.6853241007886132]
L003230 | [Dev Loss: 1.3136]
L003231 | [Dev F1: 0.44243406609720365]
L003232 | [Dev Acc: 0.46317512274959083]
L003233 | 
L003234-L003249 | [REDACTED: batch progress and internal diagnostics]
L003250 | [Epoch 131] [Time: 2.75]
L003251 | [Train Loss: 0.6894]
L003252 | [Train F1: 0.687237508275416]
L003253 | [Train Acc: 0.6907097518753607]
L003254 | [Dev Loss: 1.3915]
L003255 | [Dev F1: 0.4342687004064574]
L003256 | [Dev Acc: 0.45662847790507366]
L003257 | 
L003258-L003273 | [REDACTED: batch progress and internal diagnostics]
L003274 | [Epoch 132] [Time: 2.91]
L003275 | [Train Loss: 0.6935]
L003276 | [Train F1: 0.6882536181867231]
L003277 | [Train Acc: 0.6885939603769956]
L003278 | [Dev Loss: 1.3222]
L003279 | [Dev F1: 0.4500001561705436]
L003280 | [Dev Acc: 0.4664484451718494]
L003281 | 
L003282-L003297 | [REDACTED: batch progress and internal diagnostics]
L003298 | [Epoch 133] [Time: 2.59]
L003299 | [Train Loss: 0.6896]
L003300 | [Train F1: 0.6954773661231963]
L003301 | [Train Acc: 0.6976341604154646]
L003302 | [Dev Loss: 1.3095]
L003303 | [Dev F1: 0.4253275112992061]
L003304 | [Dev Acc: 0.44189852700491]
L003305 | 
L003306-L003321 | [REDACTED: batch progress and internal diagnostics]
L003322 | [Epoch 134] [Time: 2.88]
L003323 | [Train Loss: 0.6867]
L003324 | [Train F1: 0.6929751204826322]
L003325 | [Train Acc: 0.6934025774187343]
L003326 | [Dev Loss: 1.3443]
L003327 | [Dev F1: 0.39989797718038816]
L003328 | [Dev Acc: 0.4320785597381342]
L003329 | 
L003330-L003345 | [REDACTED: batch progress and internal diagnostics]
L003346 | [Epoch 135] [Time: 2.65]
L003347 | [Train Loss: 0.6803]
L003348 | [Train F1: 0.6968715544753883]
L003349 | [Train Acc: 0.6980188497788036]
L003350 | [Dev Loss: 1.2688]
L003351 | [Dev F1: 0.4452770304753102]
L003352 | [Dev Acc: 0.46808510638297873]
L003353 | 
L003354-L003369 | [REDACTED: batch progress and internal diagnostics]
L003370 | [Epoch 136] [Time: 2.68]
L003371 | [Train Loss: 0.6817]
L003372 | [Train F1: 0.6876149473217976]
L003373 | [Train Acc: 0.6897480284670129]
L003374 | [Dev Loss: 1.3358]
L003375 | [Dev F1: 0.42762242130714867]
L003376 | [Dev Acc: 0.4533551554828151]
L003377 | 
L003378-L003393 | [REDACTED: batch progress and internal diagnostics]
L003394 | [Epoch 137] [Time: 2.66]
L003395 | [Train Loss: 0.6689]
L003396 | [Train F1: 0.6962387809252296]
L003397 | [Train Acc: 0.6968647816887863]
L003398 | [Dev Loss: 1.3322]
L003399 | [Dev F1: 0.4478613943394509]
L003400 | [Dev Acc: 0.4713584288052373]
L003401 | 
L003402-L003417 | [REDACTED: batch progress and internal diagnostics]
L003418 | [Epoch 138] [Time: 2.62]
L003419 | [Train Loss: 0.6808]
L003420 | [Train F1: 0.6874131502646621]
L003421 | [Train Acc: 0.688016926331987]
L003422 | [Dev Loss: 1.3978]
L003423 | [Dev F1: 0.43261809374858845]
L003424 | [Dev Acc: 0.44680851063829785]
L003425 | 
L003426-L003441 | [REDACTED: batch progress and internal diagnostics]
L003442 | [Epoch 139] [Time: 2.74]
L003443 | [Train Loss: 0.6863]
L003444 | [Train F1: 0.687243192682359]
L003445 | [Train Acc: 0.6907097518753607]
L003446 | [Dev Loss: 1.3047]
L003447 | [Dev F1: 0.4326684694228005]
L003448 | [Dev Acc: 0.45171849427168576]
L003449 | 
L003450-L003465 | [REDACTED: batch progress and internal diagnostics]
L003466 | [Epoch 140] [Time: 2.68]
L003467 | [Train Loss: 0.6832]
L003468 | [Train F1: 0.6992371876617619]
L003469 | [Train Acc: 0.69955760723216]
L003470 | [Dev Loss: 1.3759]
L003471 | [Dev F1: 0.46105040712774037]
L003472 | [Dev Acc: 0.4713584288052373]
L003473 | 
L003474-L003489 | [REDACTED: batch progress and internal diagnostics]
L003490 | [Epoch 141] [Time: 2.69]
L003491 | [Train Loss: 0.6768]
L003492 | [Train F1: 0.6939803363255521]
L003493 | [Train Acc: 0.6959030582804385]
L003494 | [Dev Loss: 1.3151]
L003495 | [Dev F1: 0.42657361951608497]
L003496 | [Dev Acc: 0.45990180032733224]
L003497 | 
L003498-L003513 | [REDACTED: batch progress and internal diagnostics]
L003514 | [Epoch 142] [Time: 2.67]
L003515 | [Train Loss: 0.6664]
L003516 | [Train F1: 0.6975187532225641]
L003517 | [Train Acc: 0.6989805731871513]
L003518 | [Dev Loss: 1.2802]
L003519 | [Dev F1: 0.460889560651159]
L003520 | [Dev Acc: 0.4713584288052373]
L003521 | 
L003522-L003537 | [REDACTED: batch progress and internal diagnostics]
L003538 | [Epoch 143] [Time: 2.63]
L003539 | [Train Loss: 0.6666]
L003540 | [Train F1: 0.7066366071849581]
L003541 | [Train Acc: 0.7078284285439508]
L003542 | [Dev Loss: 1.3464]
L003543 | [Dev F1: 0.4426712531225713]
L003544 | [Dev Acc: 0.46808510638297873]
L003545 | 
L003546-L003561 | [REDACTED: batch progress and internal diagnostics]
L003562 | [Epoch 144] [Time: 2.59]
L003563 | [Train Loss: 0.6686]
L003564 | [Train F1: 0.7039889297121351]
L003565 | [Train Acc: 0.705135603000577]
L003566 | [Dev Loss: 1.2836]
L003567 | [Dev F1: 0.41855903170329245]
L003568 | [Dev Acc: 0.44189852700491]
L003569 | 
L003570-L003585 | [REDACTED: batch progress and internal diagnostics]
L003586 | [Epoch 145] [Time: 2.74]
L003587 | [Train Loss: 0.6701]
L003588 | [Train F1: 0.7037848391550517]
L003589 | [Train Acc: 0.7037891902288902]
L003590 | [Dev Loss: 1.3321]
L003591 | [Dev F1: 0.4475363804238323]
L003592 | [Dev Acc: 0.4664484451718494]
L003593 | 
L003594-L003609 | [REDACTED: batch progress and internal diagnostics]
L003610 | [Epoch 146] [Time: 2.66]
L003611 | [Train Loss: 0.6655]
L003612 | [Train F1: 0.7005267719990448]
L003613 | [Train Acc: 0.7028274668205424]
L003614 | [Dev Loss: 1.3926]
L003615 | [Dev F1: 0.4329765260130804]
L003616 | [Dev Acc: 0.4582651391162029]
L003617 | 
L003618-L003633 | [REDACTED: batch progress and internal diagnostics]
L003634 | [Epoch 147] [Time: 2.60]
L003635 | [Train Loss: 0.6664]
L003636 | [Train F1: 0.7015057333449696]
L003637 | [Train Acc: 0.7018657434121947]
L003638 | [Dev Loss: 1.3743]
L003639 | [Dev F1: 0.45340250259860176]
L003640 | [Dev Acc: 0.46317512274959083]
L003641 | 
L003642-L003657 | [REDACTED: batch progress and internal diagnostics]
L003658 | [Epoch 148] [Time: 2.77]
L003659 | [Train Loss: 0.667]
L003660 | [Train F1: 0.7071259949750555]
L003661 | [Train Acc: 0.7087901519522986]
L003662 | [Dev Loss: 1.3487]
L003663 | [Dev F1: 0.44064699466382806]
L003664 | [Dev Acc: 0.45990180032733224]
L003665 | 
L003666-L003681 | [REDACTED: batch progress and internal diagnostics]
L003682 | [Epoch 149] [Time: 2.75]
L003683 | [Train Loss: 0.662]
L003684 | [Train F1: 0.7037912093478456]
L003685 | [Train Acc: 0.7043662242738988]
L003686 | [Dev Loss: 1.4741]
L003687 | [Dev F1: 0.42799494993803566]
L003688 | [Dev Acc: 0.4500818330605565]
L003689 | Last model
L003690 |               precision    recall  f1-score   support
L003691 | 
L003692 |          hap     0.6000    0.1875    0.2857       144
L003693 |          sad     0.8259    0.6776    0.7444       245
L003694 |          neu     0.4376    0.5391    0.4831       384
L003695 |          ang     0.6301    0.5412    0.5823       170
L003696 |          exc     0.7070    0.7425    0.7243       299
L003697 |          fru     0.4842    0.5643    0.5212       381
L003698 | 
L003699 |     accuracy                         0.5724      1623
L003700 |    macro avg     0.6141    0.5420    0.5568      1623
L003701 | weighted avg     0.5914    0.5724    0.5688      1623
L003702 | 
L003703 | Best model at epoch: 117
L003704 | Best dev F1: 0.48345181694083345
L003705 |               precision    recall  f1-score   support
L003706 | 
L003707 |          hap     0.5780    0.4375    0.4980       144
L003708 |          sad     0.8009    0.7061    0.7505       245
L003709 |          neu     0.4749    0.5911    0.5267       384
L003710 |          ang     0.6885    0.4941    0.5753       170
L003711 |          exc     0.7156    0.7826    0.7476       299
L003712 |          fru     0.5067    0.4934    0.5000       381
L003713 | 
L003714 |     accuracy                         0.5970      1623
L003715 |    macro avg     0.6274    0.5842    0.5997      1623
L003716 | weighted avg     0.6075    0.5970    0.5975      1623
L003717 | 
L003718 | Best test F1: 0.5974651777815537
L003719 | Best test Acc: 0.5970425138632163
L003720 | [SANITIZED] Saved checkpoint: [path and filename removed]
