# Redacted copy of an existing run log.
# run_id: G04-seed1
# dataset: IEMOCAP
# model: GCNet+AMBER
# imr: (0.5,0.7,0.3)
# seed_alias: seed1
# original_log_sha256: 422596bcc819bfac5ab8f5b2757ad33a721f307b43719d4f6ccb79d56e85c511
# source_record_status: ok
# source_record_process_return_code: 3221226505
# L numbers refer to source logical lines; REDACTED/SANITIZED text is editorial.
L000001-L000005 | [REDACTED: configuration or implementation details]
L000006 | [SANITIZED] FutureWarning: [dependency deprecation notice; implementation details removed]
L000007-L000068 | [REDACTED: configuration or implementation details]
L000069 | [SANITIZED] Seed alias: seed1
L000070 | [REDACTED: configuration or implementation details]
L000071 | 
L000072-L000073 | [REDACTED: batch progress and internal diagnostics]
L000074 | 
L000075-L000076 | [REDACTED: batch progress and internal diagnostics]
L000077 | 
L000078-L000079 | [REDACTED: batch progress and internal diagnostics]
L000080-L000083 | [REDACTED: configuration or implementation details]
L000084 | [SANITIZED] Seed alias: seed1
L000085-L000088 | [REDACTED: configuration or implementation details]
L000089 | 
L000090-L000105 | [REDACTED: batch progress and internal diagnostics]
L000106 | [Epoch 0] [Time: 3.41]
L000107 | [Train Loss: 1.7118]
L000108 | [Train F1: 0.24413948161324478]
L000109 | [Train Acc: 0.30198115022119637]
L000110 | [Dev Loss: 1.67]
L000111 | [Dev F1: 0.13418323249783923]
L000112 | [Dev Acc: 0.2765957446808511]
L000113 | 
L000114-L000129 | [REDACTED: batch progress and internal diagnostics]
L000130 | [Epoch 1] [Time: 2.79]
L000131 | [Train Loss: 1.4726]
L000132 | [Train F1: 0.3431654157892012]
L000133 | [Train Acc: 0.3977688016926332]
L000134 | [Dev Loss: 1.5764]
L000135 | [Dev F1: 0.24832187265145442]
L000136 | [Dev Acc: 0.36661211129296234]
L000137 | 
L000138-L000153 | [REDACTED: batch progress and internal diagnostics]
L000154 | [Epoch 2] [Time: 2.76]
L000155 | [Train Loss: 1.3071]
L000156 | [Train F1: 0.40137551902163127]
L000157 | [Train Acc: 0.46432006155029815]
L000158 | [Dev Loss: 1.4431]
L000159 | [Dev F1: 0.292072805162409]
L000160 | [Dev Acc: 0.3895253682487725]
L000161 | 
L000162-L000177 | [REDACTED: batch progress and internal diagnostics]
L000178 | [Epoch 3] [Time: 2.72]
L000179 | [Train Loss: 1.246]
L000180 | [Train F1: 0.44138416848711626]
L000181 | [Train Acc: 0.4856703212156184]
L000182 | [Dev Loss: 1.4693]
L000183 | [Dev F1: 0.32698844600770194]
L000184 | [Dev Acc: 0.3911620294599018]
L000185 | 
L000186-L000201 | [REDACTED: batch progress and internal diagnostics]
L000202 | [Epoch 4] [Time: 2.81]
L000203 | [Train Loss: 1.1723]
L000204 | [Train F1: 0.4785005461807884]
L000205 | [Train Acc: 0.5245239469128679]
L000206 | [Dev Loss: 1.4011]
L000207 | [Dev F1: 0.28182798598140435]
L000208 | [Dev Acc: 0.39279869067103107]
L000209 | 
L000210-L000225 | [REDACTED: batch progress and internal diagnostics]
L000226 | [Epoch 5] [Time: 2.74]
L000227 | [Train Loss: 1.1409]
L000228 | [Train F1: 0.5048461101232146]
L000229 | [Train Acc: 0.5243316022311983]
L000230 | [Dev Loss: 1.4216]
L000231 | [Dev F1: 0.35019051671324447]
L000232 | [Dev Acc: 0.37152209492635024]
L000233 | 
L000234-L000249 | [REDACTED: batch progress and internal diagnostics]
L000250 | [Epoch 6] [Time: 2.82]
L000251 | [Train Loss: 1.1204]
L000252 | [Train F1: 0.5201722441751826]
L000253 | [Train Acc: 0.5341411809963454]
L000254 | [Dev Loss: 1.4255]
L000255 | [Dev F1: 0.38297413099114963]
L000256 | [Dev Acc: 0.41407528641571195]
L000257 | 
L000258-L000273 | [REDACTED: batch progress and internal diagnostics]
L000274 | [Epoch 7] [Time: 2.82]
L000275 | [Train Loss: 1.1104]
L000276 | [Train F1: 0.5096162577623709]
L000277 | [Train Acc: 0.5420273129447971]
L000278 | [Dev Loss: 1.3985]
L000279 | [Dev F1: 0.35752787389708257]
L000280 | [Dev Acc: 0.42225859247135844]
L000281 | 
L000282-L000297 | [REDACTED: batch progress and internal diagnostics]
L000298 | [Epoch 8] [Time: 2.63]
L000299 | [Train Loss: 1.0927]
L000300 | [Train F1: 0.5328076766128391]
L000301 | [Train Acc: 0.5447201384881708]
L000302 | [Dev Loss: 1.4172]
L000303 | [Dev F1: 0.34102464027577595]
L000304 | [Dev Acc: 0.3404255319148936]
L000305 | 
L000306-L000321 | [REDACTED: batch progress and internal diagnostics]
L000322 | [Epoch 9] [Time: 2.61]
L000323 | [Train Loss: 1.0779]
L000324 | [Train F1: 0.5526006959546357]
L000325 | [Train Acc: 0.5628005385651087]
L000326 | [Dev Loss: 1.4359]
L000327 | [Dev F1: 0.3056850072580327]
L000328 | [Dev Acc: 0.37970540098199673]
L000329 | 
L000330-L000345 | [REDACTED: batch progress and internal diagnostics]
L000346 | [Epoch 10] [Time: 2.87]
L000347 | [Train Loss: 1.0711]
L000348 | [Train F1: 0.5416656739057683]
L000349 | [Train Acc: 0.5579919215233698]
L000350 | [Dev Loss: 1.3551]
L000351 | [Dev F1: 0.37361056506056883]
L000352 | [Dev Acc: 0.41407528641571195]
L000353 | 
L000354-L000369 | [REDACTED: batch progress and internal diagnostics]
L000370 | [Epoch 11] [Time: 2.82]
L000371 | [Train Loss: 1.0592]
L000372 | [Train F1: 0.551467612779336]
L000373 | [Train Acc: 0.5620311598384304]
L000374 | [Dev Loss: 1.4044]
L000375 | [Dev F1: 0.34657089576263234]
L000376 | [Dev Acc: 0.40589198036006546]
L000377 | 
L000378-L000393 | [REDACTED: batch progress and internal diagnostics]
L000394 | [Epoch 12] [Time: 2.80]
L000395 | [Train Loss: 1.0495]
L000396 | [Train F1: 0.5687180315365017]
L000397 | [Train Acc: 0.5776110790536642]
L000398 | [Dev Loss: 1.3298]
L000399 | [Dev F1: 0.3372949172906454]
L000400 | [Dev Acc: 0.39279869067103107]
L000401 | 
L000402-L000417 | [REDACTED: batch progress and internal diagnostics]
L000418 | [Epoch 13] [Time: 2.94]
L000419 | [Train Loss: 1.0275]
L000420 | [Train F1: 0.5645062880633971]
L000421 | [Train Acc: 0.5789574918253511]
L000422 | [Dev Loss: 1.3622]
L000423 | [Dev F1: 0.3391895667457662]
L000424 | [Dev Acc: 0.41734860883797054]
L000425 | 
L000426-L000441 | [REDACTED: batch progress and internal diagnostics]
L000442 | [Epoch 14] [Time: 2.93]
L000443 | [Train Loss: 1.0053]
L000444 | [Train F1: 0.5726745600347378]
L000445 | [Train Acc: 0.586266589728794]
L000446 | [Dev Loss: 1.3284]
L000447 | [Dev F1: 0.3307574422094236]
L000448 | [Dev Acc: 0.3878887070376432]
L000449 | 
L000450-L000465 | [REDACTED: batch progress and internal diagnostics]
L000466 | [Epoch 15] [Time: 2.79]
L000467 | [Train Loss: 1.0048]
L000468 | [Train F1: 0.5785277131266511]
L000469 | [Train Acc: 0.5841507982304289]
L000470 | [Dev Loss: 1.3261]
L000471 | [Dev F1: 0.3219942251354315]
L000472 | [Dev Acc: 0.40916530278232405]
L000473 | 
L000474-L000489 | [REDACTED: batch progress and internal diagnostics]
L000490 | [Epoch 16] [Time: 2.95]
L000491 | [Train Loss: 0.9972]
L000492 | [Train F1: 0.5705782056756059]
L000493 | [Train Acc: 0.5868436237738026]
L000494 | [Dev Loss: 1.2987]
L000495 | [Dev F1: 0.3758176857432036]
L000496 | [Dev Acc: 0.40098199672667756]
L000497 | 
L000498-L000513 | [REDACTED: batch progress and internal diagnostics]
L000514 | [Epoch 17] [Time: 2.83]
L000515 | [Train Loss: 0.9931]
L000516 | [Train F1: 0.5807353169989534]
L000517 | [Train Acc: 0.5928063089055587]
L000518 | [Dev Loss: 1.3092]
L000519 | [Dev F1: 0.36042989799383185]
L000520 | [Dev Acc: 0.4288052373158756]
L000521 | 
L000522-L000537 | [REDACTED: batch progress and internal diagnostics]
L000538 | [Epoch 18] [Time: 2.65]
L000539 | [Train Loss: 0.9722]
L000540 | [Train F1: 0.5937403592165564]
L000541 | [Train Acc: 0.6005000961723408]
L000542 | [Dev Loss: 1.31]
L000543 | [Dev F1: 0.3687427014069986]
L000544 | [Dev Acc: 0.39279869067103107]
L000545 | 
L000546-L000561 | [REDACTED: batch progress and internal diagnostics]
L000562 | [Epoch 19] [Time: 2.91]
L000563 | [Train Loss: 0.9646]
L000564 | [Train F1: 0.5829173106032408]
L000565 | [Train Acc: 0.6001154068090018]
L000566 | [Dev Loss: 1.3002]
L000567 | [Dev F1: 0.340790275318614]
L000568 | [Dev Acc: 0.397708674304419]
L000569 | 
L000570-L000585 | [REDACTED: batch progress and internal diagnostics]
L000586 | [Epoch 20] [Time: 2.76]
L000587 | [Train Loss: 0.9689]
L000588 | [Train F1: 0.593627040170083]
L000589 | [Train Acc: 0.5962685131756107]
L000590 | [Dev Loss: 1.2859]
L000591 | [Dev F1: 0.3427738655955472]
L000592 | [Dev Acc: 0.42716857610474634]
L000593 | 
L000594-L000609 | [REDACTED: batch progress and internal diagnostics]
L000610 | [Epoch 21] [Time: 2.84]
L000611 | [Train Loss: 0.9729]
L000612 | [Train F1: 0.5865526973770498]
L000613 | [Train Acc: 0.5987689940373149]
L000614 | [Dev Loss: 1.3702]
L000615 | [Dev F1: 0.39698115609466744]
L000616 | [Dev Acc: 0.4386252045826514]
L000617 | 
L000618-L000633 | [REDACTED: batch progress and internal diagnostics]
L000634 | [Epoch 22] [Time: 2.72]
L000635 | [Train Loss: 0.9622]
L000636 | [Train F1: 0.5845654902215394]
L000637 | [Train Acc: 0.5928063089055587]
L000638 | [Dev Loss: 1.3652]
L000639 | [Dev F1: 0.29375691639853957]
L000640 | [Dev Acc: 0.397708674304419]
L000641 | 
L000642-L000657 | [REDACTED: batch progress and internal diagnostics]
L000658 | [Epoch 23] [Time: 2.73]
L000659 | [Train Loss: 0.9634]
L000660 | [Train F1: 0.5844586855556233]
L000661 | [Train Acc: 0.5922292748605501]
L000662 | [Dev Loss: 1.3071]
L000663 | [Dev F1: 0.40593010578063293]
L000664 | [Dev Acc: 0.4288052373158756]
L000665 | 
L000666-L000681 | [REDACTED: batch progress and internal diagnostics]
L000682 | [Epoch 24] [Time: 2.83]
L000683 | [Train Loss: 0.9525]
L000684 | [Train F1: 0.5847706013725728]
L000685 | [Train Acc: 0.5964608578572802]
L000686 | [Dev Loss: 1.3706]
L000687 | [Dev F1: 0.3358820349087512]
L000688 | [Dev Acc: 0.4157119476268412]
L000689 | 
L000690-L000705 | [REDACTED: batch progress and internal diagnostics]
L000706 | [Epoch 25] [Time: 2.76]
L000707 | [Train Loss: 0.9531]
L000708 | [Train F1: 0.5864371179202906]
L000709 | [Train Acc: 0.5951144450855934]
L000710 | [Dev Loss: 1.3044]
L000711 | [Dev F1: 0.3743520272385212]
L000712 | [Dev Acc: 0.4369885433715221]
L000713 | 
L000714-L000729 | [REDACTED: batch progress and internal diagnostics]
L000730 | [Epoch 26] [Time: 2.71]
L000731 | [Train Loss: 0.9433]
L000732 | [Train F1: 0.5954105728141666]
L000733 | [Train Acc: 0.6055010578957492]
L000734 | [Dev Loss: 1.3037]
L000735 | [Dev F1: 0.4087842989081373]
L000736 | [Dev Acc: 0.4337152209492635]
L000737 | 
L000738-L000753 | [REDACTED: batch progress and internal diagnostics]
L000754 | [Epoch 27] [Time: 2.80]
L000755 | [Train Loss: 0.93]
L000756 | [Train F1: 0.5939884190090609]
L000757 | [Train Acc: 0.5985766493556454]
L000758 | [Dev Loss: 1.3553]
L000759 | [Dev F1: 0.37513106442646454]
L000760 | [Dev Acc: 0.4337152209492635]
L000761 | 
L000762-L000777 | [REDACTED: batch progress and internal diagnostics]
L000778 | [Epoch 28] [Time: 2.66]
L000779 | [Train Loss: 0.912]
L000780 | [Train F1: 0.6081485364028099]
L000781 | [Train Acc: 0.6172340834775919]
L000782 | [Dev Loss: 1.2786]
L000783 | [Dev F1: 0.38889607725012454]
L000784 | [Dev Acc: 0.4713584288052373]
L000785 | 
L000786-L000801 | [REDACTED: batch progress and internal diagnostics]
L000802 | [Epoch 29] [Time: 2.86]
L000803 | [Train Loss: 0.9187]
L000804 | [Train F1: 0.6052944359237609]
L000805 | [Train Acc: 0.6130025004808617]
L000806 | [Dev Loss: 1.3319]
L000807 | [Dev F1: 0.3352397822673291]
L000808 | [Dev Acc: 0.44680851063829785]
L000809 | 
L000810-L000825 | [REDACTED: batch progress and internal diagnostics]
L000826 | [Epoch 30] [Time: 2.72]
L000827 | [Train Loss: 0.8999]
L000828 | [Train F1: 0.6128301140092229]
L000829 | [Train Acc: 0.6191575302942873]
L000830 | [Dev Loss: 1.2935]
L000831 | [Dev F1: 0.3769163728017613]
L000832 | [Dev Acc: 0.43044189852700493]
L000833 | 
L000834-L000849 | [REDACTED: batch progress and internal diagnostics]
L000850 | [Epoch 31] [Time: 2.91]
L000851 | [Train Loss: 0.8977]
L000852 | [Train F1: 0.6134484732713851]
L000853 | [Train Acc: 0.6224273898826698]
L000854 | [Dev Loss: 1.3661]
L000855 | [Dev F1: 0.38427962696809714]
L000856 | [Dev Acc: 0.4582651391162029]
L000857 | 
L000858-L000873 | [REDACTED: batch progress and internal diagnostics]
L000874 | [Epoch 32] [Time: 2.82]
L000875 | [Train Loss: 0.9006]
L000876 | [Train F1: 0.6113359860271854]
L000877 | [Train Acc: 0.6135795345258703]
L000878 | [Dev Loss: 1.2398]
L000879 | [Dev F1: 0.44697360662718333]
L000880 | [Dev Acc: 0.48936170212765956]
L000881 | 
L000882-L000897 | [REDACTED: batch progress and internal diagnostics]
L000898 | [Epoch 33] [Time: 2.78]
L000899 | [Train Loss: 0.8963]
L000900 | [Train F1: 0.61154919850213]
L000901 | [Train Acc: 0.6189651856126178]
L000902 | [Dev Loss: 1.4174]
L000903 | [Dev F1: 0.348262834747807]
L000904 | [Dev Acc: 0.40425531914893614]
L000905 | 
L000906-L000921 | [REDACTED: batch progress and internal diagnostics]
L000922 | [Epoch 34] [Time: 2.90]
L000923 | [Train Loss: 0.9033]
L000924 | [Train F1: 0.6085303247547882]
L000925 | [Train Acc: 0.6133871898442008]
L000926 | [Dev Loss: 1.3108]
L000927 | [Dev F1: 0.37877680658136226]
L000928 | [Dev Acc: 0.46317512274959083]
L000929 | 
L000930-L000945 | [REDACTED: batch progress and internal diagnostics]
L000946 | [Epoch 35] [Time: 2.74]
L000947 | [Train Loss: 0.8941]
L000948 | [Train F1: 0.6183518399659541]
L000949 | [Train Acc: 0.6189651856126178]
L000950 | [Dev Loss: 1.2853]
L000951 | [Dev F1: 0.36362441922606636]
L000952 | [Dev Acc: 0.425531914893617]
L000953 | 
L000954-L000969 | [REDACTED: batch progress and internal diagnostics]
L000970 | [Epoch 36] [Time: 2.72]
L000971 | [Train Loss: 0.8907]
L000972 | [Train F1: 0.614126367958104]
L000973 | [Train Acc: 0.6210809771109829]
L000974 | [Dev Loss: 1.3683]
L000975 | [Dev F1: 0.3228505157485293]
L000976 | [Dev Acc: 0.41243862520458263]
L000977 | 
L000978-L000993 | [REDACTED: batch progress and internal diagnostics]
L000994 | [Epoch 37] [Time: 2.84]
L000995 | [Train Loss: 0.8983]
L000996 | [Train F1: 0.6143756021225684]
L000997 | [Train Acc: 0.6168493941142528]
L000998 | [Dev Loss: 1.2657]
L000999 | [Dev F1: 0.42714301207429306]
L001000 | [Dev Acc: 0.44680851063829785]
L001001 | 
L001002-L001017 | [REDACTED: batch progress and internal diagnostics]
L001018 | [Epoch 38] [Time: 2.79]
L001019 | [Train Loss: 0.8964]
L001020 | [Train F1: 0.6194202518831642]
L001021 | [Train Acc: 0.6239661473360262]
L001022 | [Dev Loss: 1.335]
L001023 | [Dev F1: 0.34876801741384644]
L001024 | [Dev Acc: 0.4288052373158756]
L001025 | 
L001026-L001041 | [REDACTED: batch progress and internal diagnostics]
L001042 | [Epoch 39] [Time: 2.76]
L001043 | [Train Loss: 0.8842]
L001044 | [Train F1: 0.6163550563426419]
L001045 | [Train Acc: 0.6239661473360262]
L001046 | [Dev Loss: 1.2532]
L001047 | [Dev F1: 0.41341564082484017]
L001048 | [Dev Acc: 0.44844517184942717]
L001049 | 
L001050-L001065 | [REDACTED: batch progress and internal diagnostics]
L001066 | [Epoch 40] [Time: 2.82]
L001067 | [Train Loss: 0.8721]
L001068 | [Train F1: 0.6272057593942542]
L001069 | [Train Acc: 0.6301211771494518]
L001070 | [Dev Loss: 1.3026]
L001071 | [Dev F1: 0.3680821934388416]
L001072 | [Dev Acc: 0.425531914893617]
L001073 | 
L001074-L001089 | [REDACTED: batch progress and internal diagnostics]
L001090 | [Epoch 41] [Time: 2.89]
L001091 | [Train Loss: 0.8654]
L001092 | [Train F1: 0.6287527621097878]
L001093 | [Train Acc: 0.6331986920561646]
L001094 | [Dev Loss: 1.2686]
L001095 | [Dev F1: 0.3873466262144663]
L001096 | [Dev Acc: 0.46153846153846156]
L001097 | 
L001098-L001113 | [REDACTED: batch progress and internal diagnostics]
L001114 | [Epoch 42] [Time: 2.71]
L001115 | [Train Loss: 0.8622]
L001116 | [Train F1: 0.6265589347437408]
L001117 | [Train Acc: 0.6297364877861127]
L001118 | [Dev Loss: 1.2747]
L001119 | [Dev F1: 0.3858348162621555]
L001120 | [Dev Acc: 0.46481178396072015]
L001121 | 
L001122-L001137 | [REDACTED: batch progress and internal diagnostics]
L001138 | [Epoch 43] [Time: 2.83]
L001139 | [Train Loss: 0.8561]
L001140 | [Train F1: 0.6228547457925837]
L001141 | [Train Acc: 0.6295441431044432]
L001142 | [Dev Loss: 1.2804]
L001143 | [Dev F1: 0.41833490977436716]
L001144 | [Dev Acc: 0.4451718494271686]
L001145 | 
L001146-L001161 | [REDACTED: batch progress and internal diagnostics]
L001162 | [Epoch 44] [Time: 2.74]
L001163 | [Train Loss: 0.848]
L001164 | [Train F1: 0.6279680077324802]
L001165 | [Train Acc: 0.6312752452394691]
L001166 | [Dev Loss: 1.2759]
L001167 | [Dev F1: 0.3836559475386327]
L001168 | [Dev Acc: 0.4713584288052373]
L001169 | 
L001170-L001185 | [REDACTED: batch progress and internal diagnostics]
L001186 | [Epoch 45] [Time: 2.81]
L001187 | [Train Loss: 0.8401]
L001188 | [Train F1: 0.6317910696471963]
L001189 | [Train Acc: 0.6349297941911907]
L001190 | [Dev Loss: 1.2746]
L001191 | [Dev F1: 0.39418660934481015]
L001192 | [Dev Acc: 0.44844517184942717]
L001193 | 
L001194-L001209 | [REDACTED: batch progress and internal diagnostics]
L001210 | [Epoch 46] [Time: 2.74]
L001211 | [Train Loss: 0.8398]
L001212 | [Train F1: 0.6343956625870383]
L001213 | [Train Acc: 0.6393537218695903]
L001214 | [Dev Loss: 1.2952]
L001215 | [Dev F1: 0.3772299292625917]
L001216 | [Dev Acc: 0.4451718494271686]
L001217 | 
L001218-L001233 | [REDACTED: batch progress and internal diagnostics]
L001234 | [Epoch 47] [Time: 2.89]
L001235 | [Train Loss: 0.8378]
L001236 | [Train F1: 0.6316553801190118]
L001237 | [Train Acc: 0.6331986920561646]
L001238 | [Dev Loss: 1.2344]
L001239 | [Dev F1: 0.4555383738009066]
L001240 | [Dev Acc: 0.49754500818330605]
L001241 | 
L001242-L001257 | [REDACTED: batch progress and internal diagnostics]
L001258 | [Epoch 48] [Time: 2.96]
L001259 | [Train Loss: 0.8361]
L001260 | [Train F1: 0.628600833030346]
L001261 | [Train Acc: 0.6339680707828429]
L001262 | [Dev Loss: 1.3066]
L001263 | [Dev F1: 0.38541428260439237]
L001264 | [Dev Acc: 0.4582651391162029]
L001265 | 
L001266-L001281 | [REDACTED: batch progress and internal diagnostics]
L001282 | [Epoch 49] [Time: 2.86]
L001283 | [Train Loss: 0.8319]
L001284 | [Train F1: 0.6348062475288911]
L001285 | [Train Acc: 0.6372379303712252]
L001286 | [Dev Loss: 1.2701]
L001287 | [Dev F1: 0.4093305419870336]
L001288 | [Dev Acc: 0.4337152209492635]
L001289 | 
L001290-L001305 | [REDACTED: batch progress and internal diagnostics]
L001306 | [Epoch 50] [Time: 2.74]
L001307 | [Train Loss: 0.8504]
L001308 | [Train F1: 0.6261351355933726]
L001309 | [Train Acc: 0.6299288324677823]
L001310 | [Dev Loss: 1.3062]
L001311 | [Dev F1: 0.4178687344588403]
L001312 | [Dev Acc: 0.469721767594108]
L001313 | 
L001314-L001329 | [REDACTED: batch progress and internal diagnostics]
L001330 | [Epoch 51] [Time: 2.86]
L001331 | [Train Loss: 0.8434]
L001332 | [Train F1: 0.632608713495274]
L001333 | [Train Acc: 0.6351221388728602]
L001334 | [Dev Loss: 1.2514]
L001335 | [Dev F1: 0.3692447640296391]
L001336 | [Dev Acc: 0.3993453355155483]
L001337 | 
L001338-L001353 | [REDACTED: batch progress and internal diagnostics]
L001354 | [Epoch 52] [Time: 2.89]
L001355 | [Train Loss: 0.8555]
L001356 | [Train F1: 0.6245547867530917]
L001357 | [Train Acc: 0.6293517984227736]
L001358 | [Dev Loss: 1.2885]
L001359 | [Dev F1: 0.44151374888671246]
L001360 | [Dev Acc: 0.47299509001636664]
L001361 | 
L001362-L001377 | [REDACTED: batch progress and internal diagnostics]
L001378 | [Epoch 53] [Time: 2.74]
L001379 | [Train Loss: 0.8578]
L001380 | [Train F1: 0.6267638633393962]
L001381 | [Train Acc: 0.6316599346028082]
L001382 | [Dev Loss: 1.3845]
L001383 | [Dev F1: 0.3591114415965747]
L001384 | [Dev Acc: 0.4402618657937807]
L001385 | 
L001386-L001401 | [REDACTED: batch progress and internal diagnostics]
L001402 | [Epoch 54] [Time: 2.89]
L001403 | [Train Loss: 0.8633]
L001404 | [Train F1: 0.6220493289201732]
L001405 | [Train Acc: 0.6237738026543566]
L001406 | [Dev Loss: 1.3022]
L001407 | [Dev F1: 0.42427408636419045]
L001408 | [Dev Acc: 0.4533551554828151]
L001409 | 
L001410-L001425 | [REDACTED: batch progress and internal diagnostics]
L001426 | [Epoch 55] [Time: 2.65]
L001427 | [Train Loss: 0.854]
L001428 | [Train F1: 0.6306351722514748]
L001429 | [Train Acc: 0.634737449509521]
L001430 | [Dev Loss: 1.2394]
L001431 | [Dev F1: 0.45053660869678563]
L001432 | [Dev Acc: 0.4877250409165303]
L001433 | 
L001434-L001449 | [REDACTED: batch progress and internal diagnostics]
L001450 | [Epoch 56] [Time: 2.93]
L001451 | [Train Loss: 0.8276]
L001452 | [Train F1: 0.6416748130372353]
L001453 | [Train Acc: 0.6447393729563378]
L001454 | [Dev Loss: 1.3253]
L001455 | [Dev F1: 0.3970426749928848]
L001456 | [Dev Acc: 0.44353518821603927]
L001457 | 
L001458-L001473 | [REDACTED: batch progress and internal diagnostics]
L001474 | [Epoch 57] [Time: 2.72]
L001475 | [Train Loss: 0.835]
L001476 | [Train F1: 0.6423020742756718]
L001477 | [Train Acc: 0.6455087516830159]
L001478 | [Dev Loss: 1.2783]
L001479 | [Dev F1: 0.4067208759003073]
L001480 | [Dev Acc: 0.4500818330605565]
L001481 | 
L001482-L001497 | [REDACTED: batch progress and internal diagnostics]
L001498 | [Epoch 58] [Time: 2.73]
L001499 | [Train Loss: 0.8261]
L001500 | [Train F1: 0.6273113853214743]
L001501 | [Train Acc: 0.6331986920561646]
L001502 | [Dev Loss: 1.3218]
L001503 | [Dev F1: 0.439056682338474]
L001504 | [Dev Acc: 0.48117839607201307]
L001505 | 
L001506-L001521 | [REDACTED: batch progress and internal diagnostics]
L001522 | [Epoch 59] [Time: 2.66]
L001523 | [Train Loss: 0.8147]
L001524 | [Train F1: 0.6420328611586927]
L001525 | [Train Acc: 0.6453164070013464]
L001526 | [Dev Loss: 1.2867]
L001527 | [Dev F1: 0.40762297913712997]
L001528 | [Dev Acc: 0.46808510638297873]
L001529 | 
L001530-L001545 | [REDACTED: batch progress and internal diagnostics]
L001546 | [Epoch 60] [Time: 2.80]
L001547 | [Train Loss: 0.8194]
L001548 | [Train F1: 0.6455135128946858]
L001549 | [Train Acc: 0.6482015772263897]
L001550 | [Dev Loss: 1.2949]
L001551 | [Dev F1: 0.4012292359731486]
L001552 | [Dev Acc: 0.45499181669394434]
L001553 | 
L001554-L001569 | [REDACTED: batch progress and internal diagnostics]
L001570 | [Epoch 61] [Time: 2.81]
L001571 | [Train Loss: 0.7992]
L001572 | [Train F1: 0.6411686985433893]
L001573 | [Train Acc: 0.6447393729563378]
L001574 | [Dev Loss: 1.268]
L001575 | [Dev F1: 0.4413649203989723]
L001576 | [Dev Acc: 0.4844517184942717]
L001577 | 
L001578-L001593 | [REDACTED: batch progress and internal diagnostics]
L001594 | [Epoch 62] [Time: 2.79]
L001595 | [Train Loss: 0.806]
L001596 | [Train F1: 0.6447019730316131]
L001597 | [Train Acc: 0.649355645316407]
L001598 | [Dev Loss: 1.3048]
L001599 | [Dev F1: 0.4054646770836709]
L001600 | [Dev Acc: 0.45662847790507366]
L001601 | 
L001602-L001617 | [REDACTED: batch progress and internal diagnostics]
L001618 | [Epoch 63] [Time: 2.83]
L001619 | [Train Loss: 0.802]
L001620 | [Train F1: 0.649053118623723]
L001621 | [Train Acc: 0.6505097134064243]
L001622 | [Dev Loss: 1.3003]
L001623 | [Dev F1: 0.43981996235582677]
L001624 | [Dev Acc: 0.4909983633387889]
L001625 | 
L001626-L001641 | [REDACTED: batch progress and internal diagnostics]
L001642 | [Epoch 64] [Time: 2.70]
L001643 | [Train Loss: 0.7989]
L001644 | [Train F1: 0.6492360076206737]
L001645 | [Train Acc: 0.6520484708597807]
L001646 | [Dev Loss: 1.2571]
L001647 | [Dev F1: 0.43918688911456244]
L001648 | [Dev Acc: 0.486088379705401]
L001649 | 
L001650-L001665 | [REDACTED: batch progress and internal diagnostics]
L001666 | [Epoch 65] [Time: 2.76]
L001667 | [Train Loss: 0.7997]
L001668 | [Train F1: 0.6451953121402186]
L001669 | [Train Acc: 0.649355645316407]
L001670 | [Dev Loss: 1.3114]
L001671 | [Dev F1: 0.4084193480946451]
L001672 | [Dev Acc: 0.46153846153846156]
L001673 | 
L001674-L001689 | [REDACTED: batch progress and internal diagnostics]
L001690 | [Epoch 66] [Time: 2.85]
L001691 | [Train Loss: 0.794]
L001692 | [Train F1: 0.6553057588216122]
L001693 | [Train Acc: 0.65666474321985]
L001694 | [Dev Loss: 1.273]
L001695 | [Dev F1: 0.43707133882987437]
L001696 | [Dev Acc: 0.48117839607201307]
L001697 | 
L001698-L001713 | [REDACTED: batch progress and internal diagnostics]
L001714 | [Epoch 67] [Time: 2.83]
L001715 | [Train Loss: 0.7847]
L001716 | [Train F1: 0.6490796050734329]
L001717 | [Train Acc: 0.6530101942681285]
L001718 | [Dev Loss: 1.2902]
L001719 | [Dev F1: 0.41286808778573036]
L001720 | [Dev Acc: 0.47299509001636664]
L001721 | 
L001722-L001737 | [REDACTED: batch progress and internal diagnostics]
L001738 | [Epoch 68] [Time: 2.77]
L001739 | [Train Loss: 0.7853]
L001740 | [Train F1: 0.6527105039151316]
L001741 | [Train Acc: 0.6558953644931718]
L001742 | [Dev Loss: 1.2961]
L001743 | [Dev F1: 0.4221283131529471]
L001744 | [Dev Acc: 0.46808510638297873]
L001745 | 
L001746-L001761 | [REDACTED: batch progress and internal diagnostics]
L001762 | [Epoch 69] [Time: 2.75]
L001763 | [Train Loss: 0.7765]
L001764 | [Train F1: 0.6531255349146955]
L001765 | [Train Acc: 0.6564723985381804]
L001766 | [Dev Loss: 1.2857]
L001767 | [Dev F1: 0.44118707719117484]
L001768 | [Dev Acc: 0.4828150572831424]
L001769 | 
L001770-L001785 | [REDACTED: batch progress and internal diagnostics]
L001786 | [Epoch 70] [Time: 2.55]
L001787 | [Train Loss: 0.778]
L001788 | [Train F1: 0.6549889052259907]
L001789 | [Train Acc: 0.65666474321985]
L001790 | [Dev Loss: 1.2593]
L001791 | [Dev F1: 0.43683376748554287]
L001792 | [Dev Acc: 0.4795417348608838]
L001793 | 
L001794-L001809 | [REDACTED: batch progress and internal diagnostics]
L001810 | [Epoch 71] [Time: 2.62]
L001811 | [Train Loss: 0.7913]
L001812 | [Train F1: 0.6431792747498493]
L001813 | [Train Acc: 0.6468551644547028]
L001814 | [Dev Loss: 1.291]
L001815 | [Dev F1: 0.38360807284346515]
L001816 | [Dev Acc: 0.42225859247135844]
L001817 | 
L001818-L001833 | [REDACTED: batch progress and internal diagnostics]
L001834 | [Epoch 72] [Time: 2.75]
L001835 | [Train Loss: 0.7833]
L001836 | [Train F1: 0.6494419262527652]
L001837 | [Train Acc: 0.6507020580880939]
L001838 | [Dev Loss: 1.2782]
L001839 | [Dev F1: 0.44345113343762194]
L001840 | [Dev Acc: 0.486088379705401]
L001841 | 
L001842-L001857 | [REDACTED: batch progress and internal diagnostics]
L001858 | [Epoch 73] [Time: 2.89]
L001859 | [Train Loss: 0.7994]
L001860 | [Train F1: 0.6431285727056493]
L001861 | [Train Acc: 0.6478168878630506]
L001862 | [Dev Loss: 1.3374]
L001863 | [Dev F1: 0.38339312488019495]
L001864 | [Dev Acc: 0.4337152209492635]
L001865 | 
L001866-L001881 | [REDACTED: batch progress and internal diagnostics]
L001882 | [Epoch 74] [Time: 2.63]
L001883 | [Train Loss: 0.7948]
L001884 | [Train F1: 0.6496579995803763]
L001885 | [Train Acc: 0.651471436814772]
L001886 | [Dev Loss: 1.3453]
L001887 | [Dev F1: 0.37877966346204506]
L001888 | [Dev Acc: 0.41898527004909986]
L001889 | 
L001890-L001905 | [REDACTED: batch progress and internal diagnostics]
L001906 | [Epoch 75] [Time: 3.01]
L001907 | [Train Loss: 0.7891]
L001908 | [Train F1: 0.655409721564584]
L001909 | [Train Acc: 0.6582035006732064]
L001910 | [Dev Loss: 1.2344]
L001911 | [Dev F1: 0.43146575697072215]
L001912 | [Dev Acc: 0.469721767594108]
L001913 | 
L001914-L001929 | [REDACTED: batch progress and internal diagnostics]
L001930 | [Epoch 76] [Time: 2.86]
L001931 | [Train Loss: 0.7905]
L001932 | [Train F1: 0.6521951248758658]
L001933 | [Train Acc: 0.6547412964031545]
L001934 | [Dev Loss: 1.3177]
L001935 | [Dev F1: 0.40638805296340264]
L001936 | [Dev Acc: 0.45662847790507366]
L001937 | 
L001938-L001953 | [REDACTED: batch progress and internal diagnostics]
L001954 | [Epoch 77] [Time: 2.64]
L001955 | [Train Loss: 0.7883]
L001956 | [Train F1: 0.6486953463098335]
L001957 | [Train Acc: 0.6512790921331025]
L001958 | [Dev Loss: 1.3435]
L001959 | [Dev F1: 0.42273063492979435]
L001960 | [Dev Acc: 0.4746317512274959]
L001961 | 
L001962-L001977 | [REDACTED: batch progress and internal diagnostics]
L001978 | [Epoch 78] [Time: 2.77]
L001979 | [Train Loss: 0.8002]
L001980 | [Train F1: 0.644763873014661]
L001981 | [Train Acc: 0.6457010963646855]
L001982 | [Dev Loss: 1.2871]
L001983 | [Dev F1: 0.38223161816386514]
L001984 | [Dev Acc: 0.425531914893617]
L001985 | 
L001986-L002001 | [REDACTED: batch progress and internal diagnostics]
L002002 | [Epoch 79] [Time: 2.84]
L002003 | [Train Loss: 0.8062]
L002004 | [Train F1: 0.6442115135226135]
L002005 | [Train Acc: 0.6485862665897288]
L002006 | [Dev Loss: 1.2503]
L002007 | [Dev F1: 0.4117734703910461]
L002008 | [Dev Acc: 0.4713584288052373]
L002009 | 
L002010-L002025 | [REDACTED: batch progress and internal diagnostics]
L002026 | [Epoch 80] [Time: 2.71]
L002027 | [Train Loss: 0.7928]
L002028 | [Train F1: 0.6394097517295351]
L002029 | [Train Acc: 0.6410848240046163]
L002030 | [Dev Loss: 1.2759]
L002031 | [Dev F1: 0.4307811963720505]
L002032 | [Dev Acc: 0.4844517184942717]
L002033 | 
L002034-L002049 | [REDACTED: batch progress and internal diagnostics]
L002050 | [Epoch 81] [Time: 2.66]
L002051 | [Train Loss: 0.788]
L002052 | [Train F1: 0.6389447658464956]
L002053 | [Train Acc: 0.6445470282746683]
L002054 | [Dev Loss: 1.2539]
L002055 | [Dev F1: 0.41941353660609276]
L002056 | [Dev Acc: 0.45662847790507366]
L002057 | 
L002058-L002073 | [REDACTED: batch progress and internal diagnostics]
L002074 | [Epoch 82] [Time: 2.76]
L002075 | [Train Loss: 0.7787]
L002076 | [Train F1: 0.6581237436463798]
L002077 | [Train Acc: 0.6589728793998846]
L002078 | [Dev Loss: 1.3474]
L002079 | [Dev F1: 0.39141406877492785]
L002080 | [Dev Acc: 0.45499181669394434]
L002081 | 
L002082-L002097 | [REDACTED: batch progress and internal diagnostics]
L002098 | [Epoch 83] [Time: 2.75]
L002099 | [Train Loss: 0.7845]
L002100 | [Train F1: 0.6508567109163195]
L002101 | [Train Acc: 0.6535872283131371]
L002102 | [Dev Loss: 1.2282]
L002103 | [Dev F1: 0.4109269687963167]
L002104 | [Dev Acc: 0.4582651391162029]
L002105 | 
L002106-L002121 | [REDACTED: batch progress and internal diagnostics]
L002122 | [Epoch 84] [Time: 2.79]
L002123 | [Train Loss: 0.7687]
L002124 | [Train F1: 0.6542564578457989]
L002125 | [Train Acc: 0.6593575687632237]
L002126 | [Dev Loss: 1.3468]
L002127 | [Dev F1: 0.3970875803317111]
L002128 | [Dev Acc: 0.4402618657937807]
L002129 | 
L002130-L002145 | [REDACTED: batch progress and internal diagnostics]
L002146 | [Epoch 85] [Time: 2.66]
L002147 | [Train Loss: 0.7771]
L002148 | [Train F1: 0.6571346107205983]
L002149 | [Train Acc: 0.6574341219465282]
L002150 | [Dev Loss: 1.2648]
L002151 | [Dev F1: 0.44062887050225796]
L002152 | [Dev Acc: 0.47299509001636664]
L002153 | 
L002154-L002169 | [REDACTED: batch progress and internal diagnostics]
L002170 | [Epoch 86] [Time: 2.74]
L002171 | [Train Loss: 0.7743]
L002172 | [Train F1: 0.6524502062716413]
L002173 | [Train Acc: 0.6547412964031545]
L002174 | [Dev Loss: 1.3419]
L002175 | [Dev F1: 0.4126448469306225]
L002176 | [Dev Acc: 0.4664484451718494]
L002177 | 
L002178-L002193 | [REDACTED: batch progress and internal diagnostics]
L002194 | [Epoch 87] [Time: 2.99]
L002195 | [Train Loss: 0.7693]
L002196 | [Train F1: 0.6582262058818147]
L002197 | [Train Acc: 0.6616657049432583]
L002198 | [Dev Loss: 1.2729]
L002199 | [Dev F1: 0.42042895020146254]
L002200 | [Dev Acc: 0.45990180032733224]
L002201 | Early stopping at epoch: 87
L002202 | Last model
L002203 |               precision    recall  f1-score   support
L002204 | 
L002205 |          hap     0.5575    0.4375    0.4903       144
L002206 |          sad     0.7979    0.6122    0.6928       245
L002207 |          neu     0.5687    0.6146    0.5907       384
L002208 |          ang     0.6667    0.5176    0.5828       170
L002209 |          exc     0.7120    0.7525    0.7317       299
L002210 |          fru     0.4989    0.6010    0.5452       381
L002211 | 
L002212 |     accuracy                         0.6106      1623
L002213 |    macro avg     0.6336    0.5893    0.6056      1623
L002214 | weighted avg     0.6226    0.6106    0.6117      1623
L002215 | 
L002216 | Best model at epoch: 47
L002217 | Best dev F1: 0.4555383738009066
L002218 |               precision    recall  f1-score   support
L002219 | 
L002220 |          hap     0.5288    0.3819    0.4435       144
L002221 |          sad     0.7348    0.6898    0.7116       245
L002222 |          neu     0.5711    0.6380    0.6027       384
L002223 |          ang     0.7094    0.4882    0.5784       170
L002224 |          exc     0.7061    0.7793    0.7409       299
L002225 |          fru     0.5375    0.5827    0.5592       381
L002226 | 
L002227 |     accuracy                         0.6205      1623
L002228 |    macro avg     0.6313    0.5933    0.6060      1623
L002229 | weighted avg     0.6235    0.6205    0.6177      1623
L002230 | 
L002231 | Best test F1: 0.6177104376216511
L002232 | Best test Acc: 0.6204559457794209
L002233 | [SANITIZED] Saved checkpoint: [path and filename removed]
