# Redacted copy of an existing run log.
# run_id: G04-seed4
# dataset: IEMOCAP
# model: GCNet+AMBER
# imr: (0.5,0.7,0.3)
# seed_alias: seed4
# original_log_sha256: 7103b14ec5a5c9b2e1624095f43fa0417a59ebcf3238e343e5a13c149babb430
# source_record_status: ok
# source_record_process_return_code: 3221226505
# L numbers refer to source logical lines; REDACTED/SANITIZED text is editorial.
L000001-L000005 | [REDACTED: configuration or implementation details]
L000006 | [SANITIZED] FutureWarning: [dependency deprecation notice; implementation details removed]
L000007-L000068 | [REDACTED: configuration or implementation details]
L000069 | [SANITIZED] Seed alias: seed4
L000070 | [REDACTED: configuration or implementation details]
L000071 | 
L000072-L000073 | [REDACTED: batch progress and internal diagnostics]
L000074 | 
L000075-L000076 | [REDACTED: batch progress and internal diagnostics]
L000077 | 
L000078-L000079 | [REDACTED: batch progress and internal diagnostics]
L000080-L000083 | [REDACTED: configuration or implementation details]
L000084 | [SANITIZED] Seed alias: seed4
L000085-L000088 | [REDACTED: configuration or implementation details]
L000089 | 
L000090-L000105 | [REDACTED: batch progress and internal diagnostics]
L000106 | [Epoch 0] [Time: 3.09]
L000107 | [Train Loss: 1.7318]
L000108 | [Train F1: 0.22046918706678395]
L000109 | [Train Acc: 0.27293710328909404]
L000110 | [Dev Loss: 1.6801]
L000111 | [Dev F1: 0.23948916299268028]
L000112 | [Dev Acc: 0.36333878887070375]
L000113 | 
L000114-L000129 | [REDACTED: batch progress and internal diagnostics]
L000130 | [Epoch 1] [Time: 2.81]
L000131 | [Train Loss: 1.5319]
L000132 | [Train F1: 0.3447885491062187]
L000133 | [Train Acc: 0.4204654741296403]
L000134 | [Dev Loss: 1.5845]
L000135 | [Dev F1: 0.24832187265145442]
L000136 | [Dev Acc: 0.36661211129296234]
L000137 | 
L000138-L000153 | [REDACTED: batch progress and internal diagnostics]
L000154 | [Epoch 2] [Time: 2.88]
L000155 | [Train Loss: 1.3413]
L000156 | [Train F1: 0.3954108757178509]
L000157 | [Train Acc: 0.4700904020003847]
L000158 | [Dev Loss: 1.5173]
L000159 | [Dev F1: 0.3041860617250442]
L000160 | [Dev Acc: 0.38461538461538464]
L000161 | 
L000162-L000177 | [REDACTED: batch progress and internal diagnostics]
L000178 | [Epoch 3] [Time: 2.98]
L000179 | [Train Loss: 1.2467]
L000180 | [Train F1: 0.45234937702329026]
L000181 | [Train Acc: 0.49836507020580884]
L000182 | [Dev Loss: 1.4236]
L000183 | [Dev F1: 0.33367030775950624]
L000184 | [Dev Acc: 0.3960720130932897]
L000185 | 
L000186-L000201 | [REDACTED: batch progress and internal diagnostics]
L000202 | [Epoch 4] [Time: 2.66]
L000203 | [Train Loss: 1.1995]
L000204 | [Train F1: 0.49263247649728414]
L000205 | [Train Acc: 0.5235622235045201]
L000206 | [Dev Loss: 1.4305]
L000207 | [Dev F1: 0.28685987659481094]
L000208 | [Dev Acc: 0.38461538461538464]
L000209 | 
L000210-L000225 | [REDACTED: batch progress and internal diagnostics]
L000226 | [Epoch 5] [Time: 2.86]
L000227 | [Train Loss: 1.1557]
L000228 | [Train F1: 0.4823449052002]
L000229 | [Train Acc: 0.5256780150028851]
L000230 | [Dev Loss: 1.4255]
L000231 | [Dev F1: 0.33859669667192444]
L000232 | [Dev Acc: 0.353518821603928]
L000233 | 
L000234-L000249 | [REDACTED: batch progress and internal diagnostics]
L000250 | [Epoch 6] [Time: 2.71]
L000251 | [Train Loss: 1.125]
L000252 | [Train F1: 0.5264187191629959]
L000253 | [Train Acc: 0.5408732448547797]
L000254 | [Dev Loss: 1.4216]
L000255 | [Dev F1: 0.33118099799887785]
L000256 | [Dev Acc: 0.3567921440261866]
L000257 | 
L000258-L000273 | [REDACTED: batch progress and internal diagnostics]
L000274 | [Epoch 7] [Time: 2.69]
L000275 | [Train Loss: 1.1079]
L000276 | [Train F1: 0.5196973765997988]
L000277 | [Train Acc: 0.5452971725331794]
L000278 | [Dev Loss: 1.4638]
L000279 | [Dev F1: 0.30610032450987545]
L000280 | [Dev Acc: 0.37315875613747956]
L000281 | 
L000282-L000297 | [REDACTED: batch progress and internal diagnostics]
L000298 | [Epoch 8] [Time: 2.77]
L000299 | [Train Loss: 1.0854]
L000300 | [Train F1: 0.5372805070965421]
L000301 | [Train Acc: 0.5504904789382573]
L000302 | [Dev Loss: 1.4271]
L000303 | [Dev F1: 0.32673167565810074]
L000304 | [Dev Acc: 0.33060556464811786]
L000305 | 
L000306-L000321 | [REDACTED: batch progress and internal diagnostics]
L000322 | [Epoch 9] [Time: 2.83]
L000323 | [Train Loss: 1.0612]
L000324 | [Train F1: 0.5623693973046374]
L000325 | [Train Acc: 0.5731871513752644]
L000326 | [Dev Loss: 1.401]
L000327 | [Dev F1: 0.33489955163449314]
L000328 | [Dev Acc: 0.39279869067103107]
L000329 | 
L000330-L000345 | [REDACTED: batch progress and internal diagnostics]
L000346 | [Epoch 10] [Time: 2.73]
L000347 | [Train Loss: 1.0517]
L000348 | [Train F1: 0.5643013394325158]
L000349 | [Train Acc: 0.5754952875552991]
L000350 | [Dev Loss: 1.4179]
L000351 | [Dev F1: 0.30945827142990595]
L000352 | [Dev Acc: 0.3502454991816694]
L000353 | 
L000354-L000369 | [REDACTED: batch progress and internal diagnostics]
L000370 | [Epoch 11] [Time: 2.81]
L000371 | [Train Loss: 1.0459]
L000372 | [Train F1: 0.5598539953764791]
L000373 | [Train Acc: 0.566070398153491]
L000374 | [Dev Loss: 1.4134]
L000375 | [Dev F1: 0.2789104126131652]
L000376 | [Dev Acc: 0.35842880523731585]
L000377 | 
L000378-L000393 | [REDACTED: batch progress and internal diagnostics]
L000394 | [Epoch 12] [Time: 2.86]
L000395 | [Train Loss: 1.0612]
L000396 | [Train F1: 0.5432393676121674]
L000397 | [Train Acc: 0.5531833044816311]
L000398 | [Dev Loss: 1.3728]
L000399 | [Dev F1: 0.30710472127144506]
L000400 | [Dev Acc: 0.37970540098199673]
L000401 | 
L000402-L000417 | [REDACTED: batch progress and internal diagnostics]
L000418 | [Epoch 13] [Time: 2.68]
L000419 | [Train Loss: 1.0447]
L000420 | [Train F1: 0.5528315058132062]
L000421 | [Train Acc: 0.5654933641084824]
L000422 | [Dev Loss: 1.4075]
L000423 | [Dev F1: 0.2904340319440238]
L000424 | [Dev Acc: 0.36661211129296234]
L000425 | 
L000426-L000441 | [REDACTED: batch progress and internal diagnostics]
L000442 | [Epoch 14] [Time: 2.92]
L000443 | [Train Loss: 1.0389]
L000444 | [Train F1: 0.5593991282679519]
L000445 | [Train Acc: 0.5728024620119254]
L000446 | [Dev Loss: 1.3695]
L000447 | [Dev F1: 0.3448509903398186]
L000448 | [Dev Acc: 0.3944353518821604]
L000449 | 
L000450-L000465 | [REDACTED: batch progress and internal diagnostics]
L000466 | [Epoch 15] [Time: 2.73]
L000467 | [Train Loss: 1.0214]
L000468 | [Train F1: 0.5704477849076925]
L000469 | [Train Acc: 0.5728024620119254]
L000470 | [Dev Loss: 1.3088]
L000471 | [Dev F1: 0.3628653055392112]
L000472 | [Dev Acc: 0.41734860883797054]
L000473 | 
L000474-L000489 | [REDACTED: batch progress and internal diagnostics]
L000490 | [Epoch 16] [Time: 2.84]
L000491 | [Train Loss: 1.0184]
L000492 | [Train F1: 0.5650839798463011]
L000493 | [Train Acc: 0.5739565301019427]
L000494 | [Dev Loss: 1.3425]
L000495 | [Dev F1: 0.3389681868790917]
L000496 | [Dev Acc: 0.40916530278232405]
L000497 | 
L000498-L000513 | [REDACTED: batch progress and internal diagnostics]
L000514 | [Epoch 17] [Time: 2.83]
L000515 | [Train Loss: 0.9976]
L000516 | [Train F1: 0.5711608863436944]
L000517 | [Train Acc: 0.5820350067320639]
L000518 | [Dev Loss: 1.3436]
L000519 | [Dev F1: 0.2968632185139251]
L000520 | [Dev Acc: 0.37643207855973815]
L000521 | 
L000522-L000537 | [REDACTED: batch progress and internal diagnostics]
L000538 | [Epoch 18] [Time: 2.83]
L000539 | [Train Loss: 1.0013]
L000540 | [Train F1: 0.5729567552371826]
L000541 | [Train Acc: 0.5799192152336988]
L000542 | [Dev Loss: 1.2739]
L000543 | [Dev F1: 0.35435294726991556]
L000544 | [Dev Acc: 0.4026186579378069]
L000545 | 
L000546-L000561 | [REDACTED: batch progress and internal diagnostics]
L000562 | [Epoch 19] [Time: 2.86]
L000563 | [Train Loss: 0.9751]
L000564 | [Train F1: 0.5839592633232669]
L000565 | [Train Acc: 0.5926139642238892]
L000566 | [Dev Loss: 1.3158]
L000567 | [Dev F1: 0.3766979206001497]
L000568 | [Dev Acc: 0.41243862520458263]
L000569 | 
L000570-L000585 | [REDACTED: batch progress and internal diagnostics]
L000586 | [Epoch 20] [Time: 2.55]
L000587 | [Train Loss: 0.9632]
L000588 | [Train F1: 0.5754885681297129]
L000589 | [Train Acc: 0.5835737641854203]
L000590 | [Dev Loss: 1.307]
L000591 | [Dev F1: 0.3710234486142795]
L000592 | [Dev Acc: 0.397708674304419]
L000593 | 
L000594-L000609 | [REDACTED: batch progress and internal diagnostics]
L000610 | [Epoch 21] [Time: 2.68]
L000611 | [Train Loss: 0.9562]
L000612 | [Train F1: 0.5866594734033731]
L000613 | [Train Acc: 0.5929986535872284]
L000614 | [Dev Loss: 1.2674]
L000615 | [Dev F1: 0.364641544850286]
L000616 | [Dev Acc: 0.41734860883797054]
L000617 | 
L000618-L000633 | [REDACTED: batch progress and internal diagnostics]
L000634 | [Epoch 22] [Time: 2.67]
L000635 | [Train Loss: 0.9476]
L000636 | [Train F1: 0.5905758748470616]
L000637 | [Train Acc: 0.5978072706289671]
L000638 | [Dev Loss: 1.3198]
L000639 | [Dev F1: 0.3757784866664357]
L000640 | [Dev Acc: 0.425531914893617]
L000641 | 
L000642-L000657 | [REDACTED: batch progress and internal diagnostics]
L000658 | [Epoch 23] [Time: 2.72]
L000659 | [Train Loss: 0.9458]
L000660 | [Train F1: 0.6012399786769526]
L000661 | [Train Acc: 0.6064627813040969]
L000662 | [Dev Loss: 1.3117]
L000663 | [Dev F1: 0.36537261174327057]
L000664 | [Dev Acc: 0.41243862520458263]
L000665 | 
L000666-L000681 | [REDACTED: batch progress and internal diagnostics]
L000682 | [Epoch 24] [Time: 2.80]
L000683 | [Train Loss: 0.9432]
L000684 | [Train F1: 0.5841524054557088]
L000685 | [Train Acc: 0.5889594152721678]
L000686 | [Dev Loss: 1.2473]
L000687 | [Dev F1: 0.42559973769157167]
L000688 | [Dev Acc: 0.4582651391162029]
L000689 | 
L000690-L000705 | [REDACTED: batch progress and internal diagnostics]
L000706 | [Epoch 25] [Time: 2.90]
L000707 | [Train Loss: 0.9292]
L000708 | [Train F1: 0.5915221708328791]
L000709 | [Train Acc: 0.5997307174456626]
L000710 | [Dev Loss: 1.3044]
L000711 | [Dev F1: 0.38222791378068177]
L000712 | [Dev Acc: 0.40098199672667756]
L000713 | 
L000714-L000729 | [REDACTED: batch progress and internal diagnostics]
L000730 | [Epoch 26] [Time: 2.75]
L000731 | [Train Loss: 0.9366]
L000732 | [Train F1: 0.5915187238216278]
L000733 | [Train Acc: 0.5951144450855934]
L000734 | [Dev Loss: 1.2564]
L000735 | [Dev F1: 0.4102535558550906]
L000736 | [Dev Acc: 0.4828150572831424]
L000737 | 
L000738-L000753 | [REDACTED: batch progress and internal diagnostics]
L000754 | [Epoch 27] [Time: 2.66]
L000755 | [Train Loss: 0.9251]
L000756 | [Train F1: 0.5888146653172044]
L000757 | [Train Acc: 0.5958838238122716]
L000758 | [Dev Loss: 1.2956]
L000759 | [Dev F1: 0.3950110301748696]
L000760 | [Dev Acc: 0.4320785597381342]
L000761 | 
L000762-L000777 | [REDACTED: batch progress and internal diagnostics]
L000778 | [Epoch 28] [Time: 2.77]
L000779 | [Train Loss: 0.9173]
L000780 | [Train F1: 0.5996456296820317]
L000781 | [Train Acc: 0.6043469898057319]
L000782 | [Dev Loss: 1.2649]
L000783 | [Dev F1: 0.38045847375716824]
L000784 | [Dev Acc: 0.44844517184942717]
L000785 | 
L000786-L000801 | [REDACTED: batch progress and internal diagnostics]
L000802 | [Epoch 29] [Time: 2.88]
L000803 | [Train Loss: 0.9194]
L000804 | [Train F1: 0.5975778931081939]
L000805 | [Train Acc: 0.6039623004423927]
L000806 | [Dev Loss: 1.2757]
L000807 | [Dev F1: 0.4200192749590738]
L000808 | [Dev Acc: 0.45171849427168576]
L000809 | 
L000810-L000825 | [REDACTED: batch progress and internal diagnostics]
L000826 | [Epoch 30] [Time: 2.77]
L000827 | [Train Loss: 0.9083]
L000828 | [Train F1: 0.598407389572437]
L000829 | [Train Acc: 0.599538372763993]
L000830 | [Dev Loss: 1.2934]
L000831 | [Dev F1: 0.35635452205463175]
L000832 | [Dev Acc: 0.42225859247135844]
L000833 | 
L000834-L000849 | [REDACTED: batch progress and internal diagnostics]
L000850 | [Epoch 31] [Time: 2.80]
L000851 | [Train Loss: 0.9266]
L000852 | [Train F1: 0.603726656336156]
L000853 | [Train Acc: 0.6099249855741489]
L000854 | [Dev Loss: 1.2767]
L000855 | [Dev F1: 0.3967741063466791]
L000856 | [Dev Acc: 0.4369885433715221]
L000857 | 
L000858-L000873 | [REDACTED: batch progress and internal diagnostics]
L000874 | [Epoch 32] [Time: 2.85]
L000875 | [Train Loss: 0.8984]
L000876 | [Train F1: 0.597230091985452]
L000877 | [Train Acc: 0.6043469898057319]
L000878 | [Dev Loss: 1.2723]
L000879 | [Dev F1: 0.41683435871145524]
L000880 | [Dev Acc: 0.425531914893617]
L000881 | 
L000882-L000897 | [REDACTED: batch progress and internal diagnostics]
L000898 | [Epoch 33] [Time: 2.84]
L000899 | [Train Loss: 0.9043]
L000900 | [Train F1: 0.6081214069493415]
L000901 | [Train Acc: 0.6128101557991922]
L000902 | [Dev Loss: 1.3004]
L000903 | [Dev F1: 0.3850872283458613]
L000904 | [Dev Acc: 0.4320785597381342]
L000905 | 
L000906-L000921 | [REDACTED: batch progress and internal diagnostics]
L000922 | [Epoch 34] [Time: 2.83]
L000923 | [Train Loss: 0.8959]
L000924 | [Train F1: 0.6106643772632083]
L000925 | [Train Acc: 0.61377187920754]
L000926 | [Dev Loss: 1.2859]
L000927 | [Dev F1: 0.3952267077643055]
L000928 | [Dev Acc: 0.425531914893617]
L000929 | 
L000930-L000945 | [REDACTED: batch progress and internal diagnostics]
L000946 | [Epoch 35] [Time: 2.90]
L000947 | [Train Loss: 0.9044]
L000948 | [Train F1: 0.6031636074650143]
L000949 | [Train Acc: 0.6089632621658011]
L000950 | [Dev Loss: 1.301]
L000951 | [Dev F1: 0.38504786735385393]
L000952 | [Dev Acc: 0.42225859247135844]
L000953 | 
L000954-L000969 | [REDACTED: batch progress and internal diagnostics]
L000970 | [Epoch 36] [Time: 2.72]
L000971 | [Train Loss: 0.8965]
L000972 | [Train F1: 0.604121820987186]
L000973 | [Train Acc: 0.6072321600307752]
L000974 | [Dev Loss: 1.2369]
L000975 | [Dev F1: 0.39094806143837063]
L000976 | [Dev Acc: 0.41734860883797054]
L000977 | 
L000978-L000993 | [REDACTED: batch progress and internal diagnostics]
L000994 | [Epoch 37] [Time: 2.76]
L000995 | [Train Loss: 0.8935]
L000996 | [Train F1: 0.6097414729860058]
L000997 | [Train Acc: 0.6174264281592614]
L000998 | [Dev Loss: 1.2648]
L000999 | [Dev F1: 0.42772766651894467]
L001000 | [Dev Acc: 0.46481178396072015]
L001001 | 
L001002-L001017 | [REDACTED: batch progress and internal diagnostics]
L001018 | [Epoch 38] [Time: 2.89]
L001019 | [Train Loss: 0.892]
L001020 | [Train F1: 0.6049447667040375]
L001021 | [Train Acc: 0.6083862281207925]
L001022 | [Dev Loss: 1.3006]
L001023 | [Dev F1: 0.41972636107704414]
L001024 | [Dev Acc: 0.4582651391162029]
L001025 | 
L001026-L001041 | [REDACTED: batch progress and internal diagnostics]
L001042 | [Epoch 39] [Time: 2.78]
L001043 | [Train Loss: 0.8899]
L001044 | [Train F1: 0.6095699628662479]
L001045 | [Train Acc: 0.6151182919792267]
L001046 | [Dev Loss: 1.3093]
L001047 | [Dev F1: 0.3790941195658794]
L001048 | [Dev Acc: 0.42716857610474634]
L001049 | 
L001050-L001065 | [REDACTED: batch progress and internal diagnostics]
L001066 | [Epoch 40] [Time: 2.82]
L001067 | [Train Loss: 0.8803]
L001068 | [Train F1: 0.6059422001949308]
L001069 | [Train Acc: 0.610309674937488]
L001070 | [Dev Loss: 1.2553]
L001071 | [Dev F1: 0.41432868207785334]
L001072 | [Dev Acc: 0.4664484451718494]
L001073 | 
L001074-L001089 | [REDACTED: batch progress and internal diagnostics]
L001090 | [Epoch 41] [Time: 2.65]
L001091 | [Train Loss: 0.8723]
L001092 | [Train F1: 0.6138835355396486]
L001093 | [Train Acc: 0.6206962877476437]
L001094 | [Dev Loss: 1.2803]
L001095 | [Dev F1: 0.4237889497049459]
L001096 | [Dev Acc: 0.46153846153846156]
L001097 | 
L001098-L001113 | [REDACTED: batch progress and internal diagnostics]
L001114 | [Epoch 42] [Time: 2.58]
L001115 | [Train Loss: 0.8713]
L001116 | [Train F1: 0.614384888625955]
L001117 | [Train Acc: 0.6164647047509136]
L001118 | [Dev Loss: 1.2505]
L001119 | [Dev F1: 0.44756437080405365]
L001120 | [Dev Acc: 0.4795417348608838]
L001121 | 
L001122-L001137 | [REDACTED: batch progress and internal diagnostics]
L001138 | [Epoch 43] [Time: 2.82]
L001139 | [Train Loss: 0.8638]
L001140 | [Train F1: 0.6159567578450195]
L001141 | [Train Acc: 0.6199269090209656]
L001142 | [Dev Loss: 1.232]
L001143 | [Dev F1: 0.43068959974088733]
L001144 | [Dev Acc: 0.4762684124386252]
L001145 | 
L001146-L001161 | [REDACTED: batch progress and internal diagnostics]
L001162 | [Epoch 44] [Time: 2.67]
L001163 | [Train Loss: 0.8611]
L001164 | [Train F1: 0.6142171728947637]
L001165 | [Train Acc: 0.6172340834775919]
L001166 | [Dev Loss: 1.2231]
L001167 | [Dev F1: 0.4332369211069504]
L001168 | [Dev Acc: 0.4451718494271686]
L001169 | 
L001170-L001185 | [REDACTED: batch progress and internal diagnostics]
L001186 | [Epoch 45] [Time: 2.73]
L001187 | [Train Loss: 0.8557]
L001188 | [Train F1: 0.6199528832080197]
L001189 | [Train Acc: 0.6245431813810348]
L001190 | [Dev Loss: 1.2648]
L001191 | [Dev F1: 0.44084321997199033]
L001192 | [Dev Acc: 0.48117839607201307]
L001193 | 
L001194-L001209 | [REDACTED: batch progress and internal diagnostics]
L001210 | [Epoch 46] [Time: 2.79]
L001211 | [Train Loss: 0.8533]
L001212 | [Train F1: 0.6235133046039835]
L001213 | [Train Acc: 0.627043662242739]
L001214 | [Dev Loss: 1.2472]
L001215 | [Dev F1: 0.4208814336830411]
L001216 | [Dev Acc: 0.44353518821603927]
L001217 | 
L001218-L001233 | [REDACTED: batch progress and internal diagnostics]
L001234 | [Epoch 47] [Time: 2.82]
L001235 | [Train Loss: 0.8464]
L001236 | [Train F1: 0.6308691924736629]
L001237 | [Train Acc: 0.6355068282361993]
L001238 | [Dev Loss: 1.2761]
L001239 | [Dev F1: 0.4248652341994662]
L001240 | [Dev Acc: 0.46481178396072015]
L001241 | 
L001242-L001257 | [REDACTED: batch progress and internal diagnostics]
L001258 | [Epoch 48] [Time: 2.87]
L001259 | [Train Loss: 0.8421]
L001260 | [Train F1: 0.6279457004877975]
L001261 | [Train Acc: 0.6310829005577996]
L001262 | [Dev Loss: 1.2904]
L001263 | [Dev F1: 0.39648510644582496]
L001264 | [Dev Acc: 0.4337152209492635]
L001265 | 
L001266-L001281 | [REDACTED: batch progress and internal diagnostics]
L001282 | [Epoch 49] [Time: 2.71]
L001283 | [Train Loss: 0.8388]
L001284 | [Train F1: 0.635532823165148]
L001285 | [Train Acc: 0.6391613771879208]
L001286 | [Dev Loss: 1.246]
L001287 | [Dev F1: 0.44310648709369]
L001288 | [Dev Acc: 0.4762684124386252]
L001289 | 
L001290-L001305 | [REDACTED: batch progress and internal diagnostics]
L001306 | [Epoch 50] [Time: 2.75]
L001307 | [Train Loss: 0.854]
L001308 | [Train F1: 0.6247685952628192]
L001309 | [Train Acc: 0.6287747643777649]
L001310 | [Dev Loss: 1.2461]
L001311 | [Dev F1: 0.4246227835162864]
L001312 | [Dev Acc: 0.4288052373158756]
L001313 | 
L001314-L001329 | [REDACTED: batch progress and internal diagnostics]
L001330 | [Epoch 51] [Time: 2.76]
L001331 | [Train Loss: 0.8393]
L001332 | [Train F1: 0.6279049388113498]
L001333 | [Train Acc: 0.6306982111944605]
L001334 | [Dev Loss: 1.338]
L001335 | [Dev F1: 0.3848371763059903]
L001336 | [Dev Acc: 0.43044189852700493]
L001337 | 
L001338-L001353 | [REDACTED: batch progress and internal diagnostics]
L001354 | [Epoch 52] [Time: 2.70]
L001355 | [Train Loss: 0.8431]
L001356 | [Train F1: 0.6260543279098536]
L001357 | [Train Acc: 0.6301211771494518]
L001358 | [Dev Loss: 1.257]
L001359 | [Dev F1: 0.42523343388826074]
L001360 | [Dev Acc: 0.4386252045826514]
L001361 | 
L001362-L001377 | [REDACTED: batch progress and internal diagnostics]
L001378 | [Epoch 53] [Time: 2.85]
L001379 | [Train Loss: 0.8425]
L001380 | [Train F1: 0.6253619319328502]
L001381 | [Train Acc: 0.6281977303327563]
L001382 | [Dev Loss: 1.2929]
L001383 | [Dev F1: 0.4032748060999513]
L001384 | [Dev Acc: 0.45990180032733224]
L001385 | 
L001386-L001401 | [REDACTED: batch progress and internal diagnostics]
L001402 | [Epoch 54] [Time: 2.85]
L001403 | [Train Loss: 0.8482]
L001404 | [Train F1: 0.6217276708481393]
L001405 | [Train Acc: 0.6258895941527217]
L001406 | [Dev Loss: 1.3676]
L001407 | [Dev F1: 0.39045503150362393]
L001408 | [Dev Acc: 0.397708674304419]
L001409 | 
L001410-L001425 | [REDACTED: batch progress and internal diagnostics]
L001426 | [Epoch 55] [Time: 2.72]
L001427 | [Train Loss: 0.8488]
L001428 | [Train F1: 0.6227374452247365]
L001429 | [Train Acc: 0.6228120792460089]
L001430 | [Dev Loss: 1.2569]
L001431 | [Dev F1: 0.423698211036719]
L001432 | [Dev Acc: 0.46317512274959083]
L001433 | 
L001434-L001449 | [REDACTED: batch progress and internal diagnostics]
L001450 | [Epoch 56] [Time: 2.90]
L001451 | [Train Loss: 0.8328]
L001452 | [Train F1: 0.6311464924478001]
L001453 | [Train Acc: 0.6343527601461819]
L001454 | [Dev Loss: 1.3449]
L001455 | [Dev F1: 0.3821693960038176]
L001456 | [Dev Acc: 0.41734860883797054]
L001457 | 
L001458-L001473 | [REDACTED: batch progress and internal diagnostics]
L001474 | [Epoch 57] [Time: 2.73]
L001475 | [Train Loss: 0.8317]
L001476 | [Train F1: 0.6306457796502453]
L001477 | [Train Acc: 0.6318522792844777]
L001478 | [Dev Loss: 1.3355]
L001479 | [Dev F1: 0.4015446923979067]
L001480 | [Dev Acc: 0.4500818330605565]
L001481 | 
L001482-L001497 | [REDACTED: batch progress and internal diagnostics]
L001498 | [Epoch 58] [Time: 2.82]
L001499 | [Train Loss: 0.832]
L001500 | [Train F1: 0.636863053704735]
L001501 | [Train Acc: 0.6393537218695903]
L001502 | [Dev Loss: 1.3154]
L001503 | [Dev F1: 0.3987546398048516]
L001504 | [Dev Acc: 0.44353518821603927]
L001505 | 
L001506-L001521 | [REDACTED: batch progress and internal diagnostics]
L001522 | [Epoch 59] [Time: 2.76]
L001523 | [Train Loss: 0.8362]
L001524 | [Train F1: 0.6339260244681885]
L001525 | [Train Acc: 0.6353144835545297]
L001526 | [Dev Loss: 1.2699]
L001527 | [Dev F1: 0.43753699623602194]
L001528 | [Dev Acc: 0.469721767594108]
L001529 | 
L001530-L001545 | [REDACTED: batch progress and internal diagnostics]
L001546 | [Epoch 60] [Time: 2.88]
L001547 | [Train Loss: 0.8382]
L001548 | [Train F1: 0.6298912598487871]
L001549 | [Train Acc: 0.6362762069628775]
L001550 | [Dev Loss: 1.2208]
L001551 | [Dev F1: 0.4162557320355362]
L001552 | [Dev Acc: 0.4369885433715221]
L001553 | 
L001554-L001569 | [REDACTED: batch progress and internal diagnostics]
L001570 | [Epoch 61] [Time: 2.80]
L001571 | [Train Loss: 0.8275]
L001572 | [Train F1: 0.6376210354589059]
L001573 | [Train Acc: 0.6383919984612425]
L001574 | [Dev Loss: 1.2938]
L001575 | [Dev F1: 0.42545089410159354]
L001576 | [Dev Acc: 0.45990180032733224]
L001577 | 
L001578-L001593 | [REDACTED: batch progress and internal diagnostics]
L001594 | [Epoch 62] [Time: 2.82]
L001595 | [Train Loss: 0.8332]
L001596 | [Train F1: 0.6281163009896218]
L001597 | [Train Acc: 0.6314675899211387]
L001598 | [Dev Loss: 1.3698]
L001599 | [Dev F1: 0.42896849155978484]
L001600 | [Dev Acc: 0.45990180032733224]
L001601 | 
L001602-L001617 | [REDACTED: batch progress and internal diagnostics]
L001618 | [Epoch 63] [Time: 2.87]
L001619 | [Train Loss: 0.8251]
L001620 | [Train F1: 0.6265676951785368]
L001621 | [Train Acc: 0.6320446239661474]
L001622 | [Dev Loss: 1.2281]
L001623 | [Dev F1: 0.41442059033928796]
L001624 | [Dev Acc: 0.42716857610474634]
L001625 | 
L001626-L001641 | [REDACTED: batch progress and internal diagnostics]
L001642 | [Epoch 64] [Time: 2.84]
L001643 | [Train Loss: 0.8303]
L001644 | [Train F1: 0.6318562385716343]
L001645 | [Train Acc: 0.6322369686478169]
L001646 | [Dev Loss: 1.3148]
L001647 | [Dev F1: 0.38043608092539]
L001648 | [Dev Acc: 0.4500818330605565]
L001649 | 
L001650-L001665 | [REDACTED: batch progress and internal diagnostics]
L001666 | [Epoch 65] [Time: 2.76]
L001667 | [Train Loss: 0.829]
L001668 | [Train F1: 0.6340606107100516]
L001669 | [Train Acc: 0.6383919984612425]
L001670 | [Dev Loss: 1.2407]
L001671 | [Dev F1: 0.42615674719885593]
L001672 | [Dev Acc: 0.44353518821603927]
L001673 | 
L001674-L001689 | [REDACTED: batch progress and internal diagnostics]
L001690 | [Epoch 66] [Time: 2.78]
L001691 | [Train Loss: 0.8069]
L001692 | [Train F1: 0.6445150904128351]
L001693 | [Train Acc: 0.6445470282746683]
L001694 | [Dev Loss: 1.2822]
L001695 | [Dev F1: 0.3959830745097153]
L001696 | [Dev Acc: 0.4402618657937807]
L001697 | 
L001698-L001713 | [REDACTED: batch progress and internal diagnostics]
L001714 | [Epoch 67] [Time: 2.79]
L001715 | [Train Loss: 0.8242]
L001716 | [Train F1: 0.6374727887961994]
L001717 | [Train Acc: 0.6399307559145989]
L001718 | [Dev Loss: 1.3469]
L001719 | [Dev F1: 0.41381657712181535]
L001720 | [Dev Acc: 0.4533551554828151]
L001721 | 
L001722-L001737 | [REDACTED: batch progress and internal diagnostics]
L001738 | [Epoch 68] [Time: 2.78]
L001739 | [Train Loss: 0.8102]
L001740 | [Train F1: 0.6375306864253656]
L001741 | [Train Acc: 0.6395460665512599]
L001742 | [Dev Loss: 1.2501]
L001743 | [Dev F1: 0.44201406795529835]
L001744 | [Dev Acc: 0.47299509001636664]
L001745 | 
L001746-L001761 | [REDACTED: batch progress and internal diagnostics]
L001762 | [Epoch 69] [Time: 2.73]
L001763 | [Train Loss: 0.8081]
L001764 | [Train F1: 0.6358765511354639]
L001765 | [Train Acc: 0.6387766878245816]
L001766 | [Dev Loss: 1.3178]
L001767 | [Dev F1: 0.4226989377303397]
L001768 | [Dev Acc: 0.4877250409165303]
L001769 | 
L001770-L001785 | [REDACTED: batch progress and internal diagnostics]
L001786 | [Epoch 70] [Time: 2.88]
L001787 | [Train Loss: 0.798]
L001788 | [Train F1: 0.6451571172076075]
L001789 | [Train Acc: 0.6464704750913637]
L001790 | [Dev Loss: 1.2953]
L001791 | [Dev F1: 0.402259076087759]
L001792 | [Dev Acc: 0.41080196399345337]
L001793 | 
L001794-L001809 | [REDACTED: batch progress and internal diagnostics]
L001810 | [Epoch 71] [Time: 2.75]
L001811 | [Train Loss: 0.8001]
L001812 | [Train F1: 0.6402124485731937]
L001813 | [Train Acc: 0.6420465474129641]
L001814 | [Dev Loss: 1.2669]
L001815 | [Dev F1: 0.4213054276521513]
L001816 | [Dev Acc: 0.4664484451718494]
L001817 | 
L001818-L001833 | [REDACTED: batch progress and internal diagnostics]
L001834 | [Epoch 72] [Time: 2.78]
L001835 | [Train Loss: 0.7964]
L001836 | [Train F1: 0.6436139205967385]
L001837 | [Train Acc: 0.6466628197730333]
L001838 | [Dev Loss: 1.3303]
L001839 | [Dev F1: 0.3917209033515712]
L001840 | [Dev Acc: 0.4238952536824877]
L001841 | 
L001842-L001857 | [REDACTED: batch progress and internal diagnostics]
L001858 | [Epoch 73] [Time: 2.86]
L001859 | [Train Loss: 0.7961]
L001860 | [Train F1: 0.6490798905978236]
L001861 | [Train Acc: 0.6495479899980765]
L001862 | [Dev Loss: 1.3073]
L001863 | [Dev F1: 0.3897259730542597]
L001864 | [Dev Acc: 0.4206219312602291]
L001865 | 
L001866-L001881 | [REDACTED: batch progress and internal diagnostics]
L001882 | [Epoch 74] [Time: 2.73]
L001883 | [Train Loss: 0.7998]
L001884 | [Train F1: 0.6491237219429487]
L001885 | [Train Acc: 0.6512790921331025]
L001886 | [Dev Loss: 1.3271]
L001887 | [Dev F1: 0.39603862916347327]
L001888 | [Dev Acc: 0.4533551554828151]
L001889 | 
L001890-L001905 | [REDACTED: batch progress and internal diagnostics]
L001906 | [Epoch 75] [Time: 2.70]
L001907 | [Train Loss: 0.7871]
L001908 | [Train F1: 0.6547619966269935]
L001909 | [Train Acc: 0.6560877091748413]
L001910 | [Dev Loss: 1.3068]
L001911 | [Dev F1: 0.39199874902732135]
L001912 | [Dev Acc: 0.4288052373158756]
L001913 | 
L001914-L001929 | [REDACTED: batch progress and internal diagnostics]
L001930 | [Epoch 76] [Time: 2.67]
L001931 | [Train Loss: 0.7904]
L001932 | [Train F1: 0.6443673810346259]
L001933 | [Train Acc: 0.6464704750913637]
L001934 | [Dev Loss: 1.3339]
L001935 | [Dev F1: 0.4132206169644497]
L001936 | [Dev Acc: 0.46317512274959083]
L001937 | 
L001938-L001953 | [REDACTED: batch progress and internal diagnostics]
L001954 | [Epoch 77] [Time: 2.68]
L001955 | [Train Loss: 0.7838]
L001956 | [Train F1: 0.6510912893161863]
L001957 | [Train Acc: 0.6539719176764762]
L001958 | [Dev Loss: 1.3246]
L001959 | [Dev F1: 0.4059750465906488]
L001960 | [Dev Acc: 0.41898527004909986]
L001961 | 
L001962-L001977 | [REDACTED: batch progress and internal diagnostics]
L001978 | [Epoch 78] [Time: 2.96]
L001979 | [Train Loss: 0.7864]
L001980 | [Train F1: 0.6497444691702208]
L001981 | [Train Acc: 0.6503173687247548]
L001982 | [Dev Loss: 1.3148]
L001983 | [Dev F1: 0.4224067482931843]
L001984 | [Dev Acc: 0.46317512274959083]
L001985 | 
L001986-L002001 | [REDACTED: batch progress and internal diagnostics]
L002002 | [Epoch 79] [Time: 2.91]
L002003 | [Train Loss: 0.7849]
L002004 | [Train F1: 0.6478403578969449]
L002005 | [Train Acc: 0.651086747451433]
L002006 | [Dev Loss: 1.3004]
L002007 | [Dev F1: 0.4199823198953952]
L002008 | [Dev Acc: 0.4320785597381342]
L002009 | 
L002010-L002025 | [REDACTED: batch progress and internal diagnostics]
L002026 | [Epoch 80] [Time: 2.69]
L002027 | [Train Loss: 0.7916]
L002028 | [Train F1: 0.6395492165715716]
L002029 | [Train Acc: 0.6401231005962685]
L002030 | [Dev Loss: 1.3183]
L002031 | [Dev F1: 0.3708759532232498]
L002032 | [Dev Acc: 0.40098199672667756]
L002033 | 
L002034-L002049 | [REDACTED: batch progress and internal diagnostics]
L002050 | [Epoch 81] [Time: 2.88]
L002051 | [Train Loss: 0.7855]
L002052 | [Train F1: 0.6509974890637868]
L002053 | [Train Acc: 0.6539719176764762]
L002054 | [Dev Loss: 1.3724]
L002055 | [Dev F1: 0.38947430689064866]
L002056 | [Dev Acc: 0.4386252045826514]
L002057 | 
L002058-L002073 | [REDACTED: batch progress and internal diagnostics]
L002074 | [Epoch 82] [Time: 2.66]
L002075 | [Train Loss: 0.7811]
L002076 | [Train F1: 0.6525611290851439]
L002077 | [Train Acc: 0.6535872283131371]
L002078 | [Dev Loss: 1.2747]
L002079 | [Dev F1: 0.41088558183101576]
L002080 | [Dev Acc: 0.41898527004909986]
L002081 | Early stopping at epoch: 82
L002082 | Last model
L002083 |               precision    recall  f1-score   support
L002084 | 
L002085 |          hap     0.5283    0.3889    0.4480       144
L002086 |          sad     0.7500    0.7224    0.7360       245
L002087 |          neu     0.5735    0.6198    0.5957       384
L002088 |          ang     0.5266    0.5824    0.5531       170
L002089 |          exc     0.6994    0.7860    0.7402       299
L002090 |          fru     0.5409    0.4856    0.5118       381
L002091 | 
L002092 |     accuracy                         0.6100      1623
L002093 |    macro avg     0.6031    0.5975    0.5974      1623
L002094 | weighted avg     0.6068    0.6100    0.6062      1623
L002095 | 
L002096 | Best model at epoch: 42
L002097 | Best dev F1: 0.44756437080405365
L002098 |               precision    recall  f1-score   support
L002099 | 
L002100 |          hap     0.5641    0.3056    0.3964       144
L002101 |          sad     0.6478    0.6082    0.6274       245
L002102 |          neu     0.5796    0.6068    0.5929       384
L002103 |          ang     0.7500    0.4235    0.5414       170
L002104 |          exc     0.6752    0.8829    0.7652       299
L002105 |          fru     0.5211    0.5827    0.5502       381
L002106 | 
L002107 |     accuracy                         0.6063      1623
L002108 |    macro avg     0.6230    0.5683    0.5789      1623
L002109 | weighted avg     0.6103    0.6063    0.5970      1623
L002110 | 
L002111 | Best test F1: 0.5969817371584822
L002112 | Best test Acc: 0.6062846580406654
L002113 | [SANITIZED] Saved checkpoint: [path and filename removed]
