# Redacted copy of an existing run log.
# run_id: G09-seed5
# dataset: IEMOCAP
# model: MMGCN+AMBER
# imr: (0.5,0.3,0.7)
# seed_alias: seed5
# original_log_sha256: 7370ac1687d4fd06948f98ee3d84afc770f84483d05906650d9f2579c84283a7
# source_record_status: ok
# source_record_process_return_code: 3221226505
# L numbers refer to source logical lines; REDACTED/SANITIZED text is editorial.
L000001-L000065 | [REDACTED: configuration or implementation details]
L000066 | [SANITIZED] Seed alias: seed5
L000067 | 
L000068-L000069 | [REDACTED: batch progress and internal diagnostics]
L000070 | 
L000071-L000072 | [REDACTED: batch progress and internal diagnostics]
L000073 | 
L000074-L000075 | [REDACTED: batch progress and internal diagnostics]
L000076 | 
L000077-L000092 | [REDACTED: batch progress and internal diagnostics]
L000093 | [Epoch 0] [Time: 2.6891093254089355]
L000094 | [Train Loss: 1.8076]
L000095 | [Train F1: 0.22014753805447498]
L000096 | [Train Acc: 0.22614705317719333]
L000097 | [Dev Loss: 1.5997]
L000098 | [Dev F1: 0.32802746252139114]
L000099 | [Dev Acc: 0.3910149750415973]
L000100 | 
L000101-L000116 | [REDACTED: batch progress and internal diagnostics]
L000117 | [Epoch 1] [Time: 2.188664197921753]
L000118 | [Train Loss: 1.692]
L000119 | [Train F1: 0.270100138459478]
L000120 | [Train Acc: 0.29065079669802263]
L000121 | [Dev Loss: 1.5544]
L000122 | [Dev F1: 0.3306475140623657]
L000123 | [Dev Acc: 0.3410981697171381]
L000124 | 
L000125-L000140 | [REDACTED: batch progress and internal diagnostics]
L000141 | [Epoch 2] [Time: 2.125884771347046]
L000142 | [Train Loss: 1.5999]
L000143 | [Train F1: 0.3092072599650265]
L000144 | [Train Acc: 0.33019773468995967]
L000145 | [Dev Loss: 1.4951]
L000146 | [Dev F1: 0.3574862124340663]
L000147 | [Dev Acc: 0.389351081530782]
L000148 | 
L000149-L000164 | [REDACTED: batch progress and internal diagnostics]
L000165 | [Epoch 3] [Time: 2.1993913650512695]
L000166 | [Train Loss: 1.5573]
L000167 | [Train F1: 0.33917198748361704]
L000168 | [Train Acc: 0.3572662699174506]
L000169 | [Dev Loss: 1.4528]
L000170 | [Dev F1: 0.3740295107833547]
L000171 | [Dev Acc: 0.4059900166389351]
L000172 | 
L000173-L000188 | [REDACTED: batch progress and internal diagnostics]
L000189 | [Epoch 4] [Time: 2.2330079078674316]
L000190 | [Train Loss: 1.4792]
L000191 | [Train F1: 0.3741295917255674]
L000192 | [Train Acc: 0.38894221539642926]
L000193 | [Dev Loss: 1.4095]
L000194 | [Dev F1: 0.3932922234501745]
L000195 | [Dev Acc: 0.41430948419301167]
L000196 | 
L000197-L000212 | [REDACTED: batch progress and internal diagnostics]
L000213 | [Epoch 5] [Time: 2.2380435466766357]
L000214 | [Train Loss: 1.42]
L000215 | [Train F1: 0.40483508282295266]
L000216 | [Train Acc: 0.4171626031867921]
L000217 | [Dev Loss: 1.3632]
L000218 | [Dev F1: 0.4061962200676786]
L000219 | [Dev Acc: 0.4276206322795341]
L000220 | 
L000221-L000236 | [REDACTED: batch progress and internal diagnostics]
L000237 | [Epoch 6] [Time: 2.202471971511841]
L000238 | [Train Loss: 1.359]
L000239 | [Train F1: 0.44054321427696364]
L000240 | [Train Acc: 0.4501823766557881]
L000241 | [Dev Loss: 1.3194]
L000242 | [Dev F1: 0.408937037453656]
L000243 | [Dev Acc: 0.4292845257903494]
L000244 | 
L000245-L000260 | [REDACTED: batch progress and internal diagnostics]
L000261 | [Epoch 7] [Time: 2.170213460922241]
L000262 | [Train Loss: 1.3189]
L000263 | [Train F1: 0.45740310793081207]
L000264 | [Train Acc: 0.4665002879631407]
L000265 | [Dev Loss: 1.2792]
L000266 | [Dev F1: 0.4262068668734194]
L000267 | [Dev Acc: 0.4459234608985025]
L000268 | 
L000269-L000284 | [REDACTED: batch progress and internal diagnostics]
L000285 | [Epoch 8] [Time: 2.293649435043335]
L000286 | [Train Loss: 1.2706]
L000287 | [Train F1: 0.472845944467328]
L000288 | [Train Acc: 0.4822422729890574]
L000289 | [Dev Loss: 1.2477]
L000290 | [Dev F1: 0.44575793757206184]
L000291 | [Dev Acc: 0.46422628951747086]
L000292 | 
L000293-L000308 | [REDACTED: batch progress and internal diagnostics]
L000309 | [Epoch 9] [Time: 2.2128655910491943]
L000310 | [Train Loss: 1.2213]
L000311 | [Train F1: 0.49351601852690263]
L000312 | [Train Acc: 0.5041274716836245]
L000313 | [Dev Loss: 1.2215]
L000314 | [Dev F1: 0.4504706110908116]
L000315 | [Dev Acc: 0.46921797004991683]
L000316 | 
L000317-L000332 | [REDACTED: batch progress and internal diagnostics]
L000333 | [Epoch 10] [Time: 2.0007386207580566]
L000334 | [Train Loss: 1.1943]
L000335 | [Train F1: 0.5014487608336607]
L000336 | [Train Acc: 0.5108466116337109]
L000337 | [Dev Loss: 1.1941]
L000338 | [Dev F1: 0.46963224317650926]
L000339 | [Dev Acc: 0.4858569051580699]
L000340 | 
L000341-L000356 | [REDACTED: batch progress and internal diagnostics]
L000357 | [Epoch 11] [Time: 2.028982639312744]
L000358 | [Train Loss: 1.135]
L000359 | [Train F1: 0.5361588900683939]
L000360 | [Train Acc: 0.5455941639470148]
L000361 | [Dev Loss: 1.1581]
L000362 | [Dev F1: 0.4749889267561009]
L000363 | [Dev Acc: 0.49584026622296173]
L000364 | 
L000365-L000380 | [REDACTED: batch progress and internal diagnostics]
L000381 | [Epoch 12] [Time: 2.2593612670898438]
L000382 | [Train Loss: 1.0961]
L000383 | [Train F1: 0.5491022000067397]
L000384 | [Train Acc: 0.5594163947014782]
L000385 | [Dev Loss: 1.1051]
L000386 | [Dev F1: 0.4788175619717562]
L000387 | [Dev Acc: 0.5008319467554077]
L000388 | 
L000389-L000404 | [REDACTED: batch progress and internal diagnostics]
L000405 | [Epoch 13] [Time: 2.148162603378296]
L000406 | [Train Loss: 1.0393]
L000407 | [Train F1: 0.5710520012519735]
L000408 | [Train Acc: 0.5793818391245921]
L000409 | [Dev Loss: 1.0646]
L000410 | [Dev F1: 0.5201082516688252]
L000411 | [Dev Acc: 0.5374376039933444]
L000412 | 
L000413-L000428 | [REDACTED: batch progress and internal diagnostics]
L000429 | [Epoch 14] [Time: 2.159008026123047]
L000430 | [Train Loss: 0.9891]
L000431 | [Train F1: 0.5925892041894529]
L000432 | [Train Acc: 0.6014590132463045]
L000433 | [Dev Loss: 1.0464]
L000434 | [Dev F1: 0.5411752304642682]
L000435 | [Dev Acc: 0.5574043261231281]
L000436 | 
L000437-L000452 | [REDACTED: batch progress and internal diagnostics]
L000453 | [Epoch 15] [Time: 2.184281826019287]
L000454 | [Train Loss: 0.9504]
L000455 | [Train F1: 0.6091359990750169]
L000456 | [Train Acc: 0.6164330965636399]
L000457 | [Dev Loss: 1.0148]
L000458 | [Dev F1: 0.5589991871988244]
L000459 | [Dev Acc: 0.5723793677204659]
L000460 | 
L000461-L000476 | [REDACTED: batch progress and internal diagnostics]
L000477 | [Epoch 16] [Time: 2.284832715988159]
L000478 | [Train Loss: 0.9281]
L000479 | [Train F1: 0.6232146461604483]
L000480 | [Train Acc: 0.6269917450566328]
L000481 | [Dev Loss: 1.0029]
L000482 | [Dev F1: 0.5513846059415657]
L000483 | [Dev Acc: 0.5657237936772047]
L000484 | 
L000485-L000500 | [REDACTED: batch progress and internal diagnostics]
L000501 | [Epoch 17] [Time: 2.143388271331787]
L000502 | [Train Loss: 0.8972]
L000503 | [Train F1: 0.634837931832088]
L000504 | [Train Acc: 0.6423497792282588]
L000505 | [Dev Loss: 0.981]
L000506 | [Dev F1: 0.5572369982651453]
L000507 | [Dev Acc: 0.5723793677204659]
L000508 | 
L000509-L000524 | [REDACTED: batch progress and internal diagnostics]
L000525 | [Epoch 18] [Time: 2.2704381942749023]
L000526 | [Train Loss: 0.876]
L000527 | [Train F1: 0.6449279537809272]
L000528 | [Train Acc: 0.6523325014398157]
L000529 | [Dev Loss: 0.9698]
L000530 | [Dev F1: 0.5637422971975709]
L000531 | [Dev Acc: 0.5773710482529119]
L000532 | 
L000533-L000548 | [REDACTED: batch progress and internal diagnostics]
L000549 | [Epoch 19] [Time: 2.2079594135284424]
L000550 | [Train Loss: 0.8605]
L000551 | [Train F1: 0.6568025049095447]
L000552 | [Train Acc: 0.661931272797082]
L000553 | [Dev Loss: 0.9627]
L000554 | [Dev F1: 0.5706002986797895]
L000555 | [Dev Acc: 0.5840266222961731]
L000556 | 
L000557-L000572 | [REDACTED: batch progress and internal diagnostics]
L000573 | [Epoch 20] [Time: 2.265300989151001]
L000574 | [Train Loss: 0.8376]
L000575 | [Train F1: 0.6668429811663991]
L000576 | [Train Acc: 0.6701862161643309]
L000577 | [Dev Loss: 0.9421]
L000578 | [Dev F1: 0.5744762562659945]
L000579 | [Dev Acc: 0.5873544093178037]
L000580 | 
L000581-L000596 | [REDACTED: batch progress and internal diagnostics]
L000597 | [Epoch 21] [Time: 2.2457847595214844]
L000598 | [Train Loss: 0.8088]
L000599 | [Train F1: 0.6789758646306479]
L000600 | [Train Acc: 0.6824726435016318]
L000601 | [Dev Loss: 0.9519]
L000602 | [Dev F1: 0.5699230009706973]
L000603 | [Dev Acc: 0.5806988352745425]
L000604 | 
L000605-L000620 | [REDACTED: batch progress and internal diagnostics]
L000621 | [Epoch 22] [Time: 2.1861374378204346]
L000622 | [Train Loss: 0.7894]
L000623 | [Train F1: 0.6895087465062151]
L000624 | [Train Acc: 0.694375119984642]
L000625 | [Dev Loss: 0.9304]
L000626 | [Dev F1: 0.5811499662559817]
L000627 | [Dev Acc: 0.5906821963394343]
L000628 | 
L000629-L000644 | [REDACTED: batch progress and internal diagnostics]
L000645 | [Epoch 23] [Time: 2.2451558113098145]
L000646 | [Train Loss: 0.7768]
L000647 | [Train F1: 0.6894486746251246]
L000648 | [Train Acc: 0.6928393165674793]
L000649 | [Dev Loss: 0.9181]
L000650 | [Dev F1: 0.5949946765794282]
L000651 | [Dev Acc: 0.5990016638935108]
L000652 | 
L000653-L000668 | [REDACTED: batch progress and internal diagnostics]
L000669 | [Epoch 24] [Time: 2.1361494064331055]
L000670 | [Train Loss: 0.757]
L000671 | [Train F1: 0.6960468415122094]
L000672 | [Train Acc: 0.6987905548089844]
L000673 | [Dev Loss: 0.9166]
L000674 | [Dev F1: 0.5727634879060567]
L000675 | [Dev Acc: 0.5823627287853578]
L000676 | 
L000677-L000692 | [REDACTED: batch progress and internal diagnostics]
L000693 | [Epoch 25] [Time: 2.2976865768432617]
L000694 | [Train Loss: 0.7378]
L000695 | [Train F1: 0.7059321113129072]
L000696 | [Train Acc: 0.709733154156268]
L000697 | [Dev Loss: 0.9025]
L000698 | [Dev F1: 0.5900479256007731]
L000699 | [Dev Acc: 0.5956738768718802]
L000700 | 
L000701-L000716 | [REDACTED: batch progress and internal diagnostics]
L000717 | [Epoch 26] [Time: 2.156728506088257]
L000718 | [Train Loss: 0.7255]
L000719 | [Train F1: 0.7083409849704921]
L000720 | [Train Acc: 0.7105010558648494]
L000721 | [Dev Loss: 0.9129]
L000722 | [Dev F1: 0.5925488441435518]
L000723 | [Dev Acc: 0.5956738768718802]
L000724 | 
L000725-L000740 | [REDACTED: batch progress and internal diagnostics]
L000741 | [Epoch 27] [Time: 2.229173183441162]
L000742 | [Train Loss: 0.6986]
L000743 | [Train F1: 0.7311148577385027]
L000744 | [Train Acc: 0.7335381071222884]
L000745 | [Dev Loss: 0.8974]
L000746 | [Dev F1: 0.6058033151211187]
L000747 | [Dev Acc: 0.6056572379367721]
L000748 | 
L000749-L000764 | [REDACTED: batch progress and internal diagnostics]
L000765 | [Epoch 28] [Time: 2.210871458053589]
L000766 | [Train Loss: 0.6969]
L000767 | [Train F1: 0.7265915254537476]
L000768 | [Train Acc: 0.727394893453638]
L000769 | [Dev Loss: 0.8967]
L000770 | [Dev F1: 0.6084372501501234]
L000771 | [Dev Acc: 0.6089850249584027]
L000772 | 
L000773-L000788 | [REDACTED: batch progress and internal diagnostics]
L000789 | [Epoch 29] [Time: 1.9889836311340332]
L000790 | [Train Loss: 0.6719]
L000791 | [Train F1: 0.7396182044428817]
L000792 | [Train Acc: 0.7412171242081014]
L000793 | [Dev Loss: 0.8928]
L000794 | [Dev F1: 0.6095300404314771]
L000795 | [Dev Acc: 0.610648918469218]
L000796 | 
L000797-L000812 | [REDACTED: batch progress and internal diagnostics]
L000813 | [Epoch 30] [Time: 2.198453664779663]
L000814 | [Train Loss: 0.6602]
L000815 | [Train F1: 0.7480745951747267]
L000816 | [Train Acc: 0.7496640430024957]
L000817 | [Dev Loss: 0.8935]
L000818 | [Dev F1: 0.6128268763591279]
L000819 | [Dev Acc: 0.6156405990016639]
L000820 | 
L000821-L000836 | [REDACTED: batch progress and internal diagnostics]
L000837 | [Epoch 31] [Time: 2.1489267349243164]
L000838 | [Train Loss: 0.6451]
L000839 | [Train F1: 0.7499668267089173]
L000840 | [Train Acc: 0.7517757727010943]
L000841 | [Dev Loss: 0.8876]
L000842 | [Dev F1: 0.6192000639959888]
L000843 | [Dev Acc: 0.6189683860232945]
L000844 | 
L000845-L000860 | [REDACTED: batch progress and internal diagnostics]
L000861 | [Epoch 32] [Time: 2.2764880657196045]
L000862 | [Train Loss: 0.6477]
L000863 | [Train F1: 0.7489579157640022]
L000864 | [Train Acc: 0.7511998464196583]
L000865 | [Dev Loss: 0.8926]
L000866 | [Dev F1: 0.6083598120831254]
L000867 | [Dev Acc: 0.6089850249584027]
L000868 | 
L000869-L000884 | [REDACTED: batch progress and internal diagnostics]
L000885 | [Epoch 33] [Time: 2.1263577938079834]
L000886 | [Train Loss: 0.6209]
L000887 | [Train F1: 0.7683832083585914]
L000888 | [Train Acc: 0.7690535611441736]
L000889 | [Dev Loss: 0.8959]
L000890 | [Dev F1: 0.6042079272995822]
L000891 | [Dev Acc: 0.6056572379367721]
L000892 | 
L000893-L000908 | [REDACTED: batch progress and internal diagnostics]
L000909 | [Epoch 34] [Time: 2.160745859146118]
L000910 | [Train Loss: 0.6041]
L000911 | [Train F1: 0.7714437668978553]
L000912 | [Train Acc: 0.7725091188327894]
L000913 | [Dev Loss: 0.8799]
L000914 | [Dev F1: 0.6411079169086148]
L000915 | [Dev Acc: 0.6389351081530782]
L000916 | 
L000917-L000932 | [REDACTED: batch progress and internal diagnostics]
L000933 | [Epoch 35] [Time: 2.002952814102173]
L000934 | [Train Loss: 0.595]
L000935 | [Train F1: 0.7647091197853009]
L000936 | [Train Acc: 0.7657899788827031]
L000937 | [Dev Loss: 0.9023]
L000938 | [Dev F1: 0.6189065431885195]
L000939 | [Dev Acc: 0.6189683860232945]
L000940 | 
L000941-L000956 | [REDACTED: batch progress and internal diagnostics]
L000957 | [Epoch 36] [Time: 2.2386748790740967]
L000958 | [Train Loss: 0.5833]
L000959 | [Train F1: 0.780121220075731]
L000960 | [Train Acc: 0.781148013054329]
L000961 | [Dev Loss: 0.9116]
L000962 | [Dev F1: 0.6051698436601827]
L000963 | [Dev Acc: 0.6073211314475874]
L000964 | 
L000965-L000980 | [REDACTED: batch progress and internal diagnostics]
L000981 | [Epoch 37] [Time: 2.170718193054199]
L000982 | [Train Loss: 0.5806]
L000983 | [Train F1: 0.7782442157569877]
L000984 | [Train Acc: 0.7790362833557305]
L000985 | [Dev Loss: 0.8978]
L000986 | [Dev F1: 0.6378993765979313]
L000987 | [Dev Acc: 0.6356073211314476]
L000988 | 
L000989-L001004 | [REDACTED: batch progress and internal diagnostics]
L001005 | [Epoch 38] [Time: 2.2757456302642822]
L001006 | [Train Loss: 0.573]
L001007 | [Train F1: 0.780139680704334]
L001008 | [Train Acc: 0.7807640622000384]
L001009 | [Dev Loss: 0.9064]
L001010 | [Dev F1: 0.632222588852104]
L001011 | [Dev Acc: 0.6306156405990017]
L001012 | 
L001013-L001028 | [REDACTED: batch progress and internal diagnostics]
L001029 | [Epoch 39] [Time: 2.154763698577881]
L001030 | [Train Loss: 0.5583]
L001031 | [Train F1: 0.7862732957527405]
L001032 | [Train Acc: 0.7870992512958341]
L001033 | [Dev Loss: 0.9087]
L001034 | [Dev F1: 0.6344679773895323]
L001035 | [Dev Acc: 0.6339434276206323]
L001036 | 
L001037-L001052 | [REDACTED: batch progress and internal diagnostics]
L001053 | [Epoch 40] [Time: 2.1642143726348877]
L001054 | [Train Loss: 0.5574]
L001055 | [Train F1: 0.7832407349494964]
L001056 | [Train Acc: 0.7844115953157996]
L001057 | [Dev Loss: 0.907]
L001058 | [Dev F1: 0.6239277079224931]
L001059 | [Dev Acc: 0.6222961730449251]
L001060 | 
L001061-L001076 | [REDACTED: batch progress and internal diagnostics]
L001077 | [Epoch 41] [Time: 2.24320387840271]
L001078 | [Train Loss: 0.5436]
L001079 | [Train F1: 0.7929308212153193]
L001080 | [Train Acc: 0.7938183912459206]
L001081 | [Dev Loss: 0.9448]
L001082 | [Dev F1: 0.6207178418282238]
L001083 | [Dev Acc: 0.6173044925124792]
L001084 | 
L001085-L001100 | [REDACTED: batch progress and internal diagnostics]
L001101 | [Epoch 42] [Time: 2.245148181915283]
L001102 | [Train Loss: 0.525]
L001103 | [Train F1: 0.7976069826793649]
L001104 | [Train Acc: 0.798233826070263]
L001105 | [Dev Loss: 0.9108]
L001106 | [Dev F1: 0.637855659547635]
L001107 | [Dev Acc: 0.6356073211314476]
L001108 | 
L001109-L001124 | [REDACTED: batch progress and internal diagnostics]
L001125 | [Epoch 43] [Time: 2.1936466693878174]
L001126 | [Train Loss: 0.5159]
L001127 | [Train F1: 0.8020463668256809]
L001128 | [Train Acc: 0.8026492608946055]
L001129 | [Dev Loss: 0.9504]
L001130 | [Dev F1: 0.622671075266092]
L001131 | [Dev Acc: 0.6222961730449251]
L001132 | 
L001133-L001148 | [REDACTED: batch progress and internal diagnostics]
L001149 | [Epoch 44] [Time: 2.0130198001861572]
L001150 | [Train Loss: 0.5134]
L001151 | [Train F1: 0.8097263518703063]
L001152 | [Train Acc: 0.8099443271261278]
L001153 | [Dev Loss: 0.9332]
L001154 | [Dev F1: 0.6303709769467478]
L001155 | [Dev Acc: 0.6289517470881864]
L001156 | 
L001157-L001172 | [REDACTED: batch progress and internal diagnostics]
L001173 | [Epoch 45] [Time: 2.23038911819458]
L001174 | [Train Loss: 0.4928]
L001175 | [Train F1: 0.8127345169191765]
L001176 | [Train Acc: 0.8132079093875983]
L001177 | [Dev Loss: 0.9522]
L001178 | [Dev F1: 0.6250115707339339]
L001179 | [Dev Acc: 0.6222961730449251]
L001180 | 
L001181-L001196 | [REDACTED: batch progress and internal diagnostics]
L001197 | [Epoch 46] [Time: 2.172238349914551]
L001198 | [Train Loss: 0.4927]
L001199 | [Train F1: 0.8111745626553658]
L001200 | [Train Acc: 0.8116721059704358]
L001201 | [Dev Loss: 0.9542]
L001202 | [Dev F1: 0.6255640235995742]
L001203 | [Dev Acc: 0.6256239600665557]
L001204 | 
L001205-L001220 | [REDACTED: batch progress and internal diagnostics]
L001221 | [Epoch 47] [Time: 2.2663540840148926]
L001222 | [Train Loss: 0.4787]
L001223 | [Train F1: 0.8244782051455528]
L001224 | [Train Acc: 0.8251103858706086]
L001225 | [Dev Loss: 0.9551]
L001226 | [Dev F1: 0.6295128227660743]
L001227 | [Dev Acc: 0.6256239600665557]
L001228 | 
L001229-L001244 | [REDACTED: batch progress and internal diagnostics]
L001245 | [Epoch 48] [Time: 2.2411036491394043]
L001246 | [Train Loss: 0.4685]
L001247 | [Train F1: 0.8226809987960105]
L001248 | [Train Acc: 0.82299865617201]
L001249 | [Dev Loss: 0.9539]
L001250 | [Dev F1: 0.6396121856976412]
L001251 | [Dev Acc: 0.6372712146422629]
L001252 | 
L001253-L001268 | [REDACTED: batch progress and internal diagnostics]
L001269 | [Epoch 49] [Time: 2.1063365936279297]
L001270 | [Train Loss: 0.4737]
L001271 | [Train F1: 0.8208482937762759]
L001272 | [Train Acc: 0.8212708773277021]
L001273 | [Dev Loss: 0.9597]
L001274 | [Dev F1: 0.6312739445973223]
L001275 | [Dev Acc: 0.6289517470881864]
L001276 | 
L001277-L001292 | [REDACTED: batch progress and internal diagnostics]
L001293 | [Epoch 50] [Time: 2.1439051628112793]
L001294 | [Train Loss: 0.4625]
L001295 | [Train F1: 0.8301117302295528]
L001296 | [Train Acc: 0.8304856978306777]
L001297 | [Dev Loss: 0.9954]
L001298 | [Dev F1: 0.6288470489247227]
L001299 | [Dev Acc: 0.6289517470881864]
L001300 | 
L001301-L001316 | [REDACTED: batch progress and internal diagnostics]
L001317 | [Epoch 51] [Time: 2.1336638927459717]
L001318 | [Train Loss: 0.4466]
L001319 | [Train F1: 0.8290545670991037]
L001320 | [Train Acc: 0.8295258206949511]
L001321 | [Dev Loss: 0.9812]
L001322 | [Dev F1: 0.6146743440892147]
L001323 | [Dev Acc: 0.6156405990016639]
L001324 | 
L001325-L001340 | [REDACTED: batch progress and internal diagnostics]
L001341 | [Epoch 52] [Time: 2.160181999206543]
L001342 | [Train Loss: 0.4463]
L001343 | [Train F1: 0.832363901477129]
L001344 | [Train Acc: 0.8329813783835669]
L001345 | [Dev Loss: 0.9964]
L001346 | [Dev F1: 0.622868163801374]
L001347 | [Dev Acc: 0.6206322795341098]
L001348 | 
L001349-L001364 | [REDACTED: batch progress and internal diagnostics]
L001365 | [Epoch 53] [Time: 2.2043776512145996]
L001366 | [Train Loss: 0.4393]
L001367 | [Train F1: 0.8370381056491265]
L001368 | [Train Acc: 0.837204837780764]
L001369 | [Dev Loss: 0.9966]
L001370 | [Dev F1: 0.6284515609309957]
L001371 | [Dev Acc: 0.627287853577371]
L001372 | 
L001373-L001388 | [REDACTED: batch progress and internal diagnostics]
L001389 | [Epoch 54] [Time: 2.18308424949646]
L001390 | [Train Loss: 0.4333]
L001391 | [Train F1: 0.8397084152999282]
L001392 | [Train Acc: 0.8402764446150893]
L001393 | [Dev Loss: 0.9792]
L001394 | [Dev F1: 0.6348059099436137]
L001395 | [Dev Acc: 0.632279534109817]
L001396 | 
L001397-L001412 | [REDACTED: batch progress and internal diagnostics]
L001413 | [Epoch 55] [Time: 2.1682164669036865]
L001414 | [Train Loss: 0.4282]
L001415 | [Train F1: 0.8409699036574367]
L001416 | [Train Acc: 0.8412363217508159]
L001417 | [Dev Loss: 1.0253]
L001418 | [Dev F1: 0.6178755948068447]
L001419 | [Dev Acc: 0.6189683860232945]
L001420 | 
L001421-L001436 | [REDACTED: batch progress and internal diagnostics]
L001437 | [Epoch 56] [Time: 2.1510095596313477]
L001438 | [Train Loss: 0.4279]
L001439 | [Train F1: 0.8427027087220424]
L001440 | [Train Acc: 0.8429641005951238]
L001441 | [Dev Loss: 1.0298]
L001442 | [Dev F1: 0.6190829652664243]
L001443 | [Dev Acc: 0.6173044925124792]
L001444 | 
L001445-L001460 | [REDACTED: batch progress and internal diagnostics]
L001461 | [Epoch 57] [Time: 2.21722674369812]
L001462 | [Train Loss: 0.4135]
L001463 | [Train F1: 0.8486195765841431]
L001464 | [Train Acc: 0.8491073142637743]
L001465 | [Dev Loss: 1.0092]
L001466 | [Dev F1: 0.6370742207133286]
L001467 | [Dev Acc: 0.6356073211314476]
L001468 | 
L001469-L001484 | [REDACTED: batch progress and internal diagnostics]
L001485 | [Epoch 58] [Time: 2.1012978553771973]
L001486 | [Train Loss: 0.4156]
L001487 | [Train F1: 0.8410792791068855]
L001488 | [Train Acc: 0.8414282971779612]
L001489 | [Dev Loss: 1.0487]
L001490 | [Dev F1: 0.5960581455083139]
L001491 | [Dev Acc: 0.6006655574043261]
L001492 | 
L001493-L001508 | [REDACTED: batch progress and internal diagnostics]
L001509 | [Epoch 59] [Time: 2.164271593093872]
L001510 | [Train Loss: 0.409]
L001511 | [Train F1: 0.8505194621613461]
L001512 | [Train Acc: 0.8506431176809368]
L001513 | [Dev Loss: 1.0295]
L001514 | [Dev F1: 0.6186072745938033]
L001515 | [Dev Acc: 0.6173044925124792]
L001516 | Early stopping at epoch: 59
L001517 | Last model
L001518 |               precision    recall  f1-score   support
L001519 | 
L001520 |          hap     0.5000    0.3889    0.4375       144
L001521 |          sad     0.7923    0.6694    0.7257       245
L001522 |          neu     0.5964    0.6927    0.6410       384
L001523 |          ang     0.6291    0.5588    0.5919       170
L001524 |          exc     0.7067    0.7090    0.7078       299
L001525 |          fru     0.5774    0.6168    0.5964       381
L001526 | 
L001527 |     accuracy                         0.6334      1623
L001528 |    macro avg     0.6336    0.6059    0.6167      1623
L001529 | weighted avg     0.6367    0.6334    0.6324      1623
L001530 | 
L001531 | Best model at epoch: 34
L001532 | Best dev F1: 0.6411079169086148
L001533 |               precision    recall  f1-score   support
L001534 | 
L001535 |          hap     0.4516    0.3889    0.4179       144
L001536 |          sad     0.8000    0.7347    0.7660       245
L001537 |          neu     0.6325    0.6901    0.6600       384
L001538 |          ang     0.6687    0.6294    0.6485       170
L001539 |          exc     0.7305    0.7525    0.7414       299
L001540 |          fru     0.5917    0.6010    0.5964       381
L001541 | 
L001542 |     accuracy                         0.6543      1623
L001543 |    macro avg     0.6458    0.6328    0.6383      1623
L001544 | weighted avg     0.6540    0.6543    0.6534      1623
L001545 | 
L001546 | Best test F1: 0.6533613837000537
L001547 | Best test Acc: 0.6543438077634011
L001548 | [SANITIZED] Saved checkpoint: [path and filename removed]
