# Redacted copy of an existing run log.
# run_id: G09-seed3
# dataset: IEMOCAP
# model: MMGCN+AMBER
# imr: (0.5,0.3,0.7)
# seed_alias: seed3
# original_log_sha256: 90cee83b5160c78eb3202e148aa6814a57d002277d514ace90ff15b6788e9e68
# source_record_status: ok
# source_record_process_return_code: 3221226505
# L numbers refer to source logical lines; REDACTED/SANITIZED text is editorial.
L000001-L000065 | [REDACTED: configuration or implementation details]
L000066 | [SANITIZED] Seed alias: seed3
L000067 | 
L000068-L000069 | [REDACTED: batch progress and internal diagnostics]
L000070 | 
L000071-L000072 | [REDACTED: batch progress and internal diagnostics]
L000073 | 
L000074-L000075 | [REDACTED: batch progress and internal diagnostics]
L000076 | 
L000077-L000092 | [REDACTED: batch progress and internal diagnostics]
L000093 | [Epoch 0] [Time: 2.7678840160369873]
L000094 | [Train Loss: 1.893]
L000095 | [Train F1: 0.18224851042811788]
L000096 | [Train Acc: 0.1877270120435863]
L000097 | [Dev Loss: 1.7094]
L000098 | [Dev F1: 0.26107634736248553]
L000099 | [Dev Acc: 0.2556131260794473]
L000100 | 
L000101-L000116 | [REDACTED: batch progress and internal diagnostics]
L000117 | [Epoch 1] [Time: 2.1633427143096924]
L000118 | [Train Loss: 1.7251]
L000119 | [Train F1: 0.2554384578762449]
L000120 | [Train Acc: 0.26935576371630665]
L000121 | [Dev Loss: 1.5696]
L000122 | [Dev F1: 0.2879271260429641]
L000123 | [Dev Acc: 0.28324697754749567]
L000124 | 
L000125-L000140 | [REDACTED: batch progress and internal diagnostics]
L000141 | [Epoch 2] [Time: 2.159027576446533]
L000142 | [Train Loss: 1.6205]
L000143 | [Train F1: 0.29973865475115796]
L000144 | [Train Acc: 0.3259415025807685]
L000145 | [Dev Loss: 1.497]
L000146 | [Dev F1: 0.33778605819152663]
L000147 | [Dev Acc: 0.3385146804835924]
L000148 | 
L000149-L000164 | [REDACTED: batch progress and internal diagnostics]
L000165 | [Epoch 3] [Time: 2.021672248840332]
L000166 | [Train Loss: 1.5457]
L000167 | [Train F1: 0.34609541693629153]
L000168 | [Train Acc: 0.3647486140317339]
L000169 | [Dev Loss: 1.4286]
L000170 | [Dev F1: 0.3977925368096479]
L000171 | [Dev Acc: 0.4110535405872193]
L000172 | 
L000173-L000188 | [REDACTED: batch progress and internal diagnostics]
L000189 | [Epoch 4] [Time: 2.2160120010375977]
L000190 | [Train Loss: 1.485]
L000191 | [Train F1: 0.3690664202477113]
L000192 | [Train Acc: 0.38118906518830054]
L000193 | [Dev Loss: 1.3688]
L000194 | [Dev F1: 0.42544757026287205]
L000195 | [Dev Acc: 0.4386873920552677]
L000196 | 
L000197-L000212 | [REDACTED: batch progress and internal diagnostics]
L000213 | [Epoch 5] [Time: 2.163191556930542]
L000214 | [Train Loss: 1.426]
L000215 | [Train F1: 0.40735752041484213]
L000216 | [Train Acc: 0.4144523035748423]
L000217 | [Dev Loss: 1.3309]
L000218 | [Dev F1: 0.4400009098326169]
L000219 | [Dev Acc: 0.4525043177892919]
L000220 | 
L000221-L000236 | [REDACTED: batch progress and internal diagnostics]
L000237 | [Epoch 6] [Time: 2.1497838497161865]
L000238 | [Train Loss: 1.3492]
L000239 | [Train F1: 0.4431972304823746]
L000240 | [Train Acc: 0.45134773465876504]
L000241 | [Dev Loss: 1.2832]
L000242 | [Dev F1: 0.4679422744291789]
L000243 | [Dev Acc: 0.4991364421416235]
L000244 | 
L000245-L000260 | [REDACTED: batch progress and internal diagnostics]
L000261 | [Epoch 7] [Time: 2.0937259197235107]
L000262 | [Train Loss: 1.2952]
L000263 | [Train F1: 0.4705545913211842]
L000264 | [Train Acc: 0.4807876123112216]
L000265 | [Dev Loss: 1.2387]
L000266 | [Dev F1: 0.4825727995315616]
L000267 | [Dev Acc: 0.5146804835924007]
L000268 | 
L000269-L000284 | [REDACTED: batch progress and internal diagnostics]
L000285 | [Epoch 8] [Time: 2.0767018795013428]
L000286 | [Train Loss: 1.2542]
L000287 | [Train F1: 0.4831807254538773]
L000288 | [Train Acc: 0.4930223666602944]
L000289 | [Dev Loss: 1.1989]
L000290 | [Dev F1: 0.4920116109396776]
L000291 | [Dev Acc: 0.5233160621761658]
L000292 | 
L000293-L000308 | [REDACTED: batch progress and internal diagnostics]
L000309 | [Epoch 9] [Time: 2.218302011489868]
L000310 | [Train Loss: 1.2028]
L000311 | [Train F1: 0.5105385078461885]
L000312 | [Train Acc: 0.5173007073217358]
L000313 | [Dev Loss: 1.1576]
L000314 | [Dev F1: 0.5150541179161641]
L000315 | [Dev Acc: 0.542314335060449]
L000316 | 
L000317-L000332 | [REDACTED: batch progress and internal diagnostics]
L000333 | [Epoch 10] [Time: 2.0603113174438477]
L000334 | [Train Loss: 1.1663]
L000335 | [Train F1: 0.520417383974583]
L000336 | [Train Acc: 0.528388453450583]
L000337 | [Dev Loss: 1.1335]
L000338 | [Dev F1: 0.5321936194931906]
L000339 | [Dev Acc: 0.5561312607944733]
L000340 | 
L000341-L000356 | [REDACTED: batch progress and internal diagnostics]
L000357 | [Epoch 11] [Time: 2.1056487560272217]
L000358 | [Train Loss: 1.128]
L000359 | [Train F1: 0.5419116214549552]
L000360 | [Train Acc: 0.5469317530108966]
L000361 | [Dev Loss: 1.1076]
L000362 | [Dev F1: 0.5286148567358472]
L000363 | [Dev Acc: 0.5544041450777202]
L000364 | 
L000365-L000380 | [REDACTED: batch progress and internal diagnostics]
L000381 | [Epoch 12] [Time: 2.1306190490722656]
L000382 | [Train Loss: 1.0795]
L000383 | [Train F1: 0.5586319954814505]
L000384 | [Train Acc: 0.5649015484610973]
L000385 | [Dev Loss: 1.0807]
L000386 | [Dev F1: 0.542614683553526]
L000387 | [Dev Acc: 0.5647668393782384]
L000388 | 
L000389-L000404 | [REDACTED: batch progress and internal diagnostics]
L000405 | [Epoch 13] [Time: 2.208569049835205]
L000406 | [Train Loss: 1.0513]
L000407 | [Train F1: 0.5772577938484377]
L000408 | [Train Acc: 0.5834448480214108]
L000409 | [Dev Loss: 1.0479]
L000410 | [Dev F1: 0.5441063774399445]
L000411 | [Dev Acc: 0.5699481865284974]
L000412 | 
L000413-L000428 | [REDACTED: batch progress and internal diagnostics]
L000429 | [Epoch 14] [Time: 2.1521849632263184]
L000430 | [Train Loss: 1.0042]
L000431 | [Train F1: 0.5902898121333409]
L000432 | [Train Acc: 0.5970177786274135]
L000433 | [Dev Loss: 1.0111]
L000434 | [Dev F1: 0.5549519043258995]
L000435 | [Dev Acc: 0.5803108808290155]
L000436 | 
L000437-L000452 | [REDACTED: batch progress and internal diagnostics]
L000453 | [Epoch 15] [Time: 2.1003987789154053]
L000454 | [Train Loss: 0.9762]
L000455 | [Train F1: 0.6023534505762579]
L000456 | [Train Acc: 0.6115465494169375]
L000457 | [Dev Loss: 0.9709]
L000458 | [Dev F1: 0.5880825992340426]
L000459 | [Dev Acc: 0.6062176165803109]
L000460 | 
L000461-L000476 | [REDACTED: batch progress and internal diagnostics]
L000477 | [Epoch 16] [Time: 2.2721357345581055]
L000478 | [Train Loss: 0.9256]
L000479 | [Train F1: 0.6219920005143861]
L000480 | [Train Acc: 0.6258841521697572]
L000481 | [Dev Loss: 0.9526]
L000482 | [Dev F1: 0.5941455461002781]
L000483 | [Dev Acc: 0.6044905008635578]
L000484 | 
L000485-L000500 | [REDACTED: batch progress and internal diagnostics]
L000501 | [Epoch 17] [Time: 2.250776767730713]
L000502 | [Train Loss: 0.8924]
L000503 | [Train F1: 0.6354677707920149]
L000504 | [Train Acc: 0.6415599311795068]
L000505 | [Dev Loss: 0.938]
L000506 | [Dev F1: 0.6006510716355276]
L000507 | [Dev Acc: 0.6113989637305699]
L000508 | 
L000509-L000524 | [REDACTED: batch progress and internal diagnostics]
L000525 | [Epoch 18] [Time: 2.2915070056915283]
L000526 | [Train Loss: 0.863]
L000527 | [Train F1: 0.651053708486977]
L000528 | [Train Acc: 0.6557063658956223]
L000529 | [Dev Loss: 0.9273]
L000530 | [Dev F1: 0.628575676215686]
L000531 | [Dev Acc: 0.6373056994818653]
L000532 | 
L000533-L000548 | [REDACTED: batch progress and internal diagnostics]
L000549 | [Epoch 19] [Time: 2.186000108718872]
L000550 | [Train Loss: 0.8461]
L000551 | [Train F1: 0.6655527913048589]
L000552 | [Train Acc: 0.6683234563181036]
L000553 | [Dev Loss: 0.9154]
L000554 | [Dev F1: 0.6277165435674437]
L000555 | [Dev Acc: 0.6355785837651122]
L000556 | 
L000557-L000572 | [REDACTED: batch progress and internal diagnostics]
L000573 | [Epoch 20] [Time: 2.125659942626953]
L000574 | [Train Loss: 0.8282]
L000575 | [Train F1: 0.6664370712785106]
L000576 | [Train Acc: 0.6694704645383291]
L000577 | [Dev Loss: 0.9068]
L000578 | [Dev F1: 0.637666882014215]
L000579 | [Dev Acc: 0.6442141623488774]
L000580 | 
L000581-L000596 | [REDACTED: batch progress and internal diagnostics]
L000597 | [Epoch 21] [Time: 2.116943836212158]
L000598 | [Train Loss: 0.8085]
L000599 | [Train F1: 0.6755589065345949]
L000600 | [Train Acc: 0.6803670426304722]
L000601 | [Dev Loss: 0.8942]
L000602 | [Dev F1: 0.6347005766529631]
L000603 | [Dev Acc: 0.6407599309153713]
L000604 | 
L000605-L000620 | [REDACTED: batch progress and internal diagnostics]
L000621 | [Epoch 22] [Time: 2.196789264678955]
L000622 | [Train Loss: 0.7796]
L000623 | [Train F1: 0.6866421262737666]
L000624 | [Train Acc: 0.6904989485757981]
L000625 | [Dev Loss: 0.897]
L000626 | [Dev F1: 0.6292315720299477]
L000627 | [Dev Acc: 0.6373056994818653]
L000628 | 
L000629-L000644 | [REDACTED: batch progress and internal diagnostics]
L000645 | [Epoch 23] [Time: 2.122652530670166]
L000646 | [Train Loss: 0.7749]
L000647 | [Train F1: 0.6889927454794821]
L000648 | [Train Acc: 0.692601796979545]
L000649 | [Dev Loss: 0.8899]
L000650 | [Dev F1: 0.6403761307118337]
L000651 | [Dev Acc: 0.6459412780656304]
L000652 | 
L000653-L000668 | [REDACTED: batch progress and internal diagnostics]
L000669 | [Epoch 24] [Time: 2.164306640625]
L000670 | [Train Loss: 0.7522]
L000671 | [Train F1: 0.7058735474910558]
L000672 | [Train Acc: 0.7080864079525904]
L000673 | [Dev Loss: 0.8875]
L000674 | [Dev F1: 0.6372321720239048]
L000675 | [Dev Acc: 0.6442141623488774]
L000676 | 
L000677-L000692 | [REDACTED: batch progress and internal diagnostics]
L000693 | [Epoch 25] [Time: 2.215402126312256]
L000694 | [Train Loss: 0.7341]
L000695 | [Train F1: 0.712851792790416]
L000696 | [Train Acc: 0.7153507933473523]
L000697 | [Dev Loss: 0.8779]
L000698 | [Dev F1: 0.6402384775974364]
L000699 | [Dev Acc: 0.6459412780656304]
L000700 | 
L000701-L000716 | [REDACTED: batch progress and internal diagnostics]
L000717 | [Epoch 26] [Time: 2.0521955490112305]
L000718 | [Train Loss: 0.7264]
L000719 | [Train F1: 0.7130732233018715]
L000720 | [Train Acc: 0.7164978015675779]
L000721 | [Dev Loss: 0.8836]
L000722 | [Dev F1: 0.6364931483166081]
L000723 | [Dev Acc: 0.6424870466321243]
L000724 | 
L000725-L000740 | [REDACTED: batch progress and internal diagnostics]
L000741 | [Epoch 27] [Time: 2.2384772300720215]
L000742 | [Train Loss: 0.7074]
L000743 | [Train F1: 0.7283722478059254]
L000744 | [Train Acc: 0.7304530682469891]
L000745 | [Dev Loss: 0.8815]
L000746 | [Dev F1: 0.6372265445709008]
L000747 | [Dev Acc: 0.6424870466321243]
L000748 | 
L000749-L000764 | [REDACTED: batch progress and internal diagnostics]
L000765 | [Epoch 28] [Time: 2.301893949508667]
L000766 | [Train Loss: 0.6972]
L000767 | [Train F1: 0.7302557329415617]
L000768 | [Train Acc: 0.7314089084305104]
L000769 | [Dev Loss: 0.877]
L000770 | [Dev F1: 0.6422920593134104]
L000771 | [Dev Acc: 0.6476683937823834]
L000772 | 
L000773-L000788 | [REDACTED: batch progress and internal diagnostics]
L000789 | [Epoch 29] [Time: 2.0967867374420166]
L000790 | [Train Loss: 0.678]
L000791 | [Train F1: 0.7357680298673384]
L000792 | [Train Acc: 0.7373351175683426]
L000793 | [Dev Loss: 0.8742]
L000794 | [Dev F1: 0.6381270087233674]
L000795 | [Dev Acc: 0.6442141623488774]
L000796 | 
L000797-L000812 | [REDACTED: batch progress and internal diagnostics]
L000813 | [Epoch 30] [Time: 2.25799560546875]
L000814 | [Train Loss: 0.6672]
L000815 | [Train F1: 0.7424357591022634]
L000816 | [Train Acc: 0.7442171668896961]
L000817 | [Dev Loss: 0.881]
L000818 | [Dev F1: 0.6411429026197216]
L000819 | [Dev Acc: 0.6459412780656304]
L000820 | 
L000821-L000836 | [REDACTED: batch progress and internal diagnostics]
L000837 | [Epoch 31] [Time: 2.218458652496338]
L000838 | [Train Loss: 0.6475]
L000839 | [Train F1: 0.7487619301711064]
L000840 | [Train Acc: 0.750716880137641]
L000841 | [Dev Loss: 0.878]
L000842 | [Dev F1: 0.6425994492475031]
L000843 | [Dev Acc: 0.6476683937823834]
L000844 | 
L000845-L000860 | [REDACTED: batch progress and internal diagnostics]
L000861 | [Epoch 32] [Time: 2.180701971054077]
L000862 | [Train Loss: 0.6451]
L000863 | [Train F1: 0.7589234132468511]
L000864 | [Train Acc: 0.7606576180462626]
L000865 | [Dev Loss: 0.8736]
L000866 | [Dev F1: 0.6369022050011507]
L000867 | [Dev Acc: 0.6424870466321243]
L000868 | 
L000869-L000884 | [REDACTED: batch progress and internal diagnostics]
L000885 | [Epoch 33] [Time: 2.0242481231689453]
L000886 | [Train Loss: 0.6273]
L000887 | [Train F1: 0.7615173258272961]
L000888 | [Train Acc: 0.7629516344867138]
L000889 | [Dev Loss: 0.872]
L000890 | [Dev F1: 0.6457489332342161]
L000891 | [Dev Acc: 0.6511226252158895]
L000892 | 
L000893-L000908 | [REDACTED: batch progress and internal diagnostics]
L000909 | [Epoch 34] [Time: 2.208852767944336]
L000910 | [Train Loss: 0.6285]
L000911 | [Train F1: 0.7610593528560432]
L000912 | [Train Acc: 0.7625692984133053]
L000913 | [Dev Loss: 0.8902]
L000914 | [Dev F1: 0.6284043235883149]
L000915 | [Dev Acc: 0.6321243523316062]
L000916 | 
L000917-L000932 | [REDACTED: batch progress and internal diagnostics]
L000933 | [Epoch 35] [Time: 2.2884111404418945]
L000934 | [Train Loss: 0.6127]
L000935 | [Train F1: 0.7654831597077618]
L000936 | [Train Acc: 0.7673484993309119]
L000937 | [Dev Loss: 0.8779]
L000938 | [Dev F1: 0.637419536096377]
L000939 | [Dev Acc: 0.6424870466321243]
L000940 | 
L000941-L000956 | [REDACTED: batch progress and internal diagnostics]
L000957 | [Epoch 36] [Time: 2.2460262775421143]
L000958 | [Train Loss: 0.5956]
L000959 | [Train F1: 0.7767231996834019]
L000960 | [Train Acc: 0.7770980692028293]
L000961 | [Dev Loss: 0.8803]
L000962 | [Dev F1: 0.6475740262966583]
L000963 | [Dev Acc: 0.6528497409326425]
L000964 | 
L000965-L000980 | [REDACTED: batch progress and internal diagnostics]
L000981 | [Epoch 37] [Time: 2.121936321258545]
L000982 | [Train Loss: 0.5806]
L000983 | [Train F1: 0.7906293510517861]
L000984 | [Train Acc: 0.7916268399923533]
L000985 | [Dev Loss: 0.8948]
L000986 | [Dev F1: 0.6342693104145253]
L000987 | [Dev Acc: 0.6390328151986183]
L000988 | 
L000989-L001004 | [REDACTED: batch progress and internal diagnostics]
L001005 | [Epoch 38] [Time: 2.2165451049804688]
L001006 | [Train Loss: 0.5798]
L001007 | [Train F1: 0.7810639283594613]
L001008 | [Train Acc: 0.7816861020837316]
L001009 | [Dev Loss: 0.8958]
L001010 | [Dev F1: 0.6459520266841877]
L001011 | [Dev Acc: 0.6511226252158895]
L001012 | 
L001013-L001028 | [REDACTED: batch progress and internal diagnostics]
L001029 | [Epoch 39] [Time: 2.1065876483917236]
L001030 | [Train Loss: 0.557]
L001031 | [Train F1: 0.7902119658944414]
L001032 | [Train Acc: 0.7912445039189447]
L001033 | [Dev Loss: 0.8966]
L001034 | [Dev F1: 0.6373563167084751]
L001035 | [Dev Acc: 0.6424870466321243]
L001036 | 
L001037-L001052 | [REDACTED: batch progress and internal diagnostics]
L001053 | [Epoch 40] [Time: 2.0683631896972656]
L001054 | [Train Loss: 0.552]
L001055 | [Train F1: 0.7985558983949956]
L001056 | [Train Acc: 0.7990823934238196]
L001057 | [Dev Loss: 0.9225]
L001058 | [Dev F1: 0.6335270683917202]
L001059 | [Dev Acc: 0.6390328151986183]
L001060 | 
L001061-L001076 | [REDACTED: batch progress and internal diagnostics]
L001077 | [Epoch 41] [Time: 2.1541030406951904]
L001078 | [Train Loss: 0.5388]
L001079 | [Train F1: 0.8081666616827373]
L001080 | [Train Acc: 0.8094054674058497]
L001081 | [Dev Loss: 0.9161]
L001082 | [Dev F1: 0.637564744740726]
L001083 | [Dev Acc: 0.6424870466321243]
L001084 | 
L001085-L001100 | [REDACTED: batch progress and internal diagnostics]
L001101 | [Epoch 42] [Time: 2.2337465286254883]
L001102 | [Train Loss: 0.5388]
L001103 | [Train F1: 0.7989984585837844]
L001104 | [Train Acc: 0.8000382336073408]
L001105 | [Dev Loss: 0.9286]
L001106 | [Dev F1: 0.6295872144478758]
L001107 | [Dev Acc: 0.6355785837651122]
L001108 | 
L001109-L001124 | [REDACTED: batch progress and internal diagnostics]
L001125 | [Epoch 43] [Time: 2.2192108631134033]
L001126 | [Train Loss: 0.5259]
L001127 | [Train F1: 0.8022694752370801]
L001128 | [Train Acc: 0.803096922194609]
L001129 | [Dev Loss: 0.942]
L001130 | [Dev F1: 0.6343273550325786]
L001131 | [Dev Acc: 0.6390328151986183]
L001132 | 
L001133-L001148 | [REDACTED: batch progress and internal diagnostics]
L001149 | [Epoch 44] [Time: 2.185195207595825]
L001150 | [Train Loss: 0.5106]
L001151 | [Train F1: 0.8144914919545546]
L001152 | [Train Acc: 0.8153316765436819]
L001153 | [Dev Loss: 0.9318]
L001154 | [Dev F1: 0.6302630014096066]
L001155 | [Dev Acc: 0.6355785837651122]
L001156 | 
L001157-L001172 | [REDACTED: batch progress and internal diagnostics]
L001173 | [Epoch 45] [Time: 2.1388232707977295]
L001174 | [Train Loss: 0.4952]
L001175 | [Train F1: 0.814145596988205]
L001176 | [Train Acc: 0.8143758363601605]
L001177 | [Dev Loss: 0.9479]
L001178 | [Dev F1: 0.6170170091853203]
L001179 | [Dev Acc: 0.6217616580310881]
L001180 | 
L001181-L001196 | [REDACTED: batch progress and internal diagnostics]
L001197 | [Epoch 46] [Time: 2.2535009384155273]
L001198 | [Train Loss: 0.4982]
L001199 | [Train F1: 0.8128835370143023]
L001200 | [Train Acc: 0.813228828139935]
L001201 | [Dev Loss: 0.9568]
L001202 | [Dev F1: 0.6164911935648927]
L001203 | [Dev Acc: 0.6217616580310881]
L001204 | 
L001205-L001220 | [REDACTED: batch progress and internal diagnostics]
L001221 | [Epoch 47] [Time: 2.1329939365386963]
L001222 | [Train Loss: 0.4798]
L001223 | [Train F1: 0.8252798040381686]
L001224 | [Train Acc: 0.8258459185624164]
L001225 | [Dev Loss: 0.9589]
L001226 | [Dev F1: 0.6155169353396476]
L001227 | [Dev Acc: 0.6200345423143351]
L001228 | 
L001229-L001244 | [REDACTED: batch progress and internal diagnostics]
L001245 | [Epoch 48] [Time: 2.171743154525757]
L001246 | [Train Loss: 0.4784]
L001247 | [Train F1: 0.8251929371483951]
L001248 | [Train Acc: 0.8258459185624164]
L001249 | [Dev Loss: 0.9914]
L001250 | [Dev F1: 0.6144017452629631]
L001251 | [Dev Acc: 0.6200345423143351]
L001252 | 
L001253-L001268 | [REDACTED: batch progress and internal diagnostics]
L001269 | [Epoch 49] [Time: 2.0774197578430176]
L001270 | [Train Loss: 0.4586]
L001271 | [Train F1: 0.831428935546447]
L001272 | [Train Acc: 0.8323456318103613]
L001273 | [Dev Loss: 0.999]
L001274 | [Dev F1: 0.6062897426502851]
L001275 | [Dev Acc: 0.6113989637305699]
L001276 | 
L001277-L001292 | [REDACTED: batch progress and internal diagnostics]
L001293 | [Epoch 50] [Time: 2.0763533115386963]
L001294 | [Train Loss: 0.4593]
L001295 | [Train F1: 0.8319609255332183]
L001296 | [Train Acc: 0.8323456318103613]
L001297 | [Dev Loss: 0.9939]
L001298 | [Dev F1: 0.6187436111307456]
L001299 | [Dev Acc: 0.6234887737478411]
L001300 | 
L001301-L001316 | [REDACTED: batch progress and internal diagnostics]
L001317 | [Epoch 51] [Time: 2.1194167137145996]
L001318 | [Train Loss: 0.4419]
L001319 | [Train F1: 0.8387771436172833]
L001320 | [Train Acc: 0.8392276811317148]
L001321 | [Dev Loss: 1.0111]
L001322 | [Dev F1: 0.6057077273238997]
L001323 | [Dev Acc: 0.6113989637305699]
L001324 | 
L001325-L001340 | [REDACTED: batch progress and internal diagnostics]
L001341 | [Epoch 52] [Time: 2.212348461151123]
L001342 | [Train Loss: 0.4463]
L001343 | [Train F1: 0.8329128310395489]
L001344 | [Train Acc: 0.8336838080672911]
L001345 | [Dev Loss: 1.0141]
L001346 | [Dev F1: 0.619874316738589]
L001347 | [Dev Acc: 0.6252158894645942]
L001348 | 
L001349-L001364 | [REDACTED: batch progress and internal diagnostics]
L001365 | [Epoch 53] [Time: 2.200140953063965]
L001366 | [Train Loss: 0.4396]
L001367 | [Train F1: 0.8417122327351702]
L001368 | [Train Acc: 0.8419040336455744]
L001369 | [Dev Loss: 1.0309]
L001370 | [Dev F1: 0.6021612272540058]
L001371 | [Dev Acc: 0.6079447322970639]
L001372 | 
L001373-L001388 | [REDACTED: batch progress and internal diagnostics]
L001389 | [Epoch 54] [Time: 2.0057337284088135]
L001390 | [Train Loss: 0.4324]
L001391 | [Train F1: 0.8420526077024432]
L001392 | [Train Acc: 0.8428598738290958]
L001393 | [Dev Loss: 1.0485]
L001394 | [Dev F1: 0.6006728979742979]
L001395 | [Dev Acc: 0.6062176165803109]
L001396 | 
L001397-L001412 | [REDACTED: batch progress and internal diagnostics]
L001413 | [Epoch 55] [Time: 2.224522590637207]
L001414 | [Train Loss: 0.4218]
L001415 | [Train F1: 0.8483217543462185]
L001416 | [Train Acc: 0.8484037468935194]
L001417 | [Dev Loss: 1.0502]
L001418 | [Dev F1: 0.6167263199142327]
L001419 | [Dev Acc: 0.6217616580310881]
L001420 | 
L001421-L001436 | [REDACTED: batch progress and internal diagnostics]
L001437 | [Epoch 56] [Time: 2.158879041671753]
L001438 | [Train Loss: 0.4123]
L001439 | [Train F1: 0.8514004061251049]
L001440 | [Train Acc: 0.8516536035174919]
L001441 | [Dev Loss: 1.0298]
L001442 | [Dev F1: 0.6166541765466055]
L001443 | [Dev Acc: 0.6217616580310881]
L001444 | 
L001445-L001460 | [REDACTED: batch progress and internal diagnostics]
L001461 | [Epoch 57] [Time: 2.148183822631836]
L001462 | [Train Loss: 0.4136]
L001463 | [Train F1: 0.8493495170764038]
L001464 | [Train Acc: 0.8499330911871535]
L001465 | [Dev Loss: 1.066]
L001466 | [Dev F1: 0.6086176859680938]
L001467 | [Dev Acc: 0.614853195164076]
L001468 | 
L001469-L001484 | [REDACTED: batch progress and internal diagnostics]
L001485 | [Epoch 58] [Time: 2.2606210708618164]
L001486 | [Train Loss: 0.4101]
L001487 | [Train F1: 0.8558053577380023]
L001488 | [Train Acc: 0.8558593003249857]
L001489 | [Dev Loss: 1.0662]
L001490 | [Dev F1: 0.5986992957050049]
L001491 | [Dev Acc: 0.6044905008635578]
L001492 | 
L001493-L001508 | [REDACTED: batch progress and internal diagnostics]
L001509 | [Epoch 59] [Time: 2.282212972640991]
L001510 | [Train Loss: 0.3975]
L001511 | [Train F1: 0.8589019747819621]
L001512 | [Train Acc: 0.8591091569489582]
L001513 | [Dev Loss: 1.0611]
L001514 | [Dev F1: 0.6123417725771946]
L001515 | [Dev Acc: 0.6183074265975821]
L001516 | 
L001517-L001532 | [REDACTED: batch progress and internal diagnostics]
L001533 | [Epoch 60] [Time: 2.0176026821136475]
L001534 | [Train Loss: 0.3956]
L001535 | [Train F1: 0.8605940787480932]
L001536 | [Train Acc: 0.8608296692792965]
L001537 | [Dev Loss: 1.0786]
L001538 | [Dev F1: 0.6088905887931341]
L001539 | [Dev Acc: 0.614853195164076]
L001540 | 
L001541-L001556 | [REDACTED: batch progress and internal diagnostics]
L001557 | [Epoch 61] [Time: 2.2684967517852783]
L001558 | [Train Loss: 0.3907]
L001559 | [Train F1: 0.8579273233233092]
L001560 | [Train Acc: 0.8583444848021411]
L001561 | [Dev Loss: 1.1033]
L001562 | [Dev F1: 0.5911320692697771]
L001563 | [Dev Acc: 0.5958549222797928]
L001564 | Early stopping at epoch: 61
L001565 | Last model
L001566 |               precision    recall  f1-score   support
L001567 | 
L001568 |          hap     0.4884    0.4375    0.4615       144
L001569 |          sad     0.7951    0.7918    0.7935       245
L001570 |          neu     0.5981    0.6589    0.6270       384
L001571 |          ang     0.6434    0.5412    0.5879       170
L001572 |          exc     0.7456    0.7057    0.7251       299
L001573 |          fru     0.6060    0.6378    0.6215       381
L001574 | 
L001575 |     accuracy                         0.6506      1623
L001576 |    macro avg     0.6461    0.6288    0.6361      1623
L001577 | weighted avg     0.6519    0.6506    0.6501      1623
L001578 | 
L001579 | Best model at epoch: 36
L001580 | Best dev F1: 0.6475740262966583
L001581 |               precision    recall  f1-score   support
L001582 | 
L001583 |          hap     0.4286    0.3542    0.3878       144
L001584 |          sad     0.8235    0.8000    0.8116       245
L001585 |          neu     0.6487    0.6589    0.6537       384
L001586 |          ang     0.6287    0.6176    0.6231       170
L001587 |          exc     0.7090    0.7659    0.7363       299
L001588 |          fru     0.6192    0.6273    0.6232       381
L001589 | 
L001590 |     accuracy                         0.6611      1623
L001591 |    macro avg     0.6430    0.6373    0.6393      1623
L001592 | weighted avg     0.6576    0.6611    0.6588      1623
L001593 | 
L001594 | Best test F1: 0.6588218947206008
L001595 | Best test Acc: 0.6611213801601972
L001596 | [SANITIZED] Saved checkpoint: [path and filename removed]
