# Redacted copy of an existing run log.
# run_id: G09-seed2
# dataset: IEMOCAP
# model: MMGCN+AMBER
# imr: (0.5,0.3,0.7)
# seed_alias: seed2
# original_log_sha256: 91abf6c90db75171fef7e212d910d4344ffa8cf42e2ddd3fb26e88ef146f8238
# source_record_status: ok
# source_record_process_return_code: 3221226505
# L numbers refer to source logical lines; REDACTED/SANITIZED text is editorial.
L000001-L000065 | [REDACTED: configuration or implementation details]
L000066 | [SANITIZED] Seed alias: seed2
L000067 | 
L000068-L000069 | [REDACTED: batch progress and internal diagnostics]
L000070 | 
L000071-L000072 | [REDACTED: batch progress and internal diagnostics]
L000073 | 
L000074-L000075 | [REDACTED: batch progress and internal diagnostics]
L000076 | 
L000077-L000092 | [REDACTED: batch progress and internal diagnostics]
L000093 | [Epoch 0] [Time: 2.7147457599639893]
L000094 | [Train Loss: 1.8482]
L000095 | [Train F1: 0.1988630973687994]
L000096 | [Train Acc: 0.19693739096724172]
L000097 | [Dev Loss: 1.6266]
L000098 | [Dev F1: 0.29842185358697915]
L000099 | [Dev Acc: 0.3563748079877112]
L000100 | 
L000101-L000116 | [REDACTED: batch progress and internal diagnostics]
L000117 | [Epoch 1] [Time: 2.1413283348083496]
L000118 | [Train Loss: 1.6731]
L000119 | [Train F1: 0.26870840002703666]
L000120 | [Train Acc: 0.28648962977321185]
L000121 | [Dev Loss: 1.546]
L000122 | [Dev F1: 0.32514206626950093]
L000123 | [Dev Acc: 0.3717357910906298]
L000124 | 
L000125-L000140 | [REDACTED: batch progress and internal diagnostics]
L000141 | [Epoch 2] [Time: 2.173009157180786]
L000142 | [Train Loss: 1.6093]
L000143 | [Train F1: 0.29757752282125355]
L000144 | [Train Acc: 0.3258383407637139]
L000145 | [Dev Loss: 1.5098]
L000146 | [Dev F1: 0.30904698219337867]
L000147 | [Dev Acc: 0.3486943164362519]
L000148 | 
L000149-L000164 | [REDACTED: batch progress and internal diagnostics]
L000165 | [Epoch 3] [Time: 2.0861384868621826]
L000166 | [Train Loss: 1.5241]
L000167 | [Train F1: 0.3494881143986016]
L000168 | [Train Acc: 0.3692576080635782]
L000169 | [Dev Loss: 1.4533]
L000170 | [Dev F1: 0.3714075713244553]
L000171 | [Dev Acc: 0.39631336405529954]
L000172 | 
L000173-L000188 | [REDACTED: batch progress and internal diagnostics]
L000189 | [Epoch 4] [Time: 2.2401697635650635]
L000190 | [Train Loss: 1.4531]
L000191 | [Train F1: 0.39271180854064336]
L000192 | [Train Acc: 0.4072494669509595]
L000193 | [Dev Loss: 1.4036]
L000194 | [Dev F1: 0.4003335927401421]
L000195 | [Dev Acc: 0.423963133640553]
L000196 | 
L000197-L000212 | [REDACTED: batch progress and internal diagnostics]
L000213 | [Epoch 5] [Time: 2.2381932735443115]
L000214 | [Train Loss: 1.3837]
L000215 | [Train F1: 0.41738641674761634]
L000216 | [Train Acc: 0.4312851327776701]
L000217 | [Dev Loss: 1.3624]
L000218 | [Dev F1: 0.42429781184351173]
L000219 | [Dev Acc: 0.4500768049155146]
L000220 | 
L000221-L000236 | [REDACTED: batch progress and internal diagnostics]
L000237 | [Epoch 6] [Time: 2.1959755420684814]
L000238 | [Train Loss: 1.3159]
L000239 | [Train F1: 0.45394937746631037]
L000240 | [Train Acc: 0.46675712347354137]
L000241 | [Dev Loss: 1.3277]
L000242 | [Dev F1: 0.44998706557605544]
L000243 | [Dev Acc: 0.4792626728110599]
L000244 | 
L000245-L000260 | [REDACTED: batch progress and internal diagnostics]
L000261 | [Epoch 7] [Time: 2.280268430709839]
L000262 | [Train Loss: 1.2604]
L000263 | [Train F1: 0.4798724033717856]
L000264 | [Train Acc: 0.49214964140337275]
L000265 | [Dev Loss: 1.2867]
L000266 | [Dev F1: 0.45739547556581833]
L000267 | [Dev Acc: 0.4869431643625192]
L000268 | 
L000269-L000284 | [REDACTED: batch progress and internal diagnostics]
L000285 | [Epoch 8] [Time: 2.095219612121582]
L000286 | [Train Loss: 1.2043]
L000287 | [Train F1: 0.5083437427221243]
L000288 | [Train Acc: 0.5188990114363249]
L000289 | [Dev Loss: 1.231]
L000290 | [Dev F1: 0.4613408613515817]
L000291 | [Dev Acc: 0.49001536098310294]
L000292 | 
L000293-L000308 | [REDACTED: batch progress and internal diagnostics]
L000309 | [Epoch 9] [Time: 2.1890037059783936]
L000310 | [Train Loss: 1.1473]
L000311 | [Train F1: 0.5232055977409485]
L000312 | [Train Acc: 0.5344058926148478]
L000313 | [Dev Loss: 1.1952]
L000314 | [Dev F1: 0.4714931354456567]
L000315 | [Dev Acc: 0.500768049155146]
L000316 | 
L000317-L000332 | [REDACTED: batch progress and internal diagnostics]
L000333 | [Epoch 10] [Time: 2.1560802459716797]
L000334 | [Train Loss: 1.1076]
L000335 | [Train F1: 0.5435568228374574]
L000336 | [Train Acc: 0.5534018220585385]
L000337 | [Dev Loss: 1.156]
L000338 | [Dev F1: 0.4903683957167807]
L000339 | [Dev Acc: 0.5207373271889401]
L000340 | 
L000341-L000356 | [REDACTED: batch progress and internal diagnostics]
L000357 | [Epoch 11] [Time: 2.018908977508545]
L000358 | [Train Loss: 1.0491]
L000359 | [Train F1: 0.5643611705659313]
L000360 | [Train Acc: 0.5772436518705175]
L000361 | [Dev Loss: 1.1242]
L000362 | [Dev F1: 0.5176078060220889]
L000363 | [Dev Acc: 0.5453149001536098]
L000364 | 
L000365-L000380 | [REDACTED: batch progress and internal diagnostics]
L000381 | [Epoch 12] [Time: 2.160299062728882]
L000382 | [Train Loss: 1.0005]
L000383 | [Train F1: 0.586942638935632]
L000384 | [Train Acc: 0.5981779414615236]
L000385 | [Dev Loss: 1.0957]
L000386 | [Dev F1: 0.5201816576630942]
L000387 | [Dev Acc: 0.5514592933947773]
L000388 | 
L000389-L000404 | [REDACTED: batch progress and internal diagnostics]
L000405 | [Epoch 13] [Time: 2.1348423957824707]
L000406 | [Train Loss: 0.9712]
L000407 | [Train F1: 0.5982491977293619]
L000408 | [Train Acc: 0.6098081023454158]
L000409 | [Dev Loss: 1.0762]
L000410 | [Dev F1: 0.5545139259057325]
L000411 | [Dev Acc: 0.576036866359447]
L000412 | 
L000413-L000428 | [REDACTED: batch progress and internal diagnostics]
L000429 | [Epoch 14] [Time: 2.185997724533081]
L000430 | [Train Loss: 0.9464]
L000431 | [Train F1: 0.6034498437962342]
L000432 | [Train Acc: 0.6105834464043419]
L000433 | [Dev Loss: 1.059]
L000434 | [Dev F1: 0.5598895679382818]
L000435 | [Dev Acc: 0.5775729646697388]
L000436 | 
L000437-L000452 | [REDACTED: batch progress and internal diagnostics]
L000453 | [Epoch 15] [Time: 2.10880970954895]
L000454 | [Train Loss: 0.9142]
L000455 | [Train F1: 0.6201137691594061]
L000456 | [Train Acc: 0.6286101957743748]
L000457 | [Dev Loss: 1.0599]
L000458 | [Dev F1: 0.5418317072057051]
L000459 | [Dev Acc: 0.5683563748079877]
L000460 | 
L000461-L000476 | [REDACTED: batch progress and internal diagnostics]
L000477 | [Epoch 16] [Time: 2.170003890991211]
L000478 | [Train Loss: 0.8925]
L000479 | [Train F1: 0.643941689117288]
L000480 | [Train Acc: 0.6526458616010855]
L000481 | [Dev Loss: 1.0367]
L000482 | [Dev F1: 0.5658508425316575]
L000483 | [Dev Acc: 0.5913978494623656]
L000484 | 
L000485-L000500 | [REDACTED: batch progress and internal diagnostics]
L000501 | [Epoch 17] [Time: 2.1205883026123047]
L000502 | [Train Loss: 0.8664]
L000503 | [Train F1: 0.6443699360457749]
L000504 | [Train Acc: 0.650319829424307]
L000505 | [Dev Loss: 1.0426]
L000506 | [Dev F1: 0.5718061833786071]
L000507 | [Dev Acc: 0.5913978494623656]
L000508 | 
L000509-L000524 | [REDACTED: batch progress and internal diagnostics]
L000525 | [Epoch 18] [Time: 2.1217966079711914]
L000526 | [Train Loss: 0.8497]
L000527 | [Train F1: 0.6578024967404709]
L000528 | [Train Acc: 0.6636945144407831]
L000529 | [Dev Loss: 1.0341]
L000530 | [Dev F1: 0.5772654661062384]
L000531 | [Dev Acc: 0.5960061443932412]
L000532 | 
L000533-L000548 | [REDACTED: batch progress and internal diagnostics]
L000549 | [Epoch 19] [Time: 2.274698495864868]
L000550 | [Train Loss: 0.8357]
L000551 | [Train F1: 0.6619875789369614]
L000552 | [Train Acc: 0.6681527427796085]
L000553 | [Dev Loss: 1.0278]
L000554 | [Dev F1: 0.5683335151180412]
L000555 | [Dev Acc: 0.5883256528417818]
L000556 | 
L000557-L000572 | [REDACTED: batch progress and internal diagnostics]
L000573 | [Epoch 20] [Time: 2.183425188064575]
L000574 | [Train Loss: 0.8144]
L000575 | [Train F1: 0.6752969807338289]
L000576 | [Train Acc: 0.6799767396782322]
L000577 | [Dev Loss: 1.0227]
L000578 | [Dev F1: 0.5724193476317814]
L000579 | [Dev Acc: 0.5929339477726574]
L000580 | 
L000581-L000596 | [REDACTED: batch progress and internal diagnostics]
L000597 | [Epoch 21] [Time: 2.081101417541504]
L000598 | [Train Loss: 0.7963]
L000599 | [Train F1: 0.6813532091748709]
L000600 | [Train Acc: 0.6879240162822252]
L000601 | [Dev Loss: 1.0194]
L000602 | [Dev F1: 0.5810164655642012]
L000603 | [Dev Acc: 0.6006144393241167]
L000604 | 
L000605-L000620 | [REDACTED: batch progress and internal diagnostics]
L000621 | [Epoch 22] [Time: 2.133808135986328]
L000622 | [Train Loss: 0.7667]
L000623 | [Train F1: 0.6925599645087667]
L000624 | [Train Acc: 0.6964528009304128]
L000625 | [Dev Loss: 1.0188]
L000626 | [Dev F1: 0.5746714066824822]
L000627 | [Dev Acc: 0.5944700460829493]
L000628 | 
L000629-L000644 | [REDACTED: batch progress and internal diagnostics]
L000645 | [Epoch 23] [Time: 2.0989668369293213]
L000646 | [Train Loss: 0.7634]
L000647 | [Train F1: 0.6973225716730557]
L000648 | [Train Acc: 0.7007171932545067]
L000649 | [Dev Loss: 1.0043]
L000650 | [Dev F1: 0.5954148743569009]
L000651 | [Dev Acc: 0.6098310291858678]
L000652 | 
L000653-L000668 | [REDACTED: batch progress and internal diagnostics]
L000669 | [Epoch 24] [Time: 2.1144471168518066]
L000670 | [Train Loss: 0.7521]
L000671 | [Train F1: 0.7006951821389927]
L000672 | [Train Acc: 0.7042062415196744]
L000673 | [Dev Loss: 1.0148]
L000674 | [Dev F1: 0.5999594963561407]
L000675 | [Dev Acc: 0.6144393241167435]
L000676 | 
L000677-L000692 | [REDACTED: batch progress and internal diagnostics]
L000693 | [Epoch 25] [Time: 2.1215322017669678]
L000694 | [Train Loss: 0.7181]
L000695 | [Train F1: 0.7190359218878603]
L000696 | [Train Acc: 0.7220391548749757]
L000697 | [Dev Loss: 1.0079]
L000698 | [Dev F1: 0.5989706112318911]
L000699 | [Dev Acc: 0.6144393241167435]
L000700 | 
L000701-L000716 | [REDACTED: batch progress and internal diagnostics]
L000717 | [Epoch 26] [Time: 2.2127187252044678]
L000718 | [Train Loss: 0.7146]
L000719 | [Train F1: 0.7193504186154128]
L000720 | [Train Acc: 0.7220391548749757]
L000721 | [Dev Loss: 1.0035]
L000722 | [Dev F1: 0.5984176607751694]
L000723 | [Dev Acc: 0.6129032258064516]
L000724 | 
L000725-L000740 | [REDACTED: batch progress and internal diagnostics]
L000741 | [Epoch 27] [Time: 2.1484062671661377]
L000742 | [Train Loss: 0.7018]
L000743 | [Train F1: 0.7286013779076949]
L000744 | [Train Acc: 0.7313432835820896]
L000745 | [Dev Loss: 1.0048]
L000746 | [Dev F1: 0.6075828158532055]
L000747 | [Dev Acc: 0.6159754224270353]
L000748 | 
L000749-L000764 | [REDACTED: batch progress and internal diagnostics]
L000765 | [Epoch 28] [Time: 2.236006259918213]
L000766 | [Train Loss: 0.698]
L000767 | [Train F1: 0.7343445600989116]
L000768 | [Train Acc: 0.7358015119209149]
L000769 | [Dev Loss: 1.0204]
L000770 | [Dev F1: 0.5841920033785405]
L000771 | [Dev Acc: 0.6021505376344086]
L000772 | 
L000773-L000788 | [REDACTED: batch progress and internal diagnostics]
L000789 | [Epoch 29] [Time: 2.2766196727752686]
L000790 | [Train Loss: 0.6757]
L000791 | [Train F1: 0.739643629850192]
L000792 | [Train Acc: 0.7420042643923241]
L000793 | [Dev Loss: 0.9915]
L000794 | [Dev F1: 0.6072938240055079]
L000795 | [Dev Acc: 0.6190476190476191]
L000796 | 
L000797-L000812 | [REDACTED: batch progress and internal diagnostics]
L000813 | [Epoch 30] [Time: 2.144134521484375]
L000814 | [Train Loss: 0.6622]
L000815 | [Train F1: 0.7409100433581814]
L000816 | [Train Acc: 0.7435549525101763]
L000817 | [Dev Loss: 0.9949]
L000818 | [Dev F1: 0.6013514866479991]
L000819 | [Dev Acc: 0.6129032258064516]
L000820 | 
L000821-L000836 | [REDACTED: batch progress and internal diagnostics]
L000837 | [Epoch 31] [Time: 1.8883767127990723]
L000838 | [Train Loss: 0.6592]
L000839 | [Train F1: 0.7435788375516197]
L000840 | [Train Acc: 0.7452994766427602]
L000841 | [Dev Loss: 0.9935]
L000842 | [Dev F1: 0.6120950092611881]
L000843 | [Dev Acc: 0.6282642089093702]
L000844 | 
L000845-L000860 | [REDACTED: batch progress and internal diagnostics]
L000861 | [Epoch 32] [Time: 2.244475841522217]
L000862 | [Train Loss: 0.641]
L000863 | [Train F1: 0.7563774295383844]
L000864 | [Train Acc: 0.7584803256445047]
L000865 | [Dev Loss: 1.0054]
L000866 | [Dev F1: 0.5970811499995726]
L000867 | [Dev Acc: 0.6098310291858678]
L000868 | 
L000869-L000884 | [REDACTED: batch progress and internal diagnostics]
L000885 | [Epoch 33] [Time: 2.1159164905548096]
L000886 | [Train Loss: 0.6213]
L000887 | [Train F1: 0.7621598071010894]
L000888 | [Train Acc: 0.7635200620275248]
L000889 | [Dev Loss: 1.0034]
L000890 | [Dev F1: 0.6038871196961818]
L000891 | [Dev Acc: 0.6159754224270353]
L000892 | 
L000893-L000908 | [REDACTED: batch progress and internal diagnostics]
L000909 | [Epoch 34] [Time: 2.2135050296783447]
L000910 | [Train Loss: 0.6152]
L000911 | [Train F1: 0.7647293116976311]
L000912 | [Train Acc: 0.7666214382632293]
L000913 | [Dev Loss: 0.9892]
L000914 | [Dev F1: 0.6067099945343878]
L000915 | [Dev Acc: 0.6144393241167435]
L000916 | 
L000917-L000932 | [REDACTED: batch progress and internal diagnostics]
L000933 | [Epoch 35] [Time: 2.153672456741333]
L000934 | [Train Loss: 0.6071]
L000935 | [Train F1: 0.7727196939103702]
L000936 | [Train Acc: 0.7741810428377592]
L000937 | [Dev Loss: 0.9935]
L000938 | [Dev F1: 0.6047905082566114]
L000939 | [Dev Acc: 0.6175115207373272]
L000940 | 
L000941-L000956 | [REDACTED: batch progress and internal diagnostics]
L000957 | [Epoch 36] [Time: 2.1802680492401123]
L000958 | [Train Loss: 0.6017]
L000959 | [Train F1: 0.7747102981813606]
L000960 | [Train Acc: 0.7763132389998062]
L000961 | [Dev Loss: 0.9932]
L000962 | [Dev F1: 0.6017043199313186]
L000963 | [Dev Acc: 0.6113671274961597]
L000964 | 
L000965-L000980 | [REDACTED: batch progress and internal diagnostics]
L000981 | [Epoch 37] [Time: 2.1785783767700195]
L000982 | [Train Loss: 0.5687]
L000983 | [Train F1: 0.7890104542851927]
L000984 | [Train Acc: 0.7900755960457453]
L000985 | [Dev Loss: 1.0127]
L000986 | [Dev F1: 0.6031502209298477]
L000987 | [Dev Acc: 0.6113671274961597]
L000988 | 
L000989-L001004 | [REDACTED: batch progress and internal diagnostics]
L001005 | [Epoch 38] [Time: 2.0850322246551514]
L001006 | [Train Loss: 0.5649]
L001007 | [Train F1: 0.7864406312188383]
L001008 | [Train Acc: 0.7877495638689669]
L001009 | [Dev Loss: 1.0035]
L001010 | [Dev F1: 0.6007216849352335]
L001011 | [Dev Acc: 0.6129032258064516]
L001012 | 
L001013-L001028 | [REDACTED: batch progress and internal diagnostics]
L001029 | [Epoch 39] [Time: 2.257351875305176]
L001030 | [Train Loss: 0.5651]
L001031 | [Train F1: 0.7855732383286446]
L001032 | [Train Acc: 0.7871680558247722]
L001033 | [Dev Loss: 1.0067]
L001034 | [Dev F1: 0.6069052040531074]
L001035 | [Dev Acc: 0.6159754224270353]
L001036 | 
L001037-L001052 | [REDACTED: batch progress and internal diagnostics]
L001053 | [Epoch 40] [Time: 2.184626579284668]
L001054 | [Train Loss: 0.5441]
L001055 | [Train F1: 0.7989103705658965]
L001056 | [Train Acc: 0.7995735607675906]
L001057 | [Dev Loss: 1.0073]
L001058 | [Dev F1: 0.6200794687507967]
L001059 | [Dev Acc: 0.6251920122887865]
L001060 | 
L001061-L001076 | [REDACTED: batch progress and internal diagnostics]
L001077 | [Epoch 41] [Time: 2.1628613471984863]
L001078 | [Train Loss: 0.542]
L001079 | [Train F1: 0.7937356520118958]
L001080 | [Train Acc: 0.7945338243845707]
L001081 | [Dev Loss: 1.0135]
L001082 | [Dev F1: 0.6163980535417501]
L001083 | [Dev Acc: 0.6221198156682027]
L001084 | 
L001085-L001100 | [REDACTED: batch progress and internal diagnostics]
L001101 | [Epoch 42] [Time: 2.196563482284546]
L001102 | [Train Loss: 0.5246]
L001103 | [Train F1: 0.8020616851476261]
L001104 | [Train Acc: 0.8032564450474898]
L001105 | [Dev Loss: 1.0395]
L001106 | [Dev F1: 0.6063112146231355]
L001107 | [Dev Acc: 0.6129032258064516]
L001108 | 
L001109-L001124 | [REDACTED: batch progress and internal diagnostics]
L001125 | [Epoch 43] [Time: 2.1299920082092285]
L001126 | [Train Loss: 0.5218]
L001127 | [Train F1: 0.8035373085665776]
L001128 | [Train Acc: 0.8042256251211475]
L001129 | [Dev Loss: 1.032]
L001130 | [Dev F1: 0.6070572751956014]
L001131 | [Dev Acc: 0.6144393241167435]
L001132 | 
L001133-L001148 | [REDACTED: batch progress and internal diagnostics]
L001149 | [Epoch 44] [Time: 2.176112174987793]
L001150 | [Train Loss: 0.5084]
L001151 | [Train F1: 0.8075194325819525]
L001152 | [Train Acc: 0.8086838534599728]
L001153 | [Dev Loss: 1.0407]
L001154 | [Dev F1: 0.6042758889414963]
L001155 | [Dev Acc: 0.6129032258064516]
L001156 | 
L001157-L001172 | [REDACTED: batch progress and internal diagnostics]
L001173 | [Epoch 45] [Time: 2.225865602493286]
L001174 | [Train Loss: 0.4914]
L001175 | [Train F1: 0.81834118544656]
L001176 | [Train Acc: 0.8189571622407443]
L001177 | [Dev Loss: 1.0566]
L001178 | [Dev F1: 0.6065587544826653]
L001179 | [Dev Acc: 0.6159754224270353]
L001180 | 
L001181-L001196 | [REDACTED: batch progress and internal diagnostics]
L001197 | [Epoch 46] [Time: 2.173886299133301]
L001198 | [Train Loss: 0.4863]
L001199 | [Train F1: 0.8223525741892128]
L001200 | [Train Acc: 0.8234153905795697]
L001201 | [Dev Loss: 1.0415]
L001202 | [Dev F1: 0.6207554346237626]
L001203 | [Dev Acc: 0.6267281105990783]
L001204 | 
L001205-L001220 | [REDACTED: batch progress and internal diagnostics]
L001221 | [Epoch 47] [Time: 2.0809552669525146]
L001222 | [Train Loss: 0.4678]
L001223 | [Train F1: 0.8239952643887863]
L001224 | [Train Acc: 0.8245784066679589]
L001225 | [Dev Loss: 1.0405]
L001226 | [Dev F1: 0.6201603190594637]
L001227 | [Dev Acc: 0.6298003072196621]
L001228 | 
L001229-L001244 | [REDACTED: batch progress and internal diagnostics]
L001245 | [Epoch 48] [Time: 2.2016396522521973]
L001246 | [Train Loss: 0.472]
L001247 | [Train F1: 0.8178092048808268]
L001248 | [Train Acc: 0.8189571622407443]
L001249 | [Dev Loss: 1.0561]
L001250 | [Dev F1: 0.6141579226817623]
L001251 | [Dev Acc: 0.620583717357911]
L001252 | 
L001253-L001268 | [REDACTED: batch progress and internal diagnostics]
L001269 | [Epoch 49] [Time: 2.2277674674987793]
L001270 | [Train Loss: 0.4645]
L001271 | [Train F1: 0.8287134066303141]
L001272 | [Train Acc: 0.8294243070362474]
L001273 | [Dev Loss: 1.0827]
L001274 | [Dev F1: 0.6125097108235429]
L001275 | [Dev Acc: 0.6190476190476191]
L001276 | 
L001277-L001292 | [REDACTED: batch progress and internal diagnostics]
L001293 | [Epoch 50] [Time: 2.1003329753875732]
L001294 | [Train Loss: 0.459]
L001295 | [Train F1: 0.8298574711037947]
L001296 | [Train Acc: 0.8305873231246366]
L001297 | [Dev Loss: 1.0844]
L001298 | [Dev F1: 0.6047196308836847]
L001299 | [Dev Acc: 0.6098310291858678]
L001300 | 
L001301-L001316 | [REDACTED: batch progress and internal diagnostics]
L001317 | [Epoch 51] [Time: 2.209909200668335]
L001318 | [Train Loss: 0.4504]
L001319 | [Train F1: 0.832814758582014]
L001320 | [Train Acc: 0.8338825353750727]
L001321 | [Dev Loss: 1.0381]
L001322 | [Dev F1: 0.6229585501648375]
L001323 | [Dev Acc: 0.6267281105990783]
L001324 | 
L001325-L001340 | [REDACTED: batch progress and internal diagnostics]
L001341 | [Epoch 52] [Time: 2.164628267288208]
L001342 | [Train Loss: 0.4483]
L001343 | [Train F1: 0.8366653689807962]
L001344 | [Train Acc: 0.8367900755960458]
L001345 | [Dev Loss: 1.0909]
L001346 | [Dev F1: 0.6191778766135585]
L001347 | [Dev Acc: 0.6251920122887865]
L001348 | 
L001349-L001364 | [REDACTED: batch progress and internal diagnostics]
L001365 | [Epoch 53] [Time: 2.3117103576660156]
L001366 | [Train Loss: 0.4302]
L001367 | [Train F1: 0.8456354908645921]
L001368 | [Train Acc: 0.8462880403178911]
L001369 | [Dev Loss: 1.0962]
L001370 | [Dev F1: 0.6228442052636752]
L001371 | [Dev Acc: 0.6251920122887865]
L001372 | 
L001373-L001388 | [REDACTED: batch progress and internal diagnostics]
L001389 | [Epoch 54] [Time: 2.2263243198394775]
L001390 | [Train Loss: 0.4262]
L001391 | [Train F1: 0.8441096883044814]
L001392 | [Train Acc: 0.8443496801705757]
L001393 | [Dev Loss: 1.1125]
L001394 | [Dev F1: 0.5970683106244528]
L001395 | [Dev Acc: 0.6067588325652842]
L001396 | 
L001397-L001412 | [REDACTED: batch progress and internal diagnostics]
L001413 | [Epoch 55] [Time: 2.1571528911590576]
L001414 | [Train Loss: 0.423]
L001415 | [Train F1: 0.8431556643658014]
L001416 | [Train Acc: 0.8441558441558441]
L001417 | [Dev Loss: 1.0902]
L001418 | [Dev F1: 0.6418292726552279]
L001419 | [Dev Acc: 0.6436251920122887]
L001420 | 
L001421-L001436 | [REDACTED: batch progress and internal diagnostics]
L001437 | [Epoch 56] [Time: 2.0924830436706543]
L001438 | [Train Loss: 0.4105]
L001439 | [Train F1: 0.8481798828109843]
L001440 | [Train Acc: 0.848807908509401]
L001441 | [Dev Loss: 1.0852]
L001442 | [Dev F1: 0.6235426607795487]
L001443 | [Dev Acc: 0.6251920122887865]
L001444 | 
L001445-L001460 | [REDACTED: batch progress and internal diagnostics]
L001461 | [Epoch 57] [Time: 2.1439688205718994]
L001462 | [Train Loss: 0.4059]
L001463 | [Train F1: 0.8513611186375957]
L001464 | [Train Acc: 0.8519092847451056]
L001465 | [Dev Loss: 1.1221]
L001466 | [Dev F1: 0.6190109081887342]
L001467 | [Dev Acc: 0.6251920122887865]
L001468 | 
L001469-L001484 | [REDACTED: batch progress and internal diagnostics]
L001485 | [Epoch 58] [Time: 2.3255982398986816]
L001486 | [Train Loss: 0.3965]
L001487 | [Train F1: 0.8569940322726072]
L001488 | [Train Acc: 0.8575305291723202]
L001489 | [Dev Loss: 1.0804]
L001490 | [Dev F1: 0.627115071070234]
L001491 | [Dev Acc: 0.6267281105990783]
L001492 | 
L001493-L001508 | [REDACTED: batch progress and internal diagnostics]
L001509 | [Epoch 59] [Time: 2.092365264892578]
L001510 | [Train Loss: 0.4005]
L001511 | [Train F1: 0.8570270557773347]
L001512 | [Train Acc: 0.8573366931575886]
L001513 | [Dev Loss: 1.145]
L001514 | [Dev F1: 0.6128539460964119]
L001515 | [Dev Acc: 0.6159754224270353]
L001516 | 
L001517-L001532 | [REDACTED: batch progress and internal diagnostics]
L001533 | [Epoch 60] [Time: 2.209718942642212]
L001534 | [Train Loss: 0.3929]
L001535 | [Train F1: 0.8579116311249337]
L001536 | [Train Acc: 0.8583058732312464]
L001537 | [Dev Loss: 1.1405]
L001538 | [Dev F1: 0.6349587088277696]
L001539 | [Dev Acc: 0.6359447004608295]
L001540 | 
L001541-L001556 | [REDACTED: batch progress and internal diagnostics]
L001557 | [Epoch 61] [Time: 2.237053632736206]
L001558 | [Train Loss: 0.3812]
L001559 | [Train F1: 0.8566798455636655]
L001560 | [Train Acc: 0.8571428571428571]
L001561 | [Dev Loss: 1.1418]
L001562 | [Dev F1: 0.6103347879486536]
L001563 | [Dev Acc: 0.6113671274961597]
L001564 | 
L001565-L001580 | [REDACTED: batch progress and internal diagnostics]
L001581 | [Epoch 62] [Time: 2.1700408458709717]
L001582 | [Train Loss: 0.3874]
L001583 | [Train F1: 0.8576634615334239]
L001584 | [Train Acc: 0.8581120372165149]
L001585 | [Dev Loss: 1.1475]
L001586 | [Dev F1: 0.6176607144797214]
L001587 | [Dev Acc: 0.620583717357911]
L001588 | 
L001589-L001604 | [REDACTED: batch progress and internal diagnostics]
L001605 | [Epoch 63] [Time: 2.326967477798462]
L001606 | [Train Loss: 0.3817]
L001607 | [Train F1: 0.8563620065329435]
L001608 | [Train Acc: 0.8565613490986626]
L001609 | [Dev Loss: 1.1614]
L001610 | [Dev F1: 0.6097672441135545]
L001611 | [Dev Acc: 0.6129032258064516]
L001612 | 
L001613-L001628 | [REDACTED: batch progress and internal diagnostics]
L001629 | [Epoch 64] [Time: 2.295644760131836]
L001630 | [Train Loss: 0.3725]
L001631 | [Train F1: 0.8686866063800518]
L001632 | [Train Acc: 0.8691606900562124]
L001633 | [Dev Loss: 1.2169]
L001634 | [Dev F1: 0.6345352599860999]
L001635 | [Dev Acc: 0.6359447004608295]
L001636 | 
L001637-L001652 | [REDACTED: batch progress and internal diagnostics]
L001653 | [Epoch 65] [Time: 2.2265217304229736]
L001654 | [Train Loss: 0.3686]
L001655 | [Train F1: 0.8679775769607225]
L001656 | [Train Acc: 0.8685791820120178]
L001657 | [Dev Loss: 1.1554]
L001658 | [Dev F1: 0.6231997005597771]
L001659 | [Dev Acc: 0.6251920122887865]
L001660 | 
L001661-L001676 | [REDACTED: batch progress and internal diagnostics]
L001677 | [Epoch 66] [Time: 2.2207744121551514]
L001678 | [Train Loss: 0.3679]
L001679 | [Train F1: 0.8691070290928761]
L001680 | [Train Acc: 0.8695483620856755]
L001681 | [Dev Loss: 1.1566]
L001682 | [Dev F1: 0.632967284525746]
L001683 | [Dev Acc: 0.6328725038402457]
L001684 | 
L001685-L001700 | [REDACTED: batch progress and internal diagnostics]
L001701 | [Epoch 67] [Time: 2.2279670238494873]
L001702 | [Train Loss: 0.3564]
L001703 | [Train F1: 0.8775200885091036]
L001704 | [Train Acc: 0.8776894747044001]
L001705 | [Dev Loss: 1.1699]
L001706 | [Dev F1: 0.609016560466862]
L001707 | [Dev Acc: 0.6113671274961597]
L001708 | 
L001709-L001724 | [REDACTED: batch progress and internal diagnostics]
L001725 | [Epoch 68] [Time: 2.1124887466430664]
L001726 | [Train Loss: 0.3515]
L001727 | [Train F1: 0.8716785468241388]
L001728 | [Train Acc: 0.8720682302771855]
L001729 | [Dev Loss: 1.173]
L001730 | [Dev F1: 0.6224519461730209]
L001731 | [Dev Acc: 0.6236559139784946]
L001732 | 
L001733-L001748 | [REDACTED: batch progress and internal diagnostics]
L001749 | [Epoch 69] [Time: 2.1346590518951416]
L001750 | [Train Loss: 0.3465]
L001751 | [Train F1: 0.8750287273169078]
L001752 | [Train Acc: 0.8753634425276217]
L001753 | [Dev Loss: 1.1903]
L001754 | [Dev F1: 0.6046150660497165]
L001755 | [Dev Acc: 0.6082949308755761]
L001756 | 
L001757-L001772 | [REDACTED: batch progress and internal diagnostics]
L001773 | [Epoch 70] [Time: 2.2929439544677734]
L001774 | [Train Loss: 0.3464]
L001775 | [Train F1: 0.8713163088206821]
L001776 | [Train Acc: 0.8714867222329908]
L001777 | [Dev Loss: 1.1981]
L001778 | [Dev F1: 0.6258345540219579]
L001779 | [Dev Acc: 0.6282642089093702]
L001780 | 
L001781-L001796 | [REDACTED: batch progress and internal diagnostics]
L001797 | [Epoch 71] [Time: 2.1658647060394287]
L001798 | [Train Loss: 0.3361]
L001799 | [Train F1: 0.8826837385002959]
L001800 | [Train Acc: 0.8829230471021515]
L001801 | [Dev Loss: 1.1969]
L001802 | [Dev F1: 0.6185374770706767]
L001803 | [Dev Acc: 0.620583717357911]
L001804 | 
L001805-L001820 | [REDACTED: batch progress and internal diagnostics]
L001821 | [Epoch 72] [Time: 2.292224884033203]
L001822 | [Train Loss: 0.332]
L001823 | [Train F1: 0.8784217215473252]
L001824 | [Train Acc: 0.8786586547780577]
L001825 | [Dev Loss: 1.2185]
L001826 | [Dev F1: 0.6140247992063264]
L001827 | [Dev Acc: 0.6144393241167435]
L001828 | 
L001829-L001844 | [REDACTED: batch progress and internal diagnostics]
L001845 | [Epoch 73] [Time: 2.1425251960754395]
L001846 | [Train Loss: 0.3352]
L001847 | [Train F1: 0.8809341018110285]
L001848 | [Train Acc: 0.8811785229695678]
L001849 | [Dev Loss: 1.2362]
L001850 | [Dev F1: 0.6094180687414191]
L001851 | [Dev Acc: 0.6144393241167435]
L001852 | 
L001853-L001868 | [REDACTED: batch progress and internal diagnostics]
L001869 | [Epoch 74] [Time: 2.1583786010742188]
L001870 | [Train Loss: 0.3184]
L001871 | [Train F1: 0.8858944862008103]
L001872 | [Train Acc: 0.8862182593525877]
L001873 | [Dev Loss: 1.2271]
L001874 | [Dev F1: 0.6015089794417084]
L001875 | [Dev Acc: 0.6036866359447005]
L001876 | 
L001877-L001892 | [REDACTED: batch progress and internal diagnostics]
L001893 | [Epoch 75] [Time: 2.2487540245056152]
L001894 | [Train Loss: 0.3215]
L001895 | [Train F1: 0.8817431697044876]
L001896 | [Train Acc: 0.8821477030432254]
L001897 | [Dev Loss: 1.2183]
L001898 | [Dev F1: 0.6181107786053509]
L001899 | [Dev Acc: 0.620583717357911]
L001900 | 
L001901-L001916 | [REDACTED: batch progress and internal diagnostics]
L001917 | [Epoch 76] [Time: 2.1428892612457275]
L001918 | [Train Loss: 0.3054]
L001919 | [Train F1: 0.8906025200662274]
L001920 | [Train Acc: 0.890676487691413]
L001921 | [Dev Loss: 1.2163]
L001922 | [Dev F1: 0.6126649584891593]
L001923 | [Dev Acc: 0.6144393241167435]
L001924 | 
L001925-L001940 | [REDACTED: batch progress and internal diagnostics]
L001941 | [Epoch 77] [Time: 2.2331862449645996]
L001942 | [Train Loss: 0.2976]
L001943 | [Train F1: 0.8901368297540923]
L001944 | [Train Acc: 0.8904826516766815]
L001945 | [Dev Loss: 1.2264]
L001946 | [Dev F1: 0.6202809661272594]
L001947 | [Dev Acc: 0.6236559139784946]
L001948 | 
L001949-L001964 | [REDACTED: batch progress and internal diagnostics]
L001965 | [Epoch 78] [Time: 2.108602285385132]
L001966 | [Train Loss: 0.3083]
L001967 | [Train F1: 0.8894697569116734]
L001968 | [Train Acc: 0.889901143632487]
L001969 | [Dev Loss: 1.2441]
L001970 | [Dev F1: 0.6174982039417996]
L001971 | [Dev Acc: 0.620583717357911]
L001972 | 
L001973-L001988 | [REDACTED: batch progress and internal diagnostics]
L001989 | [Epoch 79] [Time: 2.0612916946411133]
L001990 | [Train Loss: 0.3055]
L001991 | [Train F1: 0.8930596423677211]
L001992 | [Train Acc: 0.893196355882923]
L001993 | [Dev Loss: 1.2388]
L001994 | [Dev F1: 0.6152233185167624]
L001995 | [Dev Acc: 0.6159754224270353]
L001996 | 
L001997-L002012 | [REDACTED: batch progress and internal diagnostics]
L002013 | [Epoch 80] [Time: 2.1180758476257324]
L002014 | [Train Loss: 0.293]
L002015 | [Train F1: 0.9002592104703945]
L002016 | [Train Acc: 0.9003682884279899]
L002017 | [Dev Loss: 1.2428]
L002018 | [Dev F1: 0.6159198696877394]
L002019 | [Dev Acc: 0.6190476190476191]
L002020 | Early stopping at epoch: 80
L002021 | Last model
L002022 |               precision    recall  f1-score   support
L002023 | 
L002024 |          hap     0.5439    0.4306    0.4806       144
L002025 |          sad     0.8350    0.7020    0.7627       245
L002026 |          neu     0.5433    0.7188    0.6188       384
L002027 |          ang     0.6716    0.5294    0.5921       170
L002028 |          exc     0.7560    0.6321    0.6885       299
L002029 |          fru     0.5791    0.6247    0.6010       381
L002030 | 
L002031 |     accuracy                         0.6328      1623
L002032 |    macro avg     0.6548    0.6063    0.6240      1623
L002033 | weighted avg     0.6484    0.6328    0.6342      1623
L002034 | 
L002035 | Best model at epoch: 55
L002036 | Best dev F1: 0.6418292726552279
L002037 |               precision    recall  f1-score   support
L002038 | 
L002039 |          hap     0.5038    0.4653    0.4838       144
L002040 |          sad     0.8238    0.7633    0.7924       245
L002041 |          neu     0.5732    0.7135    0.6357       384
L002042 |          ang     0.7500    0.5294    0.6207       170
L002043 |          exc     0.7549    0.6388    0.6920       299
L002044 |          fru     0.5922    0.6404    0.6154       381
L002045 | 
L002046 |     accuracy                         0.6488      1623
L002047 |    macro avg     0.6663    0.6251    0.6400      1623
L002048 | weighted avg     0.6613    0.6488    0.6499      1623
L002049 | 
L002050 | Best test F1: 0.6499125704936449
L002051 | Best test Acc: 0.6487985212569316
L002052 | [SANITIZED] Saved checkpoint: [path and filename removed]
