# Redacted copy of an existing run log.
# run_id: G09-seed1
# dataset: IEMOCAP
# model: MMGCN+AMBER
# imr: (0.5,0.3,0.7)
# seed_alias: seed1
# original_log_sha256: 8d064b4f752b7866c5e3128b851ea0f85c43dce738aedcdd9860385901c96f15
# source_record_status: ok
# source_record_process_return_code: 3221226505
# L numbers refer to source logical lines; REDACTED/SANITIZED text is editorial.
L000001-L000065 | [REDACTED: configuration or implementation details]
L000066 | [SANITIZED] Seed alias: seed1
L000067 | 
L000068-L000069 | [REDACTED: batch progress and internal diagnostics]
L000070 | 
L000071-L000072 | [REDACTED: batch progress and internal diagnostics]
L000073 | 
L000074-L000075 | [REDACTED: batch progress and internal diagnostics]
L000076 | 
L000077-L000092 | [REDACTED: batch progress and internal diagnostics]
L000093 | [Epoch 0] [Time: 2.688551187515259]
L000094 | [Train Loss: 1.8407]
L000095 | [Train F1: 0.20373279844779757]
L000096 | [Train Acc: 0.20869397961146374]
L000097 | [Dev Loss: 1.6679]
L000098 | [Dev F1: 0.22275899923106893]
L000099 | [Dev Acc: 0.27986906710310966]
L000100 | 
L000101-L000116 | [REDACTED: batch progress and internal diagnostics]
L000117 | [Epoch 1] [Time: 2.263477325439453]
L000118 | [Train Loss: 1.6738]
L000119 | [Train F1: 0.2769502388509266]
L000120 | [Train Acc: 0.2971725331794576]
L000121 | [Dev Loss: 1.6229]
L000122 | [Dev F1: 0.23700643029505222]
L000123 | [Dev Acc: 0.2995090016366612]
L000124 | 
L000125-L000140 | [REDACTED: batch progress and internal diagnostics]
L000141 | [Epoch 2] [Time: 2.146365165710449]
L000142 | [Train Loss: 1.5992]
L000143 | [Train F1: 0.3092407432261929]
L000144 | [Train Acc: 0.32967878438161186]
L000145 | [Dev Loss: 1.585]
L000146 | [Dev F1: 0.23948025424054023]
L000147 | [Dev Acc: 0.309328968903437]
L000148 | 
L000149-L000164 | [REDACTED: batch progress and internal diagnostics]
L000165 | [Epoch 3] [Time: 2.1490070819854736]
L000166 | [Train Loss: 1.5409]
L000167 | [Train F1: 0.3457289535496222]
L000168 | [Train Acc: 0.36545489517214846]
L000169 | [Dev Loss: 1.518]
L000170 | [Dev F1: 0.3111251163146912]
L000171 | [Dev Acc: 0.36006546644844517]
L000172 | 
L000173-L000188 | [REDACTED: batch progress and internal diagnostics]
L000189 | [Epoch 4] [Time: 2.21547532081604]
L000190 | [Train Loss: 1.4602]
L000191 | [Train F1: 0.38214255273475267]
L000192 | [Train Acc: 0.39719176764762454]
L000193 | [Dev Loss: 1.4644]
L000194 | [Dev F1: 0.36426321600396677]
L000195 | [Dev Acc: 0.40589198036006546]
L000196 | 
L000197-L000212 | [REDACTED: batch progress and internal diagnostics]
L000213 | [Epoch 5] [Time: 2.2698261737823486]
L000214 | [Train Loss: 1.3904]
L000215 | [Train F1: 0.42034505346412104]
L000216 | [Train Acc: 0.43258318907482207]
L000217 | [Dev Loss: 1.411]
L000218 | [Dev F1: 0.38325207630596375]
L000219 | [Dev Acc: 0.42716857610474634]
L000220 | 
L000221-L000236 | [REDACTED: batch progress and internal diagnostics]
L000237 | [Epoch 6] [Time: 2.1668996810913086]
L000238 | [Train Loss: 1.3379]
L000239 | [Train F1: 0.44333525613915054]
L000240 | [Train Acc: 0.4508559338334295]
L000241 | [Dev Loss: 1.3676]
L000242 | [Dev F1: 0.3780552613844228]
L000243 | [Dev Acc: 0.4238952536824877]
L000244 | 
L000245-L000260 | [REDACTED: batch progress and internal diagnostics]
L000261 | [Epoch 7] [Time: 2.1577134132385254]
L000262 | [Train Loss: 1.2898]
L000263 | [Train F1: 0.4618229416579414]
L000264 | [Train Acc: 0.4720138488170802]
L000265 | [Dev Loss: 1.3307]
L000266 | [Dev F1: 0.38903129519873264]
L000267 | [Dev Acc: 0.4369885433715221]
L000268 | 
L000269-L000284 | [REDACTED: batch progress and internal diagnostics]
L000285 | [Epoch 8] [Time: 2.2378580570220947]
L000286 | [Train Loss: 1.231]
L000287 | [Train F1: 0.4956757855743329]
L000288 | [Train Acc: 0.504712444700904]
L000289 | [Dev Loss: 1.3021]
L000290 | [Dev F1: 0.44268780856906464]
L000291 | [Dev Acc: 0.4844517184942717]
L000292 | 
L000293-L000308 | [REDACTED: batch progress and internal diagnostics]
L000309 | [Epoch 9] [Time: 2.2184088230133057]
L000310 | [Train Loss: 1.1745]
L000311 | [Train F1: 0.5257928570034971]
L000312 | [Train Acc: 0.5368340065397191]
L000313 | [Dev Loss: 1.2705]
L000314 | [Dev F1: 0.4460454608374523]
L000315 | [Dev Acc: 0.4877250409165303]
L000316 | 
L000317-L000332 | [REDACTED: batch progress and internal diagnostics]
L000333 | [Epoch 10] [Time: 2.16542649269104]
L000334 | [Train Loss: 1.1429]
L000335 | [Train F1: 0.5365643610824634]
L000336 | [Train Acc: 0.5449124831698403]
L000337 | [Dev Loss: 1.2423]
L000338 | [Dev F1: 0.44908903918347104]
L000339 | [Dev Acc: 0.486088379705401]
L000340 | 
L000341-L000356 | [REDACTED: batch progress and internal diagnostics]
L000357 | [Epoch 11] [Time: 2.1018528938293457]
L000358 | [Train Loss: 1.101]
L000359 | [Train F1: 0.5543690570073816]
L000360 | [Train Acc: 0.5612617811117523]
L000361 | [Dev Loss: 1.2265]
L000362 | [Dev F1: 0.46429367795666804]
L000363 | [Dev Acc: 0.5057283142389526]
L000364 | 
L000365-L000380 | [REDACTED: batch progress and internal diagnostics]
L000381 | [Epoch 12] [Time: 2.121276617050171]
L000382 | [Train Loss: 1.0597]
L000383 | [Train F1: 0.5733204110006775]
L000384 | [Train Acc: 0.5814579726870552]
L000385 | [Dev Loss: 1.2008]
L000386 | [Dev F1: 0.4655610344824513]
L000387 | [Dev Acc: 0.5073649754500819]
L000388 | 
L000389-L000404 | [REDACTED: batch progress and internal diagnostics]
L000405 | [Epoch 13] [Time: 2.1028921604156494]
L000406 | [Train Loss: 1.0084]
L000407 | [Train F1: 0.5924044237931246]
L000408 | [Train Acc: 0.6010771302173495]
L000409 | [Dev Loss: 1.1591]
L000410 | [Dev F1: 0.5011962808580166]
L000411 | [Dev Acc: 0.5319148936170213]
L000412 | 
L000413-L000428 | [REDACTED: batch progress and internal diagnostics]
L000429 | [Epoch 14] [Time: 2.129429340362549]
L000430 | [Train Loss: 0.9557]
L000431 | [Train F1: 0.6117885887053436]
L000432 | [Train Acc: 0.6181958068859396]
L000433 | [Dev Loss: 1.1253]
L000434 | [Dev F1: 0.5187479784871908]
L000435 | [Dev Acc: 0.5450081833060556]
L000436 | 
L000437-L000452 | [REDACTED: batch progress and internal diagnostics]
L000453 | [Epoch 15] [Time: 2.1127946376800537]
L000454 | [Train Loss: 0.9106]
L000455 | [Train F1: 0.6231037370776824]
L000456 | [Train Acc: 0.6283900750144259]
L000457 | [Dev Loss: 1.0928]
L000458 | [Dev F1: 0.5220292309132789]
L000459 | [Dev Acc: 0.5482815057283142]
L000460 | 
L000461-L000476 | [REDACTED: batch progress and internal diagnostics]
L000477 | [Epoch 16] [Time: 2.0948688983917236]
L000478 | [Train Loss: 0.8753]
L000479 | [Train F1: 0.644307337406424]
L000480 | [Train Acc: 0.6508944027697634]
L000481 | [Dev Loss: 1.0843]
L000482 | [Dev F1: 0.5420598147767175]
L000483 | [Dev Acc: 0.5662847790507365]
L000484 | 
L000485-L000500 | [REDACTED: batch progress and internal diagnostics]
L000501 | [Epoch 17] [Time: 2.164681911468506]
L000502 | [Train Loss: 0.84]
L000503 | [Train F1: 0.6636444045663032]
L000504 | [Train Acc: 0.6697441815733794]
L000505 | [Dev Loss: 1.0906]
L000506 | [Dev F1: 0.5091694088596448]
L000507 | [Dev Acc: 0.5417348608837971]
L000508 | 
L000509-L000524 | [REDACTED: batch progress and internal diagnostics]
L000525 | [Epoch 18] [Time: 2.1346824169158936]
L000526 | [Train Loss: 0.8358]
L000527 | [Train F1: 0.6553393765142042]
L000528 | [Train Acc: 0.6639738411232929]
L000529 | [Dev Loss: 1.0713]
L000530 | [Dev F1: 0.5416715058380408]
L000531 | [Dev Acc: 0.563011456628478]
L000532 | 
L000533-L000548 | [REDACTED: batch progress and internal diagnostics]
L000549 | [Epoch 19] [Time: 2.265143632888794]
L000550 | [Train Loss: 0.8055]
L000551 | [Train F1: 0.6739011890851687]
L000552 | [Train Acc: 0.6783996922485094]
L000553 | [Dev Loss: 1.0479]
L000554 | [Dev F1: 0.553288539040541]
L000555 | [Dev Acc: 0.5679214402618658]
L000556 | 
L000557-L000572 | [REDACTED: batch progress and internal diagnostics]
L000573 | [Epoch 20] [Time: 2.219421863555908]
L000574 | [Train Loss: 0.794]
L000575 | [Train F1: 0.6874026929295385]
L000576 | [Train Acc: 0.6910944412386998]
L000577 | [Dev Loss: 1.0516]
L000578 | [Dev F1: 0.5513334172866805]
L000579 | [Dev Acc: 0.5711947626841244]
L000580 | 
L000581-L000596 | [REDACTED: batch progress and internal diagnostics]
L000597 | [Epoch 21] [Time: 2.217381000518799]
L000598 | [Train Loss: 0.7814]
L000599 | [Train F1: 0.6960137608402093]
L000600 | [Train Acc: 0.7003269859588382]
L000601 | [Dev Loss: 1.0473]
L000602 | [Dev F1: 0.5588037427556857]
L000603 | [Dev Acc: 0.5793780687397708]
L000604 | 
L000605-L000620 | [REDACTED: batch progress and internal diagnostics]
L000621 | [Epoch 22] [Time: 2.280099391937256]
L000622 | [Train Loss: 0.7784]
L000623 | [Train F1: 0.693010344488544]
L000624 | [Train Acc: 0.6982111944604732]
L000625 | [Dev Loss: 1.0218]
L000626 | [Dev F1: 0.575923449058736]
L000627 | [Dev Acc: 0.5924713584288053]
L000628 | 
L000629-L000644 | [REDACTED: batch progress and internal diagnostics]
L000645 | [Epoch 23] [Time: 2.239009380340576]
L000646 | [Train Loss: 0.7539]
L000647 | [Train F1: 0.7057958356626659]
L000648 | [Train Acc: 0.7078284285439508]
L000649 | [Dev Loss: 1.0579]
L000650 | [Dev F1: 0.5411774165424158]
L000651 | [Dev Acc: 0.5597381342062193]
L000652 | 
L000653-L000668 | [REDACTED: batch progress and internal diagnostics]
L000669 | [Epoch 24] [Time: 2.3058550357818604]
L000670 | [Train Loss: 0.7439]
L000671 | [Train F1: 0.7028786196398736]
L000672 | [Train Acc: 0.7059049817272552]
L000673 | [Dev Loss: 1.0487]
L000674 | [Dev F1: 0.5718768509484855]
L000675 | [Dev Acc: 0.5859247135842881]
L000676 | 
L000677-L000692 | [REDACTED: batch progress and internal diagnostics]
L000693 | [Epoch 25] [Time: 2.215527296066284]
L000694 | [Train Loss: 0.718]
L000695 | [Train F1: 0.7188548946709498]
L000696 | [Train Acc: 0.7207155222158107]
L000697 | [Dev Loss: 1.0448]
L000698 | [Dev F1: 0.5474883150646332]
L000699 | [Dev Acc: 0.5646481178396072]
L000700 | 
L000701-L000716 | [REDACTED: batch progress and internal diagnostics]
L000717 | [Epoch 26] [Time: 2.2412822246551514]
L000718 | [Train Loss: 0.7142]
L000719 | [Train F1: 0.714377437855549]
L000720 | [Train Acc: 0.7176380073090979]
L000721 | [Dev Loss: 1.0459]
L000722 | [Dev F1: 0.5586319897093918]
L000723 | [Dev Acc: 0.5777414075286416]
L000724 | 
L000725-L000740 | [REDACTED: batch progress and internal diagnostics]
L000741 | [Epoch 27] [Time: 2.2765519618988037]
L000742 | [Train Loss: 0.7034]
L000743 | [Train F1: 0.7304197597878138]
L000744 | [Train Acc: 0.7332179265243316]
L000745 | [Dev Loss: 1.0285]
L000746 | [Dev F1: 0.5681975912731305]
L000747 | [Dev Acc: 0.5826513911620295]
L000748 | 
L000749-L000764 | [REDACTED: batch progress and internal diagnostics]
L000765 | [Epoch 28] [Time: 2.365164279937744]
L000766 | [Train Loss: 0.668]
L000767 | [Train F1: 0.7358462724548148]
L000768 | [Train Acc: 0.7384112329294095]
L000769 | [Dev Loss: 1.0296]
L000770 | [Dev F1: 0.5780421501577722]
L000771 | [Dev Acc: 0.5908346972176759]
L000772 | 
L000773-L000788 | [REDACTED: batch progress and internal diagnostics]
L000789 | [Epoch 29] [Time: 2.013993740081787]
L000790 | [Train Loss: 0.6776]
L000791 | [Train F1: 0.7447902107670112]
L000792 | [Train Acc: 0.7464897095595306]
L000793 | [Dev Loss: 1.0264]
L000794 | [Dev F1: 0.556631065417092]
L000795 | [Dev Acc: 0.5711947626841244]
L000796 | 
L000797-L000812 | [REDACTED: batch progress and internal diagnostics]
L000813 | [Epoch 30] [Time: 2.156303882598877]
L000814 | [Train Loss: 0.653]
L000815 | [Train F1: 0.7447345055802294]
L000816 | [Train Acc: 0.7464897095595306]
L000817 | [Dev Loss: 1.0495]
L000818 | [Dev F1: 0.5618973441263578]
L000819 | [Dev Acc: 0.5793780687397708]
L000820 | 
L000821-L000836 | [REDACTED: batch progress and internal diagnostics]
L000837 | [Epoch 31] [Time: 2.2959096431732178]
L000838 | [Train Loss: 0.6431]
L000839 | [Train F1: 0.7569187281832066]
L000840 | [Train Acc: 0.7584150798230429]
L000841 | [Dev Loss: 1.0417]
L000842 | [Dev F1: 0.5597479854789963]
L000843 | [Dev Acc: 0.574468085106383]
L000844 | 
L000845-L000860 | [REDACTED: batch progress and internal diagnostics]
L000861 | [Epoch 32] [Time: 2.2005960941314697]
L000862 | [Train Loss: 0.636]
L000863 | [Train F1: 0.7568377499457114]
L000864 | [Train Acc: 0.7582227351413734]
L000865 | [Dev Loss: 1.0517]
L000866 | [Dev F1: 0.5516412210471487]
L000867 | [Dev Acc: 0.5679214402618658]
L000868 | 
L000869-L000884 | [REDACTED: batch progress and internal diagnostics]
L000885 | [Epoch 33] [Time: 2.179574966430664]
L000886 | [Train Loss: 0.6176]
L000887 | [Train F1: 0.7626864320520439]
L000888 | [Train Acc: 0.7645701096364685]
L000889 | [Dev Loss: 1.039]
L000890 | [Dev F1: 0.565560610545512]
L000891 | [Dev Acc: 0.5793780687397708]
L000892 | 
L000893-L000908 | [REDACTED: batch progress and internal diagnostics]
L000909 | [Epoch 34] [Time: 2.2919106483459473]
L000910 | [Train Loss: 0.6081]
L000911 | [Train F1: 0.7704474644037038]
L000912 | [Train Acc: 0.771686862858242]
L000913 | [Dev Loss: 1.0098]
L000914 | [Dev F1: 0.5844039671661427]
L000915 | [Dev Acc: 0.5973813420621932]
L000916 | 
L000917-L000932 | [REDACTED: batch progress and internal diagnostics]
L000933 | [Epoch 35] [Time: 2.2186875343322754]
L000934 | [Train Loss: 0.5954]
L000935 | [Train F1: 0.7793502466642254]
L000936 | [Train Acc: 0.7805347182150414]
L000937 | [Dev Loss: 1.0337]
L000938 | [Dev F1: 0.5580393653708432]
L000939 | [Dev Acc: 0.5695581014729951]
L000940 | 
L000941-L000956 | [REDACTED: batch progress and internal diagnostics]
L000957 | [Epoch 36] [Time: 2.2522530555725098]
L000958 | [Train Loss: 0.5876]
L000959 | [Train F1: 0.7853331541065429]
L000960 | [Train Acc: 0.7859203693017888]
L000961 | [Dev Loss: 1.0229]
L000962 | [Dev F1: 0.5673218441537761]
L000963 | [Dev Acc: 0.5793780687397708]
L000964 | 
L000965-L000980 | [REDACTED: batch progress and internal diagnostics]
L000981 | [Epoch 37] [Time: 2.2152299880981445]
L000982 | [Train Loss: 0.5835]
L000983 | [Train F1: 0.7839529474283673]
L000984 | [Train Acc: 0.7851509905751106]
L000985 | [Dev Loss: 1.0449]
L000986 | [Dev F1: 0.5714210758431605]
L000987 | [Dev Acc: 0.5875613747954174]
L000988 | 
L000989-L001004 | [REDACTED: batch progress and internal diagnostics]
L001005 | [Epoch 38] [Time: 2.2987465858459473]
L001006 | [Train Loss: 0.5692]
L001007 | [Train F1: 0.7890401055661852]
L001008 | [Train Acc: 0.7895749182535103]
L001009 | [Dev Loss: 1.0276]
L001010 | [Dev F1: 0.5764458950622634]
L001011 | [Dev Acc: 0.5891980360065466]
L001012 | 
L001013-L001028 | [REDACTED: batch progress and internal diagnostics]
L001029 | [Epoch 39] [Time: 2.118803024291992]
L001030 | [Train Loss: 0.5602]
L001031 | [Train F1: 0.7888540927312034]
L001032 | [Train Acc: 0.7893825735718407]
L001033 | [Dev Loss: 1.0539]
L001034 | [Dev F1: 0.574726115928127]
L001035 | [Dev Acc: 0.5908346972176759]
L001036 | 
L001037-L001052 | [REDACTED: batch progress and internal diagnostics]
L001053 | [Epoch 40] [Time: 2.1230669021606445]
L001054 | [Train Loss: 0.5412]
L001055 | [Train F1: 0.7996893571541632]
L001056 | [Train Acc: 0.8009232544720138]
L001057 | [Dev Loss: 1.0648]
L001058 | [Dev F1: 0.5579713407991113]
L001059 | [Dev Acc: 0.5728314238952537]
L001060 | 
L001061-L001076 | [REDACTED: batch progress and internal diagnostics]
L001077 | [Epoch 41] [Time: 2.1912665367126465]
L001078 | [Train Loss: 0.5398]
L001079 | [Train F1: 0.802613927500852]
L001080 | [Train Acc: 0.803423735333718]
L001081 | [Dev Loss: 1.0297]
L001082 | [Dev F1: 0.5885587477240742]
L001083 | [Dev Acc: 0.6006546644844517]
L001084 | 
L001085-L001100 | [REDACTED: batch progress and internal diagnostics]
L001101 | [Epoch 42] [Time: 2.2498056888580322]
L001102 | [Train Loss: 0.5326]
L001103 | [Train F1: 0.8062621038131188]
L001104 | [Train Acc: 0.8066935949221004]
L001105 | [Dev Loss: 1.0393]
L001106 | [Dev F1: 0.5751041375697635]
L001107 | [Dev Acc: 0.5875613747954174]
L001108 | 
L001109-L001124 | [REDACTED: batch progress and internal diagnostics]
L001125 | [Epoch 43] [Time: 2.129105567932129]
L001126 | [Train Loss: 0.5239]
L001127 | [Train F1: 0.8044602787931194]
L001128 | [Train Acc: 0.8045778034237353]
L001129 | [Dev Loss: 1.0862]
L001130 | [Dev F1: 0.5631732179034493]
L001131 | [Dev Acc: 0.5728314238952537]
L001132 | 
L001133-L001148 | [REDACTED: batch progress and internal diagnostics]
L001149 | [Epoch 44] [Time: 1.9802565574645996]
L001150 | [Train Loss: 0.5053]
L001151 | [Train F1: 0.8100704630662857]
L001152 | [Train Acc: 0.8113098672821697]
L001153 | [Dev Loss: 1.0442]
L001154 | [Dev F1: 0.571029204371581]
L001155 | [Dev Acc: 0.5826513911620295]
L001156 | 
L001157-L001172 | [REDACTED: batch progress and internal diagnostics]
L001173 | [Epoch 45] [Time: 2.1329805850982666]
L001174 | [Train Loss: 0.5078]
L001175 | [Train F1: 0.8153633935151747]
L001176 | [Train Acc: 0.8159261396422389]
L001177 | [Dev Loss: 1.0463]
L001178 | [Dev F1: 0.5712451721367562]
L001179 | [Dev Acc: 0.5826513911620295]
L001180 | 
L001181-L001196 | [REDACTED: batch progress and internal diagnostics]
L001197 | [Epoch 46] [Time: 2.1068031787872314]
L001198 | [Train Loss: 0.4915]
L001199 | [Train F1: 0.8168329197129689]
L001200 | [Train Acc: 0.8176572417772648]
L001201 | [Dev Loss: 1.0489]
L001202 | [Dev F1: 0.5817123367260895]
L001203 | [Dev Acc: 0.5891980360065466]
L001204 | 
L001205-L001220 | [REDACTED: batch progress and internal diagnostics]
L001221 | [Epoch 47] [Time: 2.1779801845550537]
L001222 | [Train Loss: 0.4883]
L001223 | [Train F1: 0.8222974842927873]
L001224 | [Train Acc: 0.8226582035006732]
L001225 | [Dev Loss: 1.0854]
L001226 | [Dev F1: 0.5674706126988042]
L001227 | [Dev Acc: 0.5777414075286416]
L001228 | 
L001229-L001244 | [REDACTED: batch progress and internal diagnostics]
L001245 | [Epoch 48] [Time: 2.2391819953918457]
L001246 | [Train Loss: 0.4994]
L001247 | [Train F1: 0.8184078431083264]
L001248 | [Train Acc: 0.8195806885939604]
L001249 | [Dev Loss: 1.0624]
L001250 | [Dev F1: 0.5702143489807987]
L001251 | [Dev Acc: 0.5826513911620295]
L001252 | 
L001253-L001268 | [REDACTED: batch progress and internal diagnostics]
L001269 | [Epoch 49] [Time: 2.146207809448242]
L001270 | [Train Loss: 0.4802]
L001271 | [Train F1: 0.8274020293034371]
L001272 | [Train Acc: 0.8278515099057511]
L001273 | [Dev Loss: 1.1168]
L001274 | [Dev F1: 0.5668358247773131]
L001275 | [Dev Acc: 0.5761047463175123]
L001276 | 
L001277-L001292 | [REDACTED: batch progress and internal diagnostics]
L001293 | [Epoch 50] [Time: 2.1003739833831787]
L001294 | [Train Loss: 0.4713]
L001295 | [Train F1: 0.8307372679021928]
L001296 | [Train Acc: 0.8309290248124639]
L001297 | [Dev Loss: 1.1323]
L001298 | [Dev F1: 0.559566264348925]
L001299 | [Dev Acc: 0.5728314238952537]
L001300 | 
L001301-L001316 | [REDACTED: batch progress and internal diagnostics]
L001317 | [Epoch 51] [Time: 2.178128242492676]
L001318 | [Train Loss: 0.464]
L001319 | [Train F1: 0.8305266266320334]
L001320 | [Train Acc: 0.8309290248124639]
L001321 | [Dev Loss: 1.1538]
L001322 | [Dev F1: 0.5596080150216493]
L001323 | [Dev Acc: 0.5711947626841244]
L001324 | 
L001325-L001340 | [REDACTED: batch progress and internal diagnostics]
L001341 | [Epoch 52] [Time: 2.0444390773773193]
L001342 | [Train Loss: 0.4555]
L001343 | [Train F1: 0.8345011081791072]
L001344 | [Train Acc: 0.834775918445855]
L001345 | [Dev Loss: 1.1088]
L001346 | [Dev F1: 0.560295412311983]
L001347 | [Dev Acc: 0.574468085106383]
L001348 | 
L001349-L001364 | [REDACTED: batch progress and internal diagnostics]
L001365 | [Epoch 53] [Time: 2.2406346797943115]
L001366 | [Train Loss: 0.4546]
L001367 | [Train F1: 0.8345494860626871]
L001368 | [Train Acc: 0.8353529524908636]
L001369 | [Dev Loss: 1.12]
L001370 | [Dev F1: 0.5671875357663142]
L001371 | [Dev Acc: 0.5793780687397708]
L001372 | 
L001373-L001388 | [REDACTED: batch progress and internal diagnostics]
L001389 | [Epoch 54] [Time: 2.2213423252105713]
L001390 | [Train Loss: 0.4468]
L001391 | [Train F1: 0.8364048653568409]
L001392 | [Train Acc: 0.8365070205808809]
L001393 | [Dev Loss: 1.144]
L001394 | [Dev F1: 0.5472055375894018]
L001395 | [Dev Acc: 0.5564648117839607]
L001396 | 
L001397-L001412 | [REDACTED: batch progress and internal diagnostics]
L001413 | [Epoch 55] [Time: 2.053459882736206]
L001414 | [Train Loss: 0.437]
L001415 | [Train F1: 0.840157089350265]
L001416 | [Train Acc: 0.8405462588959415]
L001417 | [Dev Loss: 1.1412]
L001418 | [Dev F1: 0.5620263835563603]
L001419 | [Dev Acc: 0.5761047463175123]
L001420 | 
L001421-L001436 | [REDACTED: batch progress and internal diagnostics]
L001437 | [Epoch 56] [Time: 2.170602560043335]
L001438 | [Train Loss: 0.4303]
L001439 | [Train F1: 0.8389937540464794]
L001440 | [Train Acc: 0.8391998461242547]
L001441 | [Dev Loss: 1.1445]
L001442 | [Dev F1: 0.5592423377006345]
L001443 | [Dev Acc: 0.5662847790507365]
L001444 | 
L001445-L001460 | [REDACTED: batch progress and internal diagnostics]
L001461 | [Epoch 57] [Time: 2.1741392612457275]
L001462 | [Train Loss: 0.4286]
L001463 | [Train F1: 0.850411308516483]
L001464 | [Train Acc: 0.8505481823427582]
L001465 | [Dev Loss: 1.128]
L001466 | [Dev F1: 0.5682700658537339]
L001467 | [Dev Acc: 0.574468085106383]
L001468 | 
L001469-L001484 | [REDACTED: batch progress and internal diagnostics]
L001485 | [Epoch 58] [Time: 2.15933895111084]
L001486 | [Train Loss: 0.4191]
L001487 | [Train F1: 0.8483346970755956]
L001488 | [Train Acc: 0.8490094248894018]
L001489 | [Dev Loss: 1.1374]
L001490 | [Dev F1: 0.5719366607748801]
L001491 | [Dev Acc: 0.5810147299509002]
L001492 | 
L001493-L001508 | [REDACTED: batch progress and internal diagnostics]
L001509 | [Epoch 59] [Time: 2.1578149795532227]
L001510 | [Train Loss: 0.4106]
L001511 | [Train F1: 0.8502689669474827]
L001512 | [Train Acc: 0.8505481823427582]
L001513 | [Dev Loss: 1.17]
L001514 | [Dev F1: 0.5472871307130728]
L001515 | [Dev Acc: 0.55810147299509]
L001516 | 
L001517-L001532 | [REDACTED: batch progress and internal diagnostics]
L001533 | [Epoch 60] [Time: 2.150635242462158]
L001534 | [Train Loss: 0.4115]
L001535 | [Train F1: 0.8533306574522862]
L001536 | [Train Acc: 0.853625697249471]
L001537 | [Dev Loss: 1.1356]
L001538 | [Dev F1: 0.5694864934892403]
L001539 | [Dev Acc: 0.574468085106383]
L001540 | 
L001541-L001556 | [REDACTED: batch progress and internal diagnostics]
L001557 | [Epoch 61] [Time: 2.0831546783447266]
L001558 | [Train Loss: 0.4045]
L001559 | [Train F1: 0.8548270213631283]
L001560 | [Train Acc: 0.8547797653394884]
L001561 | [Dev Loss: 1.1295]
L001562 | [Dev F1: 0.5811366410610973]
L001563 | [Dev Acc: 0.5842880523731587]
L001564 | 
L001565-L001580 | [REDACTED: batch progress and internal diagnostics]
L001581 | [Epoch 62] [Time: 2.162811279296875]
L001582 | [Train Loss: 0.4045]
L001583 | [Train F1: 0.8512002544953033]
L001584 | [Train Acc: 0.8520869397961146]
L001585 | [Dev Loss: 1.1583]
L001586 | [Dev F1: 0.5789104417279134]
L001587 | [Dev Acc: 0.5842880523731587]
L001588 | 
L001589-L001604 | [REDACTED: batch progress and internal diagnostics]
L001605 | [Epoch 63] [Time: 2.087498188018799]
L001606 | [Train Loss: 0.4013]
L001607 | [Train F1: 0.852826862656979]
L001608 | [Train Acc: 0.8526639738411232]
L001609 | [Dev Loss: 1.1901]
L001610 | [Dev F1: 0.556433791606929]
L001611 | [Dev Acc: 0.563011456628478]
L001612 | 
L001613-L001628 | [REDACTED: batch progress and internal diagnostics]
L001629 | [Epoch 64] [Time: 2.2064170837402344]
L001630 | [Train Loss: 0.3877]
L001631 | [Train F1: 0.8612655722545961]
L001632 | [Train Acc: 0.8613194845162532]
L001633 | [Dev Loss: 1.168]
L001634 | [Dev F1: 0.5613988002026851]
L001635 | [Dev Acc: 0.5695581014729951]
L001636 | 
L001637-L001652 | [REDACTED: batch progress and internal diagnostics]
L001653 | [Epoch 65] [Time: 2.1705119609832764]
L001654 | [Train Loss: 0.3868]
L001655 | [Train F1: 0.8602772485169149]
L001656 | [Train Acc: 0.8605501057895749]
L001657 | [Dev Loss: 1.2207]
L001658 | [Dev F1: 0.5266062847785719]
L001659 | [Dev Acc: 0.5400981996726678]
L001660 | 
L001661-L001676 | [REDACTED: batch progress and internal diagnostics]
L001677 | [Epoch 66] [Time: 2.180974245071411]
L001678 | [Train Loss: 0.3832]
L001679 | [Train F1: 0.8616892776946127]
L001680 | [Train Acc: 0.8620888632429313]
L001681 | [Dev Loss: 1.1965]
L001682 | [Dev F1: 0.5508750149072157]
L001683 | [Dev Acc: 0.5564648117839607]
L001684 | Early stopping at epoch: 66
L001685 | Last model
L001686 |               precision    recall  f1-score   support
L001687 | 
L001688 |          hap     0.5102    0.3472    0.4132       144
L001689 |          sad     0.8510    0.7224    0.7815       245
L001690 |          neu     0.5643    0.6745    0.6145       384
L001691 |          ang     0.5669    0.5235    0.5443       170
L001692 |          exc     0.6793    0.6589    0.6689       299
L001693 |          fru     0.5693    0.6142    0.5909       381
L001694 | 
L001695 |     accuracy                         0.6198      1623
L001696 |    macro avg     0.6235    0.5901    0.6022      1623
L001697 | weighted avg     0.6254    0.6198    0.6190      1623
L001698 | 
L001699 | Best model at epoch: 41
L001700 | Best dev F1: 0.5885587477240742
L001701 |               precision    recall  f1-score   support
L001702 | 
L001703 |          hap     0.5385    0.4375    0.4828       144
L001704 |          sad     0.7905    0.8163    0.8032       245
L001705 |          neu     0.6216    0.6458    0.6335       384
L001706 |          ang     0.6335    0.6000    0.6163       170
L001707 |          exc     0.7138    0.7425    0.7279       299
L001708 |          fru     0.6047    0.6063    0.6055       381
L001709 | 
L001710 |     accuracy                         0.6568      1623
L001711 |    macro avg     0.6504    0.6414    0.6449      1623
L001712 | weighted avg     0.6540    0.6568    0.6547      1623
L001713 | 
L001714 | Best test F1: 0.654748540115977
L001715 | Best test Acc: 0.6568083795440542
L001716 | [SANITIZED] Saved checkpoint: [path and filename removed]
