# Redacted copy of an existing run log.
# run_id: G09-seed4
# dataset: IEMOCAP
# model: MMGCN+AMBER
# imr: (0.5,0.3,0.7)
# seed_alias: seed4
# original_log_sha256: 878b8a1cddf0799bcbdacf9bdbf26c8d94433123a79aaec7aad07e80b58a401a
# source_record_status: ok
# source_record_process_return_code: 3221226505
# L numbers refer to source logical lines; REDACTED/SANITIZED text is editorial.
L000001-L000065 | [REDACTED: configuration or implementation details]
L000066 | [SANITIZED] Seed alias: seed4
L000067 | 
L000068-L000069 | [REDACTED: batch progress and internal diagnostics]
L000070 | 
L000071-L000072 | [REDACTED: batch progress and internal diagnostics]
L000073 | 
L000074-L000075 | [REDACTED: batch progress and internal diagnostics]
L000076 | 
L000077-L000092 | [REDACTED: batch progress and internal diagnostics]
L000093 | [Epoch 0] [Time: 2.9215445518493652]
L000094 | [Train Loss: 1.8153]
L000095 | [Train F1: 0.20137906471164377]
L000096 | [Train Acc: 0.2213256484149856]
L000097 | [Dev Loss: 1.5236]
L000098 | [Dev F1: 0.32017203661600196]
L000099 | [Dev Acc: 0.3834710743801653]
L000100 | 
L000101-L000116 | [REDACTED: batch progress and internal diagnostics]
L000117 | [Epoch 1] [Time: 2.063844680786133]
L000118 | [Train Loss: 1.6846]
L000119 | [Train F1: 0.2634183288935051]
L000120 | [Train Acc: 0.2862632084534102]
L000121 | [Dev Loss: 1.502]
L000122 | [Dev F1: 0.29023943439697875]
L000123 | [Dev Acc: 0.34545454545454546]
L000124 | 
L000125-L000140 | [REDACTED: batch progress and internal diagnostics]
L000141 | [Epoch 2] [Time: 2.2708046436309814]
L000142 | [Train Loss: 1.5889]
L000143 | [Train F1: 0.3201678582793059]
L000144 | [Train Acc: 0.3389048991354467]
L000145 | [Dev Loss: 1.4688]
L000146 | [Dev F1: 0.3687412058656521]
L000147 | [Dev Acc: 0.39173553719008264]
L000148 | 
L000149-L000164 | [REDACTED: batch progress and internal diagnostics]
L000165 | [Epoch 3] [Time: 2.2150731086730957]
L000166 | [Train Loss: 1.5293]
L000167 | [Train F1: 0.35419736456864737]
L000168 | [Train Acc: 0.3686839577329491]
L000169 | [Dev Loss: 1.4073]
L000170 | [Dev F1: 0.3784640952987828]
L000171 | [Dev Acc: 0.4066115702479339]
L000172 | 
L000173-L000188 | [REDACTED: batch progress and internal diagnostics]
L000189 | [Epoch 4] [Time: 2.1644856929779053]
L000190 | [Train Loss: 1.4602]
L000191 | [Train F1: 0.39741146613686845]
L000192 | [Train Acc: 0.4092219020172911]
L000193 | [Dev Loss: 1.3623]
L000194 | [Dev F1: 0.4311473929729889]
L000195 | [Dev Acc: 0.45454545454545453]
L000196 | 
L000197-L000212 | [REDACTED: batch progress and internal diagnostics]
L000213 | [Epoch 5] [Time: 2.2395589351654053]
L000214 | [Train Loss: 1.3939]
L000215 | [Train F1: 0.4177632052098837]
L000216 | [Train Acc: 0.428626320845341]
L000217 | [Dev Loss: 1.3277]
L000218 | [Dev F1: 0.4342904258284808]
L000219 | [Dev Acc: 0.45950413223140496]
L000220 | 
L000221-L000236 | [REDACTED: batch progress and internal diagnostics]
L000237 | [Epoch 6] [Time: 2.2264111042022705]
L000238 | [Train Loss: 1.3163]
L000239 | [Train F1: 0.45801952762627884]
L000240 | [Train Acc: 0.47070124879923153]
L000241 | [Dev Loss: 1.2827]
L000242 | [Dev F1: 0.4714827131447371]
L000243 | [Dev Acc: 0.4975206611570248]
L000244 | 
L000245-L000260 | [REDACTED: batch progress and internal diagnostics]
L000261 | [Epoch 7] [Time: 2.1984879970550537]
L000262 | [Train Loss: 1.2679]
L000263 | [Train F1: 0.47721553610813705]
L000264 | [Train Acc: 0.48741594620557155]
L000265 | [Dev Loss: 1.2347]
L000266 | [Dev F1: 0.4799222787694602]
L000267 | [Dev Acc: 0.5057851239669422]
L000268 | 
L000269-L000284 | [REDACTED: batch progress and internal diagnostics]
L000285 | [Epoch 8] [Time: 2.1314432621002197]
L000286 | [Train Loss: 1.2404]
L000287 | [Train F1: 0.4927730609889553]
L000288 | [Train Acc: 0.5016330451488953]
L000289 | [Dev Loss: 1.1975]
L000290 | [Dev F1: 0.4983458283777221]
L000291 | [Dev Acc: 0.5206611570247934]
L000292 | 
L000293-L000308 | [REDACTED: batch progress and internal diagnostics]
L000309 | [Epoch 9] [Time: 2.1804754734039307]
L000310 | [Train Loss: 1.1933]
L000311 | [Train F1: 0.5157828702499963]
L000312 | [Train Acc: 0.5258405379442843]
L000313 | [Dev Loss: 1.1686]
L000314 | [Dev F1: 0.503693898578293]
L000315 | [Dev Acc: 0.5289256198347108]
L000316 | 
L000317-L000332 | [REDACTED: batch progress and internal diagnostics]
L000333 | [Epoch 10] [Time: 2.1057424545288086]
L000334 | [Train Loss: 1.1243]
L000335 | [Train F1: 0.5358804501923339]
L000336 | [Train Acc: 0.550240153698367]
L000337 | [Dev Loss: 1.1121]
L000338 | [Dev F1: 0.5420799306277158]
L000339 | [Dev Acc: 0.5603305785123966]
L000340 | 
L000341-L000356 | [REDACTED: batch progress and internal diagnostics]
L000357 | [Epoch 11] [Time: 2.207057237625122]
L000358 | [Train Loss: 1.0703]
L000359 | [Train F1: 0.5496942172557551]
L000360 | [Train Acc: 0.5571565802113353]
L000361 | [Dev Loss: 1.0658]
L000362 | [Dev F1: 0.5800440916350317]
L000363 | [Dev Acc: 0.5900826446280992]
L000364 | 
L000365-L000380 | [REDACTED: batch progress and internal diagnostics]
L000381 | [Epoch 12] [Time: 2.144709348678589]
L000382 | [Train Loss: 1.0259]
L000383 | [Train F1: 0.5806862460652497]
L000384 | [Train Acc: 0.5896253602305476]
L000385 | [Dev Loss: 1.0372]
L000386 | [Dev F1: 0.5779821021404193]
L000387 | [Dev Acc: 0.5900826446280992]
L000388 | 
L000389-L000404 | [REDACTED: batch progress and internal diagnostics]
L000405 | [Epoch 13] [Time: 2.233569383621216]
L000406 | [Train Loss: 0.9795]
L000407 | [Train F1: 0.5887878986924149]
L000408 | [Train Acc: 0.5961575408261287]
L000409 | [Dev Loss: 0.995]
L000410 | [Dev F1: 0.6177167290576553]
L000411 | [Dev Acc: 0.6247933884297521]
L000412 | 
L000413-L000428 | [REDACTED: batch progress and internal diagnostics]
L000429 | [Epoch 14] [Time: 2.309147596359253]
L000430 | [Train Loss: 0.9554]
L000431 | [Train F1: 0.6025314527534092]
L000432 | [Train Acc: 0.6086455331412104]
L000433 | [Dev Loss: 0.9856]
L000434 | [Dev F1: 0.6114808123946054]
L000435 | [Dev Acc: 0.6181818181818182]
L000436 | 
L000437-L000452 | [REDACTED: batch progress and internal diagnostics]
L000453 | [Epoch 15] [Time: 2.1771318912506104]
L000454 | [Train Loss: 0.9299]
L000455 | [Train F1: 0.6191286670640042]
L000456 | [Train Acc: 0.6240153698366955]
L000457 | [Dev Loss: 0.9611]
L000458 | [Dev F1: 0.6128326286225879]
L000459 | [Dev Acc: 0.6181818181818182]
L000460 | 
L000461-L000476 | [REDACTED: batch progress and internal diagnostics]
L000477 | [Epoch 16] [Time: 2.210045337677002]
L000478 | [Train Loss: 0.9014]
L000479 | [Train F1: 0.6263106737441104]
L000480 | [Train Acc: 0.6334293948126801]
L000481 | [Dev Loss: 0.9587]
L000482 | [Dev F1: 0.6189482111145895]
L000483 | [Dev Acc: 0.6231404958677685]
L000484 | 
L000485-L000500 | [REDACTED: batch progress and internal diagnostics]
L000501 | [Epoch 17] [Time: 2.253990888595581]
L000502 | [Train Loss: 0.8813]
L000503 | [Train F1: 0.6371515636498094]
L000504 | [Train Acc: 0.6424591738712776]
L000505 | [Dev Loss: 0.9331]
L000506 | [Dev F1: 0.6169221220324792]
L000507 | [Dev Acc: 0.6231404958677685]
L000508 | 
L000509-L000524 | [REDACTED: batch progress and internal diagnostics]
L000525 | [Epoch 18] [Time: 2.2248480319976807]
L000526 | [Train Loss: 0.8512]
L000527 | [Train F1: 0.6532310486270808]
L000528 | [Train Acc: 0.6582132564841499]
L000529 | [Dev Loss: 0.9319]
L000530 | [Dev F1: 0.6307220978672127]
L000531 | [Dev Acc: 0.6330578512396694]
L000532 | 
L000533-L000548 | [REDACTED: batch progress and internal diagnostics]
L000549 | [Epoch 19] [Time: 2.1518945693969727]
L000550 | [Train Loss: 0.8356]
L000551 | [Train F1: 0.6700409377061886]
L000552 | [Train Acc: 0.6730067243035542]
L000553 | [Dev Loss: 0.9148]
L000554 | [Dev F1: 0.6268883928037977]
L000555 | [Dev Acc: 0.6297520661157024]
L000556 | 
L000557-L000572 | [REDACTED: batch progress and internal diagnostics]
L000573 | [Epoch 20] [Time: 2.0987274646759033]
L000574 | [Train Loss: 0.8122]
L000575 | [Train F1: 0.6704634522489359]
L000576 | [Train Acc: 0.6749279538904899]
L000577 | [Dev Loss: 0.9274]
L000578 | [Dev F1: 0.6357230795585863]
L000579 | [Dev Acc: 0.6380165289256199]
L000580 | 
L000581-L000596 | [REDACTED: batch progress and internal diagnostics]
L000597 | [Epoch 21] [Time: 2.175537109375]
L000598 | [Train Loss: 0.7866]
L000599 | [Train F1: 0.6835856977607834]
L000600 | [Train Acc: 0.6881844380403458]
L000601 | [Dev Loss: 0.9015]
L000602 | [Dev F1: 0.6445734774425478]
L000603 | [Dev Acc: 0.6479338842975206]
L000604 | 
L000605-L000620 | [REDACTED: batch progress and internal diagnostics]
L000621 | [Epoch 22] [Time: 2.106125831604004]
L000622 | [Train Loss: 0.7783]
L000623 | [Train F1: 0.6886373160519602]
L000624 | [Train Acc: 0.6914505283381364]
L000625 | [Dev Loss: 0.8902]
L000626 | [Dev F1: 0.6484273774694275]
L000627 | [Dev Acc: 0.6462809917355372]
L000628 | 
L000629-L000644 | [REDACTED: batch progress and internal diagnostics]
L000645 | [Epoch 23] [Time: 2.137721300125122]
L000646 | [Train Loss: 0.758]
L000647 | [Train F1: 0.6985587210477907]
L000648 | [Train Acc: 0.7006724303554275]
L000649 | [Dev Loss: 0.9375]
L000650 | [Dev F1: 0.6386670678529718]
L000651 | [Dev Acc: 0.6330578512396694]
L000652 | 
L000653-L000668 | [REDACTED: batch progress and internal diagnostics]
L000669 | [Epoch 24] [Time: 2.121936798095703]
L000670 | [Train Loss: 0.7523]
L000671 | [Train F1: 0.7008803041222034]
L000672 | [Train Acc: 0.703938520653218]
L000673 | [Dev Loss: 0.8727]
L000674 | [Dev F1: 0.643218692508307]
L000675 | [Dev Acc: 0.6429752066115703]
L000676 | 
L000677-L000692 | [REDACTED: batch progress and internal diagnostics]
L000693 | [Epoch 25] [Time: 2.0543477535247803]
L000694 | [Train Loss: 0.727]
L000695 | [Train F1: 0.7157337335905131]
L000696 | [Train Acc: 0.7173871277617675]
L000697 | [Dev Loss: 0.9013]
L000698 | [Dev F1: 0.6420526555021018]
L000699 | [Dev Acc: 0.6396694214876033]
L000700 | 
L000701-L000716 | [REDACTED: batch progress and internal diagnostics]
L000717 | [Epoch 26] [Time: 2.1812007427215576]
L000718 | [Train Loss: 0.7166]
L000719 | [Train F1: 0.7198122975016066]
L000720 | [Train Acc: 0.7212295869356388]
L000721 | [Dev Loss: 0.8747]
L000722 | [Dev F1: 0.6507248179675299]
L000723 | [Dev Acc: 0.6495867768595042]
L000724 | 
L000725-L000740 | [REDACTED: batch progress and internal diagnostics]
L000741 | [Epoch 27] [Time: 2.290998935699463]
L000742 | [Train Loss: 0.6875]
L000743 | [Train F1: 0.73106475869682]
L000744 | [Train Acc: 0.7329490874159462]
L000745 | [Dev Loss: 0.8729]
L000746 | [Dev F1: 0.6369072876928944]
L000747 | [Dev Acc: 0.6347107438016529]
L000748 | 
L000749-L000764 | [REDACTED: batch progress and internal diagnostics]
L000765 | [Epoch 28] [Time: 2.1569440364837646]
L000766 | [Train Loss: 0.6718]
L000767 | [Train F1: 0.7368897494653874]
L000768 | [Train Acc: 0.738328530259366]
L000769 | [Dev Loss: 0.8731]
L000770 | [Dev F1: 0.6618331581225498]
L000771 | [Dev Acc: 0.6578512396694215]
L000772 | 
L000773-L000788 | [REDACTED: batch progress and internal diagnostics]
L000789 | [Epoch 29] [Time: 2.091867208480835]
L000790 | [Train Loss: 0.6615]
L000791 | [Train F1: 0.7391658802802378]
L000792 | [Train Acc: 0.7408261287223823]
L000793 | [Dev Loss: 0.8736]
L000794 | [Dev F1: 0.658459324353921]
L000795 | [Dev Acc: 0.6545454545454545]
L000796 | 
L000797-L000812 | [REDACTED: batch progress and internal diagnostics]
L000813 | [Epoch 30] [Time: 2.0685973167419434]
L000814 | [Train Loss: 0.6461]
L000815 | [Train F1: 0.752719146669601]
L000816 | [Train Acc: 0.7538904899135447]
L000817 | [Dev Loss: 0.8791]
L000818 | [Dev F1: 0.6682374260946163]
L000819 | [Dev Acc: 0.6661157024793388]
L000820 | 
L000821-L000836 | [REDACTED: batch progress and internal diagnostics]
L000837 | [Epoch 31] [Time: 2.1070287227630615]
L000838 | [Train Loss: 0.6438]
L000839 | [Train F1: 0.7499674822603416]
L000840 | [Train Acc: 0.751969260326609]
L000841 | [Dev Loss: 0.8632]
L000842 | [Dev F1: 0.661649887400416]
L000843 | [Dev Acc: 0.6595041322314049]
L000844 | 
L000845-L000860 | [REDACTED: batch progress and internal diagnostics]
L000861 | [Epoch 32] [Time: 2.115246295928955]
L000862 | [Train Loss: 0.6124]
L000863 | [Train F1: 0.7741715316174234]
L000864 | [Train Acc: 0.7742555235350624]
L000865 | [Dev Loss: 0.9141]
L000866 | [Dev F1: 0.6544738224676552]
L000867 | [Dev Acc: 0.6528925619834711]
L000868 | 
L000869-L000884 | [REDACTED: batch progress and internal diagnostics]
L000885 | [Epoch 33] [Time: 2.1632466316223145]
L000886 | [Train Loss: 0.6029]
L000887 | [Train F1: 0.7692430634385321]
L000888 | [Train Acc: 0.7704130643611912]
L000889 | [Dev Loss: 0.877]
L000890 | [Dev F1: 0.6670539643476933]
L000891 | [Dev Acc: 0.6661157024793388]
L000892 | 
L000893-L000908 | [REDACTED: batch progress and internal diagnostics]
L000909 | [Epoch 34] [Time: 2.1620194911956787]
L000910 | [Train Loss: 0.5849]
L000911 | [Train F1: 0.7798085154020871]
L000912 | [Train Acc: 0.7802113352545629]
L000913 | [Dev Loss: 0.8986]
L000914 | [Dev F1: 0.6617897295237772]
L000915 | [Dev Acc: 0.6578512396694215]
L000916 | 
L000917-L000932 | [REDACTED: batch progress and internal diagnostics]
L000933 | [Epoch 35] [Time: 2.248185634613037]
L000934 | [Train Loss: 0.5786]
L000935 | [Train F1: 0.7842116464861033]
L000936 | [Train Acc: 0.7852065321805956]
L000937 | [Dev Loss: 0.8779]
L000938 | [Dev F1: 0.659872797269045]
L000939 | [Dev Acc: 0.6578512396694215]
L000940 | 
L000941-L000956 | [REDACTED: batch progress and internal diagnostics]
L000957 | [Epoch 36] [Time: 2.0360329151153564]
L000958 | [Train Loss: 0.5811]
L000959 | [Train F1: 0.7800813341142256]
L000960 | [Train Acc: 0.7811719500480307]
L000961 | [Dev Loss: 0.8925]
L000962 | [Dev F1: 0.6601686990172005]
L000963 | [Dev Acc: 0.6595041322314049]
L000964 | 
L000965-L000980 | [REDACTED: batch progress and internal diagnostics]
L000981 | [Epoch 37] [Time: 2.076550245285034]
L000982 | [Train Loss: 0.5738]
L000983 | [Train F1: 0.7817704300471433]
L000984 | [Train Acc: 0.781940441882805]
L000985 | [Dev Loss: 0.881]
L000986 | [Dev F1: 0.6653594056884221]
L000987 | [Dev Acc: 0.6628099173553719]
L000988 | 
L000989-L001004 | [REDACTED: batch progress and internal diagnostics]
L001005 | [Epoch 38] [Time: 1.9900221824645996]
L001006 | [Train Loss: 0.551]
L001007 | [Train F1: 0.7969672112362737]
L001008 | [Train Acc: 0.7971181556195965]
L001009 | [Dev Loss: 0.923]
L001010 | [Dev F1: 0.6549180042336223]
L001011 | [Dev Acc: 0.6545454545454545]
L001012 | 
L001013-L001028 | [REDACTED: batch progress and internal diagnostics]
L001029 | [Epoch 39] [Time: 2.1570425033569336]
L001030 | [Train Loss: 0.5431]
L001031 | [Train F1: 0.7964075067800254]
L001032 | [Train Acc: 0.7973102785782901]
L001033 | [Dev Loss: 0.904]
L001034 | [Dev F1: 0.667566607546629]
L001035 | [Dev Acc: 0.6661157024793388]
L001036 | 
L001037-L001052 | [REDACTED: batch progress and internal diagnostics]
L001053 | [Epoch 40] [Time: 2.163252830505371]
L001054 | [Train Loss: 0.5379]
L001055 | [Train F1: 0.7978988769227459]
L001056 | [Train Acc: 0.7984630163304515]
L001057 | [Dev Loss: 0.8968]
L001058 | [Dev F1: 0.6603115060598839]
L001059 | [Dev Acc: 0.6595041322314049]
L001060 | 
L001061-L001076 | [REDACTED: batch progress and internal diagnostics]
L001077 | [Epoch 41] [Time: 2.1770150661468506]
L001078 | [Train Loss: 0.5241]
L001079 | [Train F1: 0.805430063940812]
L001080 | [Train Acc: 0.806147934678194]
L001081 | [Dev Loss: 0.9188]
L001082 | [Dev F1: 0.6644161304571372]
L001083 | [Dev Acc: 0.6611570247933884]
L001084 | 
L001085-L001100 | [REDACTED: batch progress and internal diagnostics]
L001101 | [Epoch 42] [Time: 2.114431142807007]
L001102 | [Train Loss: 0.5103]
L001103 | [Train F1: 0.81094157577202]
L001104 | [Train Acc: 0.8111431316042267]
L001105 | [Dev Loss: 0.9894]
L001106 | [Dev F1: 0.6508788103915104]
L001107 | [Dev Acc: 0.6462809917355372]
L001108 | 
L001109-L001124 | [REDACTED: batch progress and internal diagnostics]
L001125 | [Epoch 43] [Time: 2.0228610038757324]
L001126 | [Train Loss: 0.5097]
L001127 | [Train F1: 0.8058960416852002]
L001128 | [Train Acc: 0.8063400576368877]
L001129 | [Dev Loss: 0.9308]
L001130 | [Dev F1: 0.6441096639677487]
L001131 | [Dev Acc: 0.6413223140495867]
L001132 | 
L001133-L001148 | [REDACTED: batch progress and internal diagnostics]
L001149 | [Epoch 44] [Time: 2.14970064163208]
L001150 | [Train Loss: 0.501]
L001151 | [Train F1: 0.8111456075146818]
L001152 | [Train Acc: 0.8115273775216139]
L001153 | [Dev Loss: 0.9241]
L001154 | [Dev F1: 0.6661332180205424]
L001155 | [Dev Acc: 0.6628099173553719]
L001156 | 
L001157-L001172 | [REDACTED: batch progress and internal diagnostics]
L001173 | [Epoch 45] [Time: 2.0718579292297363]
L001174 | [Train Loss: 0.4932]
L001175 | [Train F1: 0.8147434863917473]
L001176 | [Train Acc: 0.8151777137367916]
L001177 | [Dev Loss: 0.9679]
L001178 | [Dev F1: 0.6500965196731285]
L001179 | [Dev Acc: 0.6446280991735537]
L001180 | 
L001181-L001196 | [REDACTED: batch progress and internal diagnostics]
L001197 | [Epoch 46] [Time: 2.2154505252838135]
L001198 | [Train Loss: 0.4685]
L001199 | [Train F1: 0.8223944179604489]
L001200 | [Train Acc: 0.8228626320845341]
L001201 | [Dev Loss: 0.9427]
L001202 | [Dev F1: 0.6619543585800803]
L001203 | [Dev Acc: 0.6595041322314049]
L001204 | 
L001205-L001220 | [REDACTED: batch progress and internal diagnostics]
L001221 | [Epoch 47] [Time: 2.2018022537231445]
L001222 | [Train Loss: 0.4794]
L001223 | [Train F1: 0.8186320918704122]
L001224 | [Train Acc: 0.8190201729106629]
L001225 | [Dev Loss: 0.9492]
L001226 | [Dev F1: 0.6498359356009024]
L001227 | [Dev Acc: 0.6495867768595042]
L001228 | 
L001229-L001244 | [REDACTED: batch progress and internal diagnostics]
L001245 | [Epoch 48] [Time: 2.2006781101226807]
L001246 | [Train Loss: 0.474]
L001247 | [Train F1: 0.8264673208791234]
L001248 | [Train Acc: 0.8267050912584054]
L001249 | [Dev Loss: 0.9896]
L001250 | [Dev F1: 0.6541567225791949]
L001251 | [Dev Acc: 0.6512396694214876]
L001252 | 
L001253-L001268 | [REDACTED: batch progress and internal diagnostics]
L001269 | [Epoch 49] [Time: 2.073566436767578]
L001270 | [Train Loss: 0.4572]
L001271 | [Train F1: 0.8326196739025256]
L001272 | [Train Acc: 0.8326609029779058]
L001273 | [Dev Loss: 1.0511]
L001274 | [Dev F1: 0.6451994806036011]
L001275 | [Dev Acc: 0.6380165289256199]
L001276 | 
L001277-L001292 | [REDACTED: batch progress and internal diagnostics]
L001293 | [Epoch 50] [Time: 2.0795674324035645]
L001294 | [Train Loss: 0.457]
L001295 | [Train F1: 0.8288297920447674]
L001296 | [Train Acc: 0.8292026897214217]
L001297 | [Dev Loss: 0.9845]
L001298 | [Dev F1: 0.6475538275277914]
L001299 | [Dev Acc: 0.6446280991735537]
L001300 | 
L001301-L001316 | [REDACTED: batch progress and internal diagnostics]
L001317 | [Epoch 51] [Time: 2.165609359741211]
L001318 | [Train Loss: 0.4363]
L001319 | [Train F1: 0.8363724002304775]
L001320 | [Train Acc: 0.8366954851104706]
L001321 | [Dev Loss: 1.006]
L001322 | [Dev F1: 0.6500082440722852]
L001323 | [Dev Acc: 0.6462809917355372]
L001324 | 
L001325-L001340 | [REDACTED: batch progress and internal diagnostics]
L001341 | [Epoch 52] [Time: 2.1971757411956787]
L001342 | [Train Loss: 0.4455]
L001343 | [Train F1: 0.8371017123998514]
L001344 | [Train Acc: 0.8372718539865514]
L001345 | [Dev Loss: 1.0124]
L001346 | [Dev F1: 0.6394747967802269]
L001347 | [Dev Acc: 0.6380165289256199]
L001348 | 
L001349-L001364 | [REDACTED: batch progress and internal diagnostics]
L001365 | [Epoch 53] [Time: 2.242790699005127]
L001366 | [Train Loss: 0.4412]
L001367 | [Train F1: 0.8360061296014436]
L001368 | [Train Acc: 0.8363112391930836]
L001369 | [Dev Loss: 1.105]
L001370 | [Dev F1: 0.6346563728244328]
L001371 | [Dev Acc: 0.6330578512396694]
L001372 | 
L001373-L001388 | [REDACTED: batch progress and internal diagnostics]
L001389 | [Epoch 54] [Time: 2.158289670944214]
L001390 | [Train Loss: 0.4349]
L001391 | [Train F1: 0.8428490249898075]
L001392 | [Train Acc: 0.8430355427473583]
L001393 | [Dev Loss: 0.9956]
L001394 | [Dev F1: 0.6298202757204576]
L001395 | [Dev Acc: 0.631404958677686]
L001396 | 
L001397-L001412 | [REDACTED: batch progress and internal diagnostics]
L001413 | [Epoch 55] [Time: 2.2700631618499756]
L001414 | [Train Loss: 0.4227]
L001415 | [Train F1: 0.84062131522002]
L001416 | [Train Acc: 0.8409221902017291]
L001417 | [Dev Loss: 1.0413]
L001418 | [Dev F1: 0.6540204577837294]
L001419 | [Dev Acc: 0.6495867768595042]
L001420 | Early stopping at epoch: 55
L001421 | Last model
L001422 |               precision    recall  f1-score   support
L001423 | 
L001424 |          hap     0.5116    0.4583    0.4835       144
L001425 |          sad     0.7960    0.8122    0.8040       245
L001426 |          neu     0.5950    0.6849    0.6368       384
L001427 |          ang     0.6429    0.5824    0.6111       170
L001428 |          exc     0.6994    0.7391    0.7187       299
L001429 |          fru     0.6355    0.5538    0.5919       381
L001430 | 
L001431 |     accuracy                         0.6525      1623
L001432 |    macro avg     0.6467    0.6385    0.6410      1623
L001433 | weighted avg     0.6517    0.6525    0.6503      1623
L001434 | 
L001435 | Best model at epoch: 30
L001436 | Best dev F1: 0.6682374260946163
L001437 |               precision    recall  f1-score   support
L001438 | 
L001439 |          hap     0.5152    0.3542    0.4198       144
L001440 |          sad     0.8156    0.8122    0.8139       245
L001441 |          neu     0.6020    0.6302    0.6158       384
L001442 |          ang     0.5952    0.5882    0.5917       170
L001443 |          exc     0.7147    0.7793    0.7456       299
L001444 |          fru     0.5964    0.6010    0.5987       381
L001445 | 
L001446 |     accuracy                         0.6494      1623
L001447 |    macro avg     0.6398    0.6275    0.6309      1623
L001448 | weighted avg     0.6453    0.6494    0.6457      1623
L001449 | 
L001450 | Best test F1: 0.6456792910890327
L001451 | Best test Acc: 0.6494146642020949
L001452 | [SANITIZED] Saved checkpoint: [path and filename removed]
