# Redacted copy of an existing run log.
# run_id: G02-seed1
# dataset: IEMOCAP
# model: GCNet+AMBER
# imr: (0.3,0.7,0.5)
# seed_alias: seed1
# original_log_sha256: fb52d7125096ff6f155f146d057ad5f44eb25043a490984aa8903156c249cb99
# source_record_status: ok
# source_record_process_return_code: 3221226505
# L numbers refer to source logical lines; REDACTED/SANITIZED text is editorial.
L000001-L000005 | [REDACTED: configuration or implementation details]
L000006 | [SANITIZED] FutureWarning: [dependency deprecation notice; implementation details removed]
L000007-L000068 | [REDACTED: configuration or implementation details]
L000069 | [SANITIZED] Seed alias: seed1
L000070 | [REDACTED: configuration or implementation details]
L000071 | 
L000072-L000073 | [REDACTED: batch progress and internal diagnostics]
L000074 | 
L000075-L000076 | [REDACTED: batch progress and internal diagnostics]
L000077 | 
L000078-L000079 | [REDACTED: batch progress and internal diagnostics]
L000080-L000083 | [REDACTED: configuration or implementation details]
L000084 | [SANITIZED] Seed alias: seed1
L000085-L000088 | [REDACTED: configuration or implementation details]
L000089 | 
L000090-L000105 | [REDACTED: batch progress and internal diagnostics]
L000106 | [Epoch 0] [Time: 3.35]
L000107 | [Train Loss: 1.7035]
L000108 | [Train F1: 0.25742383593383555]
L000109 | [Train Acc: 0.309867282169648]
L000110 | [Dev Loss: 1.6681]
L000111 | [Dev F1: 0.13418323249783923]
L000112 | [Dev Acc: 0.2765957446808511]
L000113 | 
L000114-L000129 | [REDACTED: batch progress and internal diagnostics]
L000130 | [Epoch 1] [Time: 2.76]
L000131 | [Train Loss: 1.4614]
L000132 | [Train F1: 0.351845567576229]
L000133 | [Train Acc: 0.40642431236776305]
L000134 | [Dev Loss: 1.5658]
L000135 | [Dev F1: 0.24832187265145442]
L000136 | [Dev Acc: 0.36661211129296234]
L000137 | 
L000138-L000153 | [REDACTED: batch progress and internal diagnostics]
L000154 | [Epoch 2] [Time: 2.71]
L000155 | [Train Loss: 1.3034]
L000156 | [Train F1: 0.4049107419274197]
L000157 | [Train Acc: 0.4647047509136372]
L000158 | [Dev Loss: 1.4758]
L000159 | [Dev F1: 0.2707258001825073]
L000160 | [Dev Acc: 0.41243862520458263]
L000161 | 
L000162-L000177 | [REDACTED: batch progress and internal diagnostics]
L000178 | [Epoch 3] [Time: 2.54]
L000179 | [Train Loss: 1.2214]
L000180 | [Train F1: 0.4571347417469723]
L000181 | [Train Acc: 0.5014425851125216]
L000182 | [Dev Loss: 1.4809]
L000183 | [Dev F1: 0.3144276384708376]
L000184 | [Dev Acc: 0.36006546644844517]
L000185 | 
L000186-L000201 | [REDACTED: batch progress and internal diagnostics]
L000202 | [Epoch 4] [Time: 2.82]
L000203 | [Train Loss: 1.1657]
L000204 | [Train F1: 0.47131941142542505]
L000205 | [Train Acc: 0.5197153298711291]
L000206 | [Dev Loss: 1.4225]
L000207 | [Dev F1: 0.3696907653237068]
L000208 | [Dev Acc: 0.4451718494271686]
L000209 | 
L000210-L000225 | [REDACTED: batch progress and internal diagnostics]
L000226 | [Epoch 5] [Time: 2.69]
L000227 | [Train Loss: 1.1368]
L000228 | [Train F1: 0.5166388169117998]
L000229 | [Train Acc: 0.5322177341796499]
L000230 | [Dev Loss: 1.431]
L000231 | [Dev F1: 0.34090095111757135]
L000232 | [Dev Acc: 0.3944353518821604]
L000233 | 
L000234-L000249 | [REDACTED: batch progress and internal diagnostics]
L000250 | [Epoch 6] [Time: 2.76]
L000251 | [Train Loss: 1.1106]
L000252 | [Train F1: 0.514726615408847]
L000253 | [Train Acc: 0.5351029044046932]
L000254 | [Dev Loss: 1.4331]
L000255 | [Dev F1: 0.34090095111757135]
L000256 | [Dev Acc: 0.3944353518821604]
L000257 | 
L000258-L000273 | [REDACTED: batch progress and internal diagnostics]
L000274 | [Epoch 7] [Time: 2.66]
L000275 | [Train Loss: 1.097]
L000276 | [Train F1: 0.5148363241325128]
L000277 | [Train Acc: 0.5460665512598577]
L000278 | [Dev Loss: 1.3973]
L000279 | [Dev F1: 0.28510476663386175]
L000280 | [Dev Acc: 0.4157119476268412]
L000281 | 
L000282-L000297 | [REDACTED: batch progress and internal diagnostics]
L000298 | [Epoch 8] [Time: 2.65]
L000299 | [Train Loss: 1.0724]
L000300 | [Train F1: 0.538295996764138]
L000301 | [Train Acc: 0.5520292363916137]
L000302 | [Dev Loss: 1.4144]
L000303 | [Dev F1: 0.32702572225643534]
L000304 | [Dev Acc: 0.3698854337152209]
L000305 | 
L000306-L000321 | [REDACTED: batch progress and internal diagnostics]
L000322 | [Epoch 9] [Time: 2.60]
L000323 | [Train Loss: 1.0602]
L000324 | [Train F1: 0.5473758901012625]
L000325 | [Train Acc: 0.5601077130217349]
L000326 | [Dev Loss: 1.4138]
L000327 | [Dev F1: 0.31442704174448394]
L000328 | [Dev Acc: 0.397708674304419]
L000329 | 
L000330-L000345 | [REDACTED: batch progress and internal diagnostics]
L000346 | [Epoch 10] [Time: 2.69]
L000347 | [Train Loss: 1.0543]
L000348 | [Train F1: 0.5506402652941063]
L000349 | [Train Acc: 0.5628005385651087]
L000350 | [Dev Loss: 1.3301]
L000351 | [Dev F1: 0.34552010663134486]
L000352 | [Dev Acc: 0.41898527004909986]
L000353 | 
L000354-L000369 | [REDACTED: batch progress and internal diagnostics]
L000370 | [Epoch 11] [Time: 2.90]
L000371 | [Train Loss: 1.0326]
L000372 | [Train F1: 0.5618189418793511]
L000373 | [Train Acc: 0.5749182535102905]
L000374 | [Dev Loss: 1.4146]
L000375 | [Dev F1: 0.3252639882561777]
L000376 | [Dev Acc: 0.4075286415711948]
L000377 | 
L000378-L000393 | [REDACTED: batch progress and internal diagnostics]
L000394 | [Epoch 12] [Time: 2.73]
L000395 | [Train Loss: 1.0277]
L000396 | [Train F1: 0.5667510619412556]
L000397 | [Train Acc: 0.5741488747836122]
L000398 | [Dev Loss: 1.3323]
L000399 | [Dev F1: 0.3022902225894267]
L000400 | [Dev Acc: 0.40425531914893614]
L000401 | 
L000402-L000417 | [REDACTED: batch progress and internal diagnostics]
L000418 | [Epoch 13] [Time: 2.65]
L000419 | [Train Loss: 1.0054]
L000420 | [Train F1: 0.5651411327774397]
L000421 | [Train Acc: 0.5762646662819773]
L000422 | [Dev Loss: 1.3466]
L000423 | [Dev F1: 0.3268066354337913]
L000424 | [Dev Acc: 0.4157119476268412]
L000425 | 
L000426-L000441 | [REDACTED: batch progress and internal diagnostics]
L000442 | [Epoch 14] [Time: 2.63]
L000443 | [Train Loss: 0.9899]
L000444 | [Train F1: 0.5662025570352847]
L000445 | [Train Acc: 0.5808809386420466]
L000446 | [Dev Loss: 1.3429]
L000447 | [Dev F1: 0.3560685252491439]
L000448 | [Dev Acc: 0.3895253682487725]
L000449 | 
L000450-L000465 | [REDACTED: batch progress and internal diagnostics]
L000466 | [Epoch 15] [Time: 2.84]
L000467 | [Train Loss: 0.9881]
L000468 | [Train F1: 0.5754554333437112]
L000469 | [Train Acc: 0.5853048663204462]
L000470 | [Dev Loss: 1.3292]
L000471 | [Dev F1: 0.350288351434883]
L000472 | [Dev Acc: 0.42225859247135844]
L000473 | 
L000474-L000489 | [REDACTED: batch progress and internal diagnostics]
L000490 | [Epoch 16] [Time: 2.85]
L000491 | [Train Loss: 0.9834]
L000492 | [Train F1: 0.5731539181528346]
L000493 | [Train Acc: 0.5829967301404116]
L000494 | [Dev Loss: 1.3061]
L000495 | [Dev F1: 0.3865297988902219]
L000496 | [Dev Acc: 0.41407528641571195]
L000497 | 
L000498-L000513 | [REDACTED: batch progress and internal diagnostics]
L000514 | [Epoch 17] [Time: 2.72]
L000515 | [Train Loss: 0.9816]
L000516 | [Train F1: 0.5827174028955099]
L000517 | [Train Acc: 0.5876130025004809]
L000518 | [Dev Loss: 1.36]
L000519 | [Dev F1: 0.3367821445308144]
L000520 | [Dev Acc: 0.41243862520458263]
L000521 | 
L000522-L000537 | [REDACTED: batch progress and internal diagnostics]
L000538 | [Epoch 18] [Time: 2.68]
L000539 | [Train Loss: 0.9708]
L000540 | [Train F1: 0.582248577674676]
L000541 | [Train Acc: 0.593575687632237]
L000542 | [Dev Loss: 1.3329]
L000543 | [Dev F1: 0.33582429484107434]
L000544 | [Dev Acc: 0.4075286415711948]
L000545 | 
L000546-L000561 | [REDACTED: batch progress and internal diagnostics]
L000562 | [Epoch 19] [Time: 2.64]
L000563 | [Train Loss: 0.9727]
L000564 | [Train F1: 0.5752470234433528]
L000565 | [Train Acc: 0.5868436237738026]
L000566 | [Dev Loss: 1.2722]
L000567 | [Dev F1: 0.4246248840515459]
L000568 | [Dev Acc: 0.42716857610474634]
L000569 | 
L000570-L000585 | [REDACTED: batch progress and internal diagnostics]
L000586 | [Epoch 20] [Time: 2.71]
L000587 | [Train Loss: 0.9775]
L000588 | [Train F1: 0.5810965950609088]
L000589 | [Train Acc: 0.5872283131371417]
L000590 | [Dev Loss: 1.4135]
L000591 | [Dev F1: 0.34815794750180307]
L000592 | [Dev Acc: 0.41407528641571195]
L000593 | 
L000594-L000609 | [REDACTED: batch progress and internal diagnostics]
L000610 | [Epoch 21] [Time: 2.82]
L000611 | [Train Loss: 0.9815]
L000612 | [Train F1: 0.5781092053944266]
L000613 | [Train Acc: 0.5856895556837853]
L000614 | [Dev Loss: 1.312]
L000615 | [Dev F1: 0.4024700545592409]
L000616 | [Dev Acc: 0.45990180032733224]
L000617 | 
L000618-L000633 | [REDACTED: batch progress and internal diagnostics]
L000634 | [Epoch 22] [Time: 2.64]
L000635 | [Train Loss: 0.9696]
L000636 | [Train F1: 0.5884221260146917]
L000637 | [Train Acc: 0.5978072706289671]
L000638 | [Dev Loss: 1.3667]
L000639 | [Dev F1: 0.36383831250222887]
L000640 | [Dev Acc: 0.41080196399345337]
L000641 | 
L000642-L000657 | [REDACTED: batch progress and internal diagnostics]
L000658 | [Epoch 23] [Time: 2.69]
L000659 | [Train Loss: 0.9437]
L000660 | [Train F1: 0.5878263253903317]
L000661 | [Train Acc: 0.5978072706289671]
L000662 | [Dev Loss: 1.2999]
L000663 | [Dev F1: 0.3909704335382503]
L000664 | [Dev Acc: 0.44680851063829785]
L000665 | 
L000666-L000681 | [REDACTED: batch progress and internal diagnostics]
L000682 | [Epoch 24] [Time: 2.83]
L000683 | [Train Loss: 0.9331]
L000684 | [Train F1: 0.5964838306634096]
L000685 | [Train Acc: 0.6037699557607232]
L000686 | [Dev Loss: 1.3124]
L000687 | [Dev F1: 0.41990755335796587]
L000688 | [Dev Acc: 0.44353518821603927]
L000689 | 
L000690-L000705 | [REDACTED: batch progress and internal diagnostics]
L000706 | [Epoch 25] [Time: 2.76]
L000707 | [Train Loss: 0.9376]
L000708 | [Train F1: 0.5906174250450317]
L000709 | [Train Acc: 0.5966532025389498]
L000710 | [Dev Loss: 1.3082]
L000711 | [Dev F1: 0.4146664738718632]
L000712 | [Dev Acc: 0.44353518821603927]
L000713 | 
L000714-L000729 | [REDACTED: batch progress and internal diagnostics]
L000730 | [Epoch 26] [Time: 2.83]
L000731 | [Train Loss: 0.9309]
L000732 | [Train F1: 0.5960180666128824]
L000733 | [Train Acc: 0.6053087132140796]
L000734 | [Dev Loss: 1.2853]
L000735 | [Dev F1: 0.402369264630264]
L000736 | [Dev Acc: 0.4500818330605565]
L000737 | 
L000738-L000753 | [REDACTED: batch progress and internal diagnostics]
L000754 | [Epoch 27] [Time: 2.81]
L000755 | [Train Loss: 0.9261]
L000756 | [Train F1: 0.5919636344696289]
L000757 | [Train Acc: 0.5951144450855934]
L000758 | [Dev Loss: 1.3181]
L000759 | [Dev F1: 0.3684087486074267]
L000760 | [Dev Acc: 0.4337152209492635]
L000761 | 
L000762-L000777 | [REDACTED: batch progress and internal diagnostics]
L000778 | [Epoch 28] [Time: 2.63]
L000779 | [Train Loss: 0.9172]
L000780 | [Train F1: 0.598694423487046]
L000781 | [Train Acc: 0.6045393344874014]
L000782 | [Dev Loss: 1.3069]
L000783 | [Dev F1: 0.39850095886875986]
L000784 | [Dev Acc: 0.45662847790507366]
L000785 | 
L000786-L000801 | [REDACTED: batch progress and internal diagnostics]
L000802 | [Epoch 29] [Time: 2.75]
L000803 | [Train Loss: 0.9295]
L000804 | [Train F1: 0.58311519226874]
L000805 | [Train Acc: 0.5897287939988459]
L000806 | [Dev Loss: 1.3019]
L000807 | [Dev F1: 0.4412490922954992]
L000808 | [Dev Acc: 0.486088379705401]
L000809 | 
L000810-L000825 | [REDACTED: batch progress and internal diagnostics]
L000826 | [Epoch 30] [Time: 2.71]
L000827 | [Train Loss: 0.9081]
L000828 | [Train F1: 0.603036833487025]
L000829 | [Train Acc: 0.608193883439123]
L000830 | [Dev Loss: 1.3101]
L000831 | [Dev F1: 0.37993983521146146]
L000832 | [Dev Acc: 0.45990180032733224]
L000833 | 
L000834-L000849 | [REDACTED: batch progress and internal diagnostics]
L000850 | [Epoch 31] [Time: 2.60]
L000851 | [Train Loss: 0.9046]
L000852 | [Train F1: 0.5994932972723976]
L000853 | [Train Acc: 0.6066551259857665]
L000854 | [Dev Loss: 1.3653]
L000855 | [Dev F1: 0.39881997302438243]
L000856 | [Dev Acc: 0.4369885433715221]
L000857 | 
L000858-L000873 | [REDACTED: batch progress and internal diagnostics]
L000874 | [Epoch 32] [Time: 2.76]
L000875 | [Train Loss: 0.907]
L000876 | [Train F1: 0.5943681126223035]
L000877 | [Train Acc: 0.597037891902289]
L000878 | [Dev Loss: 1.3265]
L000879 | [Dev F1: 0.39598364444220513]
L000880 | [Dev Acc: 0.4238952536824877]
L000881 | 
L000882-L000897 | [REDACTED: batch progress and internal diagnostics]
L000898 | [Epoch 33] [Time: 2.70]
L000899 | [Train Loss: 0.905]
L000900 | [Train F1: 0.5925794908855122]
L000901 | [Train Acc: 0.6039623004423927]
L000902 | [Dev Loss: 1.3505]
L000903 | [Dev F1: 0.4207853735438373]
L000904 | [Dev Acc: 0.4713584288052373]
L000905 | 
L000906-L000921 | [REDACTED: batch progress and internal diagnostics]
L000922 | [Epoch 34] [Time: 2.66]
L000923 | [Train Loss: 0.9066]
L000924 | [Train F1: 0.596305247889896]
L000925 | [Train Acc: 0.6005000961723408]
L000926 | [Dev Loss: 1.2978]
L000927 | [Dev F1: 0.41350619756123014]
L000928 | [Dev Acc: 0.4582651391162029]
L000929 | 
L000930-L000945 | [REDACTED: batch progress and internal diagnostics]
L000946 | [Epoch 35] [Time: 2.60]
L000947 | [Train Loss: 0.898]
L000948 | [Train F1: 0.6024249039506828]
L000949 | [Train Acc: 0.6099249855741489]
L000950 | [Dev Loss: 1.3365]
L000951 | [Dev F1: 0.35723289363247906]
L000952 | [Dev Acc: 0.4353518821603928]
L000953 | 
L000954-L000969 | [REDACTED: batch progress and internal diagnostics]
L000970 | [Epoch 36] [Time: 2.49]
L000971 | [Train Loss: 0.8988]
L000972 | [Train F1: 0.6040636296498809]
L000973 | [Train Acc: 0.610309674937488]
L000974 | [Dev Loss: 1.3904]
L000975 | [Dev F1: 0.4329422429119666]
L000976 | [Dev Acc: 0.4779050736497545]
L000977 | 
L000978-L000993 | [REDACTED: batch progress and internal diagnostics]
L000994 | [Epoch 37] [Time: 2.86]
L000995 | [Train Loss: 0.8986]
L000996 | [Train F1: 0.6121685615928609]
L000997 | [Train Acc: 0.6183881515676092]
L000998 | [Dev Loss: 1.3207]
L000999 | [Dev F1: 0.4138831203990034]
L001000 | [Dev Acc: 0.45171849427168576]
L001001 | 
L001002-L001017 | [REDACTED: batch progress and internal diagnostics]
L001018 | [Epoch 38] [Time: 2.71]
L001019 | [Train Loss: 0.9003]
L001020 | [Train F1: 0.6061900142254351]
L001021 | [Train Acc: 0.6106943643008271]
L001022 | [Dev Loss: 1.2798]
L001023 | [Dev F1: 0.40249248117892417]
L001024 | [Dev Acc: 0.46481178396072015]
L001025 | 
L001026-L001041 | [REDACTED: batch progress and internal diagnostics]
L001042 | [Epoch 39] [Time: 2.58]
L001043 | [Train Loss: 0.8869]
L001044 | [Train F1: 0.6053998354813716]
L001045 | [Train Acc: 0.6112713983458358]
L001046 | [Dev Loss: 1.3236]
L001047 | [Dev F1: 0.39847753923443346]
L001048 | [Dev Acc: 0.46481178396072015]
L001049 | 
L001050-L001065 | [REDACTED: batch progress and internal diagnostics]
L001066 | [Epoch 40] [Time: 2.75]
L001067 | [Train Loss: 0.8796]
L001068 | [Train F1: 0.614222562065097]
L001069 | [Train Acc: 0.619349874975957]
L001070 | [Dev Loss: 1.2981]
L001071 | [Dev F1: 0.4178268844698428]
L001072 | [Dev Acc: 0.44844517184942717]
L001073 | 
L001074-L001089 | [REDACTED: batch progress and internal diagnostics]
L001090 | [Epoch 41] [Time: 2.68]
L001091 | [Train Loss: 0.8781]
L001092 | [Train F1: 0.6064408428031043]
L001093 | [Train Acc: 0.6151182919792267]
L001094 | [Dev Loss: 1.3802]
L001095 | [Dev F1: 0.39562410165625406]
L001096 | [Dev Acc: 0.4451718494271686]
L001097 | 
L001098-L001113 | [REDACTED: batch progress and internal diagnostics]
L001114 | [Epoch 42] [Time: 2.60]
L001115 | [Train Loss: 0.8705]
L001116 | [Train F1: 0.6182173020925225]
L001117 | [Train Acc: 0.6212733217926524]
L001118 | [Dev Loss: 1.2798]
L001119 | [Dev F1: 0.4435832778276306]
L001120 | [Dev Acc: 0.46317512274959083]
L001121 | 
L001122-L001137 | [REDACTED: batch progress and internal diagnostics]
L001138 | [Epoch 43] [Time: 2.73]
L001139 | [Train Loss: 0.8723]
L001140 | [Train F1: 0.6114136866776123]
L001141 | [Train Acc: 0.6162723600692441]
L001142 | [Dev Loss: 1.3645]
L001143 | [Dev F1: 0.3687172210816035]
L001144 | [Dev Acc: 0.42225859247135844]
L001145 | 
L001146-L001161 | [REDACTED: batch progress and internal diagnostics]
L001162 | [Epoch 44] [Time: 2.70]
L001163 | [Train Loss: 0.8566]
L001164 | [Train F1: 0.6090622968324391]
L001165 | [Train Acc: 0.6143489132525486]
L001166 | [Dev Loss: 1.3022]
L001167 | [Dev F1: 0.4418100578762923]
L001168 | [Dev Acc: 0.4664484451718494]
L001169 | 
L001170-L001185 | [REDACTED: batch progress and internal diagnostics]
L001186 | [Epoch 45] [Time: 2.74]
L001187 | [Train Loss: 0.8632]
L001188 | [Train F1: 0.6134024498268922]
L001189 | [Train Acc: 0.6174264281592614]
L001190 | [Dev Loss: 1.3668]
L001191 | [Dev F1: 0.42188863875163446]
L001192 | [Dev Acc: 0.4582651391162029]
L001193 | 
L001194-L001209 | [REDACTED: batch progress and internal diagnostics]
L001210 | [Epoch 46] [Time: 2.67]
L001211 | [Train Loss: 0.8637]
L001212 | [Train F1: 0.6145444289745643]
L001213 | [Train Acc: 0.6206962877476437]
L001214 | [Dev Loss: 1.2672]
L001215 | [Dev F1: 0.41287323677743026]
L001216 | [Dev Acc: 0.45662847790507366]
L001217 | 
L001218-L001233 | [REDACTED: batch progress and internal diagnostics]
L001234 | [Epoch 47] [Time: 2.76]
L001235 | [Train Loss: 0.8652]
L001236 | [Train F1: 0.6075750794023795]
L001237 | [Train Acc: 0.6116560877091748]
L001238 | [Dev Loss: 1.2517]
L001239 | [Dev F1: 0.4320410719985722]
L001240 | [Dev Acc: 0.4795417348608838]
L001241 | 
L001242-L001257 | [REDACTED: batch progress and internal diagnostics]
L001258 | [Epoch 48] [Time: 2.70]
L001259 | [Train Loss: 0.8637]
L001260 | [Train F1: 0.6171686538639076]
L001261 | [Train Acc: 0.6243508366993653]
L001262 | [Dev Loss: 1.3836]
L001263 | [Dev F1: 0.4155887487528917]
L001264 | [Dev Acc: 0.45499181669394434]
L001265 | 
L001266-L001281 | [REDACTED: batch progress and internal diagnostics]
L001282 | [Epoch 49] [Time: 2.76]
L001283 | [Train Loss: 0.8516]
L001284 | [Train F1: 0.6154896191835851]
L001285 | [Train Acc: 0.619734564339296]
L001286 | [Dev Loss: 1.3044]
L001287 | [Dev F1: 0.43690885863594875]
L001288 | [Dev Acc: 0.46808510638297873]
L001289 | 
L001290-L001305 | [REDACTED: batch progress and internal diagnostics]
L001306 | [Epoch 50] [Time: 2.48]
L001307 | [Train Loss: 0.857]
L001308 | [Train F1: 0.6163672244146928]
L001309 | [Train Acc: 0.623581457972687]
L001310 | [Dev Loss: 1.314]
L001311 | [Dev F1: 0.3880542951654083]
L001312 | [Dev Acc: 0.46153846153846156]
L001313 | 
L001314-L001329 | [REDACTED: batch progress and internal diagnostics]
L001330 | [Epoch 51] [Time: 2.60]
L001331 | [Train Loss: 0.8546]
L001332 | [Train F1: 0.6244730207076131]
L001333 | [Train Acc: 0.6278130409694171]
L001334 | [Dev Loss: 1.3178]
L001335 | [Dev F1: 0.4171755249677008]
L001336 | [Dev Acc: 0.45499181669394434]
L001337 | 
L001338-L001353 | [REDACTED: batch progress and internal diagnostics]
L001354 | [Epoch 52] [Time: 2.76]
L001355 | [Train Loss: 0.8432]
L001356 | [Train F1: 0.6208299343286071]
L001357 | [Train Acc: 0.6239661473360262]
L001358 | [Dev Loss: 1.3257]
L001359 | [Dev F1: 0.4236750234269681]
L001360 | [Dev Acc: 0.46481178396072015]
L001361 | 
L001362-L001377 | [REDACTED: batch progress and internal diagnostics]
L001378 | [Epoch 53] [Time: 2.69]
L001379 | [Train Loss: 0.8429]
L001380 | [Train F1: 0.6264694577852554]
L001381 | [Train Acc: 0.6320446239661474]
L001382 | [Dev Loss: 1.3012]
L001383 | [Dev F1: 0.42537847149756214]
L001384 | [Dev Acc: 0.4582651391162029]
L001385 | 
L001386-L001401 | [REDACTED: batch progress and internal diagnostics]
L001402 | [Epoch 54] [Time: 2.69]
L001403 | [Train Loss: 0.8428]
L001404 | [Train F1: 0.6195003281289849]
L001405 | [Train Acc: 0.6228120792460089]
L001406 | [Dev Loss: 1.3397]
L001407 | [Dev F1: 0.41001380535236026]
L001408 | [Dev Acc: 0.4533551554828151]
L001409 | 
L001410-L001425 | [REDACTED: batch progress and internal diagnostics]
L001426 | [Epoch 55] [Time: 2.53]
L001427 | [Train Loss: 0.8506]
L001428 | [Train F1: 0.6251950593848171]
L001429 | [Train Acc: 0.6289671090594345]
L001430 | [Dev Loss: 1.2736]
L001431 | [Dev F1: 0.4054168643928205]
L001432 | [Dev Acc: 0.4500818330605565]
L001433 | 
L001434-L001449 | [REDACTED: batch progress and internal diagnostics]
L001450 | [Epoch 56] [Time: 2.74]
L001451 | [Train Loss: 0.827]
L001452 | [Train F1: 0.6326530407667248]
L001453 | [Train Acc: 0.6370455856895557]
L001454 | [Dev Loss: 1.2992]
L001455 | [Dev F1: 0.4053963677450591]
L001456 | [Dev Acc: 0.4500818330605565]
L001457 | 
L001458-L001473 | [REDACTED: batch progress and internal diagnostics]
L001474 | [Epoch 57] [Time: 2.58]
L001475 | [Train Loss: 0.8268]
L001476 | [Train F1: 0.6328850412777927]
L001477 | [Train Acc: 0.6380073090979035]
L001478 | [Dev Loss: 1.3746]
L001479 | [Dev F1: 0.4306288415495687]
L001480 | [Dev Acc: 0.45499181669394434]
L001481 | 
L001482-L001497 | [REDACTED: batch progress and internal diagnostics]
L001498 | [Epoch 58] [Time: 2.75]
L001499 | [Train Loss: 0.8331]
L001500 | [Train F1: 0.634389156777019]
L001501 | [Train Acc: 0.636083862281208]
L001502 | [Dev Loss: 1.3303]
L001503 | [Dev F1: 0.41373585900454257]
L001504 | [Dev Acc: 0.4288052373158756]
L001505 | 
L001506-L001521 | [REDACTED: batch progress and internal diagnostics]
L001522 | [Epoch 59] [Time: 2.76]
L001523 | [Train Loss: 0.841]
L001524 | [Train F1: 0.631491057315596]
L001525 | [Train Acc: 0.6339680707828429]
L001526 | [Dev Loss: 1.3309]
L001527 | [Dev F1: 0.4264636648889963]
L001528 | [Dev Acc: 0.45662847790507366]
L001529 | 
L001530-L001545 | [REDACTED: batch progress and internal diagnostics]
L001546 | [Epoch 60] [Time: 2.74]
L001547 | [Train Loss: 0.8443]
L001548 | [Train F1: 0.6216972620110978]
L001549 | [Train Acc: 0.623581457972687]
L001550 | [Dev Loss: 1.3183]
L001551 | [Dev F1: 0.4466507644106826]
L001552 | [Dev Acc: 0.4795417348608838]
L001553 | 
L001554-L001569 | [REDACTED: batch progress and internal diagnostics]
L001570 | [Epoch 61] [Time: 2.69]
L001571 | [Train Loss: 0.8201]
L001572 | [Train F1: 0.6293985443412153]
L001573 | [Train Acc: 0.6337757261011733]
L001574 | [Dev Loss: 1.3225]
L001575 | [Dev F1: 0.41155269819083523]
L001576 | [Dev Acc: 0.44680851063829785]
L001577 | 
L001578-L001593 | [REDACTED: batch progress and internal diagnostics]
L001594 | [Epoch 62] [Time: 2.68]
L001595 | [Train Loss: 0.8257]
L001596 | [Train F1: 0.6387298596669427]
L001597 | [Train Acc: 0.641661858049625]
L001598 | [Dev Loss: 1.2353]
L001599 | [Dev F1: 0.43545760540016504]
L001600 | [Dev Acc: 0.46481178396072015]
L001601 | 
L001602-L001617 | [REDACTED: batch progress and internal diagnostics]
L001618 | [Epoch 63] [Time: 2.77]
L001619 | [Train Loss: 0.815]
L001620 | [Train F1: 0.6349205811223859]
L001621 | [Train Acc: 0.6387766878245816]
L001622 | [Dev Loss: 1.3159]
L001623 | [Dev F1: 0.4397533524985991]
L001624 | [Dev Acc: 0.4746317512274959]
L001625 | 
L001626-L001641 | [REDACTED: batch progress and internal diagnostics]
L001642 | [Epoch 64] [Time: 2.69]
L001643 | [Train Loss: 0.8029]
L001644 | [Train F1: 0.6443018764345728]
L001645 | [Train Acc: 0.6487786112713984]
L001646 | [Dev Loss: 1.336]
L001647 | [Dev F1: 0.44547005986203]
L001648 | [Dev Acc: 0.4746317512274959]
L001649 | 
L001650-L001665 | [REDACTED: batch progress and internal diagnostics]
L001666 | [Epoch 65] [Time: 2.50]
L001667 | [Train Loss: 0.8089]
L001668 | [Train F1: 0.6374190683260809]
L001669 | [Train Acc: 0.6401231005962685]
L001670 | [Dev Loss: 1.2726]
L001671 | [Dev F1: 0.4300971162174805]
L001672 | [Dev Acc: 0.469721767594108]
L001673 | 
L001674-L001689 | [REDACTED: batch progress and internal diagnostics]
L001690 | [Epoch 66] [Time: 2.67]
L001691 | [Train Loss: 0.8046]
L001692 | [Train F1: 0.6405106797870743]
L001693 | [Train Acc: 0.645893441046355]
L001694 | [Dev Loss: 1.3428]
L001695 | [Dev F1: 0.4395333522496949]
L001696 | [Dev Acc: 0.47299509001636664]
L001697 | 
L001698-L001713 | [REDACTED: batch progress and internal diagnostics]
L001714 | [Epoch 67] [Time: 2.67]
L001715 | [Train Loss: 0.7939]
L001716 | [Train F1: 0.6460991396385509]
L001717 | [Train Acc: 0.6482015772263897]
L001718 | [Dev Loss: 1.3509]
L001719 | [Dev F1: 0.423663954729207]
L001720 | [Dev Acc: 0.4500818330605565]
L001721 | 
L001722-L001737 | [REDACTED: batch progress and internal diagnostics]
L001738 | [Epoch 68] [Time: 2.63]
L001739 | [Train Loss: 0.7995]
L001740 | [Train F1: 0.6482311154109381]
L001741 | [Train Acc: 0.6508944027697634]
L001742 | [Dev Loss: 1.3075]
L001743 | [Dev F1: 0.4399666144652137]
L001744 | [Dev Acc: 0.47299509001636664]
L001745 | 
L001746-L001761 | [REDACTED: batch progress and internal diagnostics]
L001762 | [Epoch 69] [Time: 2.71]
L001763 | [Train Loss: 0.7951]
L001764 | [Train F1: 0.642691559325045]
L001765 | [Train Acc: 0.645893441046355]
L001766 | [Dev Loss: 1.3123]
L001767 | [Dev F1: 0.4372095473840944]
L001768 | [Dev Acc: 0.4713584288052373]
L001769 | 
L001770-L001785 | [REDACTED: batch progress and internal diagnostics]
L001786 | [Epoch 70] [Time: 2.89]
L001787 | [Train Loss: 0.7954]
L001788 | [Train F1: 0.6377558425611448]
L001789 | [Train Acc: 0.641661858049625]
L001790 | [Dev Loss: 1.3491]
L001791 | [Dev F1: 0.4307901881217755]
L001792 | [Dev Acc: 0.45990180032733224]
L001793 | 
L001794-L001809 | [REDACTED: batch progress and internal diagnostics]
L001810 | [Epoch 71] [Time: 2.78]
L001811 | [Train Loss: 0.809]
L001812 | [Train F1: 0.641241420409282]
L001813 | [Train Acc: 0.6451240623196769]
L001814 | [Dev Loss: 1.3697]
L001815 | [Dev F1: 0.43675272871721094]
L001816 | [Dev Acc: 0.46808510638297873]
L001817 | 
L001818-L001833 | [REDACTED: batch progress and internal diagnostics]
L001834 | [Epoch 72] [Time: 2.61]
L001835 | [Train Loss: 0.7858]
L001836 | [Train F1: 0.6496265349303009]
L001837 | [Train Acc: 0.6507020580880939]
L001838 | [Dev Loss: 1.3122]
L001839 | [Dev F1: 0.42755379845109653]
L001840 | [Dev Acc: 0.46808510638297873]
L001841 | 
L001842-L001857 | [REDACTED: batch progress and internal diagnostics]
L001858 | [Epoch 73] [Time: 2.64]
L001859 | [Train Loss: 0.796]
L001860 | [Train F1: 0.6377861263165514]
L001861 | [Train Acc: 0.6449317176380073]
L001862 | [Dev Loss: 1.3772]
L001863 | [Dev F1: 0.43933806449718926]
L001864 | [Dev Acc: 0.4664484451718494]
L001865 | 
L001866-L001881 | [REDACTED: batch progress and internal diagnostics]
L001882 | [Epoch 74] [Time: 2.76]
L001883 | [Train Loss: 0.7973]
L001884 | [Train F1: 0.6432350985989632]
L001885 | [Train Acc: 0.6435853048663205]
L001886 | [Dev Loss: 1.2915]
L001887 | [Dev F1: 0.43809489951118197]
L001888 | [Dev Acc: 0.4795417348608838]
L001889 | 
L001890-L001905 | [REDACTED: batch progress and internal diagnostics]
L001906 | [Epoch 75] [Time: 2.76]
L001907 | [Train Loss: 0.7912]
L001908 | [Train F1: 0.646173218584144]
L001909 | [Train Acc: 0.6503173687247548]
L001910 | [Dev Loss: 1.3752]
L001911 | [Dev F1: 0.43125555920272973]
L001912 | [Dev Acc: 0.4582651391162029]
L001913 | 
L001914-L001929 | [REDACTED: batch progress and internal diagnostics]
L001930 | [Epoch 76] [Time: 2.81]
L001931 | [Train Loss: 0.7861]
L001932 | [Train F1: 0.6557716366021207]
L001933 | [Train Acc: 0.6580111559915368]
L001934 | [Dev Loss: 1.2598]
L001935 | [Dev F1: 0.435623206584562]
L001936 | [Dev Acc: 0.4664484451718494]
L001937 | 
L001938-L001953 | [REDACTED: batch progress and internal diagnostics]
L001954 | [Epoch 77] [Time: 2.67]
L001955 | [Train Loss: 0.7935]
L001956 | [Train F1: 0.6476579142877471]
L001957 | [Train Acc: 0.6516637814964417]
L001958 | [Dev Loss: 1.3183]
L001959 | [Dev F1: 0.4309036864035232]
L001960 | [Dev Acc: 0.46808510638297873]
L001961 | 
L001962-L001977 | [REDACTED: batch progress and internal diagnostics]
L001978 | [Epoch 78] [Time: 2.75]
L001979 | [Train Loss: 0.7936]
L001980 | [Train F1: 0.6468393448050803]
L001981 | [Train Acc: 0.6480092325447201]
L001982 | [Dev Loss: 1.3033]
L001983 | [Dev F1: 0.44519511770091563]
L001984 | [Dev Acc: 0.47299509001636664]
L001985 | 
L001986-L002001 | [REDACTED: batch progress and internal diagnostics]
L002002 | [Epoch 79] [Time: 2.83]
L002003 | [Train Loss: 0.7916]
L002004 | [Train F1: 0.64209832806677]
L002005 | [Train Acc: 0.6480092325447201]
L002006 | [Dev Loss: 1.3032]
L002007 | [Dev F1: 0.443665478302099]
L002008 | [Dev Acc: 0.4713584288052373]
L002009 | 
L002010-L002025 | [REDACTED: batch progress and internal diagnostics]
L002026 | [Epoch 80] [Time: 2.56]
L002027 | [Train Loss: 0.7811]
L002028 | [Train F1: 0.646095659285868]
L002029 | [Train Acc: 0.6478168878630506]
L002030 | [Dev Loss: 1.2541]
L002031 | [Dev F1: 0.45165447748781434]
L002032 | [Dev Acc: 0.4779050736497545]
L002033 | 
L002034-L002049 | [REDACTED: batch progress and internal diagnostics]
L002050 | [Epoch 81] [Time: 2.68]
L002051 | [Train Loss: 0.7773]
L002052 | [Train F1: 0.6486191277814684]
L002053 | [Train Acc: 0.651471436814772]
L002054 | [Dev Loss: 1.3309]
L002055 | [Dev F1: 0.4189177588144298]
L002056 | [Dev Acc: 0.4582651391162029]
L002057 | 
L002058-L002073 | [REDACTED: batch progress and internal diagnostics]
L002074 | [Epoch 82] [Time: 2.84]
L002075 | [Train Loss: 0.7706]
L002076 | [Train F1: 0.6521049998785142]
L002077 | [Train Acc: 0.6545489517214849]
L002078 | [Dev Loss: 1.3211]
L002079 | [Dev F1: 0.4372761637351505]
L002080 | [Dev Acc: 0.4746317512274959]
L002081 | 
L002082-L002097 | [REDACTED: batch progress and internal diagnostics]
L002098 | [Epoch 83] [Time: 2.79]
L002099 | [Train Loss: 0.765]
L002100 | [Train F1: 0.6538642163496632]
L002101 | [Train Acc: 0.6589728793998846]
L002102 | [Dev Loss: 1.2965]
L002103 | [Dev F1: 0.4350051200788781]
L002104 | [Dev Acc: 0.4664484451718494]
L002105 | 
L002106-L002121 | [REDACTED: batch progress and internal diagnostics]
L002122 | [Epoch 84] [Time: 2.86]
L002123 | [Train Loss: 0.7604]
L002124 | [Train F1: 0.6493800430643861]
L002125 | [Train Acc: 0.6507020580880939]
L002126 | [Dev Loss: 1.3037]
L002127 | [Dev F1: 0.42926762216062136]
L002128 | [Dev Acc: 0.4664484451718494]
L002129 | 
L002130-L002145 | [REDACTED: batch progress and internal diagnostics]
L002146 | [Epoch 85] [Time: 2.67]
L002147 | [Train Loss: 0.7684]
L002148 | [Train F1: 0.6445143392670138]
L002149 | [Train Acc: 0.6501250240430853]
L002150 | [Dev Loss: 1.2881]
L002151 | [Dev F1: 0.44213486868446283]
L002152 | [Dev Acc: 0.4746317512274959]
L002153 | 
L002154-L002169 | [REDACTED: batch progress and internal diagnostics]
L002170 | [Epoch 86] [Time: 2.74]
L002171 | [Train Loss: 0.7611]
L002172 | [Train F1: 0.649833178701346]
L002173 | [Train Acc: 0.6533948836314676]
L002174 | [Dev Loss: 1.3141]
L002175 | [Dev F1: 0.4338257193617653]
L002176 | [Dev Acc: 0.4762684124386252]
L002177 | 
L002178-L002193 | [REDACTED: batch progress and internal diagnostics]
L002194 | [Epoch 87] [Time: 2.75]
L002195 | [Train Loss: 0.7605]
L002196 | [Train F1: 0.652710491892734]
L002197 | [Train Acc: 0.6545489517214849]
L002198 | [Dev Loss: 1.3021]
L002199 | [Dev F1: 0.4389339895972969]
L002200 | [Dev Acc: 0.4713584288052373]
L002201 | 
L002202-L002217 | [REDACTED: batch progress and internal diagnostics]
L002218 | [Epoch 88] [Time: 2.65]
L002219 | [Train Loss: 0.765]
L002220 | [Train F1: 0.645776434721298]
L002221 | [Train Acc: 0.6495479899980765]
L002222 | [Dev Loss: 1.3235]
L002223 | [Dev F1: 0.4390263379360734]
L002224 | [Dev Acc: 0.47299509001636664]
L002225 | 
L002226-L002241 | [REDACTED: batch progress and internal diagnostics]
L002242 | [Epoch 89] [Time: 2.66]
L002243 | [Train Loss: 0.7656]
L002244 | [Train F1: 0.6551457710853748]
L002245 | [Train Acc: 0.6593575687632237]
L002246 | [Dev Loss: 1.3121]
L002247 | [Dev F1: 0.44613850525377224]
L002248 | [Dev Acc: 0.4746317512274959]
L002249 | 
L002250-L002265 | [REDACTED: batch progress and internal diagnostics]
L002266 | [Epoch 90] [Time: 2.56]
L002267 | [Train Loss: 0.7668]
L002268 | [Train F1: 0.6515195266643736]
L002269 | [Train Acc: 0.6545489517214849]
L002270 | [Dev Loss: 1.2999]
L002271 | [Dev F1: 0.44880242070884363]
L002272 | [Dev Acc: 0.4779050736497545]
L002273 | 
L002274-L002289 | [REDACTED: batch progress and internal diagnostics]
L002290 | [Epoch 91] [Time: 2.63]
L002291 | [Train Loss: 0.7565]
L002292 | [Train F1: 0.6528735320911496]
L002293 | [Train Acc: 0.6558953644931718]
L002294 | [Dev Loss: 1.3386]
L002295 | [Dev F1: 0.43969321851598075]
L002296 | [Dev Acc: 0.47299509001636664]
L002297 | 
L002298-L002313 | [REDACTED: batch progress and internal diagnostics]
L002314 | [Epoch 92] [Time: 2.71]
L002315 | [Train Loss: 0.7519]
L002316 | [Train F1: 0.6602597300735891]
L002317 | [Train Acc: 0.662242738988267]
L002318 | [Dev Loss: 1.294]
L002319 | [Dev F1: 0.4535853483613072]
L002320 | [Dev Acc: 0.4844517184942717]
L002321 | 
L002322-L002337 | [REDACTED: batch progress and internal diagnostics]
L002338 | [Epoch 93] [Time: 2.57]
L002339 | [Train Loss: 0.7541]
L002340 | [Train F1: 0.6502345441880005]
L002341 | [Train Acc: 0.6541642623581458]
L002342 | [Dev Loss: 1.3509]
L002343 | [Dev F1: 0.44451169542381574]
L002344 | [Dev Acc: 0.4746317512274959]
L002345 | 
L002346-L002361 | [REDACTED: batch progress and internal diagnostics]
L002362 | [Epoch 94] [Time: 2.69]
L002363 | [Train Loss: 0.7609]
L002364 | [Train F1: 0.6545240240895445]
L002365 | [Train Acc: 0.6568570879015195]
L002366 | [Dev Loss: 1.3395]
L002367 | [Dev F1: 0.44877379339979834]
L002368 | [Dev Acc: 0.4828150572831424]
L002369 | 
L002370-L002385 | [REDACTED: batch progress and internal diagnostics]
L002386 | [Epoch 95] [Time: 2.72]
L002387 | [Train Loss: 0.7717]
L002388 | [Train F1: 0.6527047747367721]
L002389 | [Train Acc: 0.6551259857664935]
L002390 | [Dev Loss: 1.2528]
L002391 | [Dev F1: 0.43378915964748604]
L002392 | [Dev Acc: 0.4664484451718494]
L002393 | 
L002394-L002409 | [REDACTED: batch progress and internal diagnostics]
L002410 | [Epoch 96] [Time: 2.69]
L002411 | [Train Loss: 0.7617]
L002412 | [Train F1: 0.6634901757707949]
L002413 | [Train Acc: 0.6649355645316407]
L002414 | [Dev Loss: 1.3838]
L002415 | [Dev F1: 0.44459110192416235]
L002416 | [Dev Acc: 0.4779050736497545]
L002417 | 
L002418-L002433 | [REDACTED: batch progress and internal diagnostics]
L002434 | [Epoch 97] [Time: 2.67]
L002435 | [Train Loss: 0.7758]
L002436 | [Train F1: 0.6506414702423933]
L002437 | [Train Acc: 0.6558953644931718]
L002438 | [Dev Loss: 1.3287]
L002439 | [Dev F1: 0.4300733978683016]
L002440 | [Dev Acc: 0.46481178396072015]
L002441 | 
L002442-L002457 | [REDACTED: batch progress and internal diagnostics]
L002458 | [Epoch 98] [Time: 2.50]
L002459 | [Train Loss: 0.7508]
L002460 | [Train F1: 0.6552077451025056]
L002461 | [Train Acc: 0.6583958453548759]
L002462 | [Dev Loss: 1.2702]
L002463 | [Dev F1: 0.4463190934543965]
L002464 | [Dev Acc: 0.4844517184942717]
L002465 | 
L002466-L002481 | [REDACTED: batch progress and internal diagnostics]
L002482 | [Epoch 99] [Time: 2.65]
L002483 | [Train Loss: 0.7598]
L002484 | [Train F1: 0.6576461938859349]
L002485 | [Train Acc: 0.6624350836699365]
L002486 | [Dev Loss: 1.4576]
L002487 | [Dev F1: 0.44052585714548753]
L002488 | [Dev Acc: 0.46481178396072015]
L002489 | 
L002490-L002505 | [REDACTED: batch progress and internal diagnostics]
L002506 | [Epoch 100] [Time: 2.79]
L002507 | [Train Loss: 0.7689]
L002508 | [Train F1: 0.6543070940123971]
L002509 | [Train Acc: 0.6558953644931718]
L002510 | [Dev Loss: 1.2936]
L002511 | [Dev F1: 0.4271339699405277]
L002512 | [Dev Acc: 0.4713584288052373]
L002513 | 
L002514-L002529 | [REDACTED: batch progress and internal diagnostics]
L002530 | [Epoch 101] [Time: 2.49]
L002531 | [Train Loss: 0.7507]
L002532 | [Train F1: 0.6581178440993255]
L002533 | [Train Acc: 0.6616657049432583]
L002534 | [Dev Loss: 1.3728]
L002535 | [Dev F1: 0.44733288098412843]
L002536 | [Dev Acc: 0.4795417348608838]
L002537 | 
L002538-L002553 | [REDACTED: batch progress and internal diagnostics]
L002554 | [Epoch 102] [Time: 2.50]
L002555 | [Train Loss: 0.7491]
L002556 | [Train F1: 0.6619607810039239]
L002557 | [Train Acc: 0.6633968070782843]
L002558 | [Dev Loss: 1.2636]
L002559 | [Dev F1: 0.4491724941443542]
L002560 | [Dev Acc: 0.469721767594108]
L002561 | 
L002562-L002577 | [REDACTED: batch progress and internal diagnostics]
L002578 | [Epoch 103] [Time: 2.70]
L002579 | [Train Loss: 0.7404]
L002580 | [Train F1: 0.6585603328366897]
L002581 | [Train Acc: 0.6630121177149452]
L002582 | [Dev Loss: 1.3255]
L002583 | [Dev F1: 0.44824777550705247]
L002584 | [Dev Acc: 0.4762684124386252]
L002585 | 
L002586-L002601 | [REDACTED: batch progress and internal diagnostics]
L002602 | [Epoch 104] [Time: 2.65]
L002603 | [Train Loss: 0.7517]
L002604 | [Train F1: 0.65976592584865]
L002605 | [Train Acc: 0.6616657049432583]
L002606 | [Dev Loss: 1.3196]
L002607 | [Dev F1: 0.4345899662879242]
L002608 | [Dev Acc: 0.4746317512274959]
L002609 | 
L002610-L002625 | [REDACTED: batch progress and internal diagnostics]
L002626 | [Epoch 105] [Time: 2.55]
L002627 | [Train Loss: 0.7456]
L002628 | [Train F1: 0.662671221382796]
L002629 | [Train Acc: 0.6672437007116753]
L002630 | [Dev Loss: 1.3609]
L002631 | [Dev F1: 0.4334641309648749]
L002632 | [Dev Acc: 0.4664484451718494]
L002633 | 
L002634-L002649 | [REDACTED: batch progress and internal diagnostics]
L002650 | [Epoch 106] [Time: 2.70]
L002651 | [Train Loss: 0.7498]
L002652 | [Train F1: 0.6575105176009023]
L002653 | [Train Acc: 0.6603192921715715]
L002654 | [Dev Loss: 1.3421]
L002655 | [Dev F1: 0.4398959840379156]
L002656 | [Dev Acc: 0.4779050736497545]
L002657 | 
L002658-L002673 | [REDACTED: batch progress and internal diagnostics]
L002674 | [Epoch 107] [Time: 2.49]
L002675 | [Train Loss: 0.7487]
L002676 | [Train F1: 0.659592030373991]
L002677 | [Train Acc: 0.6639738411232929]
L002678 | [Dev Loss: 1.2819]
L002679 | [Dev F1: 0.44517091727310454]
L002680 | [Dev Acc: 0.4746317512274959]
L002681 | 
L002682-L002697 | [REDACTED: batch progress and internal diagnostics]
L002698 | [Epoch 108] [Time: 2.51]
L002699 | [Train Loss: 0.739]
L002700 | [Train F1: 0.6624994421838202]
L002701 | [Train Acc: 0.6632044623966147]
L002702 | [Dev Loss: 1.3147]
L002703 | [Dev F1: 0.43956008333008384]
L002704 | [Dev Acc: 0.4664484451718494]
L002705 | 
L002706-L002721 | [REDACTED: batch progress and internal diagnostics]
L002722 | [Epoch 109] [Time: 2.53]
L002723 | [Train Loss: 0.7454]
L002724 | [Train F1: 0.6668351885788808]
L002725 | [Train Acc: 0.6695518368917099]
L002726 | [Dev Loss: 1.2977]
L002727 | [Dev F1: 0.42609305523254754]
L002728 | [Dev Acc: 0.45990180032733224]
L002729 | 
L002730-L002745 | [REDACTED: batch progress and internal diagnostics]
L002746 | [Epoch 110] [Time: 2.56]
L002747 | [Train Loss: 0.7573]
L002748 | [Train F1: 0.6566584206654724]
L002749 | [Train Acc: 0.6612810155799193]
L002750 | [Dev Loss: 1.3127]
L002751 | [Dev F1: 0.4446726157186869]
L002752 | [Dev Acc: 0.4795417348608838]
L002753 | 
L002754-L002769 | [REDACTED: batch progress and internal diagnostics]
L002770 | [Epoch 111] [Time: 2.64]
L002771 | [Train Loss: 0.7461]
L002772 | [Train F1: 0.6616896864018713]
L002773 | [Train Acc: 0.6653202538949798]
L002774 | [Dev Loss: 1.3128]
L002775 | [Dev F1: 0.4482224486337858]
L002776 | [Dev Acc: 0.4795417348608838]
L002777 | 
L002778-L002793 | [REDACTED: batch progress and internal diagnostics]
L002794 | [Epoch 112] [Time: 2.39]
L002795 | [Train Loss: 0.7375]
L002796 | [Train F1: 0.668051807380126]
L002797 | [Train Acc: 0.6699365262550491]
L002798 | [Dev Loss: 1.2618]
L002799 | [Dev F1: 0.4295078986831804]
L002800 | [Dev Acc: 0.4762684124386252]
L002801 | 
L002802-L002817 | [REDACTED: batch progress and internal diagnostics]
L002818 | [Epoch 113] [Time: 2.69]
L002819 | [Train Loss: 0.7302]
L002820 | [Train F1: 0.6679732407594846]
L002821 | [Train Acc: 0.673398730525101]
L002822 | [Dev Loss: 1.2815]
L002823 | [Dev F1: 0.4579070269372149]
L002824 | [Dev Acc: 0.48936170212765956]
L002825 | 
L002826-L002841 | [REDACTED: batch progress and internal diagnostics]
L002842 | [Epoch 114] [Time: 2.62]
L002843 | [Train Loss: 0.7234]
L002844 | [Train F1: 0.6703982500901505]
L002845 | [Train Acc: 0.6720523177534141]
L002846 | [Dev Loss: 1.2825]
L002847 | [Dev F1: 0.4481785592182983]
L002848 | [Dev Acc: 0.4779050736497545]
L002849 | 
L002850-L002865 | [REDACTED: batch progress and internal diagnostics]
L002866 | [Epoch 115] [Time: 2.65]
L002867 | [Train Loss: 0.7245]
L002868 | [Train F1: 0.6665276412513028]
L002869 | [Train Acc: 0.6697441815733794]
L002870 | [Dev Loss: 1.3193]
L002871 | [Dev F1: 0.4498018435792644]
L002872 | [Dev Acc: 0.4795417348608838]
L002873 | 
L002874-L002889 | [REDACTED: batch progress and internal diagnostics]
L002890 | [Epoch 116] [Time: 2.54]
L002891 | [Train Loss: 0.7267]
L002892 | [Train F1: 0.6664060752627409]
L002893 | [Train Acc: 0.668205424120023]
L002894 | [Dev Loss: 1.3601]
L002895 | [Dev F1: 0.4489620587754137]
L002896 | [Dev Acc: 0.4779050736497545]
L002897 | 
L002898-L002913 | [REDACTED: batch progress and internal diagnostics]
L002914 | [Epoch 117] [Time: 2.53]
L002915 | [Train Loss: 0.7169]
L002916 | [Train F1: 0.671834040136118]
L002917 | [Train Acc: 0.676860934795153]
L002918 | [Dev Loss: 1.3314]
L002919 | [Dev F1: 0.45251832418869736]
L002920 | [Dev Acc: 0.486088379705401]
L002921 | 
L002922-L002937 | [REDACTED: batch progress and internal diagnostics]
L002938 | [Epoch 118] [Time: 2.77]
L002939 | [Train Loss: 0.712]
L002940 | [Train F1: 0.6786619031538169]
L002941 | [Train Acc: 0.6807078284285439]
L002942 | [Dev Loss: 1.3199]
L002943 | [Dev F1: 0.4469295743975273]
L002944 | [Dev Acc: 0.4828150572831424]
L002945 | 
L002946-L002961 | [REDACTED: batch progress and internal diagnostics]
L002962 | [Epoch 119] [Time: 2.74]
L002963 | [Train Loss: 0.7111]
L002964 | [Train F1: 0.6704535172937445]
L002965 | [Train Acc: 0.6739757645701097]
L002966 | [Dev Loss: 1.323]
L002967 | [Dev F1: 0.45951513678141126]
L002968 | [Dev Acc: 0.48936170212765956]
L002969 | 
L002970-L002985 | [REDACTED: batch progress and internal diagnostics]
L002986 | [Epoch 120] [Time: 2.58]
L002987 | [Train Loss: 0.7139]
L002988 | [Train F1: 0.6712278334974457]
L002989 | [Train Acc: 0.6722446624350836]
L002990 | [Dev Loss: 1.344]
L002991 | [Dev F1: 0.468799193052987]
L002992 | [Dev Acc: 0.49754500818330605]
L002993 | 
L002994-L003009 | [REDACTED: batch progress and internal diagnostics]
L003010 | [Epoch 121] [Time: 2.74]
L003011 | [Train Loss: 0.7121]
L003012 | [Train F1: 0.6732637431297706]
L003013 | [Train Acc: 0.6753221773417964]
L003014 | [Dev Loss: 1.3773]
L003015 | [Dev F1: 0.44974644130965613]
L003016 | [Dev Acc: 0.4877250409165303]
L003017 | 
L003018-L003033 | [REDACTED: batch progress and internal diagnostics]
L003034 | [Epoch 122] [Time: 2.62]
L003035 | [Train Loss: 0.7122]
L003036 | [Train F1: 0.6757038600930896]
L003037 | [Train Acc: 0.6778226582035006]
L003038 | [Dev Loss: 1.2977]
L003039 | [Dev F1: 0.4572501736682056]
L003040 | [Dev Acc: 0.4877250409165303]
L003041 | 
L003042-L003057 | [REDACTED: batch progress and internal diagnostics]
L003058 | [Epoch 123] [Time: 2.61]
L003059 | [Train Loss: 0.7176]
L003060 | [Train F1: 0.6718705708066847]
L003061 | [Train Acc: 0.673398730525101]
L003062 | [Dev Loss: 1.4133]
L003063 | [Dev F1: 0.42216063953596017]
L003064 | [Dev Acc: 0.44680851063829785]
L003065 | 
L003066-L003081 | [REDACTED: batch progress and internal diagnostics]
L003082 | [Epoch 124] [Time: 2.70]
L003083 | [Train Loss: 0.7092]
L003084 | [Train F1: 0.6747593399970111]
L003085 | [Train Acc: 0.676860934795153]
L003086 | [Dev Loss: 1.2925]
L003087 | [Dev F1: 0.4512101879323101]
L003088 | [Dev Acc: 0.4795417348608838]
L003089 | 
L003090-L003105 | [REDACTED: batch progress and internal diagnostics]
L003106 | [Epoch 125] [Time: 2.63]
L003107 | [Train Loss: 0.7054]
L003108 | [Train F1: 0.6807401723319024]
L003109 | [Train Acc: 0.6837853433352568]
L003110 | [Dev Loss: 1.3714]
L003111 | [Dev F1: 0.4391601534860244]
L003112 | [Dev Acc: 0.4779050736497545]
L003113 | 
L003114-L003129 | [REDACTED: batch progress and internal diagnostics]
L003130 | [Epoch 126] [Time: 2.48]
L003131 | [Train Loss: 0.6986]
L003132 | [Train F1: 0.6812961135506147]
L003133 | [Train Acc: 0.684939411425274]
L003134 | [Dev Loss: 1.3536]
L003135 | [Dev F1: 0.44585322345312817]
L003136 | [Dev Acc: 0.4779050736497545]
L003137 | 
L003138-L003153 | [REDACTED: batch progress and internal diagnostics]
L003154 | [Epoch 127] [Time: 2.60]
L003155 | [Train Loss: 0.6844]
L003156 | [Train F1: 0.686581320517727]
L003157 | [Train Acc: 0.6878245816503173]
L003158 | [Dev Loss: 1.358]
L003159 | [Dev F1: 0.45037898935624376]
L003160 | [Dev Acc: 0.4795417348608838]
L003161 | 
L003162-L003177 | [REDACTED: batch progress and internal diagnostics]
L003178 | [Epoch 128] [Time: 2.67]
L003179 | [Train Loss: 0.6874]
L003180 | [Train F1: 0.6871454708099337]
L003181 | [Train Acc: 0.6891709944220042]
L003182 | [Dev Loss: 1.3976]
L003183 | [Dev F1: 0.44217104379912575]
L003184 | [Dev Acc: 0.4779050736497545]
L003185 | 
L003186-L003201 | [REDACTED: batch progress and internal diagnostics]
L003202 | [Epoch 129] [Time: 2.65]
L003203 | [Train Loss: 0.6885]
L003204 | [Train F1: 0.6833035812581173]
L003205 | [Train Acc: 0.6857087901519523]
L003206 | [Dev Loss: 1.3464]
L003207 | [Dev F1: 0.45036630781204595]
L003208 | [Dev Acc: 0.4795417348608838]
L003209 | 
L003210-L003225 | [REDACTED: batch progress and internal diagnostics]
L003226 | [Epoch 130] [Time: 2.67]
L003227 | [Train Loss: 0.6962]
L003228 | [Train F1: 0.683944224551696]
L003229 | [Train Acc: 0.6857087901519523]
L003230 | [Dev Loss: 1.3999]
L003231 | [Dev F1: 0.43413799904898676]
L003232 | [Dev Acc: 0.46808510638297873]
L003233 | 
L003234-L003249 | [REDACTED: batch progress and internal diagnostics]
L003250 | [Epoch 131] [Time: 2.60]
L003251 | [Train Loss: 0.6932]
L003252 | [Train F1: 0.6861068945377534]
L003253 | [Train Acc: 0.6899403731486824]
L003254 | [Dev Loss: 1.3863]
L003255 | [Dev F1: 0.4555148981775014]
L003256 | [Dev Acc: 0.48936170212765956]
L003257 | 
L003258-L003273 | [REDACTED: batch progress and internal diagnostics]
L003274 | [Epoch 132] [Time: 2.57]
L003275 | [Train Loss: 0.7055]
L003276 | [Train F1: 0.67905680519385]
L003277 | [Train Acc: 0.6812848624735526]
L003278 | [Dev Loss: 1.3731]
L003279 | [Dev F1: 0.4550555620615959]
L003280 | [Dev Acc: 0.48117839607201307]
L003281 | 
L003282-L003297 | [REDACTED: batch progress and internal diagnostics]
L003298 | [Epoch 133] [Time: 2.65]
L003299 | [Train Loss: 0.7015]
L003300 | [Train F1: 0.6830730111619402]
L003301 | [Train Acc: 0.684554722061935]
L003302 | [Dev Loss: 1.3889]
L003303 | [Dev F1: 0.43646406969483437]
L003304 | [Dev Acc: 0.46481178396072015]
L003305 | 
L003306-L003321 | [REDACTED: batch progress and internal diagnostics]
L003322 | [Epoch 134] [Time: 2.62]
L003323 | [Train Loss: 0.6945]
L003324 | [Train F1: 0.6845955011341692]
L003325 | [Train Acc: 0.6853241007886132]
L003326 | [Dev Loss: 1.3562]
L003327 | [Dev F1: 0.46166561633962744]
L003328 | [Dev Acc: 0.4877250409165303]
L003329 | 
L003330-L003345 | [REDACTED: batch progress and internal diagnostics]
L003346 | [Epoch 135] [Time: 2.59]
L003347 | [Train Loss: 0.6998]
L003348 | [Train F1: 0.6858355179715403]
L003349 | [Train Acc: 0.6891709944220042]
L003350 | [Dev Loss: 1.3967]
L003351 | [Dev F1: 0.431653944334488]
L003352 | [Dev Acc: 0.4500818330605565]
L003353 | 
L003354-L003369 | [REDACTED: batch progress and internal diagnostics]
L003370 | [Epoch 136] [Time: 2.69]
L003371 | [Train Loss: 0.7037]
L003372 | [Train F1: 0.6777979823003965]
L003373 | [Train Acc: 0.678976726293518]
L003374 | [Dev Loss: 1.3581]
L003375 | [Dev F1: 0.44153777730431465]
L003376 | [Dev Acc: 0.4746317512274959]
L003377 | 
L003378-L003393 | [REDACTED: batch progress and internal diagnostics]
L003394 | [Epoch 137] [Time: 2.52]
L003395 | [Train Loss: 0.6942]
L003396 | [Train F1: 0.6838043456030386]
L003397 | [Train Acc: 0.6857087901519523]
L003398 | [Dev Loss: 1.3697]
L003399 | [Dev F1: 0.4606190057607459]
L003400 | [Dev Acc: 0.486088379705401]
L003401 | 
L003402-L003417 | [REDACTED: batch progress and internal diagnostics]
L003418 | [Epoch 138] [Time: 2.62]
L003419 | [Train Loss: 0.6861]
L003420 | [Train F1: 0.6837830756396185]
L003421 | [Train Acc: 0.6870552029236392]
L003422 | [Dev Loss: 1.3305]
L003423 | [Dev F1: 0.45307028106061037]
L003424 | [Dev Acc: 0.4828150572831424]
L003425 | 
L003426-L003441 | [REDACTED: batch progress and internal diagnostics]
L003442 | [Epoch 139] [Time: 2.71]
L003443 | [Train Loss: 0.6862]
L003444 | [Train F1: 0.6869758856952431]
L003445 | [Train Acc: 0.6876322369686478]
L003446 | [Dev Loss: 1.3721]
L003447 | [Dev F1: 0.4409709319876586]
L003448 | [Dev Acc: 0.4779050736497545]
L003449 | 
L003450-L003465 | [REDACTED: batch progress and internal diagnostics]
L003466 | [Epoch 140] [Time: 2.50]
L003467 | [Train Loss: 0.6881]
L003468 | [Train F1: 0.6877378346125523]
L003469 | [Train Acc: 0.6907097518753607]
L003470 | [Dev Loss: 1.3397]
L003471 | [Dev F1: 0.4406122456995979]
L003472 | [Dev Acc: 0.4664484451718494]
L003473 | 
L003474-L003489 | [REDACTED: batch progress and internal diagnostics]
L003490 | [Epoch 141] [Time: 2.68]
L003491 | [Train Loss: 0.6885]
L003492 | [Train F1: 0.6857581079368316]
L003493 | [Train Acc: 0.6876322369686478]
L003494 | [Dev Loss: 1.3872]
L003495 | [Dev F1: 0.4576162488187102]
L003496 | [Dev Acc: 0.4828150572831424]
L003497 | 
L003498-L003513 | [REDACTED: batch progress and internal diagnostics]
L003514 | [Epoch 142] [Time: 2.60]
L003515 | [Train Loss: 0.6879]
L003516 | [Train F1: 0.6815426573242943]
L003517 | [Train Acc: 0.6830159646085786]
L003518 | [Dev Loss: 1.4181]
L003519 | [Dev F1: 0.42126906654750756]
L003520 | [Dev Acc: 0.4402618657937807]
L003521 | 
L003522-L003537 | [REDACTED: batch progress and internal diagnostics]
L003538 | [Epoch 143] [Time: 2.62]
L003539 | [Train Loss: 0.6943]
L003540 | [Train F1: 0.6791646800421367]
L003541 | [Train Acc: 0.6822465858819003]
L003542 | [Dev Loss: 1.2898]
L003543 | [Dev F1: 0.46034168548715887]
L003544 | [Dev Acc: 0.49263502454991814]
L003545 | 
L003546-L003561 | [REDACTED: batch progress and internal diagnostics]
L003562 | [Epoch 144] [Time: 2.70]
L003563 | [Train Loss: 0.7034]
L003564 | [Train F1: 0.6900237820772988]
L003565 | [Train Acc: 0.6914791306020388]
L003566 | [Dev Loss: 1.3395]
L003567 | [Dev F1: 0.44929862615927324]
L003568 | [Dev Acc: 0.4762684124386252]
L003569 | 
L003570-L003585 | [REDACTED: batch progress and internal diagnostics]
L003586 | [Epoch 145] [Time: 2.59]
L003587 | [Train Loss: 0.6988]
L003588 | [Train F1: 0.6740013945231743]
L003589 | [Train Acc: 0.6787843816118484]
L003590 | [Dev Loss: 1.3954]
L003591 | [Dev F1: 0.4545018038065421]
L003592 | [Dev Acc: 0.48117839607201307]
L003593 | 
L003594-L003609 | [REDACTED: batch progress and internal diagnostics]
L003610 | [Epoch 146] [Time: 2.57]
L003611 | [Train Loss: 0.6809]
L003612 | [Train F1: 0.6928086834144314]
L003613 | [Train Acc: 0.6937872667820735]
L003614 | [Dev Loss: 1.3902]
L003615 | [Dev F1: 0.45341842627417056]
L003616 | [Dev Acc: 0.4828150572831424]
L003617 | 
L003618-L003633 | [REDACTED: batch progress and internal diagnostics]
L003634 | [Epoch 147] [Time: 2.67]
L003635 | [Train Loss: 0.6662]
L003636 | [Train F1: 0.6950050106199657]
L003637 | [Train Acc: 0.6976341604154646]
L003638 | [Dev Loss: 1.3502]
L003639 | [Dev F1: 0.4554760619584759]
L003640 | [Dev Acc: 0.4779050736497545]
L003641 | 
L003642-L003657 | [REDACTED: batch progress and internal diagnostics]
L003658 | [Epoch 148] [Time: 2.76]
L003659 | [Train Loss: 0.6747]
L003660 | [Train F1: 0.6927409580420537]
L003661 | [Train Acc: 0.6959030582804385]
L003662 | [Dev Loss: 1.4271]
L003663 | [Dev F1: 0.4567879485812226]
L003664 | [Dev Acc: 0.4828150572831424]
L003665 | 
L003666-L003681 | [REDACTED: batch progress and internal diagnostics]
L003682 | [Epoch 149] [Time: 2.77]
L003683 | [Train Loss: 0.6692]
L003684 | [Train F1: 0.7006390567932643]
L003685 | [Train Acc: 0.7010963646855164]
L003686 | [Dev Loss: 1.3802]
L003687 | [Dev F1: 0.47089747543834887]
L003688 | [Dev Acc: 0.5008183306055647]
L003689 | Last model
L003690 |               precision    recall  f1-score   support
L003691 | 
L003692 |          hap     0.5424    0.2222    0.3153       144
L003693 |          sad     0.8202    0.5959    0.6903       245
L003694 |          neu     0.5407    0.6406    0.5864       384
L003695 |          ang     0.7196    0.4529    0.5560       170
L003696 |          exc     0.6418    0.8629    0.7361       299
L003697 |          fru     0.5355    0.5932    0.5629       381
L003698 | 
L003699 |     accuracy                         0.6069      1623
L003700 |    macro avg     0.6334    0.5613    0.5745      1623
L003701 | weighted avg     0.6192    0.6069    0.5969      1623
L003702 | 
L003703 | Best model at epoch: 149
L003704 | Best dev F1: 0.47089747543834887
L003705 |               precision    recall  f1-score   support
L003706 | 
L003707 |          hap     0.5424    0.2222    0.3153       144
L003708 |          sad     0.8202    0.5959    0.6903       245
L003709 |          neu     0.5407    0.6406    0.5864       384
L003710 |          ang     0.7196    0.4529    0.5560       170
L003711 |          exc     0.6418    0.8629    0.7361       299
L003712 |          fru     0.5355    0.5932    0.5629       381
L003713 | 
L003714 |     accuracy                         0.6069      1623
L003715 |    macro avg     0.6334    0.5613    0.5745      1623
L003716 | weighted avg     0.6192    0.6069    0.5969      1623
L003717 | 
L003718 | Best test F1: 0.5969016487172515
L003719 | Best test Acc: 0.6069008009858287
L003720 | [SANITIZED] Saved checkpoint: [path and filename removed]
