# Redacted copy of an existing run log.
# run_id: G02-seed5
# dataset: IEMOCAP
# model: GCNet+AMBER
# imr: (0.3,0.7,0.5)
# seed_alias: seed5
# original_log_sha256: 4e0c12e85dd9de5c911e687320c51a0820c498ae69c77fbd8e23a7964c83bcd5
# source_record_status: ok
# source_record_process_return_code: 3221226505
# L numbers refer to source logical lines; REDACTED/SANITIZED text is editorial.
L000001-L000005 | [REDACTED: configuration or implementation details]
L000006 | [SANITIZED] FutureWarning: [dependency deprecation notice; implementation details removed]
L000007-L000068 | [REDACTED: configuration or implementation details]
L000069 | [SANITIZED] Seed alias: seed5
L000070 | [REDACTED: configuration or implementation details]
L000071 | 
L000072-L000073 | [REDACTED: batch progress and internal diagnostics]
L000074 | 
L000075-L000076 | [REDACTED: batch progress and internal diagnostics]
L000077 | 
L000078-L000079 | [REDACTED: batch progress and internal diagnostics]
L000080-L000083 | [REDACTED: configuration or implementation details]
L000084 | [SANITIZED] Seed alias: seed5
L000085-L000088 | [REDACTED: configuration or implementation details]
L000089 | 
L000090-L000105 | [REDACTED: batch progress and internal diagnostics]
L000106 | [Epoch 0] [Time: 3.19]
L000107 | [Train Loss: 1.7497]
L000108 | [Train F1: 0.1563681116516526]
L000109 | [Train Acc: 0.2415849201769571]
L000110 | [Dev Loss: 1.7102]
L000111 | [Dev F1: 0.17198701132276745]
L000112 | [Dev Acc: 0.2602291325695581]
L000113 | 
L000114-L000129 | [REDACTED: batch progress and internal diagnostics]
L000130 | [Epoch 1] [Time: 2.73]
L000131 | [Train Loss: 1.5626]
L000132 | [Train F1: 0.35834565906372434]
L000133 | [Train Acc: 0.39757645701096367]
L000134 | [Dev Loss: 1.5866]
L000135 | [Dev F1: 0.2412847673284817]
L000136 | [Dev Acc: 0.36661211129296234]
L000137 | 
L000138-L000153 | [REDACTED: batch progress and internal diagnostics]
L000154 | [Epoch 2] [Time: 2.74]
L000155 | [Train Loss: 1.3511]
L000156 | [Train F1: 0.37915889858126084]
L000157 | [Train Acc: 0.46355068282361994]
L000158 | [Dev Loss: 1.5499]
L000159 | [Dev F1: 0.27143964087107403]
L000160 | [Dev Acc: 0.3878887070376432]
L000161 | 
L000162-L000177 | [REDACTED: batch progress and internal diagnostics]
L000178 | [Epoch 3] [Time: 2.69]
L000179 | [Train Loss: 1.2343]
L000180 | [Train F1: 0.4400869464380482]
L000181 | [Train Acc: 0.49586458934410466]
L000182 | [Dev Loss: 1.444]
L000183 | [Dev F1: 0.32416736447910705]
L000184 | [Dev Acc: 0.3829787234042553]
L000185 | 
L000186-L000201 | [REDACTED: batch progress and internal diagnostics]
L000202 | [Epoch 4] [Time: 2.78]
L000203 | [Train Loss: 1.1799]
L000204 | [Train F1: 0.49384235843040764]
L000205 | [Train Acc: 0.5247162915945374]
L000206 | [Dev Loss: 1.4813]
L000207 | [Dev F1: 0.32966872758704624]
L000208 | [Dev Acc: 0.3862520458265139]
L000209 | 
L000210-L000225 | [REDACTED: batch progress and internal diagnostics]
L000226 | [Epoch 5] [Time: 2.87]
L000227 | [Train Loss: 1.1585]
L000228 | [Train F1: 0.48941728103181803]
L000229 | [Train Acc: 0.5349105597230237]
L000230 | [Dev Loss: 1.3883]
L000231 | [Dev F1: 0.3144276384708376]
L000232 | [Dev Acc: 0.36006546644844517]
L000233 | 
L000234-L000249 | [REDACTED: batch progress and internal diagnostics]
L000250 | [Epoch 6] [Time: 2.67]
L000251 | [Train Loss: 1.1156]
L000252 | [Train F1: 0.5141875541962606]
L000253 | [Train Acc: 0.5402962108097711]
L000254 | [Dev Loss: 1.4126]
L000255 | [Dev F1: 0.29937279308263615]
L000256 | [Dev Acc: 0.397708674304419]
L000257 | 
L000258-L000273 | [REDACTED: batch progress and internal diagnostics]
L000274 | [Epoch 7] [Time: 2.87]
L000275 | [Train Loss: 1.0895]
L000276 | [Train F1: 0.5293009126721254]
L000277 | [Train Acc: 0.54933641084824]
L000278 | [Dev Loss: 1.3895]
L000279 | [Dev F1: 0.3470153113225716]
L000280 | [Dev Acc: 0.39279869067103107]
L000281 | 
L000282-L000297 | [REDACTED: batch progress and internal diagnostics]
L000298 | [Epoch 8] [Time: 2.64]
L000299 | [Train Loss: 1.0719]
L000300 | [Train F1: 0.5548717948532315]
L000301 | [Train Acc: 0.5649163300634737]
L000302 | [Dev Loss: 1.3845]
L000303 | [Dev F1: 0.31713747510766205]
L000304 | [Dev Acc: 0.3878887070376432]
L000305 | 
L000306-L000321 | [REDACTED: batch progress and internal diagnostics]
L000322 | [Epoch 9] [Time: 2.79]
L000323 | [Train Loss: 1.073]
L000324 | [Train F1: 0.5412033344553908]
L000325 | [Train Acc: 0.5510675129832661]
L000326 | [Dev Loss: 1.3387]
L000327 | [Dev F1: 0.3195175141953822]
L000328 | [Dev Acc: 0.3567921440261866]
L000329 | 
L000330-L000345 | [REDACTED: batch progress and internal diagnostics]
L000346 | [Epoch 10] [Time: 2.87]
L000347 | [Train Loss: 1.0512]
L000348 | [Train F1: 0.5565540285952513]
L000349 | [Train Acc: 0.5676091556068474]
L000350 | [Dev Loss: 1.3969]
L000351 | [Dev F1: 0.31376261288953505]
L000352 | [Dev Acc: 0.39279869067103107]
L000353 | 
L000354-L000369 | [REDACTED: batch progress and internal diagnostics]
L000370 | [Epoch 11] [Time: 2.83]
L000371 | [Train Loss: 1.0403]
L000372 | [Train F1: 0.5547069573769854]
L000373 | [Train Acc: 0.5656857087901519]
L000374 | [Dev Loss: 1.3093]
L000375 | [Dev F1: 0.32782450324683376]
L000376 | [Dev Acc: 0.4075286415711948]
L000377 | 
L000378-L000393 | [REDACTED: batch progress and internal diagnostics]
L000394 | [Epoch 12] [Time: 2.76]
L000395 | [Train Loss: 1.0156]
L000396 | [Train F1: 0.5627659537393985]
L000397 | [Train Acc: 0.5703019811502212]
L000398 | [Dev Loss: 1.3543]
L000399 | [Dev F1: 0.3491336851382781]
L000400 | [Dev Acc: 0.4026186579378069]
L000401 | 
L000402-L000417 | [REDACTED: batch progress and internal diagnostics]
L000418 | [Epoch 13] [Time: 2.73]
L000419 | [Train Loss: 1.0136]
L000420 | [Train F1: 0.5635831811900993]
L000421 | [Train Acc: 0.5803039045970378]
L000422 | [Dev Loss: 1.3148]
L000423 | [Dev F1: 0.30340686452061055]
L000424 | [Dev Acc: 0.3993453355155483]
L000425 | 
L000426-L000441 | [REDACTED: batch progress and internal diagnostics]
L000442 | [Epoch 14] [Time: 2.73]
L000443 | [Train Loss: 0.9982]
L000444 | [Train F1: 0.5761886874421289]
L000445 | [Train Acc: 0.5826120407770725]
L000446 | [Dev Loss: 1.3521]
L000447 | [Dev F1: 0.3379787098316732]
L000448 | [Dev Acc: 0.41734860883797054]
L000449 | 
L000450-L000465 | [REDACTED: batch progress and internal diagnostics]
L000466 | [Epoch 15] [Time: 2.89]
L000467 | [Train Loss: 0.9932]
L000468 | [Train F1: 0.572846274865276]
L000469 | [Train Acc: 0.582419696095403]
L000470 | [Dev Loss: 1.308]
L000471 | [Dev F1: 0.3773015602309312]
L000472 | [Dev Acc: 0.46153846153846156]
L000473 | 
L000474-L000489 | [REDACTED: batch progress and internal diagnostics]
L000490 | [Epoch 16] [Time: 2.91]
L000491 | [Train Loss: 0.9885]
L000492 | [Train F1: 0.5806053817755457]
L000493 | [Train Acc: 0.586266589728794]
L000494 | [Dev Loss: 1.3106]
L000495 | [Dev F1: 0.3932553085352688]
L000496 | [Dev Acc: 0.44680851063829785]
L000497 | 
L000498-L000513 | [REDACTED: batch progress and internal diagnostics]
L000514 | [Epoch 17] [Time: 2.76]
L000515 | [Train Loss: 0.9868]
L000516 | [Train F1: 0.5693859722810075]
L000517 | [Train Acc: 0.5795345258703597]
L000518 | [Dev Loss: 1.3035]
L000519 | [Dev F1: 0.3931995052031143]
L000520 | [Dev Acc: 0.4451718494271686]
L000521 | 
L000522-L000537 | [REDACTED: batch progress and internal diagnostics]
L000538 | [Epoch 18] [Time: 2.97]
L000539 | [Train Loss: 0.9698]
L000540 | [Train F1: 0.572873031365878]
L000541 | [Train Acc: 0.5843431429120984]
L000542 | [Dev Loss: 1.332]
L000543 | [Dev F1: 0.30573170825453]
L000544 | [Dev Acc: 0.37970540098199673]
L000545 | 
L000546-L000561 | [REDACTED: batch progress and internal diagnostics]
L000562 | [Epoch 19] [Time: 2.82]
L000563 | [Train Loss: 0.9822]
L000564 | [Train F1: 0.577031897748412]
L000565 | [Train Acc: 0.5885747259088286]
L000566 | [Dev Loss: 1.3314]
L000567 | [Dev F1: 0.3625506783890916]
L000568 | [Dev Acc: 0.4206219312602291]
L000569 | 
L000570-L000585 | [REDACTED: batch progress and internal diagnostics]
L000586 | [Epoch 20] [Time: 2.95]
L000587 | [Train Loss: 0.9814]
L000588 | [Train F1: 0.5800240137592032]
L000589 | [Train Acc: 0.5870359684554722]
L000590 | [Dev Loss: 1.3347]
L000591 | [Dev F1: 0.341163687929903]
L000592 | [Dev Acc: 0.40098199672667756]
L000593 | 
L000594-L000609 | [REDACTED: batch progress and internal diagnostics]
L000610 | [Epoch 21] [Time: 2.72]
L000611 | [Train Loss: 0.9622]
L000612 | [Train F1: 0.5902407818112858]
L000613 | [Train Acc: 0.593575687632237]
L000614 | [Dev Loss: 1.3167]
L000615 | [Dev F1: 0.3630844851980154]
L000616 | [Dev Acc: 0.4157119476268412]
L000617 | 
L000618-L000633 | [REDACTED: batch progress and internal diagnostics]
L000634 | [Epoch 22] [Time: 2.81]
L000635 | [Train Loss: 0.9473]
L000636 | [Train F1: 0.5877338431271426]
L000637 | [Train Acc: 0.5997307174456626]
L000638 | [Dev Loss: 1.3067]
L000639 | [Dev F1: 0.3930067110331486]
L000640 | [Dev Acc: 0.44189852700491]
L000641 | 
L000642-L000657 | [REDACTED: batch progress and internal diagnostics]
L000658 | [Epoch 23] [Time: 2.62]
L000659 | [Train Loss: 0.9477]
L000660 | [Train F1: 0.5899454554501943]
L000661 | [Train Acc: 0.5981919599923062]
L000662 | [Dev Loss: 1.2534]
L000663 | [Dev F1: 0.3722176033589568]
L000664 | [Dev Acc: 0.4402618657937807]
L000665 | 
L000666-L000681 | [REDACTED: batch progress and internal diagnostics]
L000682 | [Epoch 24] [Time: 2.80]
L000683 | [Train Loss: 0.9457]
L000684 | [Train F1: 0.5845858836035539]
L000685 | [Train Acc: 0.591844585497211]
L000686 | [Dev Loss: 1.3165]
L000687 | [Dev F1: 0.40038537187049783]
L000688 | [Dev Acc: 0.4402618657937807]
L000689 | 
L000690-L000705 | [REDACTED: batch progress and internal diagnostics]
L000706 | [Epoch 25] [Time: 2.94]
L000707 | [Train Loss: 0.9354]
L000708 | [Train F1: 0.5980607468700507]
L000709 | [Train Acc: 0.6053087132140796]
L000710 | [Dev Loss: 1.2708]
L000711 | [Dev F1: 0.39048591916042524]
L000712 | [Dev Acc: 0.4582651391162029]
L000713 | 
L000714-L000729 | [REDACTED: batch progress and internal diagnostics]
L000730 | [Epoch 26] [Time: 2.83]
L000731 | [Train Loss: 0.9308]
L000732 | [Train F1: 0.5991456746546814]
L000733 | [Train Acc: 0.6066551259857665]
L000734 | [Dev Loss: 1.2827]
L000735 | [Dev F1: 0.36340096694919294]
L000736 | [Dev Acc: 0.45171849427168576]
L000737 | 
L000738-L000753 | [REDACTED: batch progress and internal diagnostics]
L000754 | [Epoch 27] [Time: 2.81]
L000755 | [Train Loss: 0.9226]
L000756 | [Train F1: 0.6017346162317574]
L000757 | [Train Acc: 0.6112713983458358]
L000758 | [Dev Loss: 1.3075]
L000759 | [Dev F1: 0.3792089479981025]
L000760 | [Dev Acc: 0.42716857610474634]
L000761 | 
L000762-L000777 | [REDACTED: batch progress and internal diagnostics]
L000778 | [Epoch 28] [Time: 2.82]
L000779 | [Train Loss: 0.9463]
L000780 | [Train F1: 0.5955840536717576]
L000781 | [Train Acc: 0.6006924408540104]
L000782 | [Dev Loss: 1.2793]
L000783 | [Dev F1: 0.4080911526188118]
L000784 | [Dev Acc: 0.4533551554828151]
L000785 | 
L000786-L000801 | [REDACTED: batch progress and internal diagnostics]
L000802 | [Epoch 29] [Time: 2.76]
L000803 | [Train Loss: 0.9204]
L000804 | [Train F1: 0.6016605788380773]
L000805 | [Train Acc: 0.6083862281207925]
L000806 | [Dev Loss: 1.3065]
L000807 | [Dev F1: 0.36395687099471125]
L000808 | [Dev Acc: 0.45990180032733224]
L000809 | 
L000810-L000825 | [REDACTED: batch progress and internal diagnostics]
L000826 | [Epoch 30] [Time: 2.81]
L000827 | [Train Loss: 0.9303]
L000828 | [Train F1: 0.5931555897606388]
L000829 | [Train Acc: 0.5987689940373149]
L000830 | [Dev Loss: 1.2607]
L000831 | [Dev F1: 0.3797402396583404]
L000832 | [Dev Acc: 0.4369885433715221]
L000833 | 
L000834-L000849 | [REDACTED: batch progress and internal diagnostics]
L000850 | [Epoch 31] [Time: 2.51]
L000851 | [Train Loss: 0.912]
L000852 | [Train F1: 0.6025796049384078]
L000853 | [Train Acc: 0.6105020196191575]
L000854 | [Dev Loss: 1.3031]
L000855 | [Dev F1: 0.40237709829892726]
L000856 | [Dev Acc: 0.44680851063829785]
L000857 | 
L000858-L000873 | [REDACTED: batch progress and internal diagnostics]
L000874 | [Epoch 32] [Time: 2.65]
L000875 | [Train Loss: 0.9103]
L000876 | [Train F1: 0.608204641776498]
L000877 | [Train Acc: 0.6143489132525486]
L000878 | [Dev Loss: 1.2659]
L000879 | [Dev F1: 0.3731801307061885]
L000880 | [Dev Acc: 0.4582651391162029]
L000881 | 
L000882-L000897 | [REDACTED: batch progress and internal diagnostics]
L000898 | [Epoch 33] [Time: 2.73]
L000899 | [Train Loss: 0.9072]
L000900 | [Train F1: 0.6092135325582053]
L000901 | [Train Acc: 0.6143489132525486]
L000902 | [Dev Loss: 1.2452]
L000903 | [Dev F1: 0.39833669620924206]
L000904 | [Dev Acc: 0.4402618657937807]
L000905 | 
L000906-L000921 | [REDACTED: batch progress and internal diagnostics]
L000922 | [Epoch 34] [Time: 2.45]
L000923 | [Train Loss: 0.907]
L000924 | [Train F1: 0.6066932593920259]
L000925 | [Train Acc: 0.6143489132525486]
L000926 | [Dev Loss: 1.3003]
L000927 | [Dev F1: 0.39855349145491575]
L000928 | [Dev Acc: 0.4451718494271686]
L000929 | 
L000930-L000945 | [REDACTED: batch progress and internal diagnostics]
L000946 | [Epoch 35] [Time: 2.67]
L000947 | [Train Loss: 0.8881]
L000948 | [Train F1: 0.6026913497451417]
L000949 | [Train Acc: 0.6091556068474707]
L000950 | [Dev Loss: 1.2771]
L000951 | [Dev F1: 0.4199300525742701]
L000952 | [Dev Acc: 0.46808510638297873]
L000953 | 
L000954-L000969 | [REDACTED: batch progress and internal diagnostics]
L000970 | [Epoch 36] [Time: 2.64]
L000971 | [Train Loss: 0.8794]
L000972 | [Train F1: 0.6084037710135739]
L000973 | [Train Acc: 0.61377187920754]
L000974 | [Dev Loss: 1.2645]
L000975 | [Dev F1: 0.43709881340067347]
L000976 | [Dev Acc: 0.4779050736497545]
L000977 | 
L000978-L000993 | [REDACTED: batch progress and internal diagnostics]
L000994 | [Epoch 37] [Time: 2.81]
L000995 | [Train Loss: 0.8851]
L000996 | [Train F1: 0.6049160188952117]
L000997 | [Train Acc: 0.6122331217541835]
L000998 | [Dev Loss: 1.2821]
L000999 | [Dev F1: 0.41315264233399007]
L001000 | [Dev Acc: 0.46153846153846156]
L001001 | 
L001002-L001017 | [REDACTED: batch progress and internal diagnostics]
L001018 | [Epoch 38] [Time: 2.82]
L001019 | [Train Loss: 0.8856]
L001020 | [Train F1: 0.6022407940224773]
L001021 | [Train Acc: 0.6066551259857665]
L001022 | [Dev Loss: 1.2926]
L001023 | [Dev F1: 0.4107058832916341]
L001024 | [Dev Acc: 0.4779050736497545]
L001025 | 
L001026-L001041 | [REDACTED: batch progress and internal diagnostics]
L001042 | [Epoch 39] [Time: 2.82]
L001043 | [Train Loss: 0.8963]
L001044 | [Train F1: 0.5982343704480805]
L001045 | [Train Acc: 0.6060780919407578]
L001046 | [Dev Loss: 1.342]
L001047 | [Dev F1: 0.36988496938751336]
L001048 | [Dev Acc: 0.46317512274959083]
L001049 | 
L001050-L001065 | [REDACTED: batch progress and internal diagnostics]
L001066 | [Epoch 40] [Time: 2.55]
L001067 | [Train Loss: 0.9213]
L001068 | [Train F1: 0.5874336656502163]
L001069 | [Train Acc: 0.5937680323139065]
L001070 | [Dev Loss: 1.2951]
L001071 | [Dev F1: 0.39223338803922386]
L001072 | [Dev Acc: 0.4369885433715221]
L001073 | 
L001074-L001089 | [REDACTED: batch progress and internal diagnostics]
L001090 | [Epoch 41] [Time: 2.63]
L001091 | [Train Loss: 0.9004]
L001092 | [Train F1: 0.5998839340181623]
L001093 | [Train Acc: 0.6089632621658011]
L001094 | [Dev Loss: 1.3017]
L001095 | [Dev F1: 0.44022474517738275]
L001096 | [Dev Acc: 0.48936170212765956]
L001097 | 
L001098-L001113 | [REDACTED: batch progress and internal diagnostics]
L001114 | [Epoch 42] [Time: 2.68]
L001115 | [Train Loss: 0.9]
L001116 | [Train F1: 0.6044900506566286]
L001117 | [Train Acc: 0.6041546451240624]
L001118 | [Dev Loss: 1.3107]
L001119 | [Dev F1: 0.38993008322897876]
L001120 | [Dev Acc: 0.45990180032733224]
L001121 | 
L001122-L001137 | [REDACTED: batch progress and internal diagnostics]
L001138 | [Epoch 43] [Time: 2.73]
L001139 | [Train Loss: 0.8942]
L001140 | [Train F1: 0.6087618760256559]
L001141 | [Train Acc: 0.6160800153875745]
L001142 | [Dev Loss: 1.2637]
L001143 | [Dev F1: 0.3995159310301751]
L001144 | [Dev Acc: 0.4288052373158756]
L001145 | 
L001146-L001161 | [REDACTED: batch progress and internal diagnostics]
L001162 | [Epoch 44] [Time: 2.70]
L001163 | [Train Loss: 0.8786]
L001164 | [Train F1: 0.608101450259499]
L001165 | [Train Acc: 0.6153106366608964]
L001166 | [Dev Loss: 1.3147]
L001167 | [Dev F1: 0.3898837948135773]
L001168 | [Dev Acc: 0.46317512274959083]
L001169 | 
L001170-L001185 | [REDACTED: batch progress and internal diagnostics]
L001186 | [Epoch 45] [Time: 2.80]
L001187 | [Train Loss: 0.872]
L001188 | [Train F1: 0.613881275657297]
L001189 | [Train Acc: 0.6185804962492787]
L001190 | [Dev Loss: 1.25]
L001191 | [Dev F1: 0.44485826491226843]
L001192 | [Dev Acc: 0.48936170212765956]
L001193 | 
L001194-L001209 | [REDACTED: batch progress and internal diagnostics]
L001210 | [Epoch 46] [Time: 2.68]
L001211 | [Train Loss: 0.8726]
L001212 | [Train F1: 0.6104852637545092]
L001213 | [Train Acc: 0.6162723600692441]
L001214 | [Dev Loss: 1.2866]
L001215 | [Dev F1: 0.4129414524496321]
L001216 | [Dev Acc: 0.4713584288052373]
L001217 | 
L001218-L001233 | [REDACTED: batch progress and internal diagnostics]
L001234 | [Epoch 47] [Time: 2.61]
L001235 | [Train Loss: 0.8558]
L001236 | [Train F1: 0.6144497497006364]
L001237 | [Train Acc: 0.619734564339296]
L001238 | [Dev Loss: 1.2991]
L001239 | [Dev F1: 0.39422231283262743]
L001240 | [Dev Acc: 0.469721767594108]
L001241 | 
L001242-L001257 | [REDACTED: batch progress and internal diagnostics]
L001258 | [Epoch 48] [Time: 2.67]
L001259 | [Train Loss: 0.8612]
L001260 | [Train F1: 0.6166686823898544]
L001261 | [Train Acc: 0.6199269090209656]
L001262 | [Dev Loss: 1.2456]
L001263 | [Dev F1: 0.44512455091524217]
L001264 | [Dev Acc: 0.49263502454991814]
L001265 | 
L001266-L001281 | [REDACTED: batch progress and internal diagnostics]
L001282 | [Epoch 49] [Time: 2.49]
L001283 | [Train Loss: 0.8566]
L001284 | [Train F1: 0.6189107649928385]
L001285 | [Train Acc: 0.6245431813810348]
L001286 | [Dev Loss: 1.326]
L001287 | [Dev F1: 0.4140767320421555]
L001288 | [Dev Acc: 0.48117839607201307]
L001289 | 
L001290-L001305 | [REDACTED: batch progress and internal diagnostics]
L001306 | [Epoch 50] [Time: 2.94]
L001307 | [Train Loss: 0.846]
L001308 | [Train F1: 0.6243939484544306]
L001309 | [Train Acc: 0.6283900750144259]
L001310 | [Dev Loss: 1.2811]
L001311 | [Dev F1: 0.43840484014932307]
L001312 | [Dev Acc: 0.4713584288052373]
L001313 | 
L001314-L001329 | [REDACTED: batch progress and internal diagnostics]
L001330 | [Epoch 51] [Time: 2.67]
L001331 | [Train Loss: 0.8411]
L001332 | [Train F1: 0.6205997032659905]
L001333 | [Train Acc: 0.6278130409694171]
L001334 | [Dev Loss: 1.3163]
L001335 | [Dev F1: 0.39879391223129657]
L001336 | [Dev Acc: 0.4762684124386252]
L001337 | 
L001338-L001353 | [REDACTED: batch progress and internal diagnostics]
L001354 | [Epoch 52] [Time: 2.78]
L001355 | [Train Loss: 0.8428]
L001356 | [Train F1: 0.6245550344594748]
L001357 | [Train Acc: 0.6280053856510868]
L001358 | [Dev Loss: 1.2824]
L001359 | [Dev F1: 0.43538357145533274]
L001360 | [Dev Acc: 0.486088379705401]
L001361 | 
L001362-L001377 | [REDACTED: batch progress and internal diagnostics]
L001378 | [Epoch 53] [Time: 2.69]
L001379 | [Train Loss: 0.8279]
L001380 | [Train F1: 0.6304821415988868]
L001381 | [Train Acc: 0.6353144835545297]
L001382 | [Dev Loss: 1.2702]
L001383 | [Dev F1: 0.4187533964521997]
L001384 | [Dev Acc: 0.4828150572831424]
L001385 | 
L001386-L001401 | [REDACTED: batch progress and internal diagnostics]
L001402 | [Epoch 54] [Time: 2.75]
L001403 | [Train Loss: 0.8301]
L001404 | [Train F1: 0.6330615642547355]
L001405 | [Train Acc: 0.6364685516445471]
L001406 | [Dev Loss: 1.3271]
L001407 | [Dev F1: 0.41381986832899437]
L001408 | [Dev Acc: 0.4844517184942717]
L001409 | 
L001410-L001425 | [REDACTED: batch progress and internal diagnostics]
L001426 | [Epoch 55] [Time: 2.72]
L001427 | [Train Loss: 0.8362]
L001428 | [Train F1: 0.6332278278908448]
L001429 | [Train Acc: 0.6383919984612425]
L001430 | [Dev Loss: 1.2488]
L001431 | [Dev F1: 0.45176451709492443]
L001432 | [Dev Acc: 0.4844517184942717]
L001433 | 
L001434-L001449 | [REDACTED: batch progress and internal diagnostics]
L001450 | [Epoch 56] [Time: 2.67]
L001451 | [Train Loss: 0.8474]
L001452 | [Train F1: 0.6226097911525882]
L001453 | [Train Acc: 0.6256972494710521]
L001454 | [Dev Loss: 1.3134]
L001455 | [Dev F1: 0.4202811458005667]
L001456 | [Dev Acc: 0.4844517184942717]
L001457 | 
L001458-L001473 | [REDACTED: batch progress and internal diagnostics]
L001474 | [Epoch 57] [Time: 2.79]
L001475 | [Train Loss: 0.8323]
L001476 | [Train F1: 0.6259017084545574]
L001477 | [Train Acc: 0.6318522792844777]
L001478 | [Dev Loss: 1.2761]
L001479 | [Dev F1: 0.42539040364561054]
L001480 | [Dev Acc: 0.45990180032733224]
L001481 | 
L001482-L001497 | [REDACTED: batch progress and internal diagnostics]
L001498 | [Epoch 58] [Time: 2.73]
L001499 | [Train Loss: 0.8363]
L001500 | [Train F1: 0.6334441620258611]
L001501 | [Train Acc: 0.6387766878245816]
L001502 | [Dev Loss: 1.2774]
L001503 | [Dev F1: 0.4198315594476237]
L001504 | [Dev Acc: 0.4909983633387889]
L001505 | 
L001506-L001521 | [REDACTED: batch progress and internal diagnostics]
L001522 | [Epoch 59] [Time: 2.68]
L001523 | [Train Loss: 0.8407]
L001524 | [Train F1: 0.6317473311805625]
L001525 | [Train Acc: 0.6351221388728602]
L001526 | [Dev Loss: 1.2689]
L001527 | [Dev F1: 0.4214749593474102]
L001528 | [Dev Acc: 0.45990180032733224]
L001529 | 
L001530-L001545 | [REDACTED: batch progress and internal diagnostics]
L001546 | [Epoch 60] [Time: 2.76]
L001547 | [Train Loss: 0.8254]
L001548 | [Train F1: 0.6407323476123642]
L001549 | [Train Acc: 0.6443546835929986]
L001550 | [Dev Loss: 1.2754]
L001551 | [Dev F1: 0.43358037792312587]
L001552 | [Dev Acc: 0.4909983633387889]
L001553 | 
L001554-L001569 | [REDACTED: batch progress and internal diagnostics]
L001570 | [Epoch 61] [Time: 2.65]
L001571 | [Train Loss: 0.811]
L001572 | [Train F1: 0.6386262345768043]
L001573 | [Train Acc: 0.6405077899596077]
L001574 | [Dev Loss: 1.2968]
L001575 | [Dev F1: 0.43511151403916587]
L001576 | [Dev Acc: 0.4959083469721768]
L001577 | 
L001578-L001593 | [REDACTED: batch progress and internal diagnostics]
L001594 | [Epoch 62] [Time: 2.49]
L001595 | [Train Loss: 0.8095]
L001596 | [Train F1: 0.6420201400460476]
L001597 | [Train Acc: 0.6470475091363724]
L001598 | [Dev Loss: 1.3069]
L001599 | [Dev F1: 0.42274522173641255]
L001600 | [Dev Acc: 0.4909983633387889]
L001601 | 
L001602-L001617 | [REDACTED: batch progress and internal diagnostics]
L001618 | [Epoch 63] [Time: 2.72]
L001619 | [Train Loss: 0.8093]
L001620 | [Train F1: 0.6428439613443151]
L001621 | [Train Acc: 0.6453164070013464]
L001622 | [Dev Loss: 1.3273]
L001623 | [Dev F1: 0.4375260563441586]
L001624 | [Dev Acc: 0.49427168576104746]
L001625 | 
L001626-L001641 | [REDACTED: batch progress and internal diagnostics]
L001642 | [Epoch 64] [Time: 2.80]
L001643 | [Train Loss: 0.8026]
L001644 | [Train F1: 0.6490529947616458]
L001645 | [Train Acc: 0.6520484708597807]
L001646 | [Dev Loss: 1.2281]
L001647 | [Dev F1: 0.4329760033662391]
L001648 | [Dev Acc: 0.4959083469721768]
L001649 | 
L001650-L001665 | [REDACTED: batch progress and internal diagnostics]
L001666 | [Epoch 65] [Time: 2.76]
L001667 | [Train Loss: 0.8094]
L001668 | [Train F1: 0.6454950880489574]
L001669 | [Train Acc: 0.6491633006347375]
L001670 | [Dev Loss: 1.3395]
L001671 | [Dev F1: 0.4171506644585921]
L001672 | [Dev Acc: 0.4828150572831424]
L001673 | 
L001674-L001689 | [REDACTED: batch progress and internal diagnostics]
L001690 | [Epoch 66] [Time: 2.64]
L001691 | [Train Loss: 0.8008]
L001692 | [Train F1: 0.6508256436054307]
L001693 | [Train Acc: 0.6532025389497981]
L001694 | [Dev Loss: 1.2394]
L001695 | [Dev F1: 0.43296878833208824]
L001696 | [Dev Acc: 0.4713584288052373]
L001697 | 
L001698-L001713 | [REDACTED: batch progress and internal diagnostics]
L001714 | [Epoch 67] [Time: 2.81]
L001715 | [Train Loss: 0.8066]
L001716 | [Train F1: 0.6474265265942265]
L001717 | [Train Acc: 0.6508944027697634]
L001718 | [Dev Loss: 1.3924]
L001719 | [Dev F1: 0.3802810209143657]
L001720 | [Dev Acc: 0.4713584288052373]
L001721 | 
L001722-L001737 | [REDACTED: batch progress and internal diagnostics]
L001738 | [Epoch 68] [Time: 2.78]
L001739 | [Train Loss: 0.7949]
L001740 | [Train F1: 0.6406852145376359]
L001741 | [Train Acc: 0.6449317176380073]
L001742 | [Dev Loss: 1.2464]
L001743 | [Dev F1: 0.4611733577107132]
L001744 | [Dev Acc: 0.5040916530278232]
L001745 | 
L001746-L001761 | [REDACTED: batch progress and internal diagnostics]
L001762 | [Epoch 69] [Time: 2.59]
L001763 | [Train Loss: 0.7964]
L001764 | [Train F1: 0.6422758008063512]
L001765 | [Train Acc: 0.6433929601846509]
L001766 | [Dev Loss: 1.3562]
L001767 | [Dev F1: 0.4030547972548473]
L001768 | [Dev Acc: 0.4762684124386252]
L001769 | 
L001770-L001785 | [REDACTED: batch progress and internal diagnostics]
L001786 | [Epoch 70] [Time: 2.61]
L001787 | [Train Loss: 0.795]
L001788 | [Train F1: 0.6438244844338696]
L001789 | [Train Acc: 0.6460857857280247]
L001790 | [Dev Loss: 1.3328]
L001791 | [Dev F1: 0.43331915047188335]
L001792 | [Dev Acc: 0.4713584288052373]
L001793 | 
L001794-L001809 | [REDACTED: batch progress and internal diagnostics]
L001810 | [Epoch 71] [Time: 2.79]
L001811 | [Train Loss: 0.796]
L001812 | [Train F1: 0.6496699389149916]
L001813 | [Train Acc: 0.6512790921331025]
L001814 | [Dev Loss: 1.2899]
L001815 | [Dev F1: 0.436448113038275]
L001816 | [Dev Acc: 0.49263502454991814]
L001817 | 
L001818-L001833 | [REDACTED: batch progress and internal diagnostics]
L001834 | [Epoch 72] [Time: 2.69]
L001835 | [Train Loss: 0.793]
L001836 | [Train F1: 0.6525739938573434]
L001837 | [Train Acc: 0.6560877091748413]
L001838 | [Dev Loss: 1.286]
L001839 | [Dev F1: 0.43028423386190173]
L001840 | [Dev Acc: 0.48936170212765956]
L001841 | 
L001842-L001857 | [REDACTED: batch progress and internal diagnostics]
L001858 | [Epoch 73] [Time: 2.49]
L001859 | [Train Loss: 0.7906]
L001860 | [Train F1: 0.6547238220424962]
L001861 | [Train Acc: 0.6591652240815541]
L001862 | [Dev Loss: 1.2418]
L001863 | [Dev F1: 0.44597865781115736]
L001864 | [Dev Acc: 0.49427168576104746]
L001865 | 
L001866-L001881 | [REDACTED: batch progress and internal diagnostics]
L001882 | [Epoch 74] [Time: 2.77]
L001883 | [Train Loss: 0.7797]
L001884 | [Train F1: 0.6579853330476407]
L001885 | [Train Acc: 0.6601269474899019]
L001886 | [Dev Loss: 1.305]
L001887 | [Dev F1: 0.4214916890732978]
L001888 | [Dev Acc: 0.4844517184942717]
L001889 | 
L001890-L001905 | [REDACTED: batch progress and internal diagnostics]
L001906 | [Epoch 75] [Time: 2.82]
L001907 | [Train Loss: 0.7763]
L001908 | [Train F1: 0.6587648571174538]
L001909 | [Train Acc: 0.6614733602615888]
L001910 | [Dev Loss: 1.2836]
L001911 | [Dev F1: 0.435534942826391]
L001912 | [Dev Acc: 0.486088379705401]
L001913 | 
L001914-L001929 | [REDACTED: batch progress and internal diagnostics]
L001930 | [Epoch 76] [Time: 2.67]
L001931 | [Train Loss: 0.7698]
L001932 | [Train F1: 0.6580671995703115]
L001933 | [Train Acc: 0.6599346028082324]
L001934 | [Dev Loss: 1.2798]
L001935 | [Dev F1: 0.4430128520707784]
L001936 | [Dev Acc: 0.4909983633387889]
L001937 | 
L001938-L001953 | [REDACTED: batch progress and internal diagnostics]
L001954 | [Epoch 77] [Time: 2.69]
L001955 | [Train Loss: 0.7643]
L001956 | [Train F1: 0.6655642750526157]
L001957 | [Train Acc: 0.667820734756684]
L001958 | [Dev Loss: 1.3253]
L001959 | [Dev F1: 0.41720699300191993]
L001960 | [Dev Acc: 0.4828150572831424]
L001961 | 
L001962-L001977 | [REDACTED: batch progress and internal diagnostics]
L001978 | [Epoch 78] [Time: 2.53]
L001979 | [Train Loss: 0.7701]
L001980 | [Train F1: 0.6631603634804303]
L001981 | [Train Acc: 0.6647432198499712]
L001982 | [Dev Loss: 1.2575]
L001983 | [Dev F1: 0.4395633646504937]
L001984 | [Dev Acc: 0.4828150572831424]
L001985 | 
L001986-L002001 | [REDACTED: batch progress and internal diagnostics]
L002002 | [Epoch 79] [Time: 2.63]
L002003 | [Train Loss: 0.7656]
L002004 | [Train F1: 0.6635374402539885]
L002005 | [Train Acc: 0.6672437007116753]
L002006 | [Dev Loss: 1.3293]
L002007 | [Dev F1: 0.44103931779323985]
L002008 | [Dev Acc: 0.49263502454991814]
L002009 | 
L002010-L002025 | [REDACTED: batch progress and internal diagnostics]
L002026 | [Epoch 80] [Time: 2.75]
L002027 | [Train Loss: 0.7719]
L002028 | [Train F1: 0.6575026010447765]
L002029 | [Train Acc: 0.6595499134448932]
L002030 | [Dev Loss: 1.2757]
L002031 | [Dev F1: 0.418212465072859]
L002032 | [Dev Acc: 0.4909983633387889]
L002033 | 
L002034-L002049 | [REDACTED: batch progress and internal diagnostics]
L002050 | [Epoch 81] [Time: 2.66]
L002051 | [Train Loss: 0.7696]
L002052 | [Train F1: 0.6613457190965097]
L002053 | [Train Acc: 0.6632044623966147]
L002054 | [Dev Loss: 1.2983]
L002055 | [Dev F1: 0.44322994479451727]
L002056 | [Dev Acc: 0.4959083469721768]
L002057 | 
L002058-L002073 | [REDACTED: batch progress and internal diagnostics]
L002074 | [Epoch 82] [Time: 2.68]
L002075 | [Train Loss: 0.7655]
L002076 | [Train F1: 0.6635907416649139]
L002077 | [Train Acc: 0.6658972879399885]
L002078 | [Dev Loss: 1.3189]
L002079 | [Dev F1: 0.4276103057710682]
L002080 | [Dev Acc: 0.49754500818330605]
L002081 | 
L002082-L002097 | [REDACTED: batch progress and internal diagnostics]
L002098 | [Epoch 83] [Time: 2.90]
L002099 | [Train Loss: 0.7585]
L002100 | [Train F1: 0.669187391811484]
L002101 | [Train Acc: 0.6712829390267359]
L002102 | [Dev Loss: 1.2885]
L002103 | [Dev F1: 0.45078584238053965]
L002104 | [Dev Acc: 0.5040916530278232]
L002105 | 
L002106-L002121 | [REDACTED: batch progress and internal diagnostics]
L002122 | [Epoch 84] [Time: 2.77]
L002123 | [Train Loss: 0.755]
L002124 | [Train F1: 0.6623770222394172]
L002125 | [Train Acc: 0.6649355645316407]
L002126 | [Dev Loss: 1.2666]
L002127 | [Dev F1: 0.4409529092984055]
L002128 | [Dev Acc: 0.486088379705401]
L002129 | 
L002130-L002145 | [REDACTED: batch progress and internal diagnostics]
L002146 | [Epoch 85] [Time: 2.61]
L002147 | [Train Loss: 0.7442]
L002148 | [Train F1: 0.6733317134522678]
L002149 | [Train Acc: 0.6741681092517792]
L002150 | [Dev Loss: 1.3357]
L002151 | [Dev F1: 0.4455037039847603]
L002152 | [Dev Acc: 0.49427168576104746]
L002153 | 
L002154-L002169 | [REDACTED: batch progress and internal diagnostics]
L002170 | [Epoch 86] [Time: 2.78]
L002171 | [Train Loss: 0.7399]
L002172 | [Train F1: 0.6760972053917093]
L002173 | [Train Acc: 0.6780150028851702]
L002174 | [Dev Loss: 1.2835]
L002175 | [Dev F1: 0.4504071219785595]
L002176 | [Dev Acc: 0.5008183306055647]
L002177 | 
L002178-L002193 | [REDACTED: batch progress and internal diagnostics]
L002194 | [Epoch 87] [Time: 2.65]
L002195 | [Train Loss: 0.744]
L002196 | [Train F1: 0.6694168271457559]
L002197 | [Train Acc: 0.671667628390075]
L002198 | [Dev Loss: 1.3435]
L002199 | [Dev F1: 0.4197772656724327]
L002200 | [Dev Acc: 0.46808510638297873]
L002201 | 
L002202-L002217 | [REDACTED: batch progress and internal diagnostics]
L002218 | [Epoch 88] [Time: 2.73]
L002219 | [Train Loss: 0.7472]
L002220 | [Train F1: 0.6765763788728464]
L002221 | [Train Acc: 0.6780150028851702]
L002222 | [Dev Loss: 1.304]
L002223 | [Dev F1: 0.44207196813814364]
L002224 | [Dev Acc: 0.4959083469721768]
L002225 | 
L002226-L002241 | [REDACTED: batch progress and internal diagnostics]
L002242 | [Epoch 89] [Time: 2.78]
L002243 | [Train Loss: 0.7496]
L002244 | [Train F1: 0.6648832327376267]
L002245 | [Train Acc: 0.6683977688016927]
L002246 | [Dev Loss: 1.3601]
L002247 | [Dev F1: 0.4204265224129357]
L002248 | [Dev Acc: 0.4779050736497545]
L002249 | 
L002250-L002265 | [REDACTED: batch progress and internal diagnostics]
L002266 | [Epoch 90] [Time: 2.73]
L002267 | [Train Loss: 0.7481]
L002268 | [Train F1: 0.6708150640438004]
L002269 | [Train Acc: 0.6718599730717446]
L002270 | [Dev Loss: 1.2626]
L002271 | [Dev F1: 0.4362339947928918]
L002272 | [Dev Acc: 0.4795417348608838]
L002273 | 
L002274-L002289 | [REDACTED: batch progress and internal diagnostics]
L002290 | [Epoch 91] [Time: 2.72]
L002291 | [Train Loss: 0.743]
L002292 | [Train F1: 0.670988786457001]
L002293 | [Train Acc: 0.6732063858434314]
L002294 | [Dev Loss: 1.3217]
L002295 | [Dev F1: 0.4211197475839844]
L002296 | [Dev Acc: 0.4762684124386252]
L002297 | 
L002298-L002313 | [REDACTED: batch progress and internal diagnostics]
L002314 | [Epoch 92] [Time: 2.79]
L002315 | [Train Loss: 0.7459]
L002316 | [Train F1: 0.6698221325491701]
L002317 | [Train Acc: 0.6714752837084055]
L002318 | [Dev Loss: 1.3116]
L002319 | [Dev F1: 0.4530511534190604]
L002320 | [Dev Acc: 0.486088379705401]
L002321 | 
L002322-L002337 | [REDACTED: batch progress and internal diagnostics]
L002338 | [Epoch 93] [Time: 2.59]
L002339 | [Train Loss: 0.7369]
L002340 | [Train F1: 0.673270662328442]
L002341 | [Train Acc: 0.6758992113868052]
L002342 | [Dev Loss: 1.3963]
L002343 | [Dev F1: 0.4116115886776151]
L002344 | [Dev Acc: 0.469721767594108]
L002345 | 
L002346-L002361 | [REDACTED: batch progress and internal diagnostics]
L002362 | [Epoch 94] [Time: 2.68]
L002363 | [Train Loss: 0.7317]
L002364 | [Train F1: 0.6726957864749867]
L002365 | [Train Acc: 0.6745527986151183]
L002366 | [Dev Loss: 1.3106]
L002367 | [Dev F1: 0.46157371575263517]
L002368 | [Dev Acc: 0.5008183306055647]
L002369 | 
L002370-L002385 | [REDACTED: batch progress and internal diagnostics]
L002386 | [Epoch 95] [Time: 2.66]
L002387 | [Train Loss: 0.743]
L002388 | [Train F1: 0.6806818257327977]
L002389 | [Train Acc: 0.6810925177918831]
L002390 | [Dev Loss: 1.3274]
L002391 | [Dev F1: 0.4150635302137681]
L002392 | [Dev Acc: 0.45662847790507366]
L002393 | 
L002394-L002409 | [REDACTED: batch progress and internal diagnostics]
L002410 | [Epoch 96] [Time: 2.73]
L002411 | [Train Loss: 0.7339]
L002412 | [Train F1: 0.6676386473518842]
L002413 | [Train Acc: 0.6718599730717446]
L002414 | [Dev Loss: 1.3371]
L002415 | [Dev F1: 0.42850305199394934]
L002416 | [Dev Acc: 0.4877250409165303]
L002417 | 
L002418-L002433 | [REDACTED: batch progress and internal diagnostics]
L002434 | [Epoch 97] [Time: 2.85]
L002435 | [Train Loss: 0.7411]
L002436 | [Train F1: 0.6730522119877791]
L002437 | [Train Acc: 0.6735910752067705]
L002438 | [Dev Loss: 1.2687]
L002439 | [Dev F1: 0.4436936645975761]
L002440 | [Dev Acc: 0.48936170212765956]
L002441 | 
L002442-L002457 | [REDACTED: batch progress and internal diagnostics]
L002458 | [Epoch 98] [Time: 2.62]
L002459 | [Train Loss: 0.7239]
L002460 | [Train F1: 0.6824937728749492]
L002461 | [Train Acc: 0.6853241007886132]
L002462 | [Dev Loss: 1.3599]
L002463 | [Dev F1: 0.4266853099969164]
L002464 | [Dev Acc: 0.4877250409165303]
L002465 | 
L002466-L002481 | [REDACTED: batch progress and internal diagnostics]
L002482 | [Epoch 99] [Time: 2.68]
L002483 | [Train Loss: 0.7264]
L002484 | [Train F1: 0.6823481806997984]
L002485 | [Train Acc: 0.6837853433352568]
L002486 | [Dev Loss: 1.2882]
L002487 | [Dev F1: 0.4406939162375669]
L002488 | [Dev Acc: 0.4795417348608838]
L002489 | 
L002490-L002505 | [REDACTED: batch progress and internal diagnostics]
L002506 | [Epoch 100] [Time: 2.64]
L002507 | [Train Loss: 0.7175]
L002508 | [Train F1: 0.6798354112358527]
L002509 | [Train Acc: 0.6830159646085786]
L002510 | [Dev Loss: 1.2304]
L002511 | [Dev F1: 0.4476794516259368]
L002512 | [Dev Acc: 0.502454991816694]
L002513 | 
L002514-L002529 | [REDACTED: batch progress and internal diagnostics]
L002530 | [Epoch 101] [Time: 2.48]
L002531 | [Train Loss: 0.7223]
L002532 | [Train F1: 0.6790463594164552]
L002533 | [Train Acc: 0.678976726293518]
L002534 | [Dev Loss: 1.3203]
L002535 | [Dev F1: 0.43482314264153493]
L002536 | [Dev Acc: 0.45990180032733224]
L002537 | 
L002538-L002553 | [REDACTED: batch progress and internal diagnostics]
L002554 | [Epoch 102] [Time: 2.66]
L002555 | [Train Loss: 0.7142]
L002556 | [Train F1: 0.6851724744316514]
L002557 | [Train Acc: 0.6868628582419696]
L002558 | [Dev Loss: 1.4027]
L002559 | [Dev F1: 0.3795469813508608]
L002560 | [Dev Acc: 0.46153846153846156]
L002561 | 
L002562-L002577 | [REDACTED: batch progress and internal diagnostics]
L002578 | [Epoch 103] [Time: 2.45]
L002579 | [Train Loss: 0.7269]
L002580 | [Train F1: 0.6797006452944416]
L002581 | [Train Acc: 0.6807078284285439]
L002582 | [Dev Loss: 1.2757]
L002583 | [Dev F1: 0.44952279198553774]
L002584 | [Dev Acc: 0.486088379705401]
L002585 | 
L002586-L002601 | [REDACTED: batch progress and internal diagnostics]
L002602 | [Epoch 104] [Time: 2.56]
L002603 | [Train Loss: 0.7319]
L002604 | [Train F1: 0.674750878696651]
L002605 | [Train Acc: 0.6764762454318138]
L002606 | [Dev Loss: 1.3024]
L002607 | [Dev F1: 0.4579028382362109]
L002608 | [Dev Acc: 0.5008183306055647]
L002609 | 
L002610-L002625 | [REDACTED: batch progress and internal diagnostics]
L002626 | [Epoch 105] [Time: 2.61]
L002627 | [Train Loss: 0.723]
L002628 | [Train F1: 0.6746493563234675]
L002629 | [Train Acc: 0.6758992113868052]
L002630 | [Dev Loss: 1.2588]
L002631 | [Dev F1: 0.44044207752923603]
L002632 | [Dev Acc: 0.48117839607201307]
L002633 | 
L002634-L002649 | [REDACTED: batch progress and internal diagnostics]
L002650 | [Epoch 106] [Time: 2.57]
L002651 | [Train Loss: 0.722]
L002652 | [Train F1: 0.6862771073545568]
L002653 | [Train Acc: 0.688016926331987]
L002654 | [Dev Loss: 1.3319]
L002655 | [Dev F1: 0.4550971058827578]
L002656 | [Dev Acc: 0.5008183306055647]
L002657 | 
L002658-L002673 | [REDACTED: batch progress and internal diagnostics]
L002674 | [Epoch 107] [Time: 2.52]
L002675 | [Train Loss: 0.7062]
L002676 | [Train F1: 0.6855938123714778]
L002677 | [Train Acc: 0.6870552029236392]
L002678 | [Dev Loss: 1.2707]
L002679 | [Dev F1: 0.43443649659871586]
L002680 | [Dev Acc: 0.469721767594108]
L002681 | 
L002682-L002697 | [REDACTED: batch progress and internal diagnostics]
L002698 | [Epoch 108] [Time: 2.52]
L002699 | [Train Loss: 0.7075]
L002700 | [Train F1: 0.6865737160334764]
L002701 | [Train Acc: 0.6878245816503173]
L002702 | [Dev Loss: 1.3911]
L002703 | [Dev F1: 0.4358748036034601]
L002704 | [Dev Acc: 0.48117839607201307]
L002705 | 
L002706-L002721 | [REDACTED: batch progress and internal diagnostics]
L002722 | [Epoch 109] [Time: 2.60]
L002723 | [Train Loss: 0.6968]
L002724 | [Train F1: 0.6943478482887973]
L002725 | [Train Acc: 0.6962877476437777]
L002726 | [Dev Loss: 1.2523]
L002727 | [Dev F1: 0.46549186975942614]
L002728 | [Dev Acc: 0.4959083469721768]
L002729 | 
L002730-L002745 | [REDACTED: batch progress and internal diagnostics]
L002746 | [Epoch 110] [Time: 2.68]
L002747 | [Train Loss: 0.6934]
L002748 | [Train F1: 0.6950285017082862]
L002749 | [Train Acc: 0.6970571263704558]
L002750 | [Dev Loss: 1.3033]
L002751 | [Dev F1: 0.43540149316376164]
L002752 | [Dev Acc: 0.486088379705401]
L002753 | 
L002754-L002769 | [REDACTED: batch progress and internal diagnostics]
L002770 | [Epoch 111] [Time: 2.70]
L002771 | [Train Loss: 0.6979]
L002772 | [Train F1: 0.6947438589233209]
L002773 | [Train Acc: 0.6951336795537604]
L002774 | [Dev Loss: 1.3294]
L002775 | [Dev F1: 0.45077311486210164]
L002776 | [Dev Acc: 0.4877250409165303]
L002777 | 
L002778-L002793 | [REDACTED: batch progress and internal diagnostics]
L002794 | [Epoch 112] [Time: 2.60]
L002795 | [Train Loss: 0.7002]
L002796 | [Train F1: 0.6884668406029186]
L002797 | [Train Acc: 0.6910944412386998]
L002798 | [Dev Loss: 1.3322]
L002799 | [Dev F1: 0.41704336504320877]
L002800 | [Dev Acc: 0.46481178396072015]
L002801 | 
L002802-L002817 | [REDACTED: batch progress and internal diagnostics]
L002818 | [Epoch 113] [Time: 2.52]
L002819 | [Train Loss: 0.701]
L002820 | [Train F1: 0.6992861988235736]
L002821 | [Train Acc: 0.7009040200038469]
L002822 | [Dev Loss: 1.3688]
L002823 | [Dev F1: 0.38709774891106047]
L002824 | [Dev Acc: 0.4500818330605565]
L002825 | 
L002826-L002841 | [REDACTED: batch progress and internal diagnostics]
L002842 | [Epoch 114] [Time: 2.51]
L002843 | [Train Loss: 0.6898]
L002844 | [Train F1: 0.6931287988854504]
L002845 | [Train Acc: 0.6937872667820735]
L002846 | [Dev Loss: 1.2701]
L002847 | [Dev F1: 0.45993216169317275]
L002848 | [Dev Acc: 0.4877250409165303]
L002849 | 
L002850-L002865 | [REDACTED: batch progress and internal diagnostics]
L002866 | [Epoch 115] [Time: 2.68]
L002867 | [Train Loss: 0.6926]
L002868 | [Train F1: 0.6994905114503526]
L002869 | [Train Acc: 0.6997499519138296]
L002870 | [Dev Loss: 1.3505]
L002871 | [Dev F1: 0.42615700680451807]
L002872 | [Dev Acc: 0.48117839607201307]
L002873 | 
L002874-L002889 | [REDACTED: batch progress and internal diagnostics]
L002890 | [Epoch 116] [Time: 2.60]
L002891 | [Train Loss: 0.693]
L002892 | [Train F1: 0.6951340477926087]
L002893 | [Train Acc: 0.6968647816887863]
L002894 | [Dev Loss: 1.3379]
L002895 | [Dev F1: 0.4471603715546634]
L002896 | [Dev Acc: 0.48936170212765956]
L002897 | 
L002898-L002913 | [REDACTED: batch progress and internal diagnostics]
L002914 | [Epoch 117] [Time: 2.64]
L002915 | [Train Loss: 0.6894]
L002916 | [Train F1: 0.6958558380489565]
L002917 | [Train Acc: 0.6984035391421427]
L002918 | [Dev Loss: 1.3201]
L002919 | [Dev F1: 0.42275165553740074]
L002920 | [Dev Acc: 0.4664484451718494]
L002921 | 
L002922-L002937 | [REDACTED: batch progress and internal diagnostics]
L002938 | [Epoch 118] [Time: 2.65]
L002939 | [Train Loss: 0.6885]
L002940 | [Train F1: 0.6941824936976269]
L002941 | [Train Acc: 0.6943643008270821]
L002942 | [Dev Loss: 1.3888]
L002943 | [Dev F1: 0.4363609139619071]
L002944 | [Dev Acc: 0.4779050736497545]
L002945 | 
L002946-L002961 | [REDACTED: batch progress and internal diagnostics]
L002962 | [Epoch 119] [Time: 2.44]
L002963 | [Train Loss: 0.6765]
L002964 | [Train F1: 0.7033870329797178]
L002965 | [Train Acc: 0.705135603000577]
L002966 | [Dev Loss: 1.3181]
L002967 | [Dev F1: 0.4497287962029741]
L002968 | [Dev Acc: 0.49263502454991814]
L002969 | 
L002970-L002985 | [REDACTED: batch progress and internal diagnostics]
L002986 | [Epoch 120] [Time: 2.52]
L002987 | [Train Loss: 0.6616]
L002988 | [Train F1: 0.7096677362206791]
L002989 | [Train Acc: 0.7099442200423158]
L002990 | [Dev Loss: 1.2853]
L002991 | [Dev F1: 0.4567581697605886]
L002992 | [Dev Acc: 0.4877250409165303]
L002993 | 
L002994-L003009 | [REDACTED: batch progress and internal diagnostics]
L003010 | [Epoch 121] [Time: 2.59]
L003011 | [Train Loss: 0.6556]
L003012 | [Train F1: 0.7152276761084234]
L003013 | [Train Acc: 0.7168686285824197]
L003014 | [Dev Loss: 1.3831]
L003015 | [Dev F1: 0.43785377438387235]
L003016 | [Dev Acc: 0.4664484451718494]
L003017 | 
L003018-L003033 | [REDACTED: batch progress and internal diagnostics]
L003034 | [Epoch 122] [Time: 2.65]
L003035 | [Train Loss: 0.6508]
L003036 | [Train F1: 0.7159548807508572]
L003037 | [Train Acc: 0.7162915945374111]
L003038 | [Dev Loss: 1.4076]
L003039 | [Dev F1: 0.43349864848112296]
L003040 | [Dev Acc: 0.46808510638297873]
L003041 | 
L003042-L003057 | [REDACTED: batch progress and internal diagnostics]
L003058 | [Epoch 123] [Time: 2.72]
L003059 | [Train Loss: 0.6402]
L003060 | [Train F1: 0.7224971585710864]
L003061 | [Train Acc: 0.7239853818041931]
L003062 | [Dev Loss: 1.3928]
L003063 | [Dev F1: 0.4381499581011701]
L003064 | [Dev Acc: 0.4664484451718494]
L003065 | 
L003066-L003081 | [REDACTED: batch progress and internal diagnostics]
L003082 | [Epoch 124] [Time: 2.51]
L003083 | [Train Loss: 0.6421]
L003084 | [Train F1: 0.7219901001565079]
L003085 | [Train Acc: 0.7226389690325062]
L003086 | [Dev Loss: 1.3469]
L003087 | [Dev F1: 0.4797722635923822]
L003088 | [Dev Acc: 0.5106382978723404]
L003089 | 
L003090-L003105 | [REDACTED: batch progress and internal diagnostics]
L003106 | [Epoch 125] [Time: 2.68]
L003107 | [Train Loss: 0.632]
L003108 | [Train F1: 0.7258221200128391]
L003109 | [Train Acc: 0.7274475860742451]
L003110 | [Dev Loss: 1.3533]
L003111 | [Dev F1: 0.44592455003164716]
L003112 | [Dev Acc: 0.48117839607201307]
L003113 | 
L003114-L003129 | [REDACTED: batch progress and internal diagnostics]
L003130 | [Epoch 126] [Time: 2.70]
L003131 | [Train Loss: 0.6415]
L003132 | [Train F1: 0.7218663331628521]
L003133 | [Train Acc: 0.7218695903058281]
L003134 | [Dev Loss: 1.345]
L003135 | [Dev F1: 0.4823297907617685]
L003136 | [Dev Acc: 0.5090016366612111]
L003137 | 
L003138-L003153 | [REDACTED: batch progress and internal diagnostics]
L003154 | [Epoch 127] [Time: 2.63]
L003155 | [Train Loss: 0.6572]
L003156 | [Train F1: 0.7203087536504749]
L003157 | [Train Acc: 0.7207155222158107]
L003158 | [Dev Loss: 1.4724]
L003159 | [Dev F1: 0.4077519864439386]
L003160 | [Dev Acc: 0.4500818330605565]
L003161 | 
L003162-L003177 | [REDACTED: batch progress and internal diagnostics]
L003178 | [Epoch 128] [Time: 2.58]
L003179 | [Train Loss: 0.6609]
L003180 | [Train F1: 0.7150071937124326]
L003181 | [Train Acc: 0.7168686285824197]
L003182 | [Dev Loss: 1.3723]
L003183 | [Dev F1: 0.4379205333116972]
L003184 | [Dev Acc: 0.46481178396072015]
L003185 | 
L003186-L003201 | [REDACTED: batch progress and internal diagnostics]
L003202 | [Epoch 129] [Time: 2.65]
L003203 | [Train Loss: 0.6404]
L003204 | [Train F1: 0.7307104654824242]
L003205 | [Train Acc: 0.7322562031159838]
L003206 | [Dev Loss: 1.2832]
L003207 | [Dev F1: 0.4612715941581748]
L003208 | [Dev Acc: 0.49918166939443537]
L003209 | 
L003210-L003225 | [REDACTED: batch progress and internal diagnostics]
L003226 | [Epoch 130] [Time: 2.59]
L003227 | [Train Loss: 0.619]
L003228 | [Train F1: 0.7349716722031754]
L003229 | [Train Acc: 0.7341796499326794]
L003230 | [Dev Loss: 1.3591]
L003231 | [Dev F1: 0.44441786578074854]
L003232 | [Dev Acc: 0.4844517184942717]
L003233 | 
L003234-L003249 | [REDACTED: batch progress and internal diagnostics]
L003250 | [Epoch 131] [Time: 2.76]
L003251 | [Train Loss: 0.618]
L003252 | [Train F1: 0.7378600153306257]
L003253 | [Train Acc: 0.7384112329294095]
L003254 | [Dev Loss: 1.4029]
L003255 | [Dev F1: 0.4504777534171134]
L003256 | [Dev Acc: 0.4877250409165303]
L003257 | 
L003258-L003273 | [REDACTED: batch progress and internal diagnostics]
L003274 | [Epoch 132] [Time: 2.76]
L003275 | [Train Loss: 0.6144]
L003276 | [Train F1: 0.7358017710951774]
L003277 | [Train Acc: 0.7372571648393922]
L003278 | [Dev Loss: 1.3137]
L003279 | [Dev F1: 0.42455065503450035]
L003280 | [Dev Acc: 0.46153846153846156]
L003281 | 
L003282-L003297 | [REDACTED: batch progress and internal diagnostics]
L003298 | [Epoch 133] [Time: 2.54]
L003299 | [Train Loss: 0.6024]
L003300 | [Train F1: 0.7506835067796739]
L003301 | [Train Acc: 0.7511059819195999]
L003302 | [Dev Loss: 1.3334]
L003303 | [Dev F1: 0.46408200860921217]
L003304 | [Dev Acc: 0.5040916530278232]
L003305 | 
L003306-L003321 | [REDACTED: batch progress and internal diagnostics]
L003322 | [Epoch 134] [Time: 2.65]
L003323 | [Train Loss: 0.5883]
L003324 | [Train F1: 0.7510163824800339]
L003325 | [Train Acc: 0.7518753606462781]
L003326 | [Dev Loss: 1.4513]
L003327 | [Dev F1: 0.42873175957392873]
L003328 | [Dev Acc: 0.45171849427168576]
L003329 | 
L003330-L003345 | [REDACTED: batch progress and internal diagnostics]
L003346 | [Epoch 135] [Time: 2.58]
L003347 | [Train Loss: 0.5801]
L003348 | [Train F1: 0.7523511896774311]
L003349 | [Train Acc: 0.7526447393729563]
L003350 | [Dev Loss: 1.5028]
L003351 | [Dev F1: 0.45337425107226953]
L003352 | [Dev Acc: 0.4877250409165303]
L003353 | 
L003354-L003369 | [REDACTED: batch progress and internal diagnostics]
L003370 | [Epoch 136] [Time: 2.62]
L003371 | [Train Loss: 0.5882]
L003372 | [Train F1: 0.7479098663187185]
L003373 | [Train Acc: 0.7484131563762262]
L003374 | [Dev Loss: 1.471]
L003375 | [Dev F1: 0.43170619411556155]
L003376 | [Dev Acc: 0.45499181669394434]
L003377 | 
L003378-L003393 | [REDACTED: batch progress and internal diagnostics]
L003394 | [Epoch 137] [Time: 2.59]
L003395 | [Train Loss: 0.5704]
L003396 | [Train F1: 0.7562149841798057]
L003397 | [Train Acc: 0.7572610117330256]
L003398 | [Dev Loss: 1.436]
L003399 | [Dev F1: 0.44744504567534665]
L003400 | [Dev Acc: 0.4762684124386252]
L003401 | 
L003402-L003417 | [REDACTED: batch progress and internal diagnostics]
L003418 | [Epoch 138] [Time: 2.72]
L003419 | [Train Loss: 0.5511]
L003420 | [Train F1: 0.7669898947693061]
L003421 | [Train Acc: 0.7672629351798422]
L003422 | [Dev Loss: 1.5136]
L003423 | [Dev F1: 0.4221979343501328]
L003424 | [Dev Acc: 0.4582651391162029]
L003425 | 
L003426-L003441 | [REDACTED: batch progress and internal diagnostics]
L003442 | [Epoch 139] [Time: 2.78]
L003443 | [Train Loss: 0.5837]
L003444 | [Train F1: 0.7561506570263787]
L003445 | [Train Acc: 0.7568763223696865]
L003446 | [Dev Loss: 1.4747]
L003447 | [Dev F1: 0.4368708106652536]
L003448 | [Dev Acc: 0.45499181669394434]
L003449 | 
L003450-L003465 | [REDACTED: batch progress and internal diagnostics]
L003466 | [Epoch 140] [Time: 2.58]
L003467 | [Train Loss: 0.5695]
L003468 | [Train F1: 0.7592860273509435]
L003469 | [Train Acc: 0.7593768032313907]
L003470 | [Dev Loss: 1.5627]
L003471 | [Dev F1: 0.4077624883953775]
L003472 | [Dev Acc: 0.4337152209492635]
L003473 | 
L003474-L003489 | [REDACTED: batch progress and internal diagnostics]
L003490 | [Epoch 141] [Time: 2.71]
L003491 | [Train Loss: 0.5671]
L003492 | [Train F1: 0.7692612548644384]
L003493 | [Train Acc: 0.7703404500865552]
L003494 | [Dev Loss: 1.4507]
L003495 | [Dev F1: 0.48109990238588024]
L003496 | [Dev Acc: 0.502454991816694]
L003497 | 
L003498-L003513 | [REDACTED: batch progress and internal diagnostics]
L003514 | [Epoch 142] [Time: 2.47]
L003515 | [Train Loss: 0.5567]
L003516 | [Train F1: 0.7648695859225796]
L003517 | [Train Acc: 0.7653394883631468]
L003518 | [Dev Loss: 1.4114]
L003519 | [Dev F1: 0.453043263723879]
L003520 | [Dev Acc: 0.4959083469721768]
L003521 | 
L003522-L003537 | [REDACTED: batch progress and internal diagnostics]
L003538 | [Epoch 143] [Time: 2.69]
L003539 | [Train Loss: 0.5384]
L003540 | [Train F1: 0.7694580426295893]
L003541 | [Train Acc: 0.7701481054048855]
L003542 | [Dev Loss: 1.6846]
L003543 | [Dev F1: 0.4163311713583533]
L003544 | [Dev Acc: 0.44844517184942717]
L003545 | 
L003546-L003561 | [REDACTED: batch progress and internal diagnostics]
L003562 | [Epoch 144] [Time: 2.58]
L003563 | [Train Loss: 0.5447]
L003564 | [Train F1: 0.767967156458517]
L003565 | [Train Acc: 0.7688016926331986]
L003566 | [Dev Loss: 1.5849]
L003567 | [Dev F1: 0.44908826205423724]
L003568 | [Dev Acc: 0.4762684124386252]
L003569 | 
L003570-L003585 | [REDACTED: batch progress and internal diagnostics]
L003586 | [Epoch 145] [Time: 2.63]
L003587 | [Train Loss: 0.5252]
L003588 | [Train F1: 0.7821581413062726]
L003589 | [Train Acc: 0.782842854395076]
L003590 | [Dev Loss: 1.4701]
L003591 | [Dev F1: 0.4524831931711897]
L003592 | [Dev Acc: 0.4828150572831424]
L003593 | 
L003594-L003609 | [REDACTED: batch progress and internal diagnostics]
L003610 | [Epoch 146] [Time: 2.56]
L003611 | [Train Loss: 0.5157]
L003612 | [Train F1: 0.7911142337084195]
L003613 | [Train Acc: 0.7916907097518754]
L003614 | [Dev Loss: 1.4909]
L003615 | [Dev F1: 0.46669591626684287]
L003616 | [Dev Acc: 0.5057283142389526]
L003617 | 
L003618-L003633 | [REDACTED: batch progress and internal diagnostics]
L003634 | [Epoch 147] [Time: 2.57]
L003635 | [Train Loss: 0.5056]
L003636 | [Train F1: 0.7929983280747916]
L003637 | [Train Acc: 0.7934218118869013]
L003638 | [Dev Loss: 1.6278]
L003639 | [Dev F1: 0.44800110690691325]
L003640 | [Dev Acc: 0.4828150572831424]
L003641 | 
L003642-L003657 | [REDACTED: batch progress and internal diagnostics]
L003658 | [Epoch 148] [Time: 2.76]
L003659 | [Train Loss: 0.4854]
L003660 | [Train F1: 0.8020354026221611]
L003661 | [Train Acc: 0.8018849778803616]
L003662 | [Dev Loss: 1.6292]
L003663 | [Dev F1: 0.45595601971416716]
L003664 | [Dev Acc: 0.4877250409165303]
L003665 | 
L003666-L003681 | [REDACTED: batch progress and internal diagnostics]
L003682 | [Epoch 149] [Time: 2.53]
L003683 | [Train Loss: 0.4708]
L003684 | [Train F1: 0.8042994267329632]
L003685 | [Train Acc: 0.8053471821504136]
L003686 | [Dev Loss: 1.7679]
L003687 | [Dev F1: 0.40377959128686236]
L003688 | [Dev Acc: 0.43044189852700493]
L003689 | Last model
L003690 |               precision    recall  f1-score   support
L003691 | 
L003692 |          hap     0.5417    0.1806    0.2708       144
L003693 |          sad     0.7977    0.5633    0.6603       245
L003694 |          neu     0.5544    0.5443    0.5493       384
L003695 |          ang     0.5023    0.6353    0.5610       170
L003696 |          exc     0.6496    0.8495    0.7362       299
L003697 |          fru     0.5203    0.5722    0.5450       381
L003698 | 
L003699 |     accuracy                         0.5872      1623
L003700 |    macro avg     0.5943    0.5575    0.5538      1623
L003701 | weighted avg     0.5941    0.5872    0.5760      1623
L003702 | 
L003703 | Best model at epoch: 126
L003704 | Best dev F1: 0.4823297907617685
L003705 |               precision    recall  f1-score   support
L003706 | 
L003707 |          hap     0.5306    0.1806    0.2694       144
L003708 |          sad     0.7965    0.5592    0.6571       245
L003709 |          neu     0.5255    0.6719    0.5897       384
L003710 |          ang     0.6355    0.4000    0.4910       170
L003711 |          exc     0.6461    0.9097    0.7556       299
L003712 |          fru     0.5744    0.5774    0.5759       381
L003713 | 
L003714 |     accuracy                         0.6044      1623
L003715 |    macro avg     0.6181    0.5498    0.5564      1623
L003716 | weighted avg     0.6121    0.6044    0.5884      1623
L003717 | 
L003718 | Best test F1: 0.5884364297329303
L003719 | Best test Acc: 0.6044362292051756
L003720 | [SANITIZED] Saved checkpoint: [path and filename removed]
