# Redacted copy of an existing run log.
# run_id: G02-seed2
# dataset: IEMOCAP
# model: GCNet+AMBER
# imr: (0.3,0.7,0.5)
# seed_alias: seed2
# original_log_sha256: 8dbd74404db3b780a65f3079ed63f21c9b217403a620cd98db1483bedd6382a4
# source_record_status: ok
# source_record_process_return_code: 3221226505
# L numbers refer to source logical lines; REDACTED/SANITIZED text is editorial.
L000001-L000005 | [REDACTED: configuration or implementation details]
L000006 | [SANITIZED] FutureWarning: [dependency deprecation notice; implementation details removed]
L000007-L000068 | [REDACTED: configuration or implementation details]
L000069 | [SANITIZED] Seed alias: seed2
L000070 | [REDACTED: configuration or implementation details]
L000071 | 
L000072-L000073 | [REDACTED: batch progress and internal diagnostics]
L000074 | 
L000075-L000076 | [REDACTED: batch progress and internal diagnostics]
L000077 | 
L000078-L000079 | [REDACTED: batch progress and internal diagnostics]
L000080-L000083 | [REDACTED: configuration or implementation details]
L000084 | [SANITIZED] Seed alias: seed2
L000085-L000088 | [REDACTED: configuration or implementation details]
L000089 | 
L000090-L000105 | [REDACTED: batch progress and internal diagnostics]
L000106 | [Epoch 0] [Time: 3.15]
L000107 | [Train Loss: 1.7461]
L000108 | [Train F1: 0.21127640612921672]
L000109 | [Train Acc: 0.24389305635699174]
L000110 | [Dev Loss: 1.7089]
L000111 | [Dev F1: 0.22005403372536086]
L000112 | [Dev Acc: 0.2978723404255319]
L000113 | 
L000114-L000129 | [REDACTED: batch progress and internal diagnostics]
L000130 | [Epoch 1] [Time: 2.78]
L000131 | [Train Loss: 1.565]
L000132 | [Train F1: 0.2779378294648954]
L000133 | [Train Acc: 0.36314675899211385]
L000134 | [Dev Loss: 1.6186]
L000135 | [Dev F1: 0.2412847673284817]
L000136 | [Dev Acc: 0.36661211129296234]
L000137 | 
L000138-L000153 | [REDACTED: batch progress and internal diagnostics]
L000154 | [Epoch 2] [Time: 2.67]
L000155 | [Train Loss: 1.3587]
L000156 | [Train F1: 0.38894086061606653]
L000157 | [Train Acc: 0.46143489132525484]
L000158 | [Dev Loss: 1.5888]
L000159 | [Dev F1: 0.266635323746676]
L000160 | [Dev Acc: 0.36824877250409166]
L000161 | 
L000162-L000177 | [REDACTED: batch progress and internal diagnostics]
L000178 | [Epoch 3] [Time: 2.61]
L000179 | [Train Loss: 1.2658]
L000180 | [Train F1: 0.4510190559281901]
L000181 | [Train Acc: 0.4887478361223312]
L000182 | [Dev Loss: 1.4385]
L000183 | [Dev F1: 0.32669518629259053]
L000184 | [Dev Acc: 0.3911620294599018]
L000185 | 
L000186-L000201 | [REDACTED: batch progress and internal diagnostics]
L000202 | [Epoch 4] [Time: 2.75]
L000203 | [Train Loss: 1.1895]
L000204 | [Train F1: 0.4758253091013224]
L000205 | [Train Acc: 0.5149067128293903]
L000206 | [Dev Loss: 1.4719]
L000207 | [Dev F1: 0.3144276384708376]
L000208 | [Dev Acc: 0.36006546644844517]
L000209 | 
L000210-L000225 | [REDACTED: batch progress and internal diagnostics]
L000226 | [Epoch 5] [Time: 2.79]
L000227 | [Train Loss: 1.1546]
L000228 | [Train F1: 0.4983853830561463]
L000229 | [Train Acc: 0.5258703596845548]
L000230 | [Dev Loss: 1.3774]
L000231 | [Dev F1: 0.3005123805472617]
L000232 | [Dev Acc: 0.37970540098199673]
L000233 | 
L000234-L000249 | [REDACTED: batch progress and internal diagnostics]
L000250 | [Epoch 6] [Time: 2.67]
L000251 | [Train Loss: 1.1303]
L000252 | [Train F1: 0.5186598960608243]
L000253 | [Train Acc: 0.5429890363531449]
L000254 | [Dev Loss: 1.471]
L000255 | [Dev F1: 0.3266938770722437]
L000256 | [Dev Acc: 0.37970540098199673]
L000257 | 
L000258-L000273 | [REDACTED: batch progress and internal diagnostics]
L000274 | [Epoch 7] [Time: 2.63]
L000275 | [Train Loss: 1.087]
L000276 | [Train F1: 0.5401567169005825]
L000277 | [Train Acc: 0.5570301981150221]
L000278 | [Dev Loss: 1.3987]
L000279 | [Dev F1: 0.3067123659574847]
L000280 | [Dev Acc: 0.3944353518821604]
L000281 | 
L000282-L000297 | [REDACTED: batch progress and internal diagnostics]
L000298 | [Epoch 8] [Time: 2.76]
L000299 | [Train Loss: 1.0772]
L000300 | [Train F1: 0.543980356620111]
L000301 | [Train Acc: 0.5570301981150221]
L000302 | [Dev Loss: 1.4197]
L000303 | [Dev F1: 0.3175434530282025]
L000304 | [Dev Acc: 0.37479541734860883]
L000305 | 
L000306-L000321 | [REDACTED: batch progress and internal diagnostics]
L000322 | [Epoch 9] [Time: 2.77]
L000323 | [Train Loss: 1.0586]
L000324 | [Train F1: 0.5658989952056056]
L000325 | [Train Acc: 0.5714560492402385]
L000326 | [Dev Loss: 1.427]
L000327 | [Dev F1: 0.3067123659574847]
L000328 | [Dev Acc: 0.3944353518821604]
L000329 | 
L000330-L000345 | [REDACTED: batch progress and internal diagnostics]
L000346 | [Epoch 10] [Time: 2.71]
L000347 | [Train Loss: 1.0487]
L000348 | [Train F1: 0.5564140704465023]
L000349 | [Train Acc: 0.5656857087901519]
L000350 | [Dev Loss: 1.3643]
L000351 | [Dev F1: 0.36124634077235496]
L000352 | [Dev Acc: 0.3862520458265139]
L000353 | 
L000354-L000369 | [REDACTED: batch progress and internal diagnostics]
L000370 | [Epoch 11] [Time: 2.69]
L000371 | [Train Loss: 1.0357]
L000372 | [Train F1: 0.568293362899128]
L000373 | [Train Acc: 0.5785728024620119]
L000374 | [Dev Loss: 1.3512]
L000375 | [Dev F1: 0.34728250954290085]
L000376 | [Dev Acc: 0.3960720130932897]
L000377 | 
L000378-L000393 | [REDACTED: batch progress and internal diagnostics]
L000394 | [Epoch 12] [Time: 2.72]
L000395 | [Train Loss: 1.0358]
L000396 | [Train F1: 0.5715349985055711]
L000397 | [Train Acc: 0.577226389690325]
L000398 | [Dev Loss: 1.3683]
L000399 | [Dev F1: 0.3399127734514689]
L000400 | [Dev Acc: 0.4288052373158756]
L000401 | 
L000402-L000417 | [REDACTED: batch progress and internal diagnostics]
L000418 | [Epoch 13] [Time: 2.67]
L000419 | [Train Loss: 1.0159]
L000420 | [Train F1: 0.5629457295803864]
L000421 | [Train Acc: 0.5791498365070206]
L000422 | [Dev Loss: 1.3463]
L000423 | [Dev F1: 0.40676922386908104]
L000424 | [Dev Acc: 0.4369885433715221]
L000425 | 
L000426-L000441 | [REDACTED: batch progress and internal diagnostics]
L000442 | [Epoch 14] [Time: 2.56]
L000443 | [Train Loss: 1.0028]
L000444 | [Train F1: 0.5807908759395658]
L000445 | [Train Acc: 0.5858819003654548]
L000446 | [Dev Loss: 1.3269]
L000447 | [Dev F1: 0.34904220790054585]
L000448 | [Dev Acc: 0.4337152209492635]
L000449 | 
L000450-L000465 | [REDACTED: batch progress and internal diagnostics]
L000466 | [Epoch 15] [Time: 2.64]
L000467 | [Train Loss: 0.9925]
L000468 | [Train F1: 0.5792495523779315]
L000469 | [Train Acc: 0.588382381227159]
L000470 | [Dev Loss: 1.3104]
L000471 | [Dev F1: 0.3802794854250667]
L000472 | [Dev Acc: 0.42716857610474634]
L000473 | 
L000474-L000489 | [REDACTED: batch progress and internal diagnostics]
L000490 | [Epoch 16] [Time: 2.61]
L000491 | [Train Loss: 0.9703]
L000492 | [Train F1: 0.5955149179012924]
L000493 | [Train Acc: 0.5999230621273322]
L000494 | [Dev Loss: 1.3296]
L000495 | [Dev F1: 0.3951880264480151]
L000496 | [Dev Acc: 0.4206219312602291]
L000497 | 
L000498-L000513 | [REDACTED: batch progress and internal diagnostics]
L000514 | [Epoch 17] [Time: 2.76]
L000515 | [Train Loss: 0.959]
L000516 | [Train F1: 0.5877562186676809]
L000517 | [Train Acc: 0.5949221004039238]
L000518 | [Dev Loss: 1.3298]
L000519 | [Dev F1: 0.38437659155355525]
L000520 | [Dev Acc: 0.43044189852700493]
L000521 | 
L000522-L000537 | [REDACTED: batch progress and internal diagnostics]
L000538 | [Epoch 18] [Time: 2.77]
L000539 | [Train Loss: 0.9666]
L000540 | [Train F1: 0.5911797896224239]
L000541 | [Train Acc: 0.5958838238122716]
L000542 | [Dev Loss: 1.3355]
L000543 | [Dev F1: 0.3805811125009129]
L000544 | [Dev Acc: 0.4238952536824877]
L000545 | 
L000546-L000561 | [REDACTED: batch progress and internal diagnostics]
L000562 | [Epoch 19] [Time: 2.77]
L000563 | [Train Loss: 0.9577]
L000564 | [Train F1: 0.5876366837820206]
L000565 | [Train Acc: 0.5954991344489324]
L000566 | [Dev Loss: 1.3822]
L000567 | [Dev F1: 0.3680940206200081]
L000568 | [Dev Acc: 0.44844517184942717]
L000569 | 
L000570-L000585 | [REDACTED: batch progress and internal diagnostics]
L000586 | [Epoch 20] [Time: 2.71]
L000587 | [Train Loss: 0.9563]
L000588 | [Train F1: 0.5919213751071677]
L000589 | [Train Acc: 0.5968455472206193]
L000590 | [Dev Loss: 1.3307]
L000591 | [Dev F1: 0.4425490246639482]
L000592 | [Dev Acc: 0.4746317512274959]
L000593 | 
L000594-L000609 | [REDACTED: batch progress and internal diagnostics]
L000610 | [Epoch 21] [Time: 2.61]
L000611 | [Train Loss: 0.9492]
L000612 | [Train F1: 0.6012334493309356]
L000613 | [Train Acc: 0.6055010578957492]
L000614 | [Dev Loss: 1.3292]
L000615 | [Dev F1: 0.3729425921002482]
L000616 | [Dev Acc: 0.4337152209492635]
L000617 | 
L000618-L000633 | [REDACTED: batch progress and internal diagnostics]
L000634 | [Epoch 22] [Time: 2.61]
L000635 | [Train Loss: 0.9555]
L000636 | [Train F1: 0.5835701230334487]
L000637 | [Train Acc: 0.5937680323139065]
L000638 | [Dev Loss: 1.3972]
L000639 | [Dev F1: 0.37696404397651045]
L000640 | [Dev Acc: 0.4402618657937807]
L000641 | 
L000642-L000657 | [REDACTED: batch progress and internal diagnostics]
L000658 | [Epoch 23] [Time: 2.74]
L000659 | [Train Loss: 0.9424]
L000660 | [Train F1: 0.6022304205478909]
L000661 | [Train Acc: 0.6037699557607232]
L000662 | [Dev Loss: 1.2889]
L000663 | [Dev F1: 0.3602298904524738]
L000664 | [Dev Acc: 0.44353518821603927]
L000665 | 
L000666-L000681 | [REDACTED: batch progress and internal diagnostics]
L000682 | [Epoch 24] [Time: 2.76]
L000683 | [Train Loss: 0.951]
L000684 | [Train F1: 0.5954431265641353]
L000685 | [Train Acc: 0.6016541642623582]
L000686 | [Dev Loss: 1.3688]
L000687 | [Dev F1: 0.3298186041917353]
L000688 | [Dev Acc: 0.3944353518821604]
L000689 | 
L000690-L000705 | [REDACTED: batch progress and internal diagnostics]
L000706 | [Epoch 25] [Time: 2.74]
L000707 | [Train Loss: 0.9412]
L000708 | [Train F1: 0.5970354768063528]
L000709 | [Train Acc: 0.6003077514906713]
L000710 | [Dev Loss: 1.3167]
L000711 | [Dev F1: 0.4119871593427326]
L000712 | [Dev Acc: 0.4664484451718494]
L000713 | 
L000714-L000729 | [REDACTED: batch progress and internal diagnostics]
L000730 | [Epoch 26] [Time: 2.64]
L000731 | [Train Loss: 0.9264]
L000732 | [Train F1: 0.6022762338339483]
L000733 | [Train Acc: 0.6095402962108097]
L000734 | [Dev Loss: 1.3235]
L000735 | [Dev F1: 0.3854578578029828]
L000736 | [Dev Acc: 0.4369885433715221]
L000737 | 
L000738-L000753 | [REDACTED: batch progress and internal diagnostics]
L000754 | [Epoch 27] [Time: 2.80]
L000755 | [Train Loss: 0.9037]
L000756 | [Train F1: 0.6059197960320827]
L000757 | [Train Acc: 0.6062704366224274]
L000758 | [Dev Loss: 1.3137]
L000759 | [Dev F1: 0.3797824258039725]
L000760 | [Dev Acc: 0.45662847790507366]
L000761 | 
L000762-L000777 | [REDACTED: batch progress and internal diagnostics]
L000778 | [Epoch 28] [Time: 2.70]
L000779 | [Train Loss: 0.9039]
L000780 | [Train F1: 0.6056714719831575]
L000781 | [Train Acc: 0.6155029813425659]
L000782 | [Dev Loss: 1.3147]
L000783 | [Dev F1: 0.3839008320128275]
L000784 | [Dev Acc: 0.43044189852700493]
L000785 | 
L000786-L000801 | [REDACTED: batch progress and internal diagnostics]
L000802 | [Epoch 29] [Time: 2.76]
L000803 | [Train Loss: 0.9002]
L000804 | [Train F1: 0.6060422187311295]
L000805 | [Train Acc: 0.6064627813040969]
L000806 | [Dev Loss: 1.3194]
L000807 | [Dev F1: 0.39237606290867155]
L000808 | [Dev Acc: 0.46153846153846156]
L000809 | 
L000810-L000825 | [REDACTED: batch progress and internal diagnostics]
L000826 | [Epoch 30] [Time: 2.83]
L000827 | [Train Loss: 0.8937]
L000828 | [Train F1: 0.6123149860294511]
L000829 | [Train Acc: 0.6199269090209656]
L000830 | [Dev Loss: 1.368]
L000831 | [Dev F1: 0.3627670004104606]
L000832 | [Dev Acc: 0.44189852700491]
L000833 | 
L000834-L000849 | [REDACTED: batch progress and internal diagnostics]
L000850 | [Epoch 31] [Time: 2.61]
L000851 | [Train Loss: 0.8934]
L000852 | [Train F1: 0.6162287443018326]
L000853 | [Train Acc: 0.6166570494325831]
L000854 | [Dev Loss: 1.3327]
L000855 | [Dev F1: 0.3704261302421214]
L000856 | [Dev Acc: 0.4500818330605565]
L000857 | 
L000858-L000873 | [REDACTED: batch progress and internal diagnostics]
L000874 | [Epoch 32] [Time: 2.59]
L000875 | [Train Loss: 0.8831]
L000876 | [Train F1: 0.6157894984804757]
L000877 | [Train Acc: 0.6233891132910175]
L000878 | [Dev Loss: 1.2914]
L000879 | [Dev F1: 0.39605084359665793]
L000880 | [Dev Acc: 0.45990180032733224]
L000881 | 
L000882-L000897 | [REDACTED: batch progress and internal diagnostics]
L000898 | [Epoch 33] [Time: 2.71]
L000899 | [Train Loss: 0.8801]
L000900 | [Train F1: 0.6193186240463516]
L000901 | [Train Acc: 0.6224273898826698]
L000902 | [Dev Loss: 1.3128]
L000903 | [Dev F1: 0.38944972959679697]
L000904 | [Dev Acc: 0.4533551554828151]
L000905 | 
L000906-L000921 | [REDACTED: batch progress and internal diagnostics]
L000922 | [Epoch 34] [Time: 2.67]
L000923 | [Train Loss: 0.8876]
L000924 | [Train F1: 0.6130125768500123]
L000925 | [Train Acc: 0.6166570494325831]
L000926 | [Dev Loss: 1.2917]
L000927 | [Dev F1: 0.410959990546219]
L000928 | [Dev Acc: 0.46808510638297873]
L000929 | 
L000930-L000945 | [REDACTED: batch progress and internal diagnostics]
L000946 | [Epoch 35] [Time: 2.68]
L000947 | [Train Loss: 0.8793]
L000948 | [Train F1: 0.6103803039563814]
L000949 | [Train Acc: 0.614156568570879]
L000950 | [Dev Loss: 1.3625]
L000951 | [Dev F1: 0.39561687531005435]
L000952 | [Dev Acc: 0.46481178396072015]
L000953 | 
L000954-L000969 | [REDACTED: batch progress and internal diagnostics]
L000970 | [Epoch 36] [Time: 2.84]
L000971 | [Train Loss: 0.8772]
L000972 | [Train F1: 0.6216490155755509]
L000973 | [Train Acc: 0.6258895941527217]
L000974 | [Dev Loss: 1.2513]
L000975 | [Dev F1: 0.39861886294765814]
L000976 | [Dev Acc: 0.44353518821603927]
L000977 | 
L000978-L000993 | [REDACTED: batch progress and internal diagnostics]
L000994 | [Epoch 37] [Time: 2.81]
L000995 | [Train Loss: 0.8638]
L000996 | [Train F1: 0.6261590828551687]
L000997 | [Train Acc: 0.6297364877861127]
L000998 | [Dev Loss: 1.3611]
L000999 | [Dev F1: 0.3895766591624906]
L001000 | [Dev Acc: 0.45990180032733224]
L001001 | 
L001002-L001017 | [REDACTED: batch progress and internal diagnostics]
L001018 | [Epoch 38] [Time: 2.77]
L001019 | [Train Loss: 0.8683]
L001020 | [Train F1: 0.616716552247498]
L001021 | [Train Acc: 0.6205039430659742]
L001022 | [Dev Loss: 1.258]
L001023 | [Dev F1: 0.40322091583757835]
L001024 | [Dev Acc: 0.46317512274959083]
L001025 | 
L001026-L001041 | [REDACTED: batch progress and internal diagnostics]
L001042 | [Epoch 39] [Time: 2.55]
L001043 | [Train Loss: 0.871]
L001044 | [Train F1: 0.6192642452718637]
L001045 | [Train Acc: 0.6226197345643393]
L001046 | [Dev Loss: 1.2316]
L001047 | [Dev F1: 0.40908813284597345]
L001048 | [Dev Acc: 0.4779050736497545]
L001049 | 
L001050-L001065 | [REDACTED: batch progress and internal diagnostics]
L001066 | [Epoch 40] [Time: 2.72]
L001067 | [Train Loss: 0.8575]
L001068 | [Train F1: 0.6214004276584459]
L001069 | [Train Acc: 0.6280053856510868]
L001070 | [Dev Loss: 1.2726]
L001071 | [Dev F1: 0.41793708581487937]
L001072 | [Dev Acc: 0.44844517184942717]
L001073 | 
L001074-L001089 | [REDACTED: batch progress and internal diagnostics]
L001090 | [Epoch 41] [Time: 2.83]
L001091 | [Train Loss: 0.873]
L001092 | [Train F1: 0.6225368691109071]
L001093 | [Train Acc: 0.6247355260627043]
L001094 | [Dev Loss: 1.2672]
L001095 | [Dev F1: 0.4034205859602052]
L001096 | [Dev Acc: 0.44844517184942717]
L001097 | 
L001098-L001113 | [REDACTED: batch progress and internal diagnostics]
L001114 | [Epoch 42] [Time: 2.77]
L001115 | [Train Loss: 0.8673]
L001116 | [Train F1: 0.6172278422856122]
L001117 | [Train Acc: 0.6216580111559915]
L001118 | [Dev Loss: 1.2838]
L001119 | [Dev F1: 0.4246590744487102]
L001120 | [Dev Acc: 0.4795417348608838]
L001121 | 
L001122-L001137 | [REDACTED: batch progress and internal diagnostics]
L001138 | [Epoch 43] [Time: 2.69]
L001139 | [Train Loss: 0.8579]
L001140 | [Train F1: 0.6283210617792253]
L001141 | [Train Acc: 0.6293517984227736]
L001142 | [Dev Loss: 1.2571]
L001143 | [Dev F1: 0.3897304246020366]
L001144 | [Dev Acc: 0.4762684124386252]
L001145 | 
L001146-L001161 | [REDACTED: batch progress and internal diagnostics]
L001162 | [Epoch 44] [Time: 2.87]
L001163 | [Train Loss: 0.854]
L001164 | [Train F1: 0.6275555125344863]
L001165 | [Train Acc: 0.6333910367378341]
L001166 | [Dev Loss: 1.2962]
L001167 | [Dev F1: 0.37183043715941216]
L001168 | [Dev Acc: 0.4288052373158756]
L001169 | 
L001170-L001185 | [REDACTED: batch progress and internal diagnostics]
L001186 | [Epoch 45] [Time: 2.64]
L001187 | [Train Loss: 0.8499]
L001188 | [Train F1: 0.6209859624252647]
L001189 | [Train Acc: 0.6243508366993653]
L001190 | [Dev Loss: 1.29]
L001191 | [Dev F1: 0.3489617499340267]
L001192 | [Dev Acc: 0.44680851063829785]
L001193 | 
L001194-L001209 | [REDACTED: batch progress and internal diagnostics]
L001210 | [Epoch 46] [Time: 2.76]
L001211 | [Train Loss: 0.8692]
L001212 | [Train F1: 0.6154896954669195]
L001213 | [Train Acc: 0.6181958068859396]
L001214 | [Dev Loss: 1.2886]
L001215 | [Dev F1: 0.38923267764091746]
L001216 | [Dev Acc: 0.4337152209492635]
L001217 | 
L001218-L001233 | [REDACTED: batch progress and internal diagnostics]
L001234 | [Epoch 47] [Time: 2.68]
L001235 | [Train Loss: 0.854]
L001236 | [Train F1: 0.6176083407048346]
L001237 | [Train Acc: 0.6216580111559915]
L001238 | [Dev Loss: 1.2287]
L001239 | [Dev F1: 0.4260220512033858]
L001240 | [Dev Acc: 0.45990180032733224]
L001241 | 
L001242-L001257 | [REDACTED: batch progress and internal diagnostics]
L001258 | [Epoch 48] [Time: 2.70]
L001259 | [Train Loss: 0.8567]
L001260 | [Train F1: 0.6221965395589133]
L001261 | [Train Acc: 0.6260819388343912]
L001262 | [Dev Loss: 1.3004]
L001263 | [Dev F1: 0.4123999004565506]
L001264 | [Dev Acc: 0.46317512274959083]
L001265 | 
L001266-L001281 | [REDACTED: batch progress and internal diagnostics]
L001282 | [Epoch 49] [Time: 2.83]
L001283 | [Train Loss: 0.8616]
L001284 | [Train F1: 0.6316265963905477]
L001285 | [Train Acc: 0.6349297941911907]
L001286 | [Dev Loss: 1.3051]
L001287 | [Dev F1: 0.41098728280617985]
L001288 | [Dev Acc: 0.4353518821603928]
L001289 | 
L001290-L001305 | [REDACTED: batch progress and internal diagnostics]
L001306 | [Epoch 50] [Time: 2.66]
L001307 | [Train Loss: 0.8437]
L001308 | [Train F1: 0.6249434326570582]
L001309 | [Train Acc: 0.6289671090594345]
L001310 | [Dev Loss: 1.2287]
L001311 | [Dev F1: 0.4139310178253781]
L001312 | [Dev Acc: 0.4746317512274959]
L001313 | 
L001314-L001329 | [REDACTED: batch progress and internal diagnostics]
L001330 | [Epoch 51] [Time: 2.76]
L001331 | [Train Loss: 0.8449]
L001332 | [Train F1: 0.6267212639898404]
L001333 | [Train Acc: 0.6316599346028082]
L001334 | [Dev Loss: 1.259]
L001335 | [Dev F1: 0.3929892602744783]
L001336 | [Dev Acc: 0.45990180032733224]
L001337 | 
L001338-L001353 | [REDACTED: batch progress and internal diagnostics]
L001354 | [Epoch 52] [Time: 2.57]
L001355 | [Train Loss: 0.8401]
L001356 | [Train F1: 0.6314326159207527]
L001357 | [Train Acc: 0.6376226197345644]
L001358 | [Dev Loss: 1.2541]
L001359 | [Dev F1: 0.421798230918582]
L001360 | [Dev Acc: 0.44844517184942717]
L001361 | 
L001362-L001377 | [REDACTED: batch progress and internal diagnostics]
L001378 | [Epoch 53] [Time: 2.74]
L001379 | [Train Loss: 0.8336]
L001380 | [Train F1: 0.628658279011763]
L001381 | [Train Acc: 0.6312752452394691]
L001382 | [Dev Loss: 1.2787]
L001383 | [Dev F1: 0.36246784765615886]
L001384 | [Dev Acc: 0.44189852700491]
L001385 | 
L001386-L001401 | [REDACTED: batch progress and internal diagnostics]
L001402 | [Epoch 54] [Time: 2.79]
L001403 | [Train Loss: 0.823]
L001404 | [Train F1: 0.6315321080344062]
L001405 | [Train Acc: 0.6358915175995383]
L001406 | [Dev Loss: 1.3569]
L001407 | [Dev F1: 0.3679375793449003]
L001408 | [Dev Acc: 0.43044189852700493]
L001409 | 
L001410-L001425 | [REDACTED: batch progress and internal diagnostics]
L001426 | [Epoch 55] [Time: 2.68]
L001427 | [Train Loss: 0.8273]
L001428 | [Train F1: 0.6295487397083257]
L001429 | [Train Acc: 0.6330063473744951]
L001430 | [Dev Loss: 1.2749]
L001431 | [Dev F1: 0.3877142169810931]
L001432 | [Dev Acc: 0.44844517184942717]
L001433 | 
L001434-L001449 | [REDACTED: batch progress and internal diagnostics]
L001450 | [Epoch 56] [Time: 2.68]
L001451 | [Train Loss: 0.8243]
L001452 | [Train F1: 0.6298552479196328]
L001453 | [Train Acc: 0.6353144835545297]
L001454 | [Dev Loss: 1.273]
L001455 | [Dev F1: 0.39256870130802]
L001456 | [Dev Acc: 0.44353518821603927]
L001457 | 
L001458-L001473 | [REDACTED: batch progress and internal diagnostics]
L001474 | [Epoch 57] [Time: 2.66]
L001475 | [Train Loss: 0.8129]
L001476 | [Train F1: 0.6428534772085327]
L001477 | [Train Acc: 0.6451240623196769]
L001478 | [Dev Loss: 1.2982]
L001479 | [Dev F1: 0.44967008203327963]
L001480 | [Dev Acc: 0.4713584288052373]
L001481 | 
L001482-L001497 | [REDACTED: batch progress and internal diagnostics]
L001498 | [Epoch 58] [Time: 2.69]
L001499 | [Train Loss: 0.8205]
L001500 | [Train F1: 0.6354823314170245]
L001501 | [Train Acc: 0.6383919984612425]
L001502 | [Dev Loss: 1.2901]
L001503 | [Dev F1: 0.4034159798324619]
L001504 | [Dev Acc: 0.4664484451718494]
L001505 | 
L001506-L001521 | [REDACTED: batch progress and internal diagnostics]
L001522 | [Epoch 59] [Time: 2.61]
L001523 | [Train Loss: 0.8256]
L001524 | [Train F1: 0.6279921733912686]
L001525 | [Train Acc: 0.6308905558761301]
L001526 | [Dev Loss: 1.3288]
L001527 | [Dev F1: 0.40911720774822985]
L001528 | [Dev Acc: 0.44189852700491]
L001529 | 
L001530-L001545 | [REDACTED: batch progress and internal diagnostics]
L001546 | [Epoch 60] [Time: 2.60]
L001547 | [Train Loss: 0.8239]
L001548 | [Train F1: 0.6296448363773123]
L001549 | [Train Acc: 0.632621658011156]
L001550 | [Dev Loss: 1.2511]
L001551 | [Dev F1: 0.40713032171259517]
L001552 | [Dev Acc: 0.45171849427168576]
L001553 | 
L001554-L001569 | [REDACTED: batch progress and internal diagnostics]
L001570 | [Epoch 61] [Time: 2.78]
L001571 | [Train Loss: 0.8231]
L001572 | [Train F1: 0.6368520706019333]
L001573 | [Train Acc: 0.6420465474129641]
L001574 | [Dev Loss: 1.3736]
L001575 | [Dev F1: 0.4022065196931737]
L001576 | [Dev Acc: 0.4533551554828151]
L001577 | 
L001578-L001593 | [REDACTED: batch progress and internal diagnostics]
L001594 | [Epoch 62] [Time: 2.70]
L001595 | [Train Loss: 0.8301]
L001596 | [Train F1: 0.6321714924831515]
L001597 | [Train Acc: 0.6330063473744951]
L001598 | [Dev Loss: 1.3105]
L001599 | [Dev F1: 0.37645559920864324]
L001600 | [Dev Acc: 0.4238952536824877]
L001601 | 
L001602-L001617 | [REDACTED: batch progress and internal diagnostics]
L001618 | [Epoch 63] [Time: 2.80]
L001619 | [Train Loss: 0.8246]
L001620 | [Train F1: 0.6344500425098942]
L001621 | [Train Acc: 0.640315445277938]
L001622 | [Dev Loss: 1.2871]
L001623 | [Dev F1: 0.3948746430125251]
L001624 | [Dev Acc: 0.44844517184942717]
L001625 | 
L001626-L001641 | [REDACTED: batch progress and internal diagnostics]
L001642 | [Epoch 64] [Time: 2.66]
L001643 | [Train Loss: 0.8216]
L001644 | [Train F1: 0.6357034811154859]
L001645 | [Train Acc: 0.6383919984612425]
L001646 | [Dev Loss: 1.3234]
L001647 | [Dev F1: 0.42108231450412736]
L001648 | [Dev Acc: 0.4451718494271686]
L001649 | 
L001650-L001665 | [REDACTED: batch progress and internal diagnostics]
L001666 | [Epoch 65] [Time: 2.76]
L001667 | [Train Loss: 0.8122]
L001668 | [Train F1: 0.635133610238588]
L001669 | [Train Acc: 0.6389690325062513]
L001670 | [Dev Loss: 1.2891]
L001671 | [Dev F1: 0.4027888450368319]
L001672 | [Dev Acc: 0.4533551554828151]
L001673 | 
L001674-L001689 | [REDACTED: batch progress and internal diagnostics]
L001690 | [Epoch 66] [Time: 2.64]
L001691 | [Train Loss: 0.8032]
L001692 | [Train F1: 0.639704112994351]
L001693 | [Train Acc: 0.6414695133679553]
L001694 | [Dev Loss: 1.3085]
L001695 | [Dev F1: 0.3822964871763274]
L001696 | [Dev Acc: 0.44353518821603927]
L001697 | 
L001698-L001713 | [REDACTED: batch progress and internal diagnostics]
L001714 | [Epoch 67] [Time: 2.60]
L001715 | [Train Loss: 0.7958]
L001716 | [Train F1: 0.6398510164164611]
L001717 | [Train Acc: 0.6453164070013464]
L001718 | [Dev Loss: 1.3322]
L001719 | [Dev F1: 0.40079664368976214]
L001720 | [Dev Acc: 0.44844517184942717]
L001721 | 
L001722-L001737 | [REDACTED: batch progress and internal diagnostics]
L001738 | [Epoch 68] [Time: 2.57]
L001739 | [Train Loss: 0.8082]
L001740 | [Train F1: 0.6444496411276803]
L001741 | [Train Acc: 0.645893441046355]
L001742 | [Dev Loss: 1.3155]
L001743 | [Dev F1: 0.41254015434261687]
L001744 | [Dev Acc: 0.44189852700491]
L001745 | 
L001746-L001761 | [REDACTED: batch progress and internal diagnostics]
L001762 | [Epoch 69] [Time: 2.83]
L001763 | [Train Loss: 0.8007]
L001764 | [Train F1: 0.6396061528529092]
L001765 | [Train Acc: 0.6432006155029814]
L001766 | [Dev Loss: 1.3141]
L001767 | [Dev F1: 0.3942973077892986]
L001768 | [Dev Acc: 0.44353518821603927]
L001769 | 
L001770-L001785 | [REDACTED: batch progress and internal diagnostics]
L001786 | [Epoch 70] [Time: 2.70]
L001787 | [Train Loss: 0.7957]
L001788 | [Train F1: 0.6417988543042539]
L001789 | [Train Acc: 0.64377764954799]
L001790 | [Dev Loss: 1.3191]
L001791 | [Dev F1: 0.4084560045137155]
L001792 | [Dev Acc: 0.4500818330605565]
L001793 | 
L001794-L001809 | [REDACTED: batch progress and internal diagnostics]
L001810 | [Epoch 71] [Time: 2.70]
L001811 | [Train Loss: 0.8015]
L001812 | [Train F1: 0.640970543787177]
L001813 | [Train Acc: 0.6466628197730333]
L001814 | [Dev Loss: 1.3475]
L001815 | [Dev F1: 0.40671339094856257]
L001816 | [Dev Acc: 0.4533551554828151]
L001817 | 
L001818-L001833 | [REDACTED: batch progress and internal diagnostics]
L001834 | [Epoch 72] [Time: 2.76]
L001835 | [Train Loss: 0.8]
L001836 | [Train F1: 0.6475189151345827]
L001837 | [Train Acc: 0.6487786112713984]
L001838 | [Dev Loss: 1.3334]
L001839 | [Dev F1: 0.40396836299413763]
L001840 | [Dev Acc: 0.45171849427168576]
L001841 | 
L001842-L001857 | [REDACTED: batch progress and internal diagnostics]
L001858 | [Epoch 73] [Time: 2.76]
L001859 | [Train Loss: 0.7933]
L001860 | [Train F1: 0.6434599614254002]
L001861 | [Train Acc: 0.6485862665897288]
L001862 | [Dev Loss: 1.3228]
L001863 | [Dev F1: 0.39844317602587204]
L001864 | [Dev Acc: 0.44353518821603927]
L001865 | 
L001866-L001881 | [REDACTED: batch progress and internal diagnostics]
L001882 | [Epoch 74] [Time: 2.75]
L001883 | [Train Loss: 0.7984]
L001884 | [Train F1: 0.6363519238636335]
L001885 | [Train Acc: 0.6387766878245816]
L001886 | [Dev Loss: 1.3053]
L001887 | [Dev F1: 0.38484143200472526]
L001888 | [Dev Acc: 0.44680851063829785]
L001889 | 
L001890-L001905 | [REDACTED: batch progress and internal diagnostics]
L001906 | [Epoch 75] [Time: 2.78]
L001907 | [Train Loss: 0.7917]
L001908 | [Train F1: 0.6505710359689719]
L001909 | [Train Acc: 0.6535872283131371]
L001910 | [Dev Loss: 1.3068]
L001911 | [Dev F1: 0.36232588767932017]
L001912 | [Dev Acc: 0.42716857610474634]
L001913 | 
L001914-L001929 | [REDACTED: batch progress and internal diagnostics]
L001930 | [Epoch 76] [Time: 2.68]
L001931 | [Train Loss: 0.7949]
L001932 | [Train F1: 0.6469537872789194]
L001933 | [Train Acc: 0.6478168878630506]
L001934 | [Dev Loss: 1.3782]
L001935 | [Dev F1: 0.3627040311591173]
L001936 | [Dev Acc: 0.4206219312602291]
L001937 | 
L001938-L001953 | [REDACTED: batch progress and internal diagnostics]
L001954 | [Epoch 77] [Time: 2.78]
L001955 | [Train Loss: 0.7978]
L001956 | [Train F1: 0.6392369241248868]
L001957 | [Train Acc: 0.6462781304096942]
L001958 | [Dev Loss: 1.2677]
L001959 | [Dev F1: 0.41619570179735416]
L001960 | [Dev Acc: 0.4746317512274959]
L001961 | 
L001962-L001977 | [REDACTED: batch progress and internal diagnostics]
L001978 | [Epoch 78] [Time: 2.63]
L001979 | [Train Loss: 0.7935]
L001980 | [Train F1: 0.6469041328459227]
L001981 | [Train Acc: 0.6464704750913637]
L001982 | [Dev Loss: 1.3333]
L001983 | [Dev F1: 0.41449651010143473]
L001984 | [Dev Acc: 0.4500818330605565]
L001985 | 
L001986-L002001 | [REDACTED: batch progress and internal diagnostics]
L002002 | [Epoch 79] [Time: 2.63]
L002003 | [Train Loss: 0.7889]
L002004 | [Train F1: 0.6446571053280281]
L002005 | [Train Acc: 0.6507020580880939]
L002006 | [Dev Loss: 1.3804]
L002007 | [Dev F1: 0.37114239847058844]
L002008 | [Dev Acc: 0.42716857610474634]
L002009 | 
L002010-L002025 | [REDACTED: batch progress and internal diagnostics]
L002026 | [Epoch 80] [Time: 2.82]
L002027 | [Train Loss: 0.7848]
L002028 | [Train F1: 0.6502907785088867]
L002029 | [Train Acc: 0.6507020580880939]
L002030 | [Dev Loss: 1.3166]
L002031 | [Dev F1: 0.36903564662560934]
L002032 | [Dev Acc: 0.43044189852700493]
L002033 | 
L002034-L002049 | [REDACTED: batch progress and internal diagnostics]
L002050 | [Epoch 81] [Time: 2.63]
L002051 | [Train Loss: 0.7814]
L002052 | [Train F1: 0.6485543362917323]
L002053 | [Train Acc: 0.6539719176764762]
L002054 | [Dev Loss: 1.3252]
L002055 | [Dev F1: 0.38093967632709685]
L002056 | [Dev Acc: 0.4353518821603928]
L002057 | 
L002058-L002073 | [REDACTED: batch progress and internal diagnostics]
L002074 | [Epoch 82] [Time: 2.80]
L002075 | [Train Loss: 0.7758]
L002076 | [Train F1: 0.6552811620227492]
L002077 | [Train Acc: 0.6585881900365455]
L002078 | [Dev Loss: 1.3032]
L002079 | [Dev F1: 0.41633400120326985]
L002080 | [Dev Acc: 0.46153846153846156]
L002081 | 
L002082-L002097 | [REDACTED: batch progress and internal diagnostics]
L002098 | [Epoch 83] [Time: 2.72]
L002099 | [Train Loss: 0.7731]
L002100 | [Train F1: 0.6482915493553588]
L002101 | [Train Acc: 0.6508944027697634]
L002102 | [Dev Loss: 1.3884]
L002103 | [Dev F1: 0.38353590122805886]
L002104 | [Dev Acc: 0.4369885433715221]
L002105 | 
L002106-L002121 | [REDACTED: batch progress and internal diagnostics]
L002122 | [Epoch 84] [Time: 2.75]
L002123 | [Train Loss: 0.7717]
L002124 | [Train F1: 0.6533204676595757]
L002125 | [Train Acc: 0.65666474321985]
L002126 | [Dev Loss: 1.2827]
L002127 | [Dev F1: 0.39486052989177517]
L002128 | [Dev Acc: 0.44189852700491]
L002129 | 
L002130-L002145 | [REDACTED: batch progress and internal diagnostics]
L002146 | [Epoch 85] [Time: 2.77]
L002147 | [Train Loss: 0.7708]
L002148 | [Train F1: 0.6585570333794598]
L002149 | [Train Acc: 0.6607039815349106]
L002150 | [Dev Loss: 1.4162]
L002151 | [Dev F1: 0.3664004464417145]
L002152 | [Dev Acc: 0.4353518821603928]
L002153 | 
L002154-L002169 | [REDACTED: batch progress and internal diagnostics]
L002170 | [Epoch 86] [Time: 2.71]
L002171 | [Train Loss: 0.7763]
L002172 | [Train F1: 0.6532844694830188]
L002173 | [Train Acc: 0.6555106751298326]
L002174 | [Dev Loss: 1.3974]
L002175 | [Dev F1: 0.40192363543797033]
L002176 | [Dev Acc: 0.4386252045826514]
L002177 | 
L002178-L002193 | [REDACTED: batch progress and internal diagnostics]
L002194 | [Epoch 87] [Time: 2.65]
L002195 | [Train Loss: 0.7781]
L002196 | [Train F1: 0.6404838434646755]
L002197 | [Train Acc: 0.6468551644547028]
L002198 | [Dev Loss: 1.3211]
L002199 | [Dev F1: 0.3777223927081169]
L002200 | [Dev Acc: 0.4288052373158756]
L002201 | 
L002202-L002217 | [REDACTED: batch progress and internal diagnostics]
L002218 | [Epoch 88] [Time: 2.70]
L002219 | [Train Loss: 0.7795]
L002220 | [Train F1: 0.6485494274987673]
L002221 | [Train Acc: 0.6505097134064243]
L002222 | [Dev Loss: 1.4142]
L002223 | [Dev F1: 0.39368496980710416]
L002224 | [Dev Acc: 0.4337152209492635]
L002225 | 
L002226-L002241 | [REDACTED: batch progress and internal diagnostics]
L002242 | [Epoch 89] [Time: 2.66]
L002243 | [Train Loss: 0.7742]
L002244 | [Train F1: 0.6568500721486609]
L002245 | [Train Acc: 0.6589728793998846]
L002246 | [Dev Loss: 1.2776]
L002247 | [Dev F1: 0.3906738210414796]
L002248 | [Dev Acc: 0.4369885433715221]
L002249 | 
L002250-L002265 | [REDACTED: batch progress and internal diagnostics]
L002266 | [Epoch 90] [Time: 2.78]
L002267 | [Train Loss: 0.7708]
L002268 | [Train F1: 0.6569830548437157]
L002269 | [Train Acc: 0.6597422581265628]
L002270 | [Dev Loss: 1.3507]
L002271 | [Dev F1: 0.389121302721672]
L002272 | [Dev Acc: 0.4369885433715221]
L002273 | 
L002274-L002289 | [REDACTED: batch progress and internal diagnostics]
L002290 | [Epoch 91] [Time: 2.65]
L002291 | [Train Loss: 0.7599]
L002292 | [Train F1: 0.658971984559749]
L002293 | [Train Acc: 0.6635891517599538]
L002294 | [Dev Loss: 1.3126]
L002295 | [Dev F1: 0.4182075855695207]
L002296 | [Dev Acc: 0.45990180032733224]
L002297 | 
L002298-L002313 | [REDACTED: batch progress and internal diagnostics]
L002314 | [Epoch 92] [Time: 2.79]
L002315 | [Train Loss: 0.7607]
L002316 | [Train F1: 0.6561953835072966]
L002317 | [Train Acc: 0.6560877091748413]
L002318 | [Dev Loss: 1.3585]
L002319 | [Dev F1: 0.41970555005388027]
L002320 | [Dev Acc: 0.45171849427168576]
L002321 | 
L002322-L002337 | [REDACTED: batch progress and internal diagnostics]
L002338 | [Epoch 93] [Time: 2.63]
L002339 | [Train Loss: 0.7591]
L002340 | [Train F1: 0.6596868290203635]
L002341 | [Train Acc: 0.6635891517599538]
L002342 | [Dev Loss: 1.3348]
L002343 | [Dev F1: 0.4007240261920988]
L002344 | [Dev Acc: 0.4451718494271686]
L002345 | 
L002346-L002361 | [REDACTED: batch progress and internal diagnostics]
L002362 | [Epoch 94] [Time: 2.71]
L002363 | [Train Loss: 0.7507]
L002364 | [Train F1: 0.6612999997934025]
L002365 | [Train Acc: 0.662627428351606]
L002366 | [Dev Loss: 1.2985]
L002367 | [Dev F1: 0.4059985583021078]
L002368 | [Dev Acc: 0.4582651391162029]
L002369 | 
L002370-L002385 | [REDACTED: batch progress and internal diagnostics]
L002386 | [Epoch 95] [Time: 2.82]
L002387 | [Train Loss: 0.7544]
L002388 | [Train F1: 0.6572726067409115]
L002389 | [Train Acc: 0.662242738988267]
L002390 | [Dev Loss: 1.3128]
L002391 | [Dev F1: 0.4112750396364141]
L002392 | [Dev Acc: 0.46808510638297873]
L002393 | 
L002394-L002409 | [REDACTED: batch progress and internal diagnostics]
L002410 | [Epoch 96] [Time: 2.72]
L002411 | [Train Loss: 0.7576]
L002412 | [Train F1: 0.6619045111063353]
L002413 | [Train Acc: 0.6632044623966147]
L002414 | [Dev Loss: 1.4025]
L002415 | [Dev F1: 0.4126863950524719]
L002416 | [Dev Acc: 0.4500818330605565]
L002417 | 
L002418-L002433 | [REDACTED: batch progress and internal diagnostics]
L002434 | [Epoch 97] [Time: 2.81]
L002435 | [Train Loss: 0.7542]
L002436 | [Train F1: 0.6589953183037085]
L002437 | [Train Acc: 0.6616657049432583]
L002438 | [Dev Loss: 1.4094]
L002439 | [Dev F1: 0.3839317576938907]
L002440 | [Dev Acc: 0.425531914893617]
L002441 | Early stopping at epoch: 97
L002442 | Last model
L002443 |               precision    recall  f1-score   support
L002444 | 
L002445 |          hap     0.5455    0.1250    0.2034       144
L002446 |          sad     0.7624    0.5633    0.6479       245
L002447 |          neu     0.5322    0.6250    0.5749       384
L002448 |          ang     0.6301    0.5412    0.5823       170
L002449 |          exc     0.6474    0.7492    0.6946       299
L002450 |          fru     0.5021    0.6142    0.5525       381
L002451 | 
L002452 |     accuracy                         0.5829      1623
L002453 |    macro avg     0.6033    0.5363    0.5426      1623
L002454 | weighted avg     0.5925    0.5829    0.5705      1623
L002455 | 
L002456 | Best model at epoch: 57
L002457 | Best dev F1: 0.44967008203327963
L002458 |               precision    recall  f1-score   support
L002459 | 
L002460 |          hap     0.4628    0.3889    0.4226       144
L002461 |          sad     0.7371    0.5265    0.6143       245
L002462 |          neu     0.5393    0.6797    0.6014       384
L002463 |          ang     0.6562    0.4941    0.5638       170
L002464 |          exc     0.6899    0.8261    0.7519       299
L002465 |          fru     0.5322    0.4987    0.5149       381
L002466 | 
L002467 |     accuracy                         0.5958      1623
L002468 |    macro avg     0.6029    0.5690    0.5781      1623
L002469 | weighted avg     0.6007    0.5958    0.5910      1623
L002470 | 
L002471 | Best test F1: 0.5909598980689037
L002472 | Best test Acc: 0.5958102279728897
L002473 | [SANITIZED] Saved checkpoint: [path and filename removed]
