# Redacted copy of an existing run log.
# run_id: G02-seed3
# dataset: IEMOCAP
# model: GCNet+AMBER
# imr: (0.3,0.7,0.5)
# seed_alias: seed3
# original_log_sha256: a02ea7aa6db75fdcff871b7586a4aab3ba1434dcfa4a15fbdcd14bd59225fc5e
# source_record_status: ok
# source_record_process_return_code: 3221226505
# L numbers refer to source logical lines; REDACTED/SANITIZED text is editorial.
L000001-L000005 | [REDACTED: configuration or implementation details]
L000006 | [SANITIZED] FutureWarning: [dependency deprecation notice; implementation details removed]
L000007-L000068 | [REDACTED: configuration or implementation details]
L000069 | [SANITIZED] Seed alias: seed3
L000070 | [REDACTED: configuration or implementation details]
L000071 | 
L000072-L000073 | [REDACTED: batch progress and internal diagnostics]
L000074 | 
L000075-L000076 | [REDACTED: batch progress and internal diagnostics]
L000077 | 
L000078-L000079 | [REDACTED: batch progress and internal diagnostics]
L000080-L000083 | [REDACTED: configuration or implementation details]
L000084 | [SANITIZED] Seed alias: seed3
L000085-L000088 | [REDACTED: configuration or implementation details]
L000089 | 
L000090-L000105 | [REDACTED: batch progress and internal diagnostics]
L000106 | [Epoch 0] [Time: 3.21]
L000107 | [Train Loss: 1.729]
L000108 | [Train F1: 0.20718802977024317]
L000109 | [Train Acc: 0.29486439699942296]
L000110 | [Dev Loss: 1.6788]
L000111 | [Dev F1: 0.2412847673284817]
L000112 | [Dev Acc: 0.36661211129296234]
L000113 | 
L000114-L000129 | [REDACTED: batch progress and internal diagnostics]
L000130 | [Epoch 1] [Time: 2.74]
L000131 | [Train Loss: 1.5212]
L000132 | [Train F1: 0.3497305018880715]
L000133 | [Train Acc: 0.4308520869397961]
L000134 | [Dev Loss: 1.5794]
L000135 | [Dev F1: 0.24832187265145442]
L000136 | [Dev Acc: 0.36661211129296234]
L000137 | 
L000138-L000153 | [REDACTED: batch progress and internal diagnostics]
L000154 | [Epoch 2] [Time: 2.75]
L000155 | [Train Loss: 1.3228]
L000156 | [Train F1: 0.368234754364579]
L000157 | [Train Acc: 0.45739565301019425]
L000158 | [Dev Loss: 1.5111]
L000159 | [Dev F1: 0.29451960447833264]
L000160 | [Dev Acc: 0.35515548281505727]
L000161 | 
L000162-L000177 | [REDACTED: batch progress and internal diagnostics]
L000178 | [Epoch 3] [Time: 2.61]
L000179 | [Train Loss: 1.2361]
L000180 | [Train F1: 0.45058613309329926]
L000181 | [Train Acc: 0.5012502404308521]
L000182 | [Dev Loss: 1.4584]
L000183 | [Dev F1: 0.3317505270735303]
L000184 | [Dev Acc: 0.3895253682487725]
L000185 | 
L000186-L000201 | [REDACTED: batch progress and internal diagnostics]
L000202 | [Epoch 4] [Time: 2.85]
L000203 | [Train Loss: 1.172]
L000204 | [Train F1: 0.4845296616909386]
L000205 | [Train Acc: 0.5241392575495287]
L000206 | [Dev Loss: 1.3912]
L000207 | [Dev F1: 0.29451960447833264]
L000208 | [Dev Acc: 0.35515548281505727]
L000209 | 
L000210-L000225 | [REDACTED: batch progress and internal diagnostics]
L000226 | [Epoch 5] [Time: 2.78]
L000227 | [Train Loss: 1.1539]
L000228 | [Train F1: 0.5034056171311482]
L000229 | [Train Acc: 0.5274091171379112]
L000230 | [Dev Loss: 1.4431]
L000231 | [Dev F1: 0.33042465090615397]
L000232 | [Dev Acc: 0.38461538461538464]
L000233 | 
L000234-L000249 | [REDACTED: batch progress and internal diagnostics]
L000250 | [Epoch 6] [Time: 2.68]
L000251 | [Train Loss: 1.1192]
L000252 | [Train F1: 0.5114171257981963]
L000253 | [Train Acc: 0.5362569724947105]
L000254 | [Dev Loss: 1.4759]
L000255 | [Dev F1: 0.3294738475930517]
L000256 | [Dev Acc: 0.37479541734860883]
L000257 | 
L000258-L000273 | [REDACTED: batch progress and internal diagnostics]
L000274 | [Epoch 7] [Time: 2.76]
L000275 | [Train Loss: 1.084]
L000276 | [Train F1: 0.5384159607208342]
L000277 | [Train Acc: 0.5481823427582228]
L000278 | [Dev Loss: 1.3933]
L000279 | [Dev F1: 0.2784944902415595]
L000280 | [Dev Acc: 0.37315875613747956]
L000281 | 
L000282-L000297 | [REDACTED: batch progress and internal diagnostics]
L000298 | [Epoch 8] [Time: 2.72]
L000299 | [Train Loss: 1.0829]
L000300 | [Train F1: 0.5503273612807896]
L000301 | [Train Acc: 0.5643392960184651]
L000302 | [Dev Loss: 1.4176]
L000303 | [Dev F1: 0.3104025267309805]
L000304 | [Dev Acc: 0.381342062193126]
L000305 | 
L000306-L000321 | [REDACTED: batch progress and internal diagnostics]
L000322 | [Epoch 9] [Time: 2.73]
L000323 | [Train Loss: 1.0523]
L000324 | [Train F1: 0.5650840290189647]
L000325 | [Train Acc: 0.5737641854202731]
L000326 | [Dev Loss: 1.3732]
L000327 | [Dev F1: 0.327363962821284]
L000328 | [Dev Acc: 0.4026186579378069]
L000329 | 
L000330-L000345 | [REDACTED: batch progress and internal diagnostics]
L000346 | [Epoch 10] [Time: 2.62]
L000347 | [Train Loss: 1.024]
L000348 | [Train F1: 0.5669629079352824]
L000349 | [Train Acc: 0.5722254279669167]
L000350 | [Dev Loss: 1.352]
L000351 | [Dev F1: 0.3402185283119558]
L000352 | [Dev Acc: 0.3895253682487725]
L000353 | 
L000354-L000369 | [REDACTED: batch progress and internal diagnostics]
L000370 | [Epoch 11] [Time: 2.51]
L000371 | [Train Loss: 1.0175]
L000372 | [Train F1: 0.581478205000844]
L000373 | [Train Acc: 0.5897287939988459]
L000374 | [Dev Loss: 1.3604]
L000375 | [Dev F1: 0.3380232375640344]
L000376 | [Dev Acc: 0.37152209492635024]
L000377 | 
L000378-L000393 | [REDACTED: batch progress and internal diagnostics]
L000394 | [Epoch 12] [Time: 2.77]
L000395 | [Train Loss: 1.0017]
L000396 | [Train F1: 0.583896266680541]
L000397 | [Train Acc: 0.5887670705904982]
L000398 | [Dev Loss: 1.3329]
L000399 | [Dev F1: 0.3314509784423504]
L000400 | [Dev Acc: 0.41734860883797054]
L000401 | 
L000402-L000417 | [REDACTED: batch progress and internal diagnostics]
L000418 | [Epoch 13] [Time: 2.75]
L000419 | [Train Loss: 0.9877]
L000420 | [Train F1: 0.5939024694331765]
L000421 | [Train Acc: 0.6001154068090018]
L000422 | [Dev Loss: 1.3177]
L000423 | [Dev F1: 0.36813210297879567]
L000424 | [Dev Acc: 0.3944353518821604]
L000425 | 
L000426-L000441 | [REDACTED: batch progress and internal diagnostics]
L000442 | [Epoch 14] [Time: 2.74]
L000443 | [Train Loss: 0.9728]
L000444 | [Train F1: 0.5915039116354945]
L000445 | [Train Acc: 0.5979996153106366]
L000446 | [Dev Loss: 1.3345]
L000447 | [Dev F1: 0.35741553443274915]
L000448 | [Dev Acc: 0.40916530278232405]
L000449 | 
L000450-L000465 | [REDACTED: batch progress and internal diagnostics]
L000466 | [Epoch 15] [Time: 2.68]
L000467 | [Train Loss: 0.9691]
L000468 | [Train F1: 0.5901250024796093]
L000469 | [Train Acc: 0.5920369301788806]
L000470 | [Dev Loss: 1.33]
L000471 | [Dev F1: 0.3676649696971597]
L000472 | [Dev Acc: 0.44844517184942717]
L000473 | 
L000474-L000489 | [REDACTED: batch progress and internal diagnostics]
L000490 | [Epoch 16] [Time: 2.69]
L000491 | [Train Loss: 0.9647]
L000492 | [Train F1: 0.5828382091652277]
L000493 | [Train Acc: 0.5945374110405848]
L000494 | [Dev Loss: 1.3706]
L000495 | [Dev F1: 0.364509245095006]
L000496 | [Dev Acc: 0.3862520458265139]
L000497 | 
L000498-L000513 | [REDACTED: batch progress and internal diagnostics]
L000514 | [Epoch 17] [Time: 2.68]
L000515 | [Train Loss: 0.9636]
L000516 | [Train F1: 0.5973974647246177]
L000517 | [Train Acc: 0.6003077514906713]
L000518 | [Dev Loss: 1.3483]
L000519 | [Dev F1: 0.37272808482668446]
L000520 | [Dev Acc: 0.41734860883797054]
L000521 | 
L000522-L000537 | [REDACTED: batch progress and internal diagnostics]
L000538 | [Epoch 18] [Time: 2.78]
L000539 | [Train Loss: 0.9511]
L000540 | [Train F1: 0.5932849326857368]
L000541 | [Train Acc: 0.5972302365839585]
L000542 | [Dev Loss: 1.3496]
L000543 | [Dev F1: 0.3552294500798841]
L000544 | [Dev Acc: 0.43044189852700493]
L000545 | 
L000546-L000561 | [REDACTED: batch progress and internal diagnostics]
L000562 | [Epoch 19] [Time: 2.74]
L000563 | [Train Loss: 0.951]
L000564 | [Train F1: 0.5880687927291044]
L000565 | [Train Acc: 0.5966532025389498]
L000566 | [Dev Loss: 1.347]
L000567 | [Dev F1: 0.3667310543937045]
L000568 | [Dev Acc: 0.40589198036006546]
L000569 | 
L000570-L000585 | [REDACTED: batch progress and internal diagnostics]
L000586 | [Epoch 20] [Time: 2.69]
L000587 | [Train Loss: 0.9438]
L000588 | [Train F1: 0.6072448724165818]
L000589 | [Train Acc: 0.6080015387574533]
L000590 | [Dev Loss: 1.284]
L000591 | [Dev F1: 0.4200121073367334]
L000592 | [Dev Acc: 0.4369885433715221]
L000593 | 
L000594-L000609 | [REDACTED: batch progress and internal diagnostics]
L000610 | [Epoch 21] [Time: 2.83]
L000611 | [Train Loss: 0.9304]
L000612 | [Train F1: 0.6052804195383519]
L000613 | [Train Acc: 0.6116560877091748]
L000614 | [Dev Loss: 1.3413]
L000615 | [Dev F1: 0.3627593465584629]
L000616 | [Dev Acc: 0.41080196399345337]
L000617 | 
L000618-L000633 | [REDACTED: batch progress and internal diagnostics]
L000634 | [Epoch 22] [Time: 2.67]
L000635 | [Train Loss: 0.9376]
L000636 | [Train F1: 0.5963111815317841]
L000637 | [Train Acc: 0.5987689940373149]
L000638 | [Dev Loss: 1.3098]
L000639 | [Dev F1: 0.3724116628291063]
L000640 | [Dev Acc: 0.4320785597381342]
L000641 | 
L000642-L000657 | [REDACTED: batch progress and internal diagnostics]
L000658 | [Epoch 23] [Time: 2.54]
L000659 | [Train Loss: 0.9341]
L000660 | [Train F1: 0.6010884600979572]
L000661 | [Train Acc: 0.6105020196191575]
L000662 | [Dev Loss: 1.356]
L000663 | [Dev F1: 0.3845359916363655]
L000664 | [Dev Acc: 0.41080196399345337]
L000665 | 
L000666-L000681 | [REDACTED: batch progress and internal diagnostics]
L000682 | [Epoch 24] [Time: 2.78]
L000683 | [Train Loss: 0.9235]
L000684 | [Train F1: 0.5993067434049865]
L000685 | [Train Acc: 0.6008847855356799]
L000686 | [Dev Loss: 1.3089]
L000687 | [Dev F1: 0.40485485786607833]
L000688 | [Dev Acc: 0.4386252045826514]
L000689 | 
L000690-L000705 | [REDACTED: batch progress and internal diagnostics]
L000706 | [Epoch 25] [Time: 2.63]
L000707 | [Train Loss: 0.8995]
L000708 | [Train F1: 0.6184080144126951]
L000709 | [Train Acc: 0.6237738026543566]
L000710 | [Dev Loss: 1.3029]
L000711 | [Dev F1: 0.3741850388028256]
L000712 | [Dev Acc: 0.4157119476268412]
L000713 | 
L000714-L000729 | [REDACTED: batch progress and internal diagnostics]
L000730 | [Epoch 26] [Time: 2.73]
L000731 | [Train Loss: 0.8962]
L000732 | [Train F1: 0.607364300694069]
L000733 | [Train Acc: 0.6110790536641661]
L000734 | [Dev Loss: 1.316]
L000735 | [Dev F1: 0.3968734171159291]
L000736 | [Dev Acc: 0.4288052373158756]
L000737 | 
L000738-L000753 | [REDACTED: batch progress and internal diagnostics]
L000754 | [Epoch 27] [Time: 2.65]
L000755 | [Train Loss: 0.897]
L000756 | [Train F1: 0.621873534629425]
L000757 | [Train Acc: 0.6272360069244085]
L000758 | [Dev Loss: 1.2682]
L000759 | [Dev F1: 0.4089661860081789]
L000760 | [Dev Acc: 0.4337152209492635]
L000761 | 
L000762-L000777 | [REDACTED: batch progress and internal diagnostics]
L000778 | [Epoch 28] [Time: 2.68]
L000779 | [Train Loss: 0.8811]
L000780 | [Train F1: 0.6150566327458709]
L000781 | [Train Acc: 0.6187728409309483]
L000782 | [Dev Loss: 1.2982]
L000783 | [Dev F1: 0.4133935647220589]
L000784 | [Dev Acc: 0.45171849427168576]
L000785 | 
L000786-L000801 | [REDACTED: batch progress and internal diagnostics]
L000802 | [Epoch 29] [Time: 2.59]
L000803 | [Train Loss: 0.8745]
L000804 | [Train F1: 0.6166003756451075]
L000805 | [Train Acc: 0.6222350452010001]
L000806 | [Dev Loss: 1.2958]
L000807 | [Dev F1: 0.4322507476240758]
L000808 | [Dev Acc: 0.44189852700491]
L000809 | 
L000810-L000825 | [REDACTED: batch progress and internal diagnostics]
L000826 | [Epoch 30] [Time: 2.74]
L000827 | [Train Loss: 0.8927]
L000828 | [Train F1: 0.6115696651527343]
L000829 | [Train Acc: 0.61377187920754]
L000830 | [Dev Loss: 1.2452]
L000831 | [Dev F1: 0.411035885717874]
L000832 | [Dev Acc: 0.4320785597381342]
L000833 | 
L000834-L000849 | [REDACTED: batch progress and internal diagnostics]
L000850 | [Epoch 31] [Time: 2.74]
L000851 | [Train Loss: 0.8954]
L000852 | [Train F1: 0.6141563354461529]
L000853 | [Train Acc: 0.6176187728409309]
L000854 | [Dev Loss: 1.3115]
L000855 | [Dev F1: 0.3951172470139833]
L000856 | [Dev Acc: 0.4353518821603928]
L000857 | 
L000858-L000873 | [REDACTED: batch progress and internal diagnostics]
L000874 | [Epoch 32] [Time: 2.70]
L000875 | [Train Loss: 0.889]
L000876 | [Train F1: 0.6160573385708334]
L000877 | [Train Acc: 0.619349874975957]
L000878 | [Dev Loss: 1.2827]
L000879 | [Dev F1: 0.3995150636592462]
L000880 | [Dev Acc: 0.4238952536824877]
L000881 | 
L000882-L000897 | [REDACTED: batch progress and internal diagnostics]
L000898 | [Epoch 33] [Time: 2.63]
L000899 | [Train Loss: 0.8769]
L000900 | [Train F1: 0.6108123968911613]
L000901 | [Train Acc: 0.6168493941142528]
L000902 | [Dev Loss: 1.2686]
L000903 | [Dev F1: 0.40518621328721505]
L000904 | [Dev Acc: 0.425531914893617]
L000905 | 
L000906-L000921 | [REDACTED: batch progress and internal diagnostics]
L000922 | [Epoch 34] [Time: 2.77]
L000923 | [Train Loss: 0.8732]
L000924 | [Train F1: 0.6217448889413258]
L000925 | [Train Acc: 0.6243508366993653]
L000926 | [Dev Loss: 1.2544]
L000927 | [Dev F1: 0.4040421852381142]
L000928 | [Dev Acc: 0.44844517184942717]
L000929 | 
L000930-L000945 | [REDACTED: batch progress and internal diagnostics]
L000946 | [Epoch 35] [Time: 2.70]
L000947 | [Train Loss: 0.8667]
L000948 | [Train F1: 0.6160707107563224]
L000949 | [Train Acc: 0.6218503558376611]
L000950 | [Dev Loss: 1.2893]
L000951 | [Dev F1: 0.4122158759382959]
L000952 | [Dev Acc: 0.4402618657937807]
L000953 | 
L000954-L000969 | [REDACTED: batch progress and internal diagnostics]
L000970 | [Epoch 36] [Time: 2.65]
L000971 | [Train Loss: 0.8616]
L000972 | [Train F1: 0.6286845159569373]
L000973 | [Train Acc: 0.6303135218311213]
L000974 | [Dev Loss: 1.2348]
L000975 | [Dev F1: 0.40489092576086927]
L000976 | [Dev Acc: 0.4320785597381342]
L000977 | 
L000978-L000993 | [REDACTED: batch progress and internal diagnostics]
L000994 | [Epoch 37] [Time: 2.57]
L000995 | [Train Loss: 0.8515]
L000996 | [Train F1: 0.6273631379147799]
L000997 | [Train Acc: 0.6310829005577996]
L000998 | [Dev Loss: 1.2593]
L000999 | [Dev F1: 0.4173400356039841]
L001000 | [Dev Acc: 0.4533551554828151]
L001001 | 
L001002-L001017 | [REDACTED: batch progress and internal diagnostics]
L001018 | [Epoch 38] [Time: 2.61]
L001019 | [Train Loss: 0.8539]
L001020 | [Train F1: 0.6268795523036648]
L001021 | [Train Acc: 0.6297364877861127]
L001022 | [Dev Loss: 1.2739]
L001023 | [Dev F1: 0.42542313897699574]
L001024 | [Dev Acc: 0.45662847790507366]
L001025 | 
L001026-L001041 | [REDACTED: batch progress and internal diagnostics]
L001042 | [Epoch 39] [Time: 2.84]
L001043 | [Train Loss: 0.8388]
L001044 | [Train F1: 0.6294789889534608]
L001045 | [Train Acc: 0.6362762069628775]
L001046 | [Dev Loss: 1.2717]
L001047 | [Dev F1: 0.39822108164258013]
L001048 | [Dev Acc: 0.42716857610474634]
L001049 | 
L001050-L001065 | [REDACTED: batch progress and internal diagnostics]
L001066 | [Epoch 40] [Time: 2.77]
L001067 | [Train Loss: 0.8466]
L001068 | [Train F1: 0.627457488095221]
L001069 | [Train Acc: 0.6297364877861127]
L001070 | [Dev Loss: 1.2825]
L001071 | [Dev F1: 0.4266651566815897]
L001072 | [Dev Acc: 0.4533551554828151]
L001073 | 
L001074-L001089 | [REDACTED: batch progress and internal diagnostics]
L001090 | [Epoch 41] [Time: 2.68]
L001091 | [Train Loss: 0.8444]
L001092 | [Train F1: 0.6300808856153328]
L001093 | [Train Acc: 0.6343527601461819]
L001094 | [Dev Loss: 1.3002]
L001095 | [Dev F1: 0.4089626615377562]
L001096 | [Dev Acc: 0.4369885433715221]
L001097 | 
L001098-L001113 | [REDACTED: batch progress and internal diagnostics]
L001114 | [Epoch 42] [Time: 2.80]
L001115 | [Train Loss: 0.8407]
L001116 | [Train F1: 0.6307339397914608]
L001117 | [Train Acc: 0.6330063473744951]
L001118 | [Dev Loss: 1.2481]
L001119 | [Dev F1: 0.42095635747031834]
L001120 | [Dev Acc: 0.44844517184942717]
L001121 | 
L001122-L001137 | [REDACTED: batch progress and internal diagnostics]
L001138 | [Epoch 43] [Time: 2.74]
L001139 | [Train Loss: 0.8377]
L001140 | [Train F1: 0.6305102612220976]
L001141 | [Train Acc: 0.634737449509521]
L001142 | [Dev Loss: 1.2891]
L001143 | [Dev F1: 0.41120732358784234]
L001144 | [Dev Acc: 0.4288052373158756]
L001145 | 
L001146-L001161 | [REDACTED: batch progress and internal diagnostics]
L001162 | [Epoch 44] [Time: 2.72]
L001163 | [Train Loss: 0.8439]
L001164 | [Train F1: 0.6271288822083262]
L001165 | [Train Acc: 0.6289671090594345]
L001166 | [Dev Loss: 1.3098]
L001167 | [Dev F1: 0.42104071712519786]
L001168 | [Dev Acc: 0.45662847790507366]
L001169 | 
L001170-L001185 | [REDACTED: batch progress and internal diagnostics]
L001186 | [Epoch 45] [Time: 2.76]
L001187 | [Train Loss: 0.8484]
L001188 | [Train F1: 0.6252857829288394]
L001189 | [Train Acc: 0.629159453741104]
L001190 | [Dev Loss: 1.3542]
L001191 | [Dev F1: 0.4342032994860241]
L001192 | [Dev Acc: 0.47299509001636664]
L001193 | 
L001194-L001209 | [REDACTED: batch progress and internal diagnostics]
L001210 | [Epoch 46] [Time: 2.74]
L001211 | [Train Loss: 0.8537]
L001212 | [Train F1: 0.6232523097108629]
L001213 | [Train Acc: 0.6299288324677823]
L001214 | [Dev Loss: 1.2744]
L001215 | [Dev F1: 0.434877836153309]
L001216 | [Dev Acc: 0.4337152209492635]
L001217 | 
L001218-L001233 | [REDACTED: batch progress and internal diagnostics]
L001234 | [Epoch 47] [Time: 2.68]
L001235 | [Train Loss: 0.8469]
L001236 | [Train F1: 0.6286891637172415]
L001237 | [Train Acc: 0.6320446239661474]
L001238 | [Dev Loss: 1.2592]
L001239 | [Dev F1: 0.414987590349711]
L001240 | [Dev Acc: 0.44844517184942717]
L001241 | 
L001242-L001257 | [REDACTED: batch progress and internal diagnostics]
L001258 | [Epoch 48] [Time: 2.70]
L001259 | [Train Loss: 0.8464]
L001260 | [Train F1: 0.631895539559278]
L001261 | [Train Acc: 0.6337757261011733]
L001262 | [Dev Loss: 1.2929]
L001263 | [Dev F1: 0.4013035096075381]
L001264 | [Dev Acc: 0.42716857610474634]
L001265 | 
L001266-L001281 | [REDACTED: batch progress and internal diagnostics]
L001282 | [Epoch 49] [Time: 2.75]
L001283 | [Train Loss: 0.8431]
L001284 | [Train F1: 0.626819769077607]
L001285 | [Train Acc: 0.6316599346028082]
L001286 | [Dev Loss: 1.2924]
L001287 | [Dev F1: 0.4232219055427551]
L001288 | [Dev Acc: 0.45171849427168576]
L001289 | 
L001290-L001305 | [REDACTED: batch progress and internal diagnostics]
L001306 | [Epoch 50] [Time: 2.76]
L001307 | [Train Loss: 0.8298]
L001308 | [Train F1: 0.6395528057224552]
L001309 | [Train Acc: 0.6405077899596077]
L001310 | [Dev Loss: 1.2564]
L001311 | [Dev F1: 0.3976952029005648]
L001312 | [Dev Acc: 0.425531914893617]
L001313 | 
L001314-L001329 | [REDACTED: batch progress and internal diagnostics]
L001330 | [Epoch 51] [Time: 2.76]
L001331 | [Train Loss: 0.8221]
L001332 | [Train F1: 0.6360045681444826]
L001333 | [Train Acc: 0.6420465474129641]
L001334 | [Dev Loss: 1.2829]
L001335 | [Dev F1: 0.4186482812858455]
L001336 | [Dev Acc: 0.44844517184942717]
L001337 | 
L001338-L001353 | [REDACTED: batch progress and internal diagnostics]
L001354 | [Epoch 52] [Time: 2.67]
L001355 | [Train Loss: 0.8108]
L001356 | [Train F1: 0.642262683617053]
L001357 | [Train Acc: 0.6449317176380073]
L001358 | [Dev Loss: 1.2553]
L001359 | [Dev F1: 0.418854723807882]
L001360 | [Dev Acc: 0.44189852700491]
L001361 | 
L001362-L001377 | [REDACTED: batch progress and internal diagnostics]
L001378 | [Epoch 53] [Time: 2.78]
L001379 | [Train Loss: 0.8152]
L001380 | [Train F1: 0.6398744178746986]
L001381 | [Train Acc: 0.6408924793229467]
L001382 | [Dev Loss: 1.275]
L001383 | [Dev F1: 0.3962672816097969]
L001384 | [Dev Acc: 0.41243862520458263]
L001385 | 
L001386-L001401 | [REDACTED: batch progress and internal diagnostics]
L001402 | [Epoch 54] [Time: 2.60]
L001403 | [Train Loss: 0.8177]
L001404 | [Train F1: 0.6288131828534478]
L001405 | [Train Acc: 0.634737449509521]
L001406 | [Dev Loss: 1.2733]
L001407 | [Dev F1: 0.4178333605601618]
L001408 | [Dev Acc: 0.44353518821603927]
L001409 | 
L001410-L001425 | [REDACTED: batch progress and internal diagnostics]
L001426 | [Epoch 55] [Time: 2.77]
L001427 | [Train Loss: 0.822]
L001428 | [Train F1: 0.6411065272850623]
L001429 | [Train Acc: 0.6414695133679553]
L001430 | [Dev Loss: 1.2074]
L001431 | [Dev F1: 0.4092814073203272]
L001432 | [Dev Acc: 0.4238952536824877]
L001433 | 
L001434-L001449 | [REDACTED: batch progress and internal diagnostics]
L001450 | [Epoch 56] [Time: 2.73]
L001451 | [Train Loss: 0.8255]
L001452 | [Train F1: 0.6341545807725973]
L001453 | [Train Acc: 0.6374302750528947]
L001454 | [Dev Loss: 1.3127]
L001455 | [Dev F1: 0.40255673769666755]
L001456 | [Dev Acc: 0.4288052373158756]
L001457 | 
L001458-L001473 | [REDACTED: batch progress and internal diagnostics]
L001474 | [Epoch 57] [Time: 2.79]
L001475 | [Train Loss: 0.8278]
L001476 | [Train F1: 0.6329901892311615]
L001477 | [Train Acc: 0.6370455856895557]
L001478 | [Dev Loss: 1.2981]
L001479 | [Dev F1: 0.4314668411052255]
L001480 | [Dev Acc: 0.46481178396072015]
L001481 | 
L001482-L001497 | [REDACTED: batch progress and internal diagnostics]
L001498 | [Epoch 58] [Time: 2.72]
L001499 | [Train Loss: 0.8275]
L001500 | [Train F1: 0.6431408590935496]
L001501 | [Train Acc: 0.6455087516830159]
L001502 | [Dev Loss: 1.2699]
L001503 | [Dev F1: 0.42729372191420545]
L001504 | [Dev Acc: 0.4320785597381342]
L001505 | 
L001506-L001521 | [REDACTED: batch progress and internal diagnostics]
L001522 | [Epoch 59] [Time: 2.65]
L001523 | [Train Loss: 0.8199]
L001524 | [Train F1: 0.6356103606600134]
L001525 | [Train Acc: 0.6393537218695903]
L001526 | [Dev Loss: 1.2998]
L001527 | [Dev F1: 0.36034994686304045]
L001528 | [Dev Acc: 0.42225859247135844]
L001529 | 
L001530-L001545 | [REDACTED: batch progress and internal diagnostics]
L001546 | [Epoch 60] [Time: 2.76]
L001547 | [Train Loss: 0.8207]
L001548 | [Train F1: 0.6394078285208529]
L001549 | [Train Acc: 0.6435853048663205]
L001550 | [Dev Loss: 1.2872]
L001551 | [Dev F1: 0.3919208180701179]
L001552 | [Dev Acc: 0.4026186579378069]
L001553 | 
L001554-L001569 | [REDACTED: batch progress and internal diagnostics]
L001570 | [Epoch 61] [Time: 2.66]
L001571 | [Train Loss: 0.8145]
L001572 | [Train F1: 0.6359657478349335]
L001573 | [Train Acc: 0.6391613771879208]
L001574 | [Dev Loss: 1.2671]
L001575 | [Dev F1: 0.43260285942617793]
L001576 | [Dev Acc: 0.45171849427168576]
L001577 | 
L001578-L001593 | [REDACTED: batch progress and internal diagnostics]
L001594 | [Epoch 62] [Time: 2.69]
L001595 | [Train Loss: 0.8078]
L001596 | [Train F1: 0.6435196126068858]
L001597 | [Train Acc: 0.6451240623196769]
L001598 | [Dev Loss: 1.2756]
L001599 | [Dev F1: 0.40501067435272475]
L001600 | [Dev Acc: 0.40589198036006546]
L001601 | 
L001602-L001617 | [REDACTED: batch progress and internal diagnostics]
L001618 | [Epoch 63] [Time: 2.73]
L001619 | [Train Loss: 0.7946]
L001620 | [Train F1: 0.6464809494840498]
L001621 | [Train Acc: 0.6503173687247548]
L001622 | [Dev Loss: 1.2909]
L001623 | [Dev F1: 0.4158994354785784]
L001624 | [Dev Acc: 0.44844517184942717]
L001625 | 
L001626-L001641 | [REDACTED: batch progress and internal diagnostics]
L001642 | [Epoch 64] [Time: 2.73]
L001643 | [Train Loss: 0.7972]
L001644 | [Train F1: 0.6463027012648561]
L001645 | [Train Acc: 0.6468551644547028]
L001646 | [Dev Loss: 1.2132]
L001647 | [Dev F1: 0.43017259680326464]
L001648 | [Dev Acc: 0.45171849427168576]
L001649 | 
L001650-L001665 | [REDACTED: batch progress and internal diagnostics]
L001666 | [Epoch 65] [Time: 2.63]
L001667 | [Train Loss: 0.8013]
L001668 | [Train F1: 0.6440391253457629]
L001669 | [Train Acc: 0.6470475091363724]
L001670 | [Dev Loss: 1.3398]
L001671 | [Dev F1: 0.42152563186326625]
L001672 | [Dev Acc: 0.4451718494271686]
L001673 | 
L001674-L001689 | [REDACTED: batch progress and internal diagnostics]
L001690 | [Epoch 66] [Time: 2.66]
L001691 | [Train Loss: 0.7991]
L001692 | [Train F1: 0.6409728286123745]
L001693 | [Train Acc: 0.6422388920946336]
L001694 | [Dev Loss: 1.2538]
L001695 | [Dev F1: 0.40924627047483164]
L001696 | [Dev Acc: 0.425531914893617]
L001697 | 
L001698-L001713 | [REDACTED: batch progress and internal diagnostics]
L001714 | [Epoch 67] [Time: 2.80]
L001715 | [Train Loss: 0.7959]
L001716 | [Train F1: 0.648124658458871]
L001717 | [Train Acc: 0.6539719176764762]
L001718 | [Dev Loss: 1.296]
L001719 | [Dev F1: 0.414943700543982]
L001720 | [Dev Acc: 0.4402618657937807]
L001721 | 
L001722-L001737 | [REDACTED: batch progress and internal diagnostics]
L001738 | [Epoch 68] [Time: 2.68]
L001739 | [Train Loss: 0.7946]
L001740 | [Train F1: 0.6506169527836237]
L001741 | [Train Acc: 0.6537795729948067]
L001742 | [Dev Loss: 1.2902]
L001743 | [Dev F1: 0.4052474168964552]
L001744 | [Dev Acc: 0.4206219312602291]
L001745 | 
L001746-L001761 | [REDACTED: batch progress and internal diagnostics]
L001762 | [Epoch 69] [Time: 2.85]
L001763 | [Train Loss: 0.8009]
L001764 | [Train F1: 0.6393647314039841]
L001765 | [Train Acc: 0.6408924793229467]
L001766 | [Dev Loss: 1.2931]
L001767 | [Dev F1: 0.40271826558834484]
L001768 | [Dev Acc: 0.4206219312602291]
L001769 | 
L001770-L001785 | [REDACTED: batch progress and internal diagnostics]
L001786 | [Epoch 70] [Time: 2.64]
L001787 | [Train Loss: 0.8015]
L001788 | [Train F1: 0.6429681465519792]
L001789 | [Train Acc: 0.6451240623196769]
L001790 | [Dev Loss: 1.2951]
L001791 | [Dev F1: 0.4111309176641156]
L001792 | [Dev Acc: 0.4386252045826514]
L001793 | 
L001794-L001809 | [REDACTED: batch progress and internal diagnostics]
L001810 | [Epoch 71] [Time: 2.62]
L001811 | [Train Loss: 0.8021]
L001812 | [Train F1: 0.6398797695535579]
L001813 | [Train Acc: 0.6443546835929986]
L001814 | [Dev Loss: 1.2803]
L001815 | [Dev F1: 0.4003467500290567]
L001816 | [Dev Acc: 0.41080196399345337]
L001817 | 
L001818-L001833 | [REDACTED: batch progress and internal diagnostics]
L001834 | [Epoch 72] [Time: 2.64]
L001835 | [Train Loss: 0.7894]
L001836 | [Train F1: 0.6531032055372687]
L001837 | [Train Acc: 0.6557030198115023]
L001838 | [Dev Loss: 1.2269]
L001839 | [Dev F1: 0.4254339764250594]
L001840 | [Dev Acc: 0.44680851063829785]
L001841 | 
L001842-L001857 | [REDACTED: batch progress and internal diagnostics]
L001858 | [Epoch 73] [Time: 2.71]
L001859 | [Train Loss: 0.7679]
L001860 | [Train F1: 0.6602188059705508]
L001861 | [Train Acc: 0.6620503943065974]
L001862 | [Dev Loss: 1.3217]
L001863 | [Dev F1: 0.4195982715287252]
L001864 | [Dev Acc: 0.44353518821603927]
L001865 | 
L001866-L001881 | [REDACTED: batch progress and internal diagnostics]
L001882 | [Epoch 74] [Time: 2.60]
L001883 | [Train Loss: 0.7733]
L001884 | [Train F1: 0.6595765563458157]
L001885 | [Train Acc: 0.660511636853241]
L001886 | [Dev Loss: 1.2869]
L001887 | [Dev F1: 0.42389601296983714]
L001888 | [Dev Acc: 0.44189852700491]
L001889 | 
L001890-L001905 | [REDACTED: batch progress and internal diagnostics]
L001906 | [Epoch 75] [Time: 2.72]
L001907 | [Train Loss: 0.7717]
L001908 | [Train F1: 0.6516087314910405]
L001909 | [Train Acc: 0.6547412964031545]
L001910 | [Dev Loss: 1.2951]
L001911 | [Dev F1: 0.4119263737604747]
L001912 | [Dev Acc: 0.4320785597381342]
L001913 | 
L001914-L001929 | [REDACTED: batch progress and internal diagnostics]
L001930 | [Epoch 76] [Time: 2.61]
L001931 | [Train Loss: 0.7744]
L001932 | [Train F1: 0.6579567690085697]
L001933 | [Train Acc: 0.6618580496249279]
L001934 | [Dev Loss: 1.2945]
L001935 | [Dev F1: 0.3947483335290807]
L001936 | [Dev Acc: 0.4075286415711948]
L001937 | 
L001938-L001953 | [REDACTED: batch progress and internal diagnostics]
L001954 | [Epoch 77] [Time: 2.69]
L001955 | [Train Loss: 0.7776]
L001956 | [Train F1: 0.6599121531255369]
L001957 | [Train Acc: 0.6618580496249279]
L001958 | [Dev Loss: 1.2999]
L001959 | [Dev F1: 0.4301074260436766]
L001960 | [Dev Acc: 0.4582651391162029]
L001961 | 
L001962-L001977 | [REDACTED: batch progress and internal diagnostics]
L001978 | [Epoch 78] [Time: 2.64]
L001979 | [Train Loss: 0.7822]
L001980 | [Train F1: 0.6519673057989749]
L001981 | [Train Acc: 0.6545489517214849]
L001982 | [Dev Loss: 1.3386]
L001983 | [Dev F1: 0.38485841056991915]
L001984 | [Dev Acc: 0.3993453355155483]
L001985 | 
L001986-L002001 | [REDACTED: batch progress and internal diagnostics]
L002002 | [Epoch 79] [Time: 2.64]
L002003 | [Train Loss: 0.7932]
L002004 | [Train F1: 0.6437869171646129]
L002005 | [Train Acc: 0.6468551644547028]
L002006 | [Dev Loss: 1.3042]
L002007 | [Dev F1: 0.4275469745501787]
L002008 | [Dev Acc: 0.45990180032733224]
L002009 | 
L002010-L002025 | [REDACTED: batch progress and internal diagnostics]
L002026 | [Epoch 80] [Time: 2.48]
L002027 | [Train Loss: 0.787]
L002028 | [Train F1: 0.6517949624497213]
L002029 | [Train Acc: 0.6578188113098673]
L002030 | [Dev Loss: 1.2643]
L002031 | [Dev F1: 0.4043087813187492]
L002032 | [Dev Acc: 0.4206219312602291]
L002033 | 
L002034-L002049 | [REDACTED: batch progress and internal diagnostics]
L002050 | [Epoch 81] [Time: 2.69]
L002051 | [Train Loss: 0.7657]
L002052 | [Train F1: 0.6665508894251336]
L002053 | [Train Acc: 0.6662819773033276]
L002054 | [Dev Loss: 1.2492]
L002055 | [Dev F1: 0.43468734012924265]
L002056 | [Dev Acc: 0.4582651391162029]
L002057 | 
L002058-L002073 | [REDACTED: batch progress and internal diagnostics]
L002074 | [Epoch 82] [Time: 2.77]
L002075 | [Train Loss: 0.7612]
L002076 | [Train F1: 0.658966962113552]
L002077 | [Train Acc: 0.6643585304866321]
L002078 | [Dev Loss: 1.2982]
L002079 | [Dev F1: 0.40047044716586505]
L002080 | [Dev Acc: 0.41407528641571195]
L002081 | 
L002082-L002097 | [REDACTED: batch progress and internal diagnostics]
L002098 | [Epoch 83] [Time: 2.78]
L002099 | [Train Loss: 0.7631]
L002100 | [Train F1: 0.6635780638578012]
L002101 | [Train Acc: 0.6651279092133102]
L002102 | [Dev Loss: 1.2367]
L002103 | [Dev F1: 0.4172346221495671]
L002104 | [Dev Acc: 0.43044189852700493]
L002105 | 
L002106-L002121 | [REDACTED: batch progress and internal diagnostics]
L002122 | [Epoch 84] [Time: 2.87]
L002123 | [Train Loss: 0.7551]
L002124 | [Train F1: 0.6647088771845789]
L002125 | [Train Acc: 0.6670513560300058]
L002126 | [Dev Loss: 1.2863]
L002127 | [Dev F1: 0.4068473374286215]
L002128 | [Dev Acc: 0.4238952536824877]
L002129 | 
L002130-L002145 | [REDACTED: batch progress and internal diagnostics]
L002146 | [Epoch 85] [Time: 2.69]
L002147 | [Train Loss: 0.76]
L002148 | [Train F1: 0.663767939237039]
L002149 | [Train Acc: 0.6639738411232929]
L002150 | [Dev Loss: 1.2533]
L002151 | [Dev F1: 0.39995771404789254]
L002152 | [Dev Acc: 0.4288052373158756]
L002153 | 
L002154-L002169 | [REDACTED: batch progress and internal diagnostics]
L002170 | [Epoch 86] [Time: 2.75]
L002171 | [Train Loss: 0.7531]
L002172 | [Train F1: 0.6617705694366123]
L002173 | [Train Acc: 0.668205424120023]
L002174 | [Dev Loss: 1.3248]
L002175 | [Dev F1: 0.38542744818362945]
L002176 | [Dev Acc: 0.397708674304419]
L002177 | Early stopping at epoch: 86
L002178 | Last model
L002179 |               precision    recall  f1-score   support
L002180 | 
L002181 |          hap     0.5536    0.4306    0.4844       144
L002182 |          sad     0.8000    0.5224    0.6321       245
L002183 |          neu     0.4749    0.6901    0.5626       384
L002184 |          ang     0.7549    0.4529    0.5662       170
L002185 |          exc     0.8097    0.6689    0.7326       299
L002186 |          fru     0.5090    0.5932    0.5479       381
L002187 | 
L002188 |     accuracy                         0.5903      1623
L002189 |    macro avg     0.6504    0.5597    0.5876      1623
L002190 | weighted avg     0.6300    0.5903    0.5944      1623
L002191 | 
L002192 | Best model at epoch: 46
L002193 | Best dev F1: 0.434877836153309
L002194 |               precision    recall  f1-score   support
L002195 | 
L002196 |          hap     0.5402    0.3264    0.4069       144
L002197 |          sad     0.7053    0.5469    0.6161       245
L002198 |          neu     0.5480    0.6536    0.5962       384
L002199 |          ang     0.5875    0.5529    0.5697       170
L002200 |          exc     0.7063    0.7559    0.7302       299
L002201 |          fru     0.5025    0.5381    0.5196       381
L002202 | 
L002203 |     accuracy                         0.5896      1623
L002204 |    macro avg     0.5983    0.5623    0.5731      1623
L002205 | weighted avg     0.5937    0.5896    0.5864      1623
L002206 | 
L002207 | Best test F1: 0.5863503508709877
L002208 | Best test Acc: 0.589648798521257
L002209 | [SANITIZED] Saved checkpoint: [path and filename removed]
