# Redacted copy of an existing run log.
# run_id: G02-seed4
# dataset: IEMOCAP
# model: GCNet+AMBER
# imr: (0.3,0.7,0.5)
# seed_alias: seed4
# original_log_sha256: 2b8ecd74bbd4387709b6bbb8b60d2429585c9c785ba5b42807e7f5ac9a204ec0
# source_record_status: ok
# source_record_process_return_code: 3221226505
# L numbers refer to source logical lines; REDACTED/SANITIZED text is editorial.
L000001-L000005 | [REDACTED: configuration or implementation details]
L000006 | [SANITIZED] FutureWarning: [dependency deprecation notice; implementation details removed]
L000007-L000068 | [REDACTED: configuration or implementation details]
L000069 | [SANITIZED] Seed alias: seed4
L000070 | [REDACTED: configuration or implementation details]
L000071 | 
L000072-L000073 | [REDACTED: batch progress and internal diagnostics]
L000074 | 
L000075-L000076 | [REDACTED: batch progress and internal diagnostics]
L000077 | 
L000078-L000079 | [REDACTED: batch progress and internal diagnostics]
L000080-L000083 | [REDACTED: configuration or implementation details]
L000084 | [SANITIZED] Seed alias: seed4
L000085-L000088 | [REDACTED: configuration or implementation details]
L000089 | 
L000090-L000105 | [REDACTED: batch progress and internal diagnostics]
L000106 | [Epoch 0] [Time: 3.06]
L000107 | [Train Loss: 1.7582]
L000108 | [Train F1: 0.15741886099077274]
L000109 | [Train Acc: 0.24947105212540874]
L000110 | [Dev Loss: 1.7041]
L000111 | [Dev F1: 0.13418323249783923]
L000112 | [Dev Acc: 0.2765957446808511]
L000113 | 
L000114-L000129 | [REDACTED: batch progress and internal diagnostics]
L000130 | [Epoch 1] [Time: 2.67]
L000131 | [Train Loss: 1.5879]
L000132 | [Train F1: 0.2820700807193665]
L000133 | [Train Acc: 0.3683400653971918]
L000134 | [Dev Loss: 1.619]
L000135 | [Dev F1: 0.2412847673284817]
L000136 | [Dev Acc: 0.36661211129296234]
L000137 | 
L000138-L000153 | [REDACTED: batch progress and internal diagnostics]
L000154 | [Epoch 2] [Time: 2.75]
L000155 | [Train Loss: 1.4049]
L000156 | [Train F1: 0.3739872057677558]
L000157 | [Train Acc: 0.4497018657434122]
L000158 | [Dev Loss: 1.5685]
L000159 | [Dev F1: 0.266635323746676]
L000160 | [Dev Acc: 0.36824877250409166]
L000161 | 
L000162-L000177 | [REDACTED: batch progress and internal diagnostics]
L000178 | [Epoch 3] [Time: 2.75]
L000179 | [Train Loss: 1.2912]
L000180 | [Train F1: 0.4400243800773265]
L000181 | [Train Acc: 0.49105597230236586]
L000182 | [Dev Loss: 1.487]
L000183 | [Dev F1: 0.3144276384708376]
L000184 | [Dev Acc: 0.36006546644844517]
L000185 | 
L000186-L000201 | [REDACTED: batch progress and internal diagnostics]
L000202 | [Epoch 4] [Time: 2.86]
L000203 | [Train Loss: 1.2196]
L000204 | [Train F1: 0.49488278297812804]
L000205 | [Train Acc: 0.5310636660896326]
L000206 | [Dev Loss: 1.4666]
L000207 | [Dev F1: 0.32962341588196553]
L000208 | [Dev Acc: 0.3895253682487725]
L000209 | 
L000210-L000225 | [REDACTED: batch progress and internal diagnostics]
L000226 | [Epoch 5] [Time: 2.78]
L000227 | [Train Loss: 1.1752]
L000228 | [Train F1: 0.5020606177619678]
L000229 | [Train Acc: 0.5345258703596846]
L000230 | [Dev Loss: 1.4335]
L000231 | [Dev F1: 0.3366424994765252]
L000232 | [Dev Acc: 0.3698854337152209]
L000233 | 
L000234-L000249 | [REDACTED: batch progress and internal diagnostics]
L000250 | [Epoch 6] [Time: 2.60]
L000251 | [Train Loss: 1.1348]
L000252 | [Train F1: 0.5135321752503227]
L000253 | [Train Acc: 0.5418349682631275]
L000254 | [Dev Loss: 1.4134]
L000255 | [Dev F1: 0.33926151923421105]
L000256 | [Dev Acc: 0.4075286415711948]
L000257 | 
L000258-L000273 | [REDACTED: batch progress and internal diagnostics]
L000274 | [Epoch 7] [Time: 2.73]
L000275 | [Train Loss: 1.1119]
L000276 | [Train F1: 0.540436817335965]
L000277 | [Train Acc: 0.5524139257549529]
L000278 | [Dev Loss: 1.4808]
L000279 | [Dev F1: 0.3592473933430791]
L000280 | [Dev Acc: 0.381342062193126]
L000281 | 
L000282-L000297 | [REDACTED: batch progress and internal diagnostics]
L000298 | [Epoch 8] [Time: 2.68]
L000299 | [Train Loss: 1.0929]
L000300 | [Train F1: 0.5430735902268282]
L000301 | [Train Acc: 0.5574148874783612]
L000302 | [Dev Loss: 1.3786]
L000303 | [Dev F1: 0.35237685819298786]
L000304 | [Dev Acc: 0.4026186579378069]
L000305 | 
L000306-L000321 | [REDACTED: batch progress and internal diagnostics]
L000322 | [Epoch 9] [Time: 2.64]
L000323 | [Train Loss: 1.0755]
L000324 | [Train F1: 0.559766955636022]
L000325 | [Train Acc: 0.5662627428351606]
L000326 | [Dev Loss: 1.4661]
L000327 | [Dev F1: 0.32596528654356255]
L000328 | [Dev Acc: 0.36333878887070375]
L000329 | 
L000330-L000345 | [REDACTED: batch progress and internal diagnostics]
L000346 | [Epoch 10] [Time: 2.89]
L000347 | [Train Loss: 1.05]
L000348 | [Train F1: 0.5621881230078983]
L000349 | [Train Acc: 0.5735718407386036]
L000350 | [Dev Loss: 1.4524]
L000351 | [Dev F1: 0.3688257402462738]
L000352 | [Dev Acc: 0.3895253682487725]
L000353 | 
L000354-L000369 | [REDACTED: batch progress and internal diagnostics]
L000370 | [Epoch 11] [Time: 2.79]
L000371 | [Train Loss: 1.0401]
L000372 | [Train F1: 0.5660640484522331]
L000373 | [Train Acc: 0.5710713598768994]
L000374 | [Dev Loss: 1.463]
L000375 | [Dev F1: 0.3449301974561473]
L000376 | [Dev Acc: 0.37479541734860883]
L000377 | 
L000378-L000393 | [REDACTED: batch progress and internal diagnostics]
L000394 | [Epoch 12] [Time: 2.76]
L000395 | [Train Loss: 1.0194]
L000396 | [Train F1: 0.5657603994963379]
L000397 | [Train Acc: 0.5731871513752644]
L000398 | [Dev Loss: 1.3755]
L000399 | [Dev F1: 0.37007217544253973]
L000400 | [Dev Acc: 0.41243862520458263]
L000401 | 
L000402-L000417 | [REDACTED: batch progress and internal diagnostics]
L000418 | [Epoch 13] [Time: 2.67]
L000419 | [Train Loss: 1.0031]
L000420 | [Train F1: 0.5765855190554743]
L000421 | [Train Acc: 0.5831890748220812]
L000422 | [Dev Loss: 1.4814]
L000423 | [Dev F1: 0.36317025641982525]
L000424 | [Dev Acc: 0.3862520458265139]
L000425 | 
L000426-L000441 | [REDACTED: batch progress and internal diagnostics]
L000442 | [Epoch 14] [Time: 2.57]
L000443 | [Train Loss: 0.9858]
L000444 | [Train F1: 0.5864462356555021]
L000445 | [Train Acc: 0.5899211386805154]
L000446 | [Dev Loss: 1.3705]
L000447 | [Dev F1: 0.3773862514985702]
L000448 | [Dev Acc: 0.397708674304419]
L000449 | 
L000450-L000465 | [REDACTED: batch progress and internal diagnostics]
L000466 | [Epoch 15] [Time: 2.80]
L000467 | [Train Loss: 0.9842]
L000468 | [Train F1: 0.5676639621433295]
L000469 | [Train Acc: 0.5754952875552991]
L000470 | [Dev Loss: 1.4027]
L000471 | [Dev F1: 0.37941423796999385]
L000472 | [Dev Acc: 0.425531914893617]
L000473 | 
L000474-L000489 | [REDACTED: batch progress and internal diagnostics]
L000490 | [Epoch 16] [Time: 2.61]
L000491 | [Train Loss: 0.9696]
L000492 | [Train F1: 0.5799240648832619]
L000493 | [Train Acc: 0.5810732833237161]
L000494 | [Dev Loss: 1.4507]
L000495 | [Dev F1: 0.36138258562544]
L000496 | [Dev Acc: 0.397708674304419]
L000497 | 
L000498-L000513 | [REDACTED: batch progress and internal diagnostics]
L000514 | [Epoch 17] [Time: 2.71]
L000515 | [Train Loss: 0.9686]
L000516 | [Train F1: 0.5759370241085502]
L000517 | [Train Acc: 0.584535487593768]
L000518 | [Dev Loss: 1.4122]
L000519 | [Dev F1: 0.38660576078750736]
L000520 | [Dev Acc: 0.4075286415711948]
L000521 | 
L000522-L000537 | [REDACTED: batch progress and internal diagnostics]
L000538 | [Epoch 18] [Time: 2.83]
L000539 | [Train Loss: 0.9547]
L000540 | [Train F1: 0.5905991771871401]
L000541 | [Train Acc: 0.5906905174071937]
L000542 | [Dev Loss: 1.4052]
L000543 | [Dev F1: 0.3572906590618986]
L000544 | [Dev Acc: 0.3944353518821604]
L000545 | 
L000546-L000561 | [REDACTED: batch progress and internal diagnostics]
L000562 | [Epoch 19] [Time: 2.81]
L000563 | [Train Loss: 0.9526]
L000564 | [Train F1: 0.5900307563172656]
L000565 | [Train Acc: 0.5954991344489324]
L000566 | [Dev Loss: 1.377]
L000567 | [Dev F1: 0.34387199501697807]
L000568 | [Dev Acc: 0.37315875613747956]
L000569 | 
L000570-L000585 | [REDACTED: batch progress and internal diagnostics]
L000586 | [Epoch 20] [Time: 2.74]
L000587 | [Train Loss: 0.9275]
L000588 | [Train F1: 0.5875288648367393]
L000589 | [Train Acc: 0.5914598961338718]
L000590 | [Dev Loss: 1.3645]
L000591 | [Dev F1: 0.3454437023617774]
L000592 | [Dev Acc: 0.37315875613747956]
L000593 | 
L000594-L000609 | [REDACTED: batch progress and internal diagnostics]
L000610 | [Epoch 21] [Time: 2.83]
L000611 | [Train Loss: 0.9215]
L000612 | [Train F1: 0.5992331557523588]
L000613 | [Train Acc: 0.6028082323523755]
L000614 | [Dev Loss: 1.3973]
L000615 | [Dev F1: 0.3676600654742485]
L000616 | [Dev Acc: 0.40916530278232405]
L000617 | 
L000618-L000633 | [REDACTED: batch progress and internal diagnostics]
L000634 | [Epoch 22] [Time: 2.82]
L000635 | [Train Loss: 0.9103]
L000636 | [Train F1: 0.6099746593048608]
L000637 | [Train Acc: 0.6131948451625313]
L000638 | [Dev Loss: 1.3742]
L000639 | [Dev F1: 0.3610775881284689]
L000640 | [Dev Acc: 0.3698854337152209]
L000641 | 
L000642-L000657 | [REDACTED: batch progress and internal diagnostics]
L000658 | [Epoch 23] [Time: 2.64]
L000659 | [Train Loss: 0.891]
L000660 | [Train F1: 0.6125031793113191]
L000661 | [Train Acc: 0.6166570494325831]
L000662 | [Dev Loss: 1.4301]
L000663 | [Dev F1: 0.3528613521427198]
L000664 | [Dev Acc: 0.39279869067103107]
L000665 | 
L000666-L000681 | [REDACTED: batch progress and internal diagnostics]
L000682 | [Epoch 24] [Time: 2.70]
L000683 | [Train Loss: 0.8928]
L000684 | [Train F1: 0.6212665501102255]
L000685 | [Train Acc: 0.623581457972687]
L000686 | [Dev Loss: 1.419]
L000687 | [Dev F1: 0.35808640771775385]
L000688 | [Dev Acc: 0.3829787234042553]
L000689 | 
L000690-L000705 | [REDACTED: batch progress and internal diagnostics]
L000706 | [Epoch 25] [Time: 2.68]
L000707 | [Train Loss: 0.8953]
L000708 | [Train F1: 0.604031335102193]
L000709 | [Train Acc: 0.6078091940757838]
L000710 | [Dev Loss: 1.3756]
L000711 | [Dev F1: 0.3464482088008635]
L000712 | [Dev Acc: 0.37479541734860883]
L000713 | 
L000714-L000729 | [REDACTED: batch progress and internal diagnostics]
L000730 | [Epoch 26] [Time: 2.73]
L000731 | [Train Loss: 0.8869]
L000732 | [Train F1: 0.6138500311002053]
L000733 | [Train Acc: 0.6162723600692441]
L000734 | [Dev Loss: 1.3816]
L000735 | [Dev F1: 0.35766439050022225]
L000736 | [Dev Acc: 0.3944353518821604]
L000737 | 
L000738-L000753 | [REDACTED: batch progress and internal diagnostics]
L000754 | [Epoch 27] [Time: 2.76]
L000755 | [Train Loss: 0.8846]
L000756 | [Train F1: 0.6098158701990163]
L000757 | [Train Acc: 0.6122331217541835]
L000758 | [Dev Loss: 1.3771]
L000759 | [Dev F1: 0.4001693515335618]
L000760 | [Dev Acc: 0.43044189852700493]
L000761 | 
L000762-L000777 | [REDACTED: batch progress and internal diagnostics]
L000778 | [Epoch 28] [Time: 2.63]
L000779 | [Train Loss: 0.8819]
L000780 | [Train F1: 0.6110070656115264]
L000781 | [Train Acc: 0.6116560877091748]
L000782 | [Dev Loss: 1.356]
L000783 | [Dev F1: 0.3631204650486017]
L000784 | [Dev Acc: 0.3911620294599018]
L000785 | 
L000786-L000801 | [REDACTED: batch progress and internal diagnostics]
L000802 | [Epoch 29] [Time: 2.58]
L000803 | [Train Loss: 0.8791]
L000804 | [Train F1: 0.6125162551136522]
L000805 | [Train Acc: 0.6189651856126178]
L000806 | [Dev Loss: 1.4017]
L000807 | [Dev F1: 0.3758618683977426]
L000808 | [Dev Acc: 0.4353518821603928]
L000809 | 
L000810-L000825 | [REDACTED: batch progress and internal diagnostics]
L000826 | [Epoch 30] [Time: 2.73]
L000827 | [Train Loss: 0.8992]
L000828 | [Train F1: 0.6092136588060288]
L000829 | [Train Acc: 0.6155029813425659]
L000830 | [Dev Loss: 1.33]
L000831 | [Dev F1: 0.3555641486080907]
L000832 | [Dev Acc: 0.3862520458265139]
L000833 | 
L000834-L000849 | [REDACTED: batch progress and internal diagnostics]
L000850 | [Epoch 31] [Time: 2.74]
L000851 | [Train Loss: 0.8821]
L000852 | [Train F1: 0.6189069804301428]
L000853 | [Train Acc: 0.61800346220427]
L000854 | [Dev Loss: 1.3906]
L000855 | [Dev F1: 0.3760883536327283]
L000856 | [Dev Acc: 0.3862520458265139]
L000857 | 
L000858-L000873 | [REDACTED: batch progress and internal diagnostics]
L000874 | [Epoch 32] [Time: 2.67]
L000875 | [Train Loss: 0.8749]
L000876 | [Train F1: 0.6103914570193293]
L000877 | [Train Acc: 0.6162723600692441]
L000878 | [Dev Loss: 1.3362]
L000879 | [Dev F1: 0.35060280870629384]
L000880 | [Dev Acc: 0.37643207855973815]
L000881 | 
L000882-L000897 | [REDACTED: batch progress and internal diagnostics]
L000898 | [Epoch 33] [Time: 2.71]
L000899 | [Train Loss: 0.8714]
L000900 | [Train F1: 0.613795703222234]
L000901 | [Train Acc: 0.6147336026158877]
L000902 | [Dev Loss: 1.3831]
L000903 | [Dev F1: 0.3731039035911838]
L000904 | [Dev Acc: 0.40916530278232405]
L000905 | 
L000906-L000921 | [REDACTED: batch progress and internal diagnostics]
L000922 | [Epoch 34] [Time: 2.65]
L000923 | [Train Loss: 0.873]
L000924 | [Train F1: 0.6203199674189728]
L000925 | [Train Acc: 0.6226197345643393]
L000926 | [Dev Loss: 1.4177]
L000927 | [Dev F1: 0.39882021194505174]
L000928 | [Dev Acc: 0.42716857610474634]
L000929 | 
L000930-L000945 | [REDACTED: batch progress and internal diagnostics]
L000946 | [Epoch 35] [Time: 2.59]
L000947 | [Train Loss: 0.864]
L000948 | [Train F1: 0.6152807220008067]
L000949 | [Train Acc: 0.6178111175226005]
L000950 | [Dev Loss: 1.3641]
L000951 | [Dev F1: 0.36159094967661093]
L000952 | [Dev Acc: 0.37315875613747956]
L000953 | 
L000954-L000969 | [REDACTED: batch progress and internal diagnostics]
L000970 | [Epoch 36] [Time: 2.68]
L000971 | [Train Loss: 0.8556]
L000972 | [Train F1: 0.6238030033517629]
L000973 | [Train Acc: 0.6299288324677823]
L000974 | [Dev Loss: 1.3578]
L000975 | [Dev F1: 0.32672522584659724]
L000976 | [Dev Acc: 0.37315875613747956]
L000977 | 
L000978-L000993 | [REDACTED: batch progress and internal diagnostics]
L000994 | [Epoch 37] [Time: 2.57]
L000995 | [Train Loss: 0.8539]
L000996 | [Train F1: 0.6109532075841051]
L000997 | [Train Acc: 0.6155029813425659]
L000998 | [Dev Loss: 1.4012]
L000999 | [Dev F1: 0.34450189474944287]
L001000 | [Dev Acc: 0.3895253682487725]
L001001 | 
L001002-L001017 | [REDACTED: batch progress and internal diagnostics]
L001018 | [Epoch 38] [Time: 2.69]
L001019 | [Train Loss: 0.857]
L001020 | [Train F1: 0.6191037158087179]
L001021 | [Train Acc: 0.621465666474322]
L001022 | [Dev Loss: 1.3661]
L001023 | [Dev F1: 0.4037237772426524]
L001024 | [Dev Acc: 0.44189852700491]
L001025 | 
L001026-L001041 | [REDACTED: batch progress and internal diagnostics]
L001042 | [Epoch 39] [Time: 2.63]
L001043 | [Train Loss: 0.8582]
L001044 | [Train F1: 0.6107900461619239]
L001045 | [Train Acc: 0.6114637430275053]
L001046 | [Dev Loss: 1.3575]
L001047 | [Dev F1: 0.35199160270447954]
L001048 | [Dev Acc: 0.38461538461538464]
L001049 | 
L001050-L001065 | [REDACTED: batch progress and internal diagnostics]
L001066 | [Epoch 40] [Time: 2.74]
L001067 | [Train Loss: 0.8535]
L001068 | [Train F1: 0.6182214348448415]
L001069 | [Train Acc: 0.6230044239276784]
L001070 | [Dev Loss: 1.3603]
L001071 | [Dev F1: 0.393126247578766]
L001072 | [Dev Acc: 0.40098199672667756]
L001073 | 
L001074-L001089 | [REDACTED: batch progress and internal diagnostics]
L001090 | [Epoch 41] [Time: 2.80]
L001091 | [Train Loss: 0.8622]
L001092 | [Train F1: 0.615267445062853]
L001093 | [Train Acc: 0.6172340834775919]
L001094 | [Dev Loss: 1.4481]
L001095 | [Dev F1: 0.3825711214429601]
L001096 | [Dev Acc: 0.41898527004909986]
L001097 | 
L001098-L001113 | [REDACTED: batch progress and internal diagnostics]
L001114 | [Epoch 42] [Time: 2.61]
L001115 | [Train Loss: 0.8631]
L001116 | [Train F1: 0.621070023858626]
L001117 | [Train Acc: 0.6247355260627043]
L001118 | [Dev Loss: 1.2872]
L001119 | [Dev F1: 0.3806618892874532]
L001120 | [Dev Acc: 0.397708674304419]
L001121 | 
L001122-L001137 | [REDACTED: batch progress and internal diagnostics]
L001138 | [Epoch 43] [Time: 2.70]
L001139 | [Train Loss: 0.8495]
L001140 | [Train F1: 0.6219961729333706]
L001141 | [Train Acc: 0.6255049047893826]
L001142 | [Dev Loss: 1.3069]
L001143 | [Dev F1: 0.3695809200776081]
L001144 | [Dev Acc: 0.3829787234042553]
L001145 | 
L001146-L001161 | [REDACTED: batch progress and internal diagnostics]
L001162 | [Epoch 44] [Time: 2.71]
L001163 | [Train Loss: 0.865]
L001164 | [Train F1: 0.6164539605520273]
L001165 | [Train Acc: 0.6195422196576265]
L001166 | [Dev Loss: 1.3803]
L001167 | [Dev F1: 0.40744624933590656]
L001168 | [Dev Acc: 0.4320785597381342]
L001169 | 
L001170-L001185 | [REDACTED: batch progress and internal diagnostics]
L001186 | [Epoch 45] [Time: 2.61]
L001187 | [Train Loss: 0.8525]
L001188 | [Train F1: 0.6212377143092066]
L001189 | [Train Acc: 0.6233891132910175]
L001190 | [Dev Loss: 1.2807]
L001191 | [Dev F1: 0.36407768393445206]
L001192 | [Dev Acc: 0.39279869067103107]
L001193 | 
L001194-L001209 | [REDACTED: batch progress and internal diagnostics]
L001210 | [Epoch 46] [Time: 2.83]
L001211 | [Train Loss: 0.844]
L001212 | [Train F1: 0.627701360619652]
L001213 | [Train Acc: 0.6322369686478169]
L001214 | [Dev Loss: 1.273]
L001215 | [Dev F1: 0.3758826070120361]
L001216 | [Dev Acc: 0.40589198036006546]
L001217 | 
L001218-L001233 | [REDACTED: batch progress and internal diagnostics]
L001234 | [Epoch 47] [Time: 2.65]
L001235 | [Train Loss: 0.8391]
L001236 | [Train F1: 0.6268725764933809]
L001237 | [Train Acc: 0.6285824196960954]
L001238 | [Dev Loss: 1.3839]
L001239 | [Dev F1: 0.3688079009403038]
L001240 | [Dev Acc: 0.40916530278232405]
L001241 | 
L001242-L001257 | [REDACTED: batch progress and internal diagnostics]
L001258 | [Epoch 48] [Time: 2.71]
L001259 | [Train Loss: 0.8473]
L001260 | [Train F1: 0.6270596520236283]
L001261 | [Train Acc: 0.6310829005577996]
L001262 | [Dev Loss: 1.3144]
L001263 | [Dev F1: 0.33923248939496314]
L001264 | [Dev Acc: 0.36661211129296234]
L001265 | 
L001266-L001281 | [REDACTED: batch progress and internal diagnostics]
L001282 | [Epoch 49] [Time: 2.72]
L001283 | [Train Loss: 0.8304]
L001284 | [Train F1: 0.6314392451585807]
L001285 | [Train Acc: 0.6333910367378341]
L001286 | [Dev Loss: 1.3834]
L001287 | [Dev F1: 0.39416370234650305]
L001288 | [Dev Acc: 0.41734860883797054]
L001289 | 
L001290-L001305 | [REDACTED: batch progress and internal diagnostics]
L001306 | [Epoch 50] [Time: 2.71]
L001307 | [Train Loss: 0.8267]
L001308 | [Train F1: 0.6278550053618344]
L001309 | [Train Acc: 0.630505866512791]
L001310 | [Dev Loss: 1.3203]
L001311 | [Dev F1: 0.3690013184980953]
L001312 | [Dev Acc: 0.40098199672667756]
L001313 | 
L001314-L001329 | [REDACTED: batch progress and internal diagnostics]
L001330 | [Epoch 51] [Time: 2.65]
L001331 | [Train Loss: 0.8186]
L001332 | [Train F1: 0.6328394023305247]
L001333 | [Train Acc: 0.6389690325062513]
L001334 | [Dev Loss: 1.3072]
L001335 | [Dev F1: 0.39125815217973264]
L001336 | [Dev Acc: 0.41243862520458263]
L001337 | 
L001338-L001353 | [REDACTED: batch progress and internal diagnostics]
L001354 | [Epoch 52] [Time: 2.87]
L001355 | [Train Loss: 0.815]
L001356 | [Train F1: 0.6361028319671087]
L001357 | [Train Acc: 0.6372379303712252]
L001358 | [Dev Loss: 1.3743]
L001359 | [Dev F1: 0.3755147486965959]
L001360 | [Dev Acc: 0.4206219312602291]
L001361 | 
L001362-L001377 | [REDACTED: batch progress and internal diagnostics]
L001378 | [Epoch 53] [Time: 2.64]
L001379 | [Train Loss: 0.8199]
L001380 | [Train F1: 0.6330442937222417]
L001381 | [Train Acc: 0.636083862281208]
L001382 | [Dev Loss: 1.3895]
L001383 | [Dev F1: 0.4017053587284663]
L001384 | [Dev Acc: 0.4238952536824877]
L001385 | 
L001386-L001401 | [REDACTED: batch progress and internal diagnostics]
L001402 | [Epoch 54] [Time: 2.57]
L001403 | [Train Loss: 0.8305]
L001404 | [Train F1: 0.6209707519692438]
L001405 | [Train Acc: 0.6218503558376611]
L001406 | [Dev Loss: 1.3181]
L001407 | [Dev F1: 0.38033368758276054]
L001408 | [Dev Acc: 0.42716857610474634]
L001409 | 
L001410-L001425 | [REDACTED: batch progress and internal diagnostics]
L001426 | [Epoch 55] [Time: 2.67]
L001427 | [Train Loss: 0.8148]
L001428 | [Train F1: 0.6217795543533904]
L001429 | [Train Acc: 0.6293517984227736]
L001430 | [Dev Loss: 1.3841]
L001431 | [Dev F1: 0.3646707309285405]
L001432 | [Dev Acc: 0.4026186579378069]
L001433 | 
L001434-L001449 | [REDACTED: batch progress and internal diagnostics]
L001450 | [Epoch 56] [Time: 2.55]
L001451 | [Train Loss: 0.8224]
L001452 | [Train F1: 0.6265095137077058]
L001453 | [Train Acc: 0.6264666281977304]
L001454 | [Dev Loss: 1.3516]
L001455 | [Dev F1: 0.4263697143328562]
L001456 | [Dev Acc: 0.44189852700491]
L001457 | 
L001458-L001473 | [REDACTED: batch progress and internal diagnostics]
L001474 | [Epoch 57] [Time: 2.65]
L001475 | [Train Loss: 0.8084]
L001476 | [Train F1: 0.6318999606793287]
L001477 | [Train Acc: 0.6345451048278515]
L001478 | [Dev Loss: 1.3193]
L001479 | [Dev F1: 0.40957863751258217]
L001480 | [Dev Acc: 0.4402618657937807]
L001481 | 
L001482-L001497 | [REDACTED: batch progress and internal diagnostics]
L001498 | [Epoch 58] [Time: 2.72]
L001499 | [Train Loss: 0.8159]
L001500 | [Train F1: 0.6309535598797006]
L001501 | [Train Acc: 0.634737449509521]
L001502 | [Dev Loss: 1.3891]
L001503 | [Dev F1: 0.4026061902841722]
L001504 | [Dev Acc: 0.42716857610474634]
L001505 | 
L001506-L001521 | [REDACTED: batch progress and internal diagnostics]
L001522 | [Epoch 59] [Time: 2.68]
L001523 | [Train Loss: 0.8186]
L001524 | [Train F1: 0.6434072243761394]
L001525 | [Train Acc: 0.6439699942296595]
L001526 | [Dev Loss: 1.3792]
L001527 | [Dev F1: 0.38819683555233314]
L001528 | [Dev Acc: 0.40425531914893614]
L001529 | 
L001530-L001545 | [REDACTED: batch progress and internal diagnostics]
L001546 | [Epoch 60] [Time: 2.56]
L001547 | [Train Loss: 0.8139]
L001548 | [Train F1: 0.6366719051556816]
L001549 | [Train Acc: 0.6412771686862858]
L001550 | [Dev Loss: 1.4035]
L001551 | [Dev F1: 0.3710430260325302]
L001552 | [Dev Acc: 0.41243862520458263]
L001553 | 
L001554-L001569 | [REDACTED: batch progress and internal diagnostics]
L001570 | [Epoch 61] [Time: 2.58]
L001571 | [Train Loss: 0.8153]
L001572 | [Train F1: 0.6386175034650744]
L001573 | [Train Acc: 0.6399307559145989]
L001574 | [Dev Loss: 1.3921]
L001575 | [Dev F1: 0.444180168662819]
L001576 | [Dev Acc: 0.4762684124386252]
L001577 | 
L001578-L001593 | [REDACTED: batch progress and internal diagnostics]
L001594 | [Epoch 62] [Time: 2.59]
L001595 | [Train Loss: 0.8025]
L001596 | [Train F1: 0.6380374956649295]
L001597 | [Train Acc: 0.641661858049625]
L001598 | [Dev Loss: 1.3233]
L001599 | [Dev F1: 0.3720567284733018]
L001600 | [Dev Acc: 0.40589198036006546]
L001601 | 
L001602-L001617 | [REDACTED: batch progress and internal diagnostics]
L001618 | [Epoch 63] [Time: 2.77]
L001619 | [Train Loss: 0.8057]
L001620 | [Train F1: 0.6389223979179691]
L001621 | [Train Acc: 0.6426235814579727]
L001622 | [Dev Loss: 1.3608]
L001623 | [Dev F1: 0.4341525387509357]
L001624 | [Dev Acc: 0.45990180032733224]
L001625 | 
L001626-L001641 | [REDACTED: batch progress and internal diagnostics]
L001642 | [Epoch 64] [Time: 2.68]
L001643 | [Train Loss: 0.8115]
L001644 | [Train F1: 0.6379814837041674]
L001645 | [Train Acc: 0.6389690325062513]
L001646 | [Dev Loss: 1.3457]
L001647 | [Dev F1: 0.3916068657108483]
L001648 | [Dev Acc: 0.41407528641571195]
L001649 | 
L001650-L001665 | [REDACTED: batch progress and internal diagnostics]
L001666 | [Epoch 65] [Time: 2.50]
L001667 | [Train Loss: 0.8018]
L001668 | [Train F1: 0.6415269048001153]
L001669 | [Train Acc: 0.6460857857280247]
L001670 | [Dev Loss: 1.2984]
L001671 | [Dev F1: 0.40204323154973753]
L001672 | [Dev Acc: 0.43044189852700493]
L001673 | 
L001674-L001689 | [REDACTED: batch progress and internal diagnostics]
L001690 | [Epoch 66] [Time: 2.52]
L001691 | [Train Loss: 0.7912]
L001692 | [Train F1: 0.6418924144022411]
L001693 | [Train Acc: 0.6432006155029814]
L001694 | [Dev Loss: 1.3694]
L001695 | [Dev F1: 0.39314495615072914]
L001696 | [Dev Acc: 0.44189852700491]
L001697 | 
L001698-L001713 | [REDACTED: batch progress and internal diagnostics]
L001714 | [Epoch 67] [Time: 2.58]
L001715 | [Train Loss: 0.7932]
L001716 | [Train F1: 0.6418224716609755]
L001717 | [Train Acc: 0.6445470282746683]
L001718 | [Dev Loss: 1.3344]
L001719 | [Dev F1: 0.4251010333005974]
L001720 | [Dev Acc: 0.45171849427168576]
L001721 | 
L001722-L001737 | [REDACTED: batch progress and internal diagnostics]
L001738 | [Epoch 68] [Time: 2.62]
L001739 | [Train Loss: 0.7876]
L001740 | [Train F1: 0.6483077483746318]
L001741 | [Train Acc: 0.6505097134064243]
L001742 | [Dev Loss: 1.3764]
L001743 | [Dev F1: 0.3713988942320158]
L001744 | [Dev Acc: 0.4075286415711948]
L001745 | 
L001746-L001761 | [REDACTED: batch progress and internal diagnostics]
L001762 | [Epoch 69] [Time: 2.69]
L001763 | [Train Loss: 0.785]
L001764 | [Train F1: 0.6442795863064325]
L001765 | [Train Acc: 0.6485862665897288]
L001766 | [Dev Loss: 1.3694]
L001767 | [Dev F1: 0.4352108857694337]
L001768 | [Dev Acc: 0.45499181669394434]
L001769 | 
L001770-L001785 | [REDACTED: batch progress and internal diagnostics]
L001786 | [Epoch 70] [Time: 2.81]
L001787 | [Train Loss: 0.7866]
L001788 | [Train F1: 0.6450102526773933]
L001789 | [Train Acc: 0.6445470282746683]
L001790 | [Dev Loss: 1.4389]
L001791 | [Dev F1: 0.40355330656002525]
L001792 | [Dev Acc: 0.4288052373158756]
L001793 | 
L001794-L001809 | [REDACTED: batch progress and internal diagnostics]
L001810 | [Epoch 71] [Time: 2.57]
L001811 | [Train Loss: 0.7793]
L001812 | [Train F1: 0.6413522954898342]
L001813 | [Train Acc: 0.6443546835929986]
L001814 | [Dev Loss: 1.2716]
L001815 | [Dev F1: 0.4036630002783909]
L001816 | [Dev Acc: 0.4500818330605565]
L001817 | 
L001818-L001833 | [REDACTED: batch progress and internal diagnostics]
L001834 | [Epoch 72] [Time: 2.66]
L001835 | [Train Loss: 0.784]
L001836 | [Train F1: 0.6451054882809474]
L001837 | [Train Acc: 0.6480092325447201]
L001838 | [Dev Loss: 1.3651]
L001839 | [Dev F1: 0.3727784061850735]
L001840 | [Dev Acc: 0.4206219312602291]
L001841 | 
L001842-L001857 | [REDACTED: batch progress and internal diagnostics]
L001858 | [Epoch 73] [Time: 2.75]
L001859 | [Train Loss: 0.773]
L001860 | [Train F1: 0.6532300470991297]
L001861 | [Train Acc: 0.6555106751298326]
L001862 | [Dev Loss: 1.3892]
L001863 | [Dev F1: 0.41473903166326354]
L001864 | [Dev Acc: 0.4500818330605565]
L001865 | 
L001866-L001881 | [REDACTED: batch progress and internal diagnostics]
L001882 | [Epoch 74] [Time: 2.80]
L001883 | [Train Loss: 0.7774]
L001884 | [Train F1: 0.6486308036315871]
L001885 | [Train Acc: 0.6503173687247548]
L001886 | [Dev Loss: 1.3081]
L001887 | [Dev F1: 0.42312672513573624]
L001888 | [Dev Acc: 0.4500818330605565]
L001889 | 
L001890-L001905 | [REDACTED: batch progress and internal diagnostics]
L001906 | [Epoch 75] [Time: 2.64]
L001907 | [Train Loss: 0.7798]
L001908 | [Train F1: 0.6547772481116243]
L001909 | [Train Acc: 0.6580111559915368]
L001910 | [Dev Loss: 1.3807]
L001911 | [Dev F1: 0.39178418646427254]
L001912 | [Dev Acc: 0.42225859247135844]
L001913 | 
L001914-L001929 | [REDACTED: batch progress and internal diagnostics]
L001930 | [Epoch 76] [Time: 2.69]
L001931 | [Train Loss: 0.7715]
L001932 | [Train F1: 0.6563643866415061]
L001933 | [Train Acc: 0.6560877091748413]
L001934 | [Dev Loss: 1.3615]
L001935 | [Dev F1: 0.44198669732411217]
L001936 | [Dev Acc: 0.46481178396072015]
L001937 | 
L001938-L001953 | [REDACTED: batch progress and internal diagnostics]
L001954 | [Epoch 77] [Time: 2.67]
L001955 | [Train Loss: 0.7735]
L001956 | [Train F1: 0.6475357852794648]
L001957 | [Train Acc: 0.6497403346797461]
L001958 | [Dev Loss: 1.3428]
L001959 | [Dev F1: 0.4170144634438069]
L001960 | [Dev Acc: 0.4386252045826514]
L001961 | 
L001962-L001977 | [REDACTED: batch progress and internal diagnostics]
L001978 | [Epoch 78] [Time: 2.70]
L001979 | [Train Loss: 0.7749]
L001980 | [Train F1: 0.6544821486722239]
L001981 | [Train Acc: 0.6578188113098673]
L001982 | [Dev Loss: 1.3009]
L001983 | [Dev F1: 0.4430502788951917]
L001984 | [Dev Acc: 0.46808510638297873]
L001985 | 
L001986-L002001 | [REDACTED: batch progress and internal diagnostics]
L002002 | [Epoch 79] [Time: 2.74]
L002003 | [Train Loss: 0.7819]
L002004 | [Train F1: 0.6524436623815765]
L002005 | [Train Acc: 0.6543566070398154]
L002006 | [Dev Loss: 1.3011]
L002007 | [Dev F1: 0.39775525196739314]
L002008 | [Dev Acc: 0.45499181669394434]
L002009 | 
L002010-L002025 | [REDACTED: batch progress and internal diagnostics]
L002026 | [Epoch 80] [Time: 2.66]
L002027 | [Train Loss: 0.7865]
L002028 | [Train F1: 0.6475706916517032]
L002029 | [Train Acc: 0.6497403346797461]
L002030 | [Dev Loss: 1.3927]
L002031 | [Dev F1: 0.4100439880684751]
L002032 | [Dev Acc: 0.4353518821603928]
L002033 | 
L002034-L002049 | [REDACTED: batch progress and internal diagnostics]
L002050 | [Epoch 81] [Time: 3.00]
L002051 | [Train Loss: 0.7691]
L002052 | [Train F1: 0.6525256915882574]
L002053 | [Train Acc: 0.654933641084824]
L002054 | [Dev Loss: 1.2886]
L002055 | [Dev F1: 0.3823257927044005]
L002056 | [Dev Acc: 0.40098199672667756]
L002057 | 
L002058-L002073 | [REDACTED: batch progress and internal diagnostics]
L002074 | [Epoch 82] [Time: 2.71]
L002075 | [Train Loss: 0.777]
L002076 | [Train F1: 0.6486084345327323]
L002077 | [Train Acc: 0.6522408155414503]
L002078 | [Dev Loss: 1.3688]
L002079 | [Dev F1: 0.4183059780941691]
L002080 | [Dev Acc: 0.4582651391162029]
L002081 | 
L002082-L002097 | [REDACTED: batch progress and internal diagnostics]
L002098 | [Epoch 83] [Time: 2.78]
L002099 | [Train Loss: 0.7659]
L002100 | [Train F1: 0.6507326438649913]
L002101 | [Train Acc: 0.6537795729948067]
L002102 | [Dev Loss: 1.3447]
L002103 | [Dev F1: 0.39943144501601807]
L002104 | [Dev Acc: 0.41243862520458263]
L002105 | 
L002106-L002121 | [REDACTED: batch progress and internal diagnostics]
L002122 | [Epoch 84] [Time: 2.69]
L002123 | [Train Loss: 0.7705]
L002124 | [Train F1: 0.6574967382615368]
L002125 | [Train Acc: 0.6591652240815541]
L002126 | [Dev Loss: 1.3835]
L002127 | [Dev F1: 0.412444246672846]
L002128 | [Dev Acc: 0.4386252045826514]
L002129 | 
L002130-L002145 | [REDACTED: batch progress and internal diagnostics]
L002146 | [Epoch 85] [Time: 2.61]
L002147 | [Train Loss: 0.7678]
L002148 | [Train F1: 0.660987861560131]
L002149 | [Train Acc: 0.6630121177149452]
L002150 | [Dev Loss: 1.2937]
L002151 | [Dev F1: 0.44047145010702254]
L002152 | [Dev Acc: 0.4533551554828151]
L002153 | 
L002154-L002169 | [REDACTED: batch progress and internal diagnostics]
L002170 | [Epoch 86] [Time: 2.68]
L002171 | [Train Loss: 0.7637]
L002172 | [Train F1: 0.6549252818955283]
L002173 | [Train Acc: 0.6585881900365455]
L002174 | [Dev Loss: 1.3545]
L002175 | [Dev F1: 0.3813332598279482]
L002176 | [Dev Acc: 0.425531914893617]
L002177 | 
L002178-L002193 | [REDACTED: batch progress and internal diagnostics]
L002194 | [Epoch 87] [Time: 2.71]
L002195 | [Train Loss: 0.7687]
L002196 | [Train F1: 0.6584576365817575]
L002197 | [Train Acc: 0.6591652240815541]
L002198 | [Dev Loss: 1.3415]
L002199 | [Dev F1: 0.4393478899963326]
L002200 | [Dev Acc: 0.469721767594108]
L002201 | 
L002202-L002217 | [REDACTED: batch progress and internal diagnostics]
L002218 | [Epoch 88] [Time: 2.79]
L002219 | [Train Loss: 0.7568]
L002220 | [Train F1: 0.6621385514773673]
L002221 | [Train Acc: 0.6649355645316407]
L002222 | [Dev Loss: 1.4068]
L002223 | [Dev F1: 0.37583372768822926]
L002224 | [Dev Acc: 0.41080196399345337]
L002225 | 
L002226-L002241 | [REDACTED: batch progress and internal diagnostics]
L002242 | [Epoch 89] [Time: 2.66]
L002243 | [Train Loss: 0.7619]
L002244 | [Train F1: 0.6586654868467553]
L002245 | [Train Acc: 0.6603192921715715]
L002246 | [Dev Loss: 1.3574]
L002247 | [Dev F1: 0.4332973946901703]
L002248 | [Dev Acc: 0.4664484451718494]
L002249 | 
L002250-L002265 | [REDACTED: batch progress and internal diagnostics]
L002266 | [Epoch 90] [Time: 2.69]
L002267 | [Train Loss: 0.773]
L002268 | [Train F1: 0.6478672706443765]
L002269 | [Train Acc: 0.651086747451433]
L002270 | [Dev Loss: 1.4022]
L002271 | [Dev F1: 0.36363635326154264]
L002272 | [Dev Acc: 0.4206219312602291]
L002273 | 
L002274-L002289 | [REDACTED: batch progress and internal diagnostics]
L002290 | [Epoch 91] [Time: 2.59]
L002291 | [Train Loss: 0.7742]
L002292 | [Train F1: 0.650998519735422]
L002293 | [Train Acc: 0.6512790921331025]
L002294 | [Dev Loss: 1.3625]
L002295 | [Dev F1: 0.4197689060816992]
L002296 | [Dev Acc: 0.46153846153846156]
L002297 | 
L002298-L002313 | [REDACTED: batch progress and internal diagnostics]
L002314 | [Epoch 92] [Time: 2.65]
L002315 | [Train Loss: 0.7724]
L002316 | [Train F1: 0.6537003254345238]
L002317 | [Train Acc: 0.657049432583189]
L002318 | [Dev Loss: 1.3755]
L002319 | [Dev F1: 0.35966798215219936]
L002320 | [Dev Acc: 0.397708674304419]
L002321 | 
L002322-L002337 | [REDACTED: batch progress and internal diagnostics]
L002338 | [Epoch 93] [Time: 2.68]
L002339 | [Train Loss: 0.7653]
L002340 | [Train F1: 0.6597540983333684]
L002341 | [Train Acc: 0.6597422581265628]
L002342 | [Dev Loss: 1.3292]
L002343 | [Dev F1: 0.4226294223810363]
L002344 | [Dev Acc: 0.4402618657937807]
L002345 | 
L002346-L002361 | [REDACTED: batch progress and internal diagnostics]
L002362 | [Epoch 94] [Time: 2.73]
L002363 | [Train Loss: 0.7539]
L002364 | [Train F1: 0.6610251805760857]
L002365 | [Train Acc: 0.6649355645316407]
L002366 | [Dev Loss: 1.3931]
L002367 | [Dev F1: 0.3898208058441811]
L002368 | [Dev Acc: 0.4386252045826514]
L002369 | 
L002370-L002385 | [REDACTED: batch progress and internal diagnostics]
L002386 | [Epoch 95] [Time: 2.61]
L002387 | [Train Loss: 0.7606]
L002388 | [Train F1: 0.6638796099266059]
L002389 | [Train Acc: 0.6639738411232929]
L002390 | [Dev Loss: 1.3387]
L002391 | [Dev F1: 0.39457249780552994]
L002392 | [Dev Acc: 0.41734860883797054]
L002393 | 
L002394-L002409 | [REDACTED: batch progress and internal diagnostics]
L002410 | [Epoch 96] [Time: 2.83]
L002411 | [Train Loss: 0.7535]
L002412 | [Train F1: 0.6569707500419782]
L002413 | [Train Acc: 0.662627428351606]
L002414 | [Dev Loss: 1.3042]
L002415 | [Dev F1: 0.3920063980796398]
L002416 | [Dev Acc: 0.4206219312602291]
L002417 | 
L002418-L002433 | [REDACTED: batch progress and internal diagnostics]
L002434 | [Epoch 97] [Time: 2.70]
L002435 | [Train Loss: 0.7422]
L002436 | [Train F1: 0.6666618669792879]
L002437 | [Train Acc: 0.6668590113483363]
L002438 | [Dev Loss: 1.3809]
L002439 | [Dev F1: 0.36339881829459314]
L002440 | [Dev Acc: 0.40916530278232405]
L002441 | 
L002442-L002457 | [REDACTED: batch progress and internal diagnostics]
L002458 | [Epoch 98] [Time: 2.64]
L002459 | [Train Loss: 0.7352]
L002460 | [Train F1: 0.6602086311899353]
L002461 | [Train Acc: 0.6657049432583189]
L002462 | [Dev Loss: 1.3026]
L002463 | [Dev F1: 0.4140960389260968]
L002464 | [Dev Acc: 0.4369885433715221]
L002465 | 
L002466-L002481 | [REDACTED: batch progress and internal diagnostics]
L002482 | [Epoch 99] [Time: 2.61]
L002483 | [Train Loss: 0.7343]
L002484 | [Train F1: 0.6688380379705761]
L002485 | [Train Acc: 0.6687824581650318]
L002486 | [Dev Loss: 1.3595]
L002487 | [Dev F1: 0.3934797099591321]
L002488 | [Dev Acc: 0.425531914893617]
L002489 | 
L002490-L002505 | [REDACTED: batch progress and internal diagnostics]
L002506 | [Epoch 100] [Time: 2.80]
L002507 | [Train Loss: 0.7384]
L002508 | [Train F1: 0.6653132856975944]
L002509 | [Train Acc: 0.6676283900750144]
L002510 | [Dev Loss: 1.3629]
L002511 | [Dev F1: 0.42522663791482973]
L002512 | [Dev Acc: 0.4533551554828151]
L002513 | 
L002514-L002529 | [REDACTED: batch progress and internal diagnostics]
L002530 | [Epoch 101] [Time: 2.57]
L002531 | [Train Loss: 0.7474]
L002532 | [Train F1: 0.6635696770924138]
L002533 | [Train Acc: 0.6657049432583189]
L002534 | [Dev Loss: 1.3149]
L002535 | [Dev F1: 0.40730988775917804]
L002536 | [Dev Acc: 0.44353518821603927]
L002537 | Early stopping at epoch: 101
L002538 | Last model
L002539 |               precision    recall  f1-score   support
L002540 | 
L002541 |          hap     0.5732    0.3264    0.4159       144
L002542 |          sad     0.8367    0.5020    0.6276       245
L002543 |          neu     0.5577    0.6042    0.5800       384
L002544 |          ang     0.6250    0.5294    0.5732       170
L002545 |          exc     0.6685    0.8161    0.7349       299
L002546 |          fru     0.5096    0.6273    0.5624       381
L002547 | 
L002548 |     accuracy                         0.6007      1623
L002549 |    macro avg     0.6284    0.5676    0.5823      1623
L002550 | weighted avg     0.6174    0.6007    0.5963      1623
L002551 | 
L002552 | Best model at epoch: 61
L002553 | Best dev F1: 0.444180168662819
L002554 |               precision    recall  f1-score   support
L002555 | 
L002556 |          hap     0.4962    0.4514    0.4727       144
L002557 |          sad     0.8112    0.4735    0.5979       245
L002558 |          neu     0.5576    0.6432    0.5973       384
L002559 |          ang     0.6774    0.4941    0.5714       170
L002560 |          exc     0.6983    0.8127    0.7512       299
L002561 |          fru     0.5023    0.5722    0.5350       381
L002562 | 
L002563 |     accuracy                         0.5995      1623
L002564 |    macro avg     0.6238    0.5745    0.5876      1623
L002565 | weighted avg     0.6159    0.5995    0.5974      1623
L002566 | 
L002567 | Best test F1: 0.5973560189596573
L002568 | Best test Acc: 0.5995070856438693
L002569 | [SANITIZED] Saved checkpoint: [path and filename removed]
