# Redacted copy of an existing run log.
# run_id: G27-seed4
# dataset: CMU-MOSEI
# model: MMGCN+AMBER
# imr: (0.5,0.3,0.7)
# seed_alias: seed4
# original_log_sha256: a4fc8de7791581cf2ecda6c2a5104c3349cbbde6d962938436e001b9334bad18
# source_record_status: ok
# source_record_process_return_code: 3221226505
# L numbers refer to source logical lines; REDACTED/SANITIZED text is editorial.
L000001-L000065 | [REDACTED: configuration or implementation details]
L000066 | [SANITIZED] Seed alias: seed4
L000067 | 
L000068-L000069 | [REDACTED: batch progress and internal diagnostics]
L000070 | 
L000071-L000072 | [REDACTED: batch progress and internal diagnostics]
L000073 | 
L000074-L000075 | [REDACTED: batch progress and internal diagnostics]
L000076 | 
L000077-L000360 | [REDACTED: batch progress and internal diagnostics]
L000361 | [Epoch 0] [Time: 39.28402328491211]
L000362 | [Train Loss: 1.2105]
L000363 | [Train F1: 0.6551867042745639]
L000364 | [Train Acc: 0.6549350852494916]
L000365 | [Dev Loss: 0.6778]
L000366 | [Dev F1: 0.7968010656915518]
L000367 | [Dev Acc: 0.8045897079276774]
L000368 | 
L000369-L000652 | [REDACTED: batch progress and internal diagnostics]
L000653 | [Epoch 1] [Time: 39.524290323257446]
L000654 | [Train Loss: 0.7681]
L000655 | [Train F1: 0.8058003213613136]
L000656 | [Train Acc: 0.805568590646019]
L000657 | [Dev Loss: 0.6138]
L000658 | [Dev F1: 0.799799206889504]
L000659 | [Dev Acc: 0.7955493741307371]
L000660 | 
L000661-L000944 | [REDACTED: batch progress and internal diagnostics]
L000945 | [Epoch 2] [Time: 38.97467613220215]
L000946 | [Train Loss: 0.6466]
L000947 | [Train F1: 0.827794359864673]
L000948 | [Train Acc: 0.8280932269669952]
L000949 | [Dev Loss: 0.5408]
L000950 | [Dev F1: 0.8288881770229067]
L000951 | [Dev Acc: 0.8268428372739917]
L000952 | 
L000953-L001236 | [REDACTED: batch progress and internal diagnostics]
L001237 | [Epoch 3] [Time: 38.78250432014465]
L001238 | [Train Loss: 0.6061]
L001239 | [Train F1: 0.8360951467108516]
L001240 | [Train Acc: 0.8368528077584858]
L001241 | [Dev Loss: 0.5265]
L001242 | [Dev F1: 0.8412229829084568]
L001243 | [Dev Acc: 0.847009735744089]
L001244 | 
L001245-L001528 | [REDACTED: batch progress and internal diagnostics]
L001529 | [Epoch 4] [Time: 40.13536214828491]
L001530 | [Train Loss: 0.5718]
L001531 | [Train F1: 0.8455323951887154]
L001532 | [Train Acc: 0.8461598623494447]
L001533 | [Dev Loss: 0.5027]
L001534 | [Dev F1: 0.842825165986833]
L001535 | [Dev Acc: 0.8435326842837274]
L001536 | 
L001537-L001820 | [REDACTED: batch progress and internal diagnostics]
L001821 | [Epoch 5] [Time: 39.95860028266907]
L001822 | [Train Loss: 0.5486]
L001823 | [Train F1: 0.8493629672624444]
L001824 | [Train Acc: 0.8501486000312842]
L001825 | [Dev Loss: 0.4932]
L001826 | [Dev F1: 0.8402687291694829]
L001827 | [Dev Acc: 0.8400556328233658]
L001828 | 
L001829-L002112 | [REDACTED: batch progress and internal diagnostics]
L002113 | [Epoch 6] [Time: 40.214600563049316]
L002114 | [Train Loss: 0.5271]
L002115 | [Train F1: 0.8536521910507541]
L002116 | [Train Acc: 0.854763022055373]
L002117 | [Dev Loss: 0.4877]
L002118 | [Dev F1: 0.8419469954919239]
L002119 | [Dev Acc: 0.8407510431154381]
L002120 | 
L002121-L002404 | [REDACTED: batch progress and internal diagnostics]
L002405 | [Epoch 7] [Time: 40.862329721450806]
L002406 | [Train Loss: 0.5126]
L002407 | [Train F1: 0.8572511031652629]
L002408 | [Train Acc: 0.8577350226810574]
L002409 | [Dev Loss: 0.4851]
L002410 | [Dev F1: 0.8435327024311775]
L002411 | [Dev Acc: 0.8456189151599444]
L002412 | 
L002413-L002696 | [REDACTED: batch progress and internal diagnostics]
L002697 | [Epoch 8] [Time: 39.17601561546326]
L002698 | [Train Loss: 0.4916]
L002699 | [Train F1: 0.8639655586328222]
L002700 | [Train Acc: 0.8647739715313624]
L002701 | [Dev Loss: 0.4748]
L002702 | [Dev F1: 0.8468736573425364]
L002703 | [Dev Acc: 0.8484005563282336]
L002704 | 
L002705-L002988 | [REDACTED: batch progress and internal diagnostics]
L002989 | [Epoch 9] [Time: 39.80455422401428]
L002990 | [Train Loss: 0.4759]
L002991 | [Train F1: 0.8666306788363929]
L002992 | [Train Acc: 0.8672767089003598]
L002993 | [Dev Loss: 0.524]
L002994 | [Dev F1: 0.8325234151170837]
L002995 | [Dev Acc: 0.8400556328233658]
L002996 | 
L002997-L003280 | [REDACTED: batch progress and internal diagnostics]
L003281 | [Epoch 10] [Time: 39.2459180355072]
L003282 | [Train Loss: 0.464]
L003283 | [Train F1: 0.8705216071639618]
L003284 | [Train Acc: 0.8711872360394182]
L003285 | [Dev Loss: 0.4798]
L003286 | [Dev F1: 0.8483317008721922]
L003287 | [Dev Acc: 0.8484005563282336]
L003288 | 
L003289-L003572 | [REDACTED: batch progress and internal diagnostics]
L003573 | [Epoch 11] [Time: 39.273608446121216]
L003574 | [Train Loss: 0.446]
L003575 | [Train F1: 0.8746308037274387]
L003576 | [Train Acc: 0.8750977631784764]
L003577 | [Dev Loss: 0.4771]
L003578 | [Dev F1: 0.8479758192941511]
L003579 | [Dev Acc: 0.8484005563282336]
L003580 | 
L003581-L003864 | [REDACTED: batch progress and internal diagnostics]
L003865 | [Epoch 12] [Time: 38.915626525878906]
L003866 | [Train Loss: 0.4229]
L003867 | [Train F1: 0.8808337611395279]
L003868 | [Train Acc: 0.8811981855154075]
L003869 | [Dev Loss: 0.4818]
L003870 | [Dev F1: 0.8442827648742193]
L003871 | [Dev Acc: 0.8463143254520167]
L003872 | 
L003873-L004156 | [REDACTED: batch progress and internal diagnostics]
L004157 | [Epoch 13] [Time: 38.91963791847229]
L004158 | [Train Loss: 0.4099]
L004159 | [Train F1: 0.881667472867682]
L004160 | [Train Acc: 0.8821367120287815]
L004161 | [Dev Loss: 0.5277]
L004162 | [Dev F1: 0.8213702016390463]
L004163 | [Dev Acc: 0.8184979137691237]
L004164 | 
L004165-L004448 | [REDACTED: batch progress and internal diagnostics]
L004449 | [Epoch 14] [Time: 39.301772594451904]
L004450 | [Train Loss: 0.3913]
L004451 | [Train F1: 0.8882839080577427]
L004452 | [Train Acc: 0.8886281870796183]
L004453 | [Dev Loss: 0.5058]
L004454 | [Dev F1: 0.8274608416049339]
L004455 | [Dev Acc: 0.825452016689847]
L004456 | 
L004457-L004740 | [REDACTED: batch progress and internal diagnostics]
L004741 | [Epoch 15] [Time: 38.80999803543091]
L004742 | [Train Loss: 0.3748]
L004743 | [Train F1: 0.8918320919723032]
L004744 | [Train Acc: 0.8920694509619896]
L004745 | [Dev Loss: 0.5139]
L004746 | [Dev F1: 0.837176440588814]
L004747 | [Dev Acc: 0.8365785813630042]
L004748 | 
L004749-L005032 | [REDACTED: batch progress and internal diagnostics]
L005033 | [Epoch 16] [Time: 38.39602613449097]
L005034 | [Train Loss: 0.3494]
L005035 | [Train F1: 0.8981495304022179]
L005036 | [Train Acc: 0.8983262943844831]
L005037 | [Dev Loss: 0.5172]
L005038 | [Dev F1: 0.8186753963883906]
L005039 | [Dev Acc: 0.8157162726008345]
L005040 | 
L005041-L005324 | [REDACTED: batch progress and internal diagnostics]
L005325 | [Epoch 17] [Time: 39.280840158462524]
L005326 | [Train Loss: 0.3313]
L005327 | [Train F1: 0.9017440249186292]
L005328 | [Train Acc: 0.9018457688096355]
L005329 | [Dev Loss: 0.5036]
L005330 | [Dev F1: 0.8353712629543878]
L005331 | [Dev Acc: 0.8351877607788595]
L005332 | 
L005333-L005616 | [REDACTED: batch progress and internal diagnostics]
L005617 | [Epoch 18] [Time: 39.30613422393799]
L005618 | [Train Loss: 0.3195]
L005619 | [Train F1: 0.9093203430204693]
L005620 | [Train Acc: 0.9093539809166276]
L005621 | [Dev Loss: 0.5384]
L005622 | [Dev F1: 0.8198234548417811]
L005623 | [Dev Acc: 0.8171070931849791]
L005624 | 
L005625-L005908 | [REDACTED: batch progress and internal diagnostics]
L005909 | [Epoch 19] [Time: 39.50576686859131]
L005910 | [Train Loss: 0.3035]
L005911 | [Train F1: 0.9119611031093651]
L005912 | [Train Acc: 0.9120131393711872]
L005913 | [Dev Loss: 0.5534]
L005914 | [Dev F1: 0.8322557800838751]
L005915 | [Dev Acc: 0.8344923504867872]
L005916 | 
L005917-L006200 | [REDACTED: batch progress and internal diagnostics]
L006201 | [Epoch 20] [Time: 38.58164691925049]
L006202 | [Train Loss: 0.2926]
L006203 | [Train F1: 0.9148015103975372]
L006204 | [Train Acc: 0.9149069294540904]
L006205 | [Dev Loss: 0.5529]
L006206 | [Dev F1: 0.8211005545478324]
L006207 | [Dev Acc: 0.8184979137691237]
L006208 | Early stopping at epoch: 20
L006209 | Last model
L006210 |               precision    recall  f1-score   support
L006211 | 
L006212 |     Negative     0.7313    0.8244    0.7751      1350
L006213 |     Positive     0.8878    0.8209    0.8530      2284
L006214 | 
L006215 |     accuracy                         0.8222      3634
L006216 |    macro avg     0.8095    0.8227    0.8141      3634
L006217 | weighted avg     0.8296    0.8222    0.8241      3634
L006218 | 
L006219 | Best model at epoch: 10
L006220 | Best dev F1: 0.8483317008721922
L006221 |               precision    recall  f1-score   support
L006222 | 
L006223 |     Negative     0.8028    0.7933    0.7981      1350
L006224 |     Positive     0.8787    0.8849    0.8818      2284
L006225 | 
L006226 |     accuracy                         0.8509      3634
L006227 |    macro avg     0.8408    0.8391    0.8399      3634
L006228 | weighted avg     0.8505    0.8509    0.8507      3634
L006229 | 
L006230 | Best test F1: 0.8506687945854474
L006231 | Best test Acc: 0.8508530544854155
L006232 | [SANITIZED] Saved checkpoint: [path and filename removed]
