# Redacted copy of an existing run log.
# run_id: G27-seed5
# dataset: CMU-MOSEI
# model: MMGCN+AMBER
# imr: (0.5,0.3,0.7)
# seed_alias: seed5
# original_log_sha256: 54ab8ea18ead0c6b288652615e7914a632c3ae0064748486745c1ed90fd185c6
# source_record_status: ok
# source_record_process_return_code: 3221226505
# L numbers refer to source logical lines; REDACTED/SANITIZED text is editorial.
L000001-L000065 | [REDACTED: configuration or implementation details]
L000066 | [SANITIZED] Seed alias: seed5
L000067 | 
L000068-L000069 | [REDACTED: batch progress and internal diagnostics]
L000070 | 
L000071-L000072 | [REDACTED: batch progress and internal diagnostics]
L000073 | 
L000074-L000075 | [REDACTED: batch progress and internal diagnostics]
L000076 | 
L000077-L000360 | [REDACTED: batch progress and internal diagnostics]
L000361 | [Epoch 0] [Time: 38.39217448234558]
L000362 | [Train Loss: 1.1556]
L000363 | [Train F1: 0.6675144028537501]
L000364 | [Train Acc: 0.6669795088377913]
L000365 | [Dev Loss: 0.6998]
L000366 | [Dev F1: 0.7830308423839969]
L000367 | [Dev Acc: 0.8011126564673157]
L000368 | 
L000369-L000652 | [REDACTED: batch progress and internal diagnostics]
L000653 | [Epoch 1] [Time: 38.40839958190918]
L000654 | [Train Loss: 0.7556]
L000655 | [Train F1: 0.8052894646344214]
L000656 | [Train Acc: 0.8052557484748945]
L000657 | [Dev Loss: 0.5523]
L000658 | [Dev F1: 0.8378058687362536]
L000659 | [Dev Acc: 0.8365785813630042]
L000660 | 
L000661-L000944 | [REDACTED: batch progress and internal diagnostics]
L000945 | [Epoch 2] [Time: 38.47010135650635]
L000946 | [Train Loss: 0.6458]
L000947 | [Train F1: 0.8317165740573417]
L000948 | [Train Acc: 0.8320819646488347]
L000949 | [Dev Loss: 0.5615]
L000950 | [Dev F1: 0.8214267397967447]
L000951 | [Dev Acc: 0.8310152990264256]
L000952 | 
L000953-L001236 | [REDACTED: batch progress and internal diagnostics]
L001237 | [Epoch 3] [Time: 37.78858709335327]
L001238 | [Train Loss: 0.6069]
L001239 | [Train F1: 0.8379101011847518]
L001240 | [Train Acc: 0.838808071328015]
L001241 | [Dev Loss: 0.5258]
L001242 | [Dev F1: 0.8397283412254473]
L001243 | [Dev Acc: 0.8386648122392212]
L001244 | 
L001245-L001528 | [REDACTED: batch progress and internal diagnostics]
L001529 | [Epoch 4] [Time: 38.61083936691284]
L001530 | [Train Loss: 0.5624]
L001531 | [Train F1: 0.8458902264056481]
L001532 | [Train Acc: 0.8466291256061317]
L001533 | [Dev Loss: 0.5135]
L001534 | [Dev F1: 0.8449777827805619]
L001535 | [Dev Acc: 0.8463143254520167]
L001536 | 
L001537-L001820 | [REDACTED: batch progress and internal diagnostics]
L001821 | [Epoch 5] [Time: 37.87321901321411]
L001822 | [Train Loss: 0.5546]
L001823 | [Train F1: 0.8501709166197865]
L001824 | [Train Acc: 0.8508524949163148]
L001825 | [Dev Loss: 0.5111]
L001826 | [Dev F1: 0.8424070246401473]
L001827 | [Dev Acc: 0.844923504867872]
L001828 | 
L001829-L002112 | [REDACTED: batch progress and internal diagnostics]
L002113 | [Epoch 6] [Time: 39.40531539916992]
L002114 | [Train Loss: 0.5302]
L002115 | [Train F1: 0.8548536506681106]
L002116 | [Train Acc: 0.855701548568747]
L002117 | [Dev Loss: 0.5127]
L002118 | [Dev F1: 0.8465358304157862]
L002119 | [Dev Acc: 0.8497913769123783]
L002120 | 
L002121-L002404 | [REDACTED: batch progress and internal diagnostics]
L002405 | [Epoch 7] [Time: 38.169817209243774]
L002406 | [Train Loss: 0.5076]
L002407 | [Train F1: 0.8598175073140288]
L002408 | [Train Acc: 0.8604723916783983]
L002409 | [Dev Loss: 0.5176]
L002410 | [Dev F1: 0.8363889289650864]
L002411 | [Dev Acc: 0.8386648122392212]
L002412 | 
L002413-L002696 | [REDACTED: batch progress and internal diagnostics]
L002697 | [Epoch 8] [Time: 38.890239000320435]
L002698 | [Train Loss: 0.5003]
L002699 | [Train F1: 0.8616953331703852]
L002700 | [Train Acc: 0.8626622868762709]
L002701 | [Dev Loss: 0.5321]
L002702 | [Dev F1: 0.833088940926006]
L002703 | [Dev Acc: 0.8393602225312935]
L002704 | 
L002705-L002988 | [REDACTED: batch progress and internal diagnostics]
L002989 | [Epoch 9] [Time: 38.06582260131836]
L002990 | [Train Loss: 0.4791]
L002991 | [Train F1: 0.865771128654217]
L002992 | [Train Acc: 0.8664946034725481]
L002993 | [Dev Loss: 0.5186]
L002994 | [Dev F1: 0.8462093285584227]
L002995 | [Dev Acc: 0.8463143254520167]
L002996 | 
L002997-L003280 | [REDACTED: batch progress and internal diagnostics]
L003281 | [Epoch 10] [Time: 39.30922508239746]
L003282 | [Train Loss: 0.4567]
L003283 | [Train F1: 0.869455896602586]
L003284 | [Train Acc: 0.8699358673549195]
L003285 | [Dev Loss: 0.5282]
L003286 | [Dev F1: 0.8401274696551779]
L003287 | [Dev Acc: 0.8400556328233658]
L003288 | 
L003289-L003572 | [REDACTED: batch progress and internal diagnostics]
L003573 | [Epoch 11] [Time: 39.66007661819458]
L003574 | [Train Loss: 0.44]
L003575 | [Train F1: 0.8752588272529117]
L003576 | [Train Acc: 0.8757234475207258]
L003577 | [Dev Loss: 0.558]
L003578 | [Dev F1: 0.8352441772333559]
L003579 | [Dev Acc: 0.8331015299026425]
L003580 | 
L003581-L003864 | [REDACTED: batch progress and internal diagnostics]
L003865 | [Epoch 12] [Time: 38.63730239868164]
L003866 | [Train Loss: 0.4172]
L003867 | [Train F1: 0.8752265184825523]
L003868 | [Train Acc: 0.8755670264351635]
L003869 | [Dev Loss: 0.5243]
L003870 | [Dev F1: 0.8389497941040116]
L003871 | [Dev Acc: 0.8386648122392212]
L003872 | 
L003873-L004156 | [REDACTED: batch progress and internal diagnostics]
L004157 | [Epoch 13] [Time: 38.4178307056427]
L004158 | [Train Loss: 0.3974]
L004159 | [Train F1: 0.8847829907281543]
L004160 | [Train Acc: 0.8850305021116847]
L004161 | [Dev Loss: 0.5591]
L004162 | [Dev F1: 0.8305415229479616]
L004163 | [Dev Acc: 0.8289290681502086]
L004164 | 
L004165-L004448 | [REDACTED: batch progress and internal diagnostics]
L004449 | [Epoch 14] [Time: 38.49093413352966]
L004450 | [Train Loss: 0.3813]
L004451 | [Train F1: 0.8897234096413844]
L004452 | [Train Acc: 0.8899577663068982]
L004453 | [Dev Loss: 0.5631]
L004454 | [Dev F1: 0.8293258164077021]
L004455 | [Dev Acc: 0.8268428372739917]
L004456 | 
L004457-L004740 | [REDACTED: batch progress and internal diagnostics]
L004741 | [Epoch 15] [Time: 39.484923124313354]
L004742 | [Train Loss: 0.3573]
L004743 | [Train F1: 0.892043430613508]
L004744 | [Train Acc: 0.892225872047552]
L004745 | [Dev Loss: 0.5388]
L004746 | [Dev F1: 0.8349990494544802]
L004747 | [Dev Acc: 0.8351877607788595]
L004748 | 
L004749-L005032 | [REDACTED: batch progress and internal diagnostics]
L005033 | [Epoch 16] [Time: 39.062291383743286]
L005034 | [Train Loss: 0.344]
L005035 | [Train F1: 0.8983213421718541]
L005036 | [Train Acc: 0.8985609260128266]
L005037 | [Dev Loss: 0.5528]
L005038 | [Dev F1: 0.8264083893613267]
L005039 | [Dev Acc: 0.8247566063977747]
L005040 | Early stopping at epoch: 16
L005041 | Last model
L005042 |               precision    recall  f1-score   support
L005043 | 
L005044 |     Negative     0.7563    0.8044    0.7796      1350
L005045 |     Positive     0.8799    0.8468    0.8630      2284
L005046 | 
L005047 |     accuracy                         0.8310      3634
L005048 |    macro avg     0.8181    0.8256    0.8213      3634
L005049 | weighted avg     0.8340    0.8310    0.8320      3634
L005050 | 
L005051 | Best model at epoch: 6
L005052 | Best dev F1: 0.8465358304157862
L005053 |               precision    recall  f1-score   support
L005054 | 
L005055 |     Negative     0.8508    0.7267    0.7839      1350
L005056 |     Positive     0.8513    0.9247    0.8865      2284
L005057 | 
L005058 |     accuracy                         0.8511      3634
L005059 |    macro avg     0.8510    0.8257    0.8352      3634
L005060 | weighted avg     0.8511    0.8511    0.8483      3634
L005061 | 
L005062 | Best test F1: 0.8483471281418035
L005063 | Best test Acc: 0.8511282333516786
L005064 | [SANITIZED] Saved checkpoint: [path and filename removed]
