# Redacted copy of an existing run log.
# run_id: G07-seed2
# dataset: IEMOCAP
# model: MMGCN+AMBER
# imr: (0.3,0.5,0.7)
# seed_alias: seed2
# original_log_sha256: 37646740ebe47dc4f39ee7edf110c16d0a81c8ea299cbbcf114aca18152d7166
# source_record_status: ok
# source_record_process_return_code: 3221226505
# L numbers refer to source logical lines; REDACTED/SANITIZED text is editorial.
L000001-L000065 | [REDACTED: configuration or implementation details]
L000066 | [SANITIZED] Seed alias: seed2
L000067 | 
L000068-L000069 | [REDACTED: batch progress and internal diagnostics]
L000070 | 
L000071-L000072 | [REDACTED: batch progress and internal diagnostics]
L000073 | 
L000074-L000075 | [REDACTED: batch progress and internal diagnostics]
L000076 | 
L000077-L000092 | [REDACTED: batch progress and internal diagnostics]
L000093 | [Epoch 0] [Time: 2.9423115253448486]
L000094 | [Train Loss: 1.8486]
L000095 | [Train F1: 0.20144937835083565]
L000096 | [Train Acc: 0.198488079085094]
L000097 | [Dev Loss: 1.6183]
L000098 | [Dev F1: 0.30996973903616754]
L000099 | [Dev Acc: 0.3548387096774194]
L000100 | 
L000101-L000116 | [REDACTED: batch progress and internal diagnostics]
L000117 | [Epoch 1] [Time: 2.2706587314605713]
L000118 | [Train Loss: 1.6585]
L000119 | [Train F1: 0.2837743584765578]
L000120 | [Train Acc: 0.29773211862764104]
L000121 | [Dev Loss: 1.524]
L000122 | [Dev F1: 0.3338174961569151]
L000123 | [Dev Acc: 0.37019969278033793]
L000124 | 
L000125-L000140 | [REDACTED: batch progress and internal diagnostics]
L000141 | [Epoch 2] [Time: 2.251532554626465]
L000142 | [Train Loss: 1.593]
L000143 | [Train F1: 0.30870919657522367]
L000144 | [Train Acc: 0.3357239775150223]
L000145 | [Dev Loss: 1.4878]
L000146 | [Dev F1: 0.31915885480965756]
L000147 | [Dev Acc: 0.35023041474654376]
L000148 | 
L000149-L000164 | [REDACTED: batch progress and internal diagnostics]
L000165 | [Epoch 3] [Time: 1.9732143878936768]
L000166 | [Train Loss: 1.5071]
L000167 | [Train F1: 0.3594094391624657]
L000168 | [Train Acc: 0.37933708082961815]
L000169 | [Dev Loss: 1.4342]
L000170 | [Dev F1: 0.375308034405624]
L000171 | [Dev Acc: 0.3901689708141321]
L000172 | 
L000173-L000188 | [REDACTED: batch progress and internal diagnostics]
L000189 | [Epoch 4] [Time: 2.1538467407226562]
L000190 | [Train Loss: 1.4376]
L000191 | [Train F1: 0.4038660951119202]
L000192 | [Train Acc: 0.4188796278348517]
L000193 | [Dev Loss: 1.3904]
L000194 | [Dev F1: 0.39371954351892324]
L000195 | [Dev Acc: 0.41013824884792627]
L000196 | 
L000197-L000212 | [REDACTED: batch progress and internal diagnostics]
L000213 | [Epoch 5] [Time: 2.0689280033111572]
L000214 | [Train Loss: 1.364]
L000215 | [Train F1: 0.4279916013981031]
L000216 | [Train Acc: 0.44097693351424694]
L000217 | [Dev Loss: 1.3543]
L000218 | [Dev F1: 0.39868063729358333]
L000219 | [Dev Acc: 0.4162826420890937]
L000220 | 
L000221-L000236 | [REDACTED: batch progress and internal diagnostics]
L000237 | [Epoch 6] [Time: 2.1362195014953613]
L000238 | [Train Loss: 1.2967]
L000239 | [Train F1: 0.4576364527841981]
L000240 | [Train Acc: 0.4708276797829037]
L000241 | [Dev Loss: 1.3226]
L000242 | [Dev F1: 0.4200834165167978]
L000243 | [Dev Acc: 0.4377880184331797]
L000244 | 
L000245-L000260 | [REDACTED: batch progress and internal diagnostics]
L000261 | [Epoch 7] [Time: 2.122260093688965]
L000262 | [Train Loss: 1.2469]
L000263 | [Train F1: 0.4862581217950307]
L000264 | [Train Acc: 0.4995154099631712]
L000265 | [Dev Loss: 1.2888]
L000266 | [Dev F1: 0.4468923376097871]
L000267 | [Dev Acc: 0.46390168970814133]
L000268 | 
L000269-L000284 | [REDACTED: batch progress and internal diagnostics]
L000285 | [Epoch 8] [Time: 2.1592981815338135]
L000286 | [Train Loss: 1.1913]
L000287 | [Train F1: 0.5075018129665207]
L000288 | [Train Acc: 0.5169606512890095]
L000289 | [Dev Loss: 1.2411]
L000290 | [Dev F1: 0.4752561356001817]
L000291 | [Dev Acc: 0.4946236559139785]
L000292 | 
L000293-L000308 | [REDACTED: batch progress and internal diagnostics]
L000309 | [Epoch 9] [Time: 2.0445468425750732]
L000310 | [Train Loss: 1.1496]
L000311 | [Train F1: 0.5299181968228599]
L000312 | [Train Acc: 0.5400271370420624]
L000313 | [Dev Loss: 1.2227]
L000314 | [Dev F1: 0.4813759825592269]
L000315 | [Dev Acc: 0.4946236559139785]
L000316 | 
L000317-L000332 | [REDACTED: batch progress and internal diagnostics]
L000333 | [Epoch 10] [Time: 2.2293059825897217]
L000334 | [Train Loss: 1.123]
L000335 | [Train F1: 0.5379836852230666]
L000336 | [Train Acc: 0.5466175615429347]
L000337 | [Dev Loss: 1.2075]
L000338 | [Dev F1: 0.48501624701849516]
L000339 | [Dev Acc: 0.500768049155146]
L000340 | 
L000341-L000356 | [REDACTED: batch progress and internal diagnostics]
L000357 | [Epoch 11] [Time: 2.136258602142334]
L000358 | [Train Loss: 1.079]
L000359 | [Train F1: 0.5564009346694704]
L000360 | [Train Acc: 0.5671641791044776]
L000361 | [Dev Loss: 1.1835]
L000362 | [Dev F1: 0.498685720117746]
L000363 | [Dev Acc: 0.511520737327189]
L000364 | 
L000365-L000380 | [REDACTED: batch progress and internal diagnostics]
L000381 | [Epoch 12] [Time: 2.197265386581421]
L000382 | [Train Loss: 1.0409]
L000383 | [Train F1: 0.5687066999421367]
L000384 | [Train Acc: 0.5776313238999806]
L000385 | [Dev Loss: 1.1473]
L000386 | [Dev F1: 0.5243794354676768]
L000387 | [Dev Acc: 0.5391705069124424]
L000388 | 
L000389-L000404 | [REDACTED: batch progress and internal diagnostics]
L000405 | [Epoch 13] [Time: 2.063502311706543]
L000406 | [Train Loss: 1.0024]
L000407 | [Train F1: 0.5816477904810514]
L000408 | [Train Acc: 0.5913936809459197]
L000409 | [Dev Loss: 1.1262]
L000410 | [Dev F1: 0.5380063555049313]
L000411 | [Dev Acc: 0.554531490015361]
L000412 | 
L000413-L000428 | [REDACTED: batch progress and internal diagnostics]
L000429 | [Epoch 14] [Time: 2.169491767883301]
L000430 | [Train Loss: 0.972]
L000431 | [Train F1: 0.5938311693919408]
L000432 | [Train Acc: 0.6020546617561543]
L000433 | [Dev Loss: 1.1106]
L000434 | [Dev F1: 0.5440043403695859]
L000435 | [Dev Acc: 0.5576036866359447]
L000436 | 
L000437-L000452 | [REDACTED: batch progress and internal diagnostics]
L000453 | [Epoch 15] [Time: 2.0606231689453125]
L000454 | [Train Loss: 0.9425]
L000455 | [Train F1: 0.6083570248818654]
L000456 | [Train Acc: 0.6167861988757511]
L000457 | [Dev Loss: 1.097]
L000458 | [Dev F1: 0.5485523192661702]
L000459 | [Dev Acc: 0.5668202764976958]
L000460 | 
L000461-L000476 | [REDACTED: batch progress and internal diagnostics]
L000477 | [Epoch 16] [Time: 2.094193458557129]
L000478 | [Train Loss: 0.9163]
L000479 | [Train F1: 0.6279113302811994]
L000480 | [Train Acc: 0.6355882923047103]
L000481 | [Dev Loss: 1.0791]
L000482 | [Dev F1: 0.5565092204065059]
L000483 | [Dev Acc: 0.576036866359447]
L000484 | 
L000485-L000500 | [REDACTED: batch progress and internal diagnostics]
L000501 | [Epoch 17] [Time: 2.226562976837158]
L000502 | [Train Loss: 0.8869]
L000503 | [Train F1: 0.6383761037527949]
L000504 | [Train Acc: 0.6435355689087032]
L000505 | [Dev Loss: 1.0741]
L000506 | [Dev F1: 0.5591794711002802]
L000507 | [Dev Acc: 0.576036866359447]
L000508 | 
L000509-L000524 | [REDACTED: batch progress and internal diagnostics]
L000525 | [Epoch 18] [Time: 2.181908369064331]
L000526 | [Train Loss: 0.8719]
L000527 | [Train F1: 0.6446735766920608]
L000528 | [Train Acc: 0.6497383213801124]
L000529 | [Dev Loss: 1.0804]
L000530 | [Dev F1: 0.5576965278781147]
L000531 | [Dev Acc: 0.5745007680491552]
L000532 | 
L000533-L000548 | [REDACTED: batch progress and internal diagnostics]
L000549 | [Epoch 19] [Time: 2.144639015197754]
L000550 | [Train Loss: 0.8582]
L000551 | [Train F1: 0.6512393052329649]
L000552 | [Train Acc: 0.6580732700135685]
L000553 | [Dev Loss: 1.0672]
L000554 | [Dev F1: 0.563228970466056]
L000555 | [Dev Acc: 0.5791090629800307]
L000556 | 
L000557-L000572 | [REDACTED: batch progress and internal diagnostics]
L000573 | [Epoch 20] [Time: 2.1941521167755127]
L000574 | [Train Loss: 0.8333]
L000575 | [Train F1: 0.6689254656342161]
L000576 | [Train Acc: 0.6735801511920915]
L000577 | [Dev Loss: 1.082]
L000578 | [Dev F1: 0.5719276088045928]
L000579 | [Dev Acc: 0.5867895545314901]
L000580 | 
L000581-L000596 | [REDACTED: batch progress and internal diagnostics]
L000597 | [Epoch 21] [Time: 2.210432529449463]
L000598 | [Train Loss: 0.8205]
L000599 | [Train F1: 0.6757948958708715]
L000600 | [Train Acc: 0.6809459197518899]
L000601 | [Dev Loss: 1.0508]
L000602 | [Dev F1: 0.5793192025923277]
L000603 | [Dev Acc: 0.5944700460829493]
L000604 | 
L000605-L000620 | [REDACTED: batch progress and internal diagnostics]
L000621 | [Epoch 22] [Time: 1.98829984664917]
L000622 | [Train Loss: 0.786]
L000623 | [Train F1: 0.6876560742774241]
L000624 | [Train Acc: 0.6906377204884667]
L000625 | [Dev Loss: 1.0805]
L000626 | [Dev F1: 0.574553720832911]
L000627 | [Dev Acc: 0.5898617511520737]
L000628 | 
L000629-L000644 | [REDACTED: batch progress and internal diagnostics]
L000645 | [Epoch 23] [Time: 2.1280906200408936]
L000646 | [Train Loss: 0.781]
L000647 | [Train F1: 0.6829067235089249]
L000648 | [Train Acc: 0.6863733281643729]
L000649 | [Dev Loss: 1.047]
L000650 | [Dev F1: 0.5948971758889539]
L000651 | [Dev Acc: 0.6098310291858678]
L000652 | 
L000653-L000668 | [REDACTED: batch progress and internal diagnostics]
L000669 | [Epoch 24] [Time: 2.152057409286499]
L000670 | [Train Loss: 0.7675]
L000671 | [Train F1: 0.6994223577944326]
L000672 | [Train Acc: 0.7020740453576274]
L000673 | [Dev Loss: 1.0686]
L000674 | [Dev F1: 0.5715488142408981]
L000675 | [Dev Acc: 0.5867895545314901]
L000676 | 
L000677-L000692 | [REDACTED: batch progress and internal diagnostics]
L000693 | [Epoch 25] [Time: 2.265859365463257]
L000694 | [Train Loss: 0.7369]
L000695 | [Train F1: 0.7147466266344589]
L000696 | [Train Acc: 0.7175809265361505]
L000697 | [Dev Loss: 1.0538]
L000698 | [Dev F1: 0.5818636209204726]
L000699 | [Dev Acc: 0.5944700460829493]
L000700 | 
L000701-L000716 | [REDACTED: batch progress and internal diagnostics]
L000717 | [Epoch 26] [Time: 2.241804361343384]
L000718 | [Train Loss: 0.7311]
L000719 | [Train F1: 0.7065758023112534]
L000720 | [Train Acc: 0.7092459779026943]
L000721 | [Dev Loss: 1.0613]
L000722 | [Dev F1: 0.6000897871694539]
L000723 | [Dev Acc: 0.6113671274961597]
L000724 | 
L000725-L000740 | [REDACTED: batch progress and internal diagnostics]
L000741 | [Epoch 27] [Time: 2.029898166656494]
L000742 | [Train Loss: 0.7145]
L000743 | [Train F1: 0.7175580358309359]
L000744 | [Train Acc: 0.7195192866834658]
L000745 | [Dev Loss: 1.0632]
L000746 | [Dev F1: 0.5946820640734343]
L000747 | [Dev Acc: 0.6036866359447005]
L000748 | 
L000749-L000764 | [REDACTED: batch progress and internal diagnostics]
L000765 | [Epoch 28] [Time: 2.2371413707733154]
L000766 | [Train Loss: 0.7061]
L000767 | [Train F1: 0.72515378217405]
L000768 | [Train Acc: 0.7268850552432642]
L000769 | [Dev Loss: 1.0586]
L000770 | [Dev F1: 0.5959621344734904]
L000771 | [Dev Acc: 0.6098310291858678]
L000772 | 
L000773-L000788 | [REDACTED: batch progress and internal diagnostics]
L000789 | [Epoch 29] [Time: 2.1677029132843018]
L000790 | [Train Loss: 0.6892]
L000791 | [Train F1: 0.7361234011553036]
L000792 | [Train Acc: 0.7375460360534988]
L000793 | [Dev Loss: 1.0652]
L000794 | [Dev F1: 0.588298545046083]
L000795 | [Dev Acc: 0.5990783410138248]
L000796 | 
L000797-L000812 | [REDACTED: batch progress and internal diagnostics]
L000813 | [Epoch 30] [Time: 2.2732112407684326]
L000814 | [Train Loss: 0.6686]
L000815 | [Train F1: 0.7320875439743331]
L000816 | [Train Acc: 0.7344446598177942]
L000817 | [Dev Loss: 1.0579]
L000818 | [Dev F1: 0.6017510941361532]
L000819 | [Dev Acc: 0.6082949308755761]
L000820 | 
L000821-L000836 | [REDACTED: batch progress and internal diagnostics]
L000837 | [Epoch 31] [Time: 2.318929433822632]
L000838 | [Train Loss: 0.6643]
L000839 | [Train F1: 0.7390143348382632]
L000840 | [Train Acc: 0.7402597402597403]
L000841 | [Dev Loss: 1.0587]
L000842 | [Dev F1: 0.5944574062419306]
L000843 | [Dev Acc: 0.6052227342549923]
L000844 | 
L000845-L000860 | [REDACTED: batch progress and internal diagnostics]
L000861 | [Epoch 32] [Time: 2.2328763008117676]
L000862 | [Train Loss: 0.6471]
L000863 | [Train F1: 0.7541831644061544]
L000864 | [Train Acc: 0.7555727854235317]
L000865 | [Dev Loss: 1.0669]
L000866 | [Dev F1: 0.6064134942875992]
L000867 | [Dev Acc: 0.6129032258064516]
L000868 | 
L000869-L000884 | [REDACTED: batch progress and internal diagnostics]
L000885 | [Epoch 33] [Time: 2.2140517234802246]
L000886 | [Train Loss: 0.6281]
L000887 | [Train F1: 0.7564290490006553]
L000888 | [Train Acc: 0.7573173095561155]
L000889 | [Dev Loss: 1.0722]
L000890 | [Dev F1: 0.5955248021731269]
L000891 | [Dev Acc: 0.6052227342549923]
L000892 | 
L000893-L000908 | [REDACTED: batch progress and internal diagnostics]
L000909 | [Epoch 34] [Time: 2.274049997329712]
L000910 | [Train Loss: 0.6184]
L000911 | [Train F1: 0.7621457010052916]
L000912 | [Train Acc: 0.7639077340569878]
L000913 | [Dev Loss: 1.051]
L000914 | [Dev F1: 0.6107153927972578]
L000915 | [Dev Acc: 0.6159754224270353]
L000916 | 
L000917-L000932 | [REDACTED: batch progress and internal diagnostics]
L000933 | [Epoch 35] [Time: 2.152942657470703]
L000934 | [Train Loss: 0.6105]
L000935 | [Train F1: 0.7692520263956014]
L000936 | [Train Acc: 0.7703043225431285]
L000937 | [Dev Loss: 1.0593]
L000938 | [Dev F1: 0.5920206118799466]
L000939 | [Dev Acc: 0.6021505376344086]
L000940 | 
L000941-L000956 | [REDACTED: batch progress and internal diagnostics]
L000957 | [Epoch 36] [Time: 2.194288730621338]
L000958 | [Train Loss: 0.61]
L000959 | [Train F1: 0.7645387949954303]
L000960 | [Train Acc: 0.7658460942043032]
L000961 | [Dev Loss: 1.0739]
L000962 | [Dev F1: 0.6123260688339965]
L000963 | [Dev Acc: 0.6190476190476191]
L000964 | 
L000965-L000980 | [REDACTED: batch progress and internal diagnostics]
L000981 | [Epoch 37] [Time: 2.212132692337036]
L000982 | [Train Loss: 0.575]
L000983 | [Train F1: 0.7801639078995332]
L000984 | [Train Acc: 0.7805776313239]
L000985 | [Dev Loss: 1.0617]
L000986 | [Dev F1: 0.5936430034974431]
L000987 | [Dev Acc: 0.6006144393241167]
L000988 | 
L000989-L001004 | [REDACTED: batch progress and internal diagnostics]
L001005 | [Epoch 38] [Time: 2.2133448123931885]
L001006 | [Train Loss: 0.5726]
L001007 | [Train F1: 0.7819319033940958]
L001008 | [Train Acc: 0.7829036635006784]
L001009 | [Dev Loss: 1.0848]
L001010 | [Dev F1: 0.6009951123195355]
L001011 | [Dev Acc: 0.6082949308755761]
L001012 | 
L001013-L001028 | [REDACTED: batch progress and internal diagnostics]
L001029 | [Epoch 39] [Time: 2.196383476257324]
L001030 | [Train Loss: 0.5679]
L001031 | [Train F1: 0.7841355644374928]
L001032 | [Train Acc: 0.7854235316921884]
L001033 | [Dev Loss: 1.0764]
L001034 | [Dev F1: 0.5980104951875257]
L001035 | [Dev Acc: 0.6052227342549923]
L001036 | 
L001037-L001052 | [REDACTED: batch progress and internal diagnostics]
L001053 | [Epoch 40] [Time: 2.122138738632202]
L001054 | [Train Loss: 0.5457]
L001055 | [Train F1: 0.7969348439491487]
L001056 | [Train Acc: 0.7976352006202753]
L001057 | [Dev Loss: 1.0834]
L001058 | [Dev F1: 0.5970072294768833]
L001059 | [Dev Acc: 0.6021505376344086]
L001060 | 
L001061-L001076 | [REDACTED: batch progress and internal diagnostics]
L001077 | [Epoch 41] [Time: 2.184427261352539]
L001078 | [Train Loss: 0.5491]
L001079 | [Train F1: 0.7826504085696742]
L001080 | [Train Acc: 0.7832913355301415]
L001081 | [Dev Loss: 1.0998]
L001082 | [Dev F1: 0.5909902747456192]
L001083 | [Dev Acc: 0.5990783410138248]
L001084 | 
L001085-L001100 | [REDACTED: batch progress and internal diagnostics]
L001101 | [Epoch 42] [Time: 2.127864122390747]
L001102 | [Train Loss: 0.5271]
L001103 | [Train F1: 0.7984771517506465]
L001104 | [Train Acc: 0.7993797247528591]
L001105 | [Dev Loss: 1.0803]
L001106 | [Dev F1: 0.6005698882388913]
L001107 | [Dev Acc: 0.6082949308755761]
L001108 | 
L001109-L001124 | [REDACTED: batch progress and internal diagnostics]
L001125 | [Epoch 43] [Time: 2.1827187538146973]
L001126 | [Train Loss: 0.528]
L001127 | [Train F1: 0.8012216434685997]
L001128 | [Train Acc: 0.8018995929443691]
L001129 | [Dev Loss: 1.0894]
L001130 | [Dev F1: 0.6040317462057195]
L001131 | [Dev Acc: 0.6082949308755761]
L001132 | 
L001133-L001148 | [REDACTED: batch progress and internal diagnostics]
L001149 | [Epoch 44] [Time: 2.1503567695617676]
L001150 | [Train Loss: 0.5175]
L001151 | [Train F1: 0.807080499529958]
L001152 | [Train Acc: 0.8077146733863152]
L001153 | [Dev Loss: 1.109]
L001154 | [Dev F1: 0.5930549984525448]
L001155 | [Dev Acc: 0.6021505376344086]
L001156 | 
L001157-L001172 | [REDACTED: batch progress and internal diagnostics]
L001173 | [Epoch 45] [Time: 2.0307044982910156]
L001174 | [Train Loss: 0.4985]
L001175 | [Train F1: 0.8126896555797964]
L001176 | [Train Acc: 0.8131420817987982]
L001177 | [Dev Loss: 1.1032]
L001178 | [Dev F1: 0.6015562544941498]
L001179 | [Dev Acc: 0.6098310291858678]
L001180 | 
L001181-L001196 | [REDACTED: batch progress and internal diagnostics]
L001197 | [Epoch 46] [Time: 2.29144024848938]
L001198 | [Train Loss: 0.4957]
L001199 | [Train F1: 0.8154774489649161]
L001200 | [Train Acc: 0.8160496220197713]
L001201 | [Dev Loss: 1.1012]
L001202 | [Dev F1: 0.6013451871081914]
L001203 | [Dev Acc: 0.6082949308755761]
L001204 | 
L001205-L001220 | [REDACTED: batch progress and internal diagnostics]
L001221 | [Epoch 47] [Time: 2.115570068359375]
L001222 | [Train Loss: 0.4744]
L001223 | [Train F1: 0.8258827128885918]
L001224 | [Train Acc: 0.8261290947858112]
L001225 | [Dev Loss: 1.0979]
L001226 | [Dev F1: 0.6155655417896713]
L001227 | [Dev Acc: 0.6221198156682027]
L001228 | 
L001229-L001244 | [REDACTED: batch progress and internal diagnostics]
L001245 | [Epoch 48] [Time: 2.1597776412963867]
L001246 | [Train Loss: 0.4743]
L001247 | [Train F1: 0.8240936006175962]
L001248 | [Train Acc: 0.824966078697422]
L001249 | [Dev Loss: 1.0876]
L001250 | [Dev F1: 0.6048752556725376]
L001251 | [Dev Acc: 0.6113671274961597]
L001252 | 
L001253-L001268 | [REDACTED: batch progress and internal diagnostics]
L001269 | [Epoch 49] [Time: 2.203456163406372]
L001270 | [Train Loss: 0.4682]
L001271 | [Train F1: 0.8299950105950803]
L001272 | [Train Acc: 0.8301996510951735]
L001273 | [Dev Loss: 1.1429]
L001274 | [Dev F1: 0.613372886018927]
L001275 | [Dev Acc: 0.620583717357911]
L001276 | 
L001277-L001292 | [REDACTED: batch progress and internal diagnostics]
L001293 | [Epoch 50] [Time: 2.2266132831573486]
L001294 | [Train Loss: 0.4565]
L001295 | [Train F1: 0.8316322432732407]
L001296 | [Train Acc: 0.8321380112424889]
L001297 | [Dev Loss: 1.1248]
L001298 | [Dev F1: 0.6214130672754523]
L001299 | [Dev Acc: 0.6282642089093702]
L001300 | 
L001301-L001316 | [REDACTED: batch progress and internal diagnostics]
L001317 | [Epoch 51] [Time: 2.235997200012207]
L001318 | [Train Loss: 0.4444]
L001319 | [Train F1: 0.8340735746332195]
L001320 | [Train Acc: 0.8344640434192673]
L001321 | [Dev Loss: 1.1266]
L001322 | [Dev F1: 0.605917748252836]
L001323 | [Dev Acc: 0.6129032258064516]
L001324 | 
L001325-L001340 | [REDACTED: batch progress and internal diagnostics]
L001341 | [Epoch 52] [Time: 2.2224833965301514]
L001342 | [Train Loss: 0.4411]
L001343 | [Train F1: 0.8352527270701724]
L001344 | [Train Acc: 0.835433223492925]
L001345 | [Dev Loss: 1.1171]
L001346 | [Dev F1: 0.6065080667032448]
L001347 | [Dev Acc: 0.6113671274961597]
L001348 | 
L001349-L001364 | [REDACTED: batch progress and internal diagnostics]
L001365 | [Epoch 53] [Time: 2.1656413078308105]
L001366 | [Train Loss: 0.4203]
L001367 | [Train F1: 0.8471095624737954]
L001368 | [Train Acc: 0.8474510564062803]
L001369 | [Dev Loss: 1.1314]
L001370 | [Dev F1: 0.6108456297772397]
L001371 | [Dev Acc: 0.6159754224270353]
L001372 | 
L001373-L001388 | [REDACTED: batch progress and internal diagnostics]
L001389 | [Epoch 54] [Time: 2.0702102184295654]
L001390 | [Train Loss: 0.4237]
L001391 | [Train F1: 0.8423910256958874]
L001392 | [Train Acc: 0.8427989920527234]
L001393 | [Dev Loss: 1.1404]
L001394 | [Dev F1: 0.6017778947117368]
L001395 | [Dev Acc: 0.6067588325652842]
L001396 | 
L001397-L001412 | [REDACTED: batch progress and internal diagnostics]
L001413 | [Epoch 55] [Time: 2.1469130516052246]
L001414 | [Train Loss: 0.4179]
L001415 | [Train F1: 0.8458832479763102]
L001416 | [Train Acc: 0.845900368288428]
L001417 | [Dev Loss: 1.1615]
L001418 | [Dev F1: 0.6246648579044793]
L001419 | [Dev Acc: 0.6298003072196621]
L001420 | 
L001421-L001436 | [REDACTED: batch progress and internal diagnostics]
L001437 | [Epoch 56] [Time: 2.1651504039764404]
L001438 | [Train Loss: 0.4108]
L001439 | [Train F1: 0.8450377224488166]
L001440 | [Train Acc: 0.845512696258965]
L001441 | [Dev Loss: 1.1622]
L001442 | [Dev F1: 0.6207952179671369]
L001443 | [Dev Acc: 0.6282642089093702]
L001444 | 
L001445-L001460 | [REDACTED: batch progress and internal diagnostics]
L001461 | [Epoch 57] [Time: 2.1032769680023193]
L001462 | [Train Loss: 0.3997]
L001463 | [Train F1: 0.8573787462845281]
L001464 | [Train Acc: 0.8577243651870518]
L001465 | [Dev Loss: 1.1757]
L001466 | [Dev F1: 0.6149214409977253]
L001467 | [Dev Acc: 0.620583717357911]
L001468 | 
L001469-L001484 | [REDACTED: batch progress and internal diagnostics]
L001485 | [Epoch 58] [Time: 2.0604705810546875]
L001486 | [Train Loss: 0.3932]
L001487 | [Train F1: 0.8540171985316035]
L001488 | [Train Acc: 0.854235316921884]
L001489 | [Dev Loss: 1.1451]
L001490 | [Dev F1: 0.6258580735982834]
L001491 | [Dev Acc: 0.631336405529954]
L001492 | 
L001493-L001508 | [REDACTED: batch progress and internal diagnostics]
L001509 | [Epoch 59] [Time: 2.0951216220855713]
L001510 | [Train Loss: 0.3989]
L001511 | [Train F1: 0.8549168800841583]
L001512 | [Train Acc: 0.8550106609808102]
L001513 | [Dev Loss: 1.1806]
L001514 | [Dev F1: 0.6095877827530566]
L001515 | [Dev Acc: 0.6159754224270353]
L001516 | 
L001517-L001532 | [REDACTED: batch progress and internal diagnostics]
L001533 | [Epoch 60] [Time: 2.284456729888916]
L001534 | [Train Loss: 0.3857]
L001535 | [Train F1: 0.8614955250268949]
L001536 | [Train Acc: 0.861794921496414]
L001537 | [Dev Loss: 1.1854]
L001538 | [Dev F1: 0.6199281201365706]
L001539 | [Dev Acc: 0.6251920122887865]
L001540 | 
L001541-L001556 | [REDACTED: batch progress and internal diagnostics]
L001557 | [Epoch 61] [Time: 2.2040138244628906]
L001558 | [Train Loss: 0.3726]
L001559 | [Train F1: 0.8665989823086655]
L001560 | [Train Acc: 0.866834657879434]
L001561 | [Dev Loss: 1.1736]
L001562 | [Dev F1: 0.6135799542048395]
L001563 | [Dev Acc: 0.6175115207373272]
L001564 | 
L001565-L001580 | [REDACTED: batch progress and internal diagnostics]
L001581 | [Epoch 62] [Time: 2.132760524749756]
L001582 | [Train Loss: 0.373]
L001583 | [Train F1: 0.8637782771234715]
L001584 | [Train Acc: 0.863927117658461]
L001585 | [Dev Loss: 1.1901]
L001586 | [Dev F1: 0.6144689692625098]
L001587 | [Dev Acc: 0.620583717357911]
L001588 | 
L001589-L001604 | [REDACTED: batch progress and internal diagnostics]
L001605 | [Epoch 63] [Time: 2.2278530597686768]
L001606 | [Train Loss: 0.3691]
L001607 | [Train F1: 0.866601462150022]
L001608 | [Train Acc: 0.8666408218647025]
L001609 | [Dev Loss: 1.2213]
L001610 | [Dev F1: 0.6111245569947482]
L001611 | [Dev Acc: 0.6159754224270353]
L001612 | 
L001613-L001628 | [REDACTED: batch progress and internal diagnostics]
L001629 | [Epoch 64] [Time: 2.251027822494507]
L001630 | [Train Loss: 0.3641]
L001631 | [Train F1: 0.8660534146431521]
L001632 | [Train Acc: 0.8662531498352394]
L001633 | [Dev Loss: 1.2322]
L001634 | [Dev F1: 0.612568288183997]
L001635 | [Dev Acc: 0.6175115207373272]
L001636 | 
L001637-L001652 | [REDACTED: batch progress and internal diagnostics]
L001653 | [Epoch 65] [Time: 2.181607961654663]
L001654 | [Train Loss: 0.3537]
L001655 | [Train F1: 0.8735737175020875]
L001656 | [Train Acc: 0.8740065904245009]
L001657 | [Dev Loss: 1.204]
L001658 | [Dev F1: 0.616416947585502]
L001659 | [Dev Acc: 0.620583717357911]
L001660 | 
L001661-L001676 | [REDACTED: batch progress and internal diagnostics]
L001677 | [Epoch 66] [Time: 2.2644708156585693]
L001678 | [Train Loss: 0.3552]
L001679 | [Train F1: 0.8724426195714479]
L001680 | [Train Acc: 0.8724559023066486]
L001681 | [Dev Loss: 1.2406]
L001682 | [Dev F1: 0.6157699381611595]
L001683 | [Dev Acc: 0.6221198156682027]
L001684 | 
L001685-L001700 | [REDACTED: batch progress and internal diagnostics]
L001701 | [Epoch 67] [Time: 2.2621843814849854]
L001702 | [Train Loss: 0.3386]
L001703 | [Train F1: 0.8847390211690297]
L001704 | [Train Acc: 0.8848614072494669]
L001705 | [Dev Loss: 1.2117]
L001706 | [Dev F1: 0.6217465946051653]
L001707 | [Dev Acc: 0.6282642089093702]
L001708 | 
L001709-L001724 | [REDACTED: batch progress and internal diagnostics]
L001725 | [Epoch 68] [Time: 2.070405960083008]
L001726 | [Train Loss: 0.3292]
L001727 | [Train F1: 0.8818799970738125]
L001728 | [Train Acc: 0.8819538670284939]
L001729 | [Dev Loss: 1.2484]
L001730 | [Dev F1: 0.6051864042741847]
L001731 | [Dev Acc: 0.6113671274961597]
L001732 | 
L001733-L001748 | [REDACTED: batch progress and internal diagnostics]
L001749 | [Epoch 69] [Time: 2.268486976623535]
L001750 | [Train Loss: 0.3284]
L001751 | [Train F1: 0.8802523566093301]
L001752 | [Train Acc: 0.8805970149253731]
L001753 | [Dev Loss: 1.2415]
L001754 | [Dev F1: 0.6123077973235496]
L001755 | [Dev Acc: 0.6175115207373272]
L001756 | 
L001757-L001772 | [REDACTED: batch progress and internal diagnostics]
L001773 | [Epoch 70] [Time: 2.0895867347717285]
L001774 | [Train Loss: 0.3236]
L001775 | [Train F1: 0.8824400609147175]
L001776 | [Train Acc: 0.8825353750726885]
L001777 | [Dev Loss: 1.2407]
L001778 | [Dev F1: 0.6042114684557125]
L001779 | [Dev Acc: 0.6082949308755761]
L001780 | 
L001781-L001796 | [REDACTED: batch progress and internal diagnostics]
L001797 | [Epoch 71] [Time: 2.1008994579315186]
L001798 | [Train Loss: 0.3153]
L001799 | [Train F1: 0.8865574176020352]
L001800 | [Train Acc: 0.8866059313820508]
L001801 | [Dev Loss: 1.2711]
L001802 | [Dev F1: 0.6158441782854321]
L001803 | [Dev Acc: 0.620583717357911]
L001804 | 
L001805-L001820 | [REDACTED: batch progress and internal diagnostics]
L001821 | [Epoch 72] [Time: 2.113162040710449]
L001822 | [Train Loss: 0.3146]
L001823 | [Train F1: 0.8862690268586629]
L001824 | [Train Acc: 0.8864120953673192]
L001825 | [Dev Loss: 1.2853]
L001826 | [Dev F1: 0.6140837845967431]
L001827 | [Dev Acc: 0.6190476190476191]
L001828 | 
L001829-L001844 | [REDACTED: batch progress and internal diagnostics]
L001845 | [Epoch 73] [Time: 2.2344062328338623]
L001846 | [Train Loss: 0.31]
L001847 | [Train F1: 0.8910287199144883]
L001848 | [Train Acc: 0.8912579957356077]
L001849 | [Dev Loss: 1.2758]
L001850 | [Dev F1: 0.6044646316712745]
L001851 | [Dev Acc: 0.6098310291858678]
L001852 | 
L001853-L001868 | [REDACTED: batch progress and internal diagnostics]
L001869 | [Epoch 74] [Time: 2.1826741695404053]
L001870 | [Train Loss: 0.299]
L001871 | [Train F1: 0.8953702333601433]
L001872 | [Train Acc: 0.8955223880597015]
L001873 | [Dev Loss: 1.3099]
L001874 | [Dev F1: 0.6042889884207999]
L001875 | [Dev Acc: 0.6098310291858678]
L001876 | 
L001877-L001892 | [REDACTED: batch progress and internal diagnostics]
L001893 | [Epoch 75] [Time: 2.1638731956481934]
L001894 | [Train Loss: 0.304]
L001895 | [Train F1: 0.8916087526178631]
L001896 | [Train Acc: 0.8918395037798023]
L001897 | [Dev Loss: 1.2966]
L001898 | [Dev F1: 0.5938950052271456]
L001899 | [Dev Acc: 0.5990783410138248]
L001900 | 
L001901-L001916 | [REDACTED: batch progress and internal diagnostics]
L001917 | [Epoch 76] [Time: 2.0684540271759033]
L001918 | [Train Loss: 0.2901]
L001919 | [Train F1: 0.8991053499803345]
L001920 | [Train Acc: 0.8992052723396007]
L001921 | [Dev Loss: 1.3267]
L001922 | [Dev F1: 0.5988477540755941]
L001923 | [Dev Acc: 0.6036866359447005]
L001924 | 
L001925-L001940 | [REDACTED: batch progress and internal diagnostics]
L001941 | [Epoch 77] [Time: 2.1784729957580566]
L001942 | [Train Loss: 0.2806]
L001943 | [Train F1: 0.9014614735791211]
L001944 | [Train Acc: 0.9015313045163792]
L001945 | [Dev Loss: 1.3355]
L001946 | [Dev F1: 0.5934188988748198]
L001947 | [Dev Acc: 0.5990783410138248]
L001948 | 
L001949-L001964 | [REDACTED: batch progress and internal diagnostics]
L001965 | [Epoch 78] [Time: 1.998779058456421]
L001966 | [Train Loss: 0.2868]
L001967 | [Train F1: 0.8993224302481686]
L001968 | [Train Acc: 0.8995929443690638]
L001969 | [Dev Loss: 1.3491]
L001970 | [Dev F1: 0.6118473887537004]
L001971 | [Dev Acc: 0.6175115207373272]
L001972 | 
L001973-L001988 | [REDACTED: batch progress and internal diagnostics]
L001989 | [Epoch 79] [Time: 2.158998489379883]
L001990 | [Train Loss: 0.2775]
L001991 | [Train F1: 0.9071968267546647]
L001992 | [Train Acc: 0.9071525489435938]
L001993 | [Dev Loss: 1.3689]
L001994 | [Dev F1: 0.6037771674853284]
L001995 | [Dev Acc: 0.6082949308755761]
L001996 | 
L001997-L002012 | [REDACTED: batch progress and internal diagnostics]
L002013 | [Epoch 80] [Time: 2.252332925796509]
L002014 | [Train Loss: 0.2693]
L002015 | [Train F1: 0.9074372661644766]
L002016 | [Train Acc: 0.9075402209730568]
L002017 | [Dev Loss: 1.3712]
L002018 | [Dev F1: 0.5919135690204581]
L002019 | [Dev Acc: 0.5960061443932412]
L002020 | 
L002021-L002036 | [REDACTED: batch progress and internal diagnostics]
L002037 | [Epoch 81] [Time: 2.248429536819458]
L002038 | [Train Loss: 0.2642]
L002039 | [Train F1: 0.9066416029971407]
L002040 | [Train Acc: 0.9067648769141307]
L002041 | [Dev Loss: 1.3772]
L002042 | [Dev F1: 0.6053489273820576]
L002043 | [Dev Acc: 0.6113671274961597]
L002044 | 
L002045-L002060 | [REDACTED: batch progress and internal diagnostics]
L002061 | [Epoch 82] [Time: 2.226189136505127]
L002062 | [Train Loss: 0.2618]
L002063 | [Train F1: 0.9086105542036278]
L002064 | [Train Acc: 0.9087032370614461]
L002065 | [Dev Loss: 1.3817]
L002066 | [Dev F1: 0.5977886231558825]
L002067 | [Dev Acc: 0.6021505376344086]
L002068 | 
L002069-L002084 | [REDACTED: batch progress and internal diagnostics]
L002085 | [Epoch 83] [Time: 2.0309345722198486]
L002086 | [Train Loss: 0.2533]
L002087 | [Train F1: 0.9099059261986179]
L002088 | [Train Acc: 0.9100600891645668]
L002089 | [Dev Loss: 1.3767]
L002090 | [Dev F1: 0.6081102177615434]
L002091 | [Dev Acc: 0.6129032258064516]
L002092 | Early stopping at epoch: 83
L002093 | Last model
L002094 |               precision    recall  f1-score   support
L002095 | 
L002096 |          hap     0.5214    0.4236    0.4674       144
L002097 |          sad     0.8238    0.7633    0.7924       245
L002098 |          neu     0.5945    0.6797    0.6343       384
L002099 |          ang     0.6612    0.4706    0.5498       170
L002100 |          exc     0.7611    0.7458    0.7534       299
L002101 |          fru     0.5657    0.6325    0.5973       381
L002102 | 
L002103 |     accuracy                         0.6488      1623
L002104 |    macro avg     0.6546    0.6193    0.6324      1623
L002105 | weighted avg     0.6535    0.6488    0.6477      1623
L002106 | 
L002107 | Best model at epoch: 58
L002108 | Best dev F1: 0.6258580735982834
L002109 |               precision    recall  f1-score   support
L002110 | 
L002111 |          hap     0.5510    0.3750    0.4463       144
L002112 |          sad     0.8514    0.7714    0.8094       245
L002113 |          neu     0.6060    0.7370    0.6651       384
L002114 |          ang     0.6642    0.5353    0.5928       170
L002115 |          exc     0.7632    0.7759    0.7695       299
L002116 |          fru     0.5949    0.6168    0.6057       381
L002117 | 
L002118 |     accuracy                         0.6679      1623
L002119 |    macro avg     0.6718    0.6352    0.6481      1623
L002120 | weighted avg     0.6706    0.6679    0.6652      1623
L002121 | 
L002122 | Best test F1: 0.6651814678624355
L002123 | Best test Acc: 0.6678989525569933
L002124 | [SANITIZED] Saved checkpoint: [path and filename removed]
