# Redacted copy of an existing run log.
# run_id: G07-seed5
# dataset: IEMOCAP
# model: MMGCN+AMBER
# imr: (0.3,0.5,0.7)
# seed_alias: seed5
# original_log_sha256: 4c96061a64fbedf0ea7f472cbbe4db54ac4215c342ad3e356833d075074d28ce
# source_record_status: ok
# source_record_process_return_code: 3221226505
# L numbers refer to source logical lines; REDACTED/SANITIZED text is editorial.
L000001-L000065 | [REDACTED: configuration or implementation details]
L000066 | [SANITIZED] Seed alias: seed5
L000067 | 
L000068-L000069 | [REDACTED: batch progress and internal diagnostics]
L000070 | 
L000071-L000072 | [REDACTED: batch progress and internal diagnostics]
L000073 | 
L000074-L000075 | [REDACTED: batch progress and internal diagnostics]
L000076 | 
L000077-L000092 | [REDACTED: batch progress and internal diagnostics]
L000093 | [Epoch 0] [Time: 2.5768373012542725]
L000094 | [Train Loss: 1.7986]
L000095 | [Train F1: 0.22418314965229297]
L000096 | [Train Acc: 0.2290266845843732]
L000097 | [Dev Loss: 1.5853]
L000098 | [Dev F1: 0.35328077838756444]
L000099 | [Dev Acc: 0.40931780366056575]
L000100 | 
L000101-L000116 | [REDACTED: batch progress and internal diagnostics]
L000117 | [Epoch 1] [Time: 2.2218382358551025]
L000118 | [Train Loss: 1.6673]
L000119 | [Train F1: 0.27979143208413554]
L000120 | [Train Acc: 0.299097715492417]
L000121 | [Dev Loss: 1.5315]
L000122 | [Dev F1: 0.3671635108965339]
L000123 | [Dev Acc: 0.3777038269550749]
L000124 | 
L000125-L000140 | [REDACTED: batch progress and internal diagnostics]
L000141 | [Epoch 2] [Time: 2.1541714668273926]
L000142 | [Train Loss: 1.5685]
L000143 | [Train F1: 0.3277138296017185]
L000144 | [Train Acc: 0.34958725283163755]
L000145 | [Dev Loss: 1.4744]
L000146 | [Dev F1: 0.39268606880195284]
L000147 | [Dev Acc: 0.41430948419301167]
L000148 | 
L000149-L000164 | [REDACTED: batch progress and internal diagnostics]
L000165 | [Epoch 3] [Time: 2.057356595993042]
L000166 | [Train Loss: 1.5258]
L000167 | [Train F1: 0.3594794210936434]
L000168 | [Train Acc: 0.379343444039163]
L000169 | [Dev Loss: 1.4308]
L000170 | [Dev F1: 0.4062107338620058]
L000171 | [Dev Acc: 0.4276206322795341]
L000172 | 
L000173-L000188 | [REDACTED: batch progress and internal diagnostics]
L000189 | [Epoch 4] [Time: 2.218017101287842]
L000190 | [Train Loss: 1.4459]
L000191 | [Train F1: 0.39473972541405394]
L000192 | [Train Acc: 0.40929161067383374]
L000193 | [Dev Loss: 1.3909]
L000194 | [Dev F1: 0.4346610582125034]
L000195 | [Dev Acc: 0.4475873544093178]
L000196 | 
L000197-L000212 | [REDACTED: batch progress and internal diagnostics]
L000213 | [Epoch 5] [Time: 1.9437363147735596]
L000214 | [Train Loss: 1.3928]
L000215 | [Train F1: 0.42154291476810735]
L000216 | [Train Acc: 0.43328853906699943]
L000217 | [Dev Loss: 1.348]
L000218 | [Dev F1: 0.4405607356108928]
L000219 | [Dev Acc: 0.454242928452579]
L000220 | 
L000221-L000236 | [REDACTED: batch progress and internal diagnostics]
L000237 | [Epoch 6] [Time: 2.0848193168640137]
L000238 | [Train Loss: 1.3302]
L000239 | [Train F1: 0.4553592968206]
L000240 | [Train Acc: 0.46592436168170476]
L000241 | [Dev Loss: 1.3091]
L000242 | [Dev F1: 0.4480817351783872]
L000243 | [Dev Acc: 0.46089850249584025]
L000244 | 
L000245-L000260 | [REDACTED: batch progress and internal diagnostics]
L000261 | [Epoch 7] [Time: 2.2580387592315674]
L000262 | [Train Loss: 1.2929]
L000263 | [Train F1: 0.47098322358508765]
L000264 | [Train Acc: 0.48013054329045884]
L000265 | [Dev Loss: 1.2737]
L000266 | [Dev F1: 0.44274645394128037]
L000267 | [Dev Acc: 0.4525790349417637]
L000268 | 
L000269-L000284 | [REDACTED: batch progress and internal diagnostics]
L000285 | [Epoch 8] [Time: 2.2287256717681885]
L000286 | [Train Loss: 1.2488]
L000287 | [Train F1: 0.4844484574256204]
L000288 | [Train Acc: 0.4933768477634863]
L000289 | [Dev Loss: 1.243]
L000290 | [Dev F1: 0.4598396083344684]
L000291 | [Dev Acc: 0.46755407653910147]
L000292 | 
L000293-L000308 | [REDACTED: batch progress and internal diagnostics]
L000309 | [Epoch 9] [Time: 2.2298364639282227]
L000310 | [Train Loss: 1.1986]
L000311 | [Train F1: 0.5047569734134096]
L000312 | [Train Acc: 0.5156459973123441]
L000313 | [Dev Loss: 1.2204]
L000314 | [Dev F1: 0.4650707768872158]
L000315 | [Dev Acc: 0.47254575707154745]
L000316 | 
L000317-L000332 | [REDACTED: batch progress and internal diagnostics]
L000333 | [Epoch 10] [Time: 2.1856634616851807]
L000334 | [Train Loss: 1.1783]
L000335 | [Train F1: 0.5055101840027513]
L000336 | [Train Acc: 0.5154540218851987]
L000337 | [Dev Loss: 1.1988]
L000338 | [Dev F1: 0.4936397323670806]
L000339 | [Dev Acc: 0.502495840266223]
L000340 | 
L000341-L000356 | [REDACTED: batch progress and internal diagnostics]
L000357 | [Epoch 11] [Time: 2.2618439197540283]
L000358 | [Train Loss: 1.1263]
L000359 | [Train F1: 0.538287599486198]
L000360 | [Train Acc: 0.5457861393741601]
L000361 | [Dev Loss: 1.1735]
L000362 | [Dev F1: 0.48591018029252325]
L000363 | [Dev Acc: 0.49584026622296173]
L000364 | 
L000365-L000380 | [REDACTED: batch progress and internal diagnostics]
L000381 | [Epoch 12] [Time: 2.2669754028320312]
L000382 | [Train Loss: 1.1034]
L000383 | [Train F1: 0.5482545077980446]
L000384 | [Train Acc: 0.5559608370128624]
L000385 | [Dev Loss: 1.1438]
L000386 | [Dev F1: 0.4976837396310193]
L000387 | [Dev Acc: 0.5108153078202995]
L000388 | 
L000389-L000404 | [REDACTED: batch progress and internal diagnostics]
L000405 | [Epoch 13] [Time: 2.2088959217071533]
L000406 | [Train Loss: 1.0681]
L000407 | [Train F1: 0.5650545308513175]
L000408 | [Train Acc: 0.5713188711844884]
L000409 | [Dev Loss: 1.1361]
L000410 | [Dev F1: 0.5000299317129142]
L000411 | [Dev Acc: 0.5074875207986689]
L000412 | 
L000413-L000428 | [REDACTED: batch progress and internal diagnostics]
L000429 | [Epoch 14] [Time: 2.1983561515808105]
L000430 | [Train Loss: 1.044]
L000431 | [Train F1: 0.5674386162021265]
L000432 | [Train Acc: 0.5745824534459589]
L000433 | [Dev Loss: 1.1226]
L000434 | [Dev F1: 0.5137208236329868]
L000435 | [Dev Acc: 0.5257903494176372]
L000436 | 
L000437-L000452 | [REDACTED: batch progress and internal diagnostics]
L000453 | [Epoch 15] [Time: 2.0958640575408936]
L000454 | [Train Loss: 1.018]
L000455 | [Train F1: 0.5842000541967627]
L000456 | [Train Acc: 0.5920522173161835]
L000457 | [Dev Loss: 1.1034]
L000458 | [Dev F1: 0.5277990039006472]
L000459 | [Dev Acc: 0.5324459234608985]
L000460 | 
L000461-L000476 | [REDACTED: batch progress and internal diagnostics]
L000477 | [Epoch 16] [Time: 2.1913063526153564]
L000478 | [Train Loss: 0.9937]
L000479 | [Train F1: 0.5988007430902829]
L000480 | [Train Acc: 0.6024188903820311]
L000481 | [Dev Loss: 1.0869]
L000482 | [Dev F1: 0.5366384736456554]
L000483 | [Dev Acc: 0.5440931780366056]
L000484 | 
L000485-L000500 | [REDACTED: batch progress and internal diagnostics]
L000501 | [Epoch 17] [Time: 2.209184408187866]
L000502 | [Train Loss: 0.9579]
L000503 | [Train F1: 0.6081862367113116]
L000504 | [Train Acc: 0.6158571702822039]
L000505 | [Dev Loss: 1.0703]
L000506 | [Dev F1: 0.5318190656022034]
L000507 | [Dev Acc: 0.5424292845257903]
L000508 | 
L000509-L000524 | [REDACTED: batch progress and internal diagnostics]
L000525 | [Epoch 18] [Time: 2.173041820526123]
L000526 | [Train Loss: 0.9379]
L000527 | [Train F1: 0.6253208694567565]
L000528 | [Train Acc: 0.6317911307352659]
L000529 | [Dev Loss: 1.0467]
L000530 | [Dev F1: 0.5326596221399569]
L000531 | [Dev Acc: 0.5424292845257903]
L000532 | 
L000533-L000548 | [REDACTED: batch progress and internal diagnostics]
L000549 | [Epoch 19] [Time: 2.1281931400299072]
L000550 | [Train Loss: 0.9132]
L000551 | [Train F1: 0.6371868312707031]
L000552 | [Train Acc: 0.6423497792282588]
L000553 | [Dev Loss: 1.0248]
L000554 | [Dev F1: 0.5509798100687202]
L000555 | [Dev Acc: 0.5590682196339434]
L000556 | 
L000557-L000572 | [REDACTED: batch progress and internal diagnostics]
L000573 | [Epoch 20] [Time: 2.148639678955078]
L000574 | [Train Loss: 0.8838]
L000575 | [Train F1: 0.6466389827413245]
L000576 | [Train Acc: 0.651372624304089]
L000577 | [Dev Loss: 0.991]
L000578 | [Dev F1: 0.5636593546208228]
L000579 | [Dev Acc: 0.5723793677204659]
L000580 | 
L000581-L000596 | [REDACTED: batch progress and internal diagnostics]
L000597 | [Epoch 21] [Time: 2.2524161338806152]
L000598 | [Train Loss: 0.8388]
L000599 | [Train F1: 0.6641192766160608]
L000600 | [Train Acc: 0.6678825110385871]
L000601 | [Dev Loss: 0.9823]
L000602 | [Dev F1: 0.5736259372788717]
L000603 | [Dev Acc: 0.5823627287853578]
L000604 | 
L000605-L000620 | [REDACTED: batch progress and internal diagnostics]
L000621 | [Epoch 22] [Time: 2.219191551208496]
L000622 | [Train Loss: 0.8204]
L000623 | [Train F1: 0.6690474148040636]
L000624 | [Train Acc: 0.6740257247072374]
L000625 | [Dev Loss: 0.9646]
L000626 | [Dev F1: 0.58665422203743]
L000627 | [Dev Acc: 0.5940099833610649]
L000628 | 
L000629-L000644 | [REDACTED: batch progress and internal diagnostics]
L000645 | [Epoch 23] [Time: 2.2106525897979736]
L000646 | [Train Loss: 0.8042]
L000647 | [Train F1: 0.6775681308809095]
L000648 | [Train Acc: 0.6815127663659052]
L000649 | [Dev Loss: 0.9655]
L000650 | [Dev F1: 0.5753131058139568]
L000651 | [Dev Acc: 0.5840266222961731]
L000652 | 
L000653-L000668 | [REDACTED: batch progress and internal diagnostics]
L000669 | [Epoch 24] [Time: 2.2252495288848877]
L000670 | [Train Loss: 0.7835]
L000671 | [Train F1: 0.6820688411494984]
L000672 | [Train Acc: 0.685544250335957]
L000673 | [Dev Loss: 0.948]
L000674 | [Dev F1: 0.5802371332315558]
L000675 | [Dev Acc: 0.5906821963394343]
L000676 | 
L000677-L000692 | [REDACTED: batch progress and internal diagnostics]
L000693 | [Epoch 25] [Time: 2.16929292678833]
L000694 | [Train Loss: 0.7722]
L000695 | [Train F1: 0.6946614003648179]
L000696 | [Train Acc: 0.6989825302361298]
L000697 | [Dev Loss: 0.9448]
L000698 | [Dev F1: 0.5920637692473883]
L000699 | [Dev Acc: 0.6006655574043261]
L000700 | 
L000701-L000716 | [REDACTED: batch progress and internal diagnostics]
L000717 | [Epoch 26] [Time: 2.0029137134552]
L000718 | [Train Loss: 0.7511]
L000719 | [Train F1: 0.702535216618239]
L000720 | [Train Acc: 0.7041658667690536]
L000721 | [Dev Loss: 0.9479]
L000722 | [Dev F1: 0.5934264853231954]
L000723 | [Dev Acc: 0.6023294509151415]
L000724 | 
L000725-L000740 | [REDACTED: batch progress and internal diagnostics]
L000741 | [Epoch 27] [Time: 2.14457106590271]
L000742 | [Train Loss: 0.721]
L000743 | [Train F1: 0.7222589191569508]
L000744 | [Train Acc: 0.7241313111921674]
L000745 | [Dev Loss: 0.9363]
L000746 | [Dev F1: 0.5974743143799924]
L000747 | [Dev Acc: 0.6023294509151415]
L000748 | 
L000749-L000764 | [REDACTED: batch progress and internal diagnostics]
L000765 | [Epoch 28] [Time: 2.0949320793151855]
L000766 | [Train Loss: 0.7218]
L000767 | [Train F1: 0.7153124873750305]
L000768 | [Train Acc: 0.7170282203877903]
L000769 | [Dev Loss: 0.9255]
L000770 | [Dev F1: 0.6045975473016192]
L000771 | [Dev Acc: 0.6073211314475874]
L000772 | 
L000773-L000788 | [REDACTED: batch progress and internal diagnostics]
L000789 | [Epoch 29] [Time: 2.09995174407959]
L000790 | [Train Loss: 0.6894]
L000791 | [Train F1: 0.7323058582743486]
L000792 | [Train Acc: 0.7335381071222884]
L000793 | [Dev Loss: 0.9238]
L000794 | [Dev F1: 0.6151119003111408]
L000795 | [Dev Acc: 0.6189683860232945]
L000796 | 
L000797-L000812 | [REDACTED: batch progress and internal diagnostics]
L000813 | [Epoch 30] [Time: 2.2486724853515625]
L000814 | [Train Loss: 0.6812]
L000815 | [Train F1: 0.7336019480011532]
L000816 | [Train Acc: 0.7356498368208869]
L000817 | [Dev Loss: 0.9444]
L000818 | [Dev F1: 0.5991722235144329]
L000819 | [Dev Acc: 0.6056572379367721]
L000820 | 
L000821-L000836 | [REDACTED: batch progress and internal diagnostics]
L000837 | [Epoch 31] [Time: 2.0817787647247314]
L000838 | [Train Loss: 0.6635]
L000839 | [Train F1: 0.7457086734577125]
L000840 | [Train Acc: 0.7471683624496065]
L000841 | [Dev Loss: 0.9272]
L000842 | [Dev F1: 0.5993937237497459]
L000843 | [Dev Acc: 0.6073211314475874]
L000844 | 
L000845-L000860 | [REDACTED: batch progress and internal diagnostics]
L000861 | [Epoch 32] [Time: 2.245978593826294]
L000862 | [Train Loss: 0.6581]
L000863 | [Train F1: 0.7434485938220632]
L000864 | [Train Acc: 0.7464004607410252]
L000865 | [Dev Loss: 0.9252]
L000866 | [Dev F1: 0.6137777453368646]
L000867 | [Dev Acc: 0.6173044925124792]
L000868 | 
L000869-L000884 | [REDACTED: batch progress and internal diagnostics]
L000885 | [Epoch 33] [Time: 2.1307852268218994]
L000886 | [Train Loss: 0.636]
L000887 | [Train F1: 0.7614205989674033]
L000888 | [Train Acc: 0.7617584949126511]
L000889 | [Dev Loss: 0.9232]
L000890 | [Dev F1: 0.6121104144102248]
L000891 | [Dev Acc: 0.6173044925124792]
L000892 | 
L000893-L000908 | [REDACTED: batch progress and internal diagnostics]
L000909 | [Epoch 34] [Time: 2.132805824279785]
L000910 | [Train Loss: 0.6182]
L000911 | [Train F1: 0.7688239618055872]
L000912 | [Train Acc: 0.7696294874256095]
L000913 | [Dev Loss: 0.9194]
L000914 | [Dev F1: 0.6132426707306877]
L000915 | [Dev Acc: 0.6156405990016639]
L000916 | 
L000917-L000932 | [REDACTED: batch progress and internal diagnostics]
L000933 | [Epoch 35] [Time: 2.274989128112793]
L000934 | [Train Loss: 0.6024]
L000935 | [Train F1: 0.7635710456765945]
L000936 | [Train Acc: 0.7646381263198311]
L000937 | [Dev Loss: 0.9153]
L000938 | [Dev F1: 0.6125179564450688]
L000939 | [Dev Acc: 0.6189683860232945]
L000940 | 
L000941-L000956 | [REDACTED: batch progress and internal diagnostics]
L000957 | [Epoch 36] [Time: 2.314713478088379]
L000958 | [Train Loss: 0.5909]
L000959 | [Train F1: 0.77370503525615]
L000960 | [Train Acc: 0.7750047993856787]
L000961 | [Dev Loss: 0.9061]
L000962 | [Dev F1: 0.623338531078524]
L000963 | [Dev Acc: 0.627287853577371]
L000964 | 
L000965-L000980 | [REDACTED: batch progress and internal diagnostics]
L000981 | [Epoch 37] [Time: 2.1476292610168457]
L000982 | [Train Loss: 0.5816]
L000983 | [Train F1: 0.7735637944500172]
L000984 | [Train Acc: 0.7748128239585333]
L000985 | [Dev Loss: 0.9151]
L000986 | [Dev F1: 0.6142012681978436]
L000987 | [Dev Acc: 0.6173044925124792]
L000988 | 
L000989-L001004 | [REDACTED: batch progress and internal diagnostics]
L001005 | [Epoch 38] [Time: 2.2181406021118164]
L001006 | [Train Loss: 0.5757]
L001007 | [Train F1: 0.7813671181837984]
L001008 | [Train Acc: 0.782299865617201]
L001009 | [Dev Loss: 0.9315]
L001010 | [Dev F1: 0.619319662406799]
L001011 | [Dev Acc: 0.6239600665557404]
L001012 | 
L001013-L001028 | [REDACTED: batch progress and internal diagnostics]
L001029 | [Epoch 39] [Time: 2.1328537464141846]
L001030 | [Train Loss: 0.5621]
L001031 | [Train F1: 0.7931684169511536]
L001032 | [Train Acc: 0.7936264158187752]
L001033 | [Dev Loss: 0.9222]
L001034 | [Dev F1: 0.6264390496171763]
L001035 | [Dev Acc: 0.6289517470881864]
L001036 | 
L001037-L001052 | [REDACTED: batch progress and internal diagnostics]
L001053 | [Epoch 40] [Time: 2.206925392150879]
L001054 | [Train Loss: 0.5532]
L001055 | [Train F1: 0.7862897621160826]
L001056 | [Train Acc: 0.7870992512958341]
L001057 | [Dev Loss: 0.9313]
L001058 | [Dev F1: 0.6235397898082631]
L001059 | [Dev Acc: 0.6289517470881864]
L001060 | 
L001061-L001076 | [REDACTED: batch progress and internal diagnostics]
L001077 | [Epoch 41] [Time: 2.149033308029175]
L001078 | [Train Loss: 0.5409]
L001079 | [Train F1: 0.7981202291382169]
L001080 | [Train Acc: 0.7990017277788443]
L001081 | [Dev Loss: 0.9403]
L001082 | [Dev F1: 0.6123827529307218]
L001083 | [Dev Acc: 0.6173044925124792]
L001084 | 
L001085-L001100 | [REDACTED: batch progress and internal diagnostics]
L001101 | [Epoch 42] [Time: 2.382889747619629]
L001102 | [Train Loss: 0.5249]
L001103 | [Train F1: 0.8027475639140341]
L001104 | [Train Acc: 0.8036091380303321]
L001105 | [Dev Loss: 0.9426]
L001106 | [Dev F1: 0.6190397274223733]
L001107 | [Dev Acc: 0.6256239600665557]
L001108 | 
L001109-L001124 | [REDACTED: batch progress and internal diagnostics]
L001125 | [Epoch 43] [Time: 2.2500054836273193]
L001126 | [Train Loss: 0.513]
L001127 | [Train F1: 0.8025399241680004]
L001128 | [Train Acc: 0.8030332117488962]
L001129 | [Dev Loss: 0.9263]
L001130 | [Dev F1: 0.6281530595442509]
L001131 | [Dev Acc: 0.627287853577371]
L001132 | 
L001133-L001148 | [REDACTED: batch progress and internal diagnostics]
L001149 | [Epoch 44] [Time: 2.2521746158599854]
L001150 | [Train Loss: 0.5227]
L001151 | [Train F1: 0.8096517345099562]
L001152 | [Train Acc: 0.8099443271261278]
L001153 | [Dev Loss: 0.9624]
L001154 | [Dev F1: 0.615218841286869]
L001155 | [Dev Acc: 0.6222961730449251]
L001156 | 
L001157-L001172 | [REDACTED: batch progress and internal diagnostics]
L001173 | [Epoch 45] [Time: 2.196246385574341]
L001174 | [Train Loss: 0.4914]
L001175 | [Train F1: 0.8156689028760608]
L001176 | [Train Acc: 0.8162795162219236]
L001177 | [Dev Loss: 0.9363]
L001178 | [Dev F1: 0.6235516902134695]
L001179 | [Dev Acc: 0.627287853577371]
L001180 | 
L001181-L001196 | [REDACTED: batch progress and internal diagnostics]
L001197 | [Epoch 46] [Time: 2.108234167098999]
L001198 | [Train Loss: 0.486]
L001199 | [Train F1: 0.8235311189878991]
L001200 | [Train Acc: 0.8239585333077366]
L001201 | [Dev Loss: 0.9532]
L001202 | [Dev F1: 0.6185973083716299]
L001203 | [Dev Acc: 0.6222961730449251]
L001204 | 
L001205-L001220 | [REDACTED: batch progress and internal diagnostics]
L001221 | [Epoch 47] [Time: 2.130594491958618]
L001222 | [Train Loss: 0.481]
L001223 | [Train F1: 0.8258017119212615]
L001224 | [Train Acc: 0.8262622384334806]
L001225 | [Dev Loss: 0.9518]
L001226 | [Dev F1: 0.6154819302707385]
L001227 | [Dev Acc: 0.6189683860232945]
L001228 | 
L001229-L001244 | [REDACTED: batch progress and internal diagnostics]
L001245 | [Epoch 48] [Time: 2.1900267601013184]
L001246 | [Train Loss: 0.4624]
L001247 | [Train F1: 0.8303996369896284]
L001248 | [Train Acc: 0.8308696486849684]
L001249 | [Dev Loss: 0.9653]
L001250 | [Dev F1: 0.6029003625062714]
L001251 | [Dev Acc: 0.6089850249584027]
L001252 | 
L001253-L001268 | [REDACTED: batch progress and internal diagnostics]
L001269 | [Epoch 49] [Time: 2.1881439685821533]
L001270 | [Train Loss: 0.4654]
L001271 | [Train F1: 0.8274217702558756]
L001272 | [Train Acc: 0.8276060664234978]
L001273 | [Dev Loss: 0.9719]
L001274 | [Dev F1: 0.609700712445931]
L001275 | [Dev Acc: 0.6123128119800333]
L001276 | 
L001277-L001292 | [REDACTED: batch progress and internal diagnostics]
L001293 | [Epoch 50] [Time: 2.3138554096221924]
L001294 | [Train Loss: 0.4488]
L001295 | [Train F1: 0.8383082839626561]
L001296 | [Train Acc: 0.8385486657707814]
L001297 | [Dev Loss: 0.9842]
L001298 | [Dev F1: 0.6022231258876817]
L001299 | [Dev Acc: 0.6073211314475874]
L001300 | 
L001301-L001316 | [REDACTED: batch progress and internal diagnostics]
L001317 | [Epoch 51] [Time: 2.233712911605835]
L001318 | [Train Loss: 0.4332]
L001319 | [Train F1: 0.8378357436692284]
L001320 | [Train Acc: 0.8381647149164907]
L001321 | [Dev Loss: 0.9783]
L001322 | [Dev F1: 0.6068813295595799]
L001323 | [Dev Acc: 0.6123128119800333]
L001324 | 
L001325-L001340 | [REDACTED: batch progress and internal diagnostics]
L001341 | [Epoch 52] [Time: 2.266188144683838]
L001342 | [Train Loss: 0.4338]
L001343 | [Train F1: 0.8390947285599467]
L001344 | [Train Acc: 0.839508542906508]
L001345 | [Dev Loss: 0.9881]
L001346 | [Dev F1: 0.6014381983226661]
L001347 | [Dev Acc: 0.6056572379367721]
L001348 | 
L001349-L001364 | [REDACTED: batch progress and internal diagnostics]
L001365 | [Epoch 53] [Time: 2.199326753616333]
L001366 | [Train Loss: 0.4302]
L001367 | [Train F1: 0.840767711938619]
L001368 | [Train Acc: 0.8408523708965252]
L001369 | [Dev Loss: 1.013]
L001370 | [Dev F1: 0.5994666155800008]
L001371 | [Dev Acc: 0.6056572379367721]
L001372 | 
L001373-L001388 | [REDACTED: batch progress and internal diagnostics]
L001389 | [Epoch 54] [Time: 2.1083145141601562]
L001390 | [Train Loss: 0.4179]
L001391 | [Train F1: 0.8444710054828131]
L001392 | [Train Acc: 0.8450758302937224]
L001393 | [Dev Loss: 1.0143]
L001394 | [Dev F1: 0.5978186361878393]
L001395 | [Dev Acc: 0.6023294509151415]
L001396 | 
L001397-L001412 | [REDACTED: batch progress and internal diagnostics]
L001413 | [Epoch 55] [Time: 2.148653030395508]
L001414 | [Train Loss: 0.4168]
L001415 | [Train F1: 0.8470552015708075]
L001416 | [Train Acc: 0.847187559992321]
L001417 | [Dev Loss: 1.0049]
L001418 | [Dev F1: 0.5976594498010922]
L001419 | [Dev Acc: 0.6039933444259568]
L001420 | 
L001421-L001436 | [REDACTED: batch progress and internal diagnostics]
L001437 | [Epoch 56] [Time: 2.1730594635009766]
L001438 | [Train Loss: 0.4138]
L001439 | [Train F1: 0.8497200585581262]
L001440 | [Train Acc: 0.8498752159723555]
L001441 | [Dev Loss: 0.9926]
L001442 | [Dev F1: 0.6059271132677948]
L001443 | [Dev Acc: 0.6089850249584027]
L001444 | 
L001445-L001460 | [REDACTED: batch progress and internal diagnostics]
L001461 | [Epoch 57] [Time: 2.2349276542663574]
L001462 | [Train Loss: 0.3969]
L001463 | [Train F1: 0.8602024501456168]
L001464 | [Train Acc: 0.8602418890382031]
L001465 | [Dev Loss: 1.0352]
L001466 | [Dev F1: 0.6018162412844311]
L001467 | [Dev Acc: 0.6073211314475874]
L001468 | 
L001469-L001484 | [REDACTED: batch progress and internal diagnostics]
L001485 | [Epoch 58] [Time: 2.2145183086395264]
L001486 | [Train Loss: 0.3999]
L001487 | [Train F1: 0.8544727422850416]
L001488 | [Train Acc: 0.8546746016509886]
L001489 | [Dev Loss: 1.0118]
L001490 | [Dev F1: 0.5982921497064593]
L001491 | [Dev Acc: 0.6023294509151415]
L001492 | 
L001493-L001508 | [REDACTED: batch progress and internal diagnostics]
L001509 | [Epoch 59] [Time: 2.0619447231292725]
L001510 | [Train Loss: 0.3898]
L001511 | [Train F1: 0.8577918197144938]
L001512 | [Train Acc: 0.8579381839124592]
L001513 | [Dev Loss: 1.036]
L001514 | [Dev F1: 0.5967261882244234]
L001515 | [Dev Acc: 0.6023294509151415]
L001516 | 
L001517-L001532 | [REDACTED: batch progress and internal diagnostics]
L001533 | [Epoch 60] [Time: 2.2262234687805176]
L001534 | [Train Loss: 0.3806]
L001535 | [Train F1: 0.8602941791125652]
L001536 | [Train Acc: 0.8606258398924937]
L001537 | [Dev Loss: 1.0427]
L001538 | [Dev F1: 0.5998572970564509]
L001539 | [Dev Acc: 0.6056572379367721]
L001540 | 
L001541-L001556 | [REDACTED: batch progress and internal diagnostics]
L001557 | [Epoch 61] [Time: 2.0544729232788086]
L001558 | [Train Loss: 0.3638]
L001559 | [Train F1: 0.871801174783866]
L001560 | [Train Acc: 0.871952390094068]
L001561 | [Dev Loss: 1.044]
L001562 | [Dev F1: 0.6115033123258478]
L001563 | [Dev Acc: 0.6139767054908486]
L001564 | 
L001565-L001580 | [REDACTED: batch progress and internal diagnostics]
L001581 | [Epoch 62] [Time: 2.1947216987609863]
L001582 | [Train Loss: 0.3732]
L001583 | [Train F1: 0.8639479100703797]
L001584 | [Train Acc: 0.8640813975811096]
L001585 | [Dev Loss: 1.0416]
L001586 | [Dev F1: 0.5944838997318089]
L001587 | [Dev Acc: 0.6023294509151415]
L001588 | 
L001589-L001604 | [REDACTED: batch progress and internal diagnostics]
L001605 | [Epoch 63] [Time: 2.3818423748016357]
L001606 | [Train Loss: 0.3638]
L001607 | [Train F1: 0.8646637753793063]
L001608 | [Train Acc: 0.8650412747168362]
L001609 | [Dev Loss: 1.0612]
L001610 | [Dev F1: 0.6007520739204176]
L001611 | [Dev Acc: 0.6039933444259568]
L001612 | 
L001613-L001628 | [REDACTED: batch progress and internal diagnostics]
L001629 | [Epoch 64] [Time: 2.1859049797058105]
L001630 | [Train Loss: 0.357]
L001631 | [Train F1: 0.8724943782923963]
L001632 | [Train Acc: 0.8727202918026492]
L001633 | [Dev Loss: 1.0566]
L001634 | [Dev F1: 0.60138554505752]
L001635 | [Dev Acc: 0.6056572379367721]
L001636 | 
L001637-L001652 | [REDACTED: batch progress and internal diagnostics]
L001653 | [Epoch 65] [Time: 2.197906494140625]
L001654 | [Train Loss: 0.3451]
L001655 | [Train F1: 0.8755890336059471]
L001656 | [Train Acc: 0.8757918986369745]
L001657 | [Dev Loss: 1.0694]
L001658 | [Dev F1: 0.6063169067922773]
L001659 | [Dev Acc: 0.6089850249584027]
L001660 | 
L001661-L001676 | [REDACTED: batch progress and internal diagnostics]
L001677 | [Epoch 66] [Time: 2.237147569656372]
L001678 | [Train Loss: 0.348]
L001679 | [Train F1: 0.8780553761636075]
L001680 | [Train Acc: 0.8780956037627183]
L001681 | [Dev Loss: 1.0811]
L001682 | [Dev F1: 0.5995573734893698]
L001683 | [Dev Acc: 0.6073211314475874]
L001684 | 
L001685-L001700 | [REDACTED: batch progress and internal diagnostics]
L001701 | [Epoch 67] [Time: 2.0136351585388184]
L001702 | [Train Loss: 0.3358]
L001703 | [Train F1: 0.879835112653361]
L001704 | [Train Acc: 0.8800153580341716]
L001705 | [Dev Loss: 1.0833]
L001706 | [Dev F1: 0.5972748262750498]
L001707 | [Dev Acc: 0.5990016638935108]
L001708 | 
L001709-L001724 | [REDACTED: batch progress and internal diagnostics]
L001725 | [Epoch 68] [Time: 2.0936412811279297]
L001726 | [Train Loss: 0.3288]
L001727 | [Train F1: 0.8882663417444807]
L001728 | [Train Acc: 0.8884622768285659]
L001729 | [Dev Loss: 1.0951]
L001730 | [Dev F1: 0.5970329648813639]
L001731 | [Dev Acc: 0.6023294509151415]
L001732 | Early stopping at epoch: 68
L001733 | Last model
L001734 |               precision    recall  f1-score   support
L001735 | 
L001736 |          hap     0.4868    0.2569    0.3364       144
L001737 |          sad     0.7972    0.7061    0.7489       245
L001738 |          neu     0.5612    0.6927    0.6200       384
L001739 |          ang     0.5556    0.5882    0.5714       170
L001740 |          exc     0.7066    0.7492    0.7273       299
L001741 |          fru     0.5905    0.5564    0.5730       381
L001742 | 
L001743 |     accuracy                         0.6235      1623
L001744 |    macro avg     0.6163    0.5916    0.5962      1623
L001745 | weighted avg     0.6233    0.6235    0.6179      1623
L001746 | 
L001747 | Best model at epoch: 43
L001748 | Best dev F1: 0.6281530595442509
L001749 |               precision    recall  f1-score   support
L001750 | 
L001751 |          hap     0.4356    0.4931    0.4625       144
L001752 |          sad     0.8165    0.7265    0.7689       245
L001753 |          neu     0.6019    0.6771    0.6373       384
L001754 |          ang     0.6234    0.5647    0.5926       170
L001755 |          exc     0.7404    0.7057    0.7226       299
L001756 |          fru     0.5930    0.5774    0.5851       381
L001757 | 
L001758 |     accuracy                         0.6383      1623
L001759 |    macro avg     0.6351    0.6241    0.6282      1623
L001760 | weighted avg     0.6452    0.6383    0.6404      1623
L001761 | 
L001762 | Best test F1: 0.6404290615948695
L001763 | Best test Acc: 0.6383240911891559
L001764 | [SANITIZED] Saved checkpoint: [path and filename removed]
