# Redacted copy of an existing run log.
# run_id: G07-seed1
# dataset: IEMOCAP
# model: MMGCN+AMBER
# imr: (0.3,0.5,0.7)
# seed_alias: seed1
# original_log_sha256: 7ba8986de9a143c93afb91ae363d8be98fdc90eef5ff11b069240aaf3fc0945b
# source_record_status: ok
# source_record_process_return_code: 3221226505
# L numbers refer to source logical lines; REDACTED/SANITIZED text is editorial.
L000001-L000065 | [REDACTED: configuration or implementation details]
L000066 | [SANITIZED] Seed alias: seed1
L000067 | 
L000068-L000069 | [REDACTED: batch progress and internal diagnostics]
L000070 | 
L000071-L000072 | [REDACTED: batch progress and internal diagnostics]
L000073 | 
L000074-L000075 | [REDACTED: batch progress and internal diagnostics]
L000076 | 
L000077-L000092 | [REDACTED: batch progress and internal diagnostics]
L000093 | [Epoch 0] [Time: 3.0088226795196533]
L000094 | [Train Loss: 1.8381]
L000095 | [Train F1: 0.2071519487460561]
L000096 | [Train Acc: 0.20946335833814195]
L000097 | [Dev Loss: 1.6596]
L000098 | [Dev F1: 0.24103959300430447]
L000099 | [Dev Acc: 0.29132569558101473]
L000100 | 
L000101-L000116 | [REDACTED: batch progress and internal diagnostics]
L000117 | [Epoch 1] [Time: 2.24064302444458]
L000118 | [Train Loss: 1.6559]
L000119 | [Train F1: 0.28569875788291776]
L000120 | [Train Acc: 0.3017888055395268]
L000121 | [Dev Loss: 1.6052]
L000122 | [Dev F1: 0.24177229252412827]
L000123 | [Dev Acc: 0.29296235679214405]
L000124 | 
L000125-L000140 | [REDACTED: batch progress and internal diagnostics]
L000141 | [Epoch 2] [Time: 2.221100091934204]
L000142 | [Train Loss: 1.5703]
L000143 | [Train F1: 0.3240584197846414]
L000144 | [Train Acc: 0.3429505674168109]
L000145 | [Dev Loss: 1.5694]
L000146 | [Dev F1: 0.23816270999598177]
L000147 | [Dev Acc: 0.2945990180032733]
L000148 | 
L000149-L000164 | [REDACTED: batch progress and internal diagnostics]
L000165 | [Epoch 3] [Time: 2.223407506942749]
L000166 | [Train Loss: 1.5113]
L000167 | [Train F1: 0.3684611480646579]
L000168 | [Train Acc: 0.3871898442008078]
L000169 | [Dev Loss: 1.4982]
L000170 | [Dev F1: 0.3343416485703982]
L000171 | [Dev Acc: 0.36824877250409166]
L000172 | 
L000173-L000188 | [REDACTED: batch progress and internal diagnostics]
L000189 | [Epoch 4] [Time: 2.2750184535980225]
L000190 | [Train Loss: 1.4312]
L000191 | [Train F1: 0.40293666791695726]
L000192 | [Train Acc: 0.4177726485862666]
L000193 | [Dev Loss: 1.4434]
L000194 | [Dev F1: 0.3606439176181753]
L000195 | [Dev Acc: 0.3944353518821604]
L000196 | 
L000197-L000212 | [REDACTED: batch progress and internal diagnostics]
L000213 | [Epoch 5] [Time: 2.303551197052002]
L000214 | [Train Loss: 1.3612]
L000215 | [Train F1: 0.43327657460193997]
L000216 | [Train Acc: 0.4460473167916907]
L000217 | [Dev Loss: 1.3918]
L000218 | [Dev F1: 0.3765639555379239]
L000219 | [Dev Acc: 0.41243862520458263]
L000220 | 
L000221-L000236 | [REDACTED: batch progress and internal diagnostics]
L000237 | [Epoch 6] [Time: 2.329411268234253]
L000238 | [Train Loss: 1.3087]
L000239 | [Train F1: 0.4602706968802651]
L000240 | [Train Acc: 0.46835929986535874]
L000241 | [Dev Loss: 1.3456]
L000242 | [Dev F1: 0.39836001175520036]
L000243 | [Dev Acc: 0.4288052373158756]
L000244 | 
L000245-L000260 | [REDACTED: batch progress and internal diagnostics]
L000261 | [Epoch 7] [Time: 2.1335673332214355]
L000262 | [Train Loss: 1.2604]
L000263 | [Train F1: 0.47968062969025654]
L000264 | [Train Acc: 0.49028659357568766]
L000265 | [Dev Loss: 1.313]
L000266 | [Dev F1: 0.40989888554098425]
L000267 | [Dev Acc: 0.4402618657937807]
L000268 | 
L000269-L000284 | [REDACTED: batch progress and internal diagnostics]
L000285 | [Epoch 8] [Time: 2.200761556625366]
L000286 | [Train Loss: 1.206]
L000287 | [Train F1: 0.5052176371131926]
L000288 | [Train Acc: 0.514137334102712]
L000289 | [Dev Loss: 1.2884]
L000290 | [Dev F1: 0.42815072264834525]
L000291 | [Dev Acc: 0.45990180032733224]
L000292 | 
L000293-L000308 | [REDACTED: batch progress and internal diagnostics]
L000309 | [Epoch 9] [Time: 2.278763771057129]
L000310 | [Train Loss: 1.1512]
L000311 | [Train F1: 0.532970106873513]
L000312 | [Train Acc: 0.5414502788997885]
L000313 | [Dev Loss: 1.2614]
L000314 | [Dev F1: 0.43134195652317153]
L000315 | [Dev Acc: 0.46317512274959083]
L000316 | 
L000317-L000332 | [REDACTED: batch progress and internal diagnostics]
L000333 | [Epoch 10] [Time: 2.20160174369812]
L000334 | [Train Loss: 1.12]
L000335 | [Train F1: 0.5478826456014076]
L000336 | [Train Acc: 0.5541450278899789]
L000337 | [Dev Loss: 1.2383]
L000338 | [Dev F1: 0.44198978889945334]
L000339 | [Dev Acc: 0.469721767594108]
L000340 | 
L000341-L000356 | [REDACTED: batch progress and internal diagnostics]
L000357 | [Epoch 11] [Time: 2.227335214614868]
L000358 | [Train Loss: 1.0856]
L000359 | [Train F1: 0.5575507368383751]
L000360 | [Train Acc: 0.5612617811117523]
L000361 | [Dev Loss: 1.2272]
L000362 | [Dev F1: 0.4566372685345037]
L000363 | [Dev Acc: 0.4877250409165303]
L000364 | 
L000365-L000380 | [REDACTED: batch progress and internal diagnostics]
L000381 | [Epoch 12] [Time: 2.3582541942596436]
L000382 | [Train Loss: 1.0543]
L000383 | [Train F1: 0.5731024919147178]
L000384 | [Train Acc: 0.5801115599153683]
L000385 | [Dev Loss: 1.2127]
L000386 | [Dev F1: 0.44507346994045716]
L000387 | [Dev Acc: 0.4746317512274959]
L000388 | 
L000389-L000404 | [REDACTED: batch progress and internal diagnostics]
L000405 | [Epoch 13] [Time: 1.659700632095337]
L000406 | [Train Loss: 1.0131]
L000407 | [Train F1: 0.5887043712569898]
L000408 | [Train Acc: 0.5953067897672629]
L000409 | [Dev Loss: 1.1982]
L000410 | [Dev F1: 0.45999346642321676]
L000411 | [Dev Acc: 0.48936170212765956]
L000412 | 
L000413-L000428 | [REDACTED: batch progress and internal diagnostics]
L000429 | [Epoch 14] [Time: 1.535865306854248]
L000430 | [Train Loss: 0.9891]
L000431 | [Train F1: 0.5967340557192529]
L000432 | [Train Acc: 0.6028082323523755]
L000433 | [Dev Loss: 1.189]
L000434 | [Dev F1: 0.4709832304105036]
L000435 | [Dev Acc: 0.49918166939443537]
L000436 | 
L000437-L000452 | [REDACTED: batch progress and internal diagnostics]
L000453 | [Epoch 15] [Time: 1.586482286453247]
L000454 | [Train Loss: 0.9714]
L000455 | [Train F1: 0.609462558719492]
L000456 | [Train Acc: 0.615887670705905]
L000457 | [Dev Loss: 1.1754]
L000458 | [Dev F1: 0.46708942455645514]
L000459 | [Dev Acc: 0.49918166939443537]
L000460 | 
L000461-L000476 | [REDACTED: batch progress and internal diagnostics]
L000477 | [Epoch 16] [Time: 1.5477149486541748]
L000478 | [Train Loss: 0.9295]
L000479 | [Train F1: 0.6272052204079948]
L000480 | [Train Acc: 0.6324293133294865]
L000481 | [Dev Loss: 1.1668]
L000482 | [Dev F1: 0.47512420049516]
L000483 | [Dev Acc: 0.5008183306055647]
L000484 | 
L000485-L000500 | [REDACTED: batch progress and internal diagnostics]
L000501 | [Epoch 17] [Time: 1.5116326808929443]
L000502 | [Train Loss: 0.8978]
L000503 | [Train F1: 0.6507236462585549]
L000504 | [Train Acc: 0.6555106751298326]
L000505 | [Dev Loss: 1.1581]
L000506 | [Dev F1: 0.4736922546644791]
L000507 | [Dev Acc: 0.5008183306055647]
L000508 | 
L000509-L000524 | [REDACTED: batch progress and internal diagnostics]
L000525 | [Epoch 18] [Time: 1.6001381874084473]
L000526 | [Train Loss: 0.8902]
L000527 | [Train F1: 0.6433360814062739]
L000528 | [Train Acc: 0.6482015772263897]
L000529 | [Dev Loss: 1.1477]
L000530 | [Dev F1: 0.4727594320909772]
L000531 | [Dev Acc: 0.5008183306055647]
L000532 | 
L000533-L000548 | [REDACTED: batch progress and internal diagnostics]
L000549 | [Epoch 19] [Time: 1.5913758277893066]
L000550 | [Train Loss: 0.8489]
L000551 | [Train F1: 0.6630941657548028]
L000552 | [Train Acc: 0.667820734756684]
L000553 | [Dev Loss: 1.1334]
L000554 | [Dev F1: 0.4803098076709134]
L000555 | [Dev Acc: 0.5057283142389526]
L000556 | 
L000557-L000572 | [REDACTED: batch progress and internal diagnostics]
L000573 | [Epoch 20] [Time: 1.676938772201538]
L000574 | [Train Loss: 0.8224]
L000575 | [Train F1: 0.6786255140475075]
L000576 | [Train Acc: 0.6814772071552222]
L000577 | [Dev Loss: 1.1088]
L000578 | [Dev F1: 0.5082014691304872]
L000579 | [Dev Acc: 0.5319148936170213]
L000580 | 
L000581-L000596 | [REDACTED: batch progress and internal diagnostics]
L000597 | [Epoch 21] [Time: 1.815833330154419]
L000598 | [Train Loss: 0.7999]
L000599 | [Train F1: 0.6886740288759262]
L000600 | [Train Acc: 0.6918638199653779]
L000601 | [Dev Loss: 1.086]
L000602 | [Dev F1: 0.5187160932456616]
L000603 | [Dev Acc: 0.5384615384615384]
L000604 | 
L000605-L000620 | [REDACTED: batch progress and internal diagnostics]
L000621 | [Epoch 22] [Time: 1.508711576461792]
L000622 | [Train Loss: 0.795]
L000623 | [Train F1: 0.6873355650503427]
L000624 | [Train Acc: 0.6910944412386998]
L000625 | [Dev Loss: 1.0716]
L000626 | [Dev F1: 0.5304480351667549]
L000627 | [Dev Acc: 0.5482815057283142]
L000628 | 
L000629-L000644 | [REDACTED: batch progress and internal diagnostics]
L000645 | [Epoch 23] [Time: 1.5695288181304932]
L000646 | [Train Loss: 0.7692]
L000647 | [Train F1: 0.7011490259370404]
L000648 | [Train Acc: 0.7024427774572033]
L000649 | [Dev Loss: 1.0914]
L000650 | [Dev F1: 0.5064461435984662]
L000651 | [Dev Acc: 0.530278232405892]
L000652 | 
L000653-L000668 | [REDACTED: batch progress and internal diagnostics]
L000669 | [Epoch 24] [Time: 1.5043582916259766]
L000670 | [Train Loss: 0.7546]
L000671 | [Train F1: 0.695550587152826]
L000672 | [Train Acc: 0.6989805731871513]
L000673 | [Dev Loss: 1.0891]
L000674 | [Dev F1: 0.5229123233367096]
L000675 | [Dev Acc: 0.5450081833060556]
L000676 | 
L000677-L000692 | [REDACTED: batch progress and internal diagnostics]
L000693 | [Epoch 25] [Time: 1.5124683380126953]
L000694 | [Train Loss: 0.7295]
L000695 | [Train F1: 0.7149319580756636]
L000696 | [Train Acc: 0.7168686285824197]
L000697 | [Dev Loss: 1.0871]
L000698 | [Dev F1: 0.5209360680795199]
L000699 | [Dev Acc: 0.5433715220949263]
L000700 | 
L000701-L000716 | [REDACTED: batch progress and internal diagnostics]
L000717 | [Epoch 26] [Time: 1.6111719608306885]
L000718 | [Train Loss: 0.7169]
L000719 | [Train F1: 0.7106432528795771]
L000720 | [Train Acc: 0.7132140796306982]
L000721 | [Dev Loss: 1.0688]
L000722 | [Dev F1: 0.5329320030032114]
L000723 | [Dev Acc: 0.5548281505728314]
L000724 | 
L000725-L000740 | [REDACTED: batch progress and internal diagnostics]
L000741 | [Epoch 27] [Time: 1.5689306259155273]
L000742 | [Train Loss: 0.7032]
L000743 | [Train F1: 0.7297428096969929]
L000744 | [Train Acc: 0.7320638584343143]
L000745 | [Dev Loss: 1.0667]
L000746 | [Dev F1: 0.5356664587949189]
L000747 | [Dev Acc: 0.5564648117839607]
L000748 | 
L000749-L000764 | [REDACTED: batch progress and internal diagnostics]
L000765 | [Epoch 28] [Time: 1.5412731170654297]
L000766 | [Train Loss: 0.674]
L000767 | [Train F1: 0.7372416168971294]
L000768 | [Train Acc: 0.7393729563377572]
L000769 | [Dev Loss: 1.0749]
L000770 | [Dev F1: 0.5481563782110054]
L000771 | [Dev Acc: 0.563011456628478]
L000772 | 
L000773-L000788 | [REDACTED: batch progress and internal diagnostics]
L000789 | [Epoch 29] [Time: 1.4960875511169434]
L000790 | [Train Loss: 0.6779]
L000791 | [Train F1: 0.7432119340351254]
L000792 | [Train Acc: 0.743796884016157]
L000793 | [Dev Loss: 1.0754]
L000794 | [Dev F1: 0.5330207067461546]
L000795 | [Dev Acc: 0.5482815057283142]
L000796 | 
L000797-L000812 | [REDACTED: batch progress and internal diagnostics]
L000813 | [Epoch 30] [Time: 1.555589199066162]
L000814 | [Train Loss: 0.6503]
L000815 | [Train F1: 0.7442226520194226]
L000816 | [Train Acc: 0.745912675514522]
L000817 | [Dev Loss: 1.1047]
L000818 | [Dev F1: 0.5358454435274883]
L000819 | [Dev Acc: 0.55810147299509]
L000820 | 
L000821-L000836 | [REDACTED: batch progress and internal diagnostics]
L000837 | [Epoch 31] [Time: 2.0747318267822266]
L000838 | [Train Loss: 0.6489]
L000839 | [Train F1: 0.7469970324026961]
L000840 | [Train Acc: 0.7489901904212348]
L000841 | [Dev Loss: 1.074]
L000842 | [Dev F1: 0.535097444264972]
L000843 | [Dev Acc: 0.5548281505728314]
L000844 | 
L000845-L000860 | [REDACTED: batch progress and internal diagnostics]
L000861 | [Epoch 32] [Time: 2.1175153255462646]
L000862 | [Train Loss: 0.639]
L000863 | [Train F1: 0.747810364228572]
L000864 | [Train Acc: 0.7487978457395653]
L000865 | [Dev Loss: 1.0882]
L000866 | [Dev F1: 0.5365472144833201]
L000867 | [Dev Acc: 0.5531914893617021]
L000868 | 
L000869-L000884 | [REDACTED: batch progress and internal diagnostics]
L000885 | [Epoch 33] [Time: 2.0824813842773438]
L000886 | [Train Loss: 0.6285]
L000887 | [Train F1: 0.754362728311606]
L000888 | [Train Acc: 0.7564916330063474]
L000889 | [Dev Loss: 1.0965]
L000890 | [Dev F1: 0.5225503813482301]
L000891 | [Dev Acc: 0.5482815057283142]
L000892 | 
L000893-L000908 | [REDACTED: batch progress and internal diagnostics]
L000909 | [Epoch 34] [Time: 2.1568241119384766]
L000910 | [Train Loss: 0.618]
L000911 | [Train F1: 0.7707013407969192]
L000912 | [Train Acc: 0.7713021734949028]
L000913 | [Dev Loss: 1.066]
L000914 | [Dev F1: 0.5532534906037629]
L000915 | [Dev Acc: 0.5695581014729951]
L000916 | 
L000917-L000932 | [REDACTED: batch progress and internal diagnostics]
L000933 | [Epoch 35] [Time: 2.2418105602264404]
L000934 | [Train Loss: 0.6034]
L000935 | [Train F1: 0.7742147375374874]
L000936 | [Train Acc: 0.775533756491633]
L000937 | [Dev Loss: 1.1044]
L000938 | [Dev F1: 0.5282388001546056]
L000939 | [Dev Acc: 0.5499181669394435]
L000940 | 
L000941-L000956 | [REDACTED: batch progress and internal diagnostics]
L000957 | [Epoch 36] [Time: 2.139737606048584]
L000958 | [Train Loss: 0.5937]
L000959 | [Train F1: 0.7825622736871366]
L000960 | [Train Acc: 0.782842854395076]
L000961 | [Dev Loss: 1.0686]
L000962 | [Dev F1: 0.556357262662638]
L000963 | [Dev Acc: 0.5695581014729951]
L000964 | 
L000965-L000980 | [REDACTED: batch progress and internal diagnostics]
L000981 | [Epoch 37] [Time: 2.1656057834625244]
L000982 | [Train Loss: 0.591]
L000983 | [Train F1: 0.7787513068133444]
L000984 | [Train Acc: 0.7799576841700328]
L000985 | [Dev Loss: 1.0899]
L000986 | [Dev F1: 0.536824990265194]
L000987 | [Dev Acc: 0.5564648117839607]
L000988 | 
L000989-L001004 | [REDACTED: batch progress and internal diagnostics]
L001005 | [Epoch 38] [Time: 2.2253823280334473]
L001006 | [Train Loss: 0.5747]
L001007 | [Train F1: 0.7859587245603236]
L001008 | [Train Acc: 0.7864974033467974]
L001009 | [Dev Loss: 1.08]
L001010 | [Dev F1: 0.5485207289078506]
L001011 | [Dev Acc: 0.5613747954173486]
L001012 | 
L001013-L001028 | [REDACTED: batch progress and internal diagnostics]
L001029 | [Epoch 39] [Time: 2.210451602935791]
L001030 | [Train Loss: 0.5582]
L001031 | [Train F1: 0.7943965408851584]
L001032 | [Train Acc: 0.7951529140219273]
L001033 | [Dev Loss: 1.1221]
L001034 | [Dev F1: 0.5259901540219494]
L001035 | [Dev Acc: 0.546644844517185]
L001036 | 
L001037-L001052 | [REDACTED: batch progress and internal diagnostics]
L001053 | [Epoch 40] [Time: 2.198918342590332]
L001054 | [Train Loss: 0.5494]
L001055 | [Train F1: 0.7971718556145692]
L001056 | [Train Acc: 0.7980380842469705]
L001057 | [Dev Loss: 1.1013]
L001058 | [Dev F1: 0.5250432348104487]
L001059 | [Dev Acc: 0.5450081833060556]
L001060 | 
L001061-L001076 | [REDACTED: batch progress and internal diagnostics]
L001077 | [Epoch 41] [Time: 2.1959712505340576]
L001078 | [Train Loss: 0.5438]
L001079 | [Train F1: 0.7971434373341431]
L001080 | [Train Acc: 0.7980380842469705]
L001081 | [Dev Loss: 1.085]
L001082 | [Dev F1: 0.5532444306379928]
L001083 | [Dev Acc: 0.5679214402618658]
L001084 | 
L001085-L001100 | [REDACTED: batch progress and internal diagnostics]
L001101 | [Epoch 42] [Time: 2.2562179565429688]
L001102 | [Train Loss: 0.5331]
L001103 | [Train F1: 0.8063562589875706]
L001104 | [Train Acc: 0.8066935949221004]
L001105 | [Dev Loss: 1.0915]
L001106 | [Dev F1: 0.5383054827749635]
L001107 | [Dev Acc: 0.5548281505728314]
L001108 | 
L001109-L001124 | [REDACTED: batch progress and internal diagnostics]
L001125 | [Epoch 43] [Time: 2.0817177295684814]
L001126 | [Train Loss: 0.5279]
L001127 | [Train F1: 0.8041314822424628]
L001128 | [Train Acc: 0.8043854587420658]
L001129 | [Dev Loss: 1.1179]
L001130 | [Dev F1: 0.5265317220037349]
L001131 | [Dev Acc: 0.5450081833060556]
L001132 | 
L001133-L001148 | [REDACTED: batch progress and internal diagnostics]
L001149 | [Epoch 44] [Time: 2.175649881362915]
L001150 | [Train Loss: 0.5101]
L001151 | [Train F1: 0.813519723910218]
L001152 | [Train Acc: 0.8143873821888825]
L001153 | [Dev Loss: 1.1138]
L001154 | [Dev F1: 0.5398776368396552]
L001155 | [Dev Acc: 0.55810147299509]
L001156 | 
L001157-L001172 | [REDACTED: batch progress and internal diagnostics]
L001173 | [Epoch 45] [Time: 2.2902441024780273]
L001174 | [Train Loss: 0.5101]
L001175 | [Train F1: 0.813109995986521]
L001176 | [Train Acc: 0.8134256587805347]
L001177 | [Dev Loss: 1.125]
L001178 | [Dev F1: 0.5462905473857087]
L001179 | [Dev Acc: 0.5597381342062193]
L001180 | 
L001181-L001196 | [REDACTED: batch progress and internal diagnostics]
L001197 | [Epoch 46] [Time: 2.091043710708618]
L001198 | [Train Loss: 0.4943]
L001199 | [Train F1: 0.8209721430246508]
L001200 | [Train Acc: 0.8216964800923254]
L001201 | [Dev Loss: 1.0829]
L001202 | [Dev F1: 0.5616819267535611]
L001203 | [Dev Acc: 0.574468085106383]
L001204 | 
L001205-L001220 | [REDACTED: batch progress and internal diagnostics]
L001221 | [Epoch 47] [Time: 2.2532408237457275]
L001222 | [Train Loss: 0.4974]
L001223 | [Train F1: 0.8172357928855158]
L001224 | [Train Acc: 0.8174648970955953]
L001225 | [Dev Loss: 1.1169]
L001226 | [Dev F1: 0.5485156980686272]
L001227 | [Dev Acc: 0.5613747954173486]
L001228 | 
L001229-L001244 | [REDACTED: batch progress and internal diagnostics]
L001245 | [Epoch 48] [Time: 2.2985920906066895]
L001246 | [Train Loss: 0.4908]
L001247 | [Train F1: 0.8184595118033696]
L001248 | [Train Acc: 0.8195806885939604]
L001249 | [Dev Loss: 1.1162]
L001250 | [Dev F1: 0.5424706946107104]
L001251 | [Dev Acc: 0.5564648117839607]
L001252 | 
L001253-L001268 | [REDACTED: batch progress and internal diagnostics]
L001269 | [Epoch 49] [Time: 2.129491090774536]
L001270 | [Train Loss: 0.4779]
L001271 | [Train F1: 0.8261117380811032]
L001272 | [Train Acc: 0.8265050971340643]
L001273 | [Dev Loss: 1.1222]
L001274 | [Dev F1: 0.5484602118286771]
L001275 | [Dev Acc: 0.5613747954173486]
L001276 | 
L001277-L001292 | [REDACTED: batch progress and internal diagnostics]
L001293 | [Epoch 50] [Time: 2.1643874645233154]
L001294 | [Train Loss: 0.4697]
L001295 | [Train F1: 0.8227157856889274]
L001296 | [Train Acc: 0.8230428928640123]
L001297 | [Dev Loss: 1.1519]
L001298 | [Dev F1: 0.5462392664866565]
L001299 | [Dev Acc: 0.5597381342062193]
L001300 | 
L001301-L001316 | [REDACTED: batch progress and internal diagnostics]
L001317 | [Epoch 51] [Time: 2.195382595062256]
L001318 | [Train Loss: 0.4589]
L001319 | [Train F1: 0.8329235862922756]
L001320 | [Train Acc: 0.833044816310829]
L001321 | [Dev Loss: 1.1373]
L001322 | [Dev F1: 0.5444876302930118]
L001323 | [Dev Acc: 0.5548281505728314]
L001324 | 
L001325-L001340 | [REDACTED: batch progress and internal diagnostics]
L001341 | [Epoch 52] [Time: 2.058110475540161]
L001342 | [Train Loss: 0.4484]
L001343 | [Train F1: 0.8354442876086514]
L001344 | [Train Acc: 0.8357376418542027]
L001345 | [Dev Loss: 1.1297]
L001346 | [Dev F1: 0.5501340618180216]
L001347 | [Dev Acc: 0.563011456628478]
L001348 | 
L001349-L001364 | [REDACTED: batch progress and internal diagnostics]
L001365 | [Epoch 53] [Time: 2.2243597507476807]
L001366 | [Train Loss: 0.447]
L001367 | [Train F1: 0.8338492781165545]
L001368 | [Train Acc: 0.8343912290825158]
L001369 | [Dev Loss: 1.136]
L001370 | [Dev F1: 0.5475788910249255]
L001371 | [Dev Acc: 0.5613747954173486]
L001372 | 
L001373-L001388 | [REDACTED: batch progress and internal diagnostics]
L001389 | [Epoch 54] [Time: 2.0978169441223145]
L001390 | [Train Loss: 0.4363]
L001391 | [Train F1: 0.8436705865323247]
L001392 | [Train Acc: 0.844200807847663]
L001393 | [Dev Loss: 1.1718]
L001394 | [Dev F1: 0.5400457728788404]
L001395 | [Dev Acc: 0.5548281505728314]
L001396 | 
L001397-L001412 | [REDACTED: batch progress and internal diagnostics]
L001413 | [Epoch 55] [Time: 2.133478879928589]
L001414 | [Train Loss: 0.422]
L001415 | [Train F1: 0.8495483001908329]
L001416 | [Train Acc: 0.8495864589344104]
L001417 | [Dev Loss: 1.1601]
L001418 | [Dev F1: 0.5465195881589544]
L001419 | [Dev Acc: 0.5548281505728314]
L001420 | 
L001421-L001436 | [REDACTED: batch progress and internal diagnostics]
L001437 | [Epoch 56] [Time: 1.5206894874572754]
L001438 | [Train Loss: 0.4182]
L001439 | [Train F1: 0.8444239473801866]
L001440 | [Train Acc: 0.8447778418926717]
L001441 | [Dev Loss: 1.165]
L001442 | [Dev F1: 0.5478837329917532]
L001443 | [Dev Acc: 0.55810147299509]
L001444 | 
L001445-L001460 | [REDACTED: batch progress and internal diagnostics]
L001461 | [Epoch 57] [Time: 1.5460927486419678]
L001462 | [Train Loss: 0.4206]
L001463 | [Train F1: 0.8489621683192741]
L001464 | [Train Acc: 0.8490094248894018]
L001465 | [Dev Loss: 1.1368]
L001466 | [Dev F1: 0.5676437809182465]
L001467 | [Dev Acc: 0.5777414075286416]
L001468 | 
L001469-L001484 | [REDACTED: batch progress and internal diagnostics]
L001485 | [Epoch 58] [Time: 1.4771394729614258]
L001486 | [Train Loss: 0.4087]
L001487 | [Train F1: 0.8506519482966303]
L001488 | [Train Acc: 0.8509328717060973]
L001489 | [Dev Loss: 1.1621]
L001490 | [Dev F1: 0.5534029997409591]
L001491 | [Dev Acc: 0.5662847790507365]
L001492 | 
L001493-L001508 | [REDACTED: batch progress and internal diagnostics]
L001509 | [Epoch 59] [Time: 1.5069777965545654]
L001510 | [Train Loss: 0.3992]
L001511 | [Train F1: 0.8601443112280979]
L001512 | [Train Acc: 0.8605501057895749]
L001513 | [Dev Loss: 1.2074]
L001514 | [Dev F1: 0.5422072787469827]
L001515 | [Dev Acc: 0.5531914893617021]
L001516 | 
L001517-L001532 | [REDACTED: batch progress and internal diagnostics]
L001533 | [Epoch 60] [Time: 1.4772160053253174]
L001534 | [Train Loss: 0.3978]
L001535 | [Train F1: 0.8561484381404729]
L001536 | [Train Acc: 0.8565108674745143]
L001537 | [Dev Loss: 1.1669]
L001538 | [Dev F1: 0.5482901367364085]
L001539 | [Dev Acc: 0.5646481178396072]
L001540 | 
L001541-L001556 | [REDACTED: batch progress and internal diagnostics]
L001557 | [Epoch 61] [Time: 1.5000977516174316]
L001558 | [Train Loss: 0.3881]
L001559 | [Train F1: 0.8624887933016758]
L001560 | [Train Acc: 0.86266589728794]
L001561 | [Dev Loss: 1.1698]
L001562 | [Dev F1: 0.5590727621237586]
L001563 | [Dev Acc: 0.5679214402618658]
L001564 | 
L001565-L001580 | [REDACTED: batch progress and internal diagnostics]
L001581 | [Epoch 62] [Time: 1.5359151363372803]
L001582 | [Train Loss: 0.3825]
L001583 | [Train F1: 0.864488519837473]
L001584 | [Train Acc: 0.864781688786305]
L001585 | [Dev Loss: 1.1447]
L001586 | [Dev F1: 0.5801685922776857]
L001587 | [Dev Acc: 0.5891980360065466]
L001588 | 
L001589-L001604 | [REDACTED: batch progress and internal diagnostics]
L001605 | [Epoch 63] [Time: 1.518183708190918]
L001606 | [Train Loss: 0.3837]
L001607 | [Train F1: 0.8601198207611823]
L001608 | [Train Acc: 0.8603577611079054]
L001609 | [Dev Loss: 1.1833]
L001610 | [Dev F1: 0.5549847525670878]
L001611 | [Dev Acc: 0.5613747954173486]
L001612 | 
L001613-L001628 | [REDACTED: batch progress and internal diagnostics]
L001629 | [Epoch 64] [Time: 1.5308804512023926]
L001630 | [Train Loss: 0.3728]
L001631 | [Train F1: 0.8636693012701355]
L001632 | [Train Acc: 0.8636276206962877]
L001633 | [Dev Loss: 1.2193]
L001634 | [Dev F1: 0.538775678736392]
L001635 | [Dev Acc: 0.5499181669394435]
L001636 | 
L001637-L001652 | [REDACTED: batch progress and internal diagnostics]
L001653 | [Epoch 65] [Time: 1.529189109802246]
L001654 | [Train Loss: 0.3721]
L001655 | [Train F1: 0.87127300878677]
L001656 | [Train Acc: 0.8715137526447394]
L001657 | [Dev Loss: 1.2022]
L001658 | [Dev F1: 0.548636623793089]
L001659 | [Dev Acc: 0.563011456628478]
L001660 | 
L001661-L001676 | [REDACTED: batch progress and internal diagnostics]
L001677 | [Epoch 66] [Time: 1.5008759498596191]
L001678 | [Train Loss: 0.3676]
L001679 | [Train F1: 0.8699777249564599]
L001680 | [Train Acc: 0.8701673398730525]
L001681 | [Dev Loss: 1.1862]
L001682 | [Dev F1: 0.5593939335648402]
L001683 | [Dev Acc: 0.5679214402618658]
L001684 | 
L001685-L001700 | [REDACTED: batch progress and internal diagnostics]
L001701 | [Epoch 67] [Time: 1.5453684329986572]
L001702 | [Train Loss: 0.3589]
L001703 | [Train F1: 0.872409429205613]
L001704 | [Train Acc: 0.8724754760530872]
L001705 | [Dev Loss: 1.24]
L001706 | [Dev F1: 0.5371633712297661]
L001707 | [Dev Acc: 0.546644844517185]
L001708 | 
L001709-L001724 | [REDACTED: batch progress and internal diagnostics]
L001725 | [Epoch 68] [Time: 1.4786756038665771]
L001726 | [Train Loss: 0.3499]
L001727 | [Train F1: 0.8798049855591539]
L001728 | [Train Acc: 0.8799769186381996]
L001729 | [Dev Loss: 1.2571]
L001730 | [Dev F1: 0.5533002818287247]
L001731 | [Dev Acc: 0.5646481178396072]
L001732 | 
L001733-L001748 | [REDACTED: batch progress and internal diagnostics]
L001749 | [Epoch 69] [Time: 1.4825196266174316]
L001750 | [Train Loss: 0.3455]
L001751 | [Train F1: 0.8807488739090281]
L001752 | [Train Acc: 0.8807462973648779]
L001753 | [Dev Loss: 1.2157]
L001754 | [Dev F1: 0.5566182840441911]
L001755 | [Dev Acc: 0.5646481178396072]
L001756 | 
L001757-L001772 | [REDACTED: batch progress and internal diagnostics]
L001773 | [Epoch 70] [Time: 1.4901819229125977]
L001774 | [Train Loss: 0.3443]
L001775 | [Train F1: 0.8823975843802502]
L001776 | [Train Acc: 0.8824773994999038]
L001777 | [Dev Loss: 1.267]
L001778 | [Dev F1: 0.5511530772047932]
L001779 | [Dev Acc: 0.5597381342062193]
L001780 | 
L001781-L001796 | [REDACTED: batch progress and internal diagnostics]
L001797 | [Epoch 71] [Time: 1.5138115882873535]
L001798 | [Train Loss: 0.3361]
L001799 | [Train F1: 0.8824522923862952]
L001800 | [Train Acc: 0.8826697441815734]
L001801 | [Dev Loss: 1.3054]
L001802 | [Dev F1: 0.5307736338449501]
L001803 | [Dev Acc: 0.5433715220949263]
L001804 | 
L001805-L001820 | [REDACTED: batch progress and internal diagnostics]
L001821 | [Epoch 72] [Time: 1.569977045059204]
L001822 | [Train Loss: 0.3347]
L001823 | [Train F1: 0.8843533089396971]
L001824 | [Train Acc: 0.8844008463165993]
L001825 | [Dev Loss: 1.22]
L001826 | [Dev F1: 0.5643005633789996]
L001827 | [Dev Acc: 0.5695581014729951]
L001828 | 
L001829-L001844 | [REDACTED: batch progress and internal diagnostics]
L001845 | [Epoch 73] [Time: 1.4884343147277832]
L001846 | [Train Loss: 0.3346]
L001847 | [Train F1: 0.8783963666851025]
L001848 | [Train Acc: 0.8784381611848432]
L001849 | [Dev Loss: 1.2599]
L001850 | [Dev F1: 0.5482543457667699]
L001851 | [Dev Acc: 0.5564648117839607]
L001852 | 
L001853-L001868 | [REDACTED: batch progress and internal diagnostics]
L001869 | [Epoch 74] [Time: 1.5063464641571045]
L001870 | [Train Loss: 0.3286]
L001871 | [Train F1: 0.8835109237442995]
L001872 | [Train Acc: 0.8838238122715907]
L001873 | [Dev Loss: 1.2805]
L001874 | [Dev F1: 0.5594040473427155]
L001875 | [Dev Acc: 0.5695581014729951]
L001876 | 
L001877-L001892 | [REDACTED: batch progress and internal diagnostics]
L001893 | [Epoch 75] [Time: 1.482316493988037]
L001894 | [Train Loss: 0.3187]
L001895 | [Train F1: 0.8921204427979742]
L001896 | [Train Acc: 0.8920946335833814]
L001897 | [Dev Loss: 1.2502]
L001898 | [Dev F1: 0.5606843924701788]
L001899 | [Dev Acc: 0.5711947626841244]
L001900 | 
L001901-L001916 | [REDACTED: batch progress and internal diagnostics]
L001917 | [Epoch 76] [Time: 1.4890227317810059]
L001918 | [Train Loss: 0.3227]
L001919 | [Train F1: 0.8854563258864584]
L001920 | [Train Acc: 0.8857472590882862]
L001921 | [Dev Loss: 1.3412]
L001922 | [Dev F1: 0.5354821098154487]
L001923 | [Dev Acc: 0.5499181669394435]
L001924 | 
L001925-L001940 | [REDACTED: batch progress and internal diagnostics]
L001941 | [Epoch 77] [Time: 1.5344090461730957]
L001942 | [Train Loss: 0.3102]
L001943 | [Train F1: 0.8940760227092386]
L001944 | [Train Acc: 0.8940180804000769]
L001945 | [Dev Loss: 1.2587]
L001946 | [Dev F1: 0.5589859975872955]
L001947 | [Dev Acc: 0.5679214402618658]
L001948 | 
L001949-L001964 | [REDACTED: batch progress and internal diagnostics]
L001965 | [Epoch 78] [Time: 1.5003504753112793]
L001966 | [Train Loss: 0.3137]
L001967 | [Train F1: 0.8877183164805365]
L001968 | [Train Acc: 0.8878630505866513]
L001969 | [Dev Loss: 1.3102]
L001970 | [Dev F1: 0.5568424647173966]
L001971 | [Dev Acc: 0.5662847790507365]
L001972 | 
L001973-L001988 | [REDACTED: batch progress and internal diagnostics]
L001989 | [Epoch 79] [Time: 1.4748101234436035]
L001990 | [Train Loss: 0.2959]
L001991 | [Train F1: 0.8988156467530605]
L001992 | [Train Acc: 0.8990190421234853]
L001993 | [Dev Loss: 1.2974]
L001994 | [Dev F1: 0.5534148999368095]
L001995 | [Dev Acc: 0.5613747954173486]
L001996 | 
L001997-L002012 | [REDACTED: batch progress and internal diagnostics]
L002013 | [Epoch 80] [Time: 1.5028958320617676]
L002014 | [Train Loss: 0.2913]
L002015 | [Train F1: 0.9002139380017143]
L002016 | [Train Acc: 0.9003654548951722]
L002017 | [Dev Loss: 1.3082]
L002018 | [Dev F1: 0.5586724438159714]
L002019 | [Dev Acc: 0.5613747954173486]
L002020 | 
L002021-L002036 | [REDACTED: batch progress and internal diagnostics]
L002037 | [Epoch 81] [Time: 1.4933602809906006]
L002038 | [Train Loss: 0.295]
L002039 | [Train F1: 0.900249198322597]
L002040 | [Train Acc: 0.9001731102135025]
L002041 | [Dev Loss: 1.3102]
L002042 | [Dev F1: 0.5581251771195074]
L002043 | [Dev Acc: 0.5662847790507365]
L002044 | 
L002045-L002060 | [REDACTED: batch progress and internal diagnostics]
L002061 | [Epoch 82] [Time: 1.5105135440826416]
L002062 | [Train Loss: 0.2834]
L002063 | [Train F1: 0.9055595431635367]
L002064 | [Train Acc: 0.9057511059819195]
L002065 | [Dev Loss: 1.2802]
L002066 | [Dev F1: 0.5696615145088317]
L002067 | [Dev Acc: 0.5761047463175123]
L002068 | 
L002069-L002084 | [REDACTED: batch progress and internal diagnostics]
L002085 | [Epoch 83] [Time: 1.5914771556854248]
L002086 | [Train Loss: 0.2733]
L002087 | [Train F1: 0.9072822593368253]
L002088 | [Train Acc: 0.9072898634352761]
L002089 | [Dev Loss: 1.3474]
L002090 | [Dev F1: 0.5586480369837551]
L002091 | [Dev Acc: 0.5679214402618658]
L002092 | 
L002093-L002108 | [REDACTED: batch progress and internal diagnostics]
L002109 | [Epoch 84] [Time: 1.567427635192871]
L002110 | [Train Loss: 0.2783]
L002111 | [Train F1: 0.9101023846820894]
L002112 | [Train Acc: 0.9101750336603193]
L002113 | [Dev Loss: 1.3762]
L002114 | [Dev F1: 0.561889552111052]
L002115 | [Dev Acc: 0.5711947626841244]
L002116 | 
L002117-L002132 | [REDACTED: batch progress and internal diagnostics]
L002133 | [Epoch 85] [Time: 1.4674372673034668]
L002134 | [Train Loss: 0.2786]
L002135 | [Train F1: 0.9041345529081594]
L002136 | [Train Acc: 0.9042123485285631]
L002137 | [Dev Loss: 1.3424]
L002138 | [Dev F1: 0.5595016162025147]
L002139 | [Dev Acc: 0.5646481178396072]
L002140 | 
L002141-L002156 | [REDACTED: batch progress and internal diagnostics]
L002157 | [Epoch 86] [Time: 1.483541488647461]
L002158 | [Train Loss: 0.2769]
L002159 | [Train F1: 0.9047858377716477]
L002160 | [Train Acc: 0.9047893825735719]
L002161 | [Dev Loss: 1.3712]
L002162 | [Dev F1: 0.5585488089529262]
L002163 | [Dev Acc: 0.5662847790507365]
L002164 | 
L002165-L002180 | [REDACTED: batch progress and internal diagnostics]
L002181 | [Epoch 87] [Time: 1.5386059284210205]
L002182 | [Train Loss: 0.2735]
L002183 | [Train F1: 0.906004192192388]
L002184 | [Train Acc: 0.9061357953452587]
L002185 | [Dev Loss: 1.3234]
L002186 | [Dev F1: 0.5686865186914603]
L002187 | [Dev Acc: 0.574468085106383]
L002188 | Early stopping at epoch: 87
L002189 | Last model
L002190 |               precision    recall  f1-score   support
L002191 | 
L002192 |          hap     0.4904    0.3542    0.4113       144
L002193 |          sad     0.8160    0.7061    0.7571       245
L002194 |          neu     0.5472    0.7396    0.6290       384
L002195 |          ang     0.5806    0.5294    0.5538       170
L002196 |          exc     0.7045    0.6856    0.6949       299
L002197 |          fru     0.6228    0.5591    0.5892       381
L002198 | 
L002199 |     accuracy                         0.6260      1623
L002200 |    macro avg     0.6269    0.5957    0.6059      1623
L002201 | weighted avg     0.6330    0.6260    0.6240      1623
L002202 | 
L002203 | Best model at epoch: 62
L002204 | Best dev F1: 0.5801685922776857
L002205 |               precision    recall  f1-score   support
L002206 | 
L002207 |          hap     0.5000    0.3819    0.4331       144
L002208 |          sad     0.7965    0.7347    0.7643       245
L002209 |          neu     0.5854    0.7318    0.6505       384
L002210 |          ang     0.6443    0.5647    0.6019       170
L002211 |          exc     0.7087    0.7324    0.7204       299
L002212 |          fru     0.6447    0.5906    0.6164       381
L002213 | 
L002214 |     accuracy                         0.6506      1623
L002215 |    macro avg     0.6466    0.6227    0.6311      1623
L002216 | weighted avg     0.6525    0.6506    0.6482      1623
L002217 | 
L002218 | Best test F1: 0.6481712373565761
L002219 | Best test Acc: 0.6506469500924215
L002220 | [SANITIZED] Saved checkpoint: [path and filename removed]
