# Redacted copy of an existing run log.
# run_id: G07-seed3
# dataset: IEMOCAP
# model: MMGCN+AMBER
# imr: (0.3,0.5,0.7)
# seed_alias: seed3
# original_log_sha256: c53481e8c867c0a46d9960494ccacc3278e552ded8ab13a9676939218cba9a59
# source_record_status: ok
# source_record_process_return_code: 3221226505
# L numbers refer to source logical lines; REDACTED/SANITIZED text is editorial.
L000001-L000065 | [REDACTED: configuration or implementation details]
L000066 | [SANITIZED] Seed alias: seed3
L000067 | 
L000068-L000069 | [REDACTED: batch progress and internal diagnostics]
L000070 | 
L000071-L000072 | [REDACTED: batch progress and internal diagnostics]
L000073 | 
L000074-L000075 | [REDACTED: batch progress and internal diagnostics]
L000076 | 
L000077-L000092 | [REDACTED: batch progress and internal diagnostics]
L000093 | [Epoch 0] [Time: 2.7551798820495605]
L000094 | [Train Loss: 1.8305]
L000095 | [Train F1: 0.19221229833283968]
L000096 | [Train Acc: 0.20938215102974828]
L000097 | [Dev Loss: 1.5912]
L000098 | [Dev F1: 0.3019094877845069]
L000099 | [Dev Acc: 0.31802120141342755]
L000100 | 
L000101-L000116 | [REDACTED: batch progress and internal diagnostics]
L000117 | [Epoch 1] [Time: 2.228743076324463]
L000118 | [Train Loss: 1.6707]
L000119 | [Train F1: 0.2754517087599054]
L000120 | [Train Acc: 0.2896643783371472]
L000121 | [Dev Loss: 1.501]
L000122 | [Dev F1: 0.3568441165736021]
L000123 | [Dev Acc: 0.4081272084805654]
L000124 | 
L000125-L000140 | [REDACTED: batch progress and internal diagnostics]
L000141 | [Epoch 2] [Time: 2.177790641784668]
L000142 | [Train Loss: 1.5965]
L000143 | [Train F1: 0.31123709187931]
L000144 | [Train Acc: 0.3310450038138825]
L000145 | [Dev Loss: 1.4482]
L000146 | [Dev F1: 0.3847187965380073]
L000147 | [Dev Acc: 0.4275618374558304]
L000148 | 
L000149-L000164 | [REDACTED: batch progress and internal diagnostics]
L000165 | [Epoch 3] [Time: 2.117150068283081]
L000166 | [Train Loss: 1.5345]
L000167 | [Train F1: 0.34713277869322556]
L000168 | [Train Acc: 0.36250953470633107]
L000169 | [Dev Loss: 1.4106]
L000170 | [Dev F1: 0.4224287729567614]
L000171 | [Dev Acc: 0.44876325088339225]
L000172 | 
L000173-L000188 | [REDACTED: batch progress and internal diagnostics]
L000189 | [Epoch 4] [Time: 2.1832942962646484]
L000190 | [Train Loss: 1.4674]
L000191 | [Train F1: 0.389192261087154]
L000192 | [Train Acc: 0.39969488939740655]
L000193 | [Dev Loss: 1.3588]
L000194 | [Dev F1: 0.44151609680352516]
L000195 | [Dev Acc: 0.45936395759717313]
L000196 | 
L000197-L000212 | [REDACTED: batch progress and internal diagnostics]
L000213 | [Epoch 5] [Time: 2.126532793045044]
L000214 | [Train Loss: 1.3977]
L000215 | [Train F1: 0.4226762272950584]
L000216 | [Train Acc: 0.43135011441647597]
L000217 | [Dev Loss: 1.2965]
L000218 | [Dev F1: 0.4571510794866373]
L000219 | [Dev Acc: 0.4787985865724382]
L000220 | 
L000221-L000236 | [REDACTED: batch progress and internal diagnostics]
L000237 | [Epoch 6] [Time: 2.3314249515533447]
L000238 | [Train Loss: 1.3322]
L000239 | [Train F1: 0.4471991874001891]
L000240 | [Train Acc: 0.45423340961098396]
L000241 | [Dev Loss: 1.248]
L000242 | [Dev F1: 0.48714237094799234]
L000243 | [Dev Acc: 0.508833922261484]
L000244 | 
L000245-L000260 | [REDACTED: batch progress and internal diagnostics]
L000261 | [Epoch 7] [Time: 2.236201524734497]
L000262 | [Train Loss: 1.2834]
L000263 | [Train F1: 0.4782870380267278]
L000264 | [Train Acc: 0.484744469870328]
L000265 | [Dev Loss: 1.2111]
L000266 | [Dev F1: 0.48866974609420927]
L000267 | [Dev Acc: 0.5070671378091873]
L000268 | 
L000269-L000284 | [REDACTED: batch progress and internal diagnostics]
L000285 | [Epoch 8] [Time: 2.106806755065918]
L000286 | [Train Loss: 1.2373]
L000287 | [Train F1: 0.48338372285490977]
L000288 | [Train Acc: 0.4897025171624714]
L000289 | [Dev Loss: 1.1797]
L000290 | [Dev F1: 0.5074380492947101]
L000291 | [Dev Acc: 0.5247349823321554]
L000292 | 
L000293-L000308 | [REDACTED: batch progress and internal diagnostics]
L000309 | [Epoch 9] [Time: 1.4347114562988281]
L000310 | [Train Loss: 1.1812]
L000311 | [Train F1: 0.5170307940138226]
L000312 | [Train Acc: 0.5261250953470633]
L000313 | [Dev Loss: 1.1487]
L000314 | [Dev F1: 0.5213458207249019]
L000315 | [Dev Acc: 0.5441696113074205]
L000316 | 
L000317-L000332 | [REDACTED: batch progress and internal diagnostics]
L000333 | [Epoch 10] [Time: 1.5115747451782227]
L000334 | [Train Loss: 1.1495]
L000335 | [Train F1: 0.53284830435415]
L000336 | [Train Acc: 0.5396643783371472]
L000337 | [Dev Loss: 1.1304]
L000338 | [Dev F1: 0.5226438389744585]
L000339 | [Dev Acc: 0.5424028268551236]
L000340 | 
L000341-L000356 | [REDACTED: batch progress and internal diagnostics]
L000357 | [Epoch 11] [Time: 1.3840279579162598]
L000358 | [Train Loss: 1.1086]
L000359 | [Train F1: 0.5479362779232178]
L000360 | [Train Acc: 0.5526315789473685]
L000361 | [Dev Loss: 1.111]
L000362 | [Dev F1: 0.5214883276634211]
L000363 | [Dev Acc: 0.5406360424028268]
L000364 | 
L000365-L000380 | [REDACTED: batch progress and internal diagnostics]
L000381 | [Epoch 12] [Time: 1.4469516277313232]
L000382 | [Train Loss: 1.0835]
L000383 | [Train F1: 0.5629269935689423]
L000384 | [Train Acc: 0.5690312738367659]
L000385 | [Dev Loss: 1.0998]
L000386 | [Dev F1: 0.5387660257566113]
L000387 | [Dev Acc: 0.5547703180212014]
L000388 | 
L000389-L000404 | [REDACTED: batch progress and internal diagnostics]
L000405 | [Epoch 13] [Time: 1.3998289108276367]
L000406 | [Train Loss: 1.0369]
L000407 | [Train F1: 0.5793459892387863]
L000408 | [Train Acc: 0.583905415713196]
L000409 | [Dev Loss: 1.0722]
L000410 | [Dev F1: 0.5646001459462217]
L000411 | [Dev Acc: 0.5777385159010601]
L000412 | 
L000413-L000428 | [REDACTED: batch progress and internal diagnostics]
L000429 | [Epoch 14] [Time: 1.3907370567321777]
L000430 | [Train Loss: 1.021]
L000431 | [Train F1: 0.5882024300018609]
L000432 | [Train Acc: 0.5936308161708619]
L000433 | [Dev Loss: 1.0569]
L000434 | [Dev F1: 0.5669917075483397]
L000435 | [Dev Acc: 0.5812720848056537]
L000436 | 
L000437-L000452 | [REDACTED: batch progress and internal diagnostics]
L000453 | [Epoch 15] [Time: 1.4709224700927734]
L000454 | [Train Loss: 0.9912]
L000455 | [Train F1: 0.6075848711023344]
L000456 | [Train Acc: 0.610602593440122]
L000457 | [Dev Loss: 1.0451]
L000458 | [Dev F1: 0.5775387347997125]
L000459 | [Dev Acc: 0.5865724381625441]
L000460 | 
L000461-L000476 | [REDACTED: batch progress and internal diagnostics]
L000477 | [Epoch 16] [Time: 1.357849359512329]
L000478 | [Train Loss: 0.9599]
L000479 | [Train F1: 0.5986606524294655]
L000480 | [Train Acc: 0.6035469107551488]
L000481 | [Dev Loss: 1.0326]
L000482 | [Dev F1: 0.5629977898014076]
L000483 | [Dev Acc: 0.5759717314487632]
L000484 | 
L000485-L000500 | [REDACTED: batch progress and internal diagnostics]
L000501 | [Epoch 17] [Time: 1.3750643730163574]
L000502 | [Train Loss: 0.9358]
L000503 | [Train F1: 0.6267839922193205]
L000504 | [Train Acc: 0.6308161708619374]
L000505 | [Dev Loss: 1.0197]
L000506 | [Dev F1: 0.5773861601710519]
L000507 | [Dev Acc: 0.5830388692579506]
L000508 | 
L000509-L000524 | [REDACTED: batch progress and internal diagnostics]
L000525 | [Epoch 18] [Time: 1.3795733451843262]
L000526 | [Train Loss: 0.9088]
L000527 | [Train F1: 0.6384153316169485]
L000528 | [Train Acc: 0.6416857360793288]
L000529 | [Dev Loss: 1.0114]
L000530 | [Dev F1: 0.5654230233279844]
L000531 | [Dev Acc: 0.5724381625441696]
L000532 | 
L000533-L000548 | [REDACTED: batch progress and internal diagnostics]
L000549 | [Epoch 19] [Time: 1.3815979957580566]
L000550 | [Train Loss: 0.8819]
L000551 | [Train F1: 0.6458639802025581]
L000552 | [Train Acc: 0.6510297482837528]
L000553 | [Dev Loss: 0.9999]
L000554 | [Dev F1: 0.5705031168487357]
L000555 | [Dev Acc: 0.5759717314487632]
L000556 | 
L000557-L000572 | [REDACTED: batch progress and internal diagnostics]
L000573 | [Epoch 20] [Time: 1.3510501384735107]
L000574 | [Train Loss: 0.8536]
L000575 | [Train F1: 0.6598909813469005]
L000576 | [Train Acc: 0.6643783371472158]
L000577 | [Dev Loss: 0.9802]
L000578 | [Dev F1: 0.5787731714260163]
L000579 | [Dev Acc: 0.5848056537102474]
L000580 | 
L000581-L000596 | [REDACTED: batch progress and internal diagnostics]
L000597 | [Epoch 21] [Time: 1.3828303813934326]
L000598 | [Train Loss: 0.8252]
L000599 | [Train F1: 0.6732016902037493]
L000600 | [Train Acc: 0.6771548436308161]
L000601 | [Dev Loss: 0.9675]
L000602 | [Dev F1: 0.5690304242919985]
L000603 | [Dev Acc: 0.5742049469964664]
L000604 | 
L000605-L000620 | [REDACTED: batch progress and internal diagnostics]
L000621 | [Epoch 22] [Time: 1.3622243404388428]
L000622 | [Train Loss: 0.7994]
L000623 | [Train F1: 0.6805482720460506]
L000624 | [Train Acc: 0.683066361556064]
L000625 | [Dev Loss: 0.9577]
L000626 | [Dev F1: 0.5904574955924115]
L000627 | [Dev Acc: 0.5936395759717314]
L000628 | 
L000629-L000644 | [REDACTED: batch progress and internal diagnostics]
L000645 | [Epoch 23] [Time: 2.085437774658203]
L000646 | [Train Loss: 0.7844]
L000647 | [Train F1: 0.6844882914523125]
L000648 | [Train Acc: 0.6876430205949656]
L000649 | [Dev Loss: 0.949]
L000650 | [Dev F1: 0.5857563625866026]
L000651 | [Dev Acc: 0.5901060070671378]
L000652 | 
L000653-L000668 | [REDACTED: batch progress and internal diagnostics]
L000669 | [Epoch 24] [Time: 2.149268388748169]
L000670 | [Train Loss: 0.7541]
L000671 | [Train F1: 0.7022175687935446]
L000672 | [Train Acc: 0.7053775743707094]
L000673 | [Dev Loss: 0.9405]
L000674 | [Dev F1: 0.6076899534754704]
L000675 | [Dev Acc: 0.6095406360424028]
L000676 | 
L000677-L000692 | [REDACTED: batch progress and internal diagnostics]
L000693 | [Epoch 25] [Time: 2.1792118549346924]
L000694 | [Train Loss: 0.738]
L000695 | [Train F1: 0.7060801983075145]
L000696 | [Train Acc: 0.7086193745232647]
L000697 | [Dev Loss: 0.9448]
L000698 | [Dev F1: 0.5981056390230306]
L000699 | [Dev Acc: 0.6007067137809188]
L000700 | 
L000701-L000716 | [REDACTED: batch progress and internal diagnostics]
L000717 | [Epoch 26] [Time: 2.10925030708313]
L000718 | [Train Loss: 0.7279]
L000719 | [Train F1: 0.717311125378483]
L000720 | [Train Acc: 0.7189168573607932]
L000721 | [Dev Loss: 0.9312]
L000722 | [Dev F1: 0.6232310377549701]
L000723 | [Dev Acc: 0.6254416961130742]
L000724 | 
L000725-L000740 | [REDACTED: batch progress and internal diagnostics]
L000741 | [Epoch 27] [Time: 2.0460586547851562]
L000742 | [Train Loss: 0.7128]
L000743 | [Train F1: 0.7134975001770846]
L000744 | [Train Acc: 0.7160564454614798]
L000745 | [Dev Loss: 0.9283]
L000746 | [Dev F1: 0.6129722655169263]
L000747 | [Dev Acc: 0.6148409893992933]
L000748 | 
L000749-L000764 | [REDACTED: batch progress and internal diagnostics]
L000765 | [Epoch 28] [Time: 2.155441999435425]
L000766 | [Train Loss: 0.6899]
L000767 | [Train F1: 0.737729909573574]
L000768 | [Train Acc: 0.7389397406559878]
L000769 | [Dev Loss: 0.9329]
L000770 | [Dev F1: 0.6086240477444167]
L000771 | [Dev Acc: 0.6095406360424028]
L000772 | 
L000773-L000788 | [REDACTED: batch progress and internal diagnostics]
L000789 | [Epoch 29] [Time: 2.1474552154541016]
L000790 | [Train Loss: 0.674]
L000791 | [Train F1: 0.7387808194152656]
L000792 | [Train Acc: 0.7398932112890922]
L000793 | [Dev Loss: 0.9302]
L000794 | [Dev F1: 0.6103230476373973]
L000795 | [Dev Acc: 0.6130742049469965]
L000796 | 
L000797-L000812 | [REDACTED: batch progress and internal diagnostics]
L000813 | [Epoch 30] [Time: 2.0839059352874756]
L000814 | [Train Loss: 0.6586]
L000815 | [Train F1: 0.7411206890207966]
L000816 | [Train Acc: 0.7433257055682685]
L000817 | [Dev Loss: 0.9372]
L000818 | [Dev F1: 0.6069237890364868]
L000819 | [Dev Acc: 0.607773851590106]
L000820 | 
L000821-L000836 | [REDACTED: batch progress and internal diagnostics]
L000837 | [Epoch 31] [Time: 2.2206766605377197]
L000838 | [Train Loss: 0.6425]
L000839 | [Train F1: 0.7531098609935972]
L000840 | [Train Acc: 0.7543859649122807]
L000841 | [Dev Loss: 0.936]
L000842 | [Dev F1: 0.608029490588095]
L000843 | [Dev Acc: 0.6095406360424028]
L000844 | 
L000845-L000860 | [REDACTED: batch progress and internal diagnostics]
L000861 | [Epoch 32] [Time: 2.08072566986084]
L000862 | [Train Loss: 0.6315]
L000863 | [Train F1: 0.757690784866945]
L000864 | [Train Acc: 0.7589626239511823]
L000865 | [Dev Loss: 0.9436]
L000866 | [Dev F1: 0.6113287221178341]
L000867 | [Dev Acc: 0.6148409893992933]
L000868 | 
L000869-L000884 | [REDACTED: batch progress and internal diagnostics]
L000885 | [Epoch 33] [Time: 2.1943752765655518]
L000886 | [Train Loss: 0.6209]
L000887 | [Train F1: 0.7597993002993438]
L000888 | [Train Acc: 0.7606788710907704]
L000889 | [Dev Loss: 0.9541]
L000890 | [Dev F1: 0.6076264839924593]
L000891 | [Dev Acc: 0.6095406360424028]
L000892 | 
L000893-L000908 | [REDACTED: batch progress and internal diagnostics]
L000909 | [Epoch 34] [Time: 2.186380624771118]
L000910 | [Train Loss: 0.6044]
L000911 | [Train F1: 0.7697880989501853]
L000912 | [Train Acc: 0.7705949656750573]
L000913 | [Dev Loss: 0.9431]
L000914 | [Dev F1: 0.6199503160730033]
L000915 | [Dev Acc: 0.6219081272084805]
L000916 | 
L000917-L000932 | [REDACTED: batch progress and internal diagnostics]
L000933 | [Epoch 35] [Time: 2.226278781890869]
L000934 | [Train Loss: 0.5961]
L000935 | [Train F1: 0.770046712110231]
L000936 | [Train Acc: 0.7715484363081617]
L000937 | [Dev Loss: 0.965]
L000938 | [Dev F1: 0.6154053911288095]
L000939 | [Dev Acc: 0.6166077738515902]
L000940 | 
L000941-L000956 | [REDACTED: batch progress and internal diagnostics]
L000957 | [Epoch 36] [Time: 2.0792500972747803]
L000958 | [Train Loss: 0.582]
L000959 | [Train F1: 0.7787862184121705]
L000960 | [Train Acc: 0.7789855072463768]
L000961 | [Dev Loss: 0.9594]
L000962 | [Dev F1: 0.6165239074740103]
L000963 | [Dev Acc: 0.6183745583038869]
L000964 | 
L000965-L000980 | [REDACTED: batch progress and internal diagnostics]
L000981 | [Epoch 37] [Time: 1.9124605655670166]
L000982 | [Train Loss: 0.5731]
L000983 | [Train F1: 0.7773604407003344]
L000984 | [Train Acc: 0.7784134248665141]
L000985 | [Dev Loss: 0.9423]
L000986 | [Dev F1: 0.6235170306779283]
L000987 | [Dev Acc: 0.627208480565371]
L000988 | 
L000989-L001004 | [REDACTED: batch progress and internal diagnostics]
L001005 | [Epoch 38] [Time: 2.1942663192749023]
L001006 | [Train Loss: 0.5598]
L001007 | [Train F1: 0.7905899754256719]
L001008 | [Train Acc: 0.7909992372234935]
L001009 | [Dev Loss: 0.9646]
L001010 | [Dev F1: 0.6233138736227896]
L001011 | [Dev Acc: 0.6236749116607774]
L001012 | 
L001013-L001028 | [REDACTED: batch progress and internal diagnostics]
L001029 | [Epoch 39] [Time: 2.252666711807251]
L001030 | [Train Loss: 0.5608]
L001031 | [Train F1: 0.7925330115610747]
L001032 | [Train Acc: 0.7932875667429443]
L001033 | [Dev Loss: 0.9544]
L001034 | [Dev F1: 0.6308048229938149]
L001035 | [Dev Acc: 0.6342756183745583]
L001036 | 
L001037-L001052 | [REDACTED: batch progress and internal diagnostics]
L001053 | [Epoch 40] [Time: 2.1254587173461914]
L001054 | [Train Loss: 0.5468]
L001055 | [Train F1: 0.7931712768691407]
L001056 | [Train Acc: 0.7936689549961862]
L001057 | [Dev Loss: 0.9626]
L001058 | [Dev F1: 0.6250225937329693]
L001059 | [Dev Acc: 0.627208480565371]
L001060 | 
L001061-L001076 | [REDACTED: batch progress and internal diagnostics]
L001077 | [Epoch 41] [Time: 2.1620118618011475]
L001078 | [Train Loss: 0.5305]
L001079 | [Train F1: 0.7932941441590925]
L001080 | [Train Acc: 0.7942410373760488]
L001081 | [Dev Loss: 0.9755]
L001082 | [Dev F1: 0.627180513423164]
L001083 | [Dev Acc: 0.6289752650176679]
L001084 | 
L001085-L001100 | [REDACTED: batch progress and internal diagnostics]
L001101 | [Epoch 42] [Time: 2.2467522621154785]
L001102 | [Train Loss: 0.5287]
L001103 | [Train F1: 0.8001332835065148]
L001104 | [Train Acc: 0.8011060259344012]
L001105 | [Dev Loss: 0.9673]
L001106 | [Dev F1: 0.6253989017890963]
L001107 | [Dev Acc: 0.627208480565371]
L001108 | 
L001109-L001124 | [REDACTED: batch progress and internal diagnostics]
L001125 | [Epoch 43] [Time: 2.2666196823120117]
L001126 | [Train Loss: 0.5173]
L001127 | [Train F1: 0.8056958774518689]
L001128 | [Train Acc: 0.8062547673531655]
L001129 | [Dev Loss: 0.9733]
L001130 | [Dev F1: 0.6358548857993377]
L001131 | [Dev Acc: 0.6395759717314488]
L001132 | 
L001133-L001148 | [REDACTED: batch progress and internal diagnostics]
L001149 | [Epoch 44] [Time: 2.251446008682251]
L001150 | [Train Loss: 0.5]
L001151 | [Train F1: 0.8123654776783826]
L001152 | [Train Acc: 0.8125476735316552]
L001153 | [Dev Loss: 1.0093]
L001154 | [Dev F1: 0.6085554515154469]
L001155 | [Dev Acc: 0.6095406360424028]
L001156 | 
L001157-L001172 | [REDACTED: batch progress and internal diagnostics]
L001173 | [Epoch 45] [Time: 2.1043832302093506]
L001174 | [Train Loss: 0.5003]
L001175 | [Train F1: 0.8041759962062244]
L001176 | [Train Acc: 0.8049199084668193]
L001177 | [Dev Loss: 1.0088]
L001178 | [Dev F1: 0.6283268894873903]
L001179 | [Dev Acc: 0.6307420494699647]
L001180 | 
L001181-L001196 | [REDACTED: batch progress and internal diagnostics]
L001197 | [Epoch 46] [Time: 2.303966522216797]
L001198 | [Train Loss: 0.4856]
L001199 | [Train F1: 0.8209952886853317]
L001200 | [Train Acc: 0.8215102974828375]
L001201 | [Dev Loss: 0.9858]
L001202 | [Dev F1: 0.6313093956021244]
L001203 | [Dev Acc: 0.6325088339222615]
L001204 | 
L001205-L001220 | [REDACTED: batch progress and internal diagnostics]
L001221 | [Epoch 47] [Time: 2.2262771129608154]
L001222 | [Train Loss: 0.4781]
L001223 | [Train F1: 0.8262828035259722]
L001224 | [Train Acc: 0.8264683447749809]
L001225 | [Dev Loss: 0.999]
L001226 | [Dev F1: 0.6266732976621259]
L001227 | [Dev Acc: 0.627208480565371]
L001228 | 
L001229-L001244 | [REDACTED: batch progress and internal diagnostics]
L001245 | [Epoch 48] [Time: 2.204249382019043]
L001246 | [Train Loss: 0.4698]
L001247 | [Train F1: 0.8251833183124718]
L001248 | [Train Acc: 0.8255148741418764]
L001249 | [Dev Loss: 1.0107]
L001250 | [Dev F1: 0.6344225895215472]
L001251 | [Dev Acc: 0.6360424028268551]
L001252 | 
L001253-L001268 | [REDACTED: batch progress and internal diagnostics]
L001269 | [Epoch 49] [Time: 2.1717123985290527]
L001270 | [Train Loss: 0.4476]
L001271 | [Train F1: 0.8379741564839169]
L001272 | [Train Acc: 0.8384820747520977]
L001273 | [Dev Loss: 1.0182]
L001274 | [Dev F1: 0.6359863648888793]
L001275 | [Dev Acc: 0.6378091872791519]
L001276 | 
L001277-L001292 | [REDACTED: batch progress and internal diagnostics]
L001293 | [Epoch 50] [Time: 2.1133224964141846]
L001294 | [Train Loss: 0.4515]
L001295 | [Train F1: 0.8321990114662877]
L001296 | [Train Acc: 0.8325705568268498]
L001297 | [Dev Loss: 1.0197]
L001298 | [Dev F1: 0.628979704991137]
L001299 | [Dev Acc: 0.6307420494699647]
L001300 | 
L001301-L001316 | [REDACTED: batch progress and internal diagnostics]
L001317 | [Epoch 51] [Time: 2.2175886631011963]
L001318 | [Train Loss: 0.4494]
L001319 | [Train F1: 0.8340668119156635]
L001320 | [Train Acc: 0.8346681922196796]
L001321 | [Dev Loss: 1.0302]
L001322 | [Dev F1: 0.6391360195189499]
L001323 | [Dev Acc: 0.6413427561837456]
L001324 | 
L001325-L001340 | [REDACTED: batch progress and internal diagnostics]
L001341 | [Epoch 52] [Time: 2.239712953567505]
L001342 | [Train Loss: 0.4249]
L001343 | [Train F1: 0.8486560465689652]
L001344 | [Train Acc: 0.8487795575896262]
L001345 | [Dev Loss: 1.0293]
L001346 | [Dev F1: 0.6315857280656625]
L001347 | [Dev Acc: 0.6325088339222615]
L001348 | 
L001349-L001364 | [REDACTED: batch progress and internal diagnostics]
L001365 | [Epoch 53] [Time: 2.3614742755889893]
L001366 | [Train Loss: 0.4224]
L001367 | [Train F1: 0.8486346487152203]
L001368 | [Train Acc: 0.8489702517162472]
L001369 | [Dev Loss: 1.0476]
L001370 | [Dev F1: 0.6326229270256708]
L001371 | [Dev Acc: 0.6342756183745583]
L001372 | 
L001373-L001388 | [REDACTED: batch progress and internal diagnostics]
L001389 | [Epoch 54] [Time: 2.193686008453369]
L001390 | [Train Loss: 0.4224]
L001391 | [Train F1: 0.8425244109991786]
L001392 | [Train Acc: 0.8426773455377574]
L001393 | [Dev Loss: 1.0314]
L001394 | [Dev F1: 0.6357925221005564]
L001395 | [Dev Acc: 0.6395759717314488]
L001396 | 
L001397-L001412 | [REDACTED: batch progress and internal diagnostics]
L001413 | [Epoch 55] [Time: 2.1216530799865723]
L001414 | [Train Loss: 0.4135]
L001415 | [Train F1: 0.8496615744306322]
L001416 | [Train Acc: 0.8499237223493517]
L001417 | [Dev Loss: 1.0441]
L001418 | [Dev F1: 0.626707590978095]
L001419 | [Dev Acc: 0.627208480565371]
L001420 | 
L001421-L001436 | [REDACTED: batch progress and internal diagnostics]
L001437 | [Epoch 56] [Time: 2.350642204284668]
L001438 | [Train Loss: 0.4067]
L001439 | [Train F1: 0.849640886371787]
L001440 | [Train Acc: 0.8501144164759725]
L001441 | [Dev Loss: 1.0494]
L001442 | [Dev F1: 0.6349351343097394]
L001443 | [Dev Acc: 0.6360424028268551]
L001444 | 
L001445-L001460 | [REDACTED: batch progress and internal diagnostics]
L001461 | [Epoch 57] [Time: 2.0873196125030518]
L001462 | [Train Loss: 0.3935]
L001463 | [Train F1: 0.8594774002780847]
L001464 | [Train Acc: 0.8594584286803967]
L001465 | [Dev Loss: 1.0513]
L001466 | [Dev F1: 0.6418956543872093]
L001467 | [Dev Acc: 0.6448763250883393]
L001468 | 
L001469-L001484 | [REDACTED: batch progress and internal diagnostics]
L001485 | [Epoch 58] [Time: 2.136746406555176]
L001486 | [Train Loss: 0.3903]
L001487 | [Train F1: 0.8638298149163128]
L001488 | [Train Acc: 0.8638443935926774]
L001489 | [Dev Loss: 1.0828]
L001490 | [Dev F1: 0.6340642338042202]
L001491 | [Dev Acc: 0.6342756183745583]
L001492 | 
L001493-L001508 | [REDACTED: batch progress and internal diagnostics]
L001509 | [Epoch 59] [Time: 2.106837034225464]
L001510 | [Train Loss: 0.3774]
L001511 | [Train F1: 0.8653506645585132]
L001512 | [Train Acc: 0.8655606407322655]
L001513 | [Dev Loss: 1.0841]
L001514 | [Dev F1: 0.6437919919850563]
L001515 | [Dev Acc: 0.6448763250883393]
L001516 | 
L001517-L001532 | [REDACTED: batch progress and internal diagnostics]
L001533 | [Epoch 60] [Time: 2.1509366035461426]
L001534 | [Train Loss: 0.3707]
L001535 | [Train F1: 0.867499801787234]
L001536 | [Train Acc: 0.8676582761250954]
L001537 | [Dev Loss: 1.1018]
L001538 | [Dev F1: 0.6322011735769354]
L001539 | [Dev Acc: 0.6342756183745583]
L001540 | 
L001541-L001556 | [REDACTED: batch progress and internal diagnostics]
L001557 | [Epoch 61] [Time: 2.1058712005615234]
L001558 | [Train Loss: 0.3706]
L001559 | [Train F1: 0.8658474425233295]
L001560 | [Train Acc: 0.8659420289855072]
L001561 | [Dev Loss: 1.1155]
L001562 | [Dev F1: 0.6426891863526781]
L001563 | [Dev Acc: 0.6448763250883393]
L001564 | 
L001565-L001580 | [REDACTED: batch progress and internal diagnostics]
L001581 | [Epoch 62] [Time: 2.118638038635254]
L001582 | [Train Loss: 0.3629]
L001583 | [Train F1: 0.8707751338951163]
L001584 | [Train Acc: 0.8710907704042715]
L001585 | [Dev Loss: 1.1116]
L001586 | [Dev F1: 0.6333299581887558]
L001587 | [Dev Acc: 0.6360424028268551]
L001588 | 
L001589-L001604 | [REDACTED: batch progress and internal diagnostics]
L001605 | [Epoch 63] [Time: 2.276995897293091]
L001606 | [Train Loss: 0.3545]
L001607 | [Train F1: 0.8724445798299207]
L001608 | [Train Acc: 0.8724256292906178]
L001609 | [Dev Loss: 1.1022]
L001610 | [Dev F1: 0.635476880325334]
L001611 | [Dev Acc: 0.6378091872791519]
L001612 | 
L001613-L001628 | [REDACTED: batch progress and internal diagnostics]
L001629 | [Epoch 64] [Time: 2.1037521362304688]
L001630 | [Train Loss: 0.3481]
L001631 | [Train F1: 0.8811219694872591]
L001632 | [Train Acc: 0.8811975591151793]
L001633 | [Dev Loss: 1.1219]
L001634 | [Dev F1: 0.6305499161085923]
L001635 | [Dev Acc: 0.6325088339222615]
L001636 | 
L001637-L001652 | [REDACTED: batch progress and internal diagnostics]
L001653 | [Epoch 65] [Time: 2.1849350929260254]
L001654 | [Train Loss: 0.3501]
L001655 | [Train F1: 0.8754215813412856]
L001656 | [Train Acc: 0.8752860411899314]
L001657 | [Dev Loss: 1.1492]
L001658 | [Dev F1: 0.6149927963870153]
L001659 | [Dev Acc: 0.6148409893992933]
L001660 | 
L001661-L001676 | [REDACTED: batch progress and internal diagnostics]
L001677 | [Epoch 66] [Time: 2.195833683013916]
L001678 | [Train Loss: 0.3472]
L001679 | [Train F1: 0.8774022916147036]
L001680 | [Train Acc: 0.8775743707093822]
L001681 | [Dev Loss: 1.1584]
L001682 | [Dev F1: 0.6235716807462434]
L001683 | [Dev Acc: 0.6254416961130742]
L001684 | 
L001685-L001700 | [REDACTED: batch progress and internal diagnostics]
L001701 | [Epoch 67] [Time: 2.2260336875915527]
L001702 | [Train Loss: 0.3308]
L001703 | [Train F1: 0.8850902471330705]
L001704 | [Train Acc: 0.8852021357742181]
L001705 | [Dev Loss: 1.1573]
L001706 | [Dev F1: 0.621352252466733]
L001707 | [Dev Acc: 0.6236749116607774]
L001708 | 
L001709-L001724 | [REDACTED: batch progress and internal diagnostics]
L001725 | [Epoch 68] [Time: 2.142883777618408]
L001726 | [Train Loss: 0.3306]
L001727 | [Train F1: 0.8855891417048631]
L001728 | [Train Acc: 0.88558352402746]
L001729 | [Dev Loss: 1.1905]
L001730 | [Dev F1: 0.6204679161002956]
L001731 | [Dev Acc: 0.6219081272084805]
L001732 | 
L001733-L001748 | [REDACTED: batch progress and internal diagnostics]
L001749 | [Epoch 69] [Time: 2.1178927421569824]
L001750 | [Train Loss: 0.3235]
L001751 | [Train F1: 0.8884150574051463]
L001752 | [Train Acc: 0.8884439359267735]
L001753 | [Dev Loss: 1.1537]
L001754 | [Dev F1: 0.6161414826152225]
L001755 | [Dev Acc: 0.6183745583038869]
L001756 | 
L001757-L001772 | [REDACTED: batch progress and internal diagnostics]
L001773 | [Epoch 70] [Time: 2.206789016723633]
L001774 | [Train Loss: 0.3209]
L001775 | [Train F1: 0.8869521700371645]
L001776 | [Train Acc: 0.8871090770404272]
L001777 | [Dev Loss: 1.1735]
L001778 | [Dev F1: 0.6250407832430785]
L001779 | [Dev Acc: 0.627208480565371]
L001780 | 
L001781-L001796 | [REDACTED: batch progress and internal diagnostics]
L001797 | [Epoch 71] [Time: 2.1939666271209717]
L001798 | [Train Loss: 0.3186]
L001799 | [Train F1: 0.8876750215818877]
L001800 | [Train Acc: 0.8876811594202898]
L001801 | [Dev Loss: 1.1826]
L001802 | [Dev F1: 0.6309613566964914]
L001803 | [Dev Acc: 0.6325088339222615]
L001804 | 
L001805-L001820 | [REDACTED: batch progress and internal diagnostics]
L001821 | [Epoch 72] [Time: 2.1372947692871094]
L001822 | [Train Loss: 0.309]
L001823 | [Train F1: 0.8889193805411186]
L001824 | [Train Acc: 0.8890160183066361]
L001825 | [Dev Loss: 1.2089]
L001826 | [Dev F1: 0.6329743538891298]
L001827 | [Dev Acc: 0.6360424028268551]
L001828 | 
L001829-L001844 | [REDACTED: batch progress and internal diagnostics]
L001845 | [Epoch 73] [Time: 2.2510130405426025]
L001846 | [Train Loss: 0.3089]
L001847 | [Train F1: 0.8954543255296097]
L001848 | [Train Acc: 0.8956903127383676]
L001849 | [Dev Loss: 1.2001]
L001850 | [Dev F1: 0.6289128748230272]
L001851 | [Dev Acc: 0.6307420494699647]
L001852 | 
L001853-L001868 | [REDACTED: batch progress and internal diagnostics]
L001869 | [Epoch 74] [Time: 2.091322898864746]
L001870 | [Train Loss: 0.2948]
L001871 | [Train F1: 0.8994681526375295]
L001872 | [Train Acc: 0.8995041952707856]
L001873 | [Dev Loss: 1.2026]
L001874 | [Dev F1: 0.6303116179999199]
L001875 | [Dev Acc: 0.6307420494699647]
L001876 | 
L001877-L001892 | [REDACTED: batch progress and internal diagnostics]
L001893 | [Epoch 75] [Time: 1.9891760349273682]
L001894 | [Train Loss: 0.2949]
L001895 | [Train F1: 0.8959448820976534]
L001896 | [Train Acc: 0.8960717009916095]
L001897 | [Dev Loss: 1.2153]
L001898 | [Dev F1: 0.6277158551038322]
L001899 | [Dev Acc: 0.6289752650176679]
L001900 | 
L001901-L001916 | [REDACTED: batch progress and internal diagnostics]
L001917 | [Epoch 76] [Time: 2.298264503479004]
L001918 | [Train Loss: 0.2855]
L001919 | [Train F1: 0.9014471405190613]
L001920 | [Train Acc: 0.9014111365369947]
L001921 | [Dev Loss: 1.2132]
L001922 | [Dev F1: 0.6271350448827578]
L001923 | [Dev Acc: 0.6289752650176679]
L001924 | 
L001925-L001940 | [REDACTED: batch progress and internal diagnostics]
L001941 | [Epoch 77] [Time: 2.264045476913452]
L001942 | [Train Loss: 0.2771]
L001943 | [Train F1: 0.9013871064983072]
L001944 | [Train Acc: 0.9014111365369947]
L001945 | [Dev Loss: 1.2429]
L001946 | [Dev F1: 0.6360196133323626]
L001947 | [Dev Acc: 0.6378091872791519]
L001948 | 
L001949-L001964 | [REDACTED: batch progress and internal diagnostics]
L001965 | [Epoch 78] [Time: 2.1902880668640137]
L001966 | [Train Loss: 0.2709]
L001967 | [Train F1: 0.9082530495117849]
L001968 | [Train Acc: 0.908276125095347]
L001969 | [Dev Loss: 1.2417]
L001970 | [Dev F1: 0.6278782652560475]
L001971 | [Dev Acc: 0.6289752650176679]
L001972 | 
L001973-L001988 | [REDACTED: batch progress and internal diagnostics]
L001989 | [Epoch 79] [Time: 2.238447666168213]
L001990 | [Train Loss: 0.27]
L001991 | [Train F1: 0.908989120306632]
L001992 | [Train Acc: 0.9090389016018307]
L001993 | [Dev Loss: 1.2445]
L001994 | [Dev F1: 0.6309786811325258]
L001995 | [Dev Acc: 0.6325088339222615]
L001996 | 
L001997-L002012 | [REDACTED: batch progress and internal diagnostics]
L002013 | [Epoch 80] [Time: 2.241288423538208]
L002014 | [Train Loss: 0.2662]
L002015 | [Train F1: 0.9091062466909487]
L002016 | [Train Acc: 0.9090389016018307]
L002017 | [Dev Loss: 1.2687]
L002018 | [Dev F1: 0.6183250382407794]
L002019 | [Dev Acc: 0.6201413427561837]
L002020 | 
L002021-L002036 | [REDACTED: batch progress and internal diagnostics]
L002037 | [Epoch 81] [Time: 2.187148094177246]
L002038 | [Train Loss: 0.2629]
L002039 | [Train F1: 0.9101466297234871]
L002040 | [Train Acc: 0.9101830663615561]
L002041 | [Dev Loss: 1.3103]
L002042 | [Dev F1: 0.6194047048834079]
L002043 | [Dev Acc: 0.6201413427561837]
L002044 | 
L002045-L002060 | [REDACTED: batch progress and internal diagnostics]
L002061 | [Epoch 82] [Time: 2.2648913860321045]
L002062 | [Train Loss: 0.2578]
L002063 | [Train F1: 0.9133476109397376]
L002064 | [Train Acc: 0.9134248665141114]
L002065 | [Dev Loss: 1.276]
L002066 | [Dev F1: 0.6164591073488283]
L002067 | [Dev Acc: 0.6166077738515902]
L002068 | 
L002069-L002084 | [REDACTED: batch progress and internal diagnostics]
L002085 | [Epoch 83] [Time: 2.2667267322540283]
L002086 | [Train Loss: 0.2537]
L002087 | [Train F1: 0.9178259508168842]
L002088 | [Train Acc: 0.9178108314263921]
L002089 | [Dev Loss: 1.3112]
L002090 | [Dev F1: 0.6111114398010936]
L002091 | [Dev Acc: 0.6130742049469965]
L002092 | 
L002093-L002108 | [REDACTED: batch progress and internal diagnostics]
L002109 | [Epoch 84] [Time: 2.168093681335449]
L002110 | [Train Loss: 0.2517]
L002111 | [Train F1: 0.9173962365324405]
L002112 | [Train Acc: 0.9174294431731502]
L002113 | [Dev Loss: 1.3141]
L002114 | [Dev F1: 0.6241904921352713]
L002115 | [Dev Acc: 0.6254416961130742]
L002116 | Early stopping at epoch: 84
L002117 | Last model
L002118 |               precision    recall  f1-score   support
L002119 | 
L002120 |          hap     0.4904    0.3542    0.4113       144
L002121 |          sad     0.8443    0.7306    0.7834       245
L002122 |          neu     0.5451    0.6927    0.6101       384
L002123 |          ang     0.5730    0.6000    0.5862       170
L002124 |          exc     0.7138    0.7592    0.7358       299
L002125 |          fru     0.5975    0.5066    0.5483       381
L002126 | 
L002127 |     accuracy                         0.6272      1623
L002128 |    macro avg     0.6274    0.6072    0.6125      1623
L002129 | weighted avg     0.6317    0.6272    0.6248      1623
L002130 | 
L002131 | Best model at epoch: 59
L002132 | Best dev F1: 0.6437919919850563
L002133 |               precision    recall  f1-score   support
L002134 | 
L002135 |          hap     0.4825    0.3819    0.4264       144
L002136 |          sad     0.8366    0.6898    0.7562       245
L002137 |          neu     0.5639    0.7240    0.6340       384
L002138 |          ang     0.5761    0.6235    0.5989       170
L002139 |          exc     0.7375    0.7425    0.7400       299
L002140 |          fru     0.6109    0.5276    0.5662       381
L002141 | 
L002142 |     accuracy                         0.6352      1623
L002143 |    macro avg     0.6346    0.6149    0.6203      1623
L002144 | weighted avg     0.6422    0.6352    0.6339      1623
L002145 | 
L002146 | Best test F1: 0.6339431758976548
L002147 | Best test Acc: 0.6352433764633395
L002148 | [SANITIZED] Saved checkpoint: [path and filename removed]
