# Redacted copy of an existing run log.
# run_id: G07-seed4
# dataset: IEMOCAP
# model: MMGCN+AMBER
# imr: (0.3,0.5,0.7)
# seed_alias: seed4
# original_log_sha256: 6b796cf4ad65400e2868578cf57c068c765d0acfc64053ab65b1d08d2350b7f4
# source_record_status: ok
# source_record_process_return_code: 3221226505
# L numbers refer to source logical lines; REDACTED/SANITIZED text is editorial.
L000001-L000065 | [REDACTED: configuration or implementation details]
L000066 | [SANITIZED] Seed alias: seed4
L000067 | 
L000068-L000069 | [REDACTED: batch progress and internal diagnostics]
L000070 | 
L000071-L000072 | [REDACTED: batch progress and internal diagnostics]
L000073 | 
L000074-L000075 | [REDACTED: batch progress and internal diagnostics]
L000076 | 
L000077-L000092 | [REDACTED: batch progress and internal diagnostics]
L000093 | [Epoch 0] [Time: 2.8244822025299072]
L000094 | [Train Loss: 1.8125]
L000095 | [Train F1: 0.20197658503868474]
L000096 | [Train Acc: 0.22074927953890489]
L000097 | [Dev Loss: 1.5132]
L000098 | [Dev F1: 0.3586164998550468]
L000099 | [Dev Acc: 0.4066115702479339]
L000100 | 
L000101-L000116 | [REDACTED: batch progress and internal diagnostics]
L000117 | [Epoch 1] [Time: 2.110405206680298]
L000118 | [Train Loss: 1.6674]
L000119 | [Train F1: 0.2778175112720452]
L000120 | [Train Acc: 0.3025936599423631]
L000121 | [Dev Loss: 1.4832]
L000122 | [Dev F1: 0.31627182067380283]
L000123 | [Dev Acc: 0.3603305785123967]
L000124 | 
L000125-L000140 | [REDACTED: batch progress and internal diagnostics]
L000141 | [Epoch 2] [Time: 2.192880630493164]
L000142 | [Train Loss: 1.5592]
L000143 | [Train F1: 0.3335630722176473]
L000144 | [Train Acc: 0.3558117195004803]
L000145 | [Dev Loss: 1.4514]
L000146 | [Dev F1: 0.3471588880703978]
L000147 | [Dev Acc: 0.3685950413223141]
L000148 | 
L000149-L000164 | [REDACTED: batch progress and internal diagnostics]
L000165 | [Epoch 3] [Time: 2.191746234893799]
L000166 | [Train Loss: 1.5002]
L000167 | [Train F1: 0.3650038918252907]
L000168 | [Train Acc: 0.381940441882805]
L000169 | [Dev Loss: 1.3834]
L000170 | [Dev F1: 0.38475617750214636]
L000171 | [Dev Acc: 0.4049586776859504]
L000172 | 
L000173-L000188 | [REDACTED: batch progress and internal diagnostics]
L000189 | [Epoch 4] [Time: 2.162543535232544]
L000190 | [Train Loss: 1.431]
L000191 | [Train F1: 0.4105545992394048]
L000192 | [Train Acc: 0.42267050912584053]
L000193 | [Dev Loss: 1.3394]
L000194 | [Dev F1: 0.4469465440821399]
L000195 | [Dev Acc: 0.46115702479338844]
L000196 | 
L000197-L000212 | [REDACTED: batch progress and internal diagnostics]
L000213 | [Epoch 5] [Time: 2.121978998184204]
L000214 | [Train Loss: 1.3668]
L000215 | [Train F1: 0.4414765025856855]
L000216 | [Train Acc: 0.45244956772334294]
L000217 | [Dev Loss: 1.3099]
L000218 | [Dev F1: 0.46635166890698515]
L000219 | [Dev Acc: 0.4809917355371901]
L000220 | 
L000221-L000236 | [REDACTED: batch progress and internal diagnostics]
L000237 | [Epoch 6] [Time: 2.1092982292175293]
L000238 | [Train Loss: 1.2919]
L000239 | [Train F1: 0.4752246136612721]
L000240 | [Train Acc: 0.4866474543707973]
L000241 | [Dev Loss: 1.2684]
L000242 | [Dev F1: 0.5041769946862715]
L000243 | [Dev Acc: 0.515702479338843]
L000244 | 
L000245-L000260 | [REDACTED: batch progress and internal diagnostics]
L000261 | [Epoch 7] [Time: 2.1326069831848145]
L000262 | [Train Loss: 1.2401]
L000263 | [Train F1: 0.4827471610932247]
L000264 | [Train Acc: 0.4912584053794428]
L000265 | [Dev Loss: 1.2152]
L000266 | [Dev F1: 0.4998372763270698]
L000267 | [Dev Acc: 0.5140495867768595]
L000268 | 
L000269-L000284 | [REDACTED: batch progress and internal diagnostics]
L000285 | [Epoch 8] [Time: 2.135897397994995]
L000286 | [Train Loss: 1.2162]
L000287 | [Train F1: 0.496333052342879]
L000288 | [Train Acc: 0.5047070124879923]
L000289 | [Dev Loss: 1.187]
L000290 | [Dev F1: 0.5367512533491029]
L000291 | [Dev Acc: 0.5487603305785124]
L000292 | 
L000293-L000308 | [REDACTED: batch progress and internal diagnostics]
L000309 | [Epoch 9] [Time: 2.1109204292297363]
L000310 | [Train Loss: 1.1731]
L000311 | [Train F1: 0.5217337354435075]
L000312 | [Train Acc: 0.5310278578290105]
L000313 | [Dev Loss: 1.1624]
L000314 | [Dev F1: 0.5236841912616705]
L000315 | [Dev Acc: 0.5388429752066116]
L000316 | 
L000317-L000332 | [REDACTED: batch progress and internal diagnostics]
L000333 | [Epoch 10] [Time: 2.078834295272827]
L000334 | [Train Loss: 1.1218]
L000335 | [Train F1: 0.5419141659793967]
L000336 | [Train Acc: 0.5538904899135446]
L000337 | [Dev Loss: 1.1419]
L000338 | [Dev F1: 0.5449254111093518]
L000339 | [Dev Acc: 0.5553719008264463]
L000340 | 
L000341-L000356 | [REDACTED: batch progress and internal diagnostics]
L000357 | [Epoch 11] [Time: 2.1590309143066406]
L000358 | [Train Loss: 1.0893]
L000359 | [Train F1: 0.5491260194129073]
L000360 | [Train Acc: 0.5560038424591739]
L000361 | [Dev Loss: 1.1133]
L000362 | [Dev F1: 0.5574218083477681]
L000363 | [Dev Acc: 0.5669421487603306]
L000364 | 
L000365-L000380 | [REDACTED: batch progress and internal diagnostics]
L000381 | [Epoch 12] [Time: 2.2102162837982178]
L000382 | [Train Loss: 1.0665]
L000383 | [Train F1: 0.5713169529440023]
L000384 | [Train Acc: 0.5777137367915466]
L000385 | [Dev Loss: 1.1036]
L000386 | [Dev F1: 0.5580212496942486]
L000387 | [Dev Acc: 0.5702479338842975]
L000388 | 
L000389-L000404 | [REDACTED: batch progress and internal diagnostics]
L000405 | [Epoch 13] [Time: 2.183317184448242]
L000406 | [Train Loss: 1.0282]
L000407 | [Train F1: 0.5759860475641352]
L000408 | [Train Acc: 0.5827089337175793]
L000409 | [Dev Loss: 1.0561]
L000410 | [Dev F1: 0.5803327080106268]
L000411 | [Dev Acc: 0.5884297520661157]
L000412 | 
L000413-L000428 | [REDACTED: batch progress and internal diagnostics]
L000429 | [Epoch 14] [Time: 2.0978801250457764]
L000430 | [Train Loss: 1.0012]
L000431 | [Train F1: 0.5916338967737484]
L000432 | [Train Acc: 0.5980787704130643]
L000433 | [Dev Loss: 1.0321]
L000434 | [Dev F1: 0.5847401546502645]
L000435 | [Dev Acc: 0.5917355371900826]
L000436 | 
L000437-L000452 | [REDACTED: batch progress and internal diagnostics]
L000453 | [Epoch 15] [Time: 2.159961462020874]
L000454 | [Train Loss: 0.9606]
L000455 | [Train F1: 0.6087726399998559]
L000456 | [Train Acc: 0.6147934678194045]
L000457 | [Dev Loss: 1.0054]
L000458 | [Dev F1: 0.6095765326665582]
L000459 | [Dev Acc: 0.6132231404958678]
L000460 | 
L000461-L000476 | [REDACTED: batch progress and internal diagnostics]
L000477 | [Epoch 16] [Time: 2.2477035522460938]
L000478 | [Train Loss: 0.9274]
L000479 | [Train F1: 0.6226229696759656]
L000480 | [Train Acc: 0.628626320845341]
L000481 | [Dev Loss: 0.9925]
L000482 | [Dev F1: 0.5984650122540348]
L000483 | [Dev Acc: 0.6016528925619835]
L000484 | 
L000485-L000500 | [REDACTED: batch progress and internal diagnostics]
L000501 | [Epoch 17] [Time: 2.1565206050872803]
L000502 | [Train Loss: 0.8995]
L000503 | [Train F1: 0.6296734503256374]
L000504 | [Train Acc: 0.6351585014409222]
L000505 | [Dev Loss: 0.9557]
L000506 | [Dev F1: 0.6166392657278009]
L000507 | [Dev Acc: 0.6198347107438017]
L000508 | 
L000509-L000524 | [REDACTED: batch progress and internal diagnostics]
L000525 | [Epoch 18] [Time: 2.080237627029419]
L000526 | [Train Loss: 0.8718]
L000527 | [Train F1: 0.6548904247592366]
L000528 | [Train Acc: 0.6580211335254563]
L000529 | [Dev Loss: 0.9578]
L000530 | [Dev F1: 0.622353077706193]
L000531 | [Dev Acc: 0.6247933884297521]
L000532 | 
L000533-L000548 | [REDACTED: batch progress and internal diagnostics]
L000549 | [Epoch 19] [Time: 2.1665165424346924]
L000550 | [Train Loss: 0.8576]
L000551 | [Train F1: 0.6536090026487876]
L000552 | [Train Acc: 0.6570605187319885]
L000553 | [Dev Loss: 0.9436]
L000554 | [Dev F1: 0.6312303842339342]
L000555 | [Dev Acc: 0.6330578512396694]
L000556 | 
L000557-L000572 | [REDACTED: batch progress and internal diagnostics]
L000573 | [Epoch 20] [Time: 2.020075559616089]
L000574 | [Train Loss: 0.8384]
L000575 | [Train F1: 0.6561880703073422]
L000576 | [Train Acc: 0.6605187319884727]
L000577 | [Dev Loss: 0.9498]
L000578 | [Dev F1: 0.6190262010748886]
L000579 | [Dev Acc: 0.6198347107438017]
L000580 | 
L000581-L000596 | [REDACTED: batch progress and internal diagnostics]
L000597 | [Epoch 21] [Time: 2.049154043197632]
L000598 | [Train Loss: 0.8068]
L000599 | [Train F1: 0.6724286956584871]
L000600 | [Train Acc: 0.6768491834774255]
L000601 | [Dev Loss: 0.9308]
L000602 | [Dev F1: 0.6330377091788794]
L000603 | [Dev Acc: 0.6347107438016529]
L000604 | 
L000605-L000620 | [REDACTED: batch progress and internal diagnostics]
L000621 | [Epoch 22] [Time: 2.2628095149993896]
L000622 | [Train Loss: 0.8012]
L000623 | [Train F1: 0.6731389110690764]
L000624 | [Train Acc: 0.6764649375600384]
L000625 | [Dev Loss: 0.9239]
L000626 | [Dev F1: 0.637350010297447]
L000627 | [Dev Acc: 0.6396694214876033]
L000628 | 
L000629-L000644 | [REDACTED: batch progress and internal diagnostics]
L000645 | [Epoch 23] [Time: 2.2363696098327637]
L000646 | [Train Loss: 0.7773]
L000647 | [Train F1: 0.6884261554888615]
L000648 | [Train Acc: 0.6910662824207493]
L000649 | [Dev Loss: 0.9331]
L000650 | [Dev F1: 0.6282102474146501]
L000651 | [Dev Acc: 0.6247933884297521]
L000652 | 
L000653-L000668 | [REDACTED: batch progress and internal diagnostics]
L000669 | [Epoch 24] [Time: 2.115035057067871]
L000670 | [Train Loss: 0.7705]
L000671 | [Train F1: 0.6906431786870653]
L000672 | [Train Acc: 0.6931796349663785]
L000673 | [Dev Loss: 0.9168]
L000674 | [Dev F1: 0.6210009552451499]
L000675 | [Dev Acc: 0.6231404958677685]
L000676 | 
L000677-L000692 | [REDACTED: batch progress and internal diagnostics]
L000693 | [Epoch 25] [Time: 2.2798802852630615]
L000694 | [Train Loss: 0.7465]
L000695 | [Train F1: 0.7027365791768324]
L000696 | [Train Acc: 0.7048991354466859]
L000697 | [Dev Loss: 0.9227]
L000698 | [Dev F1: 0.6369007054240106]
L000699 | [Dev Acc: 0.6347107438016529]
L000700 | 
L000701-L000716 | [REDACTED: batch progress and internal diagnostics]
L000717 | [Epoch 26] [Time: 2.219146966934204]
L000718 | [Train Loss: 0.733]
L000719 | [Train F1: 0.708360048567095]
L000720 | [Train Acc: 0.709702209414025]
L000721 | [Dev Loss: 0.9015]
L000722 | [Dev F1: 0.6381454405099201]
L000723 | [Dev Acc: 0.6380165289256199]
L000724 | 
L000725-L000740 | [REDACTED: batch progress and internal diagnostics]
L000741 | [Epoch 27] [Time: 2.284606695175171]
L000742 | [Train Loss: 0.7086]
L000743 | [Train F1: 0.7199122625566851]
L000744 | [Train Acc: 0.7219980787704131]
L000745 | [Dev Loss: 0.9031]
L000746 | [Dev F1: 0.6507600764797157]
L000747 | [Dev Acc: 0.6495867768595042]
L000748 | 
L000749-L000764 | [REDACTED: batch progress and internal diagnostics]
L000765 | [Epoch 28] [Time: 2.185788869857788]
L000766 | [Train Loss: 0.6873]
L000767 | [Train F1: 0.7316533532484949]
L000768 | [Train Acc: 0.7327569644572527]
L000769 | [Dev Loss: 0.9049]
L000770 | [Dev F1: 0.6513039426770525]
L000771 | [Dev Acc: 0.6495867768595042]
L000772 | 
L000773-L000788 | [REDACTED: batch progress and internal diagnostics]
L000789 | [Epoch 29] [Time: 2.1960232257843018]
L000790 | [Train Loss: 0.6786]
L000791 | [Train F1: 0.7321681692937633]
L000792 | [Train Acc: 0.7341018251681076]
L000793 | [Dev Loss: 0.9035]
L000794 | [Dev F1: 0.632397612639957]
L000795 | [Dev Acc: 0.631404958677686]
L000796 | 
L000797-L000812 | [REDACTED: batch progress and internal diagnostics]
L000813 | [Epoch 30] [Time: 2.3198962211608887]
L000814 | [Train Loss: 0.6613]
L000815 | [Train F1: 0.749242833651491]
L000816 | [Train Acc: 0.7500480307396734]
L000817 | [Dev Loss: 0.9232]
L000818 | [Dev F1: 0.6432323519230038]
L000819 | [Dev Acc: 0.6396694214876033]
L000820 | 
L000821-L000836 | [REDACTED: batch progress and internal diagnostics]
L000837 | [Epoch 31] [Time: 2.278944730758667]
L000838 | [Train Loss: 0.6641]
L000839 | [Train F1: 0.7374961026376013]
L000840 | [Train Acc: 0.7398655139289145]
L000841 | [Dev Loss: 0.891]
L000842 | [Dev F1: 0.6492028184074196]
L000843 | [Dev Acc: 0.6479338842975206]
L000844 | 
L000845-L000860 | [REDACTED: batch progress and internal diagnostics]
L000861 | [Epoch 32] [Time: 2.2666525840759277]
L000862 | [Train Loss: 0.6274]
L000863 | [Train F1: 0.7659996927981331]
L000864 | [Train Acc: 0.7658021133525457]
L000865 | [Dev Loss: 0.9193]
L000866 | [Dev F1: 0.6436849956347931]
L000867 | [Dev Acc: 0.6413223140495867]
L000868 | 
L000869-L000884 | [REDACTED: batch progress and internal diagnostics]
L000885 | [Epoch 33] [Time: 2.2418150901794434]
L000886 | [Train Loss: 0.6203]
L000887 | [Train F1: 0.7592187393698385]
L000888 | [Train Acc: 0.7609990393852065]
L000889 | [Dev Loss: 0.8886]
L000890 | [Dev F1: 0.6567668920030751]
L000891 | [Dev Acc: 0.6545454545454545]
L000892 | 
L000893-L000908 | [REDACTED: batch progress and internal diagnostics]
L000909 | [Epoch 34] [Time: 2.1555445194244385]
L000910 | [Train Loss: 0.5981]
L000911 | [Train F1: 0.7723869328445706]
L000912 | [Train Acc: 0.7725264169068203]
L000913 | [Dev Loss: 0.9383]
L000914 | [Dev F1: 0.6301271314533944]
L000915 | [Dev Acc: 0.628099173553719]
L000916 | 
L000917-L000932 | [REDACTED: batch progress and internal diagnostics]
L000933 | [Epoch 35] [Time: 2.1726691722869873]
L000934 | [Train Loss: 0.5915]
L000935 | [Train F1: 0.7749168555224183]
L000936 | [Train Acc: 0.7761767531219981]
L000937 | [Dev Loss: 0.8903]
L000938 | [Dev F1: 0.665765837829321]
L000939 | [Dev Acc: 0.6644628099173554]
L000940 | 
L000941-L000956 | [REDACTED: batch progress and internal diagnostics]
L000957 | [Epoch 36] [Time: 2.2928173542022705]
L000958 | [Train Loss: 0.6017]
L000959 | [Train F1: 0.769758516771775]
L000960 | [Train Acc: 0.7706051873198847]
L000961 | [Dev Loss: 0.8884]
L000962 | [Dev F1: 0.634985734492379]
L000963 | [Dev Acc: 0.6363636363636364]
L000964 | 
L000965-L000980 | [REDACTED: batch progress and internal diagnostics]
L000981 | [Epoch 37] [Time: 2.0707035064697266]
L000982 | [Train Loss: 0.5831]
L000983 | [Train F1: 0.7791387824101483]
L000984 | [Train Acc: 0.7796349663784822]
L000985 | [Dev Loss: 0.8901]
L000986 | [Dev F1: 0.6622030204014446]
L000987 | [Dev Acc: 0.6595041322314049]
L000988 | 
L000989-L001004 | [REDACTED: batch progress and internal diagnostics]
L001005 | [Epoch 38] [Time: 2.206298589706421]
L001006 | [Train Loss: 0.5554]
L001007 | [Train F1: 0.794582535030842]
L001008 | [Train Acc: 0.7946205571565802]
L001009 | [Dev Loss: 0.9451]
L001010 | [Dev F1: 0.6417534723012115]
L001011 | [Dev Acc: 0.6363636363636364]
L001012 | 
L001013-L001028 | [REDACTED: batch progress and internal diagnostics]
L001029 | [Epoch 39] [Time: 2.1959493160247803]
L001030 | [Train Loss: 0.5535]
L001031 | [Train F1: 0.7889974663844169]
L001032 | [Train Acc: 0.7896253602305475]
L001033 | [Dev Loss: 0.9299]
L001034 | [Dev F1: 0.6553031316241218]
L001035 | [Dev Acc: 0.6528925619834711]
L001036 | 
L001037-L001052 | [REDACTED: batch progress and internal diagnostics]
L001053 | [Epoch 40] [Time: 2.131643295288086]
L001054 | [Train Loss: 0.544]
L001055 | [Train F1: 0.7933614749266635]
L001056 | [Train Acc: 0.7940441882804995]
L001057 | [Dev Loss: 0.9137]
L001058 | [Dev F1: 0.6704653717338448]
L001059 | [Dev Acc: 0.6677685950413224]
L001060 | 
L001061-L001076 | [REDACTED: batch progress and internal diagnostics]
L001077 | [Epoch 41] [Time: 2.304138422012329]
L001078 | [Train Loss: 0.5241]
L001079 | [Train F1: 0.8070881513121736]
L001080 | [Train Acc: 0.807492795389049]
L001081 | [Dev Loss: 0.9784]
L001082 | [Dev F1: 0.6347553782791533]
L001083 | [Dev Acc: 0.628099173553719]
L001084 | 
L001085-L001100 | [REDACTED: batch progress and internal diagnostics]
L001101 | [Epoch 42] [Time: 2.258044481277466]
L001102 | [Train Loss: 0.5197]
L001103 | [Train F1: 0.808073756622638]
L001104 | [Train Acc: 0.8082612872238233]
L001105 | [Dev Loss: 0.9548]
L001106 | [Dev F1: 0.6574847736211371]
L001107 | [Dev Acc: 0.656198347107438]
L001108 | 
L001109-L001124 | [REDACTED: batch progress and internal diagnostics]
L001125 | [Epoch 43] [Time: 2.252804756164551]
L001126 | [Train Loss: 0.5149]
L001127 | [Train F1: 0.8065922619750266]
L001128 | [Train Acc: 0.8073006724303554]
L001129 | [Dev Loss: 0.9272]
L001130 | [Dev F1: 0.6460583165717668]
L001131 | [Dev Acc: 0.6446280991735537]
L001132 | 
L001133-L001148 | [REDACTED: batch progress and internal diagnostics]
L001149 | [Epoch 44] [Time: 2.186316728591919]
L001150 | [Train Loss: 0.5042]
L001151 | [Train F1: 0.8143247634179656]
L001152 | [Train Acc: 0.8144092219020173]
L001153 | [Dev Loss: 0.9458]
L001154 | [Dev F1: 0.6492586518171201]
L001155 | [Dev Acc: 0.6462809917355372]
L001156 | 
L001157-L001172 | [REDACTED: batch progress and internal diagnostics]
L001173 | [Epoch 45] [Time: 2.2639119625091553]
L001174 | [Train Loss: 0.4904]
L001175 | [Train F1: 0.8088661224071891]
L001176 | [Train Acc: 0.8094140249759846]
L001177 | [Dev Loss: 0.9908]
L001178 | [Dev F1: 0.6456095607957216]
L001179 | [Dev Acc: 0.6396694214876033]
L001180 | 
L001181-L001196 | [REDACTED: batch progress and internal diagnostics]
L001197 | [Epoch 46] [Time: 2.1559526920318604]
L001198 | [Train Loss: 0.4782]
L001199 | [Train F1: 0.8234103863718151]
L001200 | [Train Acc: 0.8238232468780019]
L001201 | [Dev Loss: 0.9869]
L001202 | [Dev F1: 0.6466704856496243]
L001203 | [Dev Acc: 0.6429752066115703]
L001204 | 
L001205-L001220 | [REDACTED: batch progress and internal diagnostics]
L001221 | [Epoch 47] [Time: 2.1017723083496094]
L001222 | [Train Loss: 0.4839]
L001223 | [Train F1: 0.8213257004124285]
L001224 | [Train Acc: 0.8219020172910663]
L001225 | [Dev Loss: 0.9708]
L001226 | [Dev F1: 0.6419259822129298]
L001227 | [Dev Acc: 0.6413223140495867]
L001228 | 
L001229-L001244 | [REDACTED: batch progress and internal diagnostics]
L001245 | [Epoch 48] [Time: 2.2205240726470947]
L001246 | [Train Loss: 0.4685]
L001247 | [Train F1: 0.8325912122541015]
L001248 | [Train Acc: 0.8326609029779058]
L001249 | [Dev Loss: 0.995]
L001250 | [Dev F1: 0.6502503920176321]
L001251 | [Dev Acc: 0.6462809917355372]
L001252 | 
L001253-L001268 | [REDACTED: batch progress and internal diagnostics]
L001269 | [Epoch 49] [Time: 2.1923112869262695]
L001270 | [Train Loss: 0.4546]
L001271 | [Train F1: 0.8303586270419022]
L001272 | [Train Acc: 0.8307396733909702]
L001273 | [Dev Loss: 0.9871]
L001274 | [Dev F1: 0.6521734913588748]
L001275 | [Dev Acc: 0.6479338842975206]
L001276 | 
L001277-L001292 | [REDACTED: batch progress and internal diagnostics]
L001293 | [Epoch 50] [Time: 2.200446605682373]
L001294 | [Train Loss: 0.4526]
L001295 | [Train F1: 0.8328395528082922]
L001296 | [Train Acc: 0.8326609029779058]
L001297 | [Dev Loss: 1.0396]
L001298 | [Dev F1: 0.6425805368143441]
L001299 | [Dev Acc: 0.6396694214876033]
L001300 | 
L001301-L001316 | [REDACTED: batch progress and internal diagnostics]
L001317 | [Epoch 51] [Time: 2.1746139526367188]
L001318 | [Train Loss: 0.4382]
L001319 | [Train F1: 0.8367541405238645]
L001320 | [Train Acc: 0.8372718539865514]
L001321 | [Dev Loss: 1.0202]
L001322 | [Dev F1: 0.6547036290433779]
L001323 | [Dev Acc: 0.6495867768595042]
L001324 | 
L001325-L001340 | [REDACTED: batch progress and internal diagnostics]
L001341 | [Epoch 52] [Time: 2.2100894451141357]
L001342 | [Train Loss: 0.4413]
L001343 | [Train F1: 0.8422791729240513]
L001344 | [Train Acc: 0.841882804995197]
L001345 | [Dev Loss: 1.0717]
L001346 | [Dev F1: 0.6405681918221283]
L001347 | [Dev Acc: 0.6363636363636364]
L001348 | 
L001349-L001364 | [REDACTED: batch progress and internal diagnostics]
L001365 | [Epoch 53] [Time: 2.18965220451355]
L001366 | [Train Loss: 0.432]
L001367 | [Train F1: 0.8377851819429021]
L001368 | [Train Acc: 0.8382324687800192]
L001369 | [Dev Loss: 1.0115]
L001370 | [Dev F1: 0.6408086601958153]
L001371 | [Dev Acc: 0.6380165289256199]
L001372 | 
L001373-L001388 | [REDACTED: batch progress and internal diagnostics]
L001389 | [Epoch 54] [Time: 2.189162492752075]
L001390 | [Train Loss: 0.421]
L001391 | [Train F1: 0.8496000533392787]
L001392 | [Train Acc: 0.8495677233429395]
L001393 | [Dev Loss: 1.0566]
L001394 | [Dev F1: 0.6358198327217905]
L001395 | [Dev Acc: 0.6347107438016529]
L001396 | 
L001397-L001412 | [REDACTED: batch progress and internal diagnostics]
L001413 | [Epoch 55] [Time: 2.1571924686431885]
L001414 | [Train Loss: 0.4061]
L001415 | [Train F1: 0.8539589070817293]
L001416 | [Train Acc: 0.854178674351585]
L001417 | [Dev Loss: 1.0391]
L001418 | [Dev F1: 0.6526196745240933]
L001419 | [Dev Acc: 0.6495867768595042]
L001420 | 
L001421-L001436 | [REDACTED: batch progress and internal diagnostics]
L001437 | [Epoch 56] [Time: 2.306215524673462]
L001438 | [Train Loss: 0.4094]
L001439 | [Train F1: 0.8508064805915047]
L001440 | [Train Acc: 0.8507204610951009]
L001441 | [Dev Loss: 1.1316]
L001442 | [Dev F1: 0.620016085730604]
L001443 | [Dev Acc: 0.6214876033057851]
L001444 | 
L001445-L001460 | [REDACTED: batch progress and internal diagnostics]
L001461 | [Epoch 57] [Time: 2.0602118968963623]
L001462 | [Train Loss: 0.4003]
L001463 | [Train F1: 0.8543589320609816]
L001464 | [Train Acc: 0.8547550432276657]
L001465 | [Dev Loss: 1.0536]
L001466 | [Dev F1: 0.6454704981479913]
L001467 | [Dev Acc: 0.6413223140495867]
L001468 | 
L001469-L001484 | [REDACTED: batch progress and internal diagnostics]
L001485 | [Epoch 58] [Time: 2.239213705062866]
L001486 | [Train Loss: 0.4003]
L001487 | [Train F1: 0.8588424518190444]
L001488 | [Train Acc: 0.8589817483189242]
L001489 | [Dev Loss: 1.0861]
L001490 | [Dev F1: 0.6417506808840852]
L001491 | [Dev Acc: 0.6380165289256199]
L001492 | 
L001493-L001508 | [REDACTED: batch progress and internal diagnostics]
L001509 | [Epoch 59] [Time: 2.1168134212493896]
L001510 | [Train Loss: 0.3846]
L001511 | [Train F1: 0.8621406532937991]
L001512 | [Train Acc: 0.8622478386167147]
L001513 | [Dev Loss: 1.0982]
L001514 | [Dev F1: 0.6426535732439027]
L001515 | [Dev Acc: 0.6396694214876033]
L001516 | 
L001517-L001532 | [REDACTED: batch progress and internal diagnostics]
L001533 | [Epoch 60] [Time: 2.216580867767334]
L001534 | [Train Loss: 0.383]
L001535 | [Train F1: 0.8659842263457481]
L001536 | [Train Acc: 0.866090297790586]
L001537 | [Dev Loss: 1.114]
L001538 | [Dev F1: 0.6446441118130689]
L001539 | [Dev Acc: 0.6413223140495867]
L001540 | 
L001541-L001556 | [REDACTED: batch progress and internal diagnostics]
L001557 | [Epoch 61] [Time: 2.206939220428467]
L001558 | [Train Loss: 0.3734]
L001559 | [Train F1: 0.8646072660463607]
L001560 | [Train Acc: 0.8647454370797311]
L001561 | [Dev Loss: 1.1558]
L001562 | [Dev F1: 0.6432898350237263]
L001563 | [Dev Acc: 0.6380165289256199]
L001564 | 
L001565-L001580 | [REDACTED: batch progress and internal diagnostics]
L001581 | [Epoch 62] [Time: 2.1547629833221436]
L001582 | [Train Loss: 0.3666]
L001583 | [Train F1: 0.8687676710568922]
L001584 | [Train Acc: 0.8689721421709894]
L001585 | [Dev Loss: 1.1085]
L001586 | [Dev F1: 0.6410981587242072]
L001587 | [Dev Acc: 0.6380165289256199]
L001588 | 
L001589-L001604 | [REDACTED: batch progress and internal diagnostics]
L001605 | [Epoch 63] [Time: 2.217904567718506]
L001606 | [Train Loss: 0.3714]
L001607 | [Train F1: 0.8664541711500228]
L001608 | [Train Acc: 0.866474543707973]
L001609 | [Dev Loss: 1.1615]
L001610 | [Dev F1: 0.632873462559797]
L001611 | [Dev Acc: 0.628099173553719]
L001612 | 
L001613-L001628 | [REDACTED: batch progress and internal diagnostics]
L001629 | [Epoch 64] [Time: 2.224097967147827]
L001630 | [Train Loss: 0.3536]
L001631 | [Train F1: 0.8710713300206344]
L001632 | [Train Acc: 0.8710854947166187]
L001633 | [Dev Loss: 1.1651]
L001634 | [Dev F1: 0.629610845321495]
L001635 | [Dev Acc: 0.6264462809917355]
L001636 | 
L001637-L001652 | [REDACTED: batch progress and internal diagnostics]
L001653 | [Epoch 65] [Time: 2.2078969478607178]
L001654 | [Train Loss: 0.3585]
L001655 | [Train F1: 0.8713736526674841]
L001656 | [Train Acc: 0.8716618635926994]
L001657 | [Dev Loss: 1.1518]
L001658 | [Dev F1: 0.6285337329621987]
L001659 | [Dev Acc: 0.6247933884297521]
L001660 | Early stopping at epoch: 65
L001661 | Last model
L001662 |               precision    recall  f1-score   support
L001663 | 
L001664 |          hap     0.5263    0.3472    0.4184       144
L001665 |          sad     0.8025    0.7959    0.7992       245
L001666 |          neu     0.5353    0.6719    0.5958       384
L001667 |          ang     0.5740    0.5706    0.5723       170
L001668 |          exc     0.7298    0.6957    0.7123       299
L001669 |          fru     0.6046    0.5538    0.5781       381
L001670 | 
L001671 |     accuracy                         0.6278      1623
L001672 |    macro avg     0.6287    0.6058    0.6127      1623
L001673 | weighted avg     0.6310    0.6278    0.6256      1623
L001674 | 
L001675 | Best model at epoch: 40
L001676 | Best dev F1: 0.6704653717338448
L001677 |               precision    recall  f1-score   support
L001678 | 
L001679 |          hap     0.6250    0.3472    0.4464       144
L001680 |          sad     0.8045    0.7224    0.7613       245
L001681 |          neu     0.5382    0.7161    0.6145       384
L001682 |          ang     0.6000    0.6176    0.6087       170
L001683 |          exc     0.7525    0.7525    0.7525       299
L001684 |          fru     0.6124    0.5433    0.5758       381
L001685 | 
L001686 |     accuracy                         0.6402      1623
L001687 |    macro avg     0.6554    0.6165    0.6265      1623
L001688 | weighted avg     0.6495    0.6402    0.6375      1623
L001689 | 
L001690 | Best test F1: 0.6374845667518756
L001691 | Best test Acc: 0.6401725200246458
L001692 | [SANITIZED] Saved checkpoint: [path and filename removed]
