# Redacted copy of an existing run log.
# run_id: G03-seed5
# dataset: IEMOCAP
# model: GCNet+AMBER
# imr: (0.5,0.3,0.7)
# seed_alias: seed5
# original_log_sha256: bbcdd6a550ba32f8c1790c2cb95952bbebca21c6a72ae66d631af01c80a03695
# source_record_status: ok
# source_record_process_return_code: 3221226505
# L numbers refer to source logical lines; REDACTED/SANITIZED text is editorial.
L000001-L000005 | [REDACTED: configuration or implementation details]
L000006 | [SANITIZED] FutureWarning: [dependency deprecation notice; implementation details removed]
L000007-L000068 | [REDACTED: configuration or implementation details]
L000069 | [SANITIZED] Seed alias: seed5
L000070 | [REDACTED: configuration or implementation details]
L000071 | 
L000072-L000073 | [REDACTED: batch progress and internal diagnostics]
L000074 | 
L000075-L000076 | [REDACTED: batch progress and internal diagnostics]
L000077 | 
L000078-L000079 | [REDACTED: batch progress and internal diagnostics]
L000080-L000083 | [REDACTED: configuration or implementation details]
L000084 | [SANITIZED] Seed alias: seed5
L000085-L000088 | [REDACTED: configuration or implementation details]
L000089 | 
L000090-L000105 | [REDACTED: batch progress and internal diagnostics]
L000106 | [Epoch 0] [Time: 3.34]
L000107 | [Train Loss: 1.6974]
L000108 | [Train F1: 0.2450389226029103]
L000109 | [Train Acc: 0.3285247162915945]
L000110 | [Dev Loss: 1.6037]
L000111 | [Dev F1: 0.24832187265145442]
L000112 | [Dev Acc: 0.36661211129296234]
L000113 | 
L000114-L000129 | [REDACTED: batch progress and internal diagnostics]
L000130 | [Epoch 1] [Time: 2.72]
L000131 | [Train Loss: 1.4179]
L000132 | [Train F1: 0.36833216182704215]
L000133 | [Train Acc: 0.4508559338334295]
L000134 | [Dev Loss: 1.4644]
L000135 | [Dev F1: 0.27107479784693694]
L000136 | [Dev Acc: 0.3878887070376432]
L000137 | 
L000138-L000153 | [REDACTED: batch progress and internal diagnostics]
L000154 | [Epoch 2] [Time: 2.70]
L000155 | [Train Loss: 1.2499]
L000156 | [Train F1: 0.43735695860249335]
L000157 | [Train Acc: 0.49586458934410466]
L000158 | [Dev Loss: 1.4505]
L000159 | [Dev F1: 0.28912460867564993]
L000160 | [Dev Acc: 0.3453355155482815]
L000161 | 
L000162-L000177 | [REDACTED: batch progress and internal diagnostics]
L000178 | [Epoch 3] [Time: 2.77]
L000179 | [Train Loss: 1.1749]
L000180 | [Train F1: 0.48546612717137505]
L000181 | [Train Acc: 0.5226005000961723]
L000182 | [Dev Loss: 1.3523]
L000183 | [Dev F1: 0.3347343389899462]
L000184 | [Dev Acc: 0.3944353518821604]
L000185 | 
L000186-L000201 | [REDACTED: batch progress and internal diagnostics]
L000202 | [Epoch 4] [Time: 2.95]
L000203 | [Train Loss: 1.1464]
L000204 | [Train F1: 0.5336670949050712]
L000205 | [Train Acc: 0.5420273129447971]
L000206 | [Dev Loss: 1.4822]
L000207 | [Dev F1: 0.3509323685273384]
L000208 | [Dev Acc: 0.3878887070376432]
L000209 | 
L000210-L000225 | [REDACTED: batch progress and internal diagnostics]
L000226 | [Epoch 5] [Time: 2.76]
L000227 | [Train Loss: 1.1241]
L000228 | [Train F1: 0.5051693109075057]
L000229 | [Train Acc: 0.5312560107713021]
L000230 | [Dev Loss: 1.3298]
L000231 | [Dev F1: 0.37835964725156435]
L000232 | [Dev Acc: 0.4353518821603928]
L000233 | 
L000234-L000249 | [REDACTED: batch progress and internal diagnostics]
L000250 | [Epoch 6] [Time: 2.69]
L000251 | [Train Loss: 1.0833]
L000252 | [Train F1: 0.531910858822831]
L000253 | [Train Acc: 0.5414502788997885]
L000254 | [Dev Loss: 1.3829]
L000255 | [Dev F1: 0.3257412494619228]
L000256 | [Dev Acc: 0.3780687397708674]
L000257 | 
L000258-L000273 | [REDACTED: batch progress and internal diagnostics]
L000274 | [Epoch 7] [Time: 2.80]
L000275 | [Train Loss: 1.0772]
L000276 | [Train F1: 0.544090580953701]
L000277 | [Train Acc: 0.5589536449317176]
L000278 | [Dev Loss: 1.3388]
L000279 | [Dev F1: 0.3846772119960851]
L000280 | [Dev Acc: 0.4288052373158756]
L000281 | 
L000282-L000297 | [REDACTED: batch progress and internal diagnostics]
L000298 | [Epoch 8] [Time: 2.79]
L000299 | [Train Loss: 1.0472]
L000300 | [Train F1: 0.5669280061851523]
L000301 | [Train Acc: 0.5729948066935949]
L000302 | [Dev Loss: 1.3646]
L000303 | [Dev F1: 0.3336441162082638]
L000304 | [Dev Acc: 0.3698854337152209]
L000305 | 
L000306-L000321 | [REDACTED: batch progress and internal diagnostics]
L000322 | [Epoch 9] [Time: 2.82]
L000323 | [Train Loss: 1.0166]
L000324 | [Train F1: 0.5742711420636096]
L000325 | [Train Acc: 0.5876130025004809]
L000326 | [Dev Loss: 1.2879]
L000327 | [Dev F1: 0.3815630312977431]
L000328 | [Dev Acc: 0.41898527004909986]
L000329 | 
L000330-L000345 | [REDACTED: batch progress and internal diagnostics]
L000346 | [Epoch 10] [Time: 2.84]
L000347 | [Train Loss: 1.006]
L000348 | [Train F1: 0.583866866382954]
L000349 | [Train Acc: 0.5912675514522023]
L000350 | [Dev Loss: 1.3678]
L000351 | [Dev F1: 0.3549841430342697]
L000352 | [Dev Acc: 0.3960720130932897]
L000353 | 
L000354-L000369 | [REDACTED: batch progress and internal diagnostics]
L000370 | [Epoch 11] [Time: 2.81]
L000371 | [Train Loss: 0.9979]
L000372 | [Train F1: 0.5815115617955947]
L000373 | [Train Acc: 0.590113483362185]
L000374 | [Dev Loss: 1.2445]
L000375 | [Dev F1: 0.41664947939107666]
L000376 | [Dev Acc: 0.44189852700491]
L000377 | 
L000378-L000393 | [REDACTED: batch progress and internal diagnostics]
L000394 | [Epoch 12] [Time: 2.74]
L000395 | [Train Loss: 0.9749]
L000396 | [Train F1: 0.5956177485013395]
L000397 | [Train Acc: 0.6031929217157146]
L000398 | [Dev Loss: 1.2916]
L000399 | [Dev F1: 0.3828571118028528]
L000400 | [Dev Acc: 0.4288052373158756]
L000401 | 
L000402-L000417 | [REDACTED: batch progress and internal diagnostics]
L000418 | [Epoch 13] [Time: 2.94]
L000419 | [Train Loss: 0.9683]
L000420 | [Train F1: 0.5954359777547874]
L000421 | [Train Acc: 0.6045393344874014]
L000422 | [Dev Loss: 1.2842]
L000423 | [Dev F1: 0.3934006805843266]
L000424 | [Dev Acc: 0.4206219312602291]
L000425 | 
L000426-L000441 | [REDACTED: batch progress and internal diagnostics]
L000442 | [Epoch 14] [Time: 2.78]
L000443 | [Train Loss: 0.9832]
L000444 | [Train F1: 0.583467350428275]
L000445 | [Train Acc: 0.5868436237738026]
L000446 | [Dev Loss: 1.3258]
L000447 | [Dev F1: 0.36369731041722597]
L000448 | [Dev Acc: 0.40425531914893614]
L000449 | 
L000450-L000465 | [REDACTED: batch progress and internal diagnostics]
L000466 | [Epoch 15] [Time: 2.88]
L000467 | [Train Loss: 0.9635]
L000468 | [Train F1: 0.5892185854598666]
L000469 | [Train Acc: 0.6006924408540104]
L000470 | [Dev Loss: 1.2637]
L000471 | [Dev F1: 0.41558413197850497]
L000472 | [Dev Acc: 0.45171849427168576]
L000473 | 
L000474-L000489 | [REDACTED: batch progress and internal diagnostics]
L000490 | [Epoch 16] [Time: 2.69]
L000491 | [Train Loss: 0.9552]
L000492 | [Train F1: 0.604348132777165]
L000493 | [Train Acc: 0.606847470667436]
L000494 | [Dev Loss: 1.2964]
L000495 | [Dev F1: 0.430177448617881]
L000496 | [Dev Acc: 0.4451718494271686]
L000497 | 
L000498-L000513 | [REDACTED: batch progress and internal diagnostics]
L000514 | [Epoch 17] [Time: 2.92]
L000515 | [Train Loss: 0.941]
L000516 | [Train F1: 0.6019309443701463]
L000517 | [Train Acc: 0.6095402962108097]
L000518 | [Dev Loss: 1.438]
L000519 | [Dev F1: 0.36070956786975866]
L000520 | [Dev Acc: 0.40425531914893614]
L000521 | 
L000522-L000537 | [REDACTED: batch progress and internal diagnostics]
L000538 | [Epoch 18] [Time: 2.70]
L000539 | [Train Loss: 0.9379]
L000540 | [Train F1: 0.6015335542273614]
L000541 | [Train Acc: 0.6045393344874014]
L000542 | [Dev Loss: 1.2399]
L000543 | [Dev F1: 0.461058576068454]
L000544 | [Dev Acc: 0.47299509001636664]
L000545 | 
L000546-L000561 | [REDACTED: batch progress and internal diagnostics]
L000562 | [Epoch 19] [Time: 2.61]
L000563 | [Train Loss: 0.9085]
L000564 | [Train F1: 0.6094151482966766]
L000565 | [Train Acc: 0.6128101557991922]
L000566 | [Dev Loss: 1.4156]
L000567 | [Dev F1: 0.39703531764979405]
L000568 | [Dev Acc: 0.4075286415711948]
L000569 | 
L000570-L000585 | [REDACTED: batch progress and internal diagnostics]
L000586 | [Epoch 20] [Time: 2.75]
L000587 | [Train Loss: 0.9048]
L000588 | [Train F1: 0.6056824685033997]
L000589 | [Train Acc: 0.6122331217541835]
L000590 | [Dev Loss: 1.2925]
L000591 | [Dev F1: 0.4105003881867794]
L000592 | [Dev Acc: 0.425531914893617]
L000593 | 
L000594-L000609 | [REDACTED: batch progress and internal diagnostics]
L000610 | [Epoch 21] [Time: 2.74]
L000611 | [Train Loss: 0.9148]
L000612 | [Train F1: 0.599336479231323]
L000613 | [Train Acc: 0.6008847855356799]
L000614 | [Dev Loss: 1.3656]
L000615 | [Dev F1: 0.4131003406296597]
L000616 | [Dev Acc: 0.43044189852700493]
L000617 | 
L000618-L000633 | [REDACTED: batch progress and internal diagnostics]
L000634 | [Epoch 22] [Time: 2.92]
L000635 | [Train Loss: 0.9]
L000636 | [Train F1: 0.600035727972196]
L000637 | [Train Acc: 0.6064627813040969]
L000638 | [Dev Loss: 1.3924]
L000639 | [Dev F1: 0.42197801374844884]
L000640 | [Dev Acc: 0.44844517184942717]
L000641 | 
L000642-L000657 | [REDACTED: batch progress and internal diagnostics]
L000658 | [Epoch 23] [Time: 2.71]
L000659 | [Train Loss: 0.8986]
L000660 | [Train F1: 0.6104675569868356]
L000661 | [Train Acc: 0.6143489132525486]
L000662 | [Dev Loss: 1.4091]
L000663 | [Dev F1: 0.39607991195000103]
L000664 | [Dev Acc: 0.4026186579378069]
L000665 | 
L000666-L000681 | [REDACTED: batch progress and internal diagnostics]
L000682 | [Epoch 24] [Time: 2.77]
L000683 | [Train Loss: 0.893]
L000684 | [Train F1: 0.6172007177336037]
L000685 | [Train Acc: 0.61800346220427]
L000686 | [Dev Loss: 1.3538]
L000687 | [Dev F1: 0.4386335823789646]
L000688 | [Dev Acc: 0.45499181669394434]
L000689 | 
L000690-L000705 | [REDACTED: batch progress and internal diagnostics]
L000706 | [Epoch 25] [Time: 2.62]
L000707 | [Train Loss: 0.9009]
L000708 | [Train F1: 0.6045231639697243]
L000709 | [Train Acc: 0.6105020196191575]
L000710 | [Dev Loss: 1.4397]
L000711 | [Dev F1: 0.38549155586437106]
L000712 | [Dev Acc: 0.4157119476268412]
L000713 | 
L000714-L000729 | [REDACTED: batch progress and internal diagnostics]
L000730 | [Epoch 26] [Time: 2.74]
L000731 | [Train Loss: 0.8924]
L000732 | [Train F1: 0.6177851656212145]
L000733 | [Train Acc: 0.6216580111559915]
L000734 | [Dev Loss: 1.2864]
L000735 | [Dev F1: 0.4538378687565302]
L000736 | [Dev Acc: 0.46317512274959083]
L000737 | 
L000738-L000753 | [REDACTED: batch progress and internal diagnostics]
L000754 | [Epoch 27] [Time: 2.73]
L000755 | [Train Loss: 0.8955]
L000756 | [Train F1: 0.6102468458764397]
L000757 | [Train Acc: 0.6143489132525486]
L000758 | [Dev Loss: 1.4114]
L000759 | [Dev F1: 0.366526496884462]
L000760 | [Dev Acc: 0.37479541734860883]
L000761 | 
L000762-L000777 | [REDACTED: batch progress and internal diagnostics]
L000778 | [Epoch 28] [Time: 2.76]
L000779 | [Train Loss: 0.891]
L000780 | [Train F1: 0.6191005502621877]
L000781 | [Train Acc: 0.6208886324293134]
L000782 | [Dev Loss: 1.3438]
L000783 | [Dev F1: 0.4240636329155939]
L000784 | [Dev Acc: 0.4451718494271686]
L000785 | 
L000786-L000801 | [REDACTED: batch progress and internal diagnostics]
L000802 | [Epoch 29] [Time: 2.82]
L000803 | [Train Loss: 0.8713]
L000804 | [Train F1: 0.628521824297251]
L000805 | [Train Acc: 0.6314675899211387]
L000806 | [Dev Loss: 1.2766]
L000807 | [Dev F1: 0.43593720366622324]
L000808 | [Dev Acc: 0.4582651391162029]
L000809 | 
L000810-L000825 | [REDACTED: batch progress and internal diagnostics]
L000826 | [Epoch 30] [Time: 2.74]
L000827 | [Train Loss: 0.8785]
L000828 | [Train F1: 0.615252616394586]
L000829 | [Train Acc: 0.6183881515676092]
L000830 | [Dev Loss: 1.3302]
L000831 | [Dev F1: 0.4266693589522932]
L000832 | [Dev Acc: 0.4451718494271686]
L000833 | 
L000834-L000849 | [REDACTED: batch progress and internal diagnostics]
L000850 | [Epoch 31] [Time: 2.76]
L000851 | [Train Loss: 0.8863]
L000852 | [Train F1: 0.6125925542438004]
L000853 | [Train Acc: 0.6172340834775919]
L000854 | [Dev Loss: 1.2837]
L000855 | [Dev F1: 0.43828260895257576]
L000856 | [Dev Acc: 0.4451718494271686]
L000857 | 
L000858-L000873 | [REDACTED: batch progress and internal diagnostics]
L000874 | [Epoch 32] [Time: 3.04]
L000875 | [Train Loss: 0.8739]
L000876 | [Train F1: 0.6122626805520213]
L000877 | [Train Acc: 0.614156568570879]
L000878 | [Dev Loss: 1.3064]
L000879 | [Dev F1: 0.37712086013261514]
L000880 | [Dev Acc: 0.425531914893617]
L000881 | 
L000882-L000897 | [REDACTED: batch progress and internal diagnostics]
L000898 | [Epoch 33] [Time: 2.71]
L000899 | [Train Loss: 0.8713]
L000900 | [Train F1: 0.6104676615398509]
L000901 | [Train Acc: 0.6155029813425659]
L000902 | [Dev Loss: 1.2942]
L000903 | [Dev F1: 0.41689531204100794]
L000904 | [Dev Acc: 0.4353518821603928]
L000905 | 
L000906-L000921 | [REDACTED: batch progress and internal diagnostics]
L000922 | [Epoch 34] [Time: 2.68]
L000923 | [Train Loss: 0.8541]
L000924 | [Train F1: 0.6207789042573276]
L000925 | [Train Acc: 0.6256972494710521]
L000926 | [Dev Loss: 1.2912]
L000927 | [Dev F1: 0.4331750093949294]
L000928 | [Dev Acc: 0.45499181669394434]
L000929 | 
L000930-L000945 | [REDACTED: batch progress and internal diagnostics]
L000946 | [Epoch 35] [Time: 2.93]
L000947 | [Train Loss: 0.8474]
L000948 | [Train F1: 0.627074710980791]
L000949 | [Train Acc: 0.6289671090594345]
L000950 | [Dev Loss: 1.2487]
L000951 | [Dev F1: 0.4508235134955052]
L000952 | [Dev Acc: 0.46317512274959083]
L000953 | 
L000954-L000969 | [REDACTED: batch progress and internal diagnostics]
L000970 | [Epoch 36] [Time: 2.71]
L000971 | [Train Loss: 0.847]
L000972 | [Train F1: 0.6206699694206651]
L000973 | [Train Acc: 0.6266589728793999]
L000974 | [Dev Loss: 1.3]
L000975 | [Dev F1: 0.4250991754702722]
L000976 | [Dev Acc: 0.4386252045826514]
L000977 | 
L000978-L000993 | [REDACTED: batch progress and internal diagnostics]
L000994 | [Epoch 37] [Time: 2.71]
L000995 | [Train Loss: 0.8335]
L000996 | [Train F1: 0.624826399581931]
L000997 | [Train Acc: 0.6281977303327563]
L000998 | [Dev Loss: 1.3016]
L000999 | [Dev F1: 0.4377267066833774]
L001000 | [Dev Acc: 0.45499181669394434]
L001001 | 
L001002-L001017 | [REDACTED: batch progress and internal diagnostics]
L001018 | [Epoch 38] [Time: 2.75]
L001019 | [Train Loss: 0.8445]
L001020 | [Train F1: 0.6315421865482177]
L001021 | [Train Acc: 0.6351221388728602]
L001022 | [Dev Loss: 1.2796]
L001023 | [Dev F1: 0.4229380771946984]
L001024 | [Dev Acc: 0.4533551554828151]
L001025 | 
L001026-L001041 | [REDACTED: batch progress and internal diagnostics]
L001042 | [Epoch 39] [Time: 2.86]
L001043 | [Train Loss: 0.8382]
L001044 | [Train F1: 0.6240179907824105]
L001045 | [Train Acc: 0.6258895941527217]
L001046 | [Dev Loss: 1.263]
L001047 | [Dev F1: 0.4346280012750914]
L001048 | [Dev Acc: 0.44844517184942717]
L001049 | 
L001050-L001065 | [REDACTED: batch progress and internal diagnostics]
L001066 | [Epoch 40] [Time: 2.64]
L001067 | [Train Loss: 0.8309]
L001068 | [Train F1: 0.6339484900517048]
L001069 | [Train Acc: 0.6366608963262166]
L001070 | [Dev Loss: 1.2714]
L001071 | [Dev F1: 0.4388350704721485]
L001072 | [Dev Acc: 0.45171849427168576]
L001073 | 
L001074-L001089 | [REDACTED: batch progress and internal diagnostics]
L001090 | [Epoch 41] [Time: 2.76]
L001091 | [Train Loss: 0.8233]
L001092 | [Train F1: 0.6310276008977804]
L001093 | [Train Acc: 0.6343527601461819]
L001094 | [Dev Loss: 1.3216]
L001095 | [Dev F1: 0.43915076901913563]
L001096 | [Dev Acc: 0.46153846153846156]
L001097 | 
L001098-L001113 | [REDACTED: batch progress and internal diagnostics]
L001114 | [Epoch 42] [Time: 2.79]
L001115 | [Train Loss: 0.8268]
L001116 | [Train F1: 0.6342302863828911]
L001117 | [Train Acc: 0.6368532410078861]
L001118 | [Dev Loss: 1.3044]
L001119 | [Dev F1: 0.4567310912971386]
L001120 | [Dev Acc: 0.4779050736497545]
L001121 | 
L001122-L001137 | [REDACTED: batch progress and internal diagnostics]
L001138 | [Epoch 43] [Time: 2.75]
L001139 | [Train Loss: 0.8341]
L001140 | [Train F1: 0.624973037960088]
L001141 | [Train Acc: 0.6283900750144259]
L001142 | [Dev Loss: 1.2739]
L001143 | [Dev F1: 0.45301857909223436]
L001144 | [Dev Acc: 0.469721767594108]
L001145 | 
L001146-L001161 | [REDACTED: batch progress and internal diagnostics]
L001162 | [Epoch 44] [Time: 2.93]
L001163 | [Train Loss: 0.8469]
L001164 | [Train F1: 0.6186787400520771]
L001165 | [Train Acc: 0.6247355260627043]
L001166 | [Dev Loss: 1.2155]
L001167 | [Dev F1: 0.4629016627845087]
L001168 | [Dev Acc: 0.4746317512274959]
L001169 | 
L001170-L001185 | [REDACTED: batch progress and internal diagnostics]
L001186 | [Epoch 45] [Time: 2.79]
L001187 | [Train Loss: 0.8464]
L001188 | [Train F1: 0.6282795780222948]
L001189 | [Train Acc: 0.6322369686478169]
L001190 | [Dev Loss: 1.3749]
L001191 | [Dev F1: 0.4293067164409258]
L001192 | [Dev Acc: 0.469721767594108]
L001193 | 
L001194-L001209 | [REDACTED: batch progress and internal diagnostics]
L001210 | [Epoch 46] [Time: 2.80]
L001211 | [Train Loss: 0.8303]
L001212 | [Train F1: 0.6227264924990269]
L001213 | [Train Acc: 0.6247355260627043]
L001214 | [Dev Loss: 1.2286]
L001215 | [Dev F1: 0.46317976215320444]
L001216 | [Dev Acc: 0.4779050736497545]
L001217 | 
L001218-L001233 | [REDACTED: batch progress and internal diagnostics]
L001234 | [Epoch 47] [Time: 2.76]
L001235 | [Train Loss: 0.824]
L001236 | [Train F1: 0.6311537173433049]
L001237 | [Train Acc: 0.6351221388728602]
L001238 | [Dev Loss: 1.3154]
L001239 | [Dev F1: 0.39842608244669914]
L001240 | [Dev Acc: 0.43044189852700493]
L001241 | 
L001242-L001257 | [REDACTED: batch progress and internal diagnostics]
L001258 | [Epoch 48] [Time: 2.69]
L001259 | [Train Loss: 0.8197]
L001260 | [Train F1: 0.629314383631577]
L001261 | [Train Acc: 0.632621658011156]
L001262 | [Dev Loss: 1.3439]
L001263 | [Dev F1: 0.4425227438528963]
L001264 | [Dev Acc: 0.4664484451718494]
L001265 | 
L001266-L001281 | [REDACTED: batch progress and internal diagnostics]
L001282 | [Epoch 49] [Time: 2.86]
L001283 | [Train Loss: 0.8144]
L001284 | [Train F1: 0.6325450673455845]
L001285 | [Train Acc: 0.6358915175995383]
L001286 | [Dev Loss: 1.2621]
L001287 | [Dev F1: 0.40043161090521606]
L001288 | [Dev Acc: 0.4337152209492635]
L001289 | 
L001290-L001305 | [REDACTED: batch progress and internal diagnostics]
L001306 | [Epoch 50] [Time: 2.68]
L001307 | [Train Loss: 0.8203]
L001308 | [Train F1: 0.639612916780398]
L001309 | [Train Acc: 0.6424312367763031]
L001310 | [Dev Loss: 1.2648]
L001311 | [Dev F1: 0.4446497403883949]
L001312 | [Dev Acc: 0.46481178396072015]
L001313 | 
L001314-L001329 | [REDACTED: batch progress and internal diagnostics]
L001330 | [Epoch 51] [Time: 2.73]
L001331 | [Train Loss: 0.8111]
L001332 | [Train F1: 0.6323872771925171]
L001333 | [Train Acc: 0.6378149644162339]
L001334 | [Dev Loss: 1.3366]
L001335 | [Dev F1: 0.42374668495701784]
L001336 | [Dev Acc: 0.47299509001636664]
L001337 | 
L001338-L001353 | [REDACTED: batch progress and internal diagnostics]
L001354 | [Epoch 52] [Time: 2.99]
L001355 | [Train Loss: 0.8224]
L001356 | [Train F1: 0.6289147446256484]
L001357 | [Train Acc: 0.629159453741104]
L001358 | [Dev Loss: 1.2699]
L001359 | [Dev F1: 0.4330771165170942]
L001360 | [Dev Acc: 0.4402618657937807]
L001361 | 
L001362-L001377 | [REDACTED: batch progress and internal diagnostics]
L001378 | [Epoch 53] [Time: 2.73]
L001379 | [Train Loss: 0.8201]
L001380 | [Train F1: 0.6324612396824022]
L001381 | [Train Acc: 0.6370455856895557]
L001382 | [Dev Loss: 1.2964]
L001383 | [Dev F1: 0.44821690151621024]
L001384 | [Dev Acc: 0.4795417348608838]
L001385 | 
L001386-L001401 | [REDACTED: batch progress and internal diagnostics]
L001402 | [Epoch 54] [Time: 2.81]
L001403 | [Train Loss: 0.8172]
L001404 | [Train F1: 0.6357395159967831]
L001405 | [Train Acc: 0.6397384112329294]
L001406 | [Dev Loss: 1.2662]
L001407 | [Dev F1: 0.46319465646590113]
L001408 | [Dev Acc: 0.4844517184942717]
L001409 | 
L001410-L001425 | [REDACTED: batch progress and internal diagnostics]
L001426 | [Epoch 55] [Time: 2.72]
L001427 | [Train Loss: 0.8006]
L001428 | [Train F1: 0.6306253801635985]
L001429 | [Train Acc: 0.6335833814195038]
L001430 | [Dev Loss: 1.286]
L001431 | [Dev F1: 0.44954668581358187]
L001432 | [Dev Acc: 0.47299509001636664]
L001433 | 
L001434-L001449 | [REDACTED: batch progress and internal diagnostics]
L001450 | [Epoch 56] [Time: 2.78]
L001451 | [Train Loss: 0.8102]
L001452 | [Train F1: 0.6389839747256856]
L001453 | [Train Acc: 0.6424312367763031]
L001454 | [Dev Loss: 1.2533]
L001455 | [Dev F1: 0.43725150238104793]
L001456 | [Dev Acc: 0.4402618657937807]
L001457 | 
L001458-L001473 | [REDACTED: batch progress and internal diagnostics]
L001474 | [Epoch 57] [Time: 2.68]
L001475 | [Train Loss: 0.8029]
L001476 | [Train F1: 0.638261885412838]
L001477 | [Train Acc: 0.6399307559145989]
L001478 | [Dev Loss: 1.2387]
L001479 | [Dev F1: 0.45749988582856527]
L001480 | [Dev Acc: 0.48117839607201307]
L001481 | 
L001482-L001497 | [REDACTED: batch progress and internal diagnostics]
L001498 | [Epoch 58] [Time: 2.80]
L001499 | [Train Loss: 0.8072]
L001500 | [Train F1: 0.6342820662903949]
L001501 | [Train Acc: 0.6378149644162339]
L001502 | [Dev Loss: 1.3646]
L001503 | [Dev F1: 0.42367403682573285]
L001504 | [Dev Acc: 0.46153846153846156]
L001505 | 
L001506-L001521 | [REDACTED: batch progress and internal diagnostics]
L001522 | [Epoch 59] [Time: 2.84]
L001523 | [Train Loss: 0.8048]
L001524 | [Train F1: 0.632320914396552]
L001525 | [Train Acc: 0.6374302750528947]
L001526 | [Dev Loss: 1.2058]
L001527 | [Dev F1: 0.4520407178730025]
L001528 | [Dev Acc: 0.45990180032733224]
L001529 | 
L001530-L001545 | [REDACTED: batch progress and internal diagnostics]
L001546 | [Epoch 60] [Time: 2.58]
L001547 | [Train Loss: 0.8168]
L001548 | [Train F1: 0.6343769187164912]
L001549 | [Train Acc: 0.6364685516445471]
L001550 | [Dev Loss: 1.3695]
L001551 | [Dev F1: 0.41088224869538736]
L001552 | [Dev Acc: 0.469721767594108]
L001553 | 
L001554-L001569 | [REDACTED: batch progress and internal diagnostics]
L001570 | [Epoch 61] [Time: 2.73]
L001571 | [Train Loss: 0.8221]
L001572 | [Train F1: 0.6279753636722056]
L001573 | [Train Acc: 0.6312752452394691]
L001574 | [Dev Loss: 1.2021]
L001575 | [Dev F1: 0.42108330214285006]
L001576 | [Dev Acc: 0.46153846153846156]
L001577 | 
L001578-L001593 | [REDACTED: batch progress and internal diagnostics]
L001594 | [Epoch 62] [Time: 2.82]
L001595 | [Train Loss: 0.8284]
L001596 | [Train F1: 0.6301104586635622]
L001597 | [Train Acc: 0.6355068282361993]
L001598 | [Dev Loss: 1.4286]
L001599 | [Dev F1: 0.3971384499859158]
L001600 | [Dev Acc: 0.44189852700491]
L001601 | 
L001602-L001617 | [REDACTED: batch progress and internal diagnostics]
L001618 | [Epoch 63] [Time: 2.87]
L001619 | [Train Loss: 0.8144]
L001620 | [Train F1: 0.6319145984943022]
L001621 | [Train Acc: 0.6337757261011733]
L001622 | [Dev Loss: 1.2217]
L001623 | [Dev F1: 0.42161737355388035]
L001624 | [Dev Acc: 0.4238952536824877]
L001625 | 
L001626-L001641 | [REDACTED: batch progress and internal diagnostics]
L001642 | [Epoch 64] [Time: 2.75]
L001643 | [Train Loss: 0.8286]
L001644 | [Train F1: 0.634783145450116]
L001645 | [Train Acc: 0.6383919984612425]
L001646 | [Dev Loss: 1.2761]
L001647 | [Dev F1: 0.4481932318707581]
L001648 | [Dev Acc: 0.4779050736497545]
L001649 | 
L001650-L001665 | [REDACTED: batch progress and internal diagnostics]
L001666 | [Epoch 65] [Time: 2.72]
L001667 | [Train Loss: 0.8026]
L001668 | [Train F1: 0.6327933446264375]
L001669 | [Train Acc: 0.6383919984612425]
L001670 | [Dev Loss: 1.2739]
L001671 | [Dev F1: 0.43792727928102354]
L001672 | [Dev Acc: 0.45499181669394434]
L001673 | 
L001674-L001689 | [REDACTED: batch progress and internal diagnostics]
L001690 | [Epoch 66] [Time: 2.71]
L001691 | [Train Loss: 0.7996]
L001692 | [Train F1: 0.6439686737667162]
L001693 | [Train Acc: 0.6472398538180419]
L001694 | [Dev Loss: 1.2813]
L001695 | [Dev F1: 0.4497788390978021]
L001696 | [Dev Acc: 0.4779050736497545]
L001697 | 
L001698-L001713 | [REDACTED: batch progress and internal diagnostics]
L001714 | [Epoch 67] [Time: 2.91]
L001715 | [Train Loss: 0.7837]
L001716 | [Train F1: 0.6490908525319794]
L001717 | [Train Acc: 0.651471436814772]
L001718 | [Dev Loss: 1.2262]
L001719 | [Dev F1: 0.46775643450784277]
L001720 | [Dev Acc: 0.49427168576104746]
L001721 | 
L001722-L001737 | [REDACTED: batch progress and internal diagnostics]
L001738 | [Epoch 68] [Time: 2.72]
L001739 | [Train Loss: 0.7783]
L001740 | [Train F1: 0.6521703140486788]
L001741 | [Train Acc: 0.6557030198115023]
L001742 | [Dev Loss: 1.2646]
L001743 | [Dev F1: 0.4552149999895863]
L001744 | [Dev Acc: 0.4779050736497545]
L001745 | 
L001746-L001761 | [REDACTED: batch progress and internal diagnostics]
L001762 | [Epoch 69] [Time: 2.77]
L001763 | [Train Loss: 0.7732]
L001764 | [Train F1: 0.6391793095660503]
L001765 | [Train Acc: 0.6408924793229467]
L001766 | [Dev Loss: 1.2656]
L001767 | [Dev F1: 0.4511639014365377]
L001768 | [Dev Acc: 0.4844517184942717]
L001769 | 
L001770-L001785 | [REDACTED: batch progress and internal diagnostics]
L001786 | [Epoch 70] [Time: 2.88]
L001787 | [Train Loss: 0.7745]
L001788 | [Train F1: 0.6484541209047149]
L001789 | [Train Acc: 0.6516637814964417]
L001790 | [Dev Loss: 1.2403]
L001791 | [Dev F1: 0.48033465754699745]
L001792 | [Dev Acc: 0.49918166939443537]
L001793 | 
L001794-L001809 | [REDACTED: batch progress and internal diagnostics]
L001810 | [Epoch 71] [Time: 2.73]
L001811 | [Train Loss: 0.784]
L001812 | [Train F1: 0.6382267536467735]
L001813 | [Train Acc: 0.640315445277938]
L001814 | [Dev Loss: 1.2954]
L001815 | [Dev F1: 0.45886543054805956]
L001816 | [Dev Acc: 0.4779050736497545]
L001817 | 
L001818-L001833 | [REDACTED: batch progress and internal diagnostics]
L001834 | [Epoch 72] [Time: 2.85]
L001835 | [Train Loss: 0.7823]
L001836 | [Train F1: 0.6454315429194909]
L001837 | [Train Acc: 0.6472398538180419]
L001838 | [Dev Loss: 1.2498]
L001839 | [Dev F1: 0.4542370794383306]
L001840 | [Dev Acc: 0.4779050736497545]
L001841 | 
L001842-L001857 | [REDACTED: batch progress and internal diagnostics]
L001858 | [Epoch 73] [Time: 2.95]
L001859 | [Train Loss: 0.7716]
L001860 | [Train F1: 0.6484200343765449]
L001861 | [Train Acc: 0.6545489517214849]
L001862 | [Dev Loss: 1.245]
L001863 | [Dev F1: 0.455491077972678]
L001864 | [Dev Acc: 0.4779050736497545]
L001865 | 
L001866-L001881 | [REDACTED: batch progress and internal diagnostics]
L001882 | [Epoch 74] [Time: 2.74]
L001883 | [Train Loss: 0.7645]
L001884 | [Train F1: 0.6544471544611393]
L001885 | [Train Acc: 0.6543566070398154]
L001886 | [Dev Loss: 1.2336]
L001887 | [Dev F1: 0.462508483032765]
L001888 | [Dev Acc: 0.4828150572831424]
L001889 | 
L001890-L001905 | [REDACTED: batch progress and internal diagnostics]
L001906 | [Epoch 75] [Time: 2.96]
L001907 | [Train Loss: 0.7761]
L001908 | [Train F1: 0.6456566114316751]
L001909 | [Train Acc: 0.6485862665897288]
L001910 | [Dev Loss: 1.3462]
L001911 | [Dev F1: 0.4075498733865228]
L001912 | [Dev Acc: 0.45499181669394434]
L001913 | 
L001914-L001929 | [REDACTED: batch progress and internal diagnostics]
L001930 | [Epoch 76] [Time: 2.86]
L001931 | [Train Loss: 0.7836]
L001932 | [Train F1: 0.6512294795811924]
L001933 | [Train Acc: 0.6535872283131371]
L001934 | [Dev Loss: 1.1626]
L001935 | [Dev F1: 0.47588630833311685]
L001936 | [Dev Acc: 0.49427168576104746]
L001937 | 
L001938-L001953 | [REDACTED: batch progress and internal diagnostics]
L001954 | [Epoch 77] [Time: 2.82]
L001955 | [Train Loss: 0.7831]
L001956 | [Train F1: 0.6476940254473035]
L001957 | [Train Acc: 0.6487786112713984]
L001958 | [Dev Loss: 1.4001]
L001959 | [Dev F1: 0.44795400131462726]
L001960 | [Dev Acc: 0.48117839607201307]
L001961 | 
L001962-L001977 | [REDACTED: batch progress and internal diagnostics]
L001978 | [Epoch 78] [Time: 2.77]
L001979 | [Train Loss: 0.7911]
L001980 | [Train F1: 0.6485513669708781]
L001981 | [Train Acc: 0.6522408155414503]
L001982 | [Dev Loss: 1.1923]
L001983 | [Dev F1: 0.47160028346994304]
L001984 | [Dev Acc: 0.4909983633387889]
L001985 | 
L001986-L002001 | [REDACTED: batch progress and internal diagnostics]
L002002 | [Epoch 79] [Time: 2.81]
L002003 | [Train Loss: 0.7866]
L002004 | [Train F1: 0.6507127598257364]
L002005 | [Train Acc: 0.6539719176764762]
L002006 | [Dev Loss: 1.2757]
L002007 | [Dev F1: 0.4313244149806716]
L002008 | [Dev Acc: 0.469721767594108]
L002009 | 
L002010-L002025 | [REDACTED: batch progress and internal diagnostics]
L002026 | [Epoch 80] [Time: 2.77]
L002027 | [Train Loss: 0.7618]
L002028 | [Train F1: 0.6577968728318562]
L002029 | [Train Acc: 0.6593575687632237]
L002030 | [Dev Loss: 1.2131]
L002031 | [Dev F1: 0.47273964912806643]
L002032 | [Dev Acc: 0.48936170212765956]
L002033 | 
L002034-L002049 | [REDACTED: batch progress and internal diagnostics]
L002050 | [Epoch 81] [Time: 2.91]
L002051 | [Train Loss: 0.7656]
L002052 | [Train F1: 0.6512332771183577]
L002053 | [Train Acc: 0.6520484708597807]
L002054 | [Dev Loss: 1.2359]
L002055 | [Dev F1: 0.44679273734181224]
L002056 | [Dev Acc: 0.469721767594108]
L002057 | 
L002058-L002073 | [REDACTED: batch progress and internal diagnostics]
L002074 | [Epoch 82] [Time: 2.71]
L002075 | [Train Loss: 0.761]
L002076 | [Train F1: 0.6574324617733603]
L002077 | [Train Acc: 0.6593575687632237]
L002078 | [Dev Loss: 1.2586]
L002079 | [Dev F1: 0.46428729615673037]
L002080 | [Dev Acc: 0.48117839607201307]
L002081 | 
L002082-L002097 | [REDACTED: batch progress and internal diagnostics]
L002098 | [Epoch 83] [Time: 2.84]
L002099 | [Train Loss: 0.7625]
L002100 | [Train F1: 0.658644269925872]
L002101 | [Train Acc: 0.660511636853241]
L002102 | [Dev Loss: 1.2128]
L002103 | [Dev F1: 0.45036069208344753]
L002104 | [Dev Acc: 0.4762684124386252]
L002105 | 
L002106-L002121 | [REDACTED: batch progress and internal diagnostics]
L002122 | [Epoch 84] [Time: 2.89]
L002123 | [Train Loss: 0.76]
L002124 | [Train F1: 0.6572664741849478]
L002125 | [Train Acc: 0.6593575687632237]
L002126 | [Dev Loss: 1.2458]
L002127 | [Dev F1: 0.4614488411044329]
L002128 | [Dev Acc: 0.4795417348608838]
L002129 | 
L002130-L002145 | [REDACTED: batch progress and internal diagnostics]
L002146 | [Epoch 85] [Time: 2.77]
L002147 | [Train Loss: 0.7521]
L002148 | [Train F1: 0.6609026718324332]
L002149 | [Train Acc: 0.6635891517599538]
L002150 | [Dev Loss: 1.2489]
L002151 | [Dev F1: 0.4466762176458863]
L002152 | [Dev Acc: 0.4795417348608838]
L002153 | 
L002154-L002169 | [REDACTED: batch progress and internal diagnostics]
L002170 | [Epoch 86] [Time: 2.67]
L002171 | [Train Loss: 0.7569]
L002172 | [Train F1: 0.6612082594560015]
L002173 | [Train Acc: 0.6614733602615888]
L002174 | [Dev Loss: 1.2274]
L002175 | [Dev F1: 0.4592702158426437]
L002176 | [Dev Acc: 0.47299509001636664]
L002177 | 
L002178-L002193 | [REDACTED: batch progress and internal diagnostics]
L002194 | [Epoch 87] [Time: 2.90]
L002195 | [Train Loss: 0.742]
L002196 | [Train F1: 0.6649503975384515]
L002197 | [Train Acc: 0.668205424120023]
L002198 | [Dev Loss: 1.2444]
L002199 | [Dev F1: 0.46380452588609533]
L002200 | [Dev Acc: 0.486088379705401]
L002201 | 
L002202-L002217 | [REDACTED: batch progress and internal diagnostics]
L002218 | [Epoch 88] [Time: 2.79]
L002219 | [Train Loss: 0.7419]
L002220 | [Train F1: 0.6691034747857721]
L002221 | [Train Acc: 0.6701288709367186]
L002222 | [Dev Loss: 1.2386]
L002223 | [Dev F1: 0.4669426637592354]
L002224 | [Dev Acc: 0.4909983633387889]
L002225 | 
L002226-L002241 | [REDACTED: batch progress and internal diagnostics]
L002242 | [Epoch 89] [Time: 2.77]
L002243 | [Train Loss: 0.7374]
L002244 | [Train F1: 0.6674949732710355]
L002245 | [Train Acc: 0.6701288709367186]
L002246 | [Dev Loss: 1.2425]
L002247 | [Dev F1: 0.4676147714827477]
L002248 | [Dev Acc: 0.49754500818330605]
L002249 | 
L002250-L002265 | [REDACTED: batch progress and internal diagnostics]
L002266 | [Epoch 90] [Time: 2.95]
L002267 | [Train Loss: 0.7401]
L002268 | [Train F1: 0.6718107014966355]
L002269 | [Train Acc: 0.6724370071167532]
L002270 | [Dev Loss: 1.3054]
L002271 | [Dev F1: 0.4472940054007627]
L002272 | [Dev Acc: 0.46808510638297873]
L002273 | 
L002274-L002289 | [REDACTED: batch progress and internal diagnostics]
L002290 | [Epoch 91] [Time: 2.75]
L002291 | [Train Loss: 0.7451]
L002292 | [Train F1: 0.6692606866289107]
L002293 | [Train Acc: 0.6710905943450663]
L002294 | [Dev Loss: 1.2456]
L002295 | [Dev F1: 0.45547464092877166]
L002296 | [Dev Acc: 0.4779050736497545]
L002297 | 
L002298-L002313 | [REDACTED: batch progress and internal diagnostics]
L002314 | [Epoch 92] [Time: 2.86]
L002315 | [Train Loss: 0.7469]
L002316 | [Train F1: 0.6654870861920644]
L002317 | [Train Acc: 0.6668590113483363]
L002318 | [Dev Loss: 1.2497]
L002319 | [Dev F1: 0.48972122427250125]
L002320 | [Dev Acc: 0.513911620294599]
L002321 | 
L002322-L002337 | [REDACTED: batch progress and internal diagnostics]
L002338 | [Epoch 93] [Time: 2.82]
L002339 | [Train Loss: 0.7292]
L002340 | [Train F1: 0.6771034064550263]
L002341 | [Train Acc: 0.6774379688401616]
L002342 | [Dev Loss: 1.2479]
L002343 | [Dev F1: 0.46460387330749026]
L002344 | [Dev Acc: 0.4959083469721768]
L002345 | 
L002346-L002361 | [REDACTED: batch progress and internal diagnostics]
L002362 | [Epoch 94] [Time: 2.77]
L002363 | [Train Loss: 0.7306]
L002364 | [Train F1: 0.6672575461965146]
L002365 | [Train Acc: 0.6714752837084055]
L002366 | [Dev Loss: 1.2853]
L002367 | [Dev F1: 0.47500838446136256]
L002368 | [Dev Acc: 0.49427168576104746]
L002369 | 
L002370-L002385 | [REDACTED: batch progress and internal diagnostics]
L002386 | [Epoch 95] [Time: 2.74]
L002387 | [Train Loss: 0.732]
L002388 | [Train F1: 0.6777617776237465]
L002389 | [Train Acc: 0.6778226582035006]
L002390 | [Dev Loss: 1.2476]
L002391 | [Dev F1: 0.4692100203474449]
L002392 | [Dev Acc: 0.5008183306055647]
L002393 | 
L002394-L002409 | [REDACTED: batch progress and internal diagnostics]
L002410 | [Epoch 96] [Time: 2.76]
L002411 | [Train Loss: 0.7238]
L002412 | [Train F1: 0.6782554188325427]
L002413 | [Train Acc: 0.6803231390652048]
L002414 | [Dev Loss: 1.2613]
L002415 | [Dev F1: 0.4951544952177633]
L002416 | [Dev Acc: 0.5155482815057283]
L002417 | 
L002418-L002433 | [REDACTED: batch progress and internal diagnostics]
L002434 | [Epoch 97] [Time: 2.71]
L002435 | [Train Loss: 0.7155]
L002436 | [Train F1: 0.6819833076239998]
L002437 | [Train Acc: 0.6832083092902481]
L002438 | [Dev Loss: 1.276]
L002439 | [Dev F1: 0.44612639682279775]
L002440 | [Dev Acc: 0.4713584288052373]
L002441 | 
L002442-L002457 | [REDACTED: batch progress and internal diagnostics]
L002458 | [Epoch 98] [Time: 2.85]
L002459 | [Train Loss: 0.7056]
L002460 | [Train F1: 0.6784891634695707]
L002461 | [Train Acc: 0.6812848624735526]
L002462 | [Dev Loss: 1.204]
L002463 | [Dev F1: 0.45059697269160337]
L002464 | [Dev Acc: 0.4828150572831424]
L002465 | 
L002466-L002481 | [REDACTED: batch progress and internal diagnostics]
L002482 | [Epoch 99] [Time: 2.72]
L002483 | [Train Loss: 0.7052]
L002484 | [Train F1: 0.6841883339763543]
L002485 | [Train Acc: 0.6853241007886132]
L002486 | [Dev Loss: 1.2382]
L002487 | [Dev F1: 0.4876294906826243]
L002488 | [Dev Acc: 0.513911620294599]
L002489 | 
L002490-L002505 | [REDACTED: batch progress and internal diagnostics]
L002506 | [Epoch 100] [Time: 2.98]
L002507 | [Train Loss: 0.7002]
L002508 | [Train F1: 0.6948662502173878]
L002509 | [Train Acc: 0.6959030582804385]
L002510 | [Dev Loss: 1.2789]
L002511 | [Dev F1: 0.4747274257468934]
L002512 | [Dev Acc: 0.49918166939443537]
L002513 | 
L002514-L002529 | [REDACTED: batch progress and internal diagnostics]
L002530 | [Epoch 101] [Time: 2.65]
L002531 | [Train Loss: 0.7064]
L002532 | [Train F1: 0.6907748045435765]
L002533 | [Train Acc: 0.6924408540103866]
L002534 | [Dev Loss: 1.2901]
L002535 | [Dev F1: 0.44804466940488885]
L002536 | [Dev Acc: 0.4795417348608838]
L002537 | 
L002538-L002553 | [REDACTED: batch progress and internal diagnostics]
L002554 | [Epoch 102] [Time: 2.64]
L002555 | [Train Loss: 0.7069]
L002556 | [Train F1: 0.6857921247714122]
L002557 | [Train Acc: 0.6878245816503173]
L002558 | [Dev Loss: 1.2848]
L002559 | [Dev F1: 0.456874502389766]
L002560 | [Dev Acc: 0.4844517184942717]
L002561 | 
L002562-L002577 | [REDACTED: batch progress and internal diagnostics]
L002578 | [Epoch 103] [Time: 2.65]
L002579 | [Train Loss: 0.703]
L002580 | [Train F1: 0.6916952323224067]
L002581 | [Train Acc: 0.6924408540103866]
L002582 | [Dev Loss: 1.2278]
L002583 | [Dev F1: 0.48888227828414316]
L002584 | [Dev Acc: 0.5008183306055647]
L002585 | 
L002586-L002601 | [REDACTED: batch progress and internal diagnostics]
L002602 | [Epoch 104] [Time: 2.70]
L002603 | [Train Loss: 0.7151]
L002604 | [Train F1: 0.6880098469662375]
L002605 | [Train Acc: 0.6897480284670129]
L002606 | [Dev Loss: 1.2635]
L002607 | [Dev F1: 0.4700459540411495]
L002608 | [Dev Acc: 0.5040916530278232]
L002609 | 
L002610-L002625 | [REDACTED: batch progress and internal diagnostics]
L002626 | [Epoch 105] [Time: 2.68]
L002627 | [Train Loss: 0.7079]
L002628 | [Train F1: 0.6866944963982586]
L002629 | [Train Acc: 0.6878245816503173]
L002630 | [Dev Loss: 1.3386]
L002631 | [Dev F1: 0.4633682907361363]
L002632 | [Dev Acc: 0.486088379705401]
L002633 | 
L002634-L002649 | [REDACTED: batch progress and internal diagnostics]
L002650 | [Epoch 106] [Time: 2.82]
L002651 | [Train Loss: 0.7212]
L002652 | [Train F1: 0.6839025906164494]
L002653 | [Train Acc: 0.6862858241969609]
L002654 | [Dev Loss: 1.291]
L002655 | [Dev F1: 0.45797627885550113]
L002656 | [Dev Acc: 0.4844517184942717]
L002657 | 
L002658-L002673 | [REDACTED: batch progress and internal diagnostics]
L002674 | [Epoch 107] [Time: 2.66]
L002675 | [Train Loss: 0.7118]
L002676 | [Train F1: 0.6855579159348362]
L002677 | [Train Acc: 0.6885939603769956]
L002678 | [Dev Loss: 1.2687]
L002679 | [Dev F1: 0.48007298435926393]
L002680 | [Dev Acc: 0.5090016366612111]
L002681 | 
L002682-L002697 | [REDACTED: batch progress and internal diagnostics]
L002698 | [Epoch 108] [Time: 2.73]
L002699 | [Train Loss: 0.7056]
L002700 | [Train F1: 0.6946207630347595]
L002701 | [Train Acc: 0.6953260242354299]
L002702 | [Dev Loss: 1.3001]
L002703 | [Dev F1: 0.4819554592765667]
L002704 | [Dev Acc: 0.5106382978723404]
L002705 | 
L002706-L002721 | [REDACTED: batch progress and internal diagnostics]
L002722 | [Epoch 109] [Time: 2.65]
L002723 | [Train Loss: 0.6855]
L002724 | [Train F1: 0.7017070848463516]
L002725 | [Train Acc: 0.7045585689555683]
L002726 | [Dev Loss: 1.3111]
L002727 | [Dev F1: 0.4606156871547633]
L002728 | [Dev Acc: 0.4877250409165303]
L002729 | 
L002730-L002745 | [REDACTED: batch progress and internal diagnostics]
L002746 | [Epoch 110] [Time: 2.67]
L002747 | [Train Loss: 0.6856]
L002748 | [Train F1: 0.7102570544430399]
L002749 | [Train Acc: 0.7112906328140027]
L002750 | [Dev Loss: 1.2634]
L002751 | [Dev F1: 0.5052984451898385]
L002752 | [Dev Acc: 0.5237315875613748]
L002753 | 
L002754-L002769 | [REDACTED: batch progress and internal diagnostics]
L002770 | [Epoch 111] [Time: 2.79]
L002771 | [Train Loss: 0.6622]
L002772 | [Train F1: 0.7096125304036791]
L002773 | [Train Acc: 0.7109059434506636]
L002774 | [Dev Loss: 1.2246]
L002775 | [Dev F1: 0.4896896145567712]
L002776 | [Dev Acc: 0.5073649754500819]
L002777 | 
L002778-L002793 | [REDACTED: batch progress and internal diagnostics]
L002794 | [Epoch 112] [Time: 2.73]
L002795 | [Train Loss: 0.661]
L002796 | [Train F1: 0.7181799093868709]
L002797 | [Train Acc: 0.7187920753991152]
L002798 | [Dev Loss: 1.251]
L002799 | [Dev F1: 0.4888138130480426]
L002800 | [Dev Acc: 0.5040916530278232]
L002801 | 
L002802-L002817 | [REDACTED: batch progress and internal diagnostics]
L002818 | [Epoch 113] [Time: 2.68]
L002819 | [Train Loss: 0.6455]
L002820 | [Train F1: 0.7201243733531425]
L002821 | [Train Acc: 0.7205231775341412]
L002822 | [Dev Loss: 1.2987]
L002823 | [Dev F1: 0.45667324264650383]
L002824 | [Dev Acc: 0.49754500818330605]
L002825 | 
L002826-L002841 | [REDACTED: batch progress and internal diagnostics]
L002842 | [Epoch 114] [Time: 2.79]
L002843 | [Train Loss: 0.6614]
L002844 | [Train F1: 0.708465528039016]
L002845 | [Train Acc: 0.7099442200423158]
L002846 | [Dev Loss: 1.5057]
L002847 | [Dev F1: 0.4025443304285972]
L002848 | [Dev Acc: 0.4386252045826514]
L002849 | 
L002850-L002865 | [REDACTED: batch progress and internal diagnostics]
L002866 | [Epoch 115] [Time: 2.86]
L002867 | [Train Loss: 0.6742]
L002868 | [Train F1: 0.703766359025205]
L002869 | [Train Acc: 0.705135603000577]
L002870 | [Dev Loss: 1.2517]
L002871 | [Dev F1: 0.5043522569046635]
L002872 | [Dev Acc: 0.5106382978723404]
L002873 | 
L002874-L002889 | [REDACTED: batch progress and internal diagnostics]
L002890 | [Epoch 116] [Time: 2.70]
L002891 | [Train Loss: 0.6575]
L002892 | [Train F1: 0.7193787266821668]
L002893 | [Train Acc: 0.7193691094441239]
L002894 | [Dev Loss: 1.2907]
L002895 | [Dev F1: 0.5201219748771785]
L002896 | [Dev Acc: 0.5482815057283142]
L002897 | 
L002898-L002913 | [REDACTED: batch progress and internal diagnostics]
L002914 | [Epoch 117] [Time: 2.76]
L002915 | [Train Loss: 0.6388]
L002916 | [Train F1: 0.7286663913789767]
L002917 | [Train Acc: 0.7305251009809579]
L002918 | [Dev Loss: 1.3104]
L002919 | [Dev F1: 0.4928964689520696]
L002920 | [Dev Acc: 0.5204582651391162]
L002921 | 
L002922-L002937 | [REDACTED: batch progress and internal diagnostics]
L002938 | [Epoch 118] [Time: 2.60]
L002939 | [Train Loss: 0.6303]
L002940 | [Train F1: 0.7350688232865363]
L002941 | [Train Acc: 0.7366801307943835]
L002942 | [Dev Loss: 1.3459]
L002943 | [Dev F1: 0.49424032459319966]
L002944 | [Dev Acc: 0.5155482815057283]
L002945 | 
L002946-L002961 | [REDACTED: batch progress and internal diagnostics]
L002962 | [Epoch 119] [Time: 2.74]
L002963 | [Train Loss: 0.6038]
L002964 | [Train F1: 0.7413111307704792]
L002965 | [Train Acc: 0.7426428159261397]
L002966 | [Dev Loss: 1.2757]
L002967 | [Dev F1: 0.5278445603794213]
L002968 | [Dev Acc: 0.5351882160392799]
L002969 | 
L002970-L002985 | [REDACTED: batch progress and internal diagnostics]
L002986 | [Epoch 120] [Time: 2.66]
L002987 | [Train Loss: 0.5846]
L002988 | [Train F1: 0.758138788334235]
L002989 | [Train Acc: 0.7582227351413734]
L002990 | [Dev Loss: 1.294]
L002991 | [Dev F1: 0.5212051736828285]
L002992 | [Dev Acc: 0.5351882160392799]
L002993 | 
L002994-L003009 | [REDACTED: batch progress and internal diagnostics]
L003010 | [Epoch 121] [Time: 2.62]
L003011 | [Train Loss: 0.5805]
L003012 | [Train F1: 0.7585371670367413]
L003013 | [Train Acc: 0.7593768032313907]
L003014 | [Dev Loss: 1.3348]
L003015 | [Dev F1: 0.4986653866360231]
L003016 | [Dev Acc: 0.5106382978723404]
L003017 | 
L003018-L003033 | [REDACTED: batch progress and internal diagnostics]
L003034 | [Epoch 122] [Time: 2.62]
L003035 | [Train Loss: 0.5814]
L003036 | [Train F1: 0.7511763543709348]
L003037 | [Train Acc: 0.7520677053279476]
L003038 | [Dev Loss: 1.407]
L003039 | [Dev F1: 0.510260251770363]
L003040 | [Dev Acc: 0.5237315875613748]
L003041 | 
L003042-L003057 | [REDACTED: batch progress and internal diagnostics]
L003058 | [Epoch 123] [Time: 2.79]
L003059 | [Train Loss: 0.5602]
L003060 | [Train F1: 0.758099137565924]
L003061 | [Train Acc: 0.758799769186382]
L003062 | [Dev Loss: 1.422]
L003063 | [Dev F1: 0.5156136983367201]
L003064 | [Dev Acc: 0.530278232405892]
L003065 | 
L003066-L003081 | [REDACTED: batch progress and internal diagnostics]
L003082 | [Epoch 124] [Time: 2.89]
L003083 | [Train Loss: 0.5637]
L003084 | [Train F1: 0.7607104770919301]
L003085 | [Train Acc: 0.760530871321408]
L003086 | [Dev Loss: 1.4247]
L003087 | [Dev F1: 0.4980152782685817]
L003088 | [Dev Acc: 0.513911620294599]
L003089 | 
L003090-L003105 | [REDACTED: batch progress and internal diagnostics]
L003106 | [Epoch 125] [Time: 2.46]
L003107 | [Train Loss: 0.5625]
L003108 | [Train F1: 0.7614901431069513]
L003109 | [Train Acc: 0.7624543181381035]
L003110 | [Dev Loss: 1.3681]
L003111 | [Dev F1: 0.5203919548684878]
L003112 | [Dev Acc: 0.5351882160392799]
L003113 | 
L003114-L003129 | [REDACTED: batch progress and internal diagnostics]
L003130 | [Epoch 126] [Time: 2.63]
L003131 | [Train Loss: 0.5522]
L003132 | [Train F1: 0.7677460177164883]
L003133 | [Train Acc: 0.7674552798615119]
L003134 | [Dev Loss: 1.2971]
L003135 | [Dev F1: 0.5448297889511721]
L003136 | [Dev Acc: 0.5499181669394435]
L003137 | 
L003138-L003153 | [REDACTED: batch progress and internal diagnostics]
L003154 | [Epoch 127] [Time: 2.65]
L003155 | [Train Loss: 0.5479]
L003156 | [Train F1: 0.7655154825827927]
L003157 | [Train Acc: 0.7666859011348336]
L003158 | [Dev Loss: 1.4184]
L003159 | [Dev F1: 0.5040906363785937]
L003160 | [Dev Acc: 0.5188216039279869]
L003161 | 
L003162-L003177 | [REDACTED: batch progress and internal diagnostics]
L003178 | [Epoch 128] [Time: 2.79]
L003179 | [Train Loss: 0.5331]
L003180 | [Train F1: 0.7780665494708051]
L003181 | [Train Acc: 0.7782265820350067]
L003182 | [Dev Loss: 1.3203]
L003183 | [Dev F1: 0.54606871569175]
L003184 | [Dev Acc: 0.563011456628478]
L003185 | 
L003186-L003201 | [REDACTED: batch progress and internal diagnostics]
L003202 | [Epoch 129] [Time: 2.42]
L003203 | [Train Loss: 0.5389]
L003204 | [Train F1: 0.771545887313564]
L003205 | [Train Acc: 0.7720715522215811]
L003206 | [Dev Loss: 1.4164]
L003207 | [Dev F1: 0.5205746283528857]
L003208 | [Dev Acc: 0.5417348608837971]
L003209 | 
L003210-L003225 | [REDACTED: batch progress and internal diagnostics]
L003226 | [Epoch 130] [Time: 2.87]
L003227 | [Train Loss: 0.517]
L003228 | [Train F1: 0.7861488345624777]
L003229 | [Train Acc: 0.7872667820734757]
L003230 | [Dev Loss: 1.3868]
L003231 | [Dev F1: 0.5382465629617004]
L003232 | [Dev Acc: 0.5400981996726678]
L003233 | 
L003234-L003249 | [REDACTED: batch progress and internal diagnostics]
L003250 | [Epoch 131] [Time: 2.60]
L003251 | [Train Loss: 0.5281]
L003252 | [Train F1: 0.7789497851008368]
L003253 | [Train Acc: 0.7778418926716676]
L003254 | [Dev Loss: 1.4115]
L003255 | [Dev F1: 0.508214333335383]
L003256 | [Dev Acc: 0.5122749590834698]
L003257 | 
L003258-L003273 | [REDACTED: batch progress and internal diagnostics]
L003274 | [Epoch 132] [Time: 2.80]
L003275 | [Train Loss: 0.5267]
L003276 | [Train F1: 0.7800759552035367]
L003277 | [Train Acc: 0.7803423735333718]
L003278 | [Dev Loss: 1.4249]
L003279 | [Dev F1: 0.5230201748074139]
L003280 | [Dev Acc: 0.5368248772504092]
L003281 | 
L003282-L003297 | [REDACTED: batch progress and internal diagnostics]
L003298 | [Epoch 133] [Time: 2.60]
L003299 | [Train Loss: 0.5251]
L003300 | [Train F1: 0.7896681324912348]
L003301 | [Train Acc: 0.7899596076168494]
L003302 | [Dev Loss: 1.498]
L003303 | [Dev F1: 0.49665032445391755]
L003304 | [Dev Acc: 0.5073649754500819]
L003305 | 
L003306-L003321 | [REDACTED: batch progress and internal diagnostics]
L003322 | [Epoch 134] [Time: 2.84]
L003323 | [Train Loss: 0.5036]
L003324 | [Train F1: 0.7926473761544323]
L003325 | [Train Acc: 0.7930371225235622]
L003326 | [Dev Loss: 1.4295]
L003327 | [Dev F1: 0.5364515850298391]
L003328 | [Dev Acc: 0.5400981996726678]
L003329 | 
L003330-L003345 | [REDACTED: batch progress and internal diagnostics]
L003346 | [Epoch 135] [Time: 2.71]
L003347 | [Train Loss: 0.5024]
L003348 | [Train F1: 0.794500474544142]
L003349 | [Train Acc: 0.7943835352952491]
L003350 | [Dev Loss: 1.4192]
L003351 | [Dev F1: 0.5381960362330441]
L003352 | [Dev Acc: 0.5515548281505729]
L003353 | 
L003354-L003369 | [REDACTED: batch progress and internal diagnostics]
L003370 | [Epoch 136] [Time: 2.61]
L003371 | [Train Loss: 0.5334]
L003372 | [Train F1: 0.771893208442738]
L003373 | [Train Acc: 0.7722638969032506]
L003374 | [Dev Loss: 1.4548]
L003375 | [Dev F1: 0.49885455219832275]
L003376 | [Dev Acc: 0.5090016366612111]
L003377 | 
L003378-L003393 | [REDACTED: batch progress and internal diagnostics]
L003394 | [Epoch 137] [Time: 2.74]
L003395 | [Train Loss: 0.5172]
L003396 | [Train F1: 0.7807774118278332]
L003397 | [Train Acc: 0.7813040969417195]
L003398 | [Dev Loss: 1.4792]
L003399 | [Dev F1: 0.5118880684347054]
L003400 | [Dev Acc: 0.5237315875613748]
L003401 | 
L003402-L003417 | [REDACTED: batch progress and internal diagnostics]
L003418 | [Epoch 138] [Time: 2.78]
L003419 | [Train Loss: 0.4882]
L003420 | [Train F1: 0.8016069414243269]
L003421 | [Train Acc: 0.8016926331986921]
L003422 | [Dev Loss: 1.3755]
L003423 | [Dev F1: 0.5149589758928003]
L003424 | [Dev Acc: 0.5253682487725041]
L003425 | 
L003426-L003441 | [REDACTED: batch progress and internal diagnostics]
L003442 | [Epoch 139] [Time: 2.76]
L003443 | [Train Loss: 0.5081]
L003444 | [Train F1: 0.7942212406145113]
L003445 | [Train Acc: 0.7945758799769186]
L003446 | [Dev Loss: 1.5947]
L003447 | [Dev F1: 0.4562674469413527]
L003448 | [Dev Acc: 0.47299509001636664]
L003449 | 
L003450-L003465 | [REDACTED: batch progress and internal diagnostics]
L003466 | [Epoch 140] [Time: 2.72]
L003467 | [Train Loss: 0.5034]
L003468 | [Train F1: 0.7987456659599221]
L003469 | [Train Acc: 0.7989998076553183]
L003470 | [Dev Loss: 1.4046]
L003471 | [Dev F1: 0.5404040434409841]
L003472 | [Dev Acc: 0.546644844517185]
L003473 | 
L003474-L003489 | [REDACTED: batch progress and internal diagnostics]
L003490 | [Epoch 141] [Time: 2.75]
L003491 | [Train Loss: 0.5009]
L003492 | [Train F1: 0.7949503536790858]
L003493 | [Train Acc: 0.7949605693402577]
L003494 | [Dev Loss: 1.4082]
L003495 | [Dev F1: 0.5335469945470092]
L003496 | [Dev Acc: 0.5482815057283142]
L003497 | 
L003498-L003513 | [REDACTED: batch progress and internal diagnostics]
L003514 | [Epoch 142] [Time: 2.63]
L003515 | [Train Loss: 0.5065]
L003516 | [Train F1: 0.7929696124702065]
L003517 | [Train Acc: 0.7936141565685709]
L003518 | [Dev Loss: 1.4856]
L003519 | [Dev F1: 0.5077452751788353]
L003520 | [Dev Acc: 0.5122749590834698]
L003521 | 
L003522-L003537 | [REDACTED: batch progress and internal diagnostics]
L003538 | [Epoch 143] [Time: 2.75]
L003539 | [Train Loss: 0.4809]
L003540 | [Train F1: 0.8073180469369549]
L003541 | [Train Acc: 0.8070782842854395]
L003542 | [Dev Loss: 1.4356]
L003543 | [Dev F1: 0.5166368918658366]
L003544 | [Dev Acc: 0.5335515548281505]
L003545 | 
L003546-L003561 | [REDACTED: batch progress and internal diagnostics]
L003562 | [Epoch 144] [Time: 2.71]
L003563 | [Train Loss: 0.4654]
L003564 | [Train F1: 0.8084667293164473]
L003565 | [Train Acc: 0.809001731102135]
L003566 | [Dev Loss: 1.4538]
L003567 | [Dev F1: 0.5415265310442403]
L003568 | [Dev Acc: 0.5531914893617021]
L003569 | 
L003570-L003585 | [REDACTED: batch progress and internal diagnostics]
L003586 | [Epoch 145] [Time: 2.63]
L003587 | [Train Loss: 0.4404]
L003588 | [Train F1: 0.82167967654499]
L003589 | [Train Acc: 0.8211194460473168]
L003590 | [Dev Loss: 1.5736]
L003591 | [Dev F1: 0.49995336166488896]
L003592 | [Dev Acc: 0.5106382978723404]
L003593 | 
L003594-L003609 | [REDACTED: batch progress and internal diagnostics]
L003610 | [Epoch 146] [Time: 2.70]
L003611 | [Train Loss: 0.4424]
L003612 | [Train F1: 0.8215856550986566]
L003613 | [Train Acc: 0.821888824773995]
L003614 | [Dev Loss: 1.5661]
L003615 | [Dev F1: 0.5173550098161203]
L003616 | [Dev Acc: 0.530278232405892]
L003617 | 
L003618-L003633 | [REDACTED: batch progress and internal diagnostics]
L003634 | [Epoch 147] [Time: 2.74]
L003635 | [Train Loss: 0.4437]
L003636 | [Train F1: 0.8163862290836681]
L003637 | [Train Acc: 0.8153491055972303]
L003638 | [Dev Loss: 1.5139]
L003639 | [Dev F1: 0.5369320597255722]
L003640 | [Dev Acc: 0.546644844517185]
L003641 | 
L003642-L003657 | [REDACTED: batch progress and internal diagnostics]
L003658 | [Epoch 148] [Time: 2.72]
L003659 | [Train Loss: 0.4481]
L003660 | [Train F1: 0.8179162338906525]
L003661 | [Train Acc: 0.820157722638969]
L003662 | [Dev Loss: 1.534]
L003663 | [Dev F1: 0.5193157036249861]
L003664 | [Dev Acc: 0.5351882160392799]
L003665 | 
L003666-L003681 | [REDACTED: batch progress and internal diagnostics]
L003682 | [Epoch 149] [Time: 2.71]
L003683 | [Train Loss: 0.4369]
L003684 | [Train F1: 0.8266305083769746]
L003685 | [Train Acc: 0.8261204077707252]
L003686 | [Dev Loss: 1.5424]
L003687 | [Dev F1: 0.5430742630511178]
L003688 | [Dev Acc: 0.5564648117839607]
L003689 | Last model
L003690 |               precision    recall  f1-score   support
L003691 | 
L003692 |          hap     0.6262    0.4653    0.5339       144
L003693 |          sad     0.8091    0.7265    0.7656       245
L003694 |          neu     0.6879    0.5911    0.6359       384
L003695 |          ang     0.5838    0.5941    0.5889       170
L003696 |          exc     0.7046    0.8696    0.7784       299
L003697 |          fru     0.5778    0.6430    0.6087       381
L003698 | 
L003699 |     accuracy                         0.6642      1623
L003700 |    macro avg     0.6649    0.6483    0.6519      1623
L003701 | weighted avg     0.6670    0.6642    0.6614      1623
L003702 | 
L003703 | Best model at epoch: 128
L003704 | Best dev F1: 0.54606871569175
L003705 |               precision    recall  f1-score   support
L003706 | 
L003707 |          hap     0.6075    0.4514    0.5179       144
L003708 |          sad     0.8017    0.7755    0.7884       245
L003709 |          neu     0.6530    0.6224    0.6373       384
L003710 |          ang     0.7321    0.4824    0.5816       170
L003711 |          exc     0.7062    0.8763    0.7821       299
L003712 |          fru     0.5953    0.6719    0.6313       381
L003713 | 
L003714 |     accuracy                         0.6741      1623
L003715 |    macro avg     0.6826    0.6466    0.6564      1623
L003716 | weighted avg     0.6760    0.6741    0.6690      1623
L003717 | 
L003718 | Best test F1: 0.6689549601559347
L003719 | Best test Acc: 0.674060382008626
L003720 | [SANITIZED] Saved checkpoint: [path and filename removed]
