# Redacted copy of an existing run log.
# run_id: G03-seed1
# dataset: IEMOCAP
# model: GCNet+AMBER
# imr: (0.5,0.3,0.7)
# seed_alias: seed1
# original_log_sha256: 520bb40d8f35ca336fb818a4b185761467820d7bfb24d496f29a3f356b99cb73
# source_record_status: ok
# source_record_process_return_code: 3221226505
# L numbers refer to source logical lines; REDACTED/SANITIZED text is editorial.
L000001-L000005 | [REDACTED: configuration or implementation details]
L000006 | [SANITIZED] FutureWarning: [dependency deprecation notice; implementation details removed]
L000007-L000068 | [REDACTED: configuration or implementation details]
L000069 | [SANITIZED] Seed alias: seed1
L000070 | [REDACTED: configuration or implementation details]
L000071 | 
L000072-L000073 | [REDACTED: batch progress and internal diagnostics]
L000074 | 
L000075-L000076 | [REDACTED: batch progress and internal diagnostics]
L000077 | 
L000078-L000079 | [REDACTED: batch progress and internal diagnostics]
L000080-L000083 | [REDACTED: configuration or implementation details]
L000084 | [SANITIZED] Seed alias: seed1
L000085-L000088 | [REDACTED: configuration or implementation details]
L000089 | 
L000090-L000105 | [REDACTED: batch progress and internal diagnostics]
L000106 | [Epoch 0] [Time: 3.12]
L000107 | [Train Loss: 1.661]
L000108 | [Train F1: 0.3264553532512804]
L000109 | [Train Acc: 0.36083862281207923]
L000110 | [Dev Loss: 1.5827]
L000111 | [Dev F1: 0.24413115061382007]
L000112 | [Dev Acc: 0.36824877250409166]
L000113 | 
L000114-L000129 | [REDACTED: batch progress and internal diagnostics]
L000130 | [Epoch 1] [Time: 2.67]
L000131 | [Train Loss: 1.356]
L000132 | [Train F1: 0.40594489630399794]
L000133 | [Train Acc: 0.47297557222542796]
L000134 | [Dev Loss: 1.4047]
L000135 | [Dev F1: 0.2948009786245244]
L000136 | [Dev Acc: 0.4075286415711948]
L000137 | 
L000138-L000153 | [REDACTED: batch progress and internal diagnostics]
L000154 | [Epoch 2] [Time: 2.72]
L000155 | [Train Loss: 1.2243]
L000156 | [Train F1: 0.44832133192390455]
L000157 | [Train Acc: 0.49701865743412194]
L000158 | [Dev Loss: 1.3803]
L000159 | [Dev F1: 0.3089935768627543]
L000160 | [Dev Acc: 0.40916530278232405]
L000161 | 
L000162-L000177 | [REDACTED: batch progress and internal diagnostics]
L000178 | [Epoch 3] [Time: 2.62]
L000179 | [Train Loss: 1.1892]
L000180 | [Train F1: 0.46212934473211964]
L000181 | [Train Acc: 0.5033660319292171]
L000182 | [Dev Loss: 1.3707]
L000183 | [Dev F1: 0.3337052871245872]
L000184 | [Dev Acc: 0.381342062193126]
L000185 | 
L000186-L000201 | [REDACTED: batch progress and internal diagnostics]
L000202 | [Epoch 4] [Time: 2.82]
L000203 | [Train Loss: 1.1467]
L000204 | [Train F1: 0.4990327997060219]
L000205 | [Train Acc: 0.5206770532794768]
L000206 | [Dev Loss: 1.3106]
L000207 | [Dev F1: 0.3072141304874412]
L000208 | [Dev Acc: 0.41898527004909986]
L000209 | 
L000210-L000225 | [REDACTED: batch progress and internal diagnostics]
L000226 | [Epoch 5] [Time: 2.74]
L000227 | [Train Loss: 1.1112]
L000228 | [Train F1: 0.5121837122729986]
L000229 | [Train Acc: 0.5349105597230237]
L000230 | [Dev Loss: 1.3498]
L000231 | [Dev F1: 0.36780418183672625]
L000232 | [Dev Acc: 0.4206219312602291]
L000233 | 
L000234-L000249 | [REDACTED: batch progress and internal diagnostics]
L000250 | [Epoch 6] [Time: 2.69]
L000251 | [Train Loss: 1.0943]
L000252 | [Train F1: 0.5203830689429468]
L000253 | [Train Acc: 0.5395268320830929]
L000254 | [Dev Loss: 1.3267]
L000255 | [Dev F1: 0.37215207989577453]
L000256 | [Dev Acc: 0.44680851063829785]
L000257 | 
L000258-L000273 | [REDACTED: batch progress and internal diagnostics]
L000274 | [Epoch 7] [Time: 2.65]
L000275 | [Train Loss: 1.0728]
L000276 | [Train F1: 0.5380687519118083]
L000277 | [Train Acc: 0.5539526832083093]
L000278 | [Dev Loss: 1.3351]
L000279 | [Dev F1: 0.33752739647238755]
L000280 | [Dev Acc: 0.39279869067103107]
L000281 | 
L000282-L000297 | [REDACTED: batch progress and internal diagnostics]
L000298 | [Epoch 8] [Time: 2.62]
L000299 | [Train Loss: 1.0741]
L000300 | [Train F1: 0.5229019828791702]
L000301 | [Train Acc: 0.5470282746682055]
L000302 | [Dev Loss: 1.4265]
L000303 | [Dev F1: 0.35415595083886564]
L000304 | [Dev Acc: 0.40098199672667756]
L000305 | 
L000306-L000321 | [REDACTED: batch progress and internal diagnostics]
L000322 | [Epoch 9] [Time: 2.60]
L000323 | [Train Loss: 1.0686]
L000324 | [Train F1: 0.5488796087466634]
L000325 | [Train Acc: 0.5581842662050395]
L000326 | [Dev Loss: 1.3021]
L000327 | [Dev F1: 0.34221424498302555]
L000328 | [Dev Acc: 0.41734860883797054]
L000329 | 
L000330-L000345 | [REDACTED: batch progress and internal diagnostics]
L000346 | [Epoch 10] [Time: 2.72]
L000347 | [Train Loss: 1.044]
L000348 | [Train F1: 0.554847441672763]
L000349 | [Train Acc: 0.5706866705135603]
L000350 | [Dev Loss: 1.2764]
L000351 | [Dev F1: 0.3690954490883871]
L000352 | [Dev Acc: 0.45171849427168576]
L000353 | 
L000354-L000369 | [REDACTED: batch progress and internal diagnostics]
L000370 | [Epoch 11] [Time: 2.71]
L000371 | [Train Loss: 1.0243]
L000372 | [Train F1: 0.5658818377547925]
L000373 | [Train Acc: 0.5760723216003077]
L000374 | [Dev Loss: 1.2987]
L000375 | [Dev F1: 0.3679819630218807]
L000376 | [Dev Acc: 0.41243862520458263]
L000377 | 
L000378-L000393 | [REDACTED: batch progress and internal diagnostics]
L000394 | [Epoch 12] [Time: 2.62]
L000395 | [Train Loss: 1.0187]
L000396 | [Train F1: 0.5686611768469657]
L000397 | [Train Acc: 0.5803039045970378]
L000398 | [Dev Loss: 1.2901]
L000399 | [Dev F1: 0.38484100645554303]
L000400 | [Dev Acc: 0.44844517184942717]
L000401 | 
L000402-L000417 | [REDACTED: batch progress and internal diagnostics]
L000418 | [Epoch 13] [Time: 2.73]
L000419 | [Train Loss: 1.0006]
L000420 | [Train F1: 0.5794031305290597]
L000421 | [Train Acc: 0.5833814195037508]
L000422 | [Dev Loss: 1.2847]
L000423 | [Dev F1: 0.33986052895973695]
L000424 | [Dev Acc: 0.40098199672667756]
L000425 | 
L000426-L000441 | [REDACTED: batch progress and internal diagnostics]
L000442 | [Epoch 14] [Time: 2.71]
L000443 | [Train Loss: 0.9949]
L000444 | [Train F1: 0.5725334743772152]
L000445 | [Train Acc: 0.5893441046355068]
L000446 | [Dev Loss: 1.2553]
L000447 | [Dev F1: 0.3961290450711486]
L000448 | [Dev Acc: 0.4386252045826514]
L000449 | 
L000450-L000465 | [REDACTED: batch progress and internal diagnostics]
L000466 | [Epoch 15] [Time: 2.65]
L000467 | [Train Loss: 0.9905]
L000468 | [Train F1: 0.5846949448877055]
L000469 | [Train Acc: 0.5920369301788806]
L000470 | [Dev Loss: 1.2618]
L000471 | [Dev F1: 0.36406091920996264]
L000472 | [Dev Acc: 0.45171849427168576]
L000473 | 
L000474-L000489 | [REDACTED: batch progress and internal diagnostics]
L000490 | [Epoch 16] [Time: 2.63]
L000491 | [Train Loss: 0.9756]
L000492 | [Train F1: 0.5767299535662344]
L000493 | [Train Acc: 0.5910752067705328]
L000494 | [Dev Loss: 1.3052]
L000495 | [Dev F1: 0.3675766873502944]
L000496 | [Dev Acc: 0.3960720130932897]
L000497 | 
L000498-L000513 | [REDACTED: batch progress and internal diagnostics]
L000514 | [Epoch 17] [Time: 2.67]
L000515 | [Train Loss: 0.9613]
L000516 | [Train F1: 0.5801424382590717]
L000517 | [Train Acc: 0.5914598961338718]
L000518 | [Dev Loss: 1.2904]
L000519 | [Dev F1: 0.3859632373656476]
L000520 | [Dev Acc: 0.4451718494271686]
L000521 | 
L000522-L000537 | [REDACTED: batch progress and internal diagnostics]
L000538 | [Epoch 18] [Time: 2.60]
L000539 | [Train Loss: 0.9377]
L000540 | [Train F1: 0.6053470889557223]
L000541 | [Train Acc: 0.6093479515291402]
L000542 | [Dev Loss: 1.2678]
L000543 | [Dev F1: 0.40203425504776275]
L000544 | [Dev Acc: 0.4500818330605565]
L000545 | 
L000546-L000561 | [REDACTED: batch progress and internal diagnostics]
L000562 | [Epoch 19] [Time: 2.73]
L000563 | [Train Loss: 0.9202]
L000564 | [Train F1: 0.6115274383222595]
L000565 | [Train Acc: 0.6210809771109829]
L000566 | [Dev Loss: 1.2446]
L000567 | [Dev F1: 0.4308028018309829]
L000568 | [Dev Acc: 0.46153846153846156]
L000569 | 
L000570-L000585 | [REDACTED: batch progress and internal diagnostics]
L000586 | [Epoch 20] [Time: 2.71]
L000587 | [Train Loss: 0.9187]
L000588 | [Train F1: 0.6145894581797358]
L000589 | [Train Acc: 0.6181958068859396]
L000590 | [Dev Loss: 1.3098]
L000591 | [Dev F1: 0.4028169634012773]
L000592 | [Dev Acc: 0.4582651391162029]
L000593 | 
L000594-L000609 | [REDACTED: batch progress and internal diagnostics]
L000610 | [Epoch 21] [Time: 2.88]
L000611 | [Train Loss: 0.9158]
L000612 | [Train F1: 0.612256963006206]
L000613 | [Train Acc: 0.6155029813425659]
L000614 | [Dev Loss: 1.2653]
L000615 | [Dev F1: 0.41389694481562406]
L000616 | [Dev Acc: 0.4533551554828151]
L000617 | 
L000618-L000633 | [REDACTED: batch progress and internal diagnostics]
L000634 | [Epoch 22] [Time: 2.60]
L000635 | [Train Loss: 0.9041]
L000636 | [Train F1: 0.6128847554078006]
L000637 | [Train Acc: 0.6208886324293134]
L000638 | [Dev Loss: 1.2811]
L000639 | [Dev F1: 0.3927595382628783]
L000640 | [Dev Acc: 0.4386252045826514]
L000641 | 
L000642-L000657 | [REDACTED: batch progress and internal diagnostics]
L000658 | [Epoch 23] [Time: 2.78]
L000659 | [Train Loss: 0.8896]
L000660 | [Train F1: 0.6156902672678025]
L000661 | [Train Acc: 0.61800346220427]
L000662 | [Dev Loss: 1.288]
L000663 | [Dev F1: 0.4179529616304821]
L000664 | [Dev Acc: 0.4402618657937807]
L000665 | 
L000666-L000681 | [REDACTED: batch progress and internal diagnostics]
L000682 | [Epoch 24] [Time: 2.69]
L000683 | [Train Loss: 0.8857]
L000684 | [Train F1: 0.6197667573471898]
L000685 | [Train Acc: 0.6264666281977304]
L000686 | [Dev Loss: 1.3269]
L000687 | [Dev F1: 0.36877694191569005]
L000688 | [Dev Acc: 0.41243862520458263]
L000689 | 
L000690-L000705 | [REDACTED: batch progress and internal diagnostics]
L000706 | [Epoch 25] [Time: 2.76]
L000707 | [Train Loss: 0.8976]
L000708 | [Train F1: 0.6103061721383465]
L000709 | [Train Acc: 0.6143489132525486]
L000710 | [Dev Loss: 1.2938]
L000711 | [Dev F1: 0.3959291129430779]
L000712 | [Dev Acc: 0.4500818330605565]
L000713 | 
L000714-L000729 | [REDACTED: batch progress and internal diagnostics]
L000730 | [Epoch 26] [Time: 2.74]
L000731 | [Train Loss: 0.8877]
L000732 | [Train F1: 0.6175567647186782]
L000733 | [Train Acc: 0.6228120792460089]
L000734 | [Dev Loss: 1.2586]
L000735 | [Dev F1: 0.41948144476454396]
L000736 | [Dev Acc: 0.45499181669394434]
L000737 | 
L000738-L000753 | [REDACTED: batch progress and internal diagnostics]
L000754 | [Epoch 27] [Time: 2.73]
L000755 | [Train Loss: 0.8847]
L000756 | [Train F1: 0.6194322016168585]
L000757 | [Train Acc: 0.6228120792460089]
L000758 | [Dev Loss: 1.3067]
L000759 | [Dev F1: 0.4225787901178657]
L000760 | [Dev Acc: 0.45662847790507366]
L000761 | 
L000762-L000777 | [REDACTED: batch progress and internal diagnostics]
L000778 | [Epoch 28] [Time: 2.75]
L000779 | [Train Loss: 0.8634]
L000780 | [Train F1: 0.6238534959175424]
L000781 | [Train Acc: 0.6283900750144259]
L000782 | [Dev Loss: 1.3176]
L000783 | [Dev F1: 0.4029131845970792]
L000784 | [Dev Acc: 0.45171849427168576]
L000785 | 
L000786-L000801 | [REDACTED: batch progress and internal diagnostics]
L000802 | [Epoch 29] [Time: 2.77]
L000803 | [Train Loss: 0.8746]
L000804 | [Train F1: 0.6206618177855424]
L000805 | [Train Acc: 0.6222350452010001]
L000806 | [Dev Loss: 1.3152]
L000807 | [Dev F1: 0.4178943492458778]
L000808 | [Dev Acc: 0.45662847790507366]
L000809 | 
L000810-L000825 | [REDACTED: batch progress and internal diagnostics]
L000826 | [Epoch 30] [Time: 2.63]
L000827 | [Train Loss: 0.8836]
L000828 | [Train F1: 0.611735781324967]
L000829 | [Train Acc: 0.6189651856126178]
L000830 | [Dev Loss: 1.2729]
L000831 | [Dev F1: 0.42852235883873585]
L000832 | [Dev Acc: 0.4582651391162029]
L000833 | 
L000834-L000849 | [REDACTED: batch progress and internal diagnostics]
L000850 | [Epoch 31] [Time: 2.55]
L000851 | [Train Loss: 0.8745]
L000852 | [Train F1: 0.6234143572905556]
L000853 | [Train Acc: 0.6247355260627043]
L000854 | [Dev Loss: 1.2553]
L000855 | [Dev F1: 0.42028193522347307]
L000856 | [Dev Acc: 0.44189852700491]
L000857 | 
L000858-L000873 | [REDACTED: batch progress and internal diagnostics]
L000874 | [Epoch 32] [Time: 2.88]
L000875 | [Train Loss: 0.8713]
L000876 | [Train F1: 0.6199889128419734]
L000877 | [Train Acc: 0.6255049047893826]
L000878 | [Dev Loss: 1.2842]
L000879 | [Dev F1: 0.3833549174929018]
L000880 | [Dev Acc: 0.4075286415711948]
L000881 | 
L000882-L000897 | [REDACTED: batch progress and internal diagnostics]
L000898 | [Epoch 33] [Time: 2.69]
L000899 | [Train Loss: 0.8666]
L000900 | [Train F1: 0.6231831368909807]
L000901 | [Train Acc: 0.625312560107713]
L000902 | [Dev Loss: 1.2983]
L000903 | [Dev F1: 0.44544745795257673]
L000904 | [Dev Acc: 0.48117839607201307]
L000905 | 
L000906-L000921 | [REDACTED: batch progress and internal diagnostics]
L000922 | [Epoch 34] [Time: 2.71]
L000923 | [Train Loss: 0.8579]
L000924 | [Train F1: 0.6216756511353733]
L000925 | [Train Acc: 0.6237738026543566]
L000926 | [Dev Loss: 1.2542]
L000927 | [Dev F1: 0.4392610012139993]
L000928 | [Dev Acc: 0.4746317512274959]
L000929 | 
L000930-L000945 | [REDACTED: batch progress and internal diagnostics]
L000946 | [Epoch 35] [Time: 2.65]
L000947 | [Train Loss: 0.8497]
L000948 | [Train F1: 0.618940958274739]
L000949 | [Train Acc: 0.6243508366993653]
L000950 | [Dev Loss: 1.3341]
L000951 | [Dev F1: 0.37506977330099606]
L000952 | [Dev Acc: 0.41734860883797054]
L000953 | 
L000954-L000969 | [REDACTED: batch progress and internal diagnostics]
L000970 | [Epoch 36] [Time: 2.58]
L000971 | [Train Loss: 0.8516]
L000972 | [Train F1: 0.6227847867247343]
L000973 | [Train Acc: 0.6264666281977304]
L000974 | [Dev Loss: 1.2972]
L000975 | [Dev F1: 0.4056306304604862]
L000976 | [Dev Acc: 0.4288052373158756]
L000977 | 
L000978-L000993 | [REDACTED: batch progress and internal diagnostics]
L000994 | [Epoch 37] [Time: 2.67]
L000995 | [Train Loss: 0.8552]
L000996 | [Train F1: 0.631897033357391]
L000997 | [Train Acc: 0.6331986920561646]
L000998 | [Dev Loss: 1.2476]
L000999 | [Dev F1: 0.4084555228353034]
L001000 | [Dev Acc: 0.4664484451718494]
L001001 | 
L001002-L001017 | [REDACTED: batch progress and internal diagnostics]
L001018 | [Epoch 38] [Time: 2.96]
L001019 | [Train Loss: 0.8548]
L001020 | [Train F1: 0.6288436420472782]
L001021 | [Train Acc: 0.6337757261011733]
L001022 | [Dev Loss: 1.2728]
L001023 | [Dev F1: 0.42998320656065053]
L001024 | [Dev Acc: 0.4795417348608838]
L001025 | 
L001026-L001041 | [REDACTED: batch progress and internal diagnostics]
L001042 | [Epoch 39] [Time: 2.74]
L001043 | [Train Loss: 0.8443]
L001044 | [Train F1: 0.6285413190493999]
L001045 | [Train Acc: 0.6312752452394691]
L001046 | [Dev Loss: 1.2957]
L001047 | [Dev F1: 0.41124629137828617]
L001048 | [Dev Acc: 0.4451718494271686]
L001049 | 
L001050-L001065 | [REDACTED: batch progress and internal diagnostics]
L001066 | [Epoch 40] [Time: 2.71]
L001067 | [Train Loss: 0.8375]
L001068 | [Train F1: 0.635423836556349]
L001069 | [Train Acc: 0.6395460665512599]
L001070 | [Dev Loss: 1.2799]
L001071 | [Dev F1: 0.40036754141521136]
L001072 | [Dev Acc: 0.44353518821603927]
L001073 | 
L001074-L001089 | [REDACTED: batch progress and internal diagnostics]
L001090 | [Epoch 41] [Time: 2.68]
L001091 | [Train Loss: 0.8383]
L001092 | [Train F1: 0.6373419578092101]
L001093 | [Train Acc: 0.6397384112329294]
L001094 | [Dev Loss: 1.2593]
L001095 | [Dev F1: 0.4435754053188542]
L001096 | [Dev Acc: 0.46808510638297873]
L001097 | 
L001098-L001113 | [REDACTED: batch progress and internal diagnostics]
L001114 | [Epoch 42] [Time: 2.62]
L001115 | [Train Loss: 0.8439]
L001116 | [Train F1: 0.6358547839578257]
L001117 | [Train Acc: 0.6387766878245816]
L001118 | [Dev Loss: 1.2981]
L001119 | [Dev F1: 0.4419958011087779]
L001120 | [Dev Acc: 0.4877250409165303]
L001121 | 
L001122-L001137 | [REDACTED: batch progress and internal diagnostics]
L001138 | [Epoch 43] [Time: 2.79]
L001139 | [Train Loss: 0.8348]
L001140 | [Train F1: 0.631433487852977]
L001141 | [Train Acc: 0.6349297941911907]
L001142 | [Dev Loss: 1.2406]
L001143 | [Dev F1: 0.4216457093858931]
L001144 | [Dev Acc: 0.4451718494271686]
L001145 | 
L001146-L001161 | [REDACTED: batch progress and internal diagnostics]
L001162 | [Epoch 44] [Time: 2.52]
L001163 | [Train Loss: 0.8266]
L001164 | [Train F1: 0.6273116123286949]
L001165 | [Train Acc: 0.6312752452394691]
L001166 | [Dev Loss: 1.2701]
L001167 | [Dev F1: 0.4137300139594241]
L001168 | [Dev Acc: 0.44189852700491]
L001169 | 
L001170-L001185 | [REDACTED: batch progress and internal diagnostics]
L001186 | [Epoch 45] [Time: 2.72]
L001187 | [Train Loss: 0.8228]
L001188 | [Train F1: 0.6319998000785615]
L001189 | [Train Acc: 0.6356991729178688]
L001190 | [Dev Loss: 1.2537]
L001191 | [Dev F1: 0.4099401761090389]
L001192 | [Dev Acc: 0.4533551554828151]
L001193 | 
L001194-L001209 | [REDACTED: batch progress and internal diagnostics]
L001210 | [Epoch 46] [Time: 2.82]
L001211 | [Train Loss: 0.8243]
L001212 | [Train F1: 0.6321573971180916]
L001213 | [Train Acc: 0.6358915175995383]
L001214 | [Dev Loss: 1.3066]
L001215 | [Dev F1: 0.42667437174278433]
L001216 | [Dev Acc: 0.45990180032733224]
L001217 | 
L001218-L001233 | [REDACTED: batch progress and internal diagnostics]
L001234 | [Epoch 47] [Time: 2.62]
L001235 | [Train Loss: 0.8308]
L001236 | [Train F1: 0.6324311395440659]
L001237 | [Train Acc: 0.6397384112329294]
L001238 | [Dev Loss: 1.3058]
L001239 | [Dev F1: 0.38801846428199477]
L001240 | [Dev Acc: 0.43044189852700493]
L001241 | 
L001242-L001257 | [REDACTED: batch progress and internal diagnostics]
L001258 | [Epoch 48] [Time: 2.67]
L001259 | [Train Loss: 0.8173]
L001260 | [Train F1: 0.6401520770873352]
L001261 | [Train Acc: 0.6424312367763031]
L001262 | [Dev Loss: 1.2552]
L001263 | [Dev F1: 0.41551095441011815]
L001264 | [Dev Acc: 0.47299509001636664]
L001265 | 
L001266-L001281 | [REDACTED: batch progress and internal diagnostics]
L001282 | [Epoch 49] [Time: 2.72]
L001283 | [Train Loss: 0.8164]
L001284 | [Train F1: 0.6289347722496106]
L001285 | [Train Acc: 0.6355068282361993]
L001286 | [Dev Loss: 1.255]
L001287 | [Dev F1: 0.38830205908181387]
L001288 | [Dev Acc: 0.4320785597381342]
L001289 | 
L001290-L001305 | [REDACTED: batch progress and internal diagnostics]
L001306 | [Epoch 50] [Time: 2.73]
L001307 | [Train Loss: 0.8074]
L001308 | [Train F1: 0.6353923694513957]
L001309 | [Train Acc: 0.6393537218695903]
L001310 | [Dev Loss: 1.2777]
L001311 | [Dev F1: 0.4255104794136286]
L001312 | [Dev Acc: 0.45662847790507366]
L001313 | 
L001314-L001329 | [REDACTED: batch progress and internal diagnostics]
L001330 | [Epoch 51] [Time: 2.72]
L001331 | [Train Loss: 0.807]
L001332 | [Train F1: 0.6449689105965568]
L001333 | [Train Acc: 0.6478168878630506]
L001334 | [Dev Loss: 1.2522]
L001335 | [Dev F1: 0.42148775675329214]
L001336 | [Dev Acc: 0.4500818330605565]
L001337 | 
L001338-L001353 | [REDACTED: batch progress and internal diagnostics]
L001354 | [Epoch 52] [Time: 2.78]
L001355 | [Train Loss: 0.8032]
L001356 | [Train F1: 0.6409894550857933]
L001357 | [Train Acc: 0.6433929601846509]
L001358 | [Dev Loss: 1.2706]
L001359 | [Dev F1: 0.43381634473583036]
L001360 | [Dev Acc: 0.46153846153846156]
L001361 | 
L001362-L001377 | [REDACTED: batch progress and internal diagnostics]
L001378 | [Epoch 53] [Time: 2.66]
L001379 | [Train Loss: 0.8083]
L001380 | [Train F1: 0.6481633765366294]
L001381 | [Train Acc: 0.6532025389497981]
L001382 | [Dev Loss: 1.2275]
L001383 | [Dev F1: 0.45318438027851315]
L001384 | [Dev Acc: 0.486088379705401]
L001385 | 
L001386-L001401 | [REDACTED: batch progress and internal diagnostics]
L001402 | [Epoch 54] [Time: 2.63]
L001403 | [Train Loss: 0.7978]
L001404 | [Train F1: 0.6444990693365116]
L001405 | [Train Acc: 0.6489709559530679]
L001406 | [Dev Loss: 1.26]
L001407 | [Dev F1: 0.41744968118924947]
L001408 | [Dev Acc: 0.44844517184942717]
L001409 | 
L001410-L001425 | [REDACTED: batch progress and internal diagnostics]
L001426 | [Epoch 55] [Time: 2.61]
L001427 | [Train Loss: 0.8064]
L001428 | [Train F1: 0.6449361527780918]
L001429 | [Train Acc: 0.6482015772263897]
L001430 | [Dev Loss: 1.2416]
L001431 | [Dev F1: 0.4256512100465847]
L001432 | [Dev Acc: 0.45499181669394434]
L001433 | 
L001434-L001449 | [REDACTED: batch progress and internal diagnostics]
L001450 | [Epoch 56] [Time: 2.76]
L001451 | [Train Loss: 0.7869]
L001452 | [Train F1: 0.6555409975849501]
L001453 | [Train Acc: 0.6574341219465282]
L001454 | [Dev Loss: 1.2253]
L001455 | [Dev F1: 0.44176304579836106]
L001456 | [Dev Acc: 0.4664484451718494]
L001457 | 
L001458-L001473 | [REDACTED: batch progress and internal diagnostics]
L001474 | [Epoch 57] [Time: 2.65]
L001475 | [Train Loss: 0.7969]
L001476 | [Train F1: 0.6426103495643368]
L001477 | [Train Acc: 0.645893441046355]
L001478 | [Dev Loss: 1.2344]
L001479 | [Dev F1: 0.41868773045716623]
L001480 | [Dev Acc: 0.4451718494271686]
L001481 | 
L001482-L001497 | [REDACTED: batch progress and internal diagnostics]
L001498 | [Epoch 58] [Time: 2.87]
L001499 | [Train Loss: 0.7933]
L001500 | [Train F1: 0.6416937984690562]
L001501 | [Train Acc: 0.6445470282746683]
L001502 | [Dev Loss: 1.2326]
L001503 | [Dev F1: 0.42235181545969586]
L001504 | [Dev Acc: 0.4664484451718494]
L001505 | 
L001506-L001521 | [REDACTED: batch progress and internal diagnostics]
L001522 | [Epoch 59] [Time: 2.74]
L001523 | [Train Loss: 0.7885]
L001524 | [Train F1: 0.6488421211968832]
L001525 | [Train Acc: 0.6524331602231198]
L001526 | [Dev Loss: 1.2649]
L001527 | [Dev F1: 0.4398933536807363]
L001528 | [Dev Acc: 0.47299509001636664]
L001529 | 
L001530-L001545 | [REDACTED: batch progress and internal diagnostics]
L001546 | [Epoch 60] [Time: 2.75]
L001547 | [Train Loss: 0.8026]
L001548 | [Train F1: 0.6486577625565755]
L001549 | [Train Acc: 0.6505097134064243]
L001550 | [Dev Loss: 1.2654]
L001551 | [Dev F1: 0.43370682694842305]
L001552 | [Dev Acc: 0.4877250409165303]
L001553 | 
L001554-L001569 | [REDACTED: batch progress and internal diagnostics]
L001570 | [Epoch 61] [Time: 2.75]
L001571 | [Train Loss: 0.7897]
L001572 | [Train F1: 0.6444091656364577]
L001573 | [Train Acc: 0.6478168878630506]
L001574 | [Dev Loss: 1.2178]
L001575 | [Dev F1: 0.4329717140935051]
L001576 | [Dev Acc: 0.4582651391162029]
L001577 | 
L001578-L001593 | [REDACTED: batch progress and internal diagnostics]
L001594 | [Epoch 62] [Time: 2.63]
L001595 | [Train Loss: 0.8097]
L001596 | [Train F1: 0.6447874412472022]
L001597 | [Train Acc: 0.6512790921331025]
L001598 | [Dev Loss: 1.2106]
L001599 | [Dev F1: 0.43119428355079076]
L001600 | [Dev Acc: 0.4844517184942717]
L001601 | 
L001602-L001617 | [REDACTED: batch progress and internal diagnostics]
L001618 | [Epoch 63] [Time: 2.65]
L001619 | [Train Loss: 0.8016]
L001620 | [Train F1: 0.6391430412382363]
L001621 | [Train Acc: 0.6408924793229467]
L001622 | [Dev Loss: 1.2691]
L001623 | [Dev F1: 0.43767694633542464]
L001624 | [Dev Acc: 0.4762684124386252]
L001625 | 
L001626-L001641 | [REDACTED: batch progress and internal diagnostics]
L001642 | [Epoch 64] [Time: 2.78]
L001643 | [Train Loss: 0.7904]
L001644 | [Train F1: 0.6486038265864325]
L001645 | [Train Acc: 0.651086747451433]
L001646 | [Dev Loss: 1.2075]
L001647 | [Dev F1: 0.4222575016497446]
L001648 | [Dev Acc: 0.46808510638297873]
L001649 | 
L001650-L001665 | [REDACTED: batch progress and internal diagnostics]
L001666 | [Epoch 65] [Time: 2.69]
L001667 | [Train Loss: 0.7952]
L001668 | [Train F1: 0.6464680061557686]
L001669 | [Train Acc: 0.6516637814964417]
L001670 | [Dev Loss: 1.2947]
L001671 | [Dev F1: 0.40465177449165396]
L001672 | [Dev Acc: 0.47299509001636664]
L001673 | 
L001674-L001689 | [REDACTED: batch progress and internal diagnostics]
L001690 | [Epoch 66] [Time: 2.75]
L001691 | [Train Loss: 0.7878]
L001692 | [Train F1: 0.6459171559620904]
L001693 | [Train Acc: 0.6464704750913637]
L001694 | [Dev Loss: 1.2711]
L001695 | [Dev F1: 0.4514144917270559]
L001696 | [Dev Acc: 0.4762684124386252]
L001697 | 
L001698-L001713 | [REDACTED: batch progress and internal diagnostics]
L001714 | [Epoch 67] [Time: 2.82]
L001715 | [Train Loss: 0.771]
L001716 | [Train F1: 0.6506961389044813]
L001717 | [Train Acc: 0.6553183304481631]
L001718 | [Dev Loss: 1.2548]
L001719 | [Dev F1: 0.420612056607236]
L001720 | [Dev Acc: 0.46808510638297873]
L001721 | 
L001722-L001737 | [REDACTED: batch progress and internal diagnostics]
L001738 | [Epoch 68] [Time: 2.66]
L001739 | [Train Loss: 0.782]
L001740 | [Train F1: 0.6550925385508611]
L001741 | [Train Acc: 0.6564723985381804]
L001742 | [Dev Loss: 1.2102]
L001743 | [Dev F1: 0.45534475506967087]
L001744 | [Dev Acc: 0.48936170212765956]
L001745 | 
L001746-L001761 | [REDACTED: batch progress and internal diagnostics]
L001762 | [Epoch 69] [Time: 2.79]
L001763 | [Train Loss: 0.7767]
L001764 | [Train F1: 0.6544336495779004]
L001765 | [Train Acc: 0.6572417772648587]
L001766 | [Dev Loss: 1.2007]
L001767 | [Dev F1: 0.4176512628812924]
L001768 | [Dev Acc: 0.469721767594108]
L001769 | 
L001770-L001785 | [REDACTED: batch progress and internal diagnostics]
L001786 | [Epoch 70] [Time: 2.81]
L001787 | [Train Loss: 0.7663]
L001788 | [Train F1: 0.6584010450491877]
L001789 | [Train Acc: 0.6610886708982496]
L001790 | [Dev Loss: 1.2448]
L001791 | [Dev F1: 0.44034553145878774]
L001792 | [Dev Acc: 0.4746317512274959]
L001793 | 
L001794-L001809 | [REDACTED: batch progress and internal diagnostics]
L001810 | [Epoch 71] [Time: 2.88]
L001811 | [Train Loss: 0.7709]
L001812 | [Train F1: 0.658353246947984]
L001813 | [Train Acc: 0.6608963262165801]
L001814 | [Dev Loss: 1.2478]
L001815 | [Dev F1: 0.423468912255607]
L001816 | [Dev Acc: 0.4762684124386252]
L001817 | 
L001818-L001833 | [REDACTED: batch progress and internal diagnostics]
L001834 | [Epoch 72] [Time: 2.62]
L001835 | [Train Loss: 0.7605]
L001836 | [Train F1: 0.6601950439863062]
L001837 | [Train Acc: 0.6643585304866321]
L001838 | [Dev Loss: 1.19]
L001839 | [Dev F1: 0.4423448042977102]
L001840 | [Dev Acc: 0.4746317512274959]
L001841 | 
L001842-L001857 | [REDACTED: batch progress and internal diagnostics]
L001858 | [Epoch 73] [Time: 2.76]
L001859 | [Train Loss: 0.7658]
L001860 | [Train F1: 0.6582567124130967]
L001861 | [Train Acc: 0.6612810155799193]
L001862 | [Dev Loss: 1.2277]
L001863 | [Dev F1: 0.4436641996732754]
L001864 | [Dev Acc: 0.4762684124386252]
L001865 | 
L001866-L001881 | [REDACTED: batch progress and internal diagnostics]
L001882 | [Epoch 74] [Time: 2.66]
L001883 | [Train Loss: 0.7696]
L001884 | [Train F1: 0.6546959127038962]
L001885 | [Train Acc: 0.6564723985381804]
L001886 | [Dev Loss: 1.2117]
L001887 | [Dev F1: 0.44526802778341296]
L001888 | [Dev Acc: 0.48117839607201307]
L001889 | 
L001890-L001905 | [REDACTED: batch progress and internal diagnostics]
L001906 | [Epoch 75] [Time: 2.73]
L001907 | [Train Loss: 0.7667]
L001908 | [Train F1: 0.6652834128542358]
L001909 | [Train Acc: 0.6687824581650318]
L001910 | [Dev Loss: 1.2516]
L001911 | [Dev F1: 0.42880187044313084]
L001912 | [Dev Acc: 0.4779050736497545]
L001913 | 
L001914-L001929 | [REDACTED: batch progress and internal diagnostics]
L001930 | [Epoch 76] [Time: 2.74]
L001931 | [Train Loss: 0.7661]
L001932 | [Train F1: 0.6571321496574756]
L001933 | [Train Acc: 0.6599346028082324]
L001934 | [Dev Loss: 1.2112]
L001935 | [Dev F1: 0.44473325100038885]
L001936 | [Dev Acc: 0.48117839607201307]
L001937 | 
L001938-L001953 | [REDACTED: batch progress and internal diagnostics]
L001954 | [Epoch 77] [Time: 2.62]
L001955 | [Train Loss: 0.7684]
L001956 | [Train F1: 0.6582629817856409]
L001957 | [Train Acc: 0.6601269474899019]
L001958 | [Dev Loss: 1.2465]
L001959 | [Dev F1: 0.4234365888176914]
L001960 | [Dev Acc: 0.4762684124386252]
L001961 | 
L001962-L001977 | [REDACTED: batch progress and internal diagnostics]
L001978 | [Epoch 78] [Time: 2.79]
L001979 | [Train Loss: 0.7648]
L001980 | [Train F1: 0.6625928866760328]
L001981 | [Train Acc: 0.6657049432583189]
L001982 | [Dev Loss: 1.1686]
L001983 | [Dev F1: 0.4465511807068254]
L001984 | [Dev Acc: 0.48117839607201307]
L001985 | 
L001986-L002001 | [REDACTED: batch progress and internal diagnostics]
L002002 | [Epoch 79] [Time: 2.66]
L002003 | [Train Loss: 0.7616]
L002004 | [Train F1: 0.6652628771209972]
L002005 | [Train Acc: 0.6685901134833622]
L002006 | [Dev Loss: 1.2393]
L002007 | [Dev F1: 0.4498699675522464]
L002008 | [Dev Acc: 0.4795417348608838]
L002009 | 
L002010-L002025 | [REDACTED: batch progress and internal diagnostics]
L002026 | [Epoch 80] [Time: 2.74]
L002027 | [Train Loss: 0.747]
L002028 | [Train F1: 0.6674350652853356]
L002029 | [Train Acc: 0.6687824581650318]
L002030 | [Dev Loss: 1.2102]
L002031 | [Dev F1: 0.4213546503235408]
L002032 | [Dev Acc: 0.4762684124386252]
L002033 | 
L002034-L002049 | [REDACTED: batch progress and internal diagnostics]
L002050 | [Epoch 81] [Time: 2.81]
L002051 | [Train Loss: 0.7483]
L002052 | [Train F1: 0.6678118978516868]
L002053 | [Train Acc: 0.6699365262550491]
L002054 | [Dev Loss: 1.2546]
L002055 | [Dev F1: 0.4414867463017097]
L002056 | [Dev Acc: 0.46481178396072015]
L002057 | 
L002058-L002073 | [REDACTED: batch progress and internal diagnostics]
L002074 | [Epoch 82] [Time: 2.69]
L002075 | [Train Loss: 0.7493]
L002076 | [Train F1: 0.6663407259679153]
L002077 | [Train Acc: 0.6703212156183882]
L002078 | [Dev Loss: 1.2615]
L002079 | [Dev F1: 0.43449329695603905]
L002080 | [Dev Acc: 0.4451718494271686]
L002081 | 
L002082-L002097 | [REDACTED: batch progress and internal diagnostics]
L002098 | [Epoch 83] [Time: 2.68]
L002099 | [Train Loss: 0.7464]
L002100 | [Train F1: 0.6637529498579553]
L002101 | [Train Acc: 0.6641661858049625]
L002102 | [Dev Loss: 1.2946]
L002103 | [Dev F1: 0.40930775266988784]
L002104 | [Dev Acc: 0.46808510638297873]
L002105 | 
L002106-L002121 | [REDACTED: batch progress and internal diagnostics]
L002122 | [Epoch 84] [Time: 2.80]
L002123 | [Train Loss: 0.747]
L002124 | [Train F1: 0.6651960964395685]
L002125 | [Train Acc: 0.6703212156183882]
L002126 | [Dev Loss: 1.1972]
L002127 | [Dev F1: 0.43969329724021655]
L002128 | [Dev Acc: 0.46153846153846156]
L002129 | 
L002130-L002145 | [REDACTED: batch progress and internal diagnostics]
L002146 | [Epoch 85] [Time: 2.70]
L002147 | [Train Loss: 0.752]
L002148 | [Train F1: 0.6674858407126237]
L002149 | [Train Acc: 0.6693594922100404]
L002150 | [Dev Loss: 1.3102]
L002151 | [Dev F1: 0.435232895690184]
L002152 | [Dev Acc: 0.49263502454991814]
L002153 | 
L002154-L002169 | [REDACTED: batch progress and internal diagnostics]
L002170 | [Epoch 86] [Time: 2.65]
L002171 | [Train Loss: 0.7522]
L002172 | [Train F1: 0.6593611110368938]
L002173 | [Train Acc: 0.6635891517599538]
L002174 | [Dev Loss: 1.1733]
L002175 | [Dev F1: 0.47116720584947874]
L002176 | [Dev Acc: 0.4909983633387889]
L002177 | 
L002178-L002193 | [REDACTED: batch progress and internal diagnostics]
L002194 | [Epoch 87] [Time: 2.73]
L002195 | [Train Loss: 0.7423]
L002196 | [Train F1: 0.6723982544175443]
L002197 | [Train Acc: 0.6735910752067705]
L002198 | [Dev Loss: 1.2478]
L002199 | [Dev F1: 0.4249393298845943]
L002200 | [Dev Acc: 0.4779050736497545]
L002201 | 
L002202-L002217 | [REDACTED: batch progress and internal diagnostics]
L002218 | [Epoch 88] [Time: 2.67]
L002219 | [Train Loss: 0.729]
L002220 | [Train F1: 0.6827094645849445]
L002221 | [Train Acc: 0.684554722061935]
L002222 | [Dev Loss: 1.2232]
L002223 | [Dev F1: 0.4834699690849279]
L002224 | [Dev Acc: 0.5155482815057283]
L002225 | 
L002226-L002241 | [REDACTED: batch progress and internal diagnostics]
L002242 | [Epoch 89] [Time: 2.61]
L002243 | [Train Loss: 0.7337]
L002244 | [Train F1: 0.6715975786311242]
L002245 | [Train Acc: 0.6762839007501442]
L002246 | [Dev Loss: 1.2422]
L002247 | [Dev F1: 0.45240105804954567]
L002248 | [Dev Acc: 0.48117839607201307]
L002249 | 
L002250-L002265 | [REDACTED: batch progress and internal diagnostics]
L002266 | [Epoch 90] [Time: 2.77]
L002267 | [Train Loss: 0.73]
L002268 | [Train F1: 0.684747913225646]
L002269 | [Train Acc: 0.6868628582419696]
L002270 | [Dev Loss: 1.2657]
L002271 | [Dev F1: 0.45183296304300513]
L002272 | [Dev Acc: 0.4795417348608838]
L002273 | 
L002274-L002289 | [REDACTED: batch progress and internal diagnostics]
L002290 | [Epoch 91] [Time: 2.73]
L002291 | [Train Loss: 0.7226]
L002292 | [Train F1: 0.6799101518785202]
L002293 | [Train Acc: 0.6818618965185612]
L002294 | [Dev Loss: 1.2439]
L002295 | [Dev F1: 0.4653196923040557]
L002296 | [Dev Acc: 0.49427168576104746]
L002297 | 
L002298-L002313 | [REDACTED: batch progress and internal diagnostics]
L002314 | [Epoch 92] [Time: 2.68]
L002315 | [Train Loss: 0.713]
L002316 | [Train F1: 0.685946711164512]
L002317 | [Train Acc: 0.6878245816503173]
L002318 | [Dev Loss: 1.2142]
L002319 | [Dev F1: 0.45555775942759036]
L002320 | [Dev Acc: 0.486088379705401]
L002321 | 
L002322-L002337 | [REDACTED: batch progress and internal diagnostics]
L002338 | [Epoch 93] [Time: 2.66]
L002339 | [Train Loss: 0.708]
L002340 | [Train F1: 0.6908169638445136]
L002341 | [Train Acc: 0.6932102327370648]
L002342 | [Dev Loss: 1.2283]
L002343 | [Dev F1: 0.4418652922346989]
L002344 | [Dev Acc: 0.4909983633387889]
L002345 | 
L002346-L002361 | [REDACTED: batch progress and internal diagnostics]
L002362 | [Epoch 94] [Time: 2.70]
L002363 | [Train Loss: 0.7154]
L002364 | [Train F1: 0.6857977780617711]
L002365 | [Train Acc: 0.6891709944220042]
L002366 | [Dev Loss: 1.2908]
L002367 | [Dev F1: 0.45629742675665874]
L002368 | [Dev Acc: 0.4795417348608838]
L002369 | 
L002370-L002385 | [REDACTED: batch progress and internal diagnostics]
L002386 | [Epoch 95] [Time: 2.53]
L002387 | [Train Loss: 0.7104]
L002388 | [Train F1: 0.691153267751214]
L002389 | [Train Acc: 0.6918638199653779]
L002390 | [Dev Loss: 1.249]
L002391 | [Dev F1: 0.4863443637078651]
L002392 | [Dev Acc: 0.5171849427168577]
L002393 | 
L002394-L002409 | [REDACTED: batch progress and internal diagnostics]
L002410 | [Epoch 96] [Time: 2.80]
L002411 | [Train Loss: 0.7113]
L002412 | [Train F1: 0.6942165380113849]
L002413 | [Train Acc: 0.6966724370071168]
L002414 | [Dev Loss: 1.2292]
L002415 | [Dev F1: 0.4588064380351223]
L002416 | [Dev Acc: 0.502454991816694]
L002417 | 
L002418-L002433 | [REDACTED: batch progress and internal diagnostics]
L002434 | [Epoch 97] [Time: 2.61]
L002435 | [Train Loss: 0.71]
L002436 | [Train F1: 0.6944725136398434]
L002437 | [Train Acc: 0.6953260242354299]
L002438 | [Dev Loss: 1.1971]
L002439 | [Dev F1: 0.47790378797723937]
L002440 | [Dev Acc: 0.49427168576104746]
L002441 | 
L002442-L002457 | [REDACTED: batch progress and internal diagnostics]
L002458 | [Epoch 98] [Time: 2.56]
L002459 | [Train Loss: 0.6963]
L002460 | [Train F1: 0.6953318017417648]
L002461 | [Train Acc: 0.6972494710521254]
L002462 | [Dev Loss: 1.2961]
L002463 | [Dev F1: 0.4700653801614694]
L002464 | [Dev Acc: 0.5057283142389526]
L002465 | 
L002466-L002481 | [REDACTED: batch progress and internal diagnostics]
L002482 | [Epoch 99] [Time: 2.66]
L002483 | [Train Loss: 0.7025]
L002484 | [Train F1: 0.6891410475180203]
L002485 | [Train Acc: 0.6918638199653779]
L002486 | [Dev Loss: 1.3095]
L002487 | [Dev F1: 0.4669548533735802]
L002488 | [Dev Acc: 0.49754500818330605]
L002489 | 
L002490-L002505 | [REDACTED: batch progress and internal diagnostics]
L002506 | [Epoch 100] [Time: 2.71]
L002507 | [Train Loss: 0.7112]
L002508 | [Train F1: 0.6858577793263079]
L002509 | [Train Acc: 0.688016926331987]
L002510 | [Dev Loss: 1.2832]
L002511 | [Dev F1: 0.43608401679538816]
L002512 | [Dev Acc: 0.4779050736497545]
L002513 | 
L002514-L002529 | [REDACTED: batch progress and internal diagnostics]
L002530 | [Epoch 101] [Time: 2.58]
L002531 | [Train Loss: 0.7011]
L002532 | [Train F1: 0.6946076494896661]
L002533 | [Train Acc: 0.6943643008270821]
L002534 | [Dev Loss: 1.2068]
L002535 | [Dev F1: 0.4726801719706801]
L002536 | [Dev Acc: 0.5220949263502455]
L002537 | 
L002538-L002553 | [REDACTED: batch progress and internal diagnostics]
L002554 | [Epoch 102] [Time: 2.53]
L002555 | [Train Loss: 0.7166]
L002556 | [Train F1: 0.6934624706315825]
L002557 | [Train Acc: 0.6953260242354299]
L002558 | [Dev Loss: 1.3252]
L002559 | [Dev F1: 0.4420351567851237]
L002560 | [Dev Acc: 0.4762684124386252]
L002561 | 
L002562-L002577 | [REDACTED: batch progress and internal diagnostics]
L002578 | [Epoch 103] [Time: 2.62]
L002579 | [Train Loss: 0.6933]
L002580 | [Train F1: 0.6991647748747901]
L002581 | [Train Acc: 0.7014810540488555]
L002582 | [Dev Loss: 1.2883]
L002583 | [Dev F1: 0.4530769945896875]
L002584 | [Dev Acc: 0.5008183306055647]
L002585 | 
L002586-L002601 | [REDACTED: batch progress and internal diagnostics]
L002602 | [Epoch 104] [Time: 2.64]
L002603 | [Train Loss: 0.6871]
L002604 | [Train F1: 0.7017417210525991]
L002605 | [Train Acc: 0.7018657434121947]
L002606 | [Dev Loss: 1.2675]
L002607 | [Dev F1: 0.4570138706676405]
L002608 | [Dev Acc: 0.5073649754500819]
L002609 | 
L002610-L002625 | [REDACTED: batch progress and internal diagnostics]
L002626 | [Epoch 105] [Time: 2.64]
L002627 | [Train Loss: 0.6599]
L002628 | [Train F1: 0.7116700785954947]
L002629 | [Train Acc: 0.7149451817657242]
L002630 | [Dev Loss: 1.2376]
L002631 | [Dev F1: 0.5168086411266388]
L002632 | [Dev Acc: 0.5319148936170213]
L002633 | 
L002634-L002649 | [REDACTED: batch progress and internal diagnostics]
L002650 | [Epoch 106] [Time: 2.51]
L002651 | [Train Loss: 0.6543]
L002652 | [Train F1: 0.7137812358418201]
L002653 | [Train Acc: 0.7141758030390459]
L002654 | [Dev Loss: 1.2379]
L002655 | [Dev F1: 0.49851653092893117]
L002656 | [Dev Acc: 0.5237315875613748]
L002657 | 
L002658-L002673 | [REDACTED: batch progress and internal diagnostics]
L002674 | [Epoch 107] [Time: 2.43]
L002675 | [Train Loss: 0.6493]
L002676 | [Train F1: 0.7255329804522164]
L002677 | [Train Acc: 0.7282169648009232]
L002678 | [Dev Loss: 1.2854]
L002679 | [Dev F1: 0.5014074124753746]
L002680 | [Dev Acc: 0.5155482815057283]
L002681 | 
L002682-L002697 | [REDACTED: batch progress and internal diagnostics]
L002698 | [Epoch 108] [Time: 2.64]
L002699 | [Train Loss: 0.63]
L002700 | [Train F1: 0.7300916298102377]
L002701 | [Train Acc: 0.7297557222542796]
L002702 | [Dev Loss: 1.2233]
L002703 | [Dev F1: 0.5334582059552999]
L002704 | [Dev Acc: 0.5531914893617021]
L002705 | 
L002706-L002721 | [REDACTED: batch progress and internal diagnostics]
L002722 | [Epoch 109] [Time: 2.59]
L002723 | [Train Loss: 0.6309]
L002724 | [Train F1: 0.7335194323673924]
L002725 | [Train Acc: 0.7343719946143489]
L002726 | [Dev Loss: 1.2477]
L002727 | [Dev F1: 0.47842935994496044]
L002728 | [Dev Acc: 0.5188216039279869]
L002729 | 
L002730-L002745 | [REDACTED: batch progress and internal diagnostics]
L002746 | [Epoch 110] [Time: 2.67]
L002747 | [Train Loss: 0.6213]
L002748 | [Train F1: 0.7300506203812114]
L002749 | [Train Acc: 0.7309097903442969]
L002750 | [Dev Loss: 1.3006]
L002751 | [Dev F1: 0.4574327394348878]
L002752 | [Dev Acc: 0.486088379705401]
L002753 | 
L002754-L002769 | [REDACTED: batch progress and internal diagnostics]
L002770 | [Epoch 111] [Time: 2.56]
L002771 | [Train Loss: 0.6314]
L002772 | [Train F1: 0.7305157087842754]
L002773 | [Train Acc: 0.7311021350259665]
L002774 | [Dev Loss: 1.2755]
L002775 | [Dev F1: 0.5073907767252576]
L002776 | [Dev Acc: 0.5237315875613748]
L002777 | 
L002778-L002793 | [REDACTED: batch progress and internal diagnostics]
L002794 | [Epoch 112] [Time: 2.56]
L002795 | [Train Loss: 0.6092]
L002796 | [Train F1: 0.7398270612298046]
L002797 | [Train Acc: 0.7405270244277746]
L002798 | [Dev Loss: 1.2437]
L002799 | [Dev F1: 0.5173201556923033]
L002800 | [Dev Acc: 0.5368248772504092]
L002801 | 
L002802-L002817 | [REDACTED: batch progress and internal diagnostics]
L002818 | [Epoch 113] [Time: 2.85]
L002819 | [Train Loss: 0.601]
L002820 | [Train F1: 0.7480058065609941]
L002821 | [Train Acc: 0.7474514329678784]
L002822 | [Dev Loss: 1.2631]
L002823 | [Dev F1: 0.4809170151439338]
L002824 | [Dev Acc: 0.5188216039279869]
L002825 | 
L002826-L002841 | [REDACTED: batch progress and internal diagnostics]
L002842 | [Epoch 114] [Time: 2.54]
L002843 | [Train Loss: 0.6]
L002844 | [Train F1: 0.7463611973763131]
L002845 | [Train Acc: 0.7474514329678784]
L002846 | [Dev Loss: 1.2481]
L002847 | [Dev F1: 0.5131052163525304]
L002848 | [Dev Acc: 0.5204582651391162]
L002849 | 
L002850-L002865 | [REDACTED: batch progress and internal diagnostics]
L002866 | [Epoch 115] [Time: 2.67]
L002867 | [Train Loss: 0.5956]
L002868 | [Train F1: 0.7469189838760841]
L002869 | [Train Acc: 0.7470667436045393]
L002870 | [Dev Loss: 1.4172]
L002871 | [Dev F1: 0.45081020185537796]
L002872 | [Dev Acc: 0.4828150572831424]
L002873 | 
L002874-L002889 | [REDACTED: batch progress and internal diagnostics]
L002890 | [Epoch 116] [Time: 2.62]
L002891 | [Train Loss: 0.5979]
L002892 | [Train F1: 0.7448498128165929]
L002893 | [Train Acc: 0.7464897095595306]
L002894 | [Dev Loss: 1.2054]
L002895 | [Dev F1: 0.5315256168698582]
L002896 | [Dev Acc: 0.5335515548281505]
L002897 | 
L002898-L002913 | [REDACTED: batch progress and internal diagnostics]
L002914 | [Epoch 117] [Time: 2.58]
L002915 | [Train Loss: 0.5863]
L002916 | [Train F1: 0.753026655434315]
L002917 | [Train Acc: 0.7524523946912868]
L002918 | [Dev Loss: 1.2815]
L002919 | [Dev F1: 0.513227083575993]
L002920 | [Dev Acc: 0.5597381342062193]
L002921 | 
L002922-L002937 | [REDACTED: batch progress and internal diagnostics]
L002938 | [Epoch 118] [Time: 2.70]
L002939 | [Train Loss: 0.555]
L002940 | [Train F1: 0.7630628423541101]
L002941 | [Train Acc: 0.764377764954799]
L002942 | [Dev Loss: 1.239]
L002943 | [Dev F1: 0.5192080691135592]
L002944 | [Dev Acc: 0.5384615384615384]
L002945 | 
L002946-L002961 | [REDACTED: batch progress and internal diagnostics]
L002962 | [Epoch 119] [Time: 2.68]
L002963 | [Train Loss: 0.5491]
L002964 | [Train F1: 0.7718413757303223]
L002965 | [Train Acc: 0.7714945181765724]
L002966 | [Dev Loss: 1.3814]
L002967 | [Dev F1: 0.519724258986465]
L002968 | [Dev Acc: 0.5335515548281505]
L002969 | 
L002970-L002985 | [REDACTED: batch progress and internal diagnostics]
L002986 | [Epoch 120] [Time: 2.69]
L002987 | [Train Loss: 0.5414]
L002988 | [Train F1: 0.7796020077175534]
L002989 | [Train Acc: 0.7797653394883631]
L002990 | [Dev Loss: 1.3043]
L002991 | [Dev F1: 0.49065323095136903]
L002992 | [Dev Acc: 0.49754500818330605]
L002993 | 
L002994-L003009 | [REDACTED: batch progress and internal diagnostics]
L003010 | [Epoch 121] [Time: 2.79]
L003011 | [Train Loss: 0.5331]
L003012 | [Train F1: 0.7698764930440826]
L003013 | [Train Acc: 0.7703404500865552]
L003014 | [Dev Loss: 1.4116]
L003015 | [Dev F1: 0.4509655442277691]
L003016 | [Dev Acc: 0.4844517184942717]
L003017 | 
L003018-L003033 | [REDACTED: batch progress and internal diagnostics]
L003034 | [Epoch 122] [Time: 2.65]
L003035 | [Train Loss: 0.529]
L003036 | [Train F1: 0.7805908726208727]
L003037 | [Train Acc: 0.7814964416233892]
L003038 | [Dev Loss: 1.3417]
L003039 | [Dev F1: 0.5037178572775163]
L003040 | [Dev Acc: 0.5057283142389526]
L003041 | 
L003042-L003057 | [REDACTED: batch progress and internal diagnostics]
L003058 | [Epoch 123] [Time: 2.77]
L003059 | [Train Loss: 0.5289]
L003060 | [Train F1: 0.7795978793033946]
L003061 | [Train Acc: 0.7788036160800154]
L003062 | [Dev Loss: 1.3052]
L003063 | [Dev F1: 0.5344557500620929]
L003064 | [Dev Acc: 0.563011456628478]
L003065 | 
L003066-L003081 | [REDACTED: batch progress and internal diagnostics]
L003082 | [Epoch 124] [Time: 2.69]
L003083 | [Train Loss: 0.5172]
L003084 | [Train F1: 0.7849658621027511]
L003085 | [Train Acc: 0.7853433352567801]
L003086 | [Dev Loss: 1.2425]
L003087 | [Dev F1: 0.5078650419135701]
L003088 | [Dev Acc: 0.5548281505728314]
L003089 | 
L003090-L003105 | [REDACTED: batch progress and internal diagnostics]
L003106 | [Epoch 125] [Time: 2.53]
L003107 | [Train Loss: 0.5174]
L003108 | [Train F1: 0.7895130980394904]
L003109 | [Train Acc: 0.7897672629351798]
L003110 | [Dev Loss: 1.3444]
L003111 | [Dev F1: 0.48589222944128574]
L003112 | [Dev Acc: 0.513911620294599]
L003113 | 
L003114-L003129 | [REDACTED: batch progress and internal diagnostics]
L003130 | [Epoch 126] [Time: 2.68]
L003131 | [Train Loss: 0.4893]
L003132 | [Train F1: 0.7921670214250017]
L003133 | [Train Acc: 0.7926524331602232]
L003134 | [Dev Loss: 1.3745]
L003135 | [Dev F1: 0.4864207487999805]
L003136 | [Dev Acc: 0.5155482815057283]
L003137 | 
L003138-L003153 | [REDACTED: batch progress and internal diagnostics]
L003154 | [Epoch 127] [Time: 2.81]
L003155 | [Train Loss: 0.485]
L003156 | [Train F1: 0.7912692019929625]
L003157 | [Train Acc: 0.7913060203885363]
L003158 | [Dev Loss: 1.3708]
L003159 | [Dev F1: 0.4998316156346836]
L003160 | [Dev Acc: 0.5319148936170213]
L003161 | 
L003162-L003177 | [REDACTED: batch progress and internal diagnostics]
L003178 | [Epoch 128] [Time: 2.61]
L003179 | [Train Loss: 0.4816]
L003180 | [Train F1: 0.7980372583622787]
L003181 | [Train Acc: 0.7982304289286402]
L003182 | [Dev Loss: 1.4509]
L003183 | [Dev F1: 0.5093087067157235]
L003184 | [Dev Acc: 0.546644844517185]
L003185 | 
L003186-L003201 | [REDACTED: batch progress and internal diagnostics]
L003202 | [Epoch 129] [Time: 2.61]
L003203 | [Train Loss: 0.4821]
L003204 | [Train F1: 0.8023909324524433]
L003205 | [Train Acc: 0.8024620119253703]
L003206 | [Dev Loss: 1.2941]
L003207 | [Dev F1: 0.5337145461821294]
L003208 | [Dev Acc: 0.5499181669394435]
L003209 | 
L003210-L003225 | [REDACTED: batch progress and internal diagnostics]
L003226 | [Epoch 130] [Time: 2.61]
L003227 | [Train Loss: 0.4767]
L003228 | [Train F1: 0.8012139935836836]
L003229 | [Train Acc: 0.8009232544720138]
L003230 | [Dev Loss: 1.4145]
L003231 | [Dev F1: 0.4740297710005228]
L003232 | [Dev Acc: 0.5122749590834698]
L003233 | 
L003234-L003249 | [REDACTED: batch progress and internal diagnostics]
L003250 | [Epoch 131] [Time: 2.65]
L003251 | [Train Loss: 0.4646]
L003252 | [Train F1: 0.809085021019557]
L003253 | [Train Acc: 0.8095787651471437]
L003254 | [Dev Loss: 1.3204]
L003255 | [Dev F1: 0.5335219889400229]
L003256 | [Dev Acc: 0.546644844517185]
L003257 | 
L003258-L003273 | [REDACTED: batch progress and internal diagnostics]
L003274 | [Epoch 132] [Time: 2.63]
L003275 | [Train Loss: 0.45]
L003276 | [Train F1: 0.8127194666470005]
L003277 | [Train Acc: 0.8122715906905174]
L003278 | [Dev Loss: 1.5116]
L003279 | [Dev F1: 0.4470823301598801]
L003280 | [Dev Acc: 0.49263502454991814]
L003281 | 
L003282-L003297 | [REDACTED: batch progress and internal diagnostics]
L003298 | [Epoch 133] [Time: 2.73]
L003299 | [Train Loss: 0.4533]
L003300 | [Train F1: 0.8159154080709593]
L003301 | [Train Acc: 0.8157337949605693]
L003302 | [Dev Loss: 1.3699]
L003303 | [Dev F1: 0.5706792625809436]
L003304 | [Dev Acc: 0.5875613747954174]
L003305 | 
L003306-L003321 | [REDACTED: batch progress and internal diagnostics]
L003322 | [Epoch 134] [Time: 2.68]
L003323 | [Train Loss: 0.4405]
L003324 | [Train F1: 0.818557268963541]
L003325 | [Train Acc: 0.8186189651856126]
L003326 | [Dev Loss: 1.3829]
L003327 | [Dev F1: 0.49795386532881414]
L003328 | [Dev Acc: 0.5351882160392799]
L003329 | 
L003330-L003345 | [REDACTED: batch progress and internal diagnostics]
L003346 | [Epoch 135] [Time: 2.61]
L003347 | [Train Loss: 0.4616]
L003348 | [Train F1: 0.8084045864754092]
L003349 | [Train Acc: 0.809001731102135]
L003350 | [Dev Loss: 1.3161]
L003351 | [Dev F1: 0.5504156725839239]
L003352 | [Dev Acc: 0.5646481178396072]
L003353 | 
L003354-L003369 | [REDACTED: batch progress and internal diagnostics]
L003370 | [Epoch 136] [Time: 2.79]
L003371 | [Train Loss: 0.4454]
L003372 | [Train F1: 0.8135177987852752]
L003373 | [Train Acc: 0.8140026928255434]
L003374 | [Dev Loss: 1.4616]
L003375 | [Dev F1: 0.48404859859618665]
L003376 | [Dev Acc: 0.5122749590834698]
L003377 | 
L003378-L003393 | [REDACTED: batch progress and internal diagnostics]
L003394 | [Epoch 137] [Time: 2.75]
L003395 | [Train Loss: 0.4431]
L003396 | [Train F1: 0.8141376891594659]
L003397 | [Train Acc: 0.8140026928255434]
L003398 | [Dev Loss: 1.4401]
L003399 | [Dev F1: 0.5426662601419003]
L003400 | [Dev Acc: 0.5531914893617021]
L003401 | 
L003402-L003417 | [REDACTED: batch progress and internal diagnostics]
L003418 | [Epoch 138] [Time: 2.55]
L003419 | [Train Loss: 0.4176]
L003420 | [Train F1: 0.8294718211347002]
L003421 | [Train Acc: 0.8288132333140988]
L003422 | [Dev Loss: 1.4109]
L003423 | [Dev F1: 0.5442651475301916]
L003424 | [Dev Acc: 0.5695581014729951]
L003425 | 
L003426-L003441 | [REDACTED: batch progress and internal diagnostics]
L003442 | [Epoch 139] [Time: 2.60]
L003443 | [Train Loss: 0.4149]
L003444 | [Train F1: 0.8316847407079968]
L003445 | [Train Acc: 0.8326601269474899]
L003446 | [Dev Loss: 1.4622]
L003447 | [Dev F1: 0.5089151804599823]
L003448 | [Dev Acc: 0.5384615384615384]
L003449 | 
L003450-L003465 | [REDACTED: batch progress and internal diagnostics]
L003466 | [Epoch 140] [Time: 2.66]
L003467 | [Train Loss: 0.4018]
L003468 | [Train F1: 0.8382123668099534]
L003469 | [Train Acc: 0.8382381227159069]
L003470 | [Dev Loss: 1.4402]
L003471 | [Dev F1: 0.5669995639491388]
L003472 | [Dev Acc: 0.5761047463175123]
L003473 | 
L003474-L003489 | [REDACTED: batch progress and internal diagnostics]
L003490 | [Epoch 141] [Time: 2.81]
L003491 | [Train Loss: 0.4154]
L003492 | [Train F1: 0.82820607264597]
L003493 | [Train Acc: 0.8280438545874207]
L003494 | [Dev Loss: 1.4444]
L003495 | [Dev F1: 0.534721241784849]
L003496 | [Dev Acc: 0.563011456628478]
L003497 | 
L003498-L003513 | [REDACTED: batch progress and internal diagnostics]
L003514 | [Epoch 142] [Time: 2.54]
L003515 | [Train Loss: 0.407]
L003516 | [Train F1: 0.8287250136257871]
L003517 | [Train Acc: 0.8293902673591075]
L003518 | [Dev Loss: 1.3976]
L003519 | [Dev F1: 0.5667026316610547]
L003520 | [Dev Acc: 0.5711947626841244]
L003521 | 
L003522-L003537 | [REDACTED: batch progress and internal diagnostics]
L003538 | [Epoch 143] [Time: 2.61]
L003539 | [Train Loss: 0.4044]
L003540 | [Train F1: 0.8323308238947789]
L003541 | [Train Acc: 0.8318907482208117]
L003542 | [Dev Loss: 1.5372]
L003543 | [Dev F1: 0.5047152485294863]
L003544 | [Dev Acc: 0.5400981996726678]
L003545 | 
L003546-L003561 | [REDACTED: batch progress and internal diagnostics]
L003562 | [Epoch 144] [Time: 2.56]
L003563 | [Train Loss: 0.422]
L003564 | [Train F1: 0.8244243063052181]
L003565 | [Train Acc: 0.8251586843623774]
L003566 | [Dev Loss: 1.4884]
L003567 | [Dev F1: 0.5370746358771311]
L003568 | [Dev Acc: 0.546644844517185]
L003569 | 
L003570-L003585 | [REDACTED: batch progress and internal diagnostics]
L003586 | [Epoch 145] [Time: 2.49]
L003587 | [Train Loss: 0.4252]
L003588 | [Train F1: 0.8267974238253123]
L003589 | [Train Acc: 0.8259280630890556]
L003590 | [Dev Loss: 1.5118]
L003591 | [Dev F1: 0.5166372839413118]
L003592 | [Dev Acc: 0.5270049099836334]
L003593 | 
L003594-L003609 | [REDACTED: batch progress and internal diagnostics]
L003610 | [Epoch 146] [Time: 2.50]
L003611 | [Train Loss: 0.3967]
L003612 | [Train F1: 0.8381030366252219]
L003613 | [Train Acc: 0.8384304673975764]
L003614 | [Dev Loss: 1.4438]
L003615 | [Dev F1: 0.5496758693974447]
L003616 | [Dev Acc: 0.5597381342062193]
L003617 | 
L003618-L003633 | [REDACTED: batch progress and internal diagnostics]
L003634 | [Epoch 147] [Time: 2.63]
L003635 | [Train Loss: 0.3879]
L003636 | [Train F1: 0.8428569542997503]
L003637 | [Train Acc: 0.8422773610309675]
L003638 | [Dev Loss: 1.5164]
L003639 | [Dev F1: 0.48238401891831484]
L003640 | [Dev Acc: 0.5090016366612111]
L003641 | 
L003642-L003657 | [REDACTED: batch progress and internal diagnostics]
L003658 | [Epoch 148] [Time: 2.67]
L003659 | [Train Loss: 0.3863]
L003660 | [Train F1: 0.8455507677124571]
L003661 | [Train Acc: 0.8465089440276976]
L003662 | [Dev Loss: 1.5202]
L003663 | [Dev F1: 0.5226013053181495]
L003664 | [Dev Acc: 0.5450081833060556]
L003665 | 
L003666-L003681 | [REDACTED: batch progress and internal diagnostics]
L003682 | [Epoch 149] [Time: 2.64]
L003683 | [Train Loss: 0.3721]
L003684 | [Train F1: 0.8516584775921024]
L003685 | [Train Acc: 0.8520869397961146]
L003686 | [Dev Loss: 1.5769]
L003687 | [Dev F1: 0.5551351494326346]
L003688 | [Dev Acc: 0.5613747954173486]
L003689 | Last model
L003690 |               precision    recall  f1-score   support
L003691 | 
L003692 |          hap     0.5785    0.4861    0.5283       144
L003693 |          sad     0.8421    0.6531    0.7356       245
L003694 |          neu     0.5511    0.5755    0.5631       384
L003695 |          ang     0.5795    0.6000    0.5896       170
L003696 |          exc     0.7682    0.7425    0.7551       299
L003697 |          fru     0.5314    0.6220    0.5732       381
L003698 | 
L003699 |     accuracy                         0.6235      1623
L003700 |    macro avg     0.6418    0.6132    0.6241      1623
L003701 | weighted avg     0.6358    0.6235    0.6266      1623
L003702 | 
L003703 | Best model at epoch: 133
L003704 | Best dev F1: 0.5706792625809436
L003705 |               precision    recall  f1-score   support
L003706 | 
L003707 |          hap     0.5702    0.4792    0.5208       144
L003708 |          sad     0.8243    0.7469    0.7837       245
L003709 |          neu     0.6201    0.6120    0.6160       384
L003710 |          ang     0.6783    0.4588    0.5474       170
L003711 |          exc     0.7164    0.8194    0.7644       299
L003712 |          fru     0.5653    0.6588    0.6085       381
L003713 | 
L003714 |     accuracy                         0.6537      1623
L003715 |    macro avg     0.6624    0.6292    0.6401      1623
L003716 | weighted avg     0.6575    0.6537    0.6513      1623
L003717 | 
L003718 | Best test F1: 0.6512579189402835
L003719 | Best test Acc: 0.6537276648182379
L003720 | [SANITIZED] Saved checkpoint: [path and filename removed]
