# Redacted copy of an existing run log.
# run_id: G03-seed4
# dataset: IEMOCAP
# model: GCNet+AMBER
# imr: (0.5,0.3,0.7)
# seed_alias: seed4
# original_log_sha256: c178a8f6202b884ac3efbbd3097fd1edc811c9d5b857e51d7056727de4dd455f
# source_record_status: ok
# source_record_process_return_code: 3221226505
# L numbers refer to source logical lines; REDACTED/SANITIZED text is editorial.
L000001-L000005 | [REDACTED: configuration or implementation details]
L000006 | [SANITIZED] FutureWarning: [dependency deprecation notice; implementation details removed]
L000007-L000068 | [REDACTED: configuration or implementation details]
L000069 | [SANITIZED] Seed alias: seed4
L000070 | [REDACTED: configuration or implementation details]
L000071 | 
L000072-L000073 | [REDACTED: batch progress and internal diagnostics]
L000074 | 
L000075-L000076 | [REDACTED: batch progress and internal diagnostics]
L000077 | 
L000078-L000079 | [REDACTED: batch progress and internal diagnostics]
L000080-L000083 | [REDACTED: configuration or implementation details]
L000084 | [SANITIZED] Seed alias: seed4
L000085-L000088 | [REDACTED: configuration or implementation details]
L000089 | 
L000090-L000105 | [REDACTED: batch progress and internal diagnostics]
L000106 | [Epoch 0] [Time: 3.38]
L000107 | [Train Loss: 1.6966]
L000108 | [Train F1: 0.26698896473757067]
L000109 | [Train Acc: 0.3341027120600115]
L000110 | [Dev Loss: 1.6075]
L000111 | [Dev F1: 0.25093575189045786]
L000112 | [Dev Acc: 0.3862520458265139]
L000113 | 
L000114-L000129 | [REDACTED: batch progress and internal diagnostics]
L000130 | [Epoch 1] [Time: 2.83]
L000131 | [Train Loss: 1.4201]
L000132 | [Train F1: 0.3831704141940563]
L000133 | [Train Acc: 0.46066551259857663]
L000134 | [Dev Loss: 1.4738]
L000135 | [Dev F1: 0.27267756193736326]
L000136 | [Dev Acc: 0.3878887070376432]
L000137 | 
L000138-L000153 | [REDACTED: batch progress and internal diagnostics]
L000154 | [Epoch 2] [Time: 2.82]
L000155 | [Train Loss: 1.2437]
L000156 | [Train F1: 0.4449918961934482]
L000157 | [Train Acc: 0.4920176957107136]
L000158 | [Dev Loss: 1.4551]
L000159 | [Dev F1: 0.3089935768627543]
L000160 | [Dev Acc: 0.40916530278232405]
L000161 | 
L000162-L000177 | [REDACTED: batch progress and internal diagnostics]
L000178 | [Epoch 3] [Time: 2.79]
L000179 | [Train Loss: 1.1738]
L000180 | [Train F1: 0.481769046698455]
L000181 | [Train Acc: 0.5181765724177726]
L000182 | [Dev Loss: 1.3724]
L000183 | [Dev F1: 0.29283546421155204]
L000184 | [Dev Acc: 0.3829787234042553]
L000185 | 
L000186-L000201 | [REDACTED: batch progress and internal diagnostics]
L000202 | [Epoch 4] [Time: 2.72]
L000203 | [Train Loss: 1.1491]
L000204 | [Train F1: 0.49449778808070327]
L000205 | [Train Acc: 0.5129832660126947]
L000206 | [Dev Loss: 1.3904]
L000207 | [Dev F1: 0.30046023827637636]
L000208 | [Dev Acc: 0.4026186579378069]
L000209 | 
L000210-L000225 | [REDACTED: batch progress and internal diagnostics]
L000226 | [Epoch 5] [Time: 2.93]
L000227 | [Train Loss: 1.1304]
L000228 | [Train F1: 0.49754986138482465]
L000229 | [Train Acc: 0.5337564916330063]
L000230 | [Dev Loss: 1.3428]
L000231 | [Dev F1: 0.3490264335037282]
L000232 | [Dev Acc: 0.38461538461538464]
L000233 | 
L000234-L000249 | [REDACTED: batch progress and internal diagnostics]
L000250 | [Epoch 6] [Time: 2.69]
L000251 | [Train Loss: 1.0927]
L000252 | [Train F1: 0.5425087743005302]
L000253 | [Train Acc: 0.5501057895749183]
L000254 | [Dev Loss: 1.3354]
L000255 | [Dev F1: 0.3310999450209474]
L000256 | [Dev Acc: 0.41407528641571195]
L000257 | 
L000258-L000273 | [REDACTED: batch progress and internal diagnostics]
L000274 | [Epoch 7] [Time: 2.69]
L000275 | [Train Loss: 1.1031]
L000276 | [Train F1: 0.5231916873042197]
L000277 | [Train Acc: 0.5414502788997885]
L000278 | [Dev Loss: 1.3099]
L000279 | [Dev F1: 0.3765785023499916]
L000280 | [Dev Acc: 0.4369885433715221]
L000281 | 
L000282-L000297 | [REDACTED: batch progress and internal diagnostics]
L000298 | [Epoch 8] [Time: 2.79]
L000299 | [Train Loss: 1.076]
L000300 | [Train F1: 0.534905551489881]
L000301 | [Train Acc: 0.5518368917099442]
L000302 | [Dev Loss: 1.3137]
L000303 | [Dev F1: 0.35768092284493486]
L000304 | [Dev Acc: 0.41080196399345337]
L000305 | 
L000306-L000321 | [REDACTED: batch progress and internal diagnostics]
L000322 | [Epoch 9] [Time: 2.81]
L000323 | [Train Loss: 1.0522]
L000324 | [Train F1: 0.5534723623913473]
L000325 | [Train Acc: 0.5576072321600308]
L000326 | [Dev Loss: 1.2987]
L000327 | [Dev F1: 0.40199239731345704]
L000328 | [Dev Acc: 0.43044189852700493]
L000329 | 
L000330-L000345 | [REDACTED: batch progress and internal diagnostics]
L000346 | [Epoch 10] [Time: 2.93]
L000347 | [Train Loss: 1.0212]
L000348 | [Train F1: 0.5661439866637759]
L000349 | [Train Acc: 0.582419696095403]
L000350 | [Dev Loss: 1.3421]
L000351 | [Dev F1: 0.3524730243749586]
L000352 | [Dev Acc: 0.4026186579378069]
L000353 | 
L000354-L000369 | [REDACTED: batch progress and internal diagnostics]
L000370 | [Epoch 11] [Time: 2.65]
L000371 | [Train Loss: 1.0107]
L000372 | [Train F1: 0.5788344037489774]
L000373 | [Train Acc: 0.5810732833237161]
L000374 | [Dev Loss: 1.2949]
L000375 | [Dev F1: 0.38922968958742177]
L000376 | [Dev Acc: 0.41407528641571195]
L000377 | 
L000378-L000393 | [REDACTED: batch progress and internal diagnostics]
L000394 | [Epoch 12] [Time: 2.61]
L000395 | [Train Loss: 0.9943]
L000396 | [Train F1: 0.5828661640678744]
L000397 | [Train Acc: 0.5933833429505674]
L000398 | [Dev Loss: 1.2955]
L000399 | [Dev F1: 0.40482612079845354]
L000400 | [Dev Acc: 0.4238952536824877]
L000401 | 
L000402-L000417 | [REDACTED: batch progress and internal diagnostics]
L000418 | [Epoch 13] [Time: 2.80]
L000419 | [Train Loss: 0.954]
L000420 | [Train F1: 0.6010514797003289]
L000421 | [Train Acc: 0.6076168493941142]
L000422 | [Dev Loss: 1.289]
L000423 | [Dev F1: 0.39113704333570515]
L000424 | [Dev Acc: 0.42225859247135844]
L000425 | 
L000426-L000441 | [REDACTED: batch progress and internal diagnostics]
L000442 | [Epoch 14] [Time: 2.88]
L000443 | [Train Loss: 0.9569]
L000444 | [Train F1: 0.5996245989130319]
L000445 | [Train Acc: 0.6043469898057319]
L000446 | [Dev Loss: 1.2609]
L000447 | [Dev F1: 0.4223600083005021]
L000448 | [Dev Acc: 0.42716857610474634]
L000449 | 
L000450-L000465 | [REDACTED: batch progress and internal diagnostics]
L000466 | [Epoch 15] [Time: 2.88]
L000467 | [Train Loss: 0.9564]
L000468 | [Train F1: 0.5914295817731257]
L000469 | [Train Acc: 0.5949221004039238]
L000470 | [Dev Loss: 1.3147]
L000471 | [Dev F1: 0.4381412758812214]
L000472 | [Dev Acc: 0.47299509001636664]
L000473 | 
L000474-L000489 | [REDACTED: batch progress and internal diagnostics]
L000490 | [Epoch 16] [Time: 2.82]
L000491 | [Train Loss: 0.949]
L000492 | [Train F1: 0.5988981451929463]
L000493 | [Train Acc: 0.6062704366224274]
L000494 | [Dev Loss: 1.3306]
L000495 | [Dev F1: 0.35351421382970627]
L000496 | [Dev Acc: 0.3993453355155483]
L000497 | 
L000498-L000513 | [REDACTED: batch progress and internal diagnostics]
L000514 | [Epoch 17] [Time: 2.83]
L000515 | [Train Loss: 0.9455]
L000516 | [Train F1: 0.5917387384093636]
L000517 | [Train Acc: 0.597422581265628]
L000518 | [Dev Loss: 1.38]
L000519 | [Dev F1: 0.3279259394586643]
L000520 | [Dev Acc: 0.37970540098199673]
L000521 | 
L000522-L000537 | [REDACTED: batch progress and internal diagnostics]
L000538 | [Epoch 18] [Time: 2.87]
L000539 | [Train Loss: 0.9414]
L000540 | [Train F1: 0.5971924003273387]
L000541 | [Train Acc: 0.6014618195806886]
L000542 | [Dev Loss: 1.2787]
L000543 | [Dev F1: 0.4465566384625228]
L000544 | [Dev Acc: 0.4664484451718494]
L000545 | 
L000546-L000561 | [REDACTED: batch progress and internal diagnostics]
L000562 | [Epoch 19] [Time: 2.74]
L000563 | [Train Loss: 0.9127]
L000564 | [Train F1: 0.6169434029589697]
L000565 | [Train Acc: 0.6206962877476437]
L000566 | [Dev Loss: 1.2597]
L000567 | [Dev F1: 0.42964762625521946]
L000568 | [Dev Acc: 0.4451718494271686]
L000569 | 
L000570-L000585 | [REDACTED: batch progress and internal diagnostics]
L000586 | [Epoch 20] [Time: 2.89]
L000587 | [Train Loss: 0.8981]
L000588 | [Train F1: 0.6103960592871692]
L000589 | [Train Acc: 0.6172340834775919]
L000590 | [Dev Loss: 1.3077]
L000591 | [Dev F1: 0.404847678757455]
L000592 | [Dev Acc: 0.41734860883797054]
L000593 | 
L000594-L000609 | [REDACTED: batch progress and internal diagnostics]
L000610 | [Epoch 21] [Time: 2.85]
L000611 | [Train Loss: 0.9054]
L000612 | [Train F1: 0.6146705606632693]
L000613 | [Train Acc: 0.614156568570879]
L000614 | [Dev Loss: 1.2828]
L000615 | [Dev F1: 0.4346943002436083]
L000616 | [Dev Acc: 0.44353518821603927]
L000617 | 
L000618-L000633 | [REDACTED: batch progress and internal diagnostics]
L000634 | [Epoch 22] [Time: 2.77]
L000635 | [Train Loss: 0.8888]
L000636 | [Train F1: 0.6161507296185414]
L000637 | [Train Acc: 0.6185804962492787]
L000638 | [Dev Loss: 1.2626]
L000639 | [Dev F1: 0.39997891410307845]
L000640 | [Dev Acc: 0.4337152209492635]
L000641 | 
L000642-L000657 | [REDACTED: batch progress and internal diagnostics]
L000658 | [Epoch 23] [Time: 2.86]
L000659 | [Train Loss: 0.8953]
L000660 | [Train F1: 0.6092962446020292]
L000661 | [Train Acc: 0.6139642238892095]
L000662 | [Dev Loss: 1.3286]
L000663 | [Dev F1: 0.403588765154976]
L000664 | [Dev Acc: 0.425531914893617]
L000665 | 
L000666-L000681 | [REDACTED: batch progress and internal diagnostics]
L000682 | [Epoch 24] [Time: 2.76]
L000683 | [Train Loss: 0.8867]
L000684 | [Train F1: 0.6111316608601871]
L000685 | [Train Acc: 0.615887670705905]
L000686 | [Dev Loss: 1.3183]
L000687 | [Dev F1: 0.3903743923943668]
L000688 | [Dev Acc: 0.40589198036006546]
L000689 | 
L000690-L000705 | [REDACTED: batch progress and internal diagnostics]
L000706 | [Epoch 25] [Time: 2.93]
L000707 | [Train Loss: 0.8737]
L000708 | [Train F1: 0.6196892643558745]
L000709 | [Train Acc: 0.6224273898826698]
L000710 | [Dev Loss: 1.2984]
L000711 | [Dev F1: 0.42469892816487215]
L000712 | [Dev Acc: 0.4451718494271686]
L000713 | 
L000714-L000729 | [REDACTED: batch progress and internal diagnostics]
L000730 | [Epoch 26] [Time: 2.60]
L000731 | [Train Loss: 0.8782]
L000732 | [Train F1: 0.6215497010784532]
L000733 | [Train Acc: 0.6251202154260435]
L000734 | [Dev Loss: 1.2913]
L000735 | [Dev F1: 0.40753617545584536]
L000736 | [Dev Acc: 0.4157119476268412]
L000737 | 
L000738-L000753 | [REDACTED: batch progress and internal diagnostics]
L000754 | [Epoch 27] [Time: 2.76]
L000755 | [Train Loss: 0.8771]
L000756 | [Train F1: 0.6160059600097081]
L000757 | [Train Acc: 0.6166570494325831]
L000758 | [Dev Loss: 1.3442]
L000759 | [Dev F1: 0.42460113966207824]
L000760 | [Dev Acc: 0.4500818330605565]
L000761 | 
L000762-L000777 | [REDACTED: batch progress and internal diagnostics]
L000778 | [Epoch 28] [Time: 2.84]
L000779 | [Train Loss: 0.8763]
L000780 | [Train F1: 0.6206553555141194]
L000781 | [Train Acc: 0.6245431813810348]
L000782 | [Dev Loss: 1.2627]
L000783 | [Dev F1: 0.41002428788437173]
L000784 | [Dev Acc: 0.41898527004909986]
L000785 | 
L000786-L000801 | [REDACTED: batch progress and internal diagnostics]
L000802 | [Epoch 29] [Time: 2.74]
L000803 | [Train Loss: 0.8646]
L000804 | [Train F1: 0.6196841215789239]
L000805 | [Train Acc: 0.6205039430659742]
L000806 | [Dev Loss: 1.2858]
L000807 | [Dev F1: 0.42406563769895333]
L000808 | [Dev Acc: 0.4369885433715221]
L000809 | 
L000810-L000825 | [REDACTED: batch progress and internal diagnostics]
L000826 | [Epoch 30] [Time: 2.77]
L000827 | [Train Loss: 0.851]
L000828 | [Train F1: 0.6179194124388607]
L000829 | [Train Acc: 0.6231967686093479]
L000830 | [Dev Loss: 1.27]
L000831 | [Dev F1: 0.42062544371563215]
L000832 | [Dev Acc: 0.4500818330605565]
L000833 | 
L000834-L000849 | [REDACTED: batch progress and internal diagnostics]
L000850 | [Epoch 31] [Time: 2.86]
L000851 | [Train Loss: 0.8623]
L000852 | [Train F1: 0.6264867865745695]
L000853 | [Train Acc: 0.6287747643777649]
L000854 | [Dev Loss: 1.2652]
L000855 | [Dev F1: 0.42731334259319703]
L000856 | [Dev Acc: 0.4451718494271686]
L000857 | 
L000858-L000873 | [REDACTED: batch progress and internal diagnostics]
L000874 | [Epoch 32] [Time: 2.75]
L000875 | [Train Loss: 0.8451]
L000876 | [Train F1: 0.6231186443463458]
L000877 | [Train Acc: 0.6260819388343912]
L000878 | [Dev Loss: 1.3432]
L000879 | [Dev F1: 0.39277162263415905]
L000880 | [Dev Acc: 0.40589198036006546]
L000881 | 
L000882-L000897 | [REDACTED: batch progress and internal diagnostics]
L000898 | [Epoch 33] [Time: 2.73]
L000899 | [Train Loss: 0.8622]
L000900 | [Train F1: 0.6282158462106121]
L000901 | [Train Acc: 0.6310829005577996]
L000902 | [Dev Loss: 1.2319]
L000903 | [Dev F1: 0.4086009846326439]
L000904 | [Dev Acc: 0.42225859247135844]
L000905 | 
L000906-L000921 | [REDACTED: batch progress and internal diagnostics]
L000922 | [Epoch 34] [Time: 2.69]
L000923 | [Train Loss: 0.8522]
L000924 | [Train F1: 0.6269896351144889]
L000925 | [Train Acc: 0.6268513175610695]
L000926 | [Dev Loss: 1.3019]
L000927 | [Dev F1: 0.4188675904725483]
L000928 | [Dev Acc: 0.4386252045826514]
L000929 | 
L000930-L000945 | [REDACTED: batch progress and internal diagnostics]
L000946 | [Epoch 35] [Time: 2.83]
L000947 | [Train Loss: 0.8625]
L000948 | [Train F1: 0.6197899064587106]
L000949 | [Train Acc: 0.625312560107713]
L000950 | [Dev Loss: 1.2853]
L000951 | [Dev F1: 0.4230913586315511]
L000952 | [Dev Acc: 0.4451718494271686]
L000953 | 
L000954-L000969 | [REDACTED: batch progress and internal diagnostics]
L000970 | [Epoch 36] [Time: 2.78]
L000971 | [Train Loss: 0.8434]
L000972 | [Train F1: 0.629282796580124]
L000973 | [Train Acc: 0.6318522792844777]
L000974 | [Dev Loss: 1.2065]
L000975 | [Dev F1: 0.4416424463294445]
L000976 | [Dev Acc: 0.44844517184942717]
L000977 | 
L000978-L000993 | [REDACTED: batch progress and internal diagnostics]
L000994 | [Epoch 37] [Time: 2.82]
L000995 | [Train Loss: 0.8408]
L000996 | [Train F1: 0.629265088962255]
L000997 | [Train Acc: 0.6320446239661474]
L000998 | [Dev Loss: 1.3477]
L000999 | [Dev F1: 0.42494068490261183]
L001000 | [Dev Acc: 0.44353518821603927]
L001001 | 
L001002-L001017 | [REDACTED: batch progress and internal diagnostics]
L001018 | [Epoch 38] [Time: 2.77]
L001019 | [Train Loss: 0.8385]
L001020 | [Train F1: 0.626554510614086]
L001021 | [Train Acc: 0.6276206962877476]
L001022 | [Dev Loss: 1.2664]
L001023 | [Dev F1: 0.4161675339738075]
L001024 | [Dev Acc: 0.4451718494271686]
L001025 | 
L001026-L001041 | [REDACTED: batch progress and internal diagnostics]
L001042 | [Epoch 39] [Time: 2.74]
L001043 | [Train Loss: 0.8266]
L001044 | [Train F1: 0.6301491386899825]
L001045 | [Train Acc: 0.6355068282361993]
L001046 | [Dev Loss: 1.325]
L001047 | [Dev F1: 0.4348616768851747]
L001048 | [Dev Acc: 0.44353518821603927]
L001049 | 
L001050-L001065 | [REDACTED: batch progress and internal diagnostics]
L001066 | [Epoch 40] [Time: 2.83]
L001067 | [Train Loss: 0.8261]
L001068 | [Train F1: 0.6305806621267385]
L001069 | [Train Acc: 0.6320446239661474]
L001070 | [Dev Loss: 1.242]
L001071 | [Dev F1: 0.4424374937339218]
L001072 | [Dev Acc: 0.4828150572831424]
L001073 | 
L001074-L001089 | [REDACTED: batch progress and internal diagnostics]
L001090 | [Epoch 41] [Time: 2.75]
L001091 | [Train Loss: 0.8279]
L001092 | [Train F1: 0.6265006655745816]
L001093 | [Train Acc: 0.6283900750144259]
L001094 | [Dev Loss: 1.2576]
L001095 | [Dev F1: 0.438627282202576]
L001096 | [Dev Acc: 0.45990180032733224]
L001097 | 
L001098-L001113 | [REDACTED: batch progress and internal diagnostics]
L001114 | [Epoch 42] [Time: 2.85]
L001115 | [Train Loss: 0.8307]
L001116 | [Train F1: 0.628393784701191]
L001117 | [Train Acc: 0.6322369686478169]
L001118 | [Dev Loss: 1.2369]
L001119 | [Dev F1: 0.42756989898744113]
L001120 | [Dev Acc: 0.45662847790507366]
L001121 | 
L001122-L001137 | [REDACTED: batch progress and internal diagnostics]
L001138 | [Epoch 43] [Time: 2.73]
L001139 | [Train Loss: 0.8243]
L001140 | [Train F1: 0.6329367886713719]
L001141 | [Train Acc: 0.634737449509521]
L001142 | [Dev Loss: 1.2618]
L001143 | [Dev F1: 0.3984753242455611]
L001144 | [Dev Acc: 0.42716857610474634]
L001145 | 
L001146-L001161 | [REDACTED: batch progress and internal diagnostics]
L001162 | [Epoch 44] [Time: 2.82]
L001163 | [Train Loss: 0.8217]
L001164 | [Train F1: 0.6298642995616309]
L001165 | [Train Acc: 0.630505866512791]
L001166 | [Dev Loss: 1.2609]
L001167 | [Dev F1: 0.42965513757152224]
L001168 | [Dev Acc: 0.45662847790507366]
L001169 | 
L001170-L001185 | [REDACTED: batch progress and internal diagnostics]
L001186 | [Epoch 45] [Time: 2.70]
L001187 | [Train Loss: 0.8151]
L001188 | [Train F1: 0.6318029994711492]
L001189 | [Train Acc: 0.6343527601461819]
L001190 | [Dev Loss: 1.2799]
L001191 | [Dev F1: 0.41383016652314897]
L001192 | [Dev Acc: 0.4533551554828151]
L001193 | 
L001194-L001209 | [REDACTED: batch progress and internal diagnostics]
L001210 | [Epoch 46] [Time: 2.97]
L001211 | [Train Loss: 0.8212]
L001212 | [Train F1: 0.6255071688727184]
L001213 | [Train Acc: 0.6299288324677823]
L001214 | [Dev Loss: 1.215]
L001215 | [Dev F1: 0.4514190498647659]
L001216 | [Dev Acc: 0.46481178396072015]
L001217 | 
L001218-L001233 | [REDACTED: batch progress and internal diagnostics]
L001234 | [Epoch 47] [Time: 2.81]
L001235 | [Train Loss: 0.8205]
L001236 | [Train F1: 0.634316833942731]
L001237 | [Train Acc: 0.6355068282361993]
L001238 | [Dev Loss: 1.2236]
L001239 | [Dev F1: 0.44188117013620887]
L001240 | [Dev Acc: 0.48117839607201307]
L001241 | 
L001242-L001257 | [REDACTED: batch progress and internal diagnostics]
L001258 | [Epoch 48] [Time: 2.61]
L001259 | [Train Loss: 0.8138]
L001260 | [Train F1: 0.6353871564441236]
L001261 | [Train Acc: 0.6370455856895557]
L001262 | [Dev Loss: 1.2358]
L001263 | [Dev F1: 0.43610490422113896]
L001264 | [Dev Acc: 0.4713584288052373]
L001265 | 
L001266-L001281 | [REDACTED: batch progress and internal diagnostics]
L001282 | [Epoch 49] [Time: 2.80]
L001283 | [Train Loss: 0.8156]
L001284 | [Train F1: 0.6370231798878134]
L001285 | [Train Acc: 0.6407001346412772]
L001286 | [Dev Loss: 1.3093]
L001287 | [Dev F1: 0.4230205082460908]
L001288 | [Dev Acc: 0.45499181669394434]
L001289 | 
L001290-L001305 | [REDACTED: batch progress and internal diagnostics]
L001306 | [Epoch 50] [Time: 2.73]
L001307 | [Train Loss: 0.8311]
L001308 | [Train F1: 0.634363537603312]
L001309 | [Train Acc: 0.636083862281208]
L001310 | [Dev Loss: 1.2338]
L001311 | [Dev F1: 0.4313510964455987]
L001312 | [Dev Acc: 0.45662847790507366]
L001313 | 
L001314-L001329 | [REDACTED: batch progress and internal diagnostics]
L001330 | [Epoch 51] [Time: 2.85]
L001331 | [Train Loss: 0.8097]
L001332 | [Train F1: 0.6369610627971677]
L001333 | [Train Acc: 0.6397384112329294]
L001334 | [Dev Loss: 1.2712]
L001335 | [Dev F1: 0.4262830637850219]
L001336 | [Dev Acc: 0.45499181669394434]
L001337 | 
L001338-L001353 | [REDACTED: batch progress and internal diagnostics]
L001354 | [Epoch 52] [Time: 2.93]
L001355 | [Train Loss: 0.8117]
L001356 | [Train F1: 0.6346858666253723]
L001357 | [Train Acc: 0.636083862281208]
L001358 | [Dev Loss: 1.2378]
L001359 | [Dev F1: 0.403509117102448]
L001360 | [Dev Acc: 0.44353518821603927]
L001361 | 
L001362-L001377 | [REDACTED: batch progress and internal diagnostics]
L001378 | [Epoch 53] [Time: 2.75]
L001379 | [Train Loss: 0.8107]
L001380 | [Train F1: 0.6335298982602656]
L001381 | [Train Acc: 0.6370455856895557]
L001382 | [Dev Loss: 1.2891]
L001383 | [Dev F1: 0.4013771564041657]
L001384 | [Dev Acc: 0.4337152209492635]
L001385 | 
L001386-L001401 | [REDACTED: batch progress and internal diagnostics]
L001402 | [Epoch 54] [Time: 2.83]
L001403 | [Train Loss: 0.8217]
L001404 | [Train F1: 0.6326848811588384]
L001405 | [Train Acc: 0.6330063473744951]
L001406 | [Dev Loss: 1.1745]
L001407 | [Dev F1: 0.4521792616997075]
L001408 | [Dev Acc: 0.4779050736497545]
L001409 | 
L001410-L001425 | [REDACTED: batch progress and internal diagnostics]
L001426 | [Epoch 55] [Time: 2.82]
L001427 | [Train Loss: 0.834]
L001428 | [Train F1: 0.6258295892834461]
L001429 | [Train Acc: 0.6295441431044432]
L001430 | [Dev Loss: 1.2921]
L001431 | [Dev F1: 0.43075661732396653]
L001432 | [Dev Acc: 0.45662847790507366]
L001433 | 
L001434-L001449 | [REDACTED: batch progress and internal diagnostics]
L001450 | [Epoch 56] [Time: 2.58]
L001451 | [Train Loss: 0.8187]
L001452 | [Train F1: 0.6376570204184169]
L001453 | [Train Acc: 0.6405077899596077]
L001454 | [Dev Loss: 1.2877]
L001455 | [Dev F1: 0.4394276157215843]
L001456 | [Dev Acc: 0.45171849427168576]
L001457 | 
L001458-L001473 | [REDACTED: batch progress and internal diagnostics]
L001474 | [Epoch 57] [Time: 2.81]
L001475 | [Train Loss: 0.8103]
L001476 | [Train F1: 0.6387543126162876]
L001477 | [Train Acc: 0.640315445277938]
L001478 | [Dev Loss: 1.205]
L001479 | [Dev F1: 0.45851148434891076]
L001480 | [Dev Acc: 0.5057283142389526]
L001481 | 
L001482-L001497 | [REDACTED: batch progress and internal diagnostics]
L001498 | [Epoch 58] [Time: 2.77]
L001499 | [Train Loss: 0.7951]
L001500 | [Train F1: 0.6403784588779358]
L001501 | [Train Acc: 0.6420465474129641]
L001502 | [Dev Loss: 1.2262]
L001503 | [Dev F1: 0.4477737386892334]
L001504 | [Dev Acc: 0.4795417348608838]
L001505 | 
L001506-L001521 | [REDACTED: batch progress and internal diagnostics]
L001522 | [Epoch 59] [Time: 2.73]
L001523 | [Train Loss: 0.7893]
L001524 | [Train F1: 0.6461096423870133]
L001525 | [Train Acc: 0.6472398538180419]
L001526 | [Dev Loss: 1.262]
L001527 | [Dev F1: 0.4554068973337336]
L001528 | [Dev Acc: 0.4844517184942717]
L001529 | 
L001530-L001545 | [REDACTED: batch progress and internal diagnostics]
L001546 | [Epoch 60] [Time: 2.70]
L001547 | [Train Loss: 0.7998]
L001548 | [Train F1: 0.6440993850020728]
L001549 | [Train Acc: 0.6472398538180419]
L001550 | [Dev Loss: 1.242]
L001551 | [Dev F1: 0.43305892469519275]
L001552 | [Dev Acc: 0.4664484451718494]
L001553 | 
L001554-L001569 | [REDACTED: batch progress and internal diagnostics]
L001570 | [Epoch 61] [Time: 2.95]
L001571 | [Train Loss: 0.7899]
L001572 | [Train F1: 0.6435349049032214]
L001573 | [Train Acc: 0.6455087516830159]
L001574 | [Dev Loss: 1.1896]
L001575 | [Dev F1: 0.4543573296158576]
L001576 | [Dev Acc: 0.48936170212765956]
L001577 | 
L001578-L001593 | [REDACTED: batch progress and internal diagnostics]
L001594 | [Epoch 62] [Time: 2.73]
L001595 | [Train Loss: 0.7878]
L001596 | [Train F1: 0.645155453617031]
L001597 | [Train Acc: 0.6476245431813811]
L001598 | [Dev Loss: 1.3202]
L001599 | [Dev F1: 0.4172901226224353]
L001600 | [Dev Acc: 0.45171849427168576]
L001601 | 
L001602-L001617 | [REDACTED: batch progress and internal diagnostics]
L001618 | [Epoch 63] [Time: 2.83]
L001619 | [Train Loss: 0.8021]
L001620 | [Train F1: 0.637713542677533]
L001621 | [Train Acc: 0.6408924793229467]
L001622 | [Dev Loss: 1.2498]
L001623 | [Dev F1: 0.4338657631608171]
L001624 | [Dev Acc: 0.46153846153846156]
L001625 | 
L001626-L001641 | [REDACTED: batch progress and internal diagnostics]
L001642 | [Epoch 64] [Time: 2.74]
L001643 | [Train Loss: 0.7941]
L001644 | [Train F1: 0.6473046118646618]
L001645 | [Train Acc: 0.6472398538180419]
L001646 | [Dev Loss: 1.1808]
L001647 | [Dev F1: 0.46277405907435315]
L001648 | [Dev Acc: 0.49263502454991814]
L001649 | 
L001650-L001665 | [REDACTED: batch progress and internal diagnostics]
L001666 | [Epoch 65] [Time: 2.79]
L001667 | [Train Loss: 0.8081]
L001668 | [Train F1: 0.639934652069007]
L001669 | [Train Acc: 0.6443546835929986]
L001670 | [Dev Loss: 1.309]
L001671 | [Dev F1: 0.41542540332335903]
L001672 | [Dev Acc: 0.4762684124386252]
L001673 | 
L001674-L001689 | [REDACTED: batch progress and internal diagnostics]
L001690 | [Epoch 66] [Time: 2.76]
L001691 | [Train Loss: 0.7879]
L001692 | [Train F1: 0.6409334743390666]
L001693 | [Train Acc: 0.6418542027312945]
L001694 | [Dev Loss: 1.1927]
L001695 | [Dev F1: 0.4647804939104329]
L001696 | [Dev Acc: 0.4877250409165303]
L001697 | 
L001698-L001713 | [REDACTED: batch progress and internal diagnostics]
L001714 | [Epoch 67] [Time: 2.80]
L001715 | [Train Loss: 0.7916]
L001716 | [Train F1: 0.6504825282695725]
L001717 | [Train Acc: 0.6530101942681285]
L001718 | [Dev Loss: 1.2991]
L001719 | [Dev F1: 0.46020785943851006]
L001720 | [Dev Acc: 0.49263502454991814]
L001721 | 
L001722-L001737 | [REDACTED: batch progress and internal diagnostics]
L001738 | [Epoch 68] [Time: 2.78]
L001739 | [Train Loss: 0.7843]
L001740 | [Train F1: 0.6493738847340577]
L001741 | [Train Acc: 0.6507020580880939]
L001742 | [Dev Loss: 1.218]
L001743 | [Dev F1: 0.4347778493610338]
L001744 | [Dev Acc: 0.4664484451718494]
L001745 | 
L001746-L001761 | [REDACTED: batch progress and internal diagnostics]
L001762 | [Epoch 69] [Time: 2.74]
L001763 | [Train Loss: 0.7828]
L001764 | [Train F1: 0.650505252497396]
L001765 | [Train Acc: 0.6524331602231198]
L001766 | [Dev Loss: 1.2747]
L001767 | [Dev F1: 0.45578077602893935]
L001768 | [Dev Acc: 0.4959083469721768]
L001769 | 
L001770-L001785 | [REDACTED: batch progress and internal diagnostics]
L001786 | [Epoch 70] [Time: 2.96]
L001787 | [Train Loss: 0.7889]
L001788 | [Train F1: 0.6536258174152175]
L001789 | [Train Acc: 0.6553183304481631]
L001790 | [Dev Loss: 1.2694]
L001791 | [Dev F1: 0.45731591053750964]
L001792 | [Dev Acc: 0.48117839607201307]
L001793 | 
L001794-L001809 | [REDACTED: batch progress and internal diagnostics]
L001810 | [Epoch 71] [Time: 2.71]
L001811 | [Train Loss: 0.7773]
L001812 | [Train F1: 0.6462880691234493]
L001813 | [Train Acc: 0.6505097134064243]
L001814 | [Dev Loss: 1.2145]
L001815 | [Dev F1: 0.45688368782992056]
L001816 | [Dev Acc: 0.49427168576104746]
L001817 | 
L001818-L001833 | [REDACTED: batch progress and internal diagnostics]
L001834 | [Epoch 72] [Time: 2.80]
L001835 | [Train Loss: 0.7695]
L001836 | [Train F1: 0.6563422011062982]
L001837 | [Train Acc: 0.6562800538565109]
L001838 | [Dev Loss: 1.2371]
L001839 | [Dev F1: 0.4576316239704948]
L001840 | [Dev Acc: 0.49427168576104746]
L001841 | 
L001842-L001857 | [REDACTED: batch progress and internal diagnostics]
L001858 | [Epoch 73] [Time: 2.64]
L001859 | [Train Loss: 0.7622]
L001860 | [Train F1: 0.65357559425795]
L001861 | [Train Acc: 0.6574341219465282]
L001862 | [Dev Loss: 1.2281]
L001863 | [Dev F1: 0.45151180398501994]
L001864 | [Dev Acc: 0.486088379705401]
L001865 | 
L001866-L001881 | [REDACTED: batch progress and internal diagnostics]
L001882 | [Epoch 74] [Time: 2.78]
L001883 | [Train Loss: 0.7584]
L001884 | [Train F1: 0.6629115995395093]
L001885 | [Train Acc: 0.6639738411232929]
L001886 | [Dev Loss: 1.2261]
L001887 | [Dev F1: 0.46184314951218863]
L001888 | [Dev Acc: 0.486088379705401]
L001889 | 
L001890-L001905 | [REDACTED: batch progress and internal diagnostics]
L001906 | [Epoch 75] [Time: 2.58]
L001907 | [Train Loss: 0.7552]
L001908 | [Train F1: 0.6631484659560336]
L001909 | [Train Acc: 0.6645508751683016]
L001910 | [Dev Loss: 1.2581]
L001911 | [Dev F1: 0.44738761844065184]
L001912 | [Dev Acc: 0.4713584288052373]
L001913 | 
L001914-L001929 | [REDACTED: batch progress and internal diagnostics]
L001930 | [Epoch 76] [Time: 2.68]
L001931 | [Train Loss: 0.7544]
L001932 | [Train F1: 0.6623115654945932]
L001933 | [Train Acc: 0.6649355645316407]
L001934 | [Dev Loss: 1.1643]
L001935 | [Dev F1: 0.45726189293734193]
L001936 | [Dev Acc: 0.46808510638297873]
L001937 | 
L001938-L001953 | [REDACTED: batch progress and internal diagnostics]
L001954 | [Epoch 77] [Time: 2.88]
L001955 | [Train Loss: 0.7491]
L001956 | [Train F1: 0.6657839315887527]
L001957 | [Train Acc: 0.6664743219849971]
L001958 | [Dev Loss: 1.2421]
L001959 | [Dev F1: 0.4613149526134125]
L001960 | [Dev Acc: 0.49754500818330605]
L001961 | 
L001962-L001977 | [REDACTED: batch progress and internal diagnostics]
L001978 | [Epoch 78] [Time: 2.76]
L001979 | [Train Loss: 0.7411]
L001980 | [Train F1: 0.6622255287278989]
L001981 | [Train Acc: 0.6637814964416234]
L001982 | [Dev Loss: 1.2481]
L001983 | [Dev F1: 0.4502495971066411]
L001984 | [Dev Acc: 0.4877250409165303]
L001985 | 
L001986-L002001 | [REDACTED: batch progress and internal diagnostics]
L002002 | [Epoch 79] [Time: 2.85]
L002003 | [Train Loss: 0.7452]
L002004 | [Train F1: 0.6702657390644857]
L002005 | [Train Acc: 0.6718599730717446]
L002006 | [Dev Loss: 1.1947]
L002007 | [Dev F1: 0.47355512165100616]
L002008 | [Dev Acc: 0.5008183306055647]
L002009 | 
L002010-L002025 | [REDACTED: batch progress and internal diagnostics]
L002026 | [Epoch 80] [Time: 2.85]
L002027 | [Train Loss: 0.7462]
L002028 | [Train F1: 0.6626463920925447]
L002029 | [Train Acc: 0.6649355645316407]
L002030 | [Dev Loss: 1.2162]
L002031 | [Dev F1: 0.46941035713889206]
L002032 | [Dev Acc: 0.49918166939443537]
L002033 | 
L002034-L002049 | [REDACTED: batch progress and internal diagnostics]
L002050 | [Epoch 81] [Time: 2.70]
L002051 | [Train Loss: 0.7474]
L002052 | [Train F1: 0.6702743067220774]
L002053 | [Train Acc: 0.6718599730717446]
L002054 | [Dev Loss: 1.2964]
L002055 | [Dev F1: 0.4084017262042412]
L002056 | [Dev Acc: 0.48117839607201307]
L002057 | 
L002058-L002073 | [REDACTED: batch progress and internal diagnostics]
L002074 | [Epoch 82] [Time: 2.76]
L002075 | [Train Loss: 0.7487]
L002076 | [Train F1: 0.6605865725312428]
L002077 | [Train Acc: 0.6608963262165801]
L002078 | [Dev Loss: 1.1996]
L002079 | [Dev F1: 0.46572495297408534]
L002080 | [Dev Acc: 0.49754500818330605]
L002081 | 
L002082-L002097 | [REDACTED: batch progress and internal diagnostics]
L002098 | [Epoch 83] [Time: 2.74]
L002099 | [Train Loss: 0.7603]
L002100 | [Train F1: 0.6606740196555732]
L002101 | [Train Acc: 0.6639738411232929]
L002102 | [Dev Loss: 1.2366]
L002103 | [Dev F1: 0.4664096914405205]
L002104 | [Dev Acc: 0.49918166939443537]
L002105 | 
L002106-L002121 | [REDACTED: batch progress and internal diagnostics]
L002122 | [Epoch 84] [Time: 2.76]
L002123 | [Train Loss: 0.7644]
L002124 | [Train F1: 0.6612920357969889]
L002125 | [Train Acc: 0.6620503943065974]
L002126 | [Dev Loss: 1.2567]
L002127 | [Dev F1: 0.410851866376279]
L002128 | [Dev Acc: 0.46317512274959083]
L002129 | 
L002130-L002145 | [REDACTED: batch progress and internal diagnostics]
L002146 | [Epoch 85] [Time: 2.80]
L002147 | [Train Loss: 0.7456]
L002148 | [Train F1: 0.6544811252365011]
L002149 | [Train Acc: 0.6582035006732064]
L002150 | [Dev Loss: 1.2063]
L002151 | [Dev F1: 0.46175426618762755]
L002152 | [Dev Acc: 0.48117839607201307]
L002153 | 
L002154-L002169 | [REDACTED: batch progress and internal diagnostics]
L002170 | [Epoch 86] [Time: 2.80]
L002171 | [Train Loss: 0.7551]
L002172 | [Train F1: 0.6595648335193903]
L002173 | [Train Acc: 0.662627428351606]
L002174 | [Dev Loss: 1.2118]
L002175 | [Dev F1: 0.4702673219886732]
L002176 | [Dev Acc: 0.5008183306055647]
L002177 | 
L002178-L002193 | [REDACTED: batch progress and internal diagnostics]
L002194 | [Epoch 87] [Time: 2.68]
L002195 | [Train Loss: 0.7482]
L002196 | [Train F1: 0.6687237978464367]
L002197 | [Train Acc: 0.6689748028467013]
L002198 | [Dev Loss: 1.2293]
L002199 | [Dev F1: 0.46981519860146426]
L002200 | [Dev Acc: 0.5040916530278232]
L002201 | 
L002202-L002217 | [REDACTED: batch progress and internal diagnostics]
L002218 | [Epoch 88] [Time: 2.73]
L002219 | [Train Loss: 0.7411]
L002220 | [Train F1: 0.6720821945290684]
L002221 | [Train Acc: 0.67378341988844]
L002222 | [Dev Loss: 1.1657]
L002223 | [Dev F1: 0.45737275439870834]
L002224 | [Dev Acc: 0.48936170212765956]
L002225 | 
L002226-L002241 | [REDACTED: batch progress and internal diagnostics]
L002242 | [Epoch 89] [Time: 2.93]
L002243 | [Train Loss: 0.7339]
L002244 | [Train F1: 0.6742792894203806]
L002245 | [Train Acc: 0.6762839007501442]
L002246 | [Dev Loss: 1.1794]
L002247 | [Dev F1: 0.48328869305107697]
L002248 | [Dev Acc: 0.4959083469721768]
L002249 | 
L002250-L002265 | [REDACTED: batch progress and internal diagnostics]
L002266 | [Epoch 90] [Time: 2.59]
L002267 | [Train Loss: 0.7359]
L002268 | [Train F1: 0.6708772165780256]
L002269 | [Train Acc: 0.6720523177534141]
L002270 | [Dev Loss: 1.264]
L002271 | [Dev F1: 0.45256439460251113]
L002272 | [Dev Acc: 0.48936170212765956]
L002273 | 
L002274-L002289 | [REDACTED: batch progress and internal diagnostics]
L002290 | [Epoch 91] [Time: 2.82]
L002291 | [Train Loss: 0.7294]
L002292 | [Train F1: 0.6770840387817423]
L002293 | [Train Acc: 0.6780150028851702]
L002294 | [Dev Loss: 1.1944]
L002295 | [Dev F1: 0.46436234445060975]
L002296 | [Dev Acc: 0.48936170212765956]
L002297 | 
L002298-L002313 | [REDACTED: batch progress and internal diagnostics]
L002314 | [Epoch 92] [Time: 2.80]
L002315 | [Train Loss: 0.7271]
L002316 | [Train F1: 0.6724670904528858]
L002317 | [Train Acc: 0.6741681092517792]
L002318 | [Dev Loss: 1.2024]
L002319 | [Dev F1: 0.45692902623182113]
L002320 | [Dev Acc: 0.4844517184942717]
L002321 | 
L002322-L002337 | [REDACTED: batch progress and internal diagnostics]
L002338 | [Epoch 93] [Time: 2.83]
L002339 | [Train Loss: 0.7335]
L002340 | [Train F1: 0.676253780652893]
L002341 | [Train Acc: 0.6785920369301789]
L002342 | [Dev Loss: 1.2228]
L002343 | [Dev F1: 0.44874587352758066]
L002344 | [Dev Acc: 0.486088379705401]
L002345 | 
L002346-L002361 | [REDACTED: batch progress and internal diagnostics]
L002362 | [Epoch 94] [Time: 2.85]
L002363 | [Train Loss: 0.7171]
L002364 | [Train F1: 0.6842899125793472]
L002365 | [Train Acc: 0.6843623773802654]
L002366 | [Dev Loss: 1.2391]
L002367 | [Dev F1: 0.42542817385572174]
L002368 | [Dev Acc: 0.46481178396072015]
L002369 | 
L002370-L002385 | [REDACTED: batch progress and internal diagnostics]
L002386 | [Epoch 95] [Time: 2.78]
L002387 | [Train Loss: 0.7276]
L002388 | [Train F1: 0.6731427181454798]
L002389 | [Train Acc: 0.6753221773417964]
L002390 | [Dev Loss: 1.1927]
L002391 | [Dev F1: 0.45235705381336844]
L002392 | [Dev Acc: 0.4779050736497545]
L002393 | 
L002394-L002409 | [REDACTED: batch progress and internal diagnostics]
L002410 | [Epoch 96] [Time: 2.86]
L002411 | [Train Loss: 0.7295]
L002412 | [Train F1: 0.6824262319994832]
L002413 | [Train Acc: 0.6839776880169264]
L002414 | [Dev Loss: 1.2087]
L002415 | [Dev F1: 0.4329763246455815]
L002416 | [Dev Acc: 0.4877250409165303]
L002417 | 
L002418-L002433 | [REDACTED: batch progress and internal diagnostics]
L002434 | [Epoch 97] [Time: 2.81]
L002435 | [Train Loss: 0.7258]
L002436 | [Train F1: 0.6798186719691258]
L002437 | [Train Acc: 0.6803231390652048]
L002438 | [Dev Loss: 1.2885]
L002439 | [Dev F1: 0.41954419171690444]
L002440 | [Dev Acc: 0.4582651391162029]
L002441 | 
L002442-L002457 | [REDACTED: batch progress and internal diagnostics]
L002458 | [Epoch 98] [Time: 2.76]
L002459 | [Train Loss: 0.7266]
L002460 | [Train F1: 0.6822596811939624]
L002461 | [Train Acc: 0.6843623773802654]
L002462 | [Dev Loss: 1.1627]
L002463 | [Dev F1: 0.4260723402506365]
L002464 | [Dev Acc: 0.4746317512274959]
L002465 | 
L002466-L002481 | [REDACTED: batch progress and internal diagnostics]
L002482 | [Epoch 99] [Time: 2.75]
L002483 | [Train Loss: 0.7269]
L002484 | [Train F1: 0.6814221473524419]
L002485 | [Train Acc: 0.6832083092902481]
L002486 | [Dev Loss: 1.2548]
L002487 | [Dev F1: 0.4711353673329655]
L002488 | [Dev Acc: 0.49427168576104746]
L002489 | 
L002490-L002505 | [REDACTED: batch progress and internal diagnostics]
L002506 | [Epoch 100] [Time: 2.76]
L002507 | [Train Loss: 0.7227]
L002508 | [Train F1: 0.682420900130753]
L002509 | [Train Acc: 0.684554722061935]
L002510 | [Dev Loss: 1.1975]
L002511 | [Dev F1: 0.4620086717245944]
L002512 | [Dev Acc: 0.49263502454991814]
L002513 | 
L002514-L002529 | [REDACTED: batch progress and internal diagnostics]
L002530 | [Epoch 101] [Time: 2.66]
L002531 | [Train Loss: 0.7235]
L002532 | [Train F1: 0.6786259388328794]
L002533 | [Train Acc: 0.6805154837468744]
L002534 | [Dev Loss: 1.2237]
L002535 | [Dev F1: 0.4406899351741989]
L002536 | [Dev Acc: 0.4844517184942717]
L002537 | 
L002538-L002553 | [REDACTED: batch progress and internal diagnostics]
L002554 | [Epoch 102] [Time: 2.58]
L002555 | [Train Loss: 0.7151]
L002556 | [Train F1: 0.6839145249128034]
L002557 | [Train Acc: 0.6851317561069437]
L002558 | [Dev Loss: 1.183]
L002559 | [Dev F1: 0.47114010235642106]
L002560 | [Dev Acc: 0.4959083469721768]
L002561 | 
L002562-L002577 | [REDACTED: batch progress and internal diagnostics]
L002578 | [Epoch 103] [Time: 2.59]
L002579 | [Train Loss: 0.7229]
L002580 | [Train F1: 0.6790295289386495]
L002581 | [Train Acc: 0.6807078284285439]
L002582 | [Dev Loss: 1.2976]
L002583 | [Dev F1: 0.4327960420224876]
L002584 | [Dev Acc: 0.4746317512274959]
L002585 | 
L002586-L002601 | [REDACTED: batch progress and internal diagnostics]
L002602 | [Epoch 104] [Time: 2.70]
L002603 | [Train Loss: 0.7268]
L002604 | [Train F1: 0.6791557554125877]
L002605 | [Train Acc: 0.6807078284285439]
L002606 | [Dev Loss: 1.175]
L002607 | [Dev F1: 0.45183488442708475]
L002608 | [Dev Acc: 0.4909983633387889]
L002609 | 
L002610-L002625 | [REDACTED: batch progress and internal diagnostics]
L002626 | [Epoch 105] [Time: 2.58]
L002627 | [Train Loss: 0.7116]
L002628 | [Train F1: 0.6859545072851666]
L002629 | [Train Acc: 0.6874398922869782]
L002630 | [Dev Loss: 1.196]
L002631 | [Dev F1: 0.4813408420669861]
L002632 | [Dev Acc: 0.5057283142389526]
L002633 | 
L002634-L002649 | [REDACTED: batch progress and internal diagnostics]
L002650 | [Epoch 106] [Time: 2.70]
L002651 | [Train Loss: 0.7017]
L002652 | [Train F1: 0.691133513346191]
L002653 | [Train Acc: 0.6928255433737257]
L002654 | [Dev Loss: 1.191]
L002655 | [Dev F1: 0.45376814654311903]
L002656 | [Dev Acc: 0.486088379705401]
L002657 | 
L002658-L002673 | [REDACTED: batch progress and internal diagnostics]
L002674 | [Epoch 107] [Time: 2.75]
L002675 | [Train Loss: 0.7007]
L002676 | [Train F1: 0.6947262109933171]
L002677 | [Train Acc: 0.6959030582804385]
L002678 | [Dev Loss: 1.2211]
L002679 | [Dev F1: 0.4639333188135081]
L002680 | [Dev Acc: 0.48936170212765956]
L002681 | 
L002682-L002697 | [REDACTED: batch progress and internal diagnostics]
L002698 | [Epoch 108] [Time: 2.65]
L002699 | [Train Loss: 0.6901]
L002700 | [Train F1: 0.6944119094581184]
L002701 | [Train Acc: 0.6949413348720908]
L002702 | [Dev Loss: 1.2106]
L002703 | [Dev F1: 0.46093601954494473]
L002704 | [Dev Acc: 0.4779050736497545]
L002705 | 
L002706-L002721 | [REDACTED: batch progress and internal diagnostics]
L002722 | [Epoch 109] [Time: 2.56]
L002723 | [Train Loss: 0.6927]
L002724 | [Train F1: 0.6900608246459714]
L002725 | [Train Acc: 0.6924408540103866]
L002726 | [Dev Loss: 1.1815]
L002727 | [Dev F1: 0.48119957698417143]
L002728 | [Dev Acc: 0.49918166939443537]
L002729 | 
L002730-L002745 | [REDACTED: batch progress and internal diagnostics]
L002746 | [Epoch 110] [Time: 2.80]
L002747 | [Train Loss: 0.6909]
L002748 | [Train F1: 0.6988155392306956]
L002749 | [Train Acc: 0.6997499519138296]
L002750 | [Dev Loss: 1.2822]
L002751 | [Dev F1: 0.45845130509273624]
L002752 | [Dev Acc: 0.49427168576104746]
L002753 | 
L002754-L002769 | [REDACTED: batch progress and internal diagnostics]
L002770 | [Epoch 111] [Time: 2.66]
L002771 | [Train Loss: 0.6862]
L002772 | [Train F1: 0.701828278137791]
L002773 | [Train Acc: 0.7032121561838816]
L002774 | [Dev Loss: 1.2752]
L002775 | [Dev F1: 0.45949719022334956]
L002776 | [Dev Acc: 0.486088379705401]
L002777 | 
L002778-L002793 | [REDACTED: batch progress and internal diagnostics]
L002794 | [Epoch 112] [Time: 2.71]
L002795 | [Train Loss: 0.6809]
L002796 | [Train F1: 0.699046350704212]
L002797 | [Train Acc: 0.7005193306405078]
L002798 | [Dev Loss: 1.1821]
L002799 | [Dev F1: 0.47124985240334266]
L002800 | [Dev Acc: 0.5073649754500819]
L002801 | 
L002802-L002817 | [REDACTED: batch progress and internal diagnostics]
L002818 | [Epoch 113] [Time: 2.65]
L002819 | [Train Loss: 0.6881]
L002820 | [Train F1: 0.7041529877371158]
L002821 | [Train Acc: 0.7035968455472206]
L002822 | [Dev Loss: 1.3327]
L002823 | [Dev F1: 0.43601337545461943]
L002824 | [Dev Acc: 0.486088379705401]
L002825 | 
L002826-L002841 | [REDACTED: batch progress and internal diagnostics]
L002842 | [Epoch 114] [Time: 2.72]
L002843 | [Train Loss: 0.6813]
L002844 | [Train F1: 0.6996865476702874]
L002845 | [Train Acc: 0.7030198115022119]
L002846 | [Dev Loss: 1.1246]
L002847 | [Dev F1: 0.5042590095998629]
L002848 | [Dev Acc: 0.5188216039279869]
L002849 | 
L002850-L002865 | [REDACTED: batch progress and internal diagnostics]
L002866 | [Epoch 115] [Time: 2.62]
L002867 | [Train Loss: 0.6743]
L002868 | [Train F1: 0.7130580316968462]
L002869 | [Train Acc: 0.7118676668590114]
L002870 | [Dev Loss: 1.2015]
L002871 | [Dev F1: 0.4766052581007876]
L002872 | [Dev Acc: 0.5122749590834698]
L002873 | 
L002874-L002889 | [REDACTED: batch progress and internal diagnostics]
L002890 | [Epoch 116] [Time: 2.84]
L002891 | [Train Loss: 0.6618]
L002892 | [Train F1: 0.7138415553955598]
L002893 | [Train Acc: 0.7160992498557415]
L002894 | [Dev Loss: 1.1691]
L002895 | [Dev F1: 0.5048620562007269]
L002896 | [Dev Acc: 0.5270049099836334]
L002897 | 
L002898-L002913 | [REDACTED: batch progress and internal diagnostics]
L002914 | [Epoch 117] [Time: 2.65]
L002915 | [Train Loss: 0.6577]
L002916 | [Train F1: 0.7150925438262776]
L002917 | [Train Acc: 0.7160992498557415]
L002918 | [Dev Loss: 1.1338]
L002919 | [Dev F1: 0.5128962335646386]
L002920 | [Dev Acc: 0.5188216039279869]
L002921 | 
L002922-L002937 | [REDACTED: batch progress and internal diagnostics]
L002938 | [Epoch 118] [Time: 2.61]
L002939 | [Train Loss: 0.6734]
L002940 | [Train F1: 0.712207178042445]
L002941 | [Train Acc: 0.7141758030390459]
L002942 | [Dev Loss: 1.179]
L002943 | [Dev F1: 0.4938444688885439]
L002944 | [Dev Acc: 0.5171849427168577]
L002945 | 
L002946-L002961 | [REDACTED: batch progress and internal diagnostics]
L002962 | [Epoch 119] [Time: 2.60]
L002963 | [Train Loss: 0.66]
L002964 | [Train F1: 0.7221219054959631]
L002965 | [Train Acc: 0.7228313137141757]
L002966 | [Dev Loss: 1.2202]
L002967 | [Dev F1: 0.5236333872097902]
L002968 | [Dev Acc: 0.5384615384615384]
L002969 | 
L002970-L002985 | [REDACTED: batch progress and internal diagnostics]
L002986 | [Epoch 120] [Time: 2.85]
L002987 | [Train Loss: 0.6721]
L002988 | [Train F1: 0.7108235046303567]
L002989 | [Train Acc: 0.7130217349490287]
L002990 | [Dev Loss: 1.1309]
L002991 | [Dev F1: 0.4961435064621278]
L002992 | [Dev Acc: 0.4909983633387889]
L002993 | 
L002994-L003009 | [REDACTED: batch progress and internal diagnostics]
L003010 | [Epoch 121] [Time: 2.63]
L003011 | [Train Loss: 0.6692]
L003012 | [Train F1: 0.720903931885442]
L003013 | [Train Acc: 0.7211002115791498]
L003014 | [Dev Loss: 1.1885]
L003015 | [Dev F1: 0.4935696437508233]
L003016 | [Dev Acc: 0.5253682487725041]
L003017 | 
L003018-L003033 | [REDACTED: batch progress and internal diagnostics]
L003034 | [Epoch 122] [Time: 2.65]
L003035 | [Train Loss: 0.6484]
L003036 | [Train F1: 0.7221661773549646]
L003037 | [Train Acc: 0.7239853818041931]
L003038 | [Dev Loss: 1.2501]
L003039 | [Dev F1: 0.4922545344559561]
L003040 | [Dev Acc: 0.5090016366612111]
L003041 | 
L003042-L003057 | [REDACTED: batch progress and internal diagnostics]
L003058 | [Epoch 123] [Time: 2.72]
L003059 | [Train Loss: 0.6361]
L003060 | [Train F1: 0.729680833079695]
L003061 | [Train Acc: 0.7307174456626274]
L003062 | [Dev Loss: 1.197]
L003063 | [Dev F1: 0.49564085045567585]
L003064 | [Dev Acc: 0.5008183306055647]
L003065 | 
L003066-L003081 | [REDACTED: batch progress and internal diagnostics]
L003082 | [Epoch 124] [Time: 2.61]
L003083 | [Train Loss: 0.6081]
L003084 | [Train F1: 0.7427026525964772]
L003085 | [Train Acc: 0.743796884016157]
L003086 | [Dev Loss: 1.2087]
L003087 | [Dev F1: 0.4968229044924097]
L003088 | [Dev Acc: 0.5253682487725041]
L003089 | 
L003090-L003105 | [REDACTED: batch progress and internal diagnostics]
L003106 | [Epoch 125] [Time: 2.70]
L003107 | [Train Loss: 0.6029]
L003108 | [Train F1: 0.741942136884175]
L003109 | [Train Acc: 0.7424504712444701]
L003110 | [Dev Loss: 1.2438]
L003111 | [Dev F1: 0.5035246325497974]
L003112 | [Dev Acc: 0.5188216039279869]
L003113 | 
L003114-L003129 | [REDACTED: batch progress and internal diagnostics]
L003130 | [Epoch 126] [Time: 2.66]
L003131 | [Train Loss: 0.6005]
L003132 | [Train F1: 0.7397509311066487]
L003133 | [Train Acc: 0.7414887478361223]
L003134 | [Dev Loss: 1.2503]
L003135 | [Dev F1: 0.4990201639833158]
L003136 | [Dev Acc: 0.5106382978723404]
L003137 | 
L003138-L003153 | [REDACTED: batch progress and internal diagnostics]
L003154 | [Epoch 127] [Time: 2.78]
L003155 | [Train Loss: 0.5988]
L003156 | [Train F1: 0.745737961215266]
L003157 | [Train Acc: 0.7474514329678784]
L003158 | [Dev Loss: 1.1595]
L003159 | [Dev F1: 0.4971502978043232]
L003160 | [Dev Acc: 0.5384615384615384]
L003161 | 
L003162-L003177 | [REDACTED: batch progress and internal diagnostics]
L003178 | [Epoch 128] [Time: 2.78]
L003179 | [Train Loss: 0.5974]
L003180 | [Train F1: 0.7477899410228204]
L003181 | [Train Acc: 0.7486055010578957]
L003182 | [Dev Loss: 1.1726]
L003183 | [Dev F1: 0.5098299221844748]
L003184 | [Dev Acc: 0.5171849427168577]
L003185 | 
L003186-L003201 | [REDACTED: batch progress and internal diagnostics]
L003202 | [Epoch 129] [Time: 2.73]
L003203 | [Train Loss: 0.5709]
L003204 | [Train F1: 0.7527299333519235]
L003205 | [Train Acc: 0.7545681861896518]
L003206 | [Dev Loss: 1.236]
L003207 | [Dev F1: 0.4894579024137655]
L003208 | [Dev Acc: 0.502454991816694]
L003209 | 
L003210-L003225 | [REDACTED: batch progress and internal diagnostics]
L003226 | [Epoch 130] [Time: 2.66]
L003227 | [Train Loss: 0.5745]
L003228 | [Train F1: 0.7568448770611794]
L003229 | [Train Acc: 0.757068667051356]
L003230 | [Dev Loss: 1.3177]
L003231 | [Dev F1: 0.5203248670314499]
L003232 | [Dev Acc: 0.530278232405892]
L003233 | 
L003234-L003249 | [REDACTED: batch progress and internal diagnostics]
L003250 | [Epoch 131] [Time: 2.83]
L003251 | [Train Loss: 0.5709]
L003252 | [Train F1: 0.7565674195148581]
L003253 | [Train Acc: 0.7564916330063474]
L003254 | [Dev Loss: 1.2227]
L003255 | [Dev F1: 0.5164524900527486]
L003256 | [Dev Acc: 0.5417348608837971]
L003257 | 
L003258-L003273 | [REDACTED: batch progress and internal diagnostics]
L003274 | [Epoch 132] [Time: 2.75]
L003275 | [Train Loss: 0.5777]
L003276 | [Train F1: 0.7548852087130461]
L003277 | [Train Acc: 0.757068667051356]
L003278 | [Dev Loss: 1.1918]
L003279 | [Dev F1: 0.5314525941777403]
L003280 | [Dev Acc: 0.5335515548281505]
L003281 | 
L003282-L003297 | [REDACTED: batch progress and internal diagnostics]
L003298 | [Epoch 133] [Time: 2.75]
L003299 | [Train Loss: 0.5759]
L003300 | [Train F1: 0.7541140759999575]
L003301 | [Train Acc: 0.7547605308713214]
L003302 | [Dev Loss: 1.1851]
L003303 | [Dev F1: 0.5427293654607668]
L003304 | [Dev Acc: 0.5417348608837971]
L003305 | 
L003306-L003321 | [REDACTED: batch progress and internal diagnostics]
L003322 | [Epoch 134] [Time: 2.64]
L003323 | [Train Loss: 0.5704]
L003324 | [Train F1: 0.7606825421831762]
L003325 | [Train Acc: 0.7616849394114252]
L003326 | [Dev Loss: 1.2939]
L003327 | [Dev F1: 0.5295736771733042]
L003328 | [Dev Acc: 0.5515548281505729]
L003329 | 
L003330-L003345 | [REDACTED: batch progress and internal diagnostics]
L003346 | [Epoch 135] [Time: 2.78]
L003347 | [Train Loss: 0.5578]
L003348 | [Train F1: 0.763103270043454]
L003349 | [Train Acc: 0.7630313521831121]
L003350 | [Dev Loss: 1.2704]
L003351 | [Dev F1: 0.5033276403761197]
L003352 | [Dev Acc: 0.530278232405892]
L003353 | 
L003354-L003369 | [REDACTED: batch progress and internal diagnostics]
L003370 | [Epoch 136] [Time: 2.74]
L003371 | [Train Loss: 0.5515]
L003372 | [Train F1: 0.7621805048251858]
L003373 | [Train Acc: 0.7638007309097904]
L003374 | [Dev Loss: 1.2381]
L003375 | [Dev F1: 0.518637292461736]
L003376 | [Dev Acc: 0.5433715220949263]
L003377 | 
L003378-L003393 | [REDACTED: batch progress and internal diagnostics]
L003394 | [Epoch 137] [Time: 2.72]
L003395 | [Train Loss: 0.5467]
L003396 | [Train F1: 0.7688991518166163]
L003397 | [Train Acc: 0.7689940373148683]
L003398 | [Dev Loss: 1.267]
L003399 | [Dev F1: 0.5428262412623903]
L003400 | [Dev Acc: 0.5531914893617021]
L003401 | 
L003402-L003417 | [REDACTED: batch progress and internal diagnostics]
L003418 | [Epoch 138] [Time: 2.59]
L003419 | [Train Loss: 0.56]
L003420 | [Train F1: 0.7652272696481422]
L003421 | [Train Acc: 0.7653394883631468]
L003422 | [Dev Loss: 1.2003]
L003423 | [Dev F1: 0.5288574342519201]
L003424 | [Dev Acc: 0.5482815057283142]
L003425 | 
L003426-L003441 | [REDACTED: batch progress and internal diagnostics]
L003442 | [Epoch 139] [Time: 2.81]
L003443 | [Train Loss: 0.5518]
L003444 | [Train F1: 0.7664802952864828]
L003445 | [Train Acc: 0.76822465858819]
L003446 | [Dev Loss: 1.3689]
L003447 | [Dev F1: 0.4897204182780774]
L003448 | [Dev Acc: 0.5122749590834698]
L003449 | 
L003450-L003465 | [REDACTED: batch progress and internal diagnostics]
L003466 | [Epoch 140] [Time: 2.66]
L003467 | [Train Loss: 0.5415]
L003468 | [Train F1: 0.7716365708236559]
L003469 | [Train Acc: 0.7707251394498942]
L003470 | [Dev Loss: 1.266]
L003471 | [Dev F1: 0.5277976718402029]
L003472 | [Dev Acc: 0.5417348608837971]
L003473 | 
L003474-L003489 | [REDACTED: batch progress and internal diagnostics]
L003490 | [Epoch 141] [Time: 2.80]
L003491 | [Train Loss: 0.5346]
L003492 | [Train F1: 0.7676144422479735]
L003493 | [Train Acc: 0.769955760723216]
L003494 | [Dev Loss: 1.2759]
L003495 | [Dev F1: 0.5222939558520754]
L003496 | [Dev Acc: 0.5400981996726678]
L003497 | 
L003498-L003513 | [REDACTED: batch progress and internal diagnostics]
L003514 | [Epoch 142] [Time: 2.68]
L003515 | [Train Loss: 0.5188]
L003516 | [Train F1: 0.7824273714409142]
L003517 | [Train Acc: 0.782842854395076]
L003518 | [Dev Loss: 1.3177]
L003519 | [Dev F1: 0.5246435024168091]
L003520 | [Dev Acc: 0.5433715220949263]
L003521 | 
L003522-L003537 | [REDACTED: batch progress and internal diagnostics]
L003538 | [Epoch 143] [Time: 2.74]
L003539 | [Train Loss: 0.5167]
L003540 | [Train F1: 0.7809809386474107]
L003541 | [Train Acc: 0.7807270628967109]
L003542 | [Dev Loss: 1.3052]
L003543 | [Dev F1: 0.5265834059884948]
L003544 | [Dev Acc: 0.5351882160392799]
L003545 | 
L003546-L003561 | [REDACTED: batch progress and internal diagnostics]
L003562 | [Epoch 144] [Time: 2.81]
L003563 | [Train Loss: 0.5005]
L003564 | [Train F1: 0.7866112149816299]
L003565 | [Train Acc: 0.7870744373918062]
L003566 | [Dev Loss: 1.2417]
L003567 | [Dev F1: 0.5256641618425709]
L003568 | [Dev Acc: 0.5351882160392799]
L003569 | 
L003570-L003585 | [REDACTED: batch progress and internal diagnostics]
L003586 | [Epoch 145] [Time: 2.58]
L003587 | [Train Loss: 0.4896]
L003588 | [Train F1: 0.7845929372591884]
L003589 | [Train Acc: 0.7857280246201193]
L003590 | [Dev Loss: 1.3578]
L003591 | [Dev F1: 0.5420175805649025]
L003592 | [Dev Acc: 0.5515548281505729]
L003593 | 
L003594-L003609 | [REDACTED: batch progress and internal diagnostics]
L003610 | [Epoch 146] [Time: 2.87]
L003611 | [Train Loss: 0.4816]
L003612 | [Train F1: 0.79151710699969]
L003613 | [Train Acc: 0.7911136757068667]
L003614 | [Dev Loss: 1.4447]
L003615 | [Dev F1: 0.5158017852920489]
L003616 | [Dev Acc: 0.5253682487725041]
L003617 | 
L003618-L003633 | [REDACTED: batch progress and internal diagnostics]
L003634 | [Epoch 147] [Time: 2.67]
L003635 | [Train Loss: 0.5013]
L003636 | [Train F1: 0.784579675593147]
L003637 | [Train Acc: 0.784958645893441]
L003638 | [Dev Loss: 1.4377]
L003639 | [Dev F1: 0.5037355171401282]
L003640 | [Dev Acc: 0.5090016366612111]
L003641 | 
L003642-L003657 | [REDACTED: batch progress and internal diagnostics]
L003658 | [Epoch 148] [Time: 2.76]
L003659 | [Train Loss: 0.4923]
L003660 | [Train F1: 0.7865593477303912]
L003661 | [Train Acc: 0.7876514714368148]
L003662 | [Dev Loss: 1.3256]
L003663 | [Dev F1: 0.5127765174100863]
L003664 | [Dev Acc: 0.5237315875613748]
L003665 | 
L003666-L003681 | [REDACTED: batch progress and internal diagnostics]
L003682 | [Epoch 149] [Time: 2.60]
L003683 | [Train Loss: 0.4895]
L003684 | [Train F1: 0.7896044948567422]
L003685 | [Train Acc: 0.790151952298519]
L003686 | [Dev Loss: 1.331]
L003687 | [Dev F1: 0.5393680648990524]
L003688 | [Dev Acc: 0.5433715220949263]
L003689 | Last model
L003690 |               precision    recall  f1-score   support
L003691 | 
L003692 |          hap     0.5982    0.4653    0.5234       144
L003693 |          sad     0.8244    0.6898    0.7511       245
L003694 |          neu     0.6204    0.6641    0.6415       384
L003695 |          ang     0.7476    0.4529    0.5641       170
L003696 |          exc     0.7067    0.8462    0.7702       299
L003697 |          fru     0.5876    0.6693    0.6258       381
L003698 | 
L003699 |     accuracy                         0.6630      1623
L003700 |    macro avg     0.6808    0.6313    0.6460      1623
L003701 | weighted avg     0.6707    0.6630    0.6595      1623
L003702 | 
L003703 | Best model at epoch: 137
L003704 | Best dev F1: 0.5428262412623903
L003705 |               precision    recall  f1-score   support
L003706 | 
L003707 |          hap     0.5750    0.4792    0.5227       144
L003708 |          sad     0.8090    0.6571    0.7252       245
L003709 |          neu     0.5913    0.6745    0.6302       384
L003710 |          ang     0.6178    0.5706    0.5933       170
L003711 |          exc     0.7104    0.8696    0.7820       299
L003712 |          fru     0.6122    0.5512    0.5801       381
L003713 | 
L003714 |     accuracy                         0.6506      1623
L003715 |    macro avg     0.6526    0.6337    0.6389      1623
L003716 | weighted avg     0.6524    0.6506    0.6473      1623
L003717 | 
L003718 | Best test F1: 0.6473328334883676
L003719 | Best test Acc: 0.6506469500924215
L003720 | [SANITIZED] Saved checkpoint: [path and filename removed]
