# Redacted copy of an existing run log.
# run_id: G03-seed2
# dataset: IEMOCAP
# model: GCNet+AMBER
# imr: (0.5,0.3,0.7)
# seed_alias: seed2
# original_log_sha256: a6e3ee6cae9815241c1a27c1d19cca679583cc6adbedd87937f28e436e3c0401
# source_record_status: ok
# source_record_process_return_code: 3221226505
# L numbers refer to source logical lines; REDACTED/SANITIZED text is editorial.
L000001-L000005 | [REDACTED: configuration or implementation details]
L000006 | [SANITIZED] FutureWarning: [dependency deprecation notice; implementation details removed]
L000007-L000068 | [REDACTED: configuration or implementation details]
L000069 | [SANITIZED] Seed alias: seed2
L000070 | [REDACTED: configuration or implementation details]
L000071 | 
L000072-L000073 | [REDACTED: batch progress and internal diagnostics]
L000074 | 
L000075-L000076 | [REDACTED: batch progress and internal diagnostics]
L000077 | 
L000078-L000079 | [REDACTED: batch progress and internal diagnostics]
L000080-L000083 | [REDACTED: configuration or implementation details]
L000084 | [SANITIZED] Seed alias: seed2
L000085-L000088 | [REDACTED: configuration or implementation details]
L000089 | 
L000090-L000105 | [REDACTED: batch progress and internal diagnostics]
L000106 | [Epoch 0] [Time: 3.24]
L000107 | [Train Loss: 1.6996]
L000108 | [Train F1: 0.2400526815900694]
L000109 | [Train Acc: 0.29640315445277937]
L000110 | [Dev Loss: 1.6172]
L000111 | [Dev F1: 0.2231100415585169]
L000112 | [Dev Acc: 0.32405891980360063]
L000113 | 
L000114-L000129 | [REDACTED: batch progress and internal diagnostics]
L000130 | [Epoch 1] [Time: 2.76]
L000131 | [Train Loss: 1.4362]
L000132 | [Train F1: 0.34443243057794676]
L000133 | [Train Acc: 0.4423927678399692]
L000134 | [Dev Loss: 1.4883]
L000135 | [Dev F1: 0.26637692829967885]
L000136 | [Dev Acc: 0.41243862520458263]
L000137 | 
L000138-L000153 | [REDACTED: batch progress and internal diagnostics]
L000154 | [Epoch 2] [Time: 2.85]
L000155 | [Train Loss: 1.2651]
L000156 | [Train F1: 0.43160193679743286]
L000157 | [Train Acc: 0.49259472975572227]
L000158 | [Dev Loss: 1.4487]
L000159 | [Dev F1: 0.3089935768627543]
L000160 | [Dev Acc: 0.40916530278232405]
L000161 | 
L000162-L000177 | [REDACTED: batch progress and internal diagnostics]
L000178 | [Epoch 3] [Time: 2.93]
L000179 | [Train Loss: 1.1827]
L000180 | [Train F1: 0.48166535949591255]
L000181 | [Train Acc: 0.5202923639161378]
L000182 | [Dev Loss: 1.351]
L000183 | [Dev F1: 0.27181662381035765]
L000184 | [Dev Acc: 0.40098199672667756]
L000185 | 
L000186-L000201 | [REDACTED: batch progress and internal diagnostics]
L000202 | [Epoch 4] [Time: 2.74]
L000203 | [Train Loss: 1.1381]
L000204 | [Train F1: 0.5011032317491156]
L000205 | [Train Acc: 0.5379880746297365]
L000206 | [Dev Loss: 1.3337]
L000207 | [Dev F1: 0.30162201853964277]
L000208 | [Dev Acc: 0.4157119476268412]
L000209 | 
L000210-L000225 | [REDACTED: batch progress and internal diagnostics]
L000226 | [Epoch 5] [Time: 2.63]
L000227 | [Train Loss: 1.119]
L000228 | [Train F1: 0.5167892817345157]
L000229 | [Train Acc: 0.5364493171763801]
L000230 | [Dev Loss: 1.3435]
L000231 | [Dev F1: 0.32243269326580803]
L000232 | [Dev Acc: 0.40425531914893614]
L000233 | 
L000234-L000249 | [REDACTED: batch progress and internal diagnostics]
L000250 | [Epoch 6] [Time: 2.64]
L000251 | [Train Loss: 1.0838]
L000252 | [Train F1: 0.5088368539867819]
L000253 | [Train Acc: 0.543758415079823]
L000254 | [Dev Loss: 1.2811]
L000255 | [Dev F1: 0.3982049116620322]
L000256 | [Dev Acc: 0.4369885433715221]
L000257 | 
L000258-L000273 | [REDACTED: batch progress and internal diagnostics]
L000274 | [Epoch 7] [Time: 2.88]
L000275 | [Train Loss: 1.0749]
L000276 | [Train F1: 0.5481109185077314]
L000277 | [Train Acc: 0.5570301981150221]
L000278 | [Dev Loss: 1.3137]
L000279 | [Dev F1: 0.31861435323186643]
L000280 | [Dev Acc: 0.41898527004909986]
L000281 | 
L000282-L000297 | [REDACTED: batch progress and internal diagnostics]
L000298 | [Epoch 8] [Time: 2.72]
L000299 | [Train Loss: 1.0551]
L000300 | [Train F1: 0.5439684902450234]
L000301 | [Train Acc: 0.5633775726101173]
L000302 | [Dev Loss: 1.348]
L000303 | [Dev F1: 0.3864808259263021]
L000304 | [Dev Acc: 0.44844517184942717]
L000305 | 
L000306-L000321 | [REDACTED: batch progress and internal diagnostics]
L000322 | [Epoch 9] [Time: 2.67]
L000323 | [Train Loss: 1.025]
L000324 | [Train F1: 0.5715049806659338]
L000325 | [Train Acc: 0.5764570109636469]
L000326 | [Dev Loss: 1.2393]
L000327 | [Dev F1: 0.39208109374966377]
L000328 | [Dev Acc: 0.44189852700491]
L000329 | 
L000330-L000345 | [REDACTED: batch progress and internal diagnostics]
L000346 | [Epoch 10] [Time: 2.69]
L000347 | [Train Loss: 1.0164]
L000348 | [Train F1: 0.5821871787936923]
L000349 | [Train Acc: 0.593575687632237]
L000350 | [Dev Loss: 1.3191]
L000351 | [Dev F1: 0.30359913390568033]
L000352 | [Dev Acc: 0.37970540098199673]
L000353 | 
L000354-L000369 | [REDACTED: batch progress and internal diagnostics]
L000370 | [Epoch 11] [Time: 2.68]
L000371 | [Train Loss: 1.0012]
L000372 | [Train F1: 0.5767601289654687]
L000373 | [Train Acc: 0.5849201769571072]
L000374 | [Dev Loss: 1.2882]
L000375 | [Dev F1: 0.3957454120540686]
L000376 | [Dev Acc: 0.44353518821603927]
L000377 | 
L000378-L000393 | [REDACTED: batch progress and internal diagnostics]
L000394 | [Epoch 12] [Time: 2.73]
L000395 | [Train Loss: 1.0052]
L000396 | [Train F1: 0.5767893604543277]
L000397 | [Train Acc: 0.5878053471821504]
L000398 | [Dev Loss: 1.3163]
L000399 | [Dev F1: 0.33089975027241597]
L000400 | [Dev Acc: 0.4157119476268412]
L000401 | 
L000402-L000417 | [REDACTED: batch progress and internal diagnostics]
L000418 | [Epoch 13] [Time: 2.58]
L000419 | [Train Loss: 0.963]
L000420 | [Train F1: 0.5890760951426146]
L000421 | [Train Acc: 0.6049240238507405]
L000422 | [Dev Loss: 1.2759]
L000423 | [Dev F1: 0.35974331151827366]
L000424 | [Dev Acc: 0.3911620294599018]
L000425 | 
L000426-L000441 | [REDACTED: batch progress and internal diagnostics]
L000442 | [Epoch 14] [Time: 2.83]
L000443 | [Train Loss: 0.9475]
L000444 | [Train F1: 0.5918502388766012]
L000445 | [Train Acc: 0.5958838238122716]
L000446 | [Dev Loss: 1.3584]
L000447 | [Dev F1: 0.36182590788202923]
L000448 | [Dev Acc: 0.4402618657937807]
L000449 | 
L000450-L000465 | [REDACTED: batch progress and internal diagnostics]
L000466 | [Epoch 15] [Time: 2.53]
L000467 | [Train Loss: 0.957]
L000468 | [Train F1: 0.5988059231172985]
L000469 | [Train Acc: 0.6076168493941142]
L000470 | [Dev Loss: 1.1751]
L000471 | [Dev F1: 0.43988842267726125]
L000472 | [Dev Acc: 0.47299509001636664]
L000473 | 
L000474-L000489 | [REDACTED: batch progress and internal diagnostics]
L000490 | [Epoch 16] [Time: 2.67]
L000491 | [Train Loss: 0.9385]
L000492 | [Train F1: 0.6022212316245734]
L000493 | [Train Acc: 0.6045393344874014]
L000494 | [Dev Loss: 1.3258]
L000495 | [Dev F1: 0.41731502769524503]
L000496 | [Dev Acc: 0.46153846153846156]
L000497 | 
L000498-L000513 | [REDACTED: batch progress and internal diagnostics]
L000514 | [Epoch 17] [Time: 2.64]
L000515 | [Train Loss: 0.93]
L000516 | [Train F1: 0.6008747241260899]
L000517 | [Train Acc: 0.610309674937488]
L000518 | [Dev Loss: 1.2642]
L000519 | [Dev F1: 0.43172611792709764]
L000520 | [Dev Acc: 0.4664484451718494]
L000521 | 
L000522-L000537 | [REDACTED: batch progress and internal diagnostics]
L000538 | [Epoch 18] [Time: 2.74]
L000539 | [Train Loss: 0.9259]
L000540 | [Train F1: 0.6032806094779152]
L000541 | [Train Acc: 0.6049240238507405]
L000542 | [Dev Loss: 1.3063]
L000543 | [Dev F1: 0.392533795925651]
L000544 | [Dev Acc: 0.4157119476268412]
L000545 | 
L000546-L000561 | [REDACTED: batch progress and internal diagnostics]
L000562 | [Epoch 19] [Time: 2.69]
L000563 | [Train Loss: 0.9237]
L000564 | [Train F1: 0.6085237614063382]
L000565 | [Train Acc: 0.6155029813425659]
L000566 | [Dev Loss: 1.3089]
L000567 | [Dev F1: 0.42567265854009384]
L000568 | [Dev Acc: 0.46153846153846156]
L000569 | 
L000570-L000585 | [REDACTED: batch progress and internal diagnostics]
L000586 | [Epoch 20] [Time: 2.55]
L000587 | [Train Loss: 0.9015]
L000588 | [Train F1: 0.6105011965393793]
L000589 | [Train Acc: 0.6143489132525486]
L000590 | [Dev Loss: 1.2494]
L000591 | [Dev F1: 0.42514252612437176]
L000592 | [Dev Acc: 0.4713584288052373]
L000593 | 
L000594-L000609 | [REDACTED: batch progress and internal diagnostics]
L000610 | [Epoch 21] [Time: 2.69]
L000611 | [Train Loss: 0.8962]
L000612 | [Train F1: 0.6077693909320729]
L000613 | [Train Acc: 0.61377187920754]
L000614 | [Dev Loss: 1.3076]
L000615 | [Dev F1: 0.37947199681247384]
L000616 | [Dev Acc: 0.4320785597381342]
L000617 | 
L000618-L000633 | [REDACTED: batch progress and internal diagnostics]
L000634 | [Epoch 22] [Time: 2.84]
L000635 | [Train Loss: 0.8895]
L000636 | [Train F1: 0.6083636358291532]
L000637 | [Train Acc: 0.6122331217541835]
L000638 | [Dev Loss: 1.2571]
L000639 | [Dev F1: 0.40668614151014965]
L000640 | [Dev Acc: 0.46153846153846156]
L000641 | 
L000642-L000657 | [REDACTED: batch progress and internal diagnostics]
L000658 | [Epoch 23] [Time: 2.75]
L000659 | [Train Loss: 0.898]
L000660 | [Train F1: 0.6060821621623086]
L000661 | [Train Acc: 0.6097326408924794]
L000662 | [Dev Loss: 1.296]
L000663 | [Dev F1: 0.43537676496384337]
L000664 | [Dev Acc: 0.46317512274959083]
L000665 | 
L000666-L000681 | [REDACTED: batch progress and internal diagnostics]
L000682 | [Epoch 24] [Time: 2.63]
L000683 | [Train Loss: 0.8895]
L000684 | [Train F1: 0.6168642040832185]
L000685 | [Train Acc: 0.6189651856126178]
L000686 | [Dev Loss: 1.2421]
L000687 | [Dev F1: 0.4412510393366877]
L000688 | [Dev Acc: 0.4844517184942717]
L000689 | 
L000690-L000705 | [REDACTED: batch progress and internal diagnostics]
L000706 | [Epoch 25] [Time: 2.79]
L000707 | [Train Loss: 0.8916]
L000708 | [Train F1: 0.6052801031229641]
L000709 | [Train Acc: 0.6120407770725139]
L000710 | [Dev Loss: 1.305]
L000711 | [Dev F1: 0.4540554519082942]
L000712 | [Dev Acc: 0.4828150572831424]
L000713 | 
L000714-L000729 | [REDACTED: batch progress and internal diagnostics]
L000730 | [Epoch 26] [Time: 2.76]
L000731 | [Train Loss: 0.8961]
L000732 | [Train F1: 0.6123028550359272]
L000733 | [Train Acc: 0.6162723600692441]
L000734 | [Dev Loss: 1.2695]
L000735 | [Dev F1: 0.47898574043884773]
L000736 | [Dev Acc: 0.49427168576104746]
L000737 | 
L000738-L000753 | [REDACTED: batch progress and internal diagnostics]
L000754 | [Epoch 27] [Time: 2.67]
L000755 | [Train Loss: 0.8891]
L000756 | [Train F1: 0.6071922946739916]
L000757 | [Train Acc: 0.612425466435853]
L000758 | [Dev Loss: 1.275]
L000759 | [Dev F1: 0.4050844225046948]
L000760 | [Dev Acc: 0.46153846153846156]
L000761 | 
L000762-L000777 | [REDACTED: batch progress and internal diagnostics]
L000778 | [Epoch 28] [Time: 2.79]
L000779 | [Train Loss: 0.895]
L000780 | [Train F1: 0.6136649899304708]
L000781 | [Train Acc: 0.6205039430659742]
L000782 | [Dev Loss: 1.2816]
L000783 | [Dev F1: 0.4232049363548819]
L000784 | [Dev Acc: 0.44844517184942717]
L000785 | 
L000786-L000801 | [REDACTED: batch progress and internal diagnostics]
L000802 | [Epoch 29] [Time: 2.72]
L000803 | [Train Loss: 0.8914]
L000804 | [Train F1: 0.6133459409525767]
L000805 | [Train Acc: 0.6153106366608964]
L000806 | [Dev Loss: 1.2058]
L000807 | [Dev F1: 0.45082785885204507]
L000808 | [Dev Acc: 0.486088379705401]
L000809 | 
L000810-L000825 | [REDACTED: batch progress and internal diagnostics]
L000826 | [Epoch 30] [Time: 2.43]
L000827 | [Train Loss: 0.8844]
L000828 | [Train F1: 0.6084147326838267]
L000829 | [Train Acc: 0.6149259472975572]
L000830 | [Dev Loss: 1.3496]
L000831 | [Dev F1: 0.396356283431147]
L000832 | [Dev Acc: 0.44844517184942717]
L000833 | 
L000834-L000849 | [REDACTED: batch progress and internal diagnostics]
L000850 | [Epoch 31] [Time: 2.64]
L000851 | [Train Loss: 0.8667]
L000852 | [Train F1: 0.6226113644149458]
L000853 | [Train Acc: 0.6262742835160607]
L000854 | [Dev Loss: 1.2987]
L000855 | [Dev F1: 0.3707207610750593]
L000856 | [Dev Acc: 0.4386252045826514]
L000857 | 
L000858-L000873 | [REDACTED: batch progress and internal diagnostics]
L000874 | [Epoch 32] [Time: 2.67]
L000875 | [Train Loss: 0.8702]
L000876 | [Train F1: 0.6170520465164192]
L000877 | [Train Acc: 0.6205039430659742]
L000878 | [Dev Loss: 1.2683]
L000879 | [Dev F1: 0.4577877623742777]
L000880 | [Dev Acc: 0.4959083469721768]
L000881 | 
L000882-L000897 | [REDACTED: batch progress and internal diagnostics]
L000898 | [Epoch 33] [Time: 2.50]
L000899 | [Train Loss: 0.8625]
L000900 | [Train F1: 0.6177270001087913]
L000901 | [Train Acc: 0.6218503558376611]
L000902 | [Dev Loss: 1.2677]
L000903 | [Dev F1: 0.42280102345839254]
L000904 | [Dev Acc: 0.44353518821603927]
L000905 | 
L000906-L000921 | [REDACTED: batch progress and internal diagnostics]
L000922 | [Epoch 34] [Time: 2.82]
L000923 | [Train Loss: 0.8551]
L000924 | [Train F1: 0.6213453512493285]
L000925 | [Train Acc: 0.625312560107713]
L000926 | [Dev Loss: 1.2812]
L000927 | [Dev F1: 0.42910357354891115]
L000928 | [Dev Acc: 0.4762684124386252]
L000929 | 
L000930-L000945 | [REDACTED: batch progress and internal diagnostics]
L000946 | [Epoch 35] [Time: 2.76]
L000947 | [Train Loss: 0.8453]
L000948 | [Train F1: 0.6299160005356831]
L000949 | [Train Acc: 0.632621658011156]
L000950 | [Dev Loss: 1.2592]
L000951 | [Dev F1: 0.44592996831917464]
L000952 | [Dev Acc: 0.4844517184942717]
L000953 | 
L000954-L000969 | [REDACTED: batch progress and internal diagnostics]
L000970 | [Epoch 36] [Time: 2.66]
L000971 | [Train Loss: 0.8423]
L000972 | [Train F1: 0.6246652112803742]
L000973 | [Train Acc: 0.6285824196960954]
L000974 | [Dev Loss: 1.3191]
L000975 | [Dev F1: 0.43005853479772144]
L000976 | [Dev Acc: 0.46481178396072015]
L000977 | 
L000978-L000993 | [REDACTED: batch progress and internal diagnostics]
L000994 | [Epoch 37] [Time: 2.90]
L000995 | [Train Loss: 0.8548]
L000996 | [Train F1: 0.6233665862398723]
L000997 | [Train Acc: 0.6243508366993653]
L000998 | [Dev Loss: 1.2119]
L000999 | [Dev F1: 0.41053524106514533]
L001000 | [Dev Acc: 0.4533551554828151]
L001001 | 
L001002-L001017 | [REDACTED: batch progress and internal diagnostics]
L001018 | [Epoch 38] [Time: 2.53]
L001019 | [Train Loss: 0.859]
L001020 | [Train F1: 0.618946785038374]
L001021 | [Train Acc: 0.6255049047893826]
L001022 | [Dev Loss: 1.316]
L001023 | [Dev F1: 0.4235143353422632]
L001024 | [Dev Acc: 0.44353518821603927]
L001025 | 
L001026-L001041 | [REDACTED: batch progress and internal diagnostics]
L001042 | [Epoch 39] [Time: 2.71]
L001043 | [Train Loss: 0.8472]
L001044 | [Train F1: 0.6206732648494115]
L001045 | [Train Acc: 0.6241584920176957]
L001046 | [Dev Loss: 1.2104]
L001047 | [Dev F1: 0.4486029984701178]
L001048 | [Dev Acc: 0.4909983633387889]
L001049 | 
L001050-L001065 | [REDACTED: batch progress and internal diagnostics]
L001066 | [Epoch 40] [Time: 2.73]
L001067 | [Train Loss: 0.8405]
L001068 | [Train F1: 0.6277502910513731]
L001069 | [Train Acc: 0.630505866512791]
L001070 | [Dev Loss: 1.2233]
L001071 | [Dev F1: 0.44478118407362227]
L001072 | [Dev Acc: 0.4844517184942717]
L001073 | 
L001074-L001089 | [REDACTED: batch progress and internal diagnostics]
L001090 | [Epoch 41] [Time: 2.81]
L001091 | [Train Loss: 0.8385]
L001092 | [Train F1: 0.6322542118857335]
L001093 | [Train Acc: 0.6349297941911907]
L001094 | [Dev Loss: 1.21]
L001095 | [Dev F1: 0.45304545786392875]
L001096 | [Dev Acc: 0.4795417348608838]
L001097 | 
L001098-L001113 | [REDACTED: batch progress and internal diagnostics]
L001114 | [Epoch 42] [Time: 2.69]
L001115 | [Train Loss: 0.8364]
L001116 | [Train F1: 0.6259092540708545]
L001117 | [Train Acc: 0.6283900750144259]
L001118 | [Dev Loss: 1.2764]
L001119 | [Dev F1: 0.4552164771889023]
L001120 | [Dev Acc: 0.4762684124386252]
L001121 | 
L001122-L001137 | [REDACTED: batch progress and internal diagnostics]
L001138 | [Epoch 43] [Time: 2.71]
L001139 | [Train Loss: 0.8347]
L001140 | [Train F1: 0.6302023684002155]
L001141 | [Train Acc: 0.6328140026928255]
L001142 | [Dev Loss: 1.2199]
L001143 | [Dev F1: 0.45479116261094793]
L001144 | [Dev Acc: 0.4877250409165303]
L001145 | 
L001146-L001161 | [REDACTED: batch progress and internal diagnostics]
L001162 | [Epoch 44] [Time: 2.59]
L001163 | [Train Loss: 0.8275]
L001164 | [Train F1: 0.6331702101500223]
L001165 | [Train Acc: 0.6372379303712252]
L001166 | [Dev Loss: 1.2468]
L001167 | [Dev F1: 0.4395830442565728]
L001168 | [Dev Acc: 0.46808510638297873]
L001169 | 
L001170-L001185 | [REDACTED: batch progress and internal diagnostics]
L001186 | [Epoch 45] [Time: 2.64]
L001187 | [Train Loss: 0.8305]
L001188 | [Train F1: 0.6261752349980262]
L001189 | [Train Acc: 0.6272360069244085]
L001190 | [Dev Loss: 1.2644]
L001191 | [Dev F1: 0.43743230222968893]
L001192 | [Dev Acc: 0.46153846153846156]
L001193 | 
L001194-L001209 | [REDACTED: batch progress and internal diagnostics]
L001210 | [Epoch 46] [Time: 2.71]
L001211 | [Train Loss: 0.8215]
L001212 | [Train F1: 0.6394377709740644]
L001213 | [Train Acc: 0.6414695133679553]
L001214 | [Dev Loss: 1.2583]
L001215 | [Dev F1: 0.44258069573147035]
L001216 | [Dev Acc: 0.4582651391162029]
L001217 | 
L001218-L001233 | [REDACTED: batch progress and internal diagnostics]
L001234 | [Epoch 47] [Time: 2.73]
L001235 | [Train Loss: 0.8208]
L001236 | [Train F1: 0.6316190557424386]
L001237 | [Train Acc: 0.6358915175995383]
L001238 | [Dev Loss: 1.262]
L001239 | [Dev F1: 0.4296463135351646]
L001240 | [Dev Acc: 0.4713584288052373]
L001241 | 
L001242-L001257 | [REDACTED: batch progress and internal diagnostics]
L001258 | [Epoch 48] [Time: 2.69]
L001259 | [Train Loss: 0.8162]
L001260 | [Train F1: 0.6401647630892222]
L001261 | [Train Acc: 0.6420465474129641]
L001262 | [Dev Loss: 1.2362]
L001263 | [Dev F1: 0.44574910044557303]
L001264 | [Dev Acc: 0.4664484451718494]
L001265 | 
L001266-L001281 | [REDACTED: batch progress and internal diagnostics]
L001282 | [Epoch 49] [Time: 2.66]
L001283 | [Train Loss: 0.8148]
L001284 | [Train F1: 0.6378942774370959]
L001285 | [Train Acc: 0.6395460665512599]
L001286 | [Dev Loss: 1.1832]
L001287 | [Dev F1: 0.45103931415725296]
L001288 | [Dev Acc: 0.47299509001636664]
L001289 | 
L001290-L001305 | [REDACTED: batch progress and internal diagnostics]
L001306 | [Epoch 50] [Time: 2.77]
L001307 | [Train Loss: 0.821]
L001308 | [Train F1: 0.6342131344912947]
L001309 | [Train Acc: 0.6368532410078861]
L001310 | [Dev Loss: 1.2003]
L001311 | [Dev F1: 0.4530717366375502]
L001312 | [Dev Acc: 0.4844517184942717]
L001313 | 
L001314-L001329 | [REDACTED: batch progress and internal diagnostics]
L001330 | [Epoch 51] [Time: 2.88]
L001331 | [Train Loss: 0.8179]
L001332 | [Train F1: 0.6430853985396926]
L001333 | [Train Acc: 0.6457010963646855]
L001334 | [Dev Loss: 1.2345]
L001335 | [Dev F1: 0.466175825057472]
L001336 | [Dev Acc: 0.486088379705401]
L001337 | 
L001338-L001353 | [REDACTED: batch progress and internal diagnostics]
L001354 | [Epoch 52] [Time: 2.60]
L001355 | [Train Loss: 0.8295]
L001356 | [Train F1: 0.6380452338524945]
L001357 | [Train Acc: 0.6385843431429121]
L001358 | [Dev Loss: 1.2625]
L001359 | [Dev F1: 0.40043336635224397]
L001360 | [Dev Acc: 0.43044189852700493]
L001361 | 
L001362-L001377 | [REDACTED: batch progress and internal diagnostics]
L001378 | [Epoch 53] [Time: 2.75]
L001379 | [Train Loss: 0.8256]
L001380 | [Train F1: 0.6334911328926508]
L001381 | [Train Acc: 0.6374302750528947]
L001382 | [Dev Loss: 1.2048]
L001383 | [Dev F1: 0.4546178702308793]
L001384 | [Dev Acc: 0.47299509001636664]
L001385 | 
L001386-L001401 | [REDACTED: batch progress and internal diagnostics]
L001402 | [Epoch 54] [Time: 2.75]
L001403 | [Train Loss: 0.8251]
L001404 | [Train F1: 0.6339449785147696]
L001405 | [Train Acc: 0.6351221388728602]
L001406 | [Dev Loss: 1.2641]
L001407 | [Dev F1: 0.46165363489023875]
L001408 | [Dev Acc: 0.4877250409165303]
L001409 | 
L001410-L001425 | [REDACTED: batch progress and internal diagnostics]
L001426 | [Epoch 55] [Time: 2.66]
L001427 | [Train Loss: 0.8263]
L001428 | [Train F1: 0.6326029002037286]
L001429 | [Train Acc: 0.6349297941911907]
L001430 | [Dev Loss: 1.2188]
L001431 | [Dev F1: 0.4441616500469513]
L001432 | [Dev Acc: 0.4877250409165303]
L001433 | 
L001434-L001449 | [REDACTED: batch progress and internal diagnostics]
L001450 | [Epoch 56] [Time: 2.72]
L001451 | [Train Loss: 0.8158]
L001452 | [Train F1: 0.629525416352912]
L001453 | [Train Acc: 0.6364685516445471]
L001454 | [Dev Loss: 1.1871]
L001455 | [Dev F1: 0.4577959077446738]
L001456 | [Dev Acc: 0.47299509001636664]
L001457 | 
L001458-L001473 | [REDACTED: batch progress and internal diagnostics]
L001474 | [Epoch 57] [Time: 2.82]
L001475 | [Train Loss: 0.8028]
L001476 | [Train F1: 0.6389138879904593]
L001477 | [Train Acc: 0.6426235814579727]
L001478 | [Dev Loss: 1.1978]
L001479 | [Dev F1: 0.4720950132910212]
L001480 | [Dev Acc: 0.48117839607201307]
L001481 | 
L001482-L001497 | [REDACTED: batch progress and internal diagnostics]
L001498 | [Epoch 58] [Time: 2.69]
L001499 | [Train Loss: 0.8044]
L001500 | [Train F1: 0.6422635127260333]
L001501 | [Train Acc: 0.6428159261396422]
L001502 | [Dev Loss: 1.2468]
L001503 | [Dev F1: 0.4671917656858373]
L001504 | [Dev Acc: 0.49754500818330605]
L001505 | 
L001506-L001521 | [REDACTED: batch progress and internal diagnostics]
L001522 | [Epoch 59] [Time: 2.64]
L001523 | [Train Loss: 0.793]
L001524 | [Train F1: 0.6451471534251789]
L001525 | [Train Acc: 0.6482015772263897]
L001526 | [Dev Loss: 1.2114]
L001527 | [Dev F1: 0.4850886495337341]
L001528 | [Dev Acc: 0.5040916530278232]
L001529 | 
L001530-L001545 | [REDACTED: batch progress and internal diagnostics]
L001546 | [Epoch 60] [Time: 2.60]
L001547 | [Train Loss: 0.7952]
L001548 | [Train F1: 0.6483060893202627]
L001549 | [Train Acc: 0.6503173687247548]
L001550 | [Dev Loss: 1.2061]
L001551 | [Dev F1: 0.45502965183125355]
L001552 | [Dev Acc: 0.4746317512274959]
L001553 | 
L001554-L001569 | [REDACTED: batch progress and internal diagnostics]
L001570 | [Epoch 61] [Time: 2.68]
L001571 | [Train Loss: 0.7848]
L001572 | [Train F1: 0.6507608428933973]
L001573 | [Train Acc: 0.6522408155414503]
L001574 | [Dev Loss: 1.2524]
L001575 | [Dev F1: 0.46966473840540457]
L001576 | [Dev Acc: 0.4844517184942717]
L001577 | 
L001578-L001593 | [REDACTED: batch progress and internal diagnostics]
L001594 | [Epoch 62] [Time: 2.74]
L001595 | [Train Loss: 0.7894]
L001596 | [Train F1: 0.6522204873320799]
L001597 | [Train Acc: 0.6535872283131371]
L001598 | [Dev Loss: 1.2231]
L001599 | [Dev F1: 0.4566005549373825]
L001600 | [Dev Acc: 0.4746317512274959]
L001601 | 
L001602-L001617 | [REDACTED: batch progress and internal diagnostics]
L001618 | [Epoch 63] [Time: 2.77]
L001619 | [Train Loss: 0.7976]
L001620 | [Train F1: 0.6468967794630912]
L001621 | [Train Acc: 0.6508944027697634]
L001622 | [Dev Loss: 1.1877]
L001623 | [Dev F1: 0.46029710975122223]
L001624 | [Dev Acc: 0.486088379705401]
L001625 | 
L001626-L001641 | [REDACTED: batch progress and internal diagnostics]
L001642 | [Epoch 64] [Time: 2.77]
L001643 | [Train Loss: 0.8002]
L001644 | [Train F1: 0.6374970779163975]
L001645 | [Train Acc: 0.6408924793229467]
L001646 | [Dev Loss: 1.2569]
L001647 | [Dev F1: 0.46726735394353247]
L001648 | [Dev Acc: 0.4959083469721768]
L001649 | 
L001650-L001665 | [REDACTED: batch progress and internal diagnostics]
L001666 | [Epoch 65] [Time: 2.63]
L001667 | [Train Loss: 0.7937]
L001668 | [Train F1: 0.6493495086206614]
L001669 | [Train Acc: 0.6499326793614156]
L001670 | [Dev Loss: 1.2239]
L001671 | [Dev F1: 0.46227532435307667]
L001672 | [Dev Acc: 0.4909983633387889]
L001673 | 
L001674-L001689 | [REDACTED: batch progress and internal diagnostics]
L001690 | [Epoch 66] [Time: 2.61]
L001691 | [Train Loss: 0.7858]
L001692 | [Train F1: 0.6552740675476844]
L001693 | [Train Acc: 0.6576264666281977]
L001694 | [Dev Loss: 1.2387]
L001695 | [Dev F1: 0.45431537202359823]
L001696 | [Dev Acc: 0.4762684124386252]
L001697 | 
L001698-L001713 | [REDACTED: batch progress and internal diagnostics]
L001714 | [Epoch 67] [Time: 2.66]
L001715 | [Train Loss: 0.7847]
L001716 | [Train F1: 0.6476367964414761]
L001717 | [Train Acc: 0.6497403346797461]
L001718 | [Dev Loss: 1.2115]
L001719 | [Dev F1: 0.4810129203163029]
L001720 | [Dev Acc: 0.5008183306055647]
L001721 | 
L001722-L001737 | [REDACTED: batch progress and internal diagnostics]
L001738 | [Epoch 68] [Time: 2.74]
L001739 | [Train Loss: 0.7931]
L001740 | [Train F1: 0.6544845483800299]
L001741 | [Train Acc: 0.6547412964031545]
L001742 | [Dev Loss: 1.241]
L001743 | [Dev F1: 0.44060930683698024]
L001744 | [Dev Acc: 0.46317512274959083]
L001745 | 
L001746-L001761 | [REDACTED: batch progress and internal diagnostics]
L001762 | [Epoch 69] [Time: 2.63]
L001763 | [Train Loss: 0.7897]
L001764 | [Train F1: 0.6456763037493669]
L001765 | [Train Acc: 0.6501250240430853]
L001766 | [Dev Loss: 1.2321]
L001767 | [Dev F1: 0.4454885359681467]
L001768 | [Dev Acc: 0.46153846153846156]
L001769 | 
L001770-L001785 | [REDACTED: batch progress and internal diagnostics]
L001786 | [Epoch 70] [Time: 2.77]
L001787 | [Train Loss: 0.7747]
L001788 | [Train F1: 0.6502544313996448]
L001789 | [Train Acc: 0.6495479899980765]
L001790 | [Dev Loss: 1.2256]
L001791 | [Dev F1: 0.4652068826594593]
L001792 | [Dev Acc: 0.49427168576104746]
L001793 | 
L001794-L001809 | [REDACTED: batch progress and internal diagnostics]
L001810 | [Epoch 71] [Time: 2.67]
L001811 | [Train Loss: 0.7815]
L001812 | [Train F1: 0.6526141211557912]
L001813 | [Train Acc: 0.6562800538565109]
L001814 | [Dev Loss: 1.209]
L001815 | [Dev F1: 0.47238832254418245]
L001816 | [Dev Acc: 0.5057283142389526]
L001817 | 
L001818-L001833 | [REDACTED: batch progress and internal diagnostics]
L001834 | [Epoch 72] [Time: 2.74]
L001835 | [Train Loss: 0.7647]
L001836 | [Train F1: 0.6550509092352866]
L001837 | [Train Acc: 0.6562800538565109]
L001838 | [Dev Loss: 1.2405]
L001839 | [Dev F1: 0.4733504870636813]
L001840 | [Dev Acc: 0.502454991816694]
L001841 | 
L001842-L001857 | [REDACTED: batch progress and internal diagnostics]
L001858 | [Epoch 73] [Time: 2.79]
L001859 | [Train Loss: 0.7711]
L001860 | [Train F1: 0.6576901151460185]
L001861 | [Train Acc: 0.6610886708982496]
L001862 | [Dev Loss: 1.2313]
L001863 | [Dev F1: 0.4551196567209823]
L001864 | [Dev Acc: 0.47299509001636664]
L001865 | 
L001866-L001881 | [REDACTED: batch progress and internal diagnostics]
L001882 | [Epoch 74] [Time: 2.73]
L001883 | [Train Loss: 0.7533]
L001884 | [Train F1: 0.6661508789234802]
L001885 | [Train Acc: 0.6672437007116753]
L001886 | [Dev Loss: 1.1804]
L001887 | [Dev F1: 0.4683803192238764]
L001888 | [Dev Acc: 0.502454991816694]
L001889 | 
L001890-L001905 | [REDACTED: batch progress and internal diagnostics]
L001906 | [Epoch 75] [Time: 2.76]
L001907 | [Train Loss: 0.7532]
L001908 | [Train F1: 0.6649253749365023]
L001909 | [Train Acc: 0.6676283900750144]
L001910 | [Dev Loss: 1.2301]
L001911 | [Dev F1: 0.47603397383196183]
L001912 | [Dev Acc: 0.4909983633387889]
L001913 | 
L001914-L001929 | [REDACTED: batch progress and internal diagnostics]
L001930 | [Epoch 76] [Time: 2.57]
L001931 | [Train Loss: 0.7579]
L001932 | [Train F1: 0.6612562577106977]
L001933 | [Train Acc: 0.6637814964416234]
L001934 | [Dev Loss: 1.1993]
L001935 | [Dev F1: 0.47698168767837945]
L001936 | [Dev Acc: 0.4959083469721768]
L001937 | 
L001938-L001953 | [REDACTED: batch progress and internal diagnostics]
L001954 | [Epoch 77] [Time: 2.77]
L001955 | [Train Loss: 0.7533]
L001956 | [Train F1: 0.6632878457074005]
L001957 | [Train Acc: 0.6633968070782843]
L001958 | [Dev Loss: 1.2107]
L001959 | [Dev F1: 0.4575885080287654]
L001960 | [Dev Acc: 0.4959083469721768]
L001961 | 
L001962-L001977 | [REDACTED: batch progress and internal diagnostics]
L001978 | [Epoch 78] [Time: 2.50]
L001979 | [Train Loss: 0.7627]
L001980 | [Train F1: 0.6528971434201432]
L001981 | [Train Acc: 0.6558953644931718]
L001982 | [Dev Loss: 1.256]
L001983 | [Dev F1: 0.4524766167914448]
L001984 | [Dev Acc: 0.45990180032733224]
L001985 | 
L001986-L002001 | [REDACTED: batch progress and internal diagnostics]
L002002 | [Epoch 79] [Time: 2.77]
L002003 | [Train Loss: 0.7668]
L002004 | [Train F1: 0.6573578581458909]
L002005 | [Train Acc: 0.6601269474899019]
L002006 | [Dev Loss: 1.221]
L002007 | [Dev F1: 0.48137387831187445]
L002008 | [Dev Acc: 0.49427168576104746]
L002009 | 
L002010-L002025 | [REDACTED: batch progress and internal diagnostics]
L002026 | [Epoch 80] [Time: 2.64]
L002027 | [Train Loss: 0.7558]
L002028 | [Train F1: 0.6640789727135018]
L002029 | [Train Acc: 0.6664743219849971]
L002030 | [Dev Loss: 1.1573]
L002031 | [Dev F1: 0.5061409651692977]
L002032 | [Dev Acc: 0.5253682487725041]
L002033 | 
L002034-L002049 | [REDACTED: batch progress and internal diagnostics]
L002050 | [Epoch 81] [Time: 2.62]
L002051 | [Train Loss: 0.7739]
L002052 | [Train F1: 0.6552709728106844]
L002053 | [Train Acc: 0.6585881900365455]
L002054 | [Dev Loss: 1.2207]
L002055 | [Dev F1: 0.46660557464589225]
L002056 | [Dev Acc: 0.49918166939443537]
L002057 | 
L002058-L002073 | [REDACTED: batch progress and internal diagnostics]
L002074 | [Epoch 82] [Time: 2.63]
L002075 | [Train Loss: 0.7613]
L002076 | [Train F1: 0.6712277597998889]
L002077 | [Train Acc: 0.6730140411617619]
L002078 | [Dev Loss: 1.276]
L002079 | [Dev F1: 0.44594008740664537]
L002080 | [Dev Acc: 0.46808510638297873]
L002081 | 
L002082-L002097 | [REDACTED: batch progress and internal diagnostics]
L002098 | [Epoch 83] [Time: 2.79]
L002099 | [Train Loss: 0.7679]
L002100 | [Train F1: 0.6588823152369339]
L002101 | [Train Acc: 0.6616657049432583]
L002102 | [Dev Loss: 1.2575]
L002103 | [Dev F1: 0.4519193918705517]
L002104 | [Dev Acc: 0.49263502454991814]
L002105 | 
L002106-L002121 | [REDACTED: batch progress and internal diagnostics]
L002122 | [Epoch 84] [Time: 2.69]
L002123 | [Train Loss: 0.7654]
L002124 | [Train F1: 0.6567466089925077]
L002125 | [Train Acc: 0.657049432583189]
L002126 | [Dev Loss: 1.1566]
L002127 | [Dev F1: 0.4601788492238116]
L002128 | [Dev Acc: 0.4746317512274959]
L002129 | 
L002130-L002145 | [REDACTED: batch progress and internal diagnostics]
L002146 | [Epoch 85] [Time: 2.73]
L002147 | [Train Loss: 0.7502]
L002148 | [Train F1: 0.6615944334037785]
L002149 | [Train Acc: 0.6651279092133102]
L002150 | [Dev Loss: 1.2229]
L002151 | [Dev F1: 0.4597305887769541]
L002152 | [Dev Acc: 0.4877250409165303]
L002153 | 
L002154-L002169 | [REDACTED: batch progress and internal diagnostics]
L002170 | [Epoch 86] [Time: 2.77]
L002171 | [Train Loss: 0.7384]
L002172 | [Train F1: 0.6681003359225492]
L002173 | [Train Acc: 0.6695518368917099]
L002174 | [Dev Loss: 1.2431]
L002175 | [Dev F1: 0.44968172736888473]
L002176 | [Dev Acc: 0.47299509001636664]
L002177 | 
L002178-L002193 | [REDACTED: batch progress and internal diagnostics]
L002194 | [Epoch 87] [Time: 2.61]
L002195 | [Train Loss: 0.7306]
L002196 | [Train F1: 0.6790412812485558]
L002197 | [Train Acc: 0.6803231390652048]
L002198 | [Dev Loss: 1.192]
L002199 | [Dev F1: 0.5119659276167537]
L002200 | [Dev Acc: 0.5237315875613748]
L002201 | 
L002202-L002217 | [REDACTED: batch progress and internal diagnostics]
L002218 | [Epoch 88] [Time: 2.85]
L002219 | [Train Loss: 0.721]
L002220 | [Train F1: 0.6770681125271015]
L002221 | [Train Acc: 0.679361415656857]
L002222 | [Dev Loss: 1.2045]
L002223 | [Dev F1: 0.46501324749873074]
L002224 | [Dev Acc: 0.5040916530278232]
L002225 | 
L002226-L002241 | [REDACTED: batch progress and internal diagnostics]
L002242 | [Epoch 89] [Time: 2.65]
L002243 | [Train Loss: 0.7323]
L002244 | [Train F1: 0.6796256005036249]
L002245 | [Train Acc: 0.6805154837468744]
L002246 | [Dev Loss: 1.2151]
L002247 | [Dev F1: 0.4674487249665182]
L002248 | [Dev Acc: 0.4877250409165303]
L002249 | 
L002250-L002265 | [REDACTED: batch progress and internal diagnostics]
L002266 | [Epoch 90] [Time: 2.68]
L002267 | [Train Loss: 0.7315]
L002268 | [Train F1: 0.6718632279142868]
L002269 | [Train Acc: 0.6747451432967878]
L002270 | [Dev Loss: 1.2129]
L002271 | [Dev F1: 0.47571380702054983]
L002272 | [Dev Acc: 0.513911620294599]
L002273 | 
L002274-L002289 | [REDACTED: batch progress and internal diagnostics]
L002290 | [Epoch 91] [Time: 2.78]
L002291 | [Train Loss: 0.7242]
L002292 | [Train F1: 0.6872653767918044]
L002293 | [Train Acc: 0.688016926331987]
L002294 | [Dev Loss: 1.1335]
L002295 | [Dev F1: 0.5153783691282829]
L002296 | [Dev Acc: 0.5319148936170213]
L002297 | 
L002298-L002313 | [REDACTED: batch progress and internal diagnostics]
L002314 | [Epoch 92] [Time: 2.77]
L002315 | [Train Loss: 0.728]
L002316 | [Train F1: 0.6830626595782895]
L002317 | [Train Acc: 0.684554722061935]
L002318 | [Dev Loss: 1.1736]
L002319 | [Dev F1: 0.5148239913406898]
L002320 | [Dev Acc: 0.5253682487725041]
L002321 | 
L002322-L002337 | [REDACTED: batch progress and internal diagnostics]
L002338 | [Epoch 93] [Time: 2.82]
L002339 | [Train Loss: 0.7211]
L002340 | [Train F1: 0.6830181937048311]
L002341 | [Train Acc: 0.6851317561069437]
L002342 | [Dev Loss: 1.1671]
L002343 | [Dev F1: 0.5010275405679495]
L002344 | [Dev Acc: 0.5253682487725041]
L002345 | 
L002346-L002361 | [REDACTED: batch progress and internal diagnostics]
L002362 | [Epoch 94] [Time: 2.62]
L002363 | [Train Loss: 0.7134]
L002364 | [Train F1: 0.68743712211527]
L002365 | [Train Acc: 0.6889786497403346]
L002366 | [Dev Loss: 1.2658]
L002367 | [Dev F1: 0.4437591327284118]
L002368 | [Dev Acc: 0.46808510638297873]
L002369 | 
L002370-L002385 | [REDACTED: batch progress and internal diagnostics]
L002386 | [Epoch 95] [Time: 2.55]
L002387 | [Train Loss: 0.6989]
L002388 | [Train F1: 0.6953427460542986]
L002389 | [Train Acc: 0.6972494710521254]
L002390 | [Dev Loss: 1.2455]
L002391 | [Dev F1: 0.4507251406610851]
L002392 | [Dev Acc: 0.4746317512274959]
L002393 | 
L002394-L002409 | [REDACTED: batch progress and internal diagnostics]
L002410 | [Epoch 96] [Time: 2.62]
L002411 | [Train Loss: 0.6926]
L002412 | [Train F1: 0.7023243383391296]
L002413 | [Train Acc: 0.7035968455472206]
L002414 | [Dev Loss: 1.1823]
L002415 | [Dev F1: 0.48551052058297023]
L002416 | [Dev Acc: 0.5188216039279869]
L002417 | 
L002418-L002433 | [REDACTED: batch progress and internal diagnostics]
L002434 | [Epoch 97] [Time: 2.63]
L002435 | [Train Loss: 0.6909]
L002436 | [Train F1: 0.6993691197695172]
L002437 | [Train Acc: 0.7010963646855164]
L002438 | [Dev Loss: 1.2475]
L002439 | [Dev F1: 0.4732235774884455]
L002440 | [Dev Acc: 0.49263502454991814]
L002441 | 
L002442-L002457 | [REDACTED: batch progress and internal diagnostics]
L002458 | [Epoch 98] [Time: 2.64]
L002459 | [Train Loss: 0.6993]
L002460 | [Train F1: 0.7010673082333283]
L002461 | [Train Acc: 0.7026351221388729]
L002462 | [Dev Loss: 1.1836]
L002463 | [Dev F1: 0.4903223853722167]
L002464 | [Dev Acc: 0.513911620294599]
L002465 | 
L002466-L002481 | [REDACTED: batch progress and internal diagnostics]
L002482 | [Epoch 99] [Time: 2.62]
L002483 | [Train Loss: 0.6796]
L002484 | [Train F1: 0.711372177519906]
L002485 | [Train Acc: 0.7134064243123678]
L002486 | [Dev Loss: 1.2295]
L002487 | [Dev F1: 0.510501608017905]
L002488 | [Dev Acc: 0.5237315875613748]
L002489 | 
L002490-L002505 | [REDACTED: batch progress and internal diagnostics]
L002506 | [Epoch 100] [Time: 2.76]
L002507 | [Train Loss: 0.6791]
L002508 | [Train F1: 0.7116366049979763]
L002509 | [Train Acc: 0.7120600115406809]
L002510 | [Dev Loss: 1.2071]
L002511 | [Dev F1: 0.5268262421136605]
L002512 | [Dev Acc: 0.5368248772504092]
L002513 | 
L002514-L002529 | [REDACTED: batch progress and internal diagnostics]
L002530 | [Epoch 101] [Time: 2.65]
L002531 | [Train Loss: 0.668]
L002532 | [Train F1: 0.7157401039740482]
L002533 | [Train Acc: 0.718022696672437]
L002534 | [Dev Loss: 1.3258]
L002535 | [Dev F1: 0.4716270484477013]
L002536 | [Dev Acc: 0.5057283142389526]
L002537 | 
L002538-L002553 | [REDACTED: batch progress and internal diagnostics]
L002554 | [Epoch 102] [Time: 2.50]
L002555 | [Train Loss: 0.6587]
L002556 | [Train F1: 0.7146392040053704]
L002557 | [Train Acc: 0.7164839392190806]
L002558 | [Dev Loss: 1.2964]
L002559 | [Dev F1: 0.4630056785060814]
L002560 | [Dev Acc: 0.49263502454991814]
L002561 | 
L002562-L002577 | [REDACTED: batch progress and internal diagnostics]
L002578 | [Epoch 103] [Time: 2.70]
L002579 | [Train Loss: 0.6472]
L002580 | [Train F1: 0.7213957369317646]
L002581 | [Train Acc: 0.7228313137141757]
L002582 | [Dev Loss: 1.3036]
L002583 | [Dev F1: 0.4791403299997254]
L002584 | [Dev Acc: 0.502454991816694]
L002585 | 
L002586-L002601 | [REDACTED: batch progress and internal diagnostics]
L002602 | [Epoch 104] [Time: 2.67]
L002603 | [Train Loss: 0.6463]
L002604 | [Train F1: 0.7234771125905737]
L002605 | [Train Acc: 0.7249471052125409]
L002606 | [Dev Loss: 1.2628]
L002607 | [Dev F1: 0.46448061567050253]
L002608 | [Dev Acc: 0.486088379705401]
L002609 | 
L002610-L002625 | [REDACTED: batch progress and internal diagnostics]
L002626 | [Epoch 105] [Time: 2.84]
L002627 | [Train Loss: 0.6369]
L002628 | [Train F1: 0.7253378232772321]
L002629 | [Train Acc: 0.7259088286208887]
L002630 | [Dev Loss: 1.2543]
L002631 | [Dev F1: 0.5024016102347952]
L002632 | [Dev Acc: 0.5204582651391162]
L002633 | 
L002634-L002649 | [REDACTED: batch progress and internal diagnostics]
L002650 | [Epoch 106] [Time: 2.65]
L002651 | [Train Loss: 0.6166]
L002652 | [Train F1: 0.7367030253201685]
L002653 | [Train Acc: 0.7376418542027313]
L002654 | [Dev Loss: 1.2776]
L002655 | [Dev F1: 0.5354446081313549]
L002656 | [Dev Acc: 0.5417348608837971]
L002657 | 
L002658-L002673 | [REDACTED: batch progress and internal diagnostics]
L002674 | [Epoch 107] [Time: 2.54]
L002675 | [Train Loss: 0.617]
L002676 | [Train F1: 0.7344200862362456]
L002677 | [Train Acc: 0.7362954414310444]
L002678 | [Dev Loss: 1.3256]
L002679 | [Dev F1: 0.512528667325647]
L002680 | [Dev Acc: 0.530278232405892]
L002681 | 
L002682-L002697 | [REDACTED: batch progress and internal diagnostics]
L002698 | [Epoch 108] [Time: 2.71]
L002699 | [Train Loss: 0.6111]
L002700 | [Train F1: 0.7392233655011069]
L002701 | [Train Acc: 0.7397576457010964]
L002702 | [Dev Loss: 1.2849]
L002703 | [Dev F1: 0.5158440460253184]
L002704 | [Dev Acc: 0.5270049099836334]
L002705 | 
L002706-L002721 | [REDACTED: batch progress and internal diagnostics]
L002722 | [Epoch 109] [Time: 2.45]
L002723 | [Train Loss: 0.6003]
L002724 | [Train F1: 0.7449690197100534]
L002725 | [Train Acc: 0.7462973648778611]
L002726 | [Dev Loss: 1.4285]
L002727 | [Dev F1: 0.46779244014704846]
L002728 | [Dev Acc: 0.4877250409165303]
L002729 | 
L002730-L002745 | [REDACTED: batch progress and internal diagnostics]
L002746 | [Epoch 110] [Time: 2.59]
L002747 | [Train Loss: 0.5926]
L002748 | [Train F1: 0.7494349423854354]
L002749 | [Train Acc: 0.7495672244662435]
L002750 | [Dev Loss: 1.3895]
L002751 | [Dev F1: 0.517747132171559]
L002752 | [Dev Acc: 0.5220949263502455]
L002753 | 
L002754-L002769 | [REDACTED: batch progress and internal diagnostics]
L002770 | [Epoch 111] [Time: 2.74]
L002771 | [Train Loss: 0.5928]
L002772 | [Train F1: 0.7460412281944621]
L002773 | [Train Acc: 0.7472590882862089]
L002774 | [Dev Loss: 1.4499]
L002775 | [Dev F1: 0.5077589733754474]
L002776 | [Dev Acc: 0.5220949263502455]
L002777 | 
L002778-L002793 | [REDACTED: batch progress and internal diagnostics]
L002794 | [Epoch 112] [Time: 2.71]
L002795 | [Train Loss: 0.5831]
L002796 | [Train F1: 0.7469212478578787]
L002797 | [Train Acc: 0.7486055010578957]
L002798 | [Dev Loss: 1.3305]
L002799 | [Dev F1: 0.5321865484536316]
L002800 | [Dev Acc: 0.5368248772504092]
L002801 | 
L002802-L002817 | [REDACTED: batch progress and internal diagnostics]
L002818 | [Epoch 113] [Time: 2.70]
L002819 | [Train Loss: 0.5683]
L002820 | [Train F1: 0.753660044549721]
L002821 | [Train Acc: 0.753221773417965]
L002822 | [Dev Loss: 1.3786]
L002823 | [Dev F1: 0.5177453347803033]
L002824 | [Dev Acc: 0.5351882160392799]
L002825 | 
L002826-L002841 | [REDACTED: batch progress and internal diagnostics]
L002842 | [Epoch 114] [Time: 2.70]
L002843 | [Train Loss: 0.564]
L002844 | [Train F1: 0.7570633009087339]
L002845 | [Train Acc: 0.7580303904597038]
L002846 | [Dev Loss: 1.4081]
L002847 | [Dev F1: 0.5379898574847186]
L002848 | [Dev Acc: 0.546644844517185]
L002849 | 
L002850-L002865 | [REDACTED: batch progress and internal diagnostics]
L002866 | [Epoch 115] [Time: 2.71]
L002867 | [Train Loss: 0.5558]
L002868 | [Train F1: 0.7630239149413828]
L002869 | [Train Acc: 0.7638007309097904]
L002870 | [Dev Loss: 1.4571]
L002871 | [Dev F1: 0.4957047097554287]
L002872 | [Dev Acc: 0.5057283142389526]
L002873 | 
L002874-L002889 | [REDACTED: batch progress and internal diagnostics]
L002890 | [Epoch 116] [Time: 2.60]
L002891 | [Train Loss: 0.5533]
L002892 | [Train F1: 0.7591446703434146]
L002893 | [Train Acc: 0.7599538372763993]
L002894 | [Dev Loss: 1.485]
L002895 | [Dev F1: 0.5267496680267665]
L002896 | [Dev Acc: 0.546644844517185]
L002897 | 
L002898-L002913 | [REDACTED: batch progress and internal diagnostics]
L002914 | [Epoch 117] [Time: 2.56]
L002915 | [Train Loss: 0.5441]
L002916 | [Train F1: 0.7638230361740502]
L002917 | [Train Acc: 0.7649547989998077]
L002918 | [Dev Loss: 1.3668]
L002919 | [Dev F1: 0.5485070571765338]
L002920 | [Dev Acc: 0.5613747954173486]
L002921 | 
L002922-L002937 | [REDACTED: batch progress and internal diagnostics]
L002938 | [Epoch 118] [Time: 2.57]
L002939 | [Train Loss: 0.5443]
L002940 | [Train F1: 0.76513684905659]
L002941 | [Train Acc: 0.7651471436814772]
L002942 | [Dev Loss: 1.4373]
L002943 | [Dev F1: 0.537735035772279]
L002944 | [Dev Acc: 0.5433715220949263]
L002945 | 
L002946-L002961 | [REDACTED: batch progress and internal diagnostics]
L002962 | [Epoch 119] [Time: 2.71]
L002963 | [Train Loss: 0.5435]
L002964 | [Train F1: 0.767474291639733]
L002965 | [Train Acc: 0.76822465858819]
L002966 | [Dev Loss: 1.4276]
L002967 | [Dev F1: 0.5352243426377478]
L002968 | [Dev Acc: 0.5482815057283142]
L002969 | 
L002970-L002985 | [REDACTED: batch progress and internal diagnostics]
L002986 | [Epoch 120] [Time: 2.67]
L002987 | [Train Loss: 0.5264]
L002988 | [Train F1: 0.7806153007438071]
L002989 | [Train Acc: 0.7809194075783804]
L002990 | [Dev Loss: 1.3773]
L002991 | [Dev F1: 0.56625979069513]
L002992 | [Dev Acc: 0.5761047463175123]
L002993 | 
L002994-L003009 | [REDACTED: batch progress and internal diagnostics]
L003010 | [Epoch 121] [Time: 2.63]
L003011 | [Train Loss: 0.5341]
L003012 | [Train F1: 0.7756045492028524]
L003013 | [Train Acc: 0.775533756491633]
L003014 | [Dev Loss: 1.3939]
L003015 | [Dev F1: 0.562393444126854]
L003016 | [Dev Acc: 0.5728314238952537]
L003017 | 
L003018-L003033 | [REDACTED: batch progress and internal diagnostics]
L003034 | [Epoch 122] [Time: 2.68]
L003035 | [Train Loss: 0.5138]
L003036 | [Train F1: 0.7819509887738975]
L003037 | [Train Acc: 0.7824581650317368]
L003038 | [Dev Loss: 1.4006]
L003039 | [Dev F1: 0.5343965342777245]
L003040 | [Dev Acc: 0.546644844517185]
L003041 | 
L003042-L003057 | [REDACTED: batch progress and internal diagnostics]
L003058 | [Epoch 123] [Time: 2.63]
L003059 | [Train Loss: 0.5211]
L003060 | [Train F1: 0.7780315461787063]
L003061 | [Train Acc: 0.7782265820350067]
L003062 | [Dev Loss: 1.4412]
L003063 | [Dev F1: 0.5318331568009929]
L003064 | [Dev Acc: 0.5564648117839607]
L003065 | 
L003066-L003081 | [REDACTED: batch progress and internal diagnostics]
L003082 | [Epoch 124] [Time: 2.58]
L003083 | [Train Loss: 0.518]
L003084 | [Train F1: 0.7854242926432201]
L003085 | [Train Acc: 0.7859203693017888]
L003086 | [Dev Loss: 1.4864]
L003087 | [Dev F1: 0.5365743450504836]
L003088 | [Dev Acc: 0.546644844517185]
L003089 | 
L003090-L003105 | [REDACTED: batch progress and internal diagnostics]
L003106 | [Epoch 125] [Time: 2.56]
L003107 | [Train Loss: 0.4996]
L003108 | [Train F1: 0.7900554442702775]
L003109 | [Train Acc: 0.7907289863435276]
L003110 | [Dev Loss: 1.49]
L003111 | [Dev F1: 0.5590008917000879]
L003112 | [Dev Acc: 0.5613747954173486]
L003113 | 
L003114-L003129 | [REDACTED: batch progress and internal diagnostics]
L003130 | [Epoch 126] [Time: 2.56]
L003131 | [Train Loss: 0.4912]
L003132 | [Train F1: 0.7974646991251264]
L003133 | [Train Acc: 0.7972687055202924]
L003134 | [Dev Loss: 1.4442]
L003135 | [Dev F1: 0.5467333238034644]
L003136 | [Dev Acc: 0.5613747954173486]
L003137 | 
L003138-L003153 | [REDACTED: batch progress and internal diagnostics]
L003154 | [Epoch 127] [Time: 2.63]
L003155 | [Train Loss: 0.4934]
L003156 | [Train F1: 0.7917948782163662]
L003157 | [Train Acc: 0.7916907097518754]
L003158 | [Dev Loss: 1.398]
L003159 | [Dev F1: 0.5662338463890615]
L003160 | [Dev Acc: 0.5793780687397708]
L003161 | 
L003162-L003177 | [REDACTED: batch progress and internal diagnostics]
L003178 | [Epoch 128] [Time: 2.66]
L003179 | [Train Loss: 0.4934]
L003180 | [Train F1: 0.7880835958721559]
L003181 | [Train Acc: 0.7893825735718407]
L003182 | [Dev Loss: 1.3814]
L003183 | [Dev F1: 0.5466857186689081]
L003184 | [Dev Acc: 0.563011456628478]
L003185 | 
L003186-L003201 | [REDACTED: batch progress and internal diagnostics]
L003202 | [Epoch 129] [Time: 2.60]
L003203 | [Train Loss: 0.4907]
L003204 | [Train F1: 0.8038434755149565]
L003205 | [Train Acc: 0.8036160800153875]
L003206 | [Dev Loss: 1.3729]
L003207 | [Dev F1: 0.5655141739731944]
L003208 | [Dev Acc: 0.5679214402618658]
L003209 | 
L003210-L003225 | [REDACTED: batch progress and internal diagnostics]
L003226 | [Epoch 130] [Time: 2.78]
L003227 | [Train Loss: 0.489]
L003228 | [Train F1: 0.8011090901007086]
L003229 | [Train Acc: 0.801307943835353]
L003230 | [Dev Loss: 1.4112]
L003231 | [Dev F1: 0.503391382208533]
L003232 | [Dev Acc: 0.530278232405892]
L003233 | 
L003234-L003249 | [REDACTED: batch progress and internal diagnostics]
L003250 | [Epoch 131] [Time: 2.59]
L003251 | [Train Loss: 0.4725]
L003252 | [Train F1: 0.8071835992165856]
L003253 | [Train Acc: 0.8072706289671091]
L003254 | [Dev Loss: 1.4463]
L003255 | [Dev F1: 0.5495590316944439]
L003256 | [Dev Acc: 0.5613747954173486]
L003257 | 
L003258-L003273 | [REDACTED: batch progress and internal diagnostics]
L003274 | [Epoch 132] [Time: 2.70]
L003275 | [Train Loss: 0.4792]
L003276 | [Train F1: 0.8040392533828448]
L003277 | [Train Acc: 0.8040007693787267]
L003278 | [Dev Loss: 1.4444]
L003279 | [Dev F1: 0.5673398545610253]
L003280 | [Dev Acc: 0.5711947626841244]
L003281 | 
L003282-L003297 | [REDACTED: batch progress and internal diagnostics]
L003298 | [Epoch 133] [Time: 2.58]
L003299 | [Train Loss: 0.4592]
L003300 | [Train F1: 0.8022858181260552]
L003301 | [Train Acc: 0.8022696672437007]
L003302 | [Dev Loss: 1.4738]
L003303 | [Dev F1: 0.5311950674102833]
L003304 | [Dev Acc: 0.5482815057283142]
L003305 | 
L003306-L003321 | [REDACTED: batch progress and internal diagnostics]
L003322 | [Epoch 134] [Time: 2.61]
L003323 | [Train Loss: 0.4621]
L003324 | [Train F1: 0.8089211405730349]
L003325 | [Train Acc: 0.8093864204654742]
L003326 | [Dev Loss: 1.4654]
L003327 | [Dev F1: 0.5596535837144914]
L003328 | [Dev Acc: 0.5695581014729951]
L003329 | 
L003330-L003345 | [REDACTED: batch progress and internal diagnostics]
L003346 | [Epoch 135] [Time: 2.62]
L003347 | [Train Loss: 0.4513]
L003348 | [Train F1: 0.81132972679221]
L003349 | [Train Acc: 0.8101557991921523]
L003350 | [Dev Loss: 1.335]
L003351 | [Dev F1: 0.5795786556507064]
L003352 | [Dev Acc: 0.5826513911620295]
L003353 | 
L003354-L003369 | [REDACTED: batch progress and internal diagnostics]
L003370 | [Epoch 136] [Time: 2.65]
L003371 | [Train Loss: 0.4517]
L003372 | [Train F1: 0.8172310672806671]
L003373 | [Train Acc: 0.8178495864589345]
L003374 | [Dev Loss: 1.5088]
L003375 | [Dev F1: 0.5474302801622865]
L003376 | [Dev Acc: 0.55810147299509]
L003377 | 
L003378-L003393 | [REDACTED: batch progress and internal diagnostics]
L003394 | [Epoch 137] [Time: 2.68]
L003395 | [Train Loss: 0.4472]
L003396 | [Train F1: 0.8179273614999548]
L003397 | [Train Acc: 0.8176572417772648]
L003398 | [Dev Loss: 1.3795]
L003399 | [Dev F1: 0.5812549799109871]
L003400 | [Dev Acc: 0.5908346972176759]
L003401 | 
L003402-L003417 | [REDACTED: batch progress and internal diagnostics]
L003418 | [Epoch 138] [Time: 2.67]
L003419 | [Train Loss: 0.4508]
L003420 | [Train F1: 0.8132147402779407]
L003421 | [Train Acc: 0.8136180034622043]
L003422 | [Dev Loss: 1.4846]
L003423 | [Dev F1: 0.5134450377066454]
L003424 | [Dev Acc: 0.5351882160392799]
L003425 | 
L003426-L003441 | [REDACTED: batch progress and internal diagnostics]
L003442 | [Epoch 139] [Time: 2.71]
L003443 | [Train Loss: 0.4389]
L003444 | [Train F1: 0.8156350195200187]
L003445 | [Train Acc: 0.8153491055972303]
L003446 | [Dev Loss: 1.5574]
L003447 | [Dev F1: 0.5147659073259736]
L003448 | [Dev Acc: 0.5188216039279869]
L003449 | 
L003450-L003465 | [REDACTED: batch progress and internal diagnostics]
L003466 | [Epoch 140] [Time: 2.55]
L003467 | [Train Loss: 0.4293]
L003468 | [Train F1: 0.8236827902664499]
L003469 | [Train Acc: 0.8226582035006732]
L003470 | [Dev Loss: 1.7122]
L003471 | [Dev F1: 0.4907101135497734]
L003472 | [Dev Acc: 0.5237315875613748]
L003473 | 
L003474-L003489 | [REDACTED: batch progress and internal diagnostics]
L003490 | [Epoch 141] [Time: 2.71]
L003491 | [Train Loss: 0.4319]
L003492 | [Train F1: 0.830135850175878]
L003493 | [Train Acc: 0.8311213694941335]
L003494 | [Dev Loss: 1.4755]
L003495 | [Dev F1: 0.5395221102674033]
L003496 | [Dev Acc: 0.546644844517185]
L003497 | 
L003498-L003513 | [REDACTED: batch progress and internal diagnostics]
L003514 | [Epoch 142] [Time: 2.69]
L003515 | [Train Loss: 0.3998]
L003516 | [Train F1: 0.837561962686761]
L003517 | [Train Acc: 0.8370840546258896]
L003518 | [Dev Loss: 1.4383]
L003519 | [Dev F1: 0.5678370239831328]
L003520 | [Dev Acc: 0.5728314238952537]
L003521 | 
L003522-L003537 | [REDACTED: batch progress and internal diagnostics]
L003538 | [Epoch 143] [Time: 2.75]
L003539 | [Train Loss: 0.4006]
L003540 | [Train F1: 0.8356237284670702]
L003541 | [Train Acc: 0.8353529524908636]
L003542 | [Dev Loss: 1.6552]
L003543 | [Dev F1: 0.5193608908614508]
L003544 | [Dev Acc: 0.5368248772504092]
L003545 | 
L003546-L003561 | [REDACTED: batch progress and internal diagnostics]
L003562 | [Epoch 144] [Time: 2.70]
L003563 | [Train Loss: 0.3944]
L003564 | [Train F1: 0.8411532534809794]
L003565 | [Train Acc: 0.8405462588959415]
L003566 | [Dev Loss: 1.6568]
L003567 | [Dev F1: 0.5430460720809125]
L003568 | [Dev Acc: 0.5531914893617021]
L003569 | 
L003570-L003585 | [REDACTED: batch progress and internal diagnostics]
L003586 | [Epoch 145] [Time: 2.69]
L003587 | [Train Loss: 0.4009]
L003588 | [Train F1: 0.8409094771968065]
L003589 | [Train Acc: 0.8415079823042892]
L003590 | [Dev Loss: 1.6768]
L003591 | [Dev F1: 0.5457694578680522]
L003592 | [Dev Acc: 0.5564648117839607]
L003593 | 
L003594-L003609 | [REDACTED: batch progress and internal diagnostics]
L003610 | [Epoch 146] [Time: 2.55]
L003611 | [Train Loss: 0.3937]
L003612 | [Train F1: 0.8414250804359604]
L003613 | [Train Acc: 0.840353914214272]
L003614 | [Dev Loss: 1.5752]
L003615 | [Dev F1: 0.5387334264496828]
L003616 | [Dev Acc: 0.5482815057283142]
L003617 | 
L003618-L003633 | [REDACTED: batch progress and internal diagnostics]
L003634 | [Epoch 147] [Time: 2.71]
L003635 | [Train Loss: 0.3822]
L003636 | [Train F1: 0.8484417335803452]
L003637 | [Train Acc: 0.8490094248894018]
L003638 | [Dev Loss: 1.6345]
L003639 | [Dev F1: 0.5266096375192687]
L003640 | [Dev Acc: 0.5450081833060556]
L003641 | 
L003642-L003657 | [REDACTED: batch progress and internal diagnostics]
L003658 | [Epoch 148] [Time: 2.86]
L003659 | [Train Loss: 0.3672]
L003660 | [Train F1: 0.8540079584056393]
L003661 | [Train Acc: 0.853625697249471]
L003662 | [Dev Loss: 1.5876]
L003663 | [Dev F1: 0.5502822702161981]
L003664 | [Dev Acc: 0.5613747954173486]
L003665 | 
L003666-L003681 | [REDACTED: batch progress and internal diagnostics]
L003682 | [Epoch 149] [Time: 2.68]
L003683 | [Train Loss: 0.3711]
L003684 | [Train F1: 0.8493523230284359]
L003685 | [Train Acc: 0.8495864589344104]
L003686 | [Dev Loss: 1.6948]
L003687 | [Dev F1: 0.5271672383012262]
L003688 | [Dev Acc: 0.5417348608837971]
L003689 | Last model
L003690 |               precision    recall  f1-score   support
L003691 | 
L003692 |          hap     0.6140    0.4861    0.5426       144
L003693 |          sad     0.8610    0.6571    0.7454       245
L003694 |          neu     0.6006    0.5208    0.5579       384
L003695 |          ang     0.5962    0.5471    0.5706       170
L003696 |          exc     0.7062    0.8361    0.7657       299
L003697 |          fru     0.5115    0.6430    0.5698       381
L003698 | 
L003699 |     accuracy                         0.6278      1623
L003700 |    macro avg     0.6482    0.6151    0.6253      1623
L003701 | weighted avg     0.6392    0.6278    0.6272      1623
L003702 | 
L003703 | Best model at epoch: 137
L003704 | Best dev F1: 0.5812549799109871
L003705 |               precision    recall  f1-score   support
L003706 | 
L003707 |          hap     0.6346    0.2292    0.3367       144
L003708 |          sad     0.8406    0.7102    0.7699       245
L003709 |          neu     0.5927    0.5911    0.5919       384
L003710 |          ang     0.6610    0.4588    0.5417       170
L003711 |          exc     0.6528    0.8930    0.7542       299
L003712 |          fru     0.5507    0.6562    0.5988       381
L003713 | 
L003714 |     accuracy                         0.6340      1623
L003715 |    macro avg     0.6554    0.5897    0.5989      1623
L003716 | weighted avg     0.6422    0.6340    0.6224      1623
L003717 | 
L003718 | Best test F1: 0.6224017670007229
L003719 | Best test Acc: 0.634011090573013
L003720 | [SANITIZED] Saved checkpoint: [path and filename removed]
