# Redacted copy of an existing run log.
# run_id: G03-seed3
# dataset: IEMOCAP
# model: GCNet+AMBER
# imr: (0.5,0.3,0.7)
# seed_alias: seed3
# original_log_sha256: 2c63ef90f9e608978e74043695bde4e0b2861e960f2b2da8b627c580d97725c2
# source_record_status: ok
# source_record_process_return_code: 3221226505
# L numbers refer to source logical lines; REDACTED/SANITIZED text is editorial.
L000001-L000005 | [REDACTED: configuration or implementation details]
L000006 | [SANITIZED] FutureWarning: [dependency deprecation notice; implementation details removed]
L000007-L000068 | [REDACTED: configuration or implementation details]
L000069 | [SANITIZED] Seed alias: seed3
L000070 | [REDACTED: configuration or implementation details]
L000071 | 
L000072-L000073 | [REDACTED: batch progress and internal diagnostics]
L000074 | 
L000075-L000076 | [REDACTED: batch progress and internal diagnostics]
L000077 | 
L000078-L000079 | [REDACTED: batch progress and internal diagnostics]
L000080-L000083 | [REDACTED: configuration or implementation details]
L000084 | [SANITIZED] Seed alias: seed3
L000085-L000088 | [REDACTED: configuration or implementation details]
L000089 | 
L000090-L000105 | [REDACTED: batch progress and internal diagnostics]
L000106 | [Epoch 0] [Time: 3.10]
L000107 | [Train Loss: 1.6913]
L000108 | [Train F1: 0.2766677332352287]
L000109 | [Train Acc: 0.36160800153875744]
L000110 | [Dev Loss: 1.5838]
L000111 | [Dev F1: 0.27143964087107403]
L000112 | [Dev Acc: 0.3878887070376432]
L000113 | 
L000114-L000129 | [REDACTED: batch progress and internal diagnostics]
L000130 | [Epoch 1] [Time: 2.69]
L000131 | [Train Loss: 1.4048]
L000132 | [Train F1: 0.3553163648215756]
L000133 | [Train Acc: 0.458357376418542]
L000134 | [Dev Loss: 1.4519]
L000135 | [Dev F1: 0.28257524034151194]
L000136 | [Dev Acc: 0.4075286415711948]
L000137 | 
L000138-L000153 | [REDACTED: batch progress and internal diagnostics]
L000154 | [Epoch 2] [Time: 2.74]
L000155 | [Train Loss: 1.2254]
L000156 | [Train F1: 0.4263524877068244]
L000157 | [Train Acc: 0.48624735526062707]
L000158 | [Dev Loss: 1.3973]
L000159 | [Dev F1: 0.3251146160695416]
L000160 | [Dev Acc: 0.3993453355155483]
L000161 | 
L000162-L000177 | [REDACTED: batch progress and internal diagnostics]
L000178 | [Epoch 3] [Time: 2.65]
L000179 | [Train Loss: 1.1818]
L000180 | [Train F1: 0.4876636654215309]
L000181 | [Train Acc: 0.521446432006155]
L000182 | [Dev Loss: 1.3258]
L000183 | [Dev F1: 0.32164690542350116]
L000184 | [Dev Acc: 0.4026186579378069]
L000185 | 
L000186-L000201 | [REDACTED: batch progress and internal diagnostics]
L000202 | [Epoch 4] [Time: 2.83]
L000203 | [Train Loss: 1.1319]
L000204 | [Train F1: 0.5145234588861671]
L000205 | [Train Acc: 0.5268320830929025]
L000206 | [Dev Loss: 1.2998]
L000207 | [Dev F1: 0.3072141304874412]
L000208 | [Dev Acc: 0.41898527004909986]
L000209 | 
L000210-L000225 | [REDACTED: batch progress and internal diagnostics]
L000226 | [Epoch 5] [Time: 2.90]
L000227 | [Train Loss: 1.1013]
L000228 | [Train F1: 0.5175373910034]
L000229 | [Train Acc: 0.5462588959415272]
L000230 | [Dev Loss: 1.2828]
L000231 | [Dev F1: 0.34129233792781605]
L000232 | [Dev Acc: 0.4238952536824877]
L000233 | 
L000234-L000249 | [REDACTED: batch progress and internal diagnostics]
L000250 | [Epoch 6] [Time: 2.65]
L000251 | [Train Loss: 1.0763]
L000252 | [Train F1: 0.5478640697052254]
L000253 | [Train Acc: 0.5576072321600308]
L000254 | [Dev Loss: 1.263]
L000255 | [Dev F1: 0.3475582335963219]
L000256 | [Dev Acc: 0.42225859247135844]
L000257 | 
L000258-L000273 | [REDACTED: batch progress and internal diagnostics]
L000274 | [Epoch 7] [Time: 2.71]
L000275 | [Train Loss: 1.0688]
L000276 | [Train F1: 0.5333076124079936]
L000277 | [Train Acc: 0.5424120023081361]
L000278 | [Dev Loss: 1.2803]
L000279 | [Dev F1: 0.38957419047006414]
L000280 | [Dev Acc: 0.4353518821603928]
L000281 | 
L000282-L000297 | [REDACTED: batch progress and internal diagnostics]
L000298 | [Epoch 8] [Time: 2.75]
L000299 | [Train Loss: 1.0717]
L000300 | [Train F1: 0.5532248561875377]
L000301 | [Train Acc: 0.5731871513752644]
L000302 | [Dev Loss: 1.269]
L000303 | [Dev F1: 0.3149688018863159]
L000304 | [Dev Acc: 0.3895253682487725]
L000305 | 
L000306-L000321 | [REDACTED: batch progress and internal diagnostics]
L000322 | [Epoch 9] [Time: 2.80]
L000323 | [Train Loss: 1.0151]
L000324 | [Train F1: 0.5807723302068613]
L000325 | [Train Acc: 0.5904981727255242]
L000326 | [Dev Loss: 1.2214]
L000327 | [Dev F1: 0.3732867346713012]
L000328 | [Dev Acc: 0.40589198036006546]
L000329 | 
L000330-L000345 | [REDACTED: batch progress and internal diagnostics]
L000346 | [Epoch 10] [Time: 2.63]
L000347 | [Train Loss: 0.9925]
L000348 | [Train F1: 0.593186375814793]
L000349 | [Train Acc: 0.6001154068090018]
L000350 | [Dev Loss: 1.2433]
L000351 | [Dev F1: 0.40913197661597417]
L000352 | [Dev Acc: 0.45499181669394434]
L000353 | 
L000354-L000369 | [REDACTED: batch progress and internal diagnostics]
L000370 | [Epoch 11] [Time: 2.57]
L000371 | [Train Loss: 0.9829]
L000372 | [Train F1: 0.598856887846536]
L000373 | [Train Acc: 0.6095402962108097]
L000374 | [Dev Loss: 1.2693]
L000375 | [Dev F1: 0.40353295154798846]
L000376 | [Dev Acc: 0.4402618657937807]
L000377 | 
L000378-L000393 | [REDACTED: batch progress and internal diagnostics]
L000394 | [Epoch 12] [Time: 2.78]
L000395 | [Train Loss: 0.9632]
L000396 | [Train F1: 0.5984769940261884]
L000397 | [Train Acc: 0.6031929217157146]
L000398 | [Dev Loss: 1.1993]
L000399 | [Dev F1: 0.44613341479729757]
L000400 | [Dev Acc: 0.45499181669394434]
L000401 | 
L000402-L000417 | [REDACTED: batch progress and internal diagnostics]
L000418 | [Epoch 13] [Time: 2.78]
L000419 | [Train Loss: 0.9512]
L000420 | [Train F1: 0.6044407928698206]
L000421 | [Train Acc: 0.6118484323908444]
L000422 | [Dev Loss: 1.3156]
L000423 | [Dev F1: 0.40266345475681126]
L000424 | [Dev Acc: 0.43044189852700493]
L000425 | 
L000426-L000441 | [REDACTED: batch progress and internal diagnostics]
L000442 | [Epoch 14] [Time: 2.70]
L000443 | [Train Loss: 0.971]
L000444 | [Train F1: 0.591741905196887]
L000445 | [Train Acc: 0.5949221004039238]
L000446 | [Dev Loss: 1.2042]
L000447 | [Dev F1: 0.4426877804366376]
L000448 | [Dev Acc: 0.46317512274959083]
L000449 | 
L000450-L000465 | [REDACTED: batch progress and internal diagnostics]
L000466 | [Epoch 15] [Time: 2.79]
L000467 | [Train Loss: 0.937]
L000468 | [Train F1: 0.6057538346565017]
L000469 | [Train Acc: 0.6108867089824966]
L000470 | [Dev Loss: 1.2398]
L000471 | [Dev F1: 0.42088192360251653]
L000472 | [Dev Acc: 0.46153846153846156]
L000473 | 
L000474-L000489 | [REDACTED: batch progress and internal diagnostics]
L000490 | [Epoch 16] [Time: 2.71]
L000491 | [Train Loss: 0.9346]
L000492 | [Train F1: 0.5970881569825814]
L000493 | [Train Acc: 0.6070398153491056]
L000494 | [Dev Loss: 1.1974]
L000495 | [Dev F1: 0.44548708480316324]
L000496 | [Dev Acc: 0.45499181669394434]
L000497 | 
L000498-L000513 | [REDACTED: batch progress and internal diagnostics]
L000514 | [Epoch 17] [Time: 2.69]
L000515 | [Train Loss: 0.928]
L000516 | [Train F1: 0.6056534605294177]
L000517 | [Train Acc: 0.6128101557991922]
L000518 | [Dev Loss: 1.2279]
L000519 | [Dev F1: 0.4229598516081659]
L000520 | [Dev Acc: 0.45990180032733224]
L000521 | 
L000522-L000537 | [REDACTED: batch progress and internal diagnostics]
L000538 | [Epoch 18] [Time: 2.77]
L000539 | [Train Loss: 0.9084]
L000540 | [Train F1: 0.6122697822725406]
L000541 | [Train Acc: 0.6151182919792267]
L000542 | [Dev Loss: 1.1879]
L000543 | [Dev F1: 0.4472342768102272]
L000544 | [Dev Acc: 0.4664484451718494]
L000545 | 
L000546-L000561 | [REDACTED: batch progress and internal diagnostics]
L000562 | [Epoch 19] [Time: 2.65]
L000563 | [Train Loss: 0.9065]
L000564 | [Train F1: 0.6063856304720043]
L000565 | [Train Acc: 0.6105020196191575]
L000566 | [Dev Loss: 1.271]
L000567 | [Dev F1: 0.44670913179259275]
L000568 | [Dev Acc: 0.4762684124386252]
L000569 | 
L000570-L000585 | [REDACTED: batch progress and internal diagnostics]
L000586 | [Epoch 20] [Time: 2.61]
L000587 | [Train Loss: 0.9012]
L000588 | [Train F1: 0.6082238221197523]
L000589 | [Train Acc: 0.6131948451625313]
L000590 | [Dev Loss: 1.2282]
L000591 | [Dev F1: 0.42680404935541044]
L000592 | [Dev Acc: 0.4582651391162029]
L000593 | 
L000594-L000609 | [REDACTED: batch progress and internal diagnostics]
L000610 | [Epoch 21] [Time: 2.66]
L000611 | [Train Loss: 0.8987]
L000612 | [Train F1: 0.6110563972369196]
L000613 | [Train Acc: 0.6162723600692441]
L000614 | [Dev Loss: 1.3014]
L000615 | [Dev F1: 0.3883682180636395]
L000616 | [Dev Acc: 0.41898527004909986]
L000617 | 
L000618-L000633 | [REDACTED: batch progress and internal diagnostics]
L000634 | [Epoch 22] [Time: 2.82]
L000635 | [Train Loss: 0.9201]
L000636 | [Train F1: 0.5974429471407217]
L000637 | [Train Acc: 0.599538372763993]
L000638 | [Dev Loss: 1.2579]
L000639 | [Dev F1: 0.4345791845162985]
L000640 | [Dev Acc: 0.45990180032733224]
L000641 | 
L000642-L000657 | [REDACTED: batch progress and internal diagnostics]
L000658 | [Epoch 23] [Time: 2.65]
L000659 | [Train Loss: 0.9113]
L000660 | [Train F1: 0.6086075042225941]
L000661 | [Train Acc: 0.6120407770725139]
L000662 | [Dev Loss: 1.2188]
L000663 | [Dev F1: 0.4373655937272848]
L000664 | [Dev Acc: 0.46317512274959083]
L000665 | 
L000666-L000681 | [REDACTED: batch progress and internal diagnostics]
L000682 | [Epoch 24] [Time: 2.78]
L000683 | [Train Loss: 0.8947]
L000684 | [Train F1: 0.6154130700397118]
L000685 | [Train Acc: 0.6195422196576265]
L000686 | [Dev Loss: 1.1853]
L000687 | [Dev F1: 0.47406243894113215]
L000688 | [Dev Acc: 0.49754500818330605]
L000689 | 
L000690-L000705 | [REDACTED: batch progress and internal diagnostics]
L000706 | [Epoch 25] [Time: 2.66]
L000707 | [Train Loss: 0.8767]
L000708 | [Train F1: 0.6240581925435101]
L000709 | [Train Acc: 0.6293517984227736]
L000710 | [Dev Loss: 1.2189]
L000711 | [Dev F1: 0.48220809708006845]
L000712 | [Dev Acc: 0.49427168576104746]
L000713 | 
L000714-L000729 | [REDACTED: batch progress and internal diagnostics]
L000730 | [Epoch 26] [Time: 2.79]
L000731 | [Train Loss: 0.8768]
L000732 | [Train F1: 0.6169799970457626]
L000733 | [Train Acc: 0.619349874975957]
L000734 | [Dev Loss: 1.1776]
L000735 | [Dev F1: 0.442272711116079]
L000736 | [Dev Acc: 0.45171849427168576]
L000737 | 
L000738-L000753 | [REDACTED: batch progress and internal diagnostics]
L000754 | [Epoch 27] [Time: 2.65]
L000755 | [Train Loss: 0.8714]
L000756 | [Train F1: 0.6227517378588442]
L000757 | [Train Acc: 0.6247355260627043]
L000758 | [Dev Loss: 1.2691]
L000759 | [Dev F1: 0.42938095742091975]
L000760 | [Dev Acc: 0.4533551554828151]
L000761 | 
L000762-L000777 | [REDACTED: batch progress and internal diagnostics]
L000778 | [Epoch 28] [Time: 2.52]
L000779 | [Train Loss: 0.8706]
L000780 | [Train F1: 0.6128829955754859]
L000781 | [Train Acc: 0.6195422196576265]
L000782 | [Dev Loss: 1.2035]
L000783 | [Dev F1: 0.41288330722484534]
L000784 | [Dev Acc: 0.4320785597381342]
L000785 | 
L000786-L000801 | [REDACTED: batch progress and internal diagnostics]
L000802 | [Epoch 29] [Time: 2.85]
L000803 | [Train Loss: 0.8612]
L000804 | [Train F1: 0.6166413168171275]
L000805 | [Train Acc: 0.619734564339296]
L000806 | [Dev Loss: 1.222]
L000807 | [Dev F1: 0.443868122749165]
L000808 | [Dev Acc: 0.4762684124386252]
L000809 | 
L000810-L000825 | [REDACTED: batch progress and internal diagnostics]
L000826 | [Epoch 30] [Time: 2.72]
L000827 | [Train Loss: 0.8753]
L000828 | [Train F1: 0.6083359344058504]
L000829 | [Train Acc: 0.6120407770725139]
L000830 | [Dev Loss: 1.239]
L000831 | [Dev F1: 0.44577012784730397]
L000832 | [Dev Acc: 0.4828150572831424]
L000833 | 
L000834-L000849 | [REDACTED: batch progress and internal diagnostics]
L000850 | [Epoch 31] [Time: 2.82]
L000851 | [Train Loss: 0.8873]
L000852 | [Train F1: 0.6140265441144331]
L000853 | [Train Acc: 0.619734564339296]
L000854 | [Dev Loss: 1.19]
L000855 | [Dev F1: 0.464568993560303]
L000856 | [Dev Acc: 0.4828150572831424]
L000857 | 
L000858-L000873 | [REDACTED: batch progress and internal diagnostics]
L000874 | [Epoch 32] [Time: 2.62]
L000875 | [Train Loss: 0.8727]
L000876 | [Train F1: 0.6193884307562724]
L000877 | [Train Acc: 0.6231967686093479]
L000878 | [Dev Loss: 1.2064]
L000879 | [Dev F1: 0.4280077035049489]
L000880 | [Dev Acc: 0.4451718494271686]
L000881 | 
L000882-L000897 | [REDACTED: batch progress and internal diagnostics]
L000898 | [Epoch 33] [Time: 2.60]
L000899 | [Train Loss: 0.8614]
L000900 | [Train F1: 0.6289828982025156]
L000901 | [Train Acc: 0.6312752452394691]
L000902 | [Dev Loss: 1.151]
L000903 | [Dev F1: 0.4693726518846036]
L000904 | [Dev Acc: 0.49263502454991814]
L000905 | 
L000906-L000921 | [REDACTED: batch progress and internal diagnostics]
L000922 | [Epoch 34] [Time: 2.79]
L000923 | [Train Loss: 0.8538]
L000924 | [Train F1: 0.623294524104062]
L000925 | [Train Acc: 0.6258895941527217]
L000926 | [Dev Loss: 1.2401]
L000927 | [Dev F1: 0.4484472595072123]
L000928 | [Dev Acc: 0.4779050736497545]
L000929 | 
L000930-L000945 | [REDACTED: batch progress and internal diagnostics]
L000946 | [Epoch 35] [Time: 2.56]
L000947 | [Train Loss: 0.8362]
L000948 | [Train F1: 0.6319012583589191]
L000949 | [Train Acc: 0.6351221388728602]
L000950 | [Dev Loss: 1.1788]
L000951 | [Dev F1: 0.4713948222287334]
L000952 | [Dev Acc: 0.49263502454991814]
L000953 | 
L000954-L000969 | [REDACTED: batch progress and internal diagnostics]
L000970 | [Epoch 36] [Time: 2.69]
L000971 | [Train Loss: 0.8409]
L000972 | [Train F1: 0.6334098674962777]
L000973 | [Train Acc: 0.6368532410078861]
L000974 | [Dev Loss: 1.177]
L000975 | [Dev F1: 0.4706455756364926]
L000976 | [Dev Acc: 0.486088379705401]
L000977 | 
L000978-L000993 | [REDACTED: batch progress and internal diagnostics]
L000994 | [Epoch 37] [Time: 2.68]
L000995 | [Train Loss: 0.84]
L000996 | [Train F1: 0.6283702395686749]
L000997 | [Train Acc: 0.6330063473744951]
L000998 | [Dev Loss: 1.1912]
L000999 | [Dev F1: 0.4542904129703297]
L001000 | [Dev Acc: 0.4795417348608838]
L001001 | 
L001002-L001017 | [REDACTED: batch progress and internal diagnostics]
L001018 | [Epoch 38] [Time: 2.77]
L001019 | [Train Loss: 0.8403]
L001020 | [Train F1: 0.629268456194975]
L001021 | [Train Acc: 0.6324293133294865]
L001022 | [Dev Loss: 1.1719]
L001023 | [Dev F1: 0.47214597386445434]
L001024 | [Dev Acc: 0.4909983633387889]
L001025 | 
L001026-L001041 | [REDACTED: batch progress and internal diagnostics]
L001042 | [Epoch 39] [Time: 2.84]
L001043 | [Train Loss: 0.8282]
L001044 | [Train F1: 0.6323252390029334]
L001045 | [Train Acc: 0.6370455856895557]
L001046 | [Dev Loss: 1.19]
L001047 | [Dev F1: 0.4680446668517438]
L001048 | [Dev Acc: 0.4844517184942717]
L001049 | 
L001050-L001065 | [REDACTED: batch progress and internal diagnostics]
L001066 | [Epoch 40] [Time: 2.71]
L001067 | [Train Loss: 0.8267]
L001068 | [Train F1: 0.6347630482026243]
L001069 | [Train Acc: 0.6366608963262166]
L001070 | [Dev Loss: 1.1916]
L001071 | [Dev F1: 0.4547857312996091]
L001072 | [Dev Acc: 0.486088379705401]
L001073 | 
L001074-L001089 | [REDACTED: batch progress and internal diagnostics]
L001090 | [Epoch 41] [Time: 2.81]
L001091 | [Train Loss: 0.8363]
L001092 | [Train F1: 0.632293944956639]
L001093 | [Train Acc: 0.6376226197345644]
L001094 | [Dev Loss: 1.2354]
L001095 | [Dev F1: 0.42674729494903774]
L001096 | [Dev Acc: 0.45499181669394434]
L001097 | 
L001098-L001113 | [REDACTED: batch progress and internal diagnostics]
L001114 | [Epoch 42] [Time: 2.67]
L001115 | [Train Loss: 0.8387]
L001116 | [Train F1: 0.6312304163403389]
L001117 | [Train Acc: 0.6330063473744951]
L001118 | [Dev Loss: 1.1541]
L001119 | [Dev F1: 0.46006870955118145]
L001120 | [Dev Acc: 0.4828150572831424]
L001121 | 
L001122-L001137 | [REDACTED: batch progress and internal diagnostics]
L001138 | [Epoch 43] [Time: 2.64]
L001139 | [Train Loss: 0.8458]
L001140 | [Train F1: 0.6316933090631092]
L001141 | [Train Acc: 0.6380073090979035]
L001142 | [Dev Loss: 1.2314]
L001143 | [Dev F1: 0.43742719526531576]
L001144 | [Dev Acc: 0.469721767594108]
L001145 | 
L001146-L001161 | [REDACTED: batch progress and internal diagnostics]
L001162 | [Epoch 44] [Time: 2.60]
L001163 | [Train Loss: 0.834]
L001164 | [Train F1: 0.6351923495494628]
L001165 | [Train Acc: 0.6364685516445471]
L001166 | [Dev Loss: 1.22]
L001167 | [Dev F1: 0.4676460198045295]
L001168 | [Dev Acc: 0.4909983633387889]
L001169 | 
L001170-L001185 | [REDACTED: batch progress and internal diagnostics]
L001186 | [Epoch 45] [Time: 2.77]
L001187 | [Train Loss: 0.8269]
L001188 | [Train F1: 0.6299921801162791]
L001189 | [Train Acc: 0.6343527601461819]
L001190 | [Dev Loss: 1.1838]
L001191 | [Dev F1: 0.47059525583278294]
L001192 | [Dev Acc: 0.49754500818330605]
L001193 | 
L001194-L001209 | [REDACTED: batch progress and internal diagnostics]
L001210 | [Epoch 46] [Time: 2.73]
L001211 | [Train Loss: 0.8197]
L001212 | [Train F1: 0.6396859680063277]
L001213 | [Train Acc: 0.6430082708213118]
L001214 | [Dev Loss: 1.1547]
L001215 | [Dev F1: 0.4711282878189719]
L001216 | [Dev Acc: 0.49918166939443537]
L001217 | 
L001218-L001233 | [REDACTED: batch progress and internal diagnostics]
L001234 | [Epoch 47] [Time: 2.80]
L001235 | [Train Loss: 0.8189]
L001236 | [Train F1: 0.6415328478535124]
L001237 | [Train Acc: 0.6462781304096942]
L001238 | [Dev Loss: 1.2318]
L001239 | [Dev F1: 0.4629136188932748]
L001240 | [Dev Acc: 0.48936170212765956]
L001241 | 
L001242-L001257 | [REDACTED: batch progress and internal diagnostics]
L001258 | [Epoch 48] [Time: 2.80]
L001259 | [Train Loss: 0.8196]
L001260 | [Train F1: 0.6431831462335538]
L001261 | [Train Acc: 0.6443546835929986]
L001262 | [Dev Loss: 1.1571]
L001263 | [Dev F1: 0.4738498824520478]
L001264 | [Dev Acc: 0.4959083469721768]
L001265 | 
L001266-L001281 | [REDACTED: batch progress and internal diagnostics]
L001282 | [Epoch 49] [Time: 2.62]
L001283 | [Train Loss: 0.8316]
L001284 | [Train F1: 0.6279793656866433]
L001285 | [Train Acc: 0.6322369686478169]
L001286 | [Dev Loss: 1.2085]
L001287 | [Dev F1: 0.4610992133440208]
L001288 | [Dev Acc: 0.49263502454991814]
L001289 | 
L001290-L001305 | [REDACTED: batch progress and internal diagnostics]
L001306 | [Epoch 50] [Time: 2.79]
L001307 | [Train Loss: 0.8272]
L001308 | [Train F1: 0.6369363716837441]
L001309 | [Train Acc: 0.6405077899596077]
L001310 | [Dev Loss: 1.1428]
L001311 | [Dev F1: 0.47715414455926713]
L001312 | [Dev Acc: 0.5008183306055647]
L001313 | 
L001314-L001329 | [REDACTED: batch progress and internal diagnostics]
L001330 | [Epoch 51] [Time: 2.60]
L001331 | [Train Loss: 0.8235]
L001332 | [Train F1: 0.6380461307784963]
L001333 | [Train Acc: 0.6405077899596077]
L001334 | [Dev Loss: 1.2245]
L001335 | [Dev F1: 0.43195890936462483]
L001336 | [Dev Acc: 0.46153846153846156]
L001337 | 
L001338-L001353 | [REDACTED: batch progress and internal diagnostics]
L001354 | [Epoch 52] [Time: 2.74]
L001355 | [Train Loss: 0.8149]
L001356 | [Train F1: 0.6423051165223863]
L001357 | [Train Acc: 0.6451240623196769]
L001358 | [Dev Loss: 1.1161]
L001359 | [Dev F1: 0.4770948866223423]
L001360 | [Dev Acc: 0.5057283142389526]
L001361 | 
L001362-L001377 | [REDACTED: batch progress and internal diagnostics]
L001378 | [Epoch 53] [Time: 2.82]
L001379 | [Train Loss: 0.8184]
L001380 | [Train F1: 0.6250691006029011]
L001381 | [Train Acc: 0.6333910367378341]
L001382 | [Dev Loss: 1.1673]
L001383 | [Dev F1: 0.48768620988830463]
L001384 | [Dev Acc: 0.5073649754500819]
L001385 | 
L001386-L001401 | [REDACTED: batch progress and internal diagnostics]
L001402 | [Epoch 54] [Time: 2.73]
L001403 | [Train Loss: 0.8123]
L001404 | [Train F1: 0.6355771458217171]
L001405 | [Train Acc: 0.6355068282361993]
L001406 | [Dev Loss: 1.1886]
L001407 | [Dev F1: 0.44768807606239613]
L001408 | [Dev Acc: 0.4828150572831424]
L001409 | 
L001410-L001425 | [REDACTED: batch progress and internal diagnostics]
L001426 | [Epoch 55] [Time: 2.77]
L001427 | [Train Loss: 0.806]
L001428 | [Train F1: 0.6455265301291951]
L001429 | [Train Acc: 0.6483939219080592]
L001430 | [Dev Loss: 1.1558]
L001431 | [Dev F1: 0.4580884357427428]
L001432 | [Dev Acc: 0.469721767594108]
L001433 | 
L001434-L001449 | [REDACTED: batch progress and internal diagnostics]
L001450 | [Epoch 56] [Time: 2.78]
L001451 | [Train Loss: 0.8067]
L001452 | [Train F1: 0.6398456520106277]
L001453 | [Train Acc: 0.6449317176380073]
L001454 | [Dev Loss: 1.1236]
L001455 | [Dev F1: 0.4781903563278881]
L001456 | [Dev Acc: 0.4909983633387889]
L001457 | 
L001458-L001473 | [REDACTED: batch progress and internal diagnostics]
L001474 | [Epoch 57] [Time: 2.71]
L001475 | [Train Loss: 0.7959]
L001476 | [Train F1: 0.6453303604926037]
L001477 | [Train Acc: 0.6466628197730333]
L001478 | [Dev Loss: 1.1675]
L001479 | [Dev F1: 0.4641954165545652]
L001480 | [Dev Acc: 0.49263502454991814]
L001481 | 
L001482-L001497 | [REDACTED: batch progress and internal diagnostics]
L001498 | [Epoch 58] [Time: 2.80]
L001499 | [Train Loss: 0.8083]
L001500 | [Train F1: 0.6348519681404564]
L001501 | [Train Acc: 0.6397384112329294]
L001502 | [Dev Loss: 1.1704]
L001503 | [Dev F1: 0.44648795104874084]
L001504 | [Dev Acc: 0.45990180032733224]
L001505 | 
L001506-L001521 | [REDACTED: batch progress and internal diagnostics]
L001522 | [Epoch 59] [Time: 2.64]
L001523 | [Train Loss: 0.8077]
L001524 | [Train F1: 0.6370504442846792]
L001525 | [Train Acc: 0.638199653779573]
L001526 | [Dev Loss: 1.2407]
L001527 | [Dev F1: 0.44320700033166305]
L001528 | [Dev Acc: 0.4779050736497545]
L001529 | 
L001530-L001545 | [REDACTED: batch progress and internal diagnostics]
L001546 | [Epoch 60] [Time: 2.86]
L001547 | [Train Loss: 0.8083]
L001548 | [Train F1: 0.6414856954353753]
L001549 | [Train Acc: 0.6468551644547028]
L001550 | [Dev Loss: 1.1449]
L001551 | [Dev F1: 0.4784673040905674]
L001552 | [Dev Acc: 0.48936170212765956]
L001553 | 
L001554-L001569 | [REDACTED: batch progress and internal diagnostics]
L001570 | [Epoch 61] [Time: 2.76]
L001571 | [Train Loss: 0.7979]
L001572 | [Train F1: 0.6464926697837137]
L001573 | [Train Acc: 0.6464704750913637]
L001574 | [Dev Loss: 1.1686]
L001575 | [Dev F1: 0.49242437490714386]
L001576 | [Dev Acc: 0.5122749590834698]
L001577 | 
L001578-L001593 | [REDACTED: batch progress and internal diagnostics]
L001594 | [Epoch 62] [Time: 2.70]
L001595 | [Train Loss: 0.7822]
L001596 | [Train F1: 0.6459430963385351]
L001597 | [Train Acc: 0.6505097134064243]
L001598 | [Dev Loss: 1.1528]
L001599 | [Dev F1: 0.48945024387982383]
L001600 | [Dev Acc: 0.5155482815057283]
L001601 | 
L001602-L001617 | [REDACTED: batch progress and internal diagnostics]
L001618 | [Epoch 63] [Time: 2.82]
L001619 | [Train Loss: 0.7821]
L001620 | [Train F1: 0.6489214498655037]
L001621 | [Train Acc: 0.6520484708597807]
L001622 | [Dev Loss: 1.1368]
L001623 | [Dev F1: 0.4903601120158539]
L001624 | [Dev Acc: 0.5122749590834698]
L001625 | 
L001626-L001641 | [REDACTED: batch progress and internal diagnostics]
L001642 | [Epoch 64] [Time: 2.59]
L001643 | [Train Loss: 0.788]
L001644 | [Train F1: 0.651515648391282]
L001645 | [Train Acc: 0.6543566070398154]
L001646 | [Dev Loss: 1.1815]
L001647 | [Dev F1: 0.4816028650729046]
L001648 | [Dev Acc: 0.49918166939443537]
L001649 | 
L001650-L001665 | [REDACTED: batch progress and internal diagnostics]
L001666 | [Epoch 65] [Time: 2.73]
L001667 | [Train Loss: 0.7812]
L001668 | [Train F1: 0.6507409952028879]
L001669 | [Train Acc: 0.657049432583189]
L001670 | [Dev Loss: 1.1268]
L001671 | [Dev F1: 0.4921938143269272]
L001672 | [Dev Acc: 0.5090016366612111]
L001673 | 
L001674-L001689 | [REDACTED: batch progress and internal diagnostics]
L001690 | [Epoch 66] [Time: 2.75]
L001691 | [Train Loss: 0.7795]
L001692 | [Train F1: 0.6524075164817049]
L001693 | [Train Acc: 0.6541642623581458]
L001694 | [Dev Loss: 1.1649]
L001695 | [Dev F1: 0.48234477314353125]
L001696 | [Dev Acc: 0.502454991816694]
L001697 | 
L001698-L001713 | [REDACTED: batch progress and internal diagnostics]
L001714 | [Epoch 67] [Time: 2.74]
L001715 | [Train Loss: 0.7806]
L001716 | [Train F1: 0.6600268875113682]
L001717 | [Train Acc: 0.662242738988267]
L001718 | [Dev Loss: 1.1293]
L001719 | [Dev F1: 0.46319788371061055]
L001720 | [Dev Acc: 0.4909983633387889]
L001721 | 
L001722-L001737 | [REDACTED: batch progress and internal diagnostics]
L001738 | [Epoch 68] [Time: 2.65]
L001739 | [Train Loss: 0.7788]
L001740 | [Train F1: 0.6547388996628133]
L001741 | [Train Acc: 0.6568570879015195]
L001742 | [Dev Loss: 1.1598]
L001743 | [Dev F1: 0.48593039878786654]
L001744 | [Dev Acc: 0.5040916530278232]
L001745 | 
L001746-L001761 | [REDACTED: batch progress and internal diagnostics]
L001762 | [Epoch 69] [Time: 2.77]
L001763 | [Train Loss: 0.7681]
L001764 | [Train F1: 0.6547401987172434]
L001765 | [Train Acc: 0.65666474321985]
L001766 | [Dev Loss: 1.1438]
L001767 | [Dev F1: 0.4734401773552589]
L001768 | [Dev Acc: 0.49754500818330605]
L001769 | 
L001770-L001785 | [REDACTED: batch progress and internal diagnostics]
L001786 | [Epoch 70] [Time: 2.70]
L001787 | [Train Loss: 0.7642]
L001788 | [Train F1: 0.6548525597501815]
L001789 | [Train Acc: 0.6589728793998846]
L001790 | [Dev Loss: 1.157]
L001791 | [Dev F1: 0.48096438759605814]
L001792 | [Dev Acc: 0.502454991816694]
L001793 | 
L001794-L001809 | [REDACTED: batch progress and internal diagnostics]
L001810 | [Epoch 71] [Time: 2.61]
L001811 | [Train Loss: 0.7722]
L001812 | [Train F1: 0.6561181092860332]
L001813 | [Train Acc: 0.6580111559915368]
L001814 | [Dev Loss: 1.1619]
L001815 | [Dev F1: 0.4748758327290475]
L001816 | [Dev Acc: 0.49918166939443537]
L001817 | 
L001818-L001833 | [REDACTED: batch progress and internal diagnostics]
L001834 | [Epoch 72] [Time: 2.80]
L001835 | [Train Loss: 0.7676]
L001836 | [Train F1: 0.6583211593713489]
L001837 | [Train Acc: 0.6607039815349106]
L001838 | [Dev Loss: 1.1755]
L001839 | [Dev F1: 0.49075121084209083]
L001840 | [Dev Acc: 0.5090016366612111]
L001841 | 
L001842-L001857 | [REDACTED: batch progress and internal diagnostics]
L001858 | [Epoch 73] [Time: 2.72]
L001859 | [Train Loss: 0.7666]
L001860 | [Train F1: 0.6557993807738607]
L001861 | [Train Acc: 0.6597422581265628]
L001862 | [Dev Loss: 1.156]
L001863 | [Dev F1: 0.4861671839109327]
L001864 | [Dev Acc: 0.502454991816694]
L001865 | 
L001866-L001881 | [REDACTED: batch progress and internal diagnostics]
L001882 | [Epoch 74] [Time: 2.68]
L001883 | [Train Loss: 0.765]
L001884 | [Train F1: 0.6592157400487901]
L001885 | [Train Acc: 0.662627428351606]
L001886 | [Dev Loss: 1.1659]
L001887 | [Dev F1: 0.48763190888423247]
L001888 | [Dev Acc: 0.5040916530278232]
L001889 | 
L001890-L001905 | [REDACTED: batch progress and internal diagnostics]
L001906 | [Epoch 75] [Time: 2.66]
L001907 | [Train Loss: 0.7603]
L001908 | [Train F1: 0.6552728535372371]
L001909 | [Train Acc: 0.6582035006732064]
L001910 | [Dev Loss: 1.1251]
L001911 | [Dev F1: 0.48428955972562665]
L001912 | [Dev Acc: 0.5040916530278232]
L001913 | 
L001914-L001929 | [REDACTED: batch progress and internal diagnostics]
L001930 | [Epoch 76] [Time: 2.72]
L001931 | [Train Loss: 0.7678]
L001932 | [Train F1: 0.6567228922892657]
L001933 | [Train Acc: 0.6599346028082324]
L001934 | [Dev Loss: 1.1507]
L001935 | [Dev F1: 0.4606173214644393]
L001936 | [Dev Acc: 0.4909983633387889]
L001937 | 
L001938-L001953 | [REDACTED: batch progress and internal diagnostics]
L001954 | [Epoch 77] [Time: 2.75]
L001955 | [Train Loss: 0.7789]
L001956 | [Train F1: 0.6569230331533397]
L001957 | [Train Acc: 0.6587805347182151]
L001958 | [Dev Loss: 1.1587]
L001959 | [Dev F1: 0.4690547913451458]
L001960 | [Dev Acc: 0.4909983633387889]
L001961 | 
L001962-L001977 | [REDACTED: batch progress and internal diagnostics]
L001978 | [Epoch 78] [Time: 2.69]
L001979 | [Train Loss: 0.7671]
L001980 | [Train F1: 0.6563302675451538]
L001981 | [Train Acc: 0.6599346028082324]
L001982 | [Dev Loss: 1.0856]
L001983 | [Dev F1: 0.5112231582357895]
L001984 | [Dev Acc: 0.5237315875613748]
L001985 | 
L001986-L002001 | [REDACTED: batch progress and internal diagnostics]
L002002 | [Epoch 79] [Time: 2.66]
L002003 | [Train Loss: 0.7817]
L002004 | [Train F1: 0.6582388749623186]
L002005 | [Train Acc: 0.6601269474899019]
L002006 | [Dev Loss: 1.1851]
L002007 | [Dev F1: 0.49012576340863206]
L002008 | [Dev Acc: 0.5171849427168577]
L002009 | 
L002010-L002025 | [REDACTED: batch progress and internal diagnostics]
L002026 | [Epoch 80] [Time: 2.66]
L002027 | [Train Loss: 0.7675]
L002028 | [Train F1: 0.6637595338707646]
L002029 | [Train Acc: 0.6641661858049625]
L002030 | [Dev Loss: 1.1307]
L002031 | [Dev F1: 0.4961310825270593]
L002032 | [Dev Acc: 0.5171849427168577]
L002033 | 
L002034-L002049 | [REDACTED: batch progress and internal diagnostics]
L002050 | [Epoch 81] [Time: 2.68]
L002051 | [Train Loss: 0.7584]
L002052 | [Train F1: 0.6632785861165591]
L002053 | [Train Acc: 0.6664743219849971]
L002054 | [Dev Loss: 1.1403]
L002055 | [Dev F1: 0.4668314326763635]
L002056 | [Dev Acc: 0.49754500818330605]
L002057 | 
L002058-L002073 | [REDACTED: batch progress and internal diagnostics]
L002074 | [Epoch 82] [Time: 2.71]
L002075 | [Train Loss: 0.7571]
L002076 | [Train F1: 0.6685314199828591]
L002077 | [Train Acc: 0.6693594922100404]
L002078 | [Dev Loss: 1.1383]
L002079 | [Dev F1: 0.49469528859686224]
L002080 | [Dev Acc: 0.513911620294599]
L002081 | 
L002082-L002097 | [REDACTED: batch progress and internal diagnostics]
L002098 | [Epoch 83] [Time: 2.60]
L002099 | [Train Loss: 0.7522]
L002100 | [Train F1: 0.6663484025755092]
L002101 | [Train Acc: 0.6697441815733794]
L002102 | [Dev Loss: 1.1569]
L002103 | [Dev F1: 0.4628787250039966]
L002104 | [Dev Acc: 0.486088379705401]
L002105 | 
L002106-L002121 | [REDACTED: batch progress and internal diagnostics]
L002122 | [Epoch 84] [Time: 2.78]
L002123 | [Train Loss: 0.7515]
L002124 | [Train F1: 0.6679066643974719]
L002125 | [Train Acc: 0.6693594922100404]
L002126 | [Dev Loss: 1.1724]
L002127 | [Dev F1: 0.4739045834822851]
L002128 | [Dev Acc: 0.5008183306055647]
L002129 | 
L002130-L002145 | [REDACTED: batch progress and internal diagnostics]
L002146 | [Epoch 85] [Time: 2.65]
L002147 | [Train Loss: 0.7558]
L002148 | [Train F1: 0.6578079693305992]
L002149 | [Train Acc: 0.6616657049432583]
L002150 | [Dev Loss: 1.109]
L002151 | [Dev F1: 0.4764982123187654]
L002152 | [Dev Acc: 0.5008183306055647]
L002153 | 
L002154-L002169 | [REDACTED: batch progress and internal diagnostics]
L002170 | [Epoch 86] [Time: 2.61]
L002171 | [Train Loss: 0.7485]
L002172 | [Train F1: 0.670947623347763]
L002173 | [Train Acc: 0.6718599730717446]
L002174 | [Dev Loss: 1.182]
L002175 | [Dev F1: 0.5055944917634106]
L002176 | [Dev Acc: 0.5188216039279869]
L002177 | 
L002178-L002193 | [REDACTED: batch progress and internal diagnostics]
L002194 | [Epoch 87] [Time: 2.60]
L002195 | [Train Loss: 0.7388]
L002196 | [Train F1: 0.6732296059573016]
L002197 | [Train Acc: 0.6745527986151183]
L002198 | [Dev Loss: 1.1493]
L002199 | [Dev F1: 0.4774970918609553]
L002200 | [Dev Acc: 0.5106382978723404]
L002201 | 
L002202-L002217 | [REDACTED: batch progress and internal diagnostics]
L002218 | [Epoch 88] [Time: 2.60]
L002219 | [Train Loss: 0.731]
L002220 | [Train F1: 0.670129978258769]
L002221 | [Train Acc: 0.6730140411617619]
L002222 | [Dev Loss: 1.179]
L002223 | [Dev F1: 0.483810131770048]
L002224 | [Dev Acc: 0.49918166939443537]
L002225 | 
L002226-L002241 | [REDACTED: batch progress and internal diagnostics]
L002242 | [Epoch 89] [Time: 2.63]
L002243 | [Train Loss: 0.736]
L002244 | [Train F1: 0.6770584175594414]
L002245 | [Train Acc: 0.6783996922485094]
L002246 | [Dev Loss: 1.142]
L002247 | [Dev F1: 0.485737209078212]
L002248 | [Dev Acc: 0.5090016366612111]
L002249 | 
L002250-L002265 | [REDACTED: batch progress and internal diagnostics]
L002266 | [Epoch 90] [Time: 2.76]
L002267 | [Train Loss: 0.7349]
L002268 | [Train F1: 0.6710979794236339]
L002269 | [Train Acc: 0.6735910752067705]
L002270 | [Dev Loss: 1.1531]
L002271 | [Dev F1: 0.4991914841149601]
L002272 | [Dev Acc: 0.5171849427168577]
L002273 | 
L002274-L002289 | [REDACTED: batch progress and internal diagnostics]
L002290 | [Epoch 91] [Time: 2.80]
L002291 | [Train Loss: 0.7207]
L002292 | [Train F1: 0.6810484335936462]
L002293 | [Train Acc: 0.6812848624735526]
L002294 | [Dev Loss: 1.1341]
L002295 | [Dev F1: 0.4931597845389383]
L002296 | [Dev Acc: 0.5204582651391162]
L002297 | 
L002298-L002313 | [REDACTED: batch progress and internal diagnostics]
L002314 | [Epoch 92] [Time: 2.65]
L002315 | [Train Loss: 0.7245]
L002316 | [Train F1: 0.672127004029301]
L002317 | [Train Acc: 0.6753221773417964]
L002318 | [Dev Loss: 1.1409]
L002319 | [Dev F1: 0.49954734789771055]
L002320 | [Dev Acc: 0.5220949263502455]
L002321 | 
L002322-L002337 | [REDACTED: batch progress and internal diagnostics]
L002338 | [Epoch 93] [Time: 2.71]
L002339 | [Train Loss: 0.7292]
L002340 | [Train F1: 0.6789360993540369]
L002341 | [Train Acc: 0.6807078284285439]
L002342 | [Dev Loss: 1.1816]
L002343 | [Dev F1: 0.4907783880804461]
L002344 | [Dev Acc: 0.5188216039279869]
L002345 | 
L002346-L002361 | [REDACTED: batch progress and internal diagnostics]
L002362 | [Epoch 94] [Time: 2.77]
L002363 | [Train Loss: 0.7222]
L002364 | [Train F1: 0.6789949481670664]
L002365 | [Train Acc: 0.6805154837468744]
L002366 | [Dev Loss: 1.1851]
L002367 | [Dev F1: 0.44879409821012933]
L002368 | [Dev Acc: 0.4664484451718494]
L002369 | 
L002370-L002385 | [REDACTED: batch progress and internal diagnostics]
L002386 | [Epoch 95] [Time: 2.67]
L002387 | [Train Loss: 0.7337]
L002388 | [Train F1: 0.673157145023236]
L002389 | [Train Acc: 0.6743604539334488]
L002390 | [Dev Loss: 1.2261]
L002391 | [Dev F1: 0.46065830551579756]
L002392 | [Dev Acc: 0.486088379705401]
L002393 | 
L002394-L002409 | [REDACTED: batch progress and internal diagnostics]
L002410 | [Epoch 96] [Time: 2.60]
L002411 | [Train Loss: 0.7289]
L002412 | [Train F1: 0.6669522610960383]
L002413 | [Train Acc: 0.6703212156183882]
L002414 | [Dev Loss: 1.1229]
L002415 | [Dev F1: 0.48750493102356673]
L002416 | [Dev Acc: 0.5073649754500819]
L002417 | 
L002418-L002433 | [REDACTED: batch progress and internal diagnostics]
L002434 | [Epoch 97] [Time: 2.64]
L002435 | [Train Loss: 0.7145]
L002436 | [Train F1: 0.6863234415592266]
L002437 | [Train Acc: 0.6866705135603001]
L002438 | [Dev Loss: 1.1293]
L002439 | [Dev F1: 0.4855285945829159]
L002440 | [Dev Acc: 0.5057283142389526]
L002441 | 
L002442-L002457 | [REDACTED: batch progress and internal diagnostics]
L002458 | [Epoch 98] [Time: 2.74]
L002459 | [Train Loss: 0.7057]
L002460 | [Train F1: 0.6837206311023935]
L002461 | [Train Acc: 0.684939411425274]
L002462 | [Dev Loss: 1.1704]
L002463 | [Dev F1: 0.4839029821114945]
L002464 | [Dev Acc: 0.5040916530278232]
L002465 | 
L002466-L002481 | [REDACTED: batch progress and internal diagnostics]
L002482 | [Epoch 99] [Time: 2.86]
L002483 | [Train Loss: 0.7095]
L002484 | [Train F1: 0.6837286785413643]
L002485 | [Train Acc: 0.6862858241969609]
L002486 | [Dev Loss: 1.1693]
L002487 | [Dev F1: 0.47059812334463585]
L002488 | [Dev Acc: 0.502454991816694]
L002489 | 
L002490-L002505 | [REDACTED: batch progress and internal diagnostics]
L002506 | [Epoch 100] [Time: 2.76]
L002507 | [Train Loss: 0.6996]
L002508 | [Train F1: 0.6937897570159965]
L002509 | [Train Acc: 0.6953260242354299]
L002510 | [Dev Loss: 1.1932]
L002511 | [Dev F1: 0.4597194975910258]
L002512 | [Dev Acc: 0.48936170212765956]
L002513 | 
L002514-L002529 | [REDACTED: batch progress and internal diagnostics]
L002530 | [Epoch 101] [Time: 2.47]
L002531 | [Train Loss: 0.7027]
L002532 | [Train F1: 0.6873189343620715]
L002533 | [Train Acc: 0.6878245816503173]
L002534 | [Dev Loss: 1.155]
L002535 | [Dev F1: 0.48562354569069516]
L002536 | [Dev Acc: 0.5155482815057283]
L002537 | 
L002538-L002553 | [REDACTED: batch progress and internal diagnostics]
L002554 | [Epoch 102] [Time: 2.65]
L002555 | [Train Loss: 0.7199]
L002556 | [Train F1: 0.6850735708795607]
L002557 | [Train Acc: 0.6866705135603001]
L002558 | [Dev Loss: 1.1967]
L002559 | [Dev F1: 0.4698663004944154]
L002560 | [Dev Acc: 0.4877250409165303]
L002561 | 
L002562-L002577 | [REDACTED: batch progress and internal diagnostics]
L002578 | [Epoch 103] [Time: 2.49]
L002579 | [Train Loss: 0.7258]
L002580 | [Train F1: 0.677942754277807]
L002581 | [Train Acc: 0.6814772071552222]
L002582 | [Dev Loss: 1.1712]
L002583 | [Dev F1: 0.4558830829138933]
L002584 | [Dev Acc: 0.4828150572831424]
L002585 | 
L002586-L002601 | [REDACTED: batch progress and internal diagnostics]
L002602 | [Epoch 104] [Time: 2.60]
L002603 | [Train Loss: 0.7204]
L002604 | [Train F1: 0.6820635848939267]
L002605 | [Train Acc: 0.6843623773802654]
L002606 | [Dev Loss: 1.2207]
L002607 | [Dev F1: 0.47843163198939737]
L002608 | [Dev Acc: 0.5057283142389526]
L002609 | 
L002610-L002625 | [REDACTED: batch progress and internal diagnostics]
L002626 | [Epoch 105] [Time: 2.58]
L002627 | [Train Loss: 0.7184]
L002628 | [Train F1: 0.6779229022362778]
L002629 | [Train Acc: 0.6785920369301789]
L002630 | [Dev Loss: 1.1591]
L002631 | [Dev F1: 0.5013387383033701]
L002632 | [Dev Acc: 0.5253682487725041]
L002633 | 
L002634-L002649 | [REDACTED: batch progress and internal diagnostics]
L002650 | [Epoch 106] [Time: 2.73]
L002651 | [Train Loss: 0.7172]
L002652 | [Train F1: 0.6836215299027164]
L002653 | [Train Acc: 0.6876322369686478]
L002654 | [Dev Loss: 1.2308]
L002655 | [Dev F1: 0.463164335987603]
L002656 | [Dev Acc: 0.4877250409165303]
L002657 | 
L002658-L002673 | [REDACTED: batch progress and internal diagnostics]
L002674 | [Epoch 107] [Time: 2.67]
L002675 | [Train Loss: 0.7204]
L002676 | [Train F1: 0.6769522047443856]
L002677 | [Train Acc: 0.676860934795153]
L002678 | [Dev Loss: 1.201]
L002679 | [Dev F1: 0.46813583520286717]
L002680 | [Dev Acc: 0.502454991816694]
L002681 | 
L002682-L002697 | [REDACTED: batch progress and internal diagnostics]
L002698 | [Epoch 108] [Time: 2.58]
L002699 | [Train Loss: 0.7134]
L002700 | [Train F1: 0.682952847251157]
L002701 | [Train Acc: 0.6868628582419696]
L002702 | [Dev Loss: 1.2348]
L002703 | [Dev F1: 0.46204075379211623]
L002704 | [Dev Acc: 0.4909983633387889]
L002705 | 
L002706-L002721 | [REDACTED: batch progress and internal diagnostics]
L002722 | [Epoch 109] [Time: 2.60]
L002723 | [Train Loss: 0.7121]
L002724 | [Train F1: 0.6832797535481516]
L002725 | [Train Acc: 0.6839776880169264]
L002726 | [Dev Loss: 1.1515]
L002727 | [Dev F1: 0.513647720000768]
L002728 | [Dev Acc: 0.5319148936170213]
L002729 | 
L002730-L002745 | [REDACTED: batch progress and internal diagnostics]
L002746 | [Epoch 110] [Time: 2.53]
L002747 | [Train Loss: 0.6986]
L002748 | [Train F1: 0.6868255782539718]
L002749 | [Train Acc: 0.6895556837853434]
L002750 | [Dev Loss: 1.2217]
L002751 | [Dev F1: 0.46643093680936243]
L002752 | [Dev Acc: 0.4959083469721768]
L002753 | 
L002754-L002769 | [REDACTED: batch progress and internal diagnostics]
L002770 | [Epoch 111] [Time: 2.67]
L002771 | [Train Loss: 0.6968]
L002772 | [Train F1: 0.6986135352783603]
L002773 | [Train Acc: 0.7005193306405078]
L002774 | [Dev Loss: 1.1623]
L002775 | [Dev F1: 0.5057829304694115]
L002776 | [Dev Acc: 0.5237315875613748]
L002777 | 
L002778-L002793 | [REDACTED: batch progress and internal diagnostics]
L002794 | [Epoch 112] [Time: 2.54]
L002795 | [Train Loss: 0.6826]
L002796 | [Train F1: 0.6983638455806632]
L002797 | [Train Acc: 0.6999422965954991]
L002798 | [Dev Loss: 1.142]
L002799 | [Dev F1: 0.4829208872923927]
L002800 | [Dev Acc: 0.5122749590834698]
L002801 | 
L002802-L002817 | [REDACTED: batch progress and internal diagnostics]
L002818 | [Epoch 113] [Time: 2.75]
L002819 | [Train Loss: 0.6791]
L002820 | [Train F1: 0.7022830402943608]
L002821 | [Train Acc: 0.7037891902288902]
L002822 | [Dev Loss: 1.2209]
L002823 | [Dev F1: 0.47931689877718187]
L002824 | [Dev Acc: 0.49918166939443537]
L002825 | 
L002826-L002841 | [REDACTED: batch progress and internal diagnostics]
L002842 | [Epoch 114] [Time: 2.50]
L002843 | [Train Loss: 0.6591]
L002844 | [Train F1: 0.7084835074110095]
L002845 | [Train Acc: 0.7089824966339681]
L002846 | [Dev Loss: 1.2414]
L002847 | [Dev F1: 0.46910649543448973]
L002848 | [Dev Acc: 0.4959083469721768]
L002849 | 
L002850-L002865 | [REDACTED: batch progress and internal diagnostics]
L002866 | [Epoch 115] [Time: 2.67]
L002867 | [Train Loss: 0.6771]
L002868 | [Train F1: 0.6992104686173157]
L002869 | [Train Acc: 0.6999422965954991]
L002870 | [Dev Loss: 1.2048]
L002871 | [Dev F1: 0.5094873033676325]
L002872 | [Dev Acc: 0.5253682487725041]
L002873 | 
L002874-L002889 | [REDACTED: batch progress and internal diagnostics]
L002890 | [Epoch 116] [Time: 2.62]
L002891 | [Train Loss: 0.6778]
L002892 | [Train F1: 0.6993231749377483]
L002893 | [Train Acc: 0.7016733987305251]
L002894 | [Dev Loss: 1.1525]
L002895 | [Dev F1: 0.5135022444812508]
L002896 | [Dev Acc: 0.5335515548281505]
L002897 | 
L002898-L002913 | [REDACTED: batch progress and internal diagnostics]
L002914 | [Epoch 117] [Time: 2.72]
L002915 | [Train Loss: 0.6735]
L002916 | [Train F1: 0.7046778188885806]
L002917 | [Train Acc: 0.704750913637238]
L002918 | [Dev Loss: 1.222]
L002919 | [Dev F1: 0.48408620643682476]
L002920 | [Dev Acc: 0.513911620294599]
L002921 | 
L002922-L002937 | [REDACTED: batch progress and internal diagnostics]
L002938 | [Epoch 118] [Time: 2.64]
L002939 | [Train Loss: 0.6732]
L002940 | [Train F1: 0.7070430485274789]
L002941 | [Train Acc: 0.7082131179072899]
L002942 | [Dev Loss: 1.217]
L002943 | [Dev F1: 0.4868552089865319]
L002944 | [Dev Acc: 0.5090016366612111]
L002945 | 
L002946-L002961 | [REDACTED: batch progress and internal diagnostics]
L002962 | [Epoch 119] [Time: 2.65]
L002963 | [Train Loss: 0.6647]
L002964 | [Train F1: 0.7118378310229961]
L002965 | [Train Acc: 0.7135987689940373]
L002966 | [Dev Loss: 1.1966]
L002967 | [Dev F1: 0.5171497404292779]
L002968 | [Dev Acc: 0.5384615384615384]
L002969 | 
L002970-L002985 | [REDACTED: batch progress and internal diagnostics]
L002986 | [Epoch 120] [Time: 2.52]
L002987 | [Train Loss: 0.6404]
L002988 | [Train F1: 0.7244718291884371]
L002989 | [Train Acc: 0.7257164839392191]
L002990 | [Dev Loss: 1.2064]
L002991 | [Dev F1: 0.5228038794767065]
L002992 | [Dev Acc: 0.5384615384615384]
L002993 | 
L002994-L003009 | [REDACTED: batch progress and internal diagnostics]
L003010 | [Epoch 121] [Time: 2.69]
L003011 | [Train Loss: 0.6447]
L003012 | [Train F1: 0.7261073235295499]
L003013 | [Train Acc: 0.7261011733025582]
L003014 | [Dev Loss: 1.2462]
L003015 | [Dev F1: 0.5106598013168967]
L003016 | [Dev Acc: 0.5335515548281505]
L003017 | 
L003018-L003033 | [REDACTED: batch progress and internal diagnostics]
L003034 | [Epoch 122] [Time: 2.66]
L003035 | [Train Loss: 0.6454]
L003036 | [Train F1: 0.7244844659785158]
L003037 | [Train Acc: 0.7259088286208887]
L003038 | [Dev Loss: 1.1566]
L003039 | [Dev F1: 0.514811519439801]
L003040 | [Dev Acc: 0.5286415711947627]
L003041 | 
L003042-L003057 | [REDACTED: batch progress and internal diagnostics]
L003058 | [Epoch 123] [Time: 2.60]
L003059 | [Train Loss: 0.6361]
L003060 | [Train F1: 0.7320152515727942]
L003061 | [Train Acc: 0.7322562031159838]
L003062 | [Dev Loss: 1.2121]
L003063 | [Dev F1: 0.5236532269358266]
L003064 | [Dev Acc: 0.5417348608837971]
L003065 | 
L003066-L003081 | [REDACTED: batch progress and internal diagnostics]
L003082 | [Epoch 124] [Time: 2.56]
L003083 | [Train Loss: 0.649]
L003084 | [Train F1: 0.7143839732489242]
L003085 | [Train Acc: 0.7151375264473937]
L003086 | [Dev Loss: 1.2352]
L003087 | [Dev F1: 0.48044229339881045]
L003088 | [Dev Acc: 0.5122749590834698]
L003089 | 
L003090-L003105 | [REDACTED: batch progress and internal diagnostics]
L003106 | [Epoch 125] [Time: 2.63]
L003107 | [Train Loss: 0.6212]
L003108 | [Train F1: 0.7323395303380454]
L003109 | [Train Acc: 0.7337949605693402]
L003110 | [Dev Loss: 1.2596]
L003111 | [Dev F1: 0.5121138383988064]
L003112 | [Dev Acc: 0.5253682487725041]
L003113 | 
L003114-L003129 | [REDACTED: batch progress and internal diagnostics]
L003130 | [Epoch 126] [Time: 2.46]
L003131 | [Train Loss: 0.6168]
L003132 | [Train F1: 0.7380776054463061]
L003133 | [Train Acc: 0.7374495095210617]
L003134 | [Dev Loss: 1.1853]
L003135 | [Dev F1: 0.544166423322729]
L003136 | [Dev Acc: 0.5564648117839607]
L003137 | 
L003138-L003153 | [REDACTED: batch progress and internal diagnostics]
L003154 | [Epoch 127] [Time: 2.51]
L003155 | [Train Loss: 0.6065]
L003156 | [Train F1: 0.74263678075831]
L003157 | [Train Acc: 0.7441815733794961]
L003158 | [Dev Loss: 1.3529]
L003159 | [Dev F1: 0.5097414206667807]
L003160 | [Dev Acc: 0.5270049099836334]
L003161 | 
L003162-L003177 | [REDACTED: batch progress and internal diagnostics]
L003178 | [Epoch 128] [Time: 2.87]
L003179 | [Train Loss: 0.621]
L003180 | [Train F1: 0.7369441547482295]
L003181 | [Train Acc: 0.73821888824774]
L003182 | [Dev Loss: 1.2456]
L003183 | [Dev F1: 0.5136134808729477]
L003184 | [Dev Acc: 0.5270049099836334]
L003185 | 
L003186-L003201 | [REDACTED: batch progress and internal diagnostics]
L003202 | [Epoch 129] [Time: 2.62]
L003203 | [Train Loss: 0.6033]
L003204 | [Train F1: 0.7455136592728335]
L003205 | [Train Acc: 0.7449509521061742]
L003206 | [Dev Loss: 1.1906]
L003207 | [Dev F1: 0.5515547738076771]
L003208 | [Dev Acc: 0.5695581014729951]
L003209 | 
L003210-L003225 | [REDACTED: batch progress and internal diagnostics]
L003226 | [Epoch 130] [Time: 2.70]
L003227 | [Train Loss: 0.6086]
L003228 | [Train F1: 0.7400411063000105]
L003229 | [Train Acc: 0.7412964031544528]
L003230 | [Dev Loss: 1.1976]
L003231 | [Dev F1: 0.5506500163993907]
L003232 | [Dev Acc: 0.55810147299509]
L003233 | 
L003234-L003249 | [REDACTED: batch progress and internal diagnostics]
L003250 | [Epoch 131] [Time: 2.63]
L003251 | [Train Loss: 0.5852]
L003252 | [Train F1: 0.7453481493050372]
L003253 | [Train Acc: 0.7468743989228698]
L003254 | [Dev Loss: 1.2527]
L003255 | [Dev F1: 0.5307975397028788]
L003256 | [Dev Acc: 0.5433715220949263]
L003257 | 
L003258-L003273 | [REDACTED: batch progress and internal diagnostics]
L003274 | [Epoch 132] [Time: 2.61]
L003275 | [Train Loss: 0.5815]
L003276 | [Train F1: 0.7486563597965388]
L003277 | [Train Acc: 0.7516830159646086]
L003278 | [Dev Loss: 1.2544]
L003279 | [Dev F1: 0.5431835358782108]
L003280 | [Dev Acc: 0.5679214402618658]
L003281 | 
L003282-L003297 | [REDACTED: batch progress and internal diagnostics]
L003298 | [Epoch 133] [Time: 2.52]
L003299 | [Train Loss: 0.5636]
L003300 | [Train F1: 0.7563541734728036]
L003301 | [Train Acc: 0.7559145989613387]
L003302 | [Dev Loss: 1.2212]
L003303 | [Dev F1: 0.5433873679846632]
L003304 | [Dev Acc: 0.55810147299509]
L003305 | 
L003306-L003321 | [REDACTED: batch progress and internal diagnostics]
L003322 | [Epoch 134] [Time: 2.62]
L003323 | [Train Loss: 0.55]
L003324 | [Train F1: 0.7669393214694511]
L003325 | [Train Acc: 0.7680323139065205]
L003326 | [Dev Loss: 1.2422]
L003327 | [Dev F1: 0.511254957263958]
L003328 | [Dev Acc: 0.5335515548281505]
L003329 | 
L003330-L003345 | [REDACTED: batch progress and internal diagnostics]
L003346 | [Epoch 135] [Time: 2.64]
L003347 | [Train Loss: 0.5445]
L003348 | [Train F1: 0.7643051814232217]
L003349 | [Train Acc: 0.7645701096364685]
L003350 | [Dev Loss: 1.375]
L003351 | [Dev F1: 0.49284793380434494]
L003352 | [Dev Acc: 0.502454991816694]
L003353 | 
L003354-L003369 | [REDACTED: batch progress and internal diagnostics]
L003370 | [Epoch 136] [Time: 2.66]
L003371 | [Train Loss: 0.5407]
L003372 | [Train F1: 0.7752767390885091]
L003373 | [Train Acc: 0.7751490671282939]
L003374 | [Dev Loss: 1.3435]
L003375 | [Dev F1: 0.5446752958489633]
L003376 | [Dev Acc: 0.5515548281505729]
L003377 | 
L003378-L003393 | [REDACTED: batch progress and internal diagnostics]
L003394 | [Epoch 137] [Time: 2.70]
L003395 | [Train Loss: 0.5308]
L003396 | [Train F1: 0.7803654860800817]
L003397 | [Train Acc: 0.7809194075783804]
L003398 | [Dev Loss: 1.2833]
L003399 | [Dev F1: 0.5538036319829928]
L003400 | [Dev Acc: 0.5695581014729951]
L003401 | 
L003402-L003417 | [REDACTED: batch progress and internal diagnostics]
L003418 | [Epoch 138] [Time: 2.58]
L003419 | [Train Loss: 0.5546]
L003420 | [Train F1: 0.7669948528343672]
L003421 | [Train Acc: 0.7666859011348336]
L003422 | [Dev Loss: 1.222]
L003423 | [Dev F1: 0.5614031513076773]
L003424 | [Dev Acc: 0.5842880523731587]
L003425 | 
L003426-L003441 | [REDACTED: batch progress and internal diagnostics]
L003442 | [Epoch 139] [Time: 2.70]
L003443 | [Train Loss: 0.5385]
L003444 | [Train F1: 0.7708067670238977]
L003445 | [Train Acc: 0.771686862858242]
L003446 | [Dev Loss: 1.2509]
L003447 | [Dev F1: 0.5446429977261789]
L003448 | [Dev Acc: 0.5695581014729951]
L003449 | 
L003450-L003465 | [REDACTED: batch progress and internal diagnostics]
L003466 | [Epoch 140] [Time: 2.56]
L003467 | [Train Loss: 0.5179]
L003468 | [Train F1: 0.784248714842841]
L003469 | [Train Acc: 0.784958645893441]
L003470 | [Dev Loss: 1.2482]
L003471 | [Dev F1: 0.5762239760025463]
L003472 | [Dev Acc: 0.5875613747954174]
L003473 | 
L003474-L003489 | [REDACTED: batch progress and internal diagnostics]
L003490 | [Epoch 141] [Time: 2.58]
L003491 | [Train Loss: 0.5246]
L003492 | [Train F1: 0.7784043801079245]
L003493 | [Train Acc: 0.778995960761685]
L003494 | [Dev Loss: 1.3777]
L003495 | [Dev F1: 0.5326390159915706]
L003496 | [Dev Acc: 0.5400981996726678]
L003497 | 
L003498-L003513 | [REDACTED: batch progress and internal diagnostics]
L003514 | [Epoch 142] [Time: 2.58]
L003515 | [Train Loss: 0.5033]
L003516 | [Train F1: 0.789386891460332]
L003517 | [Train Acc: 0.7888055395268321]
L003518 | [Dev Loss: 1.2805]
L003519 | [Dev F1: 0.5521726632143186]
L003520 | [Dev Acc: 0.5646481178396072]
L003521 | 
L003522-L003537 | [REDACTED: batch progress and internal diagnostics]
L003538 | [Epoch 143] [Time: 2.75]
L003539 | [Train Loss: 0.4885]
L003540 | [Train F1: 0.7953371673727605]
L003541 | [Train Acc: 0.7951529140219273]
L003542 | [Dev Loss: 1.2332]
L003543 | [Dev F1: 0.5786439604552089]
L003544 | [Dev Acc: 0.5941080196399345]
L003545 | 
L003546-L003561 | [REDACTED: batch progress and internal diagnostics]
L003562 | [Epoch 144] [Time: 2.66]
L003563 | [Train Loss: 0.4742]
L003564 | [Train F1: 0.8029742168407241]
L003565 | [Train Acc: 0.8032313906520485]
L003566 | [Dev Loss: 1.3093]
L003567 | [Dev F1: 0.5709194438250678]
L003568 | [Dev Acc: 0.5875613747954174]
L003569 | 
L003570-L003585 | [REDACTED: batch progress and internal diagnostics]
L003586 | [Epoch 145] [Time: 2.67]
L003587 | [Train Loss: 0.4622]
L003588 | [Train F1: 0.8091584063108289]
L003589 | [Train Acc: 0.8091940757838045]
L003590 | [Dev Loss: 1.3278]
L003591 | [Dev F1: 0.5698903228913046]
L003592 | [Dev Acc: 0.574468085106383]
L003593 | 
L003594-L003609 | [REDACTED: batch progress and internal diagnostics]
L003610 | [Epoch 146] [Time: 2.69]
L003611 | [Train Loss: 0.4679]
L003612 | [Train F1: 0.807439287473872]
L003613 | [Train Acc: 0.8070782842854395]
L003614 | [Dev Loss: 1.3066]
L003615 | [Dev F1: 0.5343493206898678]
L003616 | [Dev Acc: 0.546644844517185]
L003617 | 
L003618-L003633 | [REDACTED: batch progress and internal diagnostics]
L003634 | [Epoch 147] [Time: 2.64]
L003635 | [Train Loss: 0.4639]
L003636 | [Train F1: 0.8120374580573906]
L003637 | [Train Acc: 0.8120792460088478]
L003638 | [Dev Loss: 1.3748]
L003639 | [Dev F1: 0.5767459931987794]
L003640 | [Dev Acc: 0.5908346972176759]
L003641 | 
L003642-L003657 | [REDACTED: batch progress and internal diagnostics]
L003658 | [Epoch 148] [Time: 2.66]
L003659 | [Train Loss: 0.4556]
L003660 | [Train F1: 0.8095546102713655]
L003661 | [Train Acc: 0.8099634545104828]
L003662 | [Dev Loss: 1.299]
L003663 | [Dev F1: 0.5650529827930675]
L003664 | [Dev Acc: 0.5777414075286416]
L003665 | 
L003666-L003681 | [REDACTED: batch progress and internal diagnostics]
L003682 | [Epoch 149] [Time: 2.71]
L003683 | [Train Loss: 0.4615]
L003684 | [Train F1: 0.8073755818658657]
L003685 | [Train Acc: 0.80688593960377]
L003686 | [Dev Loss: 1.3353]
L003687 | [Dev F1: 0.5572960037527562]
L003688 | [Dev Acc: 0.5711947626841244]
L003689 | Last model
L003690 |               precision    recall  f1-score   support
L003691 | 
L003692 |          hap     0.5929    0.4653    0.5214       144
L003693 |          sad     0.8211    0.7306    0.7732       245
L003694 |          neu     0.5668    0.6849    0.6203       384
L003695 |          ang     0.7527    0.4118    0.5323       170
L003696 |          exc     0.6930    0.7324    0.7122       299
L003697 |          fru     0.5967    0.6562    0.6250       381
L003698 | 
L003699 |     accuracy                         0.6457      1623
L003700 |    macro avg     0.6705    0.6135    0.6307      1623
L003701 | weighted avg     0.6572    0.6457    0.6434      1623
L003702 | 
L003703 | Best model at epoch: 143
L003704 | Best dev F1: 0.5786439604552089
L003705 |               precision    recall  f1-score   support
L003706 | 
L003707 |          hap     0.5714    0.4722    0.5171       144
L003708 |          sad     0.8122    0.7061    0.7555       245
L003709 |          neu     0.5588    0.7057    0.6237       384
L003710 |          ang     0.7700    0.4529    0.5704       170
L003711 |          exc     0.6951    0.7625    0.7273       299
L003712 |          fru     0.6111    0.6063    0.6087       381
L003713 | 
L003714 |     accuracy                         0.6457      1623
L003715 |    macro avg     0.6698    0.6176    0.6338      1623
L003716 | weighted avg     0.6577    0.6457    0.6441      1623
L003717 | 
L003718 | Best test F1: 0.6441063729742897
L003719 | Best test Acc: 0.6457178065311152
L003720 | [SANITIZED] Saved checkpoint: [path and filename removed]
