# Redacted copy of an existing run log.
# run_id: G10-seed2
# dataset: IEMOCAP
# model: MMGCN+AMBER
# imr: (0.5,0.7,0.3)
# seed_alias: seed2
# original_log_sha256: 4c6d0d242232295f6384fa629567c4281c2435f8c38679b036ac47edcd7b314a
# source_record_status: ok
# source_record_process_return_code: 3221226505
# L numbers refer to source logical lines; REDACTED/SANITIZED text is editorial.
L000001-L000065 | [REDACTED: configuration or implementation details]
L000066 | [SANITIZED] Seed alias: seed2
L000067 | 
L000068-L000069 | [REDACTED: batch progress and internal diagnostics]
L000070 | 
L000071-L000072 | [REDACTED: batch progress and internal diagnostics]
L000073 | 
L000074-L000075 | [REDACTED: batch progress and internal diagnostics]
L000076 | 
L000077-L000092 | [REDACTED: batch progress and internal diagnostics]
L000093 | [Epoch 0] [Time: 2.640836238861084]
L000094 | [Train Loss: 1.9083]
L000095 | [Train F1: 0.18154551212026593]
L000096 | [Train Acc: 0.19843242209902504]
L000097 | [Dev Loss: 1.6654]
L000098 | [Dev F1: 0.2787551162505091]
L000099 | [Dev Acc: 0.2987910189982729]
L000100 | 
L000101-L000116 | [REDACTED: batch progress and internal diagnostics]
L000117 | [Epoch 1] [Time: 2.21743106842041]
L000118 | [Train Loss: 1.7121]
L000119 | [Train F1: 0.2624497408830797]
L000120 | [Train Acc: 0.27489963678073026]
L000121 | [Dev Loss: 1.646]
L000122 | [Dev F1: 0.231893723044718]
L000123 | [Dev Acc: 0.25906735751295334]
L000124 | 
L000125-L000140 | [REDACTED: batch progress and internal diagnostics]
L000141 | [Epoch 2] [Time: 2.1045169830322266]
L000142 | [Train Loss: 1.6388]
L000143 | [Train F1: 0.28912028628956626]
L000144 | [Train Acc: 0.31198623590135727]
L000145 | [Dev Loss: 1.6343]
L000146 | [Dev F1: 0.2305952525843908]
L000147 | [Dev Acc: 0.2607944732297064]
L000148 | 
L000149-L000164 | [REDACTED: batch progress and internal diagnostics]
L000165 | [Epoch 3] [Time: 2.072805166244507]
L000166 | [Train Loss: 1.5837]
L000167 | [Train F1: 0.3175265005727676]
L000168 | [Train Acc: 0.3435289619575607]
L000169 | [Dev Loss: 1.5792]
L000170 | [Dev F1: 0.27593031238676885]
L000171 | [Dev Acc: 0.3005181347150259]
L000172 | 
L000173-L000188 | [REDACTED: batch progress and internal diagnostics]
L000189 | [Epoch 4] [Time: 2.239427328109741]
L000190 | [Train Loss: 1.5329]
L000191 | [Train F1: 0.34314175239409206]
L000192 | [Train Acc: 0.36493978206843813]
L000193 | [Dev Loss: 1.5216]
L000194 | [Dev F1: 0.304095058041715]
L000195 | [Dev Acc: 0.32124352331606215]
L000196 | 
L000197-L000212 | [REDACTED: batch progress and internal diagnostics]
L000213 | [Epoch 5] [Time: 2.159464120864868]
L000214 | [Train Loss: 1.469]
L000215 | [Train F1: 0.3777338991084006]
L000216 | [Train Acc: 0.391703307207035]
L000217 | [Dev Loss: 1.4548]
L000218 | [Dev F1: 0.35547391562217046]
L000219 | [Dev Acc: 0.3696027633851468]
L000220 | 
L000221-L000236 | [REDACTED: batch progress and internal diagnostics]
L000237 | [Epoch 6] [Time: 2.268516778945923]
L000238 | [Train Loss: 1.4214]
L000239 | [Train F1: 0.4049952163389125]
L000240 | [Train Acc: 0.41674632001529344]
L000241 | [Dev Loss: 1.398]
L000242 | [Dev F1: 0.3829888645676516]
L000243 | [Dev Acc: 0.4075993091537133]
L000244 | 
L000245-L000260 | [REDACTED: batch progress and internal diagnostics]
L000261 | [Epoch 7] [Time: 2.1496071815490723]
L000262 | [Train Loss: 1.3533]
L000263 | [Train F1: 0.4350318833786654]
L000264 | [Train Acc: 0.44427451730070733]
L000265 | [Dev Loss: 1.34]
L000266 | [Dev F1: 0.4146441640112978]
L000267 | [Dev Acc: 0.4438687392055268]
L000268 | 
L000269-L000284 | [REDACTED: batch progress and internal diagnostics]
L000285 | [Epoch 8] [Time: 2.1447131633758545]
L000286 | [Train Loss: 1.3096]
L000287 | [Train F1: 0.45161331359990875]
L000288 | [Train Acc: 0.4618619766774995]
L000289 | [Dev Loss: 1.2918]
L000290 | [Dev F1: 0.4452084499211761]
L000291 | [Dev Acc: 0.48186528497409326]
L000292 | 
L000293-L000308 | [REDACTED: batch progress and internal diagnostics]
L000309 | [Epoch 9] [Time: 2.1817221641540527]
L000310 | [Train Loss: 1.2664]
L000311 | [Train F1: 0.4740481722178082]
L000312 | [Train Acc: 0.48136111642133433]
L000313 | [Dev Loss: 1.2578]
L000314 | [Dev F1: 0.46984827114811295]
L000315 | [Dev Acc: 0.5112262521588946]
L000316 | 
L000317-L000332 | [REDACTED: batch progress and internal diagnostics]
L000333 | [Epoch 10] [Time: 2.1998939514160156]
L000334 | [Train Loss: 1.2327]
L000335 | [Train F1: 0.49076074881099324]
L000336 | [Train Acc: 0.5018160963486905]
L000337 | [Dev Loss: 1.2358]
L000338 | [Dev F1: 0.4725365427983684]
L000339 | [Dev Acc: 0.5181347150259067]
L000340 | 
L000341-L000356 | [REDACTED: batch progress and internal diagnostics]
L000357 | [Epoch 11] [Time: 2.1481432914733887]
L000358 | [Train Loss: 1.1841]
L000359 | [Train F1: 0.516193123600778]
L000360 | [Train Acc: 0.526859109156949]
L000361 | [Dev Loss: 1.2086]
L000362 | [Dev F1: 0.4678434612042376]
L000363 | [Dev Acc: 0.5164075993091537]
L000364 | 
L000365-L000380 | [REDACTED: batch progress and internal diagnostics]
L000381 | [Epoch 12] [Time: 2.2207789421081543]
L000382 | [Train Loss: 1.153]
L000383 | [Train F1: 0.5217423907880628]
L000384 | [Train Acc: 0.5308736379277385]
L000385 | [Dev Loss: 1.1866]
L000386 | [Dev F1: 0.46114456416026356]
L000387 | [Dev Acc: 0.5129533678756477]
L000388 | 
L000389-L000404 | [REDACTED: batch progress and internal diagnostics]
L000405 | [Epoch 13] [Time: 2.3152196407318115]
L000406 | [Train Loss: 1.1266]
L000407 | [Train F1: 0.5334909091547831]
L000408 | [Train Acc: 0.5432995603135156]
L000409 | [Dev Loss: 1.1589]
L000410 | [Dev F1: 0.46871305109039674]
L000411 | [Dev Acc: 0.5164075993091537]
L000412 | 
L000413-L000428 | [REDACTED: batch progress and internal diagnostics]
L000429 | [Epoch 14] [Time: 2.083101272583008]
L000430 | [Train Loss: 1.0944]
L000431 | [Train F1: 0.5586891019769368]
L000432 | [Train Acc: 0.5673867329382527]
L000433 | [Dev Loss: 1.1463]
L000434 | [Dev F1: 0.47526415621872053]
L000435 | [Dev Acc: 0.5215889464594128]
L000436 | 
L000437-L000452 | [REDACTED: batch progress and internal diagnostics]
L000453 | [Epoch 15] [Time: 2.0312600135803223]
L000454 | [Train Loss: 1.068]
L000455 | [Train F1: 0.5557373180266866]
L000456 | [Train Acc: 0.563181036130759]
L000457 | [Dev Loss: 1.1391]
L000458 | [Dev F1: 0.4731433499792425]
L000459 | [Dev Acc: 0.5215889464594128]
L000460 | 
L000461-L000476 | [REDACTED: batch progress and internal diagnostics]
L000477 | [Epoch 16] [Time: 2.1862077713012695]
L000478 | [Train Loss: 1.0408]
L000479 | [Train F1: 0.5711518558681908]
L000480 | [Train Acc: 0.5801949913974384]
L000481 | [Dev Loss: 1.1269]
L000482 | [Dev F1: 0.4818246885468799]
L000483 | [Dev Acc: 0.5284974093264249]
L000484 | 
L000485-L000500 | [REDACTED: batch progress and internal diagnostics]
L000501 | [Epoch 17] [Time: 2.1799063682556152]
L000502 | [Train Loss: 1.0094]
L000503 | [Train F1: 0.5853540283611666]
L000504 | [Train Acc: 0.5939590900401452]
L000505 | [Dev Loss: 1.1229]
L000506 | [Dev F1: 0.4886403076663613]
L000507 | [Dev Acc: 0.5354058721934369]
L000508 | 
L000509-L000524 | [REDACTED: batch progress and internal diagnostics]
L000525 | [Epoch 18] [Time: 2.1456215381622314]
L000526 | [Train Loss: 0.987]
L000527 | [Train F1: 0.6020648857203016]
L000528 | [Train Acc: 0.6096348690498948]
L000529 | [Dev Loss: 1.1276]
L000530 | [Dev F1: 0.47956945919108107]
L000531 | [Dev Acc: 0.5284974093264249]
L000532 | 
L000533-L000548 | [REDACTED: batch progress and internal diagnostics]
L000549 | [Epoch 19] [Time: 2.235074043273926]
L000550 | [Train Loss: 0.9717]
L000551 | [Train F1: 0.602141762392175]
L000552 | [Train Acc: 0.612693557637163]
L000553 | [Dev Loss: 1.1133]
L000554 | [Dev F1: 0.4880468023227598]
L000555 | [Dev Acc: 0.531951640759931]
L000556 | 
L000557-L000572 | [REDACTED: batch progress and internal diagnostics]
L000573 | [Epoch 20] [Time: 2.121568202972412]
L000574 | [Train Loss: 0.9332]
L000575 | [Train F1: 0.6110675600371218]
L000576 | [Train Acc: 0.6199579430319251]
L000577 | [Dev Loss: 1.12]
L000578 | [Dev F1: 0.4878290407664419]
L000579 | [Dev Acc: 0.531951640759931]
L000580 | 
L000581-L000596 | [REDACTED: batch progress and internal diagnostics]
L000597 | [Epoch 21] [Time: 2.1279518604278564]
L000598 | [Train Loss: 0.9219]
L000599 | [Train F1: 0.6284327624441352]
L000600 | [Train Acc: 0.6360160581150831]
L000601 | [Dev Loss: 1.1146]
L000602 | [Dev F1: 0.4792229579499858]
L000603 | [Dev Acc: 0.5233160621761658]
L000604 | 
L000605-L000620 | [REDACTED: batch progress and internal diagnostics]
L000621 | [Epoch 22] [Time: 2.355415105819702]
L000622 | [Train Loss: 0.8905]
L000623 | [Train F1: 0.6336950289074151]
L000624 | [Train Acc: 0.6402217549225769]
L000625 | [Dev Loss: 1.0855]
L000626 | [Dev F1: 0.4902681812423447]
L000627 | [Dev Acc: 0.5284974093264249]
L000628 | 
L000629-L000644 | [REDACTED: batch progress and internal diagnostics]
L000645 | [Epoch 23] [Time: 2.1416642665863037]
L000646 | [Train Loss: 0.8786]
L000647 | [Train F1: 0.6433336173244694]
L000648 | [Train Acc: 0.6495889887210858]
L000649 | [Dev Loss: 1.1247]
L000650 | [Dev F1: 0.4992739967343971]
L000651 | [Dev Acc: 0.540587219343696]
L000652 | 
L000653-L000668 | [REDACTED: batch progress and internal diagnostics]
L000669 | [Epoch 24] [Time: 2.295562744140625]
L000670 | [Train Loss: 0.8592]
L000671 | [Train F1: 0.6476491085328918]
L000672 | [Train Acc: 0.651883005161537]
L000673 | [Dev Loss: 1.0976]
L000674 | [Dev F1: 0.4858824815700179]
L000675 | [Dev Acc: 0.5250431778929189]
L000676 | 
L000677-L000692 | [REDACTED: batch progress and internal diagnostics]
L000693 | [Epoch 25] [Time: 2.2263100147247314]
L000694 | [Train Loss: 0.8397]
L000695 | [Train F1: 0.6574677770716305]
L000696 | [Train Acc: 0.6610590709233416]
L000697 | [Dev Loss: 1.1217]
L000698 | [Dev F1: 0.49255459482043434]
L000699 | [Dev Acc: 0.531951640759931]
L000700 | 
L000701-L000716 | [REDACTED: batch progress and internal diagnostics]
L000717 | [Epoch 26] [Time: 2.2164576053619385]
L000718 | [Train Loss: 0.82]
L000719 | [Train F1: 0.6649481116845437]
L000720 | [Train Acc: 0.6696616325750334]
L000721 | [Dev Loss: 1.0778]
L000722 | [Dev F1: 0.4942137577005629]
L000723 | [Dev Acc: 0.531951640759931]
L000724 | 
L000725-L000740 | [REDACTED: batch progress and internal diagnostics]
L000741 | [Epoch 27] [Time: 2.2762115001678467]
L000742 | [Train Loss: 0.8043]
L000743 | [Train F1: 0.662213541524394]
L000744 | [Train Acc: 0.665647103804244]
L000745 | [Dev Loss: 1.111]
L000746 | [Dev F1: 0.5036219615855859]
L000747 | [Dev Acc: 0.5440414507772021]
L000748 | 
L000749-L000764 | [REDACTED: batch progress and internal diagnostics]
L000765 | [Epoch 28] [Time: 2.3581349849700928]
L000766 | [Train Loss: 0.7939]
L000767 | [Train F1: 0.6796421913278852]
L000768 | [Train Acc: 0.683808067291149]
L000769 | [Dev Loss: 1.1016]
L000770 | [Dev F1: 0.4916164992310634]
L000771 | [Dev Acc: 0.533678756476684]
L000772 | 
L000773-L000788 | [REDACTED: batch progress and internal diagnostics]
L000789 | [Epoch 29] [Time: 2.1721010208129883]
L000790 | [Train Loss: 0.7812]
L000791 | [Train F1: 0.6847353911298723]
L000792 | [Train Acc: 0.6895431083922768]
L000793 | [Dev Loss: 1.112]
L000794 | [Dev F1: 0.4883474737413283]
L000795 | [Dev Acc: 0.5302245250431779]
L000796 | 
L000797-L000812 | [REDACTED: batch progress and internal diagnostics]
L000813 | [Epoch 30] [Time: 2.12679386138916]
L000814 | [Train Loss: 0.7642]
L000815 | [Train F1: 0.6933639481937399]
L000816 | [Train Acc: 0.6971898298604473]
L000817 | [Dev Loss: 1.1277]
L000818 | [Dev F1: 0.4997768582052721]
L000819 | [Dev Acc: 0.542314335060449]
L000820 | 
L000821-L000836 | [REDACTED: batch progress and internal diagnostics]
L000837 | [Epoch 31] [Time: 2.1674087047576904]
L000838 | [Train Loss: 0.7606]
L000839 | [Train F1: 0.700240772658757]
L000840 | [Train Acc: 0.7036895431083923]
L000841 | [Dev Loss: 1.1046]
L000842 | [Dev F1: 0.5116430373654229]
L000843 | [Dev Acc: 0.5457685664939551]
L000844 | 
L000845-L000860 | [REDACTED: batch progress and internal diagnostics]
L000861 | [Epoch 32] [Time: 2.2790608406066895]
L000862 | [Train Loss: 0.7415]
L000863 | [Train F1: 0.7051281448630369]
L000864 | [Train Acc: 0.7082775759892946]
L000865 | [Dev Loss: 1.1367]
L000866 | [Dev F1: 0.49288583227348043]
L000867 | [Dev Acc: 0.5371329879101899]
L000868 | 
L000869-L000884 | [REDACTED: batch progress and internal diagnostics]
L000885 | [Epoch 33] [Time: 2.2004141807556152]
L000886 | [Train Loss: 0.738]
L000887 | [Train F1: 0.7090239475708053]
L000888 | [Train Acc: 0.7117186006499713]
L000889 | [Dev Loss: 1.1078]
L000890 | [Dev F1: 0.5042895597078697]
L000891 | [Dev Acc: 0.540587219343696]
L000892 | 
L000893-L000908 | [REDACTED: batch progress and internal diagnostics]
L000909 | [Epoch 34] [Time: 2.142204523086548]
L000910 | [Train Loss: 0.7289]
L000911 | [Train F1: 0.7162411384633958]
L000912 | [Train Acc: 0.7182183138979162]
L000913 | [Dev Loss: 1.1287]
L000914 | [Dev F1: 0.4970366380351619]
L000915 | [Dev Acc: 0.538860103626943]
L000916 | 
L000917-L000932 | [REDACTED: batch progress and internal diagnostics]
L000933 | [Epoch 35] [Time: 2.1117563247680664]
L000934 | [Train Loss: 0.7178]
L000935 | [Train F1: 0.7149406065916116]
L000936 | [Train Acc: 0.7191741540814376]
L000937 | [Dev Loss: 1.1219]
L000938 | [Dev F1: 0.5076985159854637]
L000939 | [Dev Acc: 0.5440414507772021]
L000940 | 
L000941-L000956 | [REDACTED: batch progress and internal diagnostics]
L000957 | [Epoch 36] [Time: 2.3317341804504395]
L000958 | [Train Loss: 0.7098]
L000959 | [Train F1: 0.7262212694195849]
L000960 | [Train Acc: 0.728159051806538]
L000961 | [Dev Loss: 1.1294]
L000962 | [Dev F1: 0.5222862958598559]
L000963 | [Dev Acc: 0.5595854922279793]
L000964 | 
L000965-L000980 | [REDACTED: batch progress and internal diagnostics]
L000981 | [Epoch 37] [Time: 2.2555150985717773]
L000982 | [Train Loss: 0.6989]
L000983 | [Train F1: 0.7185952292993678]
L000984 | [Train Acc: 0.7212770024851844]
L000985 | [Dev Loss: 1.0988]
L000986 | [Dev F1: 0.5252917369988609]
L000987 | [Dev Acc: 0.5561312607944733]
L000988 | 
L000989-L001004 | [REDACTED: batch progress and internal diagnostics]
L001005 | [Epoch 38] [Time: 2.1391708850860596]
L001006 | [Train Loss: 0.6839]
L001007 | [Train F1: 0.731983148760174]
L001008 | [Train Acc: 0.7340852609443701]
L001009 | [Dev Loss: 1.1242]
L001010 | [Dev F1: 0.5197511025383343]
L001011 | [Dev Acc: 0.5578583765112263]
L001012 | 
L001013-L001028 | [REDACTED: batch progress and internal diagnostics]
L001029 | [Epoch 39] [Time: 2.120487928390503]
L001030 | [Train Loss: 0.6659]
L001031 | [Train F1: 0.739391323966733]
L001032 | [Train Acc: 0.7419231504492448]
L001033 | [Dev Loss: 1.098]
L001034 | [Dev F1: 0.5229007597698929]
L001035 | [Dev Acc: 0.5595854922279793]
L001036 | 
L001037-L001052 | [REDACTED: batch progress and internal diagnostics]
L001053 | [Epoch 40] [Time: 2.1951067447662354]
L001054 | [Train Loss: 0.6596]
L001055 | [Train F1: 0.7424933318923648]
L001056 | [Train Acc: 0.7445995029631046]
L001057 | [Dev Loss: 1.1383]
L001058 | [Dev F1: 0.504713084776214]
L001059 | [Dev Acc: 0.540587219343696]
L001060 | 
L001061-L001076 | [REDACTED: batch progress and internal diagnostics]
L001077 | [Epoch 41] [Time: 2.106201648712158]
L001078 | [Train Loss: 0.6504]
L001079 | [Train F1: 0.747788417504945]
L001080 | [Train Acc: 0.7493787038807112]
L001081 | [Dev Loss: 1.1183]
L001082 | [Dev F1: 0.5257643534251569]
L001083 | [Dev Acc: 0.5595854922279793]
L001084 | 
L001085-L001100 | [REDACTED: batch progress and internal diagnostics]
L001101 | [Epoch 42] [Time: 2.110914707183838]
L001102 | [Train Loss: 0.6449]
L001103 | [Train F1: 0.7444969845241337]
L001104 | [Train Acc: 0.7463200152934429]
L001105 | [Dev Loss: 1.158]
L001106 | [Dev F1: 0.5217304200342294]
L001107 | [Dev Acc: 0.5595854922279793]
L001108 | 
L001109-L001124 | [REDACTED: batch progress and internal diagnostics]
L001125 | [Epoch 43] [Time: 2.3048853874206543]
L001126 | [Train Loss: 0.6352]
L001127 | [Train F1: 0.7592063149118863]
L001128 | [Train Acc: 0.7610399541196712]
L001129 | [Dev Loss: 1.1333]
L001130 | [Dev F1: 0.5224427430277587]
L001131 | [Dev Acc: 0.5578583765112263]
L001132 | 
L001133-L001148 | [REDACTED: batch progress and internal diagnostics]
L001149 | [Epoch 44] [Time: 2.1984009742736816]
L001150 | [Train Loss: 0.6262]
L001151 | [Train F1: 0.759756154616849]
L001152 | [Train Acc: 0.761613458229784]
L001153 | [Dev Loss: 1.1513]
L001154 | [Dev F1: 0.5393920626552656]
L001155 | [Dev Acc: 0.5716753022452504]
L001156 | 
L001157-L001172 | [REDACTED: batch progress and internal diagnostics]
L001173 | [Epoch 45] [Time: 2.1626651287078857]
L001174 | [Train Loss: 0.6239]
L001175 | [Train F1: 0.7545122984732011]
L001176 | [Train Acc: 0.7562607532020647]
L001177 | [Dev Loss: 1.137]
L001178 | [Dev F1: 0.5141908253349935]
L001179 | [Dev Acc: 0.5492227979274611]
L001180 | 
L001181-L001196 | [REDACTED: batch progress and internal diagnostics]
L001197 | [Epoch 46] [Time: 2.1745758056640625]
L001198 | [Train Loss: 0.6151]
L001199 | [Train F1: 0.7615555133963569]
L001200 | [Train Acc: 0.7629516344867138]
L001201 | [Dev Loss: 1.1316]
L001202 | [Dev F1: 0.5351008329778132]
L001203 | [Dev Acc: 0.5682210708117443]
L001204 | 
L001205-L001220 | [REDACTED: batch progress and internal diagnostics]
L001221 | [Epoch 47] [Time: 2.1433544158935547]
L001222 | [Train Loss: 0.5901]
L001223 | [Train F1: 0.7757936326162148]
L001224 | [Train Acc: 0.7774804052762379]
L001225 | [Dev Loss: 1.1173]
L001226 | [Dev F1: 0.5303684843431324]
L001227 | [Dev Acc: 0.5630397236614854]
L001228 | 
L001229-L001244 | [REDACTED: batch progress and internal diagnostics]
L001245 | [Epoch 48] [Time: 2.1056630611419678]
L001246 | [Train Loss: 0.5971]
L001247 | [Train F1: 0.776126694068957]
L001248 | [Train Acc: 0.7774804052762379]
L001249 | [Dev Loss: 1.2036]
L001250 | [Dev F1: 0.5103383045456721]
L001251 | [Dev Acc: 0.5509499136442142]
L001252 | 
L001253-L001268 | [REDACTED: batch progress and internal diagnostics]
L001269 | [Epoch 49] [Time: 2.1851284503936768]
L001270 | [Train Loss: 0.5992]
L001271 | [Train F1: 0.769224772816316]
L001272 | [Train Acc: 0.7709806920282929]
L001273 | [Dev Loss: 1.149]
L001274 | [Dev F1: 0.5279020929494771]
L001275 | [Dev Acc: 0.5664939550949913]
L001276 | 
L001277-L001292 | [REDACTED: batch progress and internal diagnostics]
L001293 | [Epoch 50] [Time: 2.1425914764404297]
L001294 | [Train Loss: 0.5851]
L001295 | [Train F1: 0.7806775696342969]
L001296 | [Train Acc: 0.7814949340470273]
L001297 | [Dev Loss: 1.1525]
L001298 | [Dev F1: 0.5295268438307206]
L001299 | [Dev Acc: 0.5664939550949913]
L001300 | 
L001301-L001316 | [REDACTED: batch progress and internal diagnostics]
L001317 | [Epoch 51] [Time: 2.0776526927948]
L001318 | [Train Loss: 0.5801]
L001319 | [Train F1: 0.7765795404549077]
L001320 | [Train Acc: 0.7778627413496464]
L001321 | [Dev Loss: 1.1252]
L001322 | [Dev F1: 0.5342303593678069]
L001323 | [Dev Acc: 0.5647668393782384]
L001324 | 
L001325-L001340 | [REDACTED: batch progress and internal diagnostics]
L001341 | [Epoch 52] [Time: 2.1268692016601562]
L001342 | [Train Loss: 0.569]
L001343 | [Train F1: 0.783408443480392]
L001344 | [Train Acc: 0.784171286560887]
L001345 | [Dev Loss: 1.205]
L001346 | [Dev F1: 0.5115718813296584]
L001347 | [Dev Acc: 0.5526770293609672]
L001348 | 
L001349-L001364 | [REDACTED: batch progress and internal diagnostics]
L001365 | [Epoch 53] [Time: 2.133298873901367]
L001366 | [Train Loss: 0.5724]
L001367 | [Train F1: 0.781996522106164]
L001368 | [Train Acc: 0.7828331103039572]
L001369 | [Dev Loss: 1.1953]
L001370 | [Dev F1: 0.5116661794556373]
L001371 | [Dev Acc: 0.5526770293609672]
L001372 | 
L001373-L001388 | [REDACTED: batch progress and internal diagnostics]
L001389 | [Epoch 54] [Time: 2.1666104793548584]
L001390 | [Train Loss: 0.567]
L001391 | [Train F1: 0.7812140350052991]
L001392 | [Train Acc: 0.7822596061938444]
L001393 | [Dev Loss: 1.1455]
L001394 | [Dev F1: 0.5255905876759353]
L001395 | [Dev Acc: 0.5630397236614854]
L001396 | 
L001397-L001412 | [REDACTED: batch progress and internal diagnostics]
L001413 | [Epoch 55] [Time: 2.0692148208618164]
L001414 | [Train Loss: 0.5477]
L001415 | [Train F1: 0.7900879810558059]
L001416 | [Train Acc: 0.7916268399923533]
L001417 | [Dev Loss: 1.1699]
L001418 | [Dev F1: 0.5427392296978991]
L001419 | [Dev Acc: 0.5751295336787565]
L001420 | 
L001421-L001436 | [REDACTED: batch progress and internal diagnostics]
L001437 | [Epoch 56] [Time: 2.2482681274414062]
L001438 | [Train Loss: 0.5465]
L001439 | [Train F1: 0.7903623984117377]
L001440 | [Train Acc: 0.7918180080290576]
L001441 | [Dev Loss: 1.1617]
L001442 | [Dev F1: 0.5361610553212937]
L001443 | [Dev Acc: 0.5734024179620034]
L001444 | 
L001445-L001460 | [REDACTED: batch progress and internal diagnostics]
L001461 | [Epoch 57] [Time: 2.1254663467407227]
L001462 | [Train Loss: 0.5377]
L001463 | [Train F1: 0.7915146334902532]
L001464 | [Train Acc: 0.7922003441024661]
L001465 | [Dev Loss: 1.1992]
L001466 | [Dev F1: 0.5204139442935363]
L001467 | [Dev Acc: 0.5613126079447323]
L001468 | 
L001469-L001484 | [REDACTED: batch progress and internal diagnostics]
L001485 | [Epoch 58] [Time: 2.2279725074768066]
L001486 | [Train Loss: 0.5235]
L001487 | [Train F1: 0.7978407125411291]
L001488 | [Train Acc: 0.7988912253871153]
L001489 | [Dev Loss: 1.1537]
L001490 | [Dev F1: 0.5280000750739616]
L001491 | [Dev Acc: 0.5630397236614854]
L001492 | 
L001493-L001508 | [REDACTED: batch progress and internal diagnostics]
L001509 | [Epoch 59] [Time: 2.30403208732605]
L001510 | [Train Loss: 0.5218]
L001511 | [Train F1: 0.804202174652295]
L001512 | [Train Acc: 0.8046262664882432]
L001513 | [Dev Loss: 1.2168]
L001514 | [Dev F1: 0.534098563849194]
L001515 | [Dev Acc: 0.5682210708117443]
L001516 | 
L001517-L001532 | [REDACTED: batch progress and internal diagnostics]
L001533 | [Epoch 60] [Time: 2.19709849357605]
L001534 | [Train Loss: 0.5137]
L001535 | [Train F1: 0.8036619500255489]
L001536 | [Train Acc: 0.8044350984515389]
L001537 | [Dev Loss: 1.1918]
L001538 | [Dev F1: 0.5284279658360544]
L001539 | [Dev Acc: 0.5647668393782384]
L001540 | 
L001541-L001556 | [REDACTED: batch progress and internal diagnostics]
L001557 | [Epoch 61] [Time: 2.147799015045166]
L001558 | [Train Loss: 0.5084]
L001559 | [Train F1: 0.8085430054379107]
L001560 | [Train Acc: 0.8090231313324412]
L001561 | [Dev Loss: 1.2177]
L001562 | [Dev F1: 0.5327664373603722]
L001563 | [Dev Acc: 0.5699481865284974]
L001564 | 
L001565-L001580 | [REDACTED: batch progress and internal diagnostics]
L001581 | [Epoch 62] [Time: 2.1714446544647217]
L001582 | [Train Loss: 0.5088]
L001583 | [Train F1: 0.8065303639144787]
L001584 | [Train Acc: 0.8078761231122157]
L001585 | [Dev Loss: 1.1781]
L001586 | [Dev F1: 0.5349747557650681]
L001587 | [Dev Acc: 0.5682210708117443]
L001588 | 
L001589-L001604 | [REDACTED: batch progress and internal diagnostics]
L001605 | [Epoch 63] [Time: 2.1434195041656494]
L001606 | [Train Loss: 0.4959]
L001607 | [Train F1: 0.8093833824317402]
L001608 | [Train Acc: 0.8097878034792583]
L001609 | [Dev Loss: 1.2013]
L001610 | [Dev F1: 0.5342311285852552]
L001611 | [Dev Acc: 0.5699481865284974]
L001612 | 
L001613-L001628 | [REDACTED: batch progress and internal diagnostics]
L001629 | [Epoch 64] [Time: 2.1664092540740967]
L001630 | [Train Loss: 0.4929]
L001631 | [Train F1: 0.8111524650838502]
L001632 | [Train Acc: 0.8118906518830051]
L001633 | [Dev Loss: 1.2166]
L001634 | [Dev F1: 0.5347218233217037]
L001635 | [Dev Acc: 0.5682210708117443]
L001636 | 
L001637-L001652 | [REDACTED: batch progress and internal diagnostics]
L001653 | [Epoch 65] [Time: 2.133531332015991]
L001654 | [Train Loss: 0.4913]
L001655 | [Train F1: 0.8122734169306223]
L001656 | [Train Acc: 0.8128464920665265]
L001657 | [Dev Loss: 1.215]
L001658 | [Dev F1: 0.5350743689000029]
L001659 | [Dev Acc: 0.5716753022452504]
L001660 | 
L001661-L001676 | [REDACTED: batch progress and internal diagnostics]
L001677 | [Epoch 66] [Time: 2.1063947677612305]
L001678 | [Train Loss: 0.4851]
L001679 | [Train F1: 0.8196525116644355]
L001680 | [Train Acc: 0.8203020454979927]
L001681 | [Dev Loss: 1.2257]
L001682 | [Dev F1: 0.5277722248807646]
L001683 | [Dev Acc: 0.5664939550949913]
L001684 | 
L001685-L001700 | [REDACTED: batch progress and internal diagnostics]
L001701 | [Epoch 67] [Time: 2.24686336517334]
L001702 | [Train Loss: 0.4873]
L001703 | [Train F1: 0.8146173249736374]
L001704 | [Train Acc: 0.8153316765436819]
L001705 | [Dev Loss: 1.2426]
L001706 | [Dev F1: 0.5218216229508726]
L001707 | [Dev Acc: 0.5630397236614854]
L001708 | 
L001709-L001724 | [REDACTED: batch progress and internal diagnostics]
L001725 | [Epoch 68] [Time: 2.2056100368499756]
L001726 | [Train Loss: 0.4776]
L001727 | [Train F1: 0.8173926264582522]
L001728 | [Train Acc: 0.8178168610208373]
L001729 | [Dev Loss: 1.2637]
L001730 | [Dev F1: 0.5080697807997407]
L001731 | [Dev Acc: 0.5457685664939551]
L001732 | 
L001733-L001748 | [REDACTED: batch progress and internal diagnostics]
L001749 | [Epoch 69] [Time: 2.180083751678467]
L001750 | [Train Loss: 0.4748]
L001751 | [Train F1: 0.8195986536357565]
L001752 | [Train Acc: 0.8201108774612885]
L001753 | [Dev Loss: 1.2664]
L001754 | [Dev F1: 0.5290593396677625]
L001755 | [Dev Acc: 0.5664939550949913]
L001756 | 
L001757-L001772 | [REDACTED: batch progress and internal diagnostics]
L001773 | [Epoch 70] [Time: 2.170823574066162]
L001774 | [Train Loss: 0.4634]
L001775 | [Train F1: 0.8251122264224042]
L001776 | [Train Acc: 0.8258459185624164]
L001777 | [Dev Loss: 1.232]
L001778 | [Dev F1: 0.5320366710303867]
L001779 | [Dev Acc: 0.5613126079447323]
L001780 | 
L001781-L001796 | [REDACTED: batch progress and internal diagnostics]
L001797 | [Epoch 71] [Time: 2.1844675540924072]
L001798 | [Train Loss: 0.4534]
L001799 | [Train F1: 0.8322875645284863]
L001800 | [Train Acc: 0.8327279678837698]
L001801 | [Dev Loss: 1.2384]
L001802 | [Dev F1: 0.532551329049427]
L001803 | [Dev Acc: 0.5682210708117443]
L001804 | 
L001805-L001820 | [REDACTED: batch progress and internal diagnostics]
L001821 | [Epoch 72] [Time: 2.2127761840820312]
L001822 | [Train Loss: 0.4553]
L001823 | [Train F1: 0.8331274841310513]
L001824 | [Train Acc: 0.8336838080672911]
L001825 | [Dev Loss: 1.2105]
L001826 | [Dev F1: 0.5346186600803742]
L001827 | [Dev Acc: 0.5682210708117443]
L001828 | 
L001829-L001844 | [REDACTED: batch progress and internal diagnostics]
L001845 | [Epoch 73] [Time: 2.120572090148926]
L001846 | [Train Loss: 0.4467]
L001847 | [Train F1: 0.8338602841736503]
L001848 | [Train Acc: 0.834257312177404]
L001849 | [Dev Loss: 1.2474]
L001850 | [Dev F1: 0.5425875054192275]
L001851 | [Dev Acc: 0.5768566493955095]
L001852 | 
L001853-L001868 | [REDACTED: batch progress and internal diagnostics]
L001869 | [Epoch 74] [Time: 2.1307010650634766]
L001870 | [Train Loss: 0.4444]
L001871 | [Train F1: 0.8326427775174898]
L001872 | [Train Acc: 0.8331103039571783]
L001873 | [Dev Loss: 1.2619]
L001874 | [Dev F1: 0.5257428324429456]
L001875 | [Dev Acc: 0.5647668393782384]
L001876 | 
L001877-L001892 | [REDACTED: batch progress and internal diagnostics]
L001893 | [Epoch 75] [Time: 2.1774847507476807]
L001894 | [Train Loss: 0.4408]
L001895 | [Train F1: 0.8351150625591348]
L001896 | [Train Acc: 0.8355954884343337]
L001897 | [Dev Loss: 1.2607]
L001898 | [Dev F1: 0.53428204099122]
L001899 | [Dev Acc: 0.5682210708117443]
L001900 | 
L001901-L001916 | [REDACTED: batch progress and internal diagnostics]
L001917 | [Epoch 76] [Time: 2.1757798194885254]
L001918 | [Train Loss: 0.4344]
L001919 | [Train F1: 0.8386176809004497]
L001920 | [Train Acc: 0.8390365130950105]
L001921 | [Dev Loss: 1.2806]
L001922 | [Dev F1: 0.5130568621830852]
L001923 | [Dev Acc: 0.5561312607944733]
L001924 | 
L001925-L001940 | [REDACTED: batch progress and internal diagnostics]
L001941 | [Epoch 77] [Time: 2.1809353828430176]
L001942 | [Train Loss: 0.4296]
L001943 | [Train F1: 0.8347811331439716]
L001944 | [Train Acc: 0.8352131523609253]
L001945 | [Dev Loss: 1.3109]
L001946 | [Dev F1: 0.5081915616840088]
L001947 | [Dev Acc: 0.5509499136442142]
L001948 | 
L001949-L001964 | [REDACTED: batch progress and internal diagnostics]
L001965 | [Epoch 78] [Time: 2.119755744934082]
L001966 | [Train Loss: 0.431]
L001967 | [Train F1: 0.8375281151422375]
L001968 | [Train Acc: 0.837889504874785]
L001969 | [Dev Loss: 1.2421]
L001970 | [Dev F1: 0.5342152812449302]
L001971 | [Dev Acc: 0.5682210708117443]
L001972 | 
L001973-L001988 | [REDACTED: batch progress and internal diagnostics]
L001989 | [Epoch 79] [Time: 2.1460747718811035]
L001990 | [Train Loss: 0.419]
L001991 | [Train F1: 0.8428290192362464]
L001992 | [Train Acc: 0.8430510418658]
L001993 | [Dev Loss: 1.3628]
L001994 | [Dev F1: 0.526794379777824]
L001995 | [Dev Acc: 0.5630397236614854]
L001996 | 
L001997-L002012 | [REDACTED: batch progress and internal diagnostics]
L002013 | [Epoch 80] [Time: 2.249919891357422]
L002014 | [Train Loss: 0.4253]
L002015 | [Train F1: 0.8369660594939268]
L002016 | [Train Acc: 0.8371248327279679]
L002017 | [Dev Loss: 1.2907]
L002018 | [Dev F1: 0.5246914493482122]
L002019 | [Dev Acc: 0.5630397236614854]
L002020 | Early stopping at epoch: 80
L002021 | Last model
L002022 |               precision    recall  f1-score   support
L002023 | 
L002024 |          hap     0.5795    0.3542    0.4397       144
L002025 |          sad     0.8036    0.7347    0.7676       245
L002026 |          neu     0.5241    0.6510    0.5807       384
L002027 |          ang     0.6259    0.5412    0.5804       170
L002028 |          exc     0.6801    0.6756    0.6779       299
L002029 |          fru     0.5538    0.5669    0.5603       381
L002030 | 
L002031 |     accuracy                         0.6106      1623
L002032 |    macro avg     0.6278    0.5873    0.6011      1623
L002033 | weighted avg     0.6176    0.6106    0.6095      1623
L002034 | 
L002035 | Best model at epoch: 55
L002036 | Best dev F1: 0.5427392296978991
L002037 |               precision    recall  f1-score   support
L002038 | 
L002039 |          hap     0.5904    0.3403    0.4317       144
L002040 |          sad     0.7892    0.7184    0.7521       245
L002041 |          neu     0.5464    0.6901    0.6099       384
L002042 |          ang     0.6894    0.5353    0.6026       170
L002043 |          exc     0.6897    0.7358    0.7120       299
L002044 |          fru     0.5853    0.5853    0.5853       381
L002045 | 
L002046 |     accuracy                         0.6309      1623
L002047 |    macro avg     0.6484    0.6009    0.6156      1623
L002048 | weighted avg     0.6375    0.6309    0.6278      1623
L002049 | 
L002050 | Best test F1: 0.6278322398827252
L002051 | Best test Acc: 0.6309303758471966
L002052 | [SANITIZED] Saved checkpoint: [path and filename removed]
