# Redacted copy of an existing run log.
# run_id: G10-seed3
# dataset: IEMOCAP
# model: MMGCN+AMBER
# imr: (0.5,0.7,0.3)
# seed_alias: seed3
# original_log_sha256: 2d677f7037e21ba36094e03b1367b38a983494023522e25e11b1e178b87ff594
# source_record_status: ok
# source_record_process_return_code: 3221226505
# L numbers refer to source logical lines; REDACTED/SANITIZED text is editorial.
L000001-L000065 | [REDACTED: configuration or implementation details]
L000066 | [SANITIZED] Seed alias: seed3
L000067 | 
L000068-L000069 | [REDACTED: batch progress and internal diagnostics]
L000070 | 
L000071-L000072 | [REDACTED: batch progress and internal diagnostics]
L000073 | 
L000074-L000075 | [REDACTED: batch progress and internal diagnostics]
L000076 | 
L000077-L000092 | [REDACTED: batch progress and internal diagnostics]
L000093 | [Epoch 0] [Time: 2.8733034133911133]
L000094 | [Train Loss: 1.9105]
L000095 | [Train F1: 0.17487937496384146]
L000096 | [Train Acc: 0.1810361307589371]
L000097 | [Dev Loss: 1.7371]
L000098 | [Dev F1: 0.25678761882023055]
L000099 | [Dev Acc: 0.24870466321243523]
L000100 | 
L000101-L000116 | [REDACTED: batch progress and internal diagnostics]
L000117 | [Epoch 1] [Time: 2.2284302711486816]
L000118 | [Train Loss: 1.7534]
L000119 | [Train F1: 0.24401522001917914]
L000120 | [Train Acc: 0.25310648059644425]
L000121 | [Dev Loss: 1.6045]
L000122 | [Dev F1: 0.2842974004880176]
L000123 | [Dev Acc: 0.27806563039723664]
L000124 | 
L000125-L000140 | [REDACTED: batch progress and internal diagnostics]
L000141 | [Epoch 2] [Time: 2.094679355621338]
L000142 | [Train Loss: 1.6543]
L000143 | [Train F1: 0.28178896487107713]
L000144 | [Train Acc: 0.3058688587268209]
L000145 | [Dev Loss: 1.5353]
L000146 | [Dev F1: 0.3243285387879372]
L000147 | [Dev Acc: 0.32124352331606215]
L000148 | 
L000149-L000164 | [REDACTED: batch progress and internal diagnostics]
L000165 | [Epoch 3] [Time: 2.094583511352539]
L000166 | [Train Loss: 1.5974]
L000167 | [Train F1: 0.3158932864176663]
L000168 | [Train Acc: 0.33702924870961576]
L000169 | [Dev Loss: 1.468]
L000170 | [Dev F1: 0.3807846518267387]
L000171 | [Dev Acc: 0.38860103626943004]
L000172 | 
L000173-L000188 | [REDACTED: batch progress and internal diagnostics]
L000189 | [Epoch 4] [Time: 2.1325769424438477]
L000190 | [Train Loss: 1.5471]
L000191 | [Train F1: 0.34013505899664914]
L000192 | [Train Acc: 0.35671955649015485]
L000193 | [Dev Loss: 1.4099]
L000194 | [Dev F1: 0.43113765738264903]
L000195 | [Dev Acc: 0.4525043177892919]
L000196 | 
L000197-L000212 | [REDACTED: batch progress and internal diagnostics]
L000213 | [Epoch 5] [Time: 2.2271416187286377]
L000214 | [Train Loss: 1.4957]
L000215 | [Train F1: 0.3669825748493329]
L000216 | [Train Acc: 0.37640986427069395]
L000217 | [Dev Loss: 1.3789]
L000218 | [Dev F1: 0.43717776180855583]
L000219 | [Dev Acc: 0.45077720207253885]
L000220 | 
L000221-L000236 | [REDACTED: batch progress and internal diagnostics]
L000237 | [Epoch 6] [Time: 2.10589337348938]
L000238 | [Train Loss: 1.4272]
L000239 | [Train F1: 0.40999628856201575]
L000240 | [Train Acc: 0.4190403364557446]
L000241 | [Dev Loss: 1.3308]
L000242 | [Dev F1: 0.4448473783296687]
L000243 | [Dev Acc: 0.47322970639032813]
L000244 | 
L000245-L000260 | [REDACTED: batch progress and internal diagnostics]
L000261 | [Epoch 7] [Time: 2.1675119400024414]
L000262 | [Train Loss: 1.3782]
L000263 | [Train F1: 0.4245790984978931]
L000264 | [Train Acc: 0.43777480405276237]
L000265 | [Dev Loss: 1.2956]
L000266 | [Dev F1: 0.44358859692073915]
L000267 | [Dev Acc: 0.47322970639032813]
L000268 | 
L000269-L000284 | [REDACTED: batch progress and internal diagnostics]
L000285 | [Epoch 8] [Time: 2.1680831909179688]
L000286 | [Train Loss: 1.3334]
L000287 | [Train F1: 0.4497634565209509]
L000288 | [Train Acc: 0.4593767922003441]
L000289 | [Dev Loss: 1.2596]
L000290 | [Dev F1: 0.46575933602374064]
L000291 | [Dev Acc: 0.49568221070811747]
L000292 | 
L000293-L000308 | [REDACTED: batch progress and internal diagnostics]
L000309 | [Epoch 9] [Time: 1.9761621952056885]
L000310 | [Train Loss: 1.2837]
L000311 | [Train F1: 0.46828804303065596]
L000312 | [Train Acc: 0.4765819155037278]
L000313 | [Dev Loss: 1.2298]
L000314 | [Dev F1: 0.4788234016414523]
L000315 | [Dev Acc: 0.5060449050086355]
L000316 | 
L000317-L000332 | [REDACTED: batch progress and internal diagnostics]
L000333 | [Epoch 10] [Time: 2.2139089107513428]
L000334 | [Train Loss: 1.2459]
L000335 | [Train F1: 0.48466540629327426]
L000336 | [Train Acc: 0.49283119862359015]
L000337 | [Dev Loss: 1.2051]
L000338 | [Dev F1: 0.47684434873460657]
L000339 | [Dev Acc: 0.5077720207253886]
L000340 | 
L000341-L000356 | [REDACTED: batch progress and internal diagnostics]
L000357 | [Epoch 11] [Time: 2.1744282245635986]
L000358 | [Train Loss: 1.2098]
L000359 | [Train F1: 0.5046937336182822]
L000360 | [Train Acc: 0.5113744981839037]
L000361 | [Dev Loss: 1.1853]
L000362 | [Dev F1: 0.48220416332737237]
L000363 | [Dev Acc: 0.5146804835924007]
L000364 | 
L000365-L000380 | [REDACTED: batch progress and internal diagnostics]
L000381 | [Epoch 12] [Time: 2.2654950618743896]
L000382 | [Train Loss: 1.1644]
L000383 | [Train F1: 0.5208273645374203]
L000384 | [Train Acc: 0.5266679411202447]
L000385 | [Dev Loss: 1.1679]
L000386 | [Dev F1: 0.48729398783690053]
L000387 | [Dev Acc: 0.5198618307426598]
L000388 | 
L000389-L000404 | [REDACTED: batch progress and internal diagnostics]
L000405 | [Epoch 13] [Time: 2.1159799098968506]
L000406 | [Train Loss: 1.1388]
L000407 | [Train F1: 0.5266502043287964]
L000408 | [Train Acc: 0.5346969986618237]
L000409 | [Dev Loss: 1.151]
L000410 | [Dev F1: 0.5048963597621661]
L000411 | [Dev Acc: 0.5371329879101899]
L000412 | 
L000413-L000428 | [REDACTED: batch progress and internal diagnostics]
L000429 | [Epoch 14] [Time: 2.2688276767730713]
L000430 | [Train Loss: 1.1021]
L000431 | [Train F1: 0.5524327154442532]
L000432 | [Train Acc: 0.5585930032498566]
L000433 | [Dev Loss: 1.1348]
L000434 | [Dev F1: 0.5056325600000776]
L000435 | [Dev Acc: 0.5371329879101899]
L000436 | 
L000437-L000452 | [REDACTED: batch progress and internal diagnostics]
L000453 | [Epoch 15] [Time: 2.1744775772094727]
L000454 | [Train Loss: 1.0955]
L000455 | [Train F1: 0.5493509102138179]
L000456 | [Train Acc: 0.5593576753966737]
L000457 | [Dev Loss: 1.1214]
L000458 | [Dev F1: 0.5126675461114953]
L000459 | [Dev Acc: 0.5474956822107081]
L000460 | 
L000461-L000476 | [REDACTED: batch progress and internal diagnostics]
L000477 | [Epoch 16] [Time: 2.1254286766052246]
L000478 | [Train Loss: 1.0555]
L000479 | [Train F1: 0.5739514065340514]
L000480 | [Train Acc: 0.5803861594341426]
L000481 | [Dev Loss: 1.106]
L000482 | [Dev F1: 0.5146455408510304]
L000483 | [Dev Acc: 0.5440414507772021]
L000484 | 
L000485-L000500 | [REDACTED: batch progress and internal diagnostics]
L000501 | [Epoch 17] [Time: 2.245868682861328]
L000502 | [Train Loss: 1.0275]
L000503 | [Train F1: 0.5829038030425325]
L000504 | [Train Acc: 0.5895622251959473]
L000505 | [Dev Loss: 1.0932]
L000506 | [Dev F1: 0.5154073966554958]
L000507 | [Dev Acc: 0.5526770293609672]
L000508 | 
L000509-L000524 | [REDACTED: batch progress and internal diagnostics]
L000525 | [Epoch 18] [Time: 2.0980887413024902]
L000526 | [Train Loss: 1.0003]
L000527 | [Train F1: 0.5936310035776228]
L000528 | [Train Acc: 0.6012234754349073]
L000529 | [Dev Loss: 1.0835]
L000530 | [Dev F1: 0.5158643549406513]
L000531 | [Dev Acc: 0.5474956822107081]
L000532 | 
L000533-L000548 | [REDACTED: batch progress and internal diagnostics]
L000549 | [Epoch 19] [Time: 2.1733767986297607]
L000550 | [Train Loss: 0.9876]
L000551 | [Train F1: 0.6029527065733773]
L000552 | [Train Acc: 0.6096348690498948]
L000553 | [Dev Loss: 1.0737]
L000554 | [Dev F1: 0.5140665700165616]
L000555 | [Dev Acc: 0.5457685664939551]
L000556 | 
L000557-L000572 | [REDACTED: batch progress and internal diagnostics]
L000573 | [Epoch 20] [Time: 2.097069501876831]
L000574 | [Train Loss: 0.9749]
L000575 | [Train F1: 0.6012606319130502]
L000576 | [Train Acc: 0.6052380042056968]
L000577 | [Dev Loss: 1.0654]
L000578 | [Dev F1: 0.5124324785235298]
L000579 | [Dev Acc: 0.5457685664939551]
L000580 | 
L000581-L000596 | [REDACTED: batch progress and internal diagnostics]
L000597 | [Epoch 21] [Time: 2.2381715774536133]
L000598 | [Train Loss: 0.9435]
L000599 | [Train F1: 0.6200198150254043]
L000600 | [Train Acc: 0.6260753202064615]
L000601 | [Dev Loss: 1.0552]
L000602 | [Dev F1: 0.5196336836702532]
L000603 | [Dev Acc: 0.5492227979274611]
L000604 | 
L000605-L000620 | [REDACTED: batch progress and internal diagnostics]
L000621 | [Epoch 22] [Time: 2.165851354598999]
L000622 | [Train Loss: 0.9197]
L000623 | [Train F1: 0.630100736475251]
L000624 | [Train Acc: 0.6350602179315619]
L000625 | [Dev Loss: 1.0501]
L000626 | [Dev F1: 0.5207557714506128]
L000627 | [Dev Acc: 0.5526770293609672]
L000628 | 
L000629-L000644 | [REDACTED: batch progress and internal diagnostics]
L000645 | [Epoch 23] [Time: 2.1175472736358643]
L000646 | [Train Loss: 0.909]
L000647 | [Train F1: 0.6298657985250884]
L000648 | [Train Acc: 0.6348690498948576]
L000649 | [Dev Loss: 1.0458]
L000650 | [Dev F1: 0.5265408436863515]
L000651 | [Dev Acc: 0.5509499136442142]
L000652 | 
L000653-L000668 | [REDACTED: batch progress and internal diagnostics]
L000669 | [Epoch 24] [Time: 2.0806782245635986]
L000670 | [Train Loss: 0.8848]
L000671 | [Train F1: 0.643552122466781]
L000672 | [Train Acc: 0.6480596444274517]
L000673 | [Dev Loss: 1.0479]
L000674 | [Dev F1: 0.5139355161172411]
L000675 | [Dev Acc: 0.5561312607944733]
L000676 | 
L000677-L000692 | [REDACTED: batch progress and internal diagnostics]
L000693 | [Epoch 25] [Time: 2.225029945373535]
L000694 | [Train Loss: 0.8684]
L000695 | [Train F1: 0.6443723182337632]
L000696 | [Train Acc: 0.6478684763907475]
L000697 | [Dev Loss: 1.0357]
L000698 | [Dev F1: 0.5261263640018804]
L000699 | [Dev Acc: 0.5509499136442142]
L000700 | 
L000701-L000716 | [REDACTED: batch progress and internal diagnostics]
L000717 | [Epoch 26] [Time: 2.1367034912109375]
L000718 | [Train Loss: 0.8679]
L000719 | [Train F1: 0.6559157017522215]
L000720 | [Train Acc: 0.6604855668132288]
L000721 | [Dev Loss: 1.0405]
L000722 | [Dev F1: 0.5299258364331296]
L000723 | [Dev Acc: 0.5544041450777202]
L000724 | 
L000725-L000740 | [REDACTED: batch progress and internal diagnostics]
L000741 | [Epoch 27] [Time: 2.2665231227874756]
L000742 | [Train Loss: 0.846]
L000743 | [Train F1: 0.6601451711695897]
L000744 | [Train Acc: 0.6633530873637927]
L000745 | [Dev Loss: 1.0359]
L000746 | [Dev F1: 0.5263151156591073]
L000747 | [Dev Acc: 0.5561312607944733]
L000748 | 
L000749-L000764 | [REDACTED: batch progress and internal diagnostics]
L000765 | [Epoch 28] [Time: 2.221762180328369]
L000766 | [Train Loss: 0.8308]
L000767 | [Train F1: 0.6663762660062614]
L000768 | [Train Acc: 0.6690881284649207]
L000769 | [Dev Loss: 1.0356]
L000770 | [Dev F1: 0.5289440249481705]
L000771 | [Dev Acc: 0.5509499136442142]
L000772 | 
L000773-L000788 | [REDACTED: batch progress and internal diagnostics]
L000789 | [Epoch 29] [Time: 2.1453588008880615]
L000790 | [Train Loss: 0.8073]
L000791 | [Train F1: 0.6798313399465298]
L000792 | [Train Acc: 0.6820875549608105]
L000793 | [Dev Loss: 1.034]
L000794 | [Dev F1: 0.5065035732314844]
L000795 | [Dev Acc: 0.5302245250431779]
L000796 | 
L000797-L000812 | [REDACTED: batch progress and internal diagnostics]
L000813 | [Epoch 30] [Time: 2.2070353031158447]
L000814 | [Train Loss: 0.7905]
L000815 | [Train F1: 0.6851645595246877]
L000816 | [Train Acc: 0.6866755878417129]
L000817 | [Dev Loss: 1.0109]
L000818 | [Dev F1: 0.5362801961316007]
L000819 | [Dev Acc: 0.5544041450777202]
L000820 | 
L000821-L000836 | [REDACTED: batch progress and internal diagnostics]
L000837 | [Epoch 31] [Time: 2.1545917987823486]
L000838 | [Train Loss: 0.7776]
L000839 | [Train F1: 0.6890636539208588]
L000840 | [Train Acc: 0.692601796979545]
L000841 | [Dev Loss: 1.0139]
L000842 | [Dev F1: 0.5183951170554846]
L000843 | [Dev Acc: 0.5457685664939551]
L000844 | 
L000845-L000860 | [REDACTED: batch progress and internal diagnostics]
L000861 | [Epoch 32] [Time: 2.2067387104034424]
L000862 | [Train Loss: 0.7719]
L000863 | [Train F1: 0.6977741076413654]
L000864 | [Train Acc: 0.7006308545211241]
L000865 | [Dev Loss: 1.0048]
L000866 | [Dev F1: 0.5393064743204135]
L000867 | [Dev Acc: 0.5613126079447323]
L000868 | 
L000869-L000884 | [REDACTED: batch progress and internal diagnostics]
L000885 | [Epoch 33] [Time: 2.1662192344665527]
L000886 | [Train Loss: 0.7415]
L000887 | [Train F1: 0.7083894857421981]
L000888 | [Train Acc: 0.7101892563563372]
L000889 | [Dev Loss: 0.9949]
L000890 | [Dev F1: 0.5451384391282048]
L000891 | [Dev Acc: 0.5664939550949913]
L000892 | 
L000893-L000908 | [REDACTED: batch progress and internal diagnostics]
L000909 | [Epoch 34] [Time: 2.2563636302948]
L000910 | [Train Loss: 0.7361]
L000911 | [Train F1: 0.7053917088207127]
L000912 | [Train Acc: 0.7073217358057733]
L000913 | [Dev Loss: 1.013]
L000914 | [Dev F1: 0.5308387750097927]
L000915 | [Dev Acc: 0.5440414507772021]
L000916 | 
L000917-L000932 | [REDACTED: batch progress and internal diagnostics]
L000933 | [Epoch 35] [Time: 2.2746357917785645]
L000934 | [Train Loss: 0.7215]
L000935 | [Train F1: 0.7181223085228947]
L000936 | [Train Acc: 0.7207034983750716]
L000937 | [Dev Loss: 1.0133]
L000938 | [Dev F1: 0.5443718791934115]
L000939 | [Dev Acc: 0.5664939550949913]
L000940 | 
L000941-L000956 | [REDACTED: batch progress and internal diagnostics]
L000957 | [Epoch 36] [Time: 2.158613443374634]
L000958 | [Train Loss: 0.7146]
L000959 | [Train F1: 0.7157683955690006]
L000960 | [Train Acc: 0.7168801376409865]
L000961 | [Dev Loss: 1.0099]
L000962 | [Dev F1: 0.5435767230670153]
L000963 | [Dev Acc: 0.5595854922279793]
L000964 | 
L000965-L000980 | [REDACTED: batch progress and internal diagnostics]
L000981 | [Epoch 37] [Time: 2.0308780670166016]
L000982 | [Train Loss: 0.6927]
L000983 | [Train F1: 0.7277492332481362]
L000984 | [Train Acc: 0.7304530682469891]
L000985 | [Dev Loss: 1.0085]
L000986 | [Dev F1: 0.557368821880938]
L000987 | [Dev Acc: 0.5682210708117443]
L000988 | 
L000989-L001004 | [REDACTED: batch progress and internal diagnostics]
L001005 | [Epoch 38] [Time: 2.141855478286743]
L001006 | [Train Loss: 0.6955]
L001007 | [Train F1: 0.7268466949679121]
L001008 | [Train Acc: 0.7272032116230166]
L001009 | [Dev Loss: 1.0102]
L001010 | [Dev F1: 0.5493776970847625]
L001011 | [Dev Acc: 0.5647668393782384]
L001012 | 
L001013-L001028 | [REDACTED: batch progress and internal diagnostics]
L001029 | [Epoch 39] [Time: 2.0939064025878906]
L001030 | [Train Loss: 0.675]
L001031 | [Train F1: 0.7367602706948664]
L001032 | [Train Acc: 0.7380997897151597]
L001033 | [Dev Loss: 1.0036]
L001034 | [Dev F1: 0.552789988718644]
L001035 | [Dev Acc: 0.5647668393782384]
L001036 | 
L001037-L001052 | [REDACTED: batch progress and internal diagnostics]
L001053 | [Epoch 40] [Time: 2.207091808319092]
L001054 | [Train Loss: 0.6737]
L001055 | [Train F1: 0.7395114833607936]
L001056 | [Train Acc: 0.7403938061556108]
L001057 | [Dev Loss: 1.0158]
L001058 | [Dev F1: 0.5454853688941566]
L001059 | [Dev Acc: 0.5613126079447323]
L001060 | 
L001061-L001076 | [REDACTED: batch progress and internal diagnostics]
L001077 | [Epoch 41] [Time: 2.2173707485198975]
L001078 | [Train Loss: 0.6586]
L001079 | [Train F1: 0.7548420541098574]
L001080 | [Train Acc: 0.7560695851653604]
L001081 | [Dev Loss: 1.0113]
L001082 | [Dev F1: 0.5556171912361212]
L001083 | [Dev Acc: 0.5664939550949913]
L001084 | 
L001085-L001100 | [REDACTED: batch progress and internal diagnostics]
L001101 | [Epoch 42] [Time: 2.12597393989563]
L001102 | [Train Loss: 0.6557]
L001103 | [Train F1: 0.7461764903029804]
L001104 | [Train Acc: 0.7472758554769643]
L001105 | [Dev Loss: 1.0088]
L001106 | [Dev F1: 0.552669686088719]
L001107 | [Dev Acc: 0.5664939550949913]
L001108 | 
L001109-L001124 | [REDACTED: batch progress and internal diagnostics]
L001125 | [Epoch 43] [Time: 2.2524073123931885]
L001126 | [Train Loss: 0.6421]
L001127 | [Train F1: 0.7532892919642984]
L001128 | [Train Acc: 0.7549225769451348]
L001129 | [Dev Loss: 1.0305]
L001130 | [Dev F1: 0.5640344379138779]
L001131 | [Dev Acc: 0.5768566493955095]
L001132 | 
L001133-L001148 | [REDACTED: batch progress and internal diagnostics]
L001149 | [Epoch 44] [Time: 2.1802332401275635]
L001150 | [Train Loss: 0.6326]
L001151 | [Train F1: 0.7602705855321513]
L001152 | [Train Acc: 0.7612311221563755]
L001153 | [Dev Loss: 1.0218]
L001154 | [Dev F1: 0.5643391936755796]
L001155 | [Dev Acc: 0.5768566493955095]
L001156 | 
L001157-L001172 | [REDACTED: batch progress and internal diagnostics]
L001173 | [Epoch 45] [Time: 2.0891997814178467]
L001174 | [Train Loss: 0.6118]
L001175 | [Train F1: 0.7605249702201932]
L001176 | [Train Acc: 0.761613458229784]
L001177 | [Dev Loss: 1.0353]
L001178 | [Dev F1: 0.5406109675305564]
L001179 | [Dev Acc: 0.5561312607944733]
L001180 | 
L001181-L001196 | [REDACTED: batch progress and internal diagnostics]
L001197 | [Epoch 46] [Time: 2.14400053024292]
L001198 | [Train Loss: 0.6209]
L001199 | [Train F1: 0.7559372908517317]
L001200 | [Train Acc: 0.7566430892754732]
L001201 | [Dev Loss: 1.0392]
L001202 | [Dev F1: 0.5533855266624205]
L001203 | [Dev Acc: 0.5647668393782384]
L001204 | 
L001205-L001220 | [REDACTED: batch progress and internal diagnostics]
L001221 | [Epoch 47] [Time: 2.283616781234741]
L001222 | [Train Loss: 0.6101]
L001223 | [Train F1: 0.7724860431977926]
L001224 | [Train Acc: 0.773274708468744]
L001225 | [Dev Loss: 1.0446]
L001226 | [Dev F1: 0.5492462164651416]
L001227 | [Dev Acc: 0.5630397236614854]
L001228 | 
L001229-L001244 | [REDACTED: batch progress and internal diagnostics]
L001245 | [Epoch 48] [Time: 2.208533525466919]
L001246 | [Train Loss: 0.6006]
L001247 | [Train F1: 0.772761800519883]
L001248 | [Train Acc: 0.7734658765054483]
L001249 | [Dev Loss: 1.0376]
L001250 | [Dev F1: 0.5465003575483206]
L001251 | [Dev Acc: 0.5613126079447323]
L001252 | 
L001253-L001268 | [REDACTED: batch progress and internal diagnostics]
L001269 | [Epoch 49] [Time: 2.118642807006836]
L001270 | [Train Loss: 0.5877]
L001271 | [Train F1: 0.7761574946288378]
L001272 | [Train Acc: 0.7774804052762379]
L001273 | [Dev Loss: 1.0618]
L001274 | [Dev F1: 0.5606669672303156]
L001275 | [Dev Acc: 0.5699481865284974]
L001276 | 
L001277-L001292 | [REDACTED: batch progress and internal diagnostics]
L001293 | [Epoch 50] [Time: 2.0627262592315674]
L001294 | [Train Loss: 0.5893]
L001295 | [Train F1: 0.7752999799461147]
L001296 | [Train Acc: 0.776142229019308]
L001297 | [Dev Loss: 1.0611]
L001298 | [Dev F1: 0.5537400676442412]
L001299 | [Dev Acc: 0.5664939550949913]
L001300 | 
L001301-L001316 | [REDACTED: batch progress and internal diagnostics]
L001317 | [Epoch 51] [Time: 2.129462957382202]
L001318 | [Train Loss: 0.5744]
L001319 | [Train F1: 0.7819450194212426]
L001320 | [Train Acc: 0.7824507742305487]
L001321 | [Dev Loss: 1.0555]
L001322 | [Dev F1: 0.5592812682713284]
L001323 | [Dev Acc: 0.5716753022452504]
L001324 | 
L001325-L001340 | [REDACTED: batch progress and internal diagnostics]
L001341 | [Epoch 52] [Time: 2.0157406330108643]
L001342 | [Train Loss: 0.5686]
L001343 | [Train F1: 0.78307807912316]
L001344 | [Train Acc: 0.7837889504874785]
L001345 | [Dev Loss: 1.0602]
L001346 | [Dev F1: 0.5561212351837947]
L001347 | [Dev Acc: 0.5699481865284974]
L001348 | 
L001349-L001364 | [REDACTED: batch progress and internal diagnostics]
L001365 | [Epoch 53] [Time: 2.1885933876037598]
L001366 | [Train Loss: 0.5562]
L001367 | [Train F1: 0.789770431619489]
L001368 | [Train Acc: 0.7902886637354234]
L001369 | [Dev Loss: 1.0615]
L001370 | [Dev F1: 0.5444223458925554]
L001371 | [Dev Acc: 0.5578583765112263]
L001372 | 
L001373-L001388 | [REDACTED: batch progress and internal diagnostics]
L001389 | [Epoch 54] [Time: 2.28000545501709]
L001390 | [Train Loss: 0.5513]
L001391 | [Train F1: 0.7852479345022865]
L001392 | [Train Acc: 0.7862741349646339]
L001393 | [Dev Loss: 1.0751]
L001394 | [Dev F1: 0.5426829610259346]
L001395 | [Dev Acc: 0.5526770293609672]
L001396 | 
L001397-L001412 | [REDACTED: batch progress and internal diagnostics]
L001413 | [Epoch 55] [Time: 2.1803598403930664]
L001414 | [Train Loss: 0.5443]
L001415 | [Train F1: 0.7934785538539306]
L001416 | [Train Acc: 0.7939208564328044]
L001417 | [Dev Loss: 1.0738]
L001418 | [Dev F1: 0.5517058334239014]
L001419 | [Dev Acc: 0.5630397236614854]
L001420 | 
L001421-L001436 | [REDACTED: batch progress and internal diagnostics]
L001437 | [Epoch 56] [Time: 2.1455817222595215]
L001438 | [Train Loss: 0.5393]
L001439 | [Train F1: 0.7980411212785132]
L001440 | [Train Acc: 0.7985088893137068]
L001441 | [Dev Loss: 1.092]
L001442 | [Dev F1: 0.5446719256108257]
L001443 | [Dev Acc: 0.5595854922279793]
L001444 | 
L001445-L001460 | [REDACTED: batch progress and internal diagnostics]
L001461 | [Epoch 57] [Time: 2.227099895477295]
L001462 | [Train Loss: 0.5356]
L001463 | [Train F1: 0.7977581437630314]
L001464 | [Train Acc: 0.7985088893137068]
L001465 | [Dev Loss: 1.082]
L001466 | [Dev F1: 0.5546405584122687]
L001467 | [Dev Acc: 0.5664939550949913]
L001468 | 
L001469-L001484 | [REDACTED: batch progress and internal diagnostics]
L001485 | [Epoch 58] [Time: 2.1455166339874268]
L001486 | [Train Loss: 0.5354]
L001487 | [Train F1: 0.8057269908355666]
L001488 | [Train Acc: 0.8063467788185815]
L001489 | [Dev Loss: 1.1012]
L001490 | [Dev F1: 0.5561382381090678]
L001491 | [Dev Acc: 0.5647668393782384]
L001492 | 
L001493-L001508 | [REDACTED: batch progress and internal diagnostics]
L001509 | [Epoch 59] [Time: 2.061323642730713]
L001510 | [Train Loss: 0.5191]
L001511 | [Train F1: 0.8064809263796325]
L001512 | [Train Acc: 0.8069202829286943]
L001513 | [Dev Loss: 1.0982]
L001514 | [Dev F1: 0.5435571153352744]
L001515 | [Dev Acc: 0.5544041450777202]
L001516 | 
L001517-L001532 | [REDACTED: batch progress and internal diagnostics]
L001533 | [Epoch 60] [Time: 2.0912868976593018]
L001534 | [Train Loss: 0.517]
L001535 | [Train F1: 0.8001943641164527]
L001536 | [Train Acc: 0.8006117377174536]
L001537 | [Dev Loss: 1.1135]
L001538 | [Dev F1: 0.533200958553336]
L001539 | [Dev Acc: 0.5440414507772021]
L001540 | 
L001541-L001556 | [REDACTED: batch progress and internal diagnostics]
L001557 | [Epoch 61] [Time: 2.292048454284668]
L001558 | [Train Loss: 0.5148]
L001559 | [Train F1: 0.8063369950948813]
L001560 | [Train Acc: 0.8069202829286943]
L001561 | [Dev Loss: 1.1155]
L001562 | [Dev F1: 0.5364894006055868]
L001563 | [Dev Acc: 0.5474956822107081]
L001564 | 
L001565-L001580 | [REDACTED: batch progress and internal diagnostics]
L001581 | [Epoch 62] [Time: 2.0876784324645996]
L001582 | [Train Loss: 0.5058]
L001583 | [Train F1: 0.8144944522718297]
L001584 | [Train Acc: 0.8149493404702733]
L001585 | [Dev Loss: 1.1216]
L001586 | [Dev F1: 0.5310692805428321]
L001587 | [Dev Acc: 0.542314335060449]
L001588 | 
L001589-L001604 | [REDACTED: batch progress and internal diagnostics]
L001605 | [Epoch 63] [Time: 2.2305681705474854]
L001606 | [Train Loss: 0.4955]
L001607 | [Train F1: 0.82302619436608]
L001608 | [Train Acc: 0.8235519021219652]
L001609 | [Dev Loss: 1.1164]
L001610 | [Dev F1: 0.5419346109675953]
L001611 | [Dev Acc: 0.5492227979274611]
L001612 | 
L001613-L001628 | [REDACTED: batch progress and internal diagnostics]
L001629 | [Epoch 64] [Time: 2.2924792766571045]
L001630 | [Train Loss: 0.4902]
L001631 | [Train F1: 0.8190425265985654]
L001632 | [Train Acc: 0.81972854138788]
L001633 | [Dev Loss: 1.1314]
L001634 | [Dev F1: 0.5451506697926959]
L001635 | [Dev Acc: 0.5561312607944733]
L001636 | 
L001637-L001652 | [REDACTED: batch progress and internal diagnostics]
L001653 | [Epoch 65] [Time: 2.1263341903686523]
L001654 | [Train Loss: 0.4802]
L001655 | [Train F1: 0.8223550562201672]
L001656 | [Train Acc: 0.8231695660485567]
L001657 | [Dev Loss: 1.1465]
L001658 | [Dev F1: 0.5314626642462701]
L001659 | [Dev Acc: 0.538860103626943]
L001660 | 
L001661-L001676 | [REDACTED: batch progress and internal diagnostics]
L001677 | [Epoch 66] [Time: 2.2100980281829834]
L001678 | [Train Loss: 0.4728]
L001679 | [Train F1: 0.8271771990047679]
L001680 | [Train Acc: 0.8275664308927547]
L001681 | [Dev Loss: 1.1326]
L001682 | [Dev F1: 0.53447069966123]
L001683 | [Dev Acc: 0.540587219343696]
L001684 | 
L001685-L001700 | [REDACTED: batch progress and internal diagnostics]
L001701 | [Epoch 67] [Time: 2.2016007900238037]
L001702 | [Train Loss: 0.4705]
L001703 | [Train F1: 0.8282645141800496]
L001704 | [Train Acc: 0.8287134391129803]
L001705 | [Dev Loss: 1.1459]
L001706 | [Dev F1: 0.5299583875094758]
L001707 | [Dev Acc: 0.538860103626943]
L001708 | 
L001709-L001724 | [REDACTED: batch progress and internal diagnostics]
L001725 | [Epoch 68] [Time: 2.077878713607788]
L001726 | [Train Loss: 0.4688]
L001727 | [Train F1: 0.8292438707993534]
L001728 | [Train Acc: 0.8296692792965016]
L001729 | [Dev Loss: 1.124]
L001730 | [Dev F1: 0.5407097851957664]
L001731 | [Dev Acc: 0.5457685664939551]
L001732 | 
L001733-L001748 | [REDACTED: batch progress and internal diagnostics]
L001749 | [Epoch 69] [Time: 2.3056182861328125]
L001750 | [Train Loss: 0.4631]
L001751 | [Train F1: 0.824678002894301]
L001752 | [Train Acc: 0.824890078378895]
L001753 | [Dev Loss: 1.1628]
L001754 | [Dev F1: 0.5408299250009406]
L001755 | [Dev Acc: 0.5509499136442142]
L001756 | Early stopping at epoch: 69
L001757 | Last model
L001758 |               precision    recall  f1-score   support
L001759 | 
L001760 |          hap     0.4017    0.3264    0.3602       144
L001761 |          sad     0.7742    0.7837    0.7789       245
L001762 |          neu     0.5534    0.6068    0.5789       384
L001763 |          ang     0.5093    0.6412    0.5677       170
L001764 |          exc     0.7296    0.6589    0.6924       299
L001765 |          fru     0.5921    0.5486    0.5695       381
L001766 | 
L001767 |     accuracy                         0.6081      1623
L001768 |    macro avg     0.5934    0.5942    0.5913      1623
L001769 | weighted avg     0.6102    0.6081    0.6072      1623
L001770 | 
L001771 | Best model at epoch: 44
L001772 | Best dev F1: 0.5643391936755796
L001773 |               precision    recall  f1-score   support
L001774 | 
L001775 |          hap     0.3365    0.2431    0.2823       144
L001776 |          sad     0.7720    0.7878    0.7798       245
L001777 |          neu     0.5960    0.6224    0.6089       384
L001778 |          ang     0.5359    0.6588    0.5910       170
L001779 |          exc     0.7055    0.7291    0.7171       299
L001780 |          fru     0.6000    0.5512    0.5746       381
L001781 | 
L001782 |     accuracy                         0.6205      1623
L001783 |    macro avg     0.5910    0.5987    0.5923      1623
L001784 | weighted avg     0.6144    0.6205    0.6157      1623
L001785 | 
L001786 | Best test F1: 0.6157208173991149
L001787 | Best test Acc: 0.6204559457794209
L001788 | [SANITIZED] Saved checkpoint: [path and filename removed]
