# Redacted copy of an existing run log.
# run_id: G10-seed1
# dataset: IEMOCAP
# model: MMGCN+AMBER
# imr: (0.5,0.7,0.3)
# seed_alias: seed1
# original_log_sha256: 34358928839c9de363e0d090151e0062bcb147812e584dca5e2593902bcce09a
# source_record_status: ok
# source_record_process_return_code: 3221226505
# L numbers refer to source logical lines; REDACTED/SANITIZED text is editorial.
L000001-L000065 | [REDACTED: configuration or implementation details]
L000066 | [SANITIZED] Seed alias: seed1
L000067 | 
L000068-L000069 | [REDACTED: batch progress and internal diagnostics]
L000070 | 
L000071-L000072 | [REDACTED: batch progress and internal diagnostics]
L000073 | 
L000074-L000075 | [REDACTED: batch progress and internal diagnostics]
L000076 | 
L000077-L000092 | [REDACTED: batch progress and internal diagnostics]
L000093 | [Epoch 0] [Time: 2.8158421516418457]
L000094 | [Train Loss: 1.8498]
L000095 | [Train F1: 0.19692043860209274]
L000096 | [Train Acc: 0.20119253702635123]
L000097 | [Dev Loss: 1.6825]
L000098 | [Dev F1: 0.21452129097890202]
L000099 | [Dev Acc: 0.26677577741407527]
L000100 | 
L000101-L000116 | [REDACTED: batch progress and internal diagnostics]
L000117 | [Epoch 1] [Time: 2.152243137359619]
L000118 | [Train Loss: 1.7013]
L000119 | [Train F1: 0.2658826567349687]
L000120 | [Train Acc: 0.28293902673591076]
L000121 | [Dev Loss: 1.6495]
L000122 | [Dev F1: 0.2344246792791657]
L000123 | [Dev Acc: 0.2896890343698854]
L000124 | 
L000125-L000140 | [REDACTED: batch progress and internal diagnostics]
L000141 | [Epoch 2] [Time: 2.224519968032837]
L000142 | [Train Loss: 1.6321]
L000143 | [Train F1: 0.2913390337576029]
L000144 | [Train Acc: 0.31313714175803037]
L000145 | [Dev Loss: 1.6292]
L000146 | [Dev F1: 0.2086549795939025]
L000147 | [Dev Acc: 0.27823240589198034]
L000148 | 
L000149-L000164 | [REDACTED: batch progress and internal diagnostics]
L000165 | [Epoch 3] [Time: 2.2473416328430176]
L000166 | [Train Loss: 1.59]
L000167 | [Train F1: 0.32120668078859]
L000168 | [Train Acc: 0.34256587805347183]
L000169 | [Dev Loss: 1.5818]
L000170 | [Dev F1: 0.27300908125184625]
L000171 | [Dev Acc: 0.32242225859247137]
L000172 | 
L000173-L000188 | [REDACTED: batch progress and internal diagnostics]
L000189 | [Epoch 4] [Time: 2.199876546859741]
L000190 | [Train Loss: 1.5212]
L000191 | [Train F1: 0.35122749611979637]
L000192 | [Train Acc: 0.3683400653971918]
L000193 | [Dev Loss: 1.5369]
L000194 | [Dev F1: 0.2878378556159885]
L000195 | [Dev Acc: 0.33387888707037644]
L000196 | 
L000197-L000212 | [REDACTED: batch progress and internal diagnostics]
L000213 | [Epoch 5] [Time: 2.1969902515411377]
L000214 | [Train Loss: 1.4608]
L000215 | [Train F1: 0.37745905186463347]
L000216 | [Train Acc: 0.39084439315252933]
L000217 | [Dev Loss: 1.4937]
L000218 | [Dev F1: 0.30208174000744925]
L000219 | [Dev Acc: 0.3486088379705401]
L000220 | 
L000221-L000236 | [REDACTED: batch progress and internal diagnostics]
L000237 | [Epoch 6] [Time: 2.21894907951355]
L000238 | [Train Loss: 1.4118]
L000239 | [Train F1: 0.4005984754867335]
L000240 | [Train Acc: 0.40969417195614544]
L000241 | [Dev Loss: 1.4551]
L000242 | [Dev F1: 0.3441239526142318]
L000243 | [Dev Acc: 0.3829787234042553]
L000244 | 
L000245-L000260 | [REDACTED: batch progress and internal diagnostics]
L000261 | [Epoch 7] [Time: 2.170103073120117]
L000262 | [Train Loss: 1.3677]
L000263 | [Train F1: 0.4236009234491618]
L000264 | [Train Acc: 0.43431429120984805]
L000265 | [Dev Loss: 1.4246]
L000266 | [Dev F1: 0.36209456665245476]
L000267 | [Dev Acc: 0.40098199672667756]
L000268 | 
L000269-L000284 | [REDACTED: batch progress and internal diagnostics]
L000285 | [Epoch 8] [Time: 2.2707297801971436]
L000286 | [Train Loss: 1.3093]
L000287 | [Train F1: 0.45058444339269976]
L000288 | [Train Acc: 0.4591267551452202]
L000289 | [Dev Loss: 1.3994]
L000290 | [Dev F1: 0.38590022031980337]
L000291 | [Dev Acc: 0.43044189852700493]
L000292 | 
L000293-L000308 | [REDACTED: batch progress and internal diagnostics]
L000309 | [Epoch 9] [Time: 2.2161927223205566]
L000310 | [Train Loss: 1.2559]
L000311 | [Train F1: 0.48155015111117117]
L000312 | [Train Acc: 0.4939411425274091]
L000313 | [Dev Loss: 1.3727]
L000314 | [Dev F1: 0.3940709644360228]
L000315 | [Dev Acc: 0.44189852700491]
L000316 | 
L000317-L000332 | [REDACTED: batch progress and internal diagnostics]
L000333 | [Epoch 10] [Time: 2.237441062927246]
L000334 | [Train Loss: 1.2228]
L000335 | [Train F1: 0.5055295509234219]
L000336 | [Train Acc: 0.513752644739373]
L000337 | [Dev Loss: 1.352]
L000338 | [Dev F1: 0.4156133985972077]
L000339 | [Dev Acc: 0.4582651391162029]
L000340 | 
L000341-L000356 | [REDACTED: batch progress and internal diagnostics]
L000357 | [Epoch 11] [Time: 2.174985408782959]
L000358 | [Train Loss: 1.1896]
L000359 | [Train F1: 0.5029135077869622]
L000360 | [Train Acc: 0.5114445085593383]
L000361 | [Dev Loss: 1.337]
L000362 | [Dev F1: 0.41132115993907453]
L000363 | [Dev Acc: 0.4582651391162029]
L000364 | 
L000365-L000380 | [REDACTED: batch progress and internal diagnostics]
L000381 | [Epoch 12] [Time: 2.2692031860351562]
L000382 | [Train Loss: 1.1517]
L000383 | [Train F1: 0.5304797698419634]
L000384 | [Train Acc: 0.5377957299480669]
L000385 | [Dev Loss: 1.3131]
L000386 | [Dev F1: 0.41664452137576996]
L000387 | [Dev Acc: 0.46153846153846156]
L000388 | 
L000389-L000404 | [REDACTED: batch progress and internal diagnostics]
L000405 | [Epoch 13] [Time: 2.143666982650757]
L000406 | [Train Loss: 1.1143]
L000407 | [Train F1: 0.5464864995832928]
L000408 | [Train Acc: 0.5554914406616657]
L000409 | [Dev Loss: 1.3034]
L000410 | [Dev F1: 0.41075506326533195]
L000411 | [Dev Acc: 0.45662847790507366]
L000412 | 
L000413-L000428 | [REDACTED: batch progress and internal diagnostics]
L000429 | [Epoch 14] [Time: 2.2072010040283203]
L000430 | [Train Loss: 1.0864]
L000431 | [Train F1: 0.5508884272035768]
L000432 | [Train Acc: 0.5597230236583959]
L000433 | [Dev Loss: 1.2753]
L000434 | [Dev F1: 0.4198637778623113]
L000435 | [Dev Acc: 0.46317512274959083]
L000436 | 
L000437-L000452 | [REDACTED: batch progress and internal diagnostics]
L000453 | [Epoch 15] [Time: 2.265850305557251]
L000454 | [Train Loss: 1.0621]
L000455 | [Train F1: 0.5672808768753138]
L000456 | [Train Acc: 0.5774187343719946]
L000457 | [Dev Loss: 1.2731]
L000458 | [Dev F1: 0.4144034248628233]
L000459 | [Dev Acc: 0.45990180032733224]
L000460 | 
L000461-L000476 | [REDACTED: batch progress and internal diagnostics]
L000477 | [Epoch 16] [Time: 2.2158257961273193]
L000478 | [Train Loss: 1.0269]
L000479 | [Train F1: 0.5756888949324249]
L000480 | [Train Acc: 0.5853048663204462]
L000481 | [Dev Loss: 1.2494]
L000482 | [Dev F1: 0.4271503653555205]
L000483 | [Dev Acc: 0.46808510638297873]
L000484 | 
L000485-L000500 | [REDACTED: batch progress and internal diagnostics]
L000501 | [Epoch 17] [Time: 2.2683238983154297]
L000502 | [Train Loss: 0.9894]
L000503 | [Train F1: 0.6050266204358699]
L000504 | [Train Acc: 0.6116560877091748]
L000505 | [Dev Loss: 1.2438]
L000506 | [Dev F1: 0.43883865772083847]
L000507 | [Dev Acc: 0.4762684124386252]
L000508 | 
L000509-L000524 | [REDACTED: batch progress and internal diagnostics]
L000525 | [Epoch 18] [Time: 2.1979598999023438]
L000526 | [Train Loss: 0.9853]
L000527 | [Train F1: 0.587337480584541]
L000528 | [Train Acc: 0.595691479130602]
L000529 | [Dev Loss: 1.2379]
L000530 | [Dev F1: 0.4354485025084111]
L000531 | [Dev Acc: 0.4746317512274959]
L000532 | 
L000533-L000548 | [REDACTED: batch progress and internal diagnostics]
L000549 | [Epoch 19] [Time: 2.2407193183898926]
L000550 | [Train Loss: 0.9494]
L000551 | [Train F1: 0.6029657939374562]
L000552 | [Train Acc: 0.6110790536641661]
L000553 | [Dev Loss: 1.2386]
L000554 | [Dev F1: 0.44831894251737553]
L000555 | [Dev Acc: 0.4795417348608838]
L000556 | 
L000557-L000572 | [REDACTED: batch progress and internal diagnostics]
L000573 | [Epoch 20] [Time: 2.3047196865081787]
L000574 | [Train Loss: 0.9318]
L000575 | [Train F1: 0.622926304635367]
L000576 | [Train Acc: 0.6289671090594345]
L000577 | [Dev Loss: 1.22]
L000578 | [Dev F1: 0.46053994088682476]
L000579 | [Dev Acc: 0.486088379705401]
L000580 | 
L000581-L000596 | [REDACTED: batch progress and internal diagnostics]
L000597 | [Epoch 21] [Time: 2.2258031368255615]
L000598 | [Train Loss: 0.9305]
L000599 | [Train F1: 0.6201540808035527]
L000600 | [Train Acc: 0.6256972494710521]
L000601 | [Dev Loss: 1.2193]
L000602 | [Dev F1: 0.4511101822477081]
L000603 | [Dev Acc: 0.4828150572831424]
L000604 | 
L000605-L000620 | [REDACTED: batch progress and internal diagnostics]
L000621 | [Epoch 22] [Time: 2.2451329231262207]
L000622 | [Train Loss: 0.9207]
L000623 | [Train F1: 0.6233191510241912]
L000624 | [Train Acc: 0.6301211771494518]
L000625 | [Dev Loss: 1.1933]
L000626 | [Dev F1: 0.4603993107385427]
L000627 | [Dev Acc: 0.4828150572831424]
L000628 | 
L000629-L000644 | [REDACTED: batch progress and internal diagnostics]
L000645 | [Epoch 23] [Time: 2.1166040897369385]
L000646 | [Train Loss: 0.8963]
L000647 | [Train F1: 0.6358558535522236]
L000648 | [Train Acc: 0.6412771686862858]
L000649 | [Dev Loss: 1.2277]
L000650 | [Dev F1: 0.44594170824103024]
L000651 | [Dev Acc: 0.4762684124386252]
L000652 | 
L000653-L000668 | [REDACTED: batch progress and internal diagnostics]
L000669 | [Epoch 24] [Time: 2.103621244430542]
L000670 | [Train Loss: 0.8758]
L000671 | [Train F1: 0.6384928274063216]
L000672 | [Train Acc: 0.6428159261396422]
L000673 | [Dev Loss: 1.2429]
L000674 | [Dev F1: 0.4454244933897937]
L000675 | [Dev Acc: 0.4779050736497545]
L000676 | 
L000677-L000692 | [REDACTED: batch progress and internal diagnostics]
L000693 | [Epoch 25] [Time: 2.2121126651763916]
L000694 | [Train Loss: 0.8584]
L000695 | [Train F1: 0.6483130500171579]
L000696 | [Train Acc: 0.6522408155414503]
L000697 | [Dev Loss: 1.2116]
L000698 | [Dev F1: 0.4546114470096506]
L000699 | [Dev Acc: 0.48117839607201307]
L000700 | 
L000701-L000716 | [REDACTED: batch progress and internal diagnostics]
L000717 | [Epoch 26] [Time: 2.21765398979187]
L000718 | [Train Loss: 0.8518]
L000719 | [Train F1: 0.6550003744765157]
L000720 | [Train Acc: 0.6608963262165801]
L000721 | [Dev Loss: 1.1916]
L000722 | [Dev F1: 0.46724082307351433]
L000723 | [Dev Acc: 0.4877250409165303]
L000724 | 
L000725-L000740 | [REDACTED: batch progress and internal diagnostics]
L000741 | [Epoch 27] [Time: 2.050895929336548]
L000742 | [Train Loss: 0.8381]
L000743 | [Train F1: 0.6624428862708752]
L000744 | [Train Acc: 0.6676283900750144]
L000745 | [Dev Loss: 1.1843]
L000746 | [Dev F1: 0.4701007068395441]
L000747 | [Dev Acc: 0.49754500818330605]
L000748 | 
L000749-L000764 | [REDACTED: batch progress and internal diagnostics]
L000765 | [Epoch 28] [Time: 2.0750458240509033]
L000766 | [Train Loss: 0.8076]
L000767 | [Train F1: 0.6713982556368163]
L000768 | [Train Acc: 0.6755145220234661]
L000769 | [Dev Loss: 1.2239]
L000770 | [Dev F1: 0.4446739897449573]
L000771 | [Dev Acc: 0.4795417348608838]
L000772 | 
L000773-L000788 | [REDACTED: batch progress and internal diagnostics]
L000789 | [Epoch 29] [Time: 2.141408920288086]
L000790 | [Train Loss: 0.8161]
L000791 | [Train F1: 0.6703127773069991]
L000792 | [Train Acc: 0.673398730525101]
L000793 | [Dev Loss: 1.2107]
L000794 | [Dev F1: 0.4558996228467779]
L000795 | [Dev Acc: 0.4746317512274959]
L000796 | 
L000797-L000812 | [REDACTED: batch progress and internal diagnostics]
L000813 | [Epoch 30] [Time: 2.2230772972106934]
L000814 | [Train Loss: 0.7943]
L000815 | [Train F1: 0.6791817408455858]
L000816 | [Train Acc: 0.682823619926909]
L000817 | [Dev Loss: 1.1865]
L000818 | [Dev F1: 0.4673189045072159]
L000819 | [Dev Acc: 0.4909983633387889]
L000820 | 
L000821-L000836 | [REDACTED: batch progress and internal diagnostics]
L000837 | [Epoch 31] [Time: 2.0314090251922607]
L000838 | [Train Loss: 0.7834]
L000839 | [Train F1: 0.6848765689222587]
L000840 | [Train Acc: 0.688016926331987]
L000841 | [Dev Loss: 1.1744]
L000842 | [Dev F1: 0.4728441269313966]
L000843 | [Dev Acc: 0.49427168576104746]
L000844 | 
L000845-L000860 | [REDACTED: batch progress and internal diagnostics]
L000861 | [Epoch 32] [Time: 2.200498342514038]
L000862 | [Train Loss: 0.7788]
L000863 | [Train F1: 0.6887450951853381]
L000864 | [Train Acc: 0.6914791306020388]
L000865 | [Dev Loss: 1.1961]
L000866 | [Dev F1: 0.45737781830308816]
L000867 | [Dev Acc: 0.48117839607201307]
L000868 | 
L000869-L000884 | [REDACTED: batch progress and internal diagnostics]
L000885 | [Epoch 33] [Time: 2.1522114276885986]
L000886 | [Train Loss: 0.7663]
L000887 | [Train F1: 0.6929729108206167]
L000888 | [Train Acc: 0.6964800923254472]
L000889 | [Dev Loss: 1.2232]
L000890 | [Dev F1: 0.44696282972189344]
L000891 | [Dev Acc: 0.4713584288052373]
L000892 | 
L000893-L000908 | [REDACTED: batch progress and internal diagnostics]
L000909 | [Epoch 34] [Time: 2.2198004722595215]
L000910 | [Train Loss: 0.7521]
L000911 | [Train F1: 0.6994943731945513]
L000912 | [Train Acc: 0.7026351221388729]
L000913 | [Dev Loss: 1.192]
L000914 | [Dev F1: 0.4570732875074896]
L000915 | [Dev Acc: 0.48117839607201307]
L000916 | 
L000917-L000932 | [REDACTED: batch progress and internal diagnostics]
L000933 | [Epoch 35] [Time: 2.0510833263397217]
L000934 | [Train Loss: 0.748]
L000935 | [Train F1: 0.7000465608562082]
L000936 | [Train Acc: 0.7018657434121947]
L000937 | [Dev Loss: 1.1814]
L000938 | [Dev F1: 0.4722236457061068]
L000939 | [Dev Acc: 0.49427168576104746]
L000940 | 
L000941-L000956 | [REDACTED: batch progress and internal diagnostics]
L000957 | [Epoch 36] [Time: 2.222123384475708]
L000958 | [Train Loss: 0.7341]
L000959 | [Train F1: 0.709769243242075]
L000960 | [Train Acc: 0.7112906328140027]
L000961 | [Dev Loss: 1.1811]
L000962 | [Dev F1: 0.45968400410693716]
L000963 | [Dev Acc: 0.4795417348608838]
L000964 | 
L000965-L000980 | [REDACTED: batch progress and internal diagnostics]
L000981 | [Epoch 37] [Time: 2.1827378273010254]
L000982 | [Train Loss: 0.7343]
L000983 | [Train F1: 0.7055987324054863]
L000984 | [Train Acc: 0.7080207732256203]
L000985 | [Dev Loss: 1.2085]
L000986 | [Dev F1: 0.455798439599129]
L000987 | [Dev Acc: 0.486088379705401]
L000988 | 
L000989-L001004 | [REDACTED: batch progress and internal diagnostics]
L001005 | [Epoch 38] [Time: 2.130058765411377]
L001006 | [Train Loss: 0.7259]
L001007 | [Train F1: 0.7186068064068475]
L001008 | [Train Acc: 0.7197537988074629]
L001009 | [Dev Loss: 1.1722]
L001010 | [Dev F1: 0.46481131555652294]
L001011 | [Dev Acc: 0.4877250409165303]
L001012 | 
L001013-L001028 | [REDACTED: batch progress and internal diagnostics]
L001029 | [Epoch 39] [Time: 1.9444470405578613]
L001030 | [Train Loss: 0.7125]
L001031 | [Train F1: 0.7184487032527274]
L001032 | [Train Acc: 0.7205231775341412]
L001033 | [Dev Loss: 1.1637]
L001034 | [Dev F1: 0.4744788727241344]
L001035 | [Dev Acc: 0.48936170212765956]
L001036 | 
L001037-L001052 | [REDACTED: batch progress and internal diagnostics]
L001053 | [Epoch 40] [Time: 2.0160441398620605]
L001054 | [Train Loss: 0.7018]
L001055 | [Train F1: 0.725584499654703]
L001056 | [Train Acc: 0.7282169648009232]
L001057 | [Dev Loss: 1.188]
L001058 | [Dev F1: 0.45854997963219823]
L001059 | [Dev Acc: 0.48117839607201307]
L001060 | 
L001061-L001076 | [REDACTED: batch progress and internal diagnostics]
L001077 | [Epoch 41] [Time: 2.1260955333709717]
L001078 | [Train Loss: 0.6961]
L001079 | [Train F1: 0.7277093426703242]
L001080 | [Train Acc: 0.7301404116176188]
L001081 | [Dev Loss: 1.1851]
L001082 | [Dev F1: 0.45412668438870574]
L001083 | [Dev Acc: 0.4795417348608838]
L001084 | 
L001085-L001100 | [REDACTED: batch progress and internal diagnostics]
L001101 | [Epoch 42] [Time: 2.2090792655944824]
L001102 | [Train Loss: 0.6845]
L001103 | [Train F1: 0.7323421566041558]
L001104 | [Train Acc: 0.7337949605693402]
L001105 | [Dev Loss: 1.1907]
L001106 | [Dev F1: 0.4514223007479001]
L001107 | [Dev Acc: 0.4746317512274959]
L001108 | 
L001109-L001124 | [REDACTED: batch progress and internal diagnostics]
L001125 | [Epoch 43] [Time: 2.056537389755249]
L001126 | [Train Loss: 0.6726]
L001127 | [Train F1: 0.7333880411860062]
L001128 | [Train Acc: 0.7345643392960185]
L001129 | [Dev Loss: 1.19]
L001130 | [Dev F1: 0.4577144888370035]
L001131 | [Dev Acc: 0.4795417348608838]
L001132 | 
L001133-L001148 | [REDACTED: batch progress and internal diagnostics]
L001149 | [Epoch 44] [Time: 2.0574417114257812]
L001150 | [Train Loss: 0.651]
L001151 | [Train F1: 0.7432749326775593]
L001152 | [Train Acc: 0.7451432967878439]
L001153 | [Dev Loss: 1.1805]
L001154 | [Dev F1: 0.47231392756933976]
L001155 | [Dev Acc: 0.4909983633387889]
L001156 | 
L001157-L001172 | [REDACTED: batch progress and internal diagnostics]
L001173 | [Epoch 45] [Time: 2.2127370834350586]
L001174 | [Train Loss: 0.6528]
L001175 | [Train F1: 0.7463773068216462]
L001176 | [Train Acc: 0.7474514329678784]
L001177 | [Dev Loss: 1.1998]
L001178 | [Dev F1: 0.45987488848669156]
L001179 | [Dev Acc: 0.4746317512274959]
L001180 | 
L001181-L001196 | [REDACTED: batch progress and internal diagnostics]
L001197 | [Epoch 46] [Time: 2.257760763168335]
L001198 | [Train Loss: 0.6491]
L001199 | [Train F1: 0.7433796247906824]
L001200 | [Train Acc: 0.7451432967878439]
L001201 | [Dev Loss: 1.1911]
L001202 | [Dev F1: 0.45917250950673766]
L001203 | [Dev Acc: 0.486088379705401]
L001204 | 
L001205-L001220 | [REDACTED: batch progress and internal diagnostics]
L001221 | [Epoch 47] [Time: 2.1882071495056152]
L001222 | [Train Loss: 0.6483]
L001223 | [Train F1: 0.7483925668371126]
L001224 | [Train Acc: 0.7497595691479131]
L001225 | [Dev Loss: 1.1717]
L001226 | [Dev F1: 0.46263349008913907]
L001227 | [Dev Acc: 0.4844517184942717]
L001228 | 
L001229-L001244 | [REDACTED: batch progress and internal diagnostics]
L001245 | [Epoch 48] [Time: 2.1423470973968506]
L001246 | [Train Loss: 0.643]
L001247 | [Train F1: 0.7543549242314135]
L001248 | [Train Acc: 0.7555299095979996]
L001249 | [Dev Loss: 1.1868]
L001250 | [Dev F1: 0.47487652616732373]
L001251 | [Dev Acc: 0.49263502454991814]
L001252 | 
L001253-L001268 | [REDACTED: batch progress and internal diagnostics]
L001269 | [Epoch 49] [Time: 2.1648802757263184]
L001270 | [Train Loss: 0.6281]
L001271 | [Train F1: 0.7582189557474494]
L001272 | [Train Acc: 0.7589921138680515]
L001273 | [Dev Loss: 1.2058]
L001274 | [Dev F1: 0.4548231399716531]
L001275 | [Dev Acc: 0.4746317512274959]
L001276 | 
L001277-L001292 | [REDACTED: batch progress and internal diagnostics]
L001293 | [Epoch 50] [Time: 2.0764410495758057]
L001294 | [Train Loss: 0.6211]
L001295 | [Train F1: 0.76115736907761]
L001296 | [Train Acc: 0.7624543181381035]
L001297 | [Dev Loss: 1.2181]
L001298 | [Dev F1: 0.460223748631233]
L001299 | [Dev Acc: 0.4779050736497545]
L001300 | 
L001301-L001316 | [REDACTED: batch progress and internal diagnostics]
L001317 | [Epoch 51] [Time: 2.185826301574707]
L001318 | [Train Loss: 0.6045]
L001319 | [Train F1: 0.770779967263616]
L001320 | [Train Acc: 0.7713021734949028]
L001321 | [Dev Loss: 1.1921]
L001322 | [Dev F1: 0.4599309175862736]
L001323 | [Dev Acc: 0.4828150572831424]
L001324 | 
L001325-L001340 | [REDACTED: batch progress and internal diagnostics]
L001341 | [Epoch 52] [Time: 2.1681435108184814]
L001342 | [Train Loss: 0.5815]
L001343 | [Train F1: 0.7774328037381624]
L001344 | [Train Acc: 0.7784189267166762]
L001345 | [Dev Loss: 1.1858]
L001346 | [Dev F1: 0.4585587731501142]
L001347 | [Dev Acc: 0.4828150572831424]
L001348 | 
L001349-L001364 | [REDACTED: batch progress and internal diagnostics]
L001365 | [Epoch 53] [Time: 2.10325288772583]
L001366 | [Train Loss: 0.5827]
L001367 | [Train F1: 0.7734060071175862]
L001368 | [Train Acc: 0.7743796884016156]
L001369 | [Dev Loss: 1.2116]
L001370 | [Dev F1: 0.4478768495774911]
L001371 | [Dev Acc: 0.47299509001636664]
L001372 | 
L001373-L001388 | [REDACTED: batch progress and internal diagnostics]
L001389 | [Epoch 54] [Time: 2.229353189468384]
L001390 | [Train Loss: 0.5709]
L001391 | [Train F1: 0.7815335477309829]
L001392 | [Train Acc: 0.7824581650317368]
L001393 | [Dev Loss: 1.217]
L001394 | [Dev F1: 0.45433070774429046]
L001395 | [Dev Acc: 0.4746317512274959]
L001396 | 
L001397-L001412 | [REDACTED: batch progress and internal diagnostics]
L001413 | [Epoch 55] [Time: 2.2527425289154053]
L001414 | [Train Loss: 0.5583]
L001415 | [Train F1: 0.7916609561545198]
L001416 | [Train Acc: 0.7920753991152145]
L001417 | [Dev Loss: 1.1649]
L001418 | [Dev F1: 0.4710898533550907]
L001419 | [Dev Acc: 0.49263502454991814]
L001420 | 
L001421-L001436 | [REDACTED: batch progress and internal diagnostics]
L001437 | [Epoch 56] [Time: 2.2191309928894043]
L001438 | [Train Loss: 0.5548]
L001439 | [Train F1: 0.7883091272205749]
L001440 | [Train Acc: 0.7888055395268321]
L001441 | [Dev Loss: 1.172]
L001442 | [Dev F1: 0.48834725572762017]
L001443 | [Dev Acc: 0.5090016366612111]
L001444 | 
L001445-L001460 | [REDACTED: batch progress and internal diagnostics]
L001461 | [Epoch 57] [Time: 2.144270658493042]
L001462 | [Train Loss: 0.5521]
L001463 | [Train F1: 0.7905933200560027]
L001464 | [Train Acc: 0.7914983650702058]
L001465 | [Dev Loss: 1.1816]
L001466 | [Dev F1: 0.4785638838475077]
L001467 | [Dev Acc: 0.49263502454991814]
L001468 | 
L001469-L001484 | [REDACTED: batch progress and internal diagnostics]
L001485 | [Epoch 58] [Time: 2.2052669525146484]
L001486 | [Train Loss: 0.5492]
L001487 | [Train F1: 0.7902811579783862]
L001488 | [Train Acc: 0.7911136757068667]
L001489 | [Dev Loss: 1.1687]
L001490 | [Dev F1: 0.4978876953421498]
L001491 | [Dev Acc: 0.5171849427168577]
L001492 | 
L001493-L001508 | [REDACTED: batch progress and internal diagnostics]
L001509 | [Epoch 59] [Time: 2.0662975311279297]
L001510 | [Train Loss: 0.5399]
L001511 | [Train F1: 0.7909088855479307]
L001512 | [Train Acc: 0.7914983650702058]
L001513 | [Dev Loss: 1.1495]
L001514 | [Dev F1: 0.4906053903452109]
L001515 | [Dev Acc: 0.5073649754500819]
L001516 | 
L001517-L001532 | [REDACTED: batch progress and internal diagnostics]
L001533 | [Epoch 60] [Time: 2.271944999694824]
L001534 | [Train Loss: 0.5415]
L001535 | [Train F1: 0.794848366204535]
L001536 | [Train Acc: 0.795729948066936]
L001537 | [Dev Loss: 1.1752]
L001538 | [Dev F1: 0.4733449048570919]
L001539 | [Dev Acc: 0.4877250409165303]
L001540 | 
L001541-L001556 | [REDACTED: batch progress and internal diagnostics]
L001557 | [Epoch 61] [Time: 2.143127679824829]
L001558 | [Train Loss: 0.5322]
L001559 | [Train F1: 0.7950242171446442]
L001560 | [Train Acc: 0.7959222927486055]
L001561 | [Dev Loss: 1.1968]
L001562 | [Dev F1: 0.4778216508590957]
L001563 | [Dev Acc: 0.49754500818330605]
L001564 | 
L001565-L001580 | [REDACTED: batch progress and internal diagnostics]
L001581 | [Epoch 62] [Time: 2.1713733673095703]
L001582 | [Train Loss: 0.5223]
L001583 | [Train F1: 0.8042445065828809]
L001584 | [Train Acc: 0.8047701481054049]
L001585 | [Dev Loss: 1.1971]
L001586 | [Dev F1: 0.48664529719238414]
L001587 | [Dev Acc: 0.502454991816694]
L001588 | 
L001589-L001604 | [REDACTED: batch progress and internal diagnostics]
L001605 | [Epoch 63] [Time: 2.0894887447357178]
L001606 | [Train Loss: 0.5257]
L001607 | [Train F1: 0.789091714969788]
L001608 | [Train Acc: 0.7897672629351798]
L001609 | [Dev Loss: 1.2418]
L001610 | [Dev F1: 0.46289932379505827]
L001611 | [Dev Acc: 0.48117839607201307]
L001612 | 
L001613-L001628 | [REDACTED: batch progress and internal diagnostics]
L001629 | [Epoch 64] [Time: 2.1073110103607178]
L001630 | [Train Loss: 0.5148]
L001631 | [Train F1: 0.8074644392917933]
L001632 | [Train Acc: 0.8078476630121177]
L001633 | [Dev Loss: 1.2096]
L001634 | [Dev F1: 0.48460261158563006]
L001635 | [Dev Acc: 0.49754500818330605]
L001636 | 
L001637-L001652 | [REDACTED: batch progress and internal diagnostics]
L001653 | [Epoch 65] [Time: 2.0239627361297607]
L001654 | [Train Loss: 0.5088]
L001655 | [Train F1: 0.8024398889496965]
L001656 | [Train Acc: 0.8036160800153875]
L001657 | [Dev Loss: 1.1949]
L001658 | [Dev F1: 0.49203932688146995]
L001659 | [Dev Acc: 0.5090016366612111]
L001660 | 
L001661-L001676 | [REDACTED: batch progress and internal diagnostics]
L001677 | [Epoch 66] [Time: 2.2282838821411133]
L001678 | [Train Loss: 0.5037]
L001679 | [Train F1: 0.8115748589685224]
L001680 | [Train Acc: 0.8122715906905174]
L001681 | [Dev Loss: 1.1871]
L001682 | [Dev F1: 0.48277716462845083]
L001683 | [Dev Acc: 0.4959083469721768]
L001684 | 
L001685-L001700 | [REDACTED: batch progress and internal diagnostics]
L001701 | [Epoch 67] [Time: 2.21943998336792]
L001702 | [Train Loss: 0.4999]
L001703 | [Train F1: 0.8109144891801598]
L001704 | [Train Acc: 0.8113098672821697]
L001705 | [Dev Loss: 1.1806]
L001706 | [Dev F1: 0.49621901384363964]
L001707 | [Dev Acc: 0.5040916530278232]
L001708 | 
L001709-L001724 | [REDACTED: batch progress and internal diagnostics]
L001725 | [Epoch 68] [Time: 2.201836585998535]
L001726 | [Train Loss: 0.4954]
L001727 | [Train F1: 0.8126918973458541]
L001728 | [Train Acc: 0.8132333140988651]
L001729 | [Dev Loss: 1.1808]
L001730 | [Dev F1: 0.49209816918230614]
L001731 | [Dev Acc: 0.5073649754500819]
L001732 | 
L001733-L001748 | [REDACTED: batch progress and internal diagnostics]
L001749 | [Epoch 69] [Time: 2.1563446521759033]
L001750 | [Train Loss: 0.4864]
L001751 | [Train F1: 0.8124291673290812]
L001752 | [Train Acc: 0.8126562800538565]
L001753 | [Dev Loss: 1.1677]
L001754 | [Dev F1: 0.5065285114963664]
L001755 | [Dev Acc: 0.5122749590834698]
L001756 | 
L001757-L001772 | [REDACTED: batch progress and internal diagnostics]
L001773 | [Epoch 70] [Time: 2.079352855682373]
L001774 | [Train Loss: 0.4943]
L001775 | [Train F1: 0.8098144674162248]
L001776 | [Train Acc: 0.8101557991921523]
L001777 | [Dev Loss: 1.19]
L001778 | [Dev F1: 0.513950331643288]
L001779 | [Dev Acc: 0.5204582651391162]
L001780 | 
L001781-L001796 | [REDACTED: batch progress and internal diagnostics]
L001797 | [Epoch 71] [Time: 2.3048698902130127]
L001798 | [Train Loss: 0.4857]
L001799 | [Train F1: 0.8170303527174487]
L001800 | [Train Acc: 0.8178495864589345]
L001801 | [Dev Loss: 1.2243]
L001802 | [Dev F1: 0.48413317098256453]
L001803 | [Dev Acc: 0.49754500818330605]
L001804 | 
L001805-L001820 | [REDACTED: batch progress and internal diagnostics]
L001821 | [Epoch 72] [Time: 2.136625289916992]
L001822 | [Train Loss: 0.4678]
L001823 | [Train F1: 0.8299450687703194]
L001824 | [Train Acc: 0.8301596460857857]
L001825 | [Dev Loss: 1.2085]
L001826 | [Dev F1: 0.4959904604009443]
L001827 | [Dev Acc: 0.5040916530278232]
L001828 | 
L001829-L001844 | [REDACTED: batch progress and internal diagnostics]
L001845 | [Epoch 73] [Time: 2.2231101989746094]
L001846 | [Train Loss: 0.4698]
L001847 | [Train F1: 0.8230487625950781]
L001848 | [Train Acc: 0.8234275822273515]
L001849 | [Dev Loss: 1.2457]
L001850 | [Dev F1: 0.4787912576395063]
L001851 | [Dev Acc: 0.4959083469721768]
L001852 | 
L001853-L001868 | [REDACTED: batch progress and internal diagnostics]
L001869 | [Epoch 74] [Time: 2.2306275367736816]
L001870 | [Train Loss: 0.4592]
L001871 | [Train F1: 0.8333623167256928]
L001872 | [Train Acc: 0.8338141950375072]
L001873 | [Dev Loss: 1.2631]
L001874 | [Dev F1: 0.4838392830144219]
L001875 | [Dev Acc: 0.5008183306055647]
L001876 | 
L001877-L001892 | [REDACTED: batch progress and internal diagnostics]
L001893 | [Epoch 75] [Time: 2.1222903728485107]
L001894 | [Train Loss: 0.4574]
L001895 | [Train F1: 0.8310566595643543]
L001896 | [Train Acc: 0.831313714175803]
L001897 | [Dev Loss: 1.2448]
L001898 | [Dev F1: 0.47895301173197713]
L001899 | [Dev Acc: 0.49427168576104746]
L001900 | 
L001901-L001916 | [REDACTED: batch progress and internal diagnostics]
L001917 | [Epoch 76] [Time: 2.2275454998016357]
L001918 | [Train Loss: 0.4514]
L001919 | [Train F1: 0.8323289503713052]
L001920 | [Train Acc: 0.8326601269474899]
L001921 | [Dev Loss: 1.2539]
L001922 | [Dev F1: 0.4856070053932355]
L001923 | [Dev Acc: 0.5008183306055647]
L001924 | 
L001925-L001940 | [REDACTED: batch progress and internal diagnostics]
L001941 | [Epoch 77] [Time: 2.172584056854248]
L001942 | [Train Loss: 0.4462]
L001943 | [Train F1: 0.8375618243785161]
L001944 | [Train Acc: 0.8378534333525678]
L001945 | [Dev Loss: 1.222]
L001946 | [Dev F1: 0.49606368629000036]
L001947 | [Dev Acc: 0.5040916530278232]
L001948 | 
L001949-L001964 | [REDACTED: batch progress and internal diagnostics]
L001965 | [Epoch 78] [Time: 2.1378564834594727]
L001966 | [Train Loss: 0.4399]
L001967 | [Train F1: 0.8358083815066482]
L001968 | [Train Acc: 0.8363146758992114]
L001969 | [Dev Loss: 1.2634]
L001970 | [Dev F1: 0.48721776833499214]
L001971 | [Dev Acc: 0.49754500818330605]
L001972 | 
L001973-L001988 | [REDACTED: batch progress and internal diagnostics]
L001989 | [Epoch 79] [Time: 2.1299867630004883]
L001990 | [Train Loss: 0.4355]
L001991 | [Train F1: 0.8435324127826911]
L001992 | [Train Acc: 0.844200807847663]
L001993 | [Dev Loss: 1.2337]
L001994 | [Dev F1: 0.4957273306578448]
L001995 | [Dev Acc: 0.5040916530278232]
L001996 | 
L001997-L002012 | [REDACTED: batch progress and internal diagnostics]
L002013 | [Epoch 80] [Time: 2.0538971424102783]
L002014 | [Train Loss: 0.4359]
L002015 | [Train F1: 0.8379236789542271]
L002016 | [Train Acc: 0.8382381227159069]
L002017 | [Dev Loss: 1.2755]
L002018 | [Dev F1: 0.4826858483939704]
L002019 | [Dev Acc: 0.4959083469721768]
L002020 | 
L002021-L002036 | [REDACTED: batch progress and internal diagnostics]
L002037 | [Epoch 81] [Time: 2.2141847610473633]
L002038 | [Train Loss: 0.4338]
L002039 | [Train F1: 0.8387243699751628]
L002040 | [Train Acc: 0.8388151567609156]
L002041 | [Dev Loss: 1.2724]
L002042 | [Dev F1: 0.4814954695186614]
L002043 | [Dev Acc: 0.4959083469721768]
L002044 | 
L002045-L002060 | [REDACTED: batch progress and internal diagnostics]
L002061 | [Epoch 82] [Time: 2.20588755607605]
L002062 | [Train Loss: 0.4266]
L002063 | [Train F1: 0.8453222298280582]
L002064 | [Train Acc: 0.8457395653010195]
L002065 | [Dev Loss: 1.2645]
L002066 | [Dev F1: 0.49653108541763114]
L002067 | [Dev Acc: 0.502454991816694]
L002068 | 
L002069-L002084 | [REDACTED: batch progress and internal diagnostics]
L002085 | [Epoch 83] [Time: 2.0226101875305176]
L002086 | [Train Loss: 0.4074]
L002087 | [Train F1: 0.8556122521542644]
L002088 | [Train Acc: 0.8559338334295057]
L002089 | [Dev Loss: 1.2623]
L002090 | [Dev F1: 0.49100597511586247]
L002091 | [Dev Acc: 0.502454991816694]
L002092 | 
L002093-L002108 | [REDACTED: batch progress and internal diagnostics]
L002109 | [Epoch 84] [Time: 2.1700308322906494]
L002110 | [Train Loss: 0.4174]
L002111 | [Train F1: 0.8478509164380666]
L002112 | [Train Acc: 0.848047701481054]
L002113 | [Dev Loss: 1.2543]
L002114 | [Dev F1: 0.5054813706214233]
L002115 | [Dev Acc: 0.5155482815057283]
L002116 | 
L002117-L002132 | [REDACTED: batch progress and internal diagnostics]
L002133 | [Epoch 85] [Time: 2.1806182861328125]
L002134 | [Train Loss: 0.4078]
L002135 | [Train F1: 0.8510203947738411]
L002136 | [Train Acc: 0.8513175610694365]
L002137 | [Dev Loss: 1.2635]
L002138 | [Dev F1: 0.5035895011479185]
L002139 | [Dev Acc: 0.5090016366612111]
L002140 | 
L002141-L002156 | [REDACTED: batch progress and internal diagnostics]
L002157 | [Epoch 86] [Time: 2.2008984088897705]
L002158 | [Train Loss: 0.41]
L002159 | [Train F1: 0.8489513143302216]
L002160 | [Train Acc: 0.8492017695710714]
L002161 | [Dev Loss: 1.2639]
L002162 | [Dev F1: 0.4967157501087499]
L002163 | [Dev Acc: 0.5057283142389526]
L002164 | 
L002165-L002180 | [REDACTED: batch progress and internal diagnostics]
L002181 | [Epoch 87] [Time: 2.225911855697632]
L002182 | [Train Loss: 0.4005]
L002183 | [Train F1: 0.8547247969310924]
L002184 | [Train Acc: 0.8549721100211579]
L002185 | [Dev Loss: 1.3134]
L002186 | [Dev F1: 0.4909462382162999]
L002187 | [Dev Acc: 0.5040916530278232]
L002188 | 
L002189-L002204 | [REDACTED: batch progress and internal diagnostics]
L002205 | [Epoch 88] [Time: 2.0723471641540527]
L002206 | [Train Loss: 0.3953]
L002207 | [Train F1: 0.8520202820412643]
L002208 | [Train Acc: 0.8520869397961146]
L002209 | [Dev Loss: 1.37]
L002210 | [Dev F1: 0.48484239405809687]
L002211 | [Dev Acc: 0.5008183306055647]
L002212 | 
L002213-L002228 | [REDACTED: batch progress and internal diagnostics]
L002229 | [Epoch 89] [Time: 2.290449857711792]
L002230 | [Train Loss: 0.4011]
L002231 | [Train F1: 0.8487323487557289]
L002232 | [Train Acc: 0.8490094248894018]
L002233 | [Dev Loss: 1.3163]
L002234 | [Dev F1: 0.49735894330127267]
L002235 | [Dev Acc: 0.5090016366612111]
L002236 | 
L002237-L002252 | [REDACTED: batch progress and internal diagnostics]
L002253 | [Epoch 90] [Time: 2.237725257873535]
L002254 | [Train Loss: 0.3936]
L002255 | [Train F1: 0.8575005238341842]
L002256 | [Train Acc: 0.8576649355645316]
L002257 | [Dev Loss: 1.3673]
L002258 | [Dev F1: 0.4656783128657238]
L002259 | [Dev Acc: 0.4795417348608838]
L002260 | 
L002261-L002276 | [REDACTED: batch progress and internal diagnostics]
L002277 | [Epoch 91] [Time: 2.209594964981079]
L002278 | [Train Loss: 0.3984]
L002279 | [Train F1: 0.853030161887587]
L002280 | [Train Acc: 0.8530486632044624]
L002281 | [Dev Loss: 1.3254]
L002282 | [Dev F1: 0.48764076329713557]
L002283 | [Dev Acc: 0.5008183306055647]
L002284 | 
L002285-L002300 | [REDACTED: batch progress and internal diagnostics]
L002301 | [Epoch 92] [Time: 2.3329355716705322]
L002302 | [Train Loss: 0.3819]
L002303 | [Train F1: 0.8624139208982645]
L002304 | [Train Acc: 0.8628582419696096]
L002305 | [Dev Loss: 1.3361]
L002306 | [Dev F1: 0.47754745780442653]
L002307 | [Dev Acc: 0.49427168576104746]
L002308 | 
L002309-L002324 | [REDACTED: batch progress and internal diagnostics]
L002325 | [Epoch 93] [Time: 2.1651711463928223]
L002326 | [Train Loss: 0.3735]
L002327 | [Train F1: 0.8588684455256882]
L002328 | [Train Acc: 0.858819003654549]
L002329 | [Dev Loss: 1.3344]
L002330 | [Dev F1: 0.48034834943319965]
L002331 | [Dev Acc: 0.4909983633387889]
L002332 | 
L002333-L002348 | [REDACTED: batch progress and internal diagnostics]
L002349 | [Epoch 94] [Time: 2.257340431213379]
L002350 | [Train Loss: 0.3802]
L002351 | [Train F1: 0.8589651904100145]
L002352 | [Train Acc: 0.8593960376995576]
L002353 | [Dev Loss: 1.3894]
L002354 | [Dev F1: 0.46662653257725706]
L002355 | [Dev Acc: 0.4795417348608838]
L002356 | 
L002357-L002372 | [REDACTED: batch progress and internal diagnostics]
L002373 | [Epoch 95] [Time: 2.205082654953003]
L002374 | [Train Loss: 0.3719]
L002375 | [Train F1: 0.8690341453380901]
L002376 | [Train Acc: 0.8692056164647047]
L002377 | [Dev Loss: 1.3386]
L002378 | [Dev F1: 0.4933999878552575]
L002379 | [Dev Acc: 0.502454991816694]
L002380 | Early stopping at epoch: 95
L002381 | Last model
L002382 |               precision    recall  f1-score   support
L002383 | 
L002384 |          hap     0.5288    0.3819    0.4435       144
L002385 |          sad     0.7731    0.7510    0.7619       245
L002386 |          neu     0.5541    0.6536    0.5998       384
L002387 |          ang     0.6370    0.5471    0.5886       170
L002388 |          exc     0.6861    0.7090    0.6974       299
L002389 |          fru     0.5952    0.5827    0.5889       381
L002390 | 
L002391 |     accuracy                         0.6266      1623
L002392 |    macro avg     0.6290    0.6042    0.6133      1623
L002393 | weighted avg     0.6276    0.6266    0.6246      1623
L002394 | 
L002395 | Best model at epoch: 70
L002396 | Best dev F1: 0.513950331643288
L002397 |               precision    recall  f1-score   support
L002398 | 
L002399 |          hap     0.5393    0.3333    0.4120       144
L002400 |          sad     0.7902    0.7224    0.7548       245
L002401 |          neu     0.5558    0.7135    0.6249       384
L002402 |          ang     0.6351    0.5529    0.5912       170
L002403 |          exc     0.6695    0.7860    0.7231       299
L002404 |          fru     0.6352    0.5302    0.5780       381
L002405 | 
L002406 |     accuracy                         0.6346      1623
L002407 |    macro avg     0.6375    0.6064    0.6140      1623
L002408 | weighted avg     0.6376    0.6346    0.6291      1623
L002409 | 
L002410 | Best test F1: 0.6291498868971429
L002411 | Best test Acc: 0.6346272335181762
L002412 | [SANITIZED] Saved checkpoint: [path and filename removed]
