# Redacted copy of an existing run log.
# run_id: G10-seed4
# dataset: IEMOCAP
# model: MMGCN+AMBER
# imr: (0.5,0.7,0.3)
# seed_alias: seed4
# original_log_sha256: 197485826dd5edcb0ac9a5437af6f30b92ef2c3e215cb90b36a6420b88f4e6d6
# source_record_status: ok
# source_record_process_return_code: 3221226505
# L numbers refer to source logical lines; REDACTED/SANITIZED text is editorial.
L000001-L000065 | [REDACTED: configuration or implementation details]
L000066 | [SANITIZED] Seed alias: seed4
L000067 | 
L000068-L000069 | [REDACTED: batch progress and internal diagnostics]
L000070 | 
L000071-L000072 | [REDACTED: batch progress and internal diagnostics]
L000073 | 
L000074-L000075 | [REDACTED: batch progress and internal diagnostics]
L000076 | 
L000077-L000092 | [REDACTED: batch progress and internal diagnostics]
L000093 | [Epoch 0] [Time: 2.548252820968628]
L000094 | [Train Loss: 1.8134]
L000095 | [Train F1: 0.21669097011035068]
L000096 | [Train Acc: 0.22211556920714148]
L000097 | [Dev Loss: 1.6221]
L000098 | [Dev F1: 0.32238920444162766]
L000099 | [Dev Acc: 0.389351081530782]
L000100 | 
L000101-L000116 | [REDACTED: batch progress and internal diagnostics]
L000117 | [Epoch 1] [Time: 2.1291427612304688]
L000118 | [Train Loss: 1.7105]
L000119 | [Train F1: 0.2551895023111554]
L000120 | [Train Acc: 0.2745248608178153]
L000121 | [Dev Loss: 1.5848]
L000122 | [Dev F1: 0.3186277057872386]
L000123 | [Dev Acc: 0.32945091514143093]
L000124 | 
L000125-L000140 | [REDACTED: batch progress and internal diagnostics]
L000141 | [Epoch 2] [Time: 2.03794002532959]
L000142 | [Train Loss: 1.6281]
L000143 | [Train F1: 0.2951224991723002]
L000144 | [Train Acc: 0.3167594547897869]
L000145 | [Dev Loss: 1.5401]
L000146 | [Dev F1: 0.3561108422984021]
L000147 | [Dev Acc: 0.3843594009983361]
L000148 | 
L000149-L000164 | [REDACTED: batch progress and internal diagnostics]
L000165 | [Epoch 3] [Time: 2.1198770999908447]
L000166 | [Train Loss: 1.5977]
L000167 | [Train F1: 0.31996128213113295]
L000168 | [Train Acc: 0.3409483586100979]
L000169 | [Dev Loss: 1.5088]
L000170 | [Dev F1: 0.37050765655940915]
L000171 | [Dev Acc: 0.4059900166389351]
L000172 | 
L000173-L000188 | [REDACTED: batch progress and internal diagnostics]
L000189 | [Epoch 4] [Time: 2.04179048538208]
L000190 | [Train Loss: 1.5322]
L000191 | [Train F1: 0.3552965637053238]
L000192 | [Train Acc: 0.370512574390478]
L000193 | [Dev Loss: 1.4763]
L000194 | [Dev F1: 0.39757527002573223]
L000195 | [Dev Acc: 0.4176372712146423]
L000196 | 
L000197-L000212 | [REDACTED: batch progress and internal diagnostics]
L000213 | [Epoch 5] [Time: 2.158127784729004]
L000214 | [Train Loss: 1.4841]
L000215 | [Train F1: 0.3718085452318024]
L000216 | [Train Acc: 0.3833749280092148]
L000217 | [Dev Loss: 1.4383]
L000218 | [Dev F1: 0.4067138404061024]
L000219 | [Dev Acc: 0.4292845257903494]
L000220 | 
L000221-L000236 | [REDACTED: batch progress and internal diagnostics]
L000237 | [Epoch 6] [Time: 2.1081626415252686]
L000238 | [Train Loss: 1.4291]
L000239 | [Train F1: 0.4062934498969241]
L000240 | [Train Acc: 0.4160107506239201]
L000241 | [Dev Loss: 1.4001]
L000242 | [Dev F1: 0.40636567170034876]
L000243 | [Dev Acc: 0.4292845257903494]
L000244 | 
L000245-L000260 | [REDACTED: batch progress and internal diagnostics]
L000261 | [Epoch 7] [Time: 2.2265942096710205]
L000262 | [Train Loss: 1.393]
L000263 | [Train F1: 0.41971661906193986]
L000264 | [Train Acc: 0.4290650796698023]
L000265 | [Dev Loss: 1.3628]
L000266 | [Dev F1: 0.42592255487951025]
L000267 | [Dev Acc: 0.4475873544093178]
L000268 | 
L000269-L000284 | [REDACTED: batch progress and internal diagnostics]
L000285 | [Epoch 8] [Time: 2.1482086181640625]
L000286 | [Train Loss: 1.3506]
L000287 | [Train F1: 0.4437264452375697]
L000288 | [Train Acc: 0.4536379343444039]
L000289 | [Dev Loss: 1.3287]
L000290 | [Dev F1: 0.428064821727456]
L000291 | [Dev Acc: 0.4475873544093178]
L000292 | 
L000293-L000308 | [REDACTED: batch progress and internal diagnostics]
L000309 | [Epoch 9] [Time: 2.185875415802002]
L000310 | [Train Loss: 1.3006]
L000311 | [Train F1: 0.45538375772883494]
L000312 | [Train Acc: 0.4670762142445767]
L000313 | [Dev Loss: 1.3056]
L000314 | [Dev F1: 0.430135845404545]
L000315 | [Dev Acc: 0.4475873544093178]
L000316 | 
L000317-L000332 | [REDACTED: batch progress and internal diagnostics]
L000333 | [Epoch 10] [Time: 2.1754987239837646]
L000334 | [Train Loss: 1.2789]
L000335 | [Train F1: 0.4589168324485903]
L000336 | [Train Acc: 0.467844115953158]
L000337 | [Dev Loss: 1.2821]
L000338 | [Dev F1: 0.44949350507276026]
L000339 | [Dev Acc: 0.46256239600665555]
L000340 | 
L000341-L000356 | [REDACTED: batch progress and internal diagnostics]
L000357 | [Epoch 11] [Time: 2.247542381286621]
L000358 | [Train Loss: 1.2262]
L000359 | [Train F1: 0.4913310382078229]
L000360 | [Train Acc: 0.5022077174121713]
L000361 | [Dev Loss: 1.2574]
L000362 | [Dev F1: 0.45242284573862834]
L000363 | [Dev Acc: 0.46921797004991683]
L000364 | 
L000365-L000380 | [REDACTED: batch progress and internal diagnostics]
L000381 | [Epoch 12] [Time: 2.190793752670288]
L000382 | [Train Loss: 1.1914]
L000383 | [Train F1: 0.510892831271426]
L000384 | [Train Acc: 0.5200614321366865]
L000385 | [Dev Loss: 1.2246]
L000386 | [Dev F1: 0.4567758573348026]
L000387 | [Dev Acc: 0.47753743760399336]
L000388 | 
L000389-L000404 | [REDACTED: batch progress and internal diagnostics]
L000405 | [Epoch 13] [Time: 2.179661750793457]
L000406 | [Train Loss: 1.1601]
L000407 | [Train F1: 0.5208332660747659]
L000408 | [Train Acc: 0.5300441543482435]
L000409 | [Dev Loss: 1.2158]
L000410 | [Dev F1: 0.4515939214841098]
L000411 | [Dev Acc: 0.46921797004991683]
L000412 | 
L000413-L000428 | [REDACTED: batch progress and internal diagnostics]
L000429 | [Epoch 14] [Time: 2.1000475883483887]
L000430 | [Train Loss: 1.1302]
L000431 | [Train F1: 0.5288192888943998]
L000432 | [Train Acc: 0.5375311960069111]
L000433 | [Dev Loss: 1.1891]
L000434 | [Dev F1: 0.4924329382356025]
L000435 | [Dev Acc: 0.5091514143094842]
L000436 | 
L000437-L000452 | [REDACTED: batch progress and internal diagnostics]
L000453 | [Epoch 15] [Time: 1.9545643329620361]
L000454 | [Train Loss: 1.1043]
L000455 | [Train F1: 0.5430535453888785]
L000456 | [Train Acc: 0.5517373776156652]
L000457 | [Dev Loss: 1.1814]
L000458 | [Dev F1: 0.48010011346760956]
L000459 | [Dev Acc: 0.49584026622296173]
L000460 | 
L000461-L000476 | [REDACTED: batch progress and internal diagnostics]
L000477 | [Epoch 16] [Time: 2.151376724243164]
L000478 | [Train Loss: 1.0765]
L000479 | [Train F1: 0.5559393701411358]
L000480 | [Train Acc: 0.5624880015358035]
L000481 | [Dev Loss: 1.1588]
L000482 | [Dev F1: 0.4943053603445122]
L000483 | [Dev Acc: 0.5108153078202995]
L000484 | 
L000485-L000500 | [REDACTED: batch progress and internal diagnostics]
L000501 | [Epoch 17] [Time: 2.1378746032714844]
L000502 | [Train Loss: 1.0492]
L000503 | [Train F1: 0.5693217517009159]
L000504 | [Train Acc: 0.5786139374160107]
L000505 | [Dev Loss: 1.1444]
L000506 | [Dev F1: 0.4881794800313339]
L000507 | [Dev Acc: 0.5058236272878536]
L000508 | 
L000509-L000524 | [REDACTED: batch progress and internal diagnostics]
L000525 | [Epoch 18] [Time: 2.213073492050171]
L000526 | [Train Loss: 1.0222]
L000527 | [Train F1: 0.5773653686773234]
L000528 | [Train Acc: 0.587060856210405]
L000529 | [Dev Loss: 1.1317]
L000530 | [Dev F1: 0.4923607408984177]
L000531 | [Dev Acc: 0.5074875207986689]
L000532 | 
L000533-L000548 | [REDACTED: batch progress and internal diagnostics]
L000549 | [Epoch 19] [Time: 2.2627663612365723]
L000550 | [Train Loss: 1.0048]
L000551 | [Train F1: 0.5858358227440839]
L000552 | [Train Acc: 0.5939719715876368]
L000553 | [Dev Loss: 1.1242]
L000554 | [Dev F1: 0.5120467563116191]
L000555 | [Dev Acc: 0.5257903494176372]
L000556 | 
L000557-L000572 | [REDACTED: batch progress and internal diagnostics]
L000573 | [Epoch 20] [Time: 2.1325244903564453]
L000574 | [Train Loss: 0.9863]
L000575 | [Train F1: 0.5918274190773931]
L000576 | [Train Acc: 0.5978114801305433]
L000577 | [Dev Loss: 1.1126]
L000578 | [Dev F1: 0.5026827634608253]
L000579 | [Dev Acc: 0.519134775374376]
L000580 | 
L000581-L000596 | [REDACTED: batch progress and internal diagnostics]
L000597 | [Epoch 21] [Time: 2.135152578353882]
L000598 | [Train Loss: 0.9589]
L000599 | [Train F1: 0.6052326609435507]
L000600 | [Train Acc: 0.6122096371664427]
L000601 | [Dev Loss: 1.1061]
L000602 | [Dev F1: 0.5199955335039299]
L000603 | [Dev Acc: 0.5341098169717138]
L000604 | 
L000605-L000620 | [REDACTED: batch progress and internal diagnostics]
L000621 | [Epoch 22] [Time: 2.1376852989196777]
L000622 | [Train Loss: 0.9364]
L000623 | [Train F1: 0.6164358080453455]
L000624 | [Train Acc: 0.622384334805145]
L000625 | [Dev Loss: 1.0976]
L000626 | [Dev F1: 0.5284206037380036]
L000627 | [Dev Acc: 0.540765391014975]
L000628 | 
L000629-L000644 | [REDACTED: batch progress and internal diagnostics]
L000645 | [Epoch 23] [Time: 2.1341567039489746]
L000646 | [Train Loss: 0.9278]
L000647 | [Train F1: 0.6229609022106798]
L000648 | [Train Acc: 0.6287195239009407]
L000649 | [Dev Loss: 1.0889]
L000650 | [Dev F1: 0.5254433946320288]
L000651 | [Dev Acc: 0.540765391014975]
L000652 | 
L000653-L000668 | [REDACTED: batch progress and internal diagnostics]
L000669 | [Epoch 24] [Time: 2.123014450073242]
L000670 | [Train Loss: 0.8978]
L000671 | [Train F1: 0.629464158745019]
L000672 | [Train Acc: 0.6346707621424458]
L000673 | [Dev Loss: 1.0772]
L000674 | [Dev F1: 0.5239688047339872]
L000675 | [Dev Acc: 0.540765391014975]
L000676 | 
L000677-L000692 | [REDACTED: batch progress and internal diagnostics]
L000693 | [Epoch 25] [Time: 2.240802526473999]
L000694 | [Train Loss: 0.8896]
L000695 | [Train F1: 0.6322988463513366]
L000696 | [Train Acc: 0.6396621232482242]
L000697 | [Dev Loss: 1.0832]
L000698 | [Dev F1: 0.534472321096104]
L000699 | [Dev Acc: 0.5490848585690515]
L000700 | 
L000701-L000716 | [REDACTED: batch progress and internal diagnostics]
L000717 | [Epoch 26] [Time: 2.195375680923462]
L000718 | [Train Loss: 0.8724]
L000719 | [Train F1: 0.6508176453945634]
L000720 | [Train Acc: 0.6550201574198503]
L000721 | [Dev Loss: 1.0824]
L000722 | [Dev F1: 0.5393206259864366]
L000723 | [Dev Acc: 0.5457570715474209]
L000724 | 
L000725-L000740 | [REDACTED: batch progress and internal diagnostics]
L000741 | [Epoch 27] [Time: 2.212571382522583]
L000742 | [Train Loss: 0.8478]
L000743 | [Train F1: 0.663975923748074]
L000744 | [Train Acc: 0.6680744864657324]
L000745 | [Dev Loss: 1.0722]
L000746 | [Dev F1: 0.5351097299316434]
L000747 | [Dev Acc: 0.5440931780366056]
L000748 | 
L000749-L000764 | [REDACTED: batch progress and internal diagnostics]
L000765 | [Epoch 28] [Time: 2.096061944961548]
L000766 | [Train Loss: 0.8416]
L000767 | [Train F1: 0.6572306159625088]
L000768 | [Train Acc: 0.6617392973699366]
L000769 | [Dev Loss: 1.0681]
L000770 | [Dev F1: 0.5545970574970549]
L000771 | [Dev Acc: 0.5574043261231281]
L000772 | 
L000773-L000788 | [REDACTED: batch progress and internal diagnostics]
L000789 | [Epoch 29] [Time: 2.1886065006256104]
L000790 | [Train Loss: 0.8152]
L000791 | [Train F1: 0.6815941417496507]
L000792 | [Train Acc: 0.6847763486273757]
L000793 | [Dev Loss: 1.0603]
L000794 | [Dev F1: 0.5291041214025508]
L000795 | [Dev Acc: 0.5357737104825291]
L000796 | 
L000797-L000812 | [REDACTED: batch progress and internal diagnostics]
L000813 | [Epoch 30] [Time: 2.0875632762908936]
L000814 | [Train Loss: 0.8083]
L000815 | [Train F1: 0.6788174862669915]
L000816 | [Train Acc: 0.6822806680744865]
L000817 | [Dev Loss: 1.07]
L000818 | [Dev F1: 0.542764556861484]
L000819 | [Dev Acc: 0.5490848585690515]
L000820 | 
L000821-L000836 | [REDACTED: batch progress and internal diagnostics]
L000837 | [Epoch 31] [Time: 2.190397024154663]
L000838 | [Train Loss: 0.7992]
L000839 | [Train F1: 0.6775609601604602]
L000840 | [Train Acc: 0.6807448646573239]
L000841 | [Dev Loss: 1.0489]
L000842 | [Dev F1: 0.5393198760589365]
L000843 | [Dev Acc: 0.5440931780366056]
L000844 | 
L000845-L000860 | [REDACTED: batch progress and internal diagnostics]
L000861 | [Epoch 32] [Time: 2.122771978378296]
L000862 | [Train Loss: 0.7956]
L000863 | [Train F1: 0.6813253429786951]
L000864 | [Train Acc: 0.686120176617393]
L000865 | [Dev Loss: 1.046]
L000866 | [Dev F1: 0.5445873810928921]
L000867 | [Dev Acc: 0.5507487520798668]
L000868 | 
L000869-L000884 | [REDACTED: batch progress and internal diagnostics]
L000885 | [Epoch 33] [Time: 2.2328550815582275]
L000886 | [Train Loss: 0.7742]
L000887 | [Train F1: 0.6967974527591831]
L000888 | [Train Acc: 0.6995584565175658]
L000889 | [Dev Loss: 1.0744]
L000890 | [Dev F1: 0.5366850941576629]
L000891 | [Dev Acc: 0.540765391014975]
L000892 | 
L000893-L000908 | [REDACTED: batch progress and internal diagnostics]
L000909 | [Epoch 34] [Time: 2.153867721557617]
L000910 | [Train Loss: 0.7578]
L000911 | [Train F1: 0.6935139502071496]
L000912 | [Train Acc: 0.6962948742560953]
L000913 | [Dev Loss: 1.04]
L000914 | [Dev F1: 0.5481286301552621]
L000915 | [Dev Acc: 0.5540765391014975]
L000916 | 
L000917-L000932 | [REDACTED: batch progress and internal diagnostics]
L000933 | [Epoch 35] [Time: 2.2239832878112793]
L000934 | [Train Loss: 0.7437]
L000935 | [Train F1: 0.7090816091967216]
L000936 | [Train Acc: 0.7116529084277212]
L000937 | [Dev Loss: 1.0421]
L000938 | [Dev F1: 0.5457812263465154]
L000939 | [Dev Acc: 0.5490848585690515]
L000940 | 
L000941-L000956 | [REDACTED: batch progress and internal diagnostics]
L000957 | [Epoch 36] [Time: 2.320106267929077]
L000958 | [Train Loss: 0.7404]
L000959 | [Train F1: 0.7103653313165215]
L000960 | [Train Acc: 0.7129967364177385]
L000961 | [Dev Loss: 1.058]
L000962 | [Dev F1: 0.5653033911117532]
L000963 | [Dev Acc: 0.5690515806988353]
L000964 | 
L000965-L000980 | [REDACTED: batch progress and internal diagnostics]
L000981 | [Epoch 37] [Time: 2.107039213180542]
L000982 | [Train Loss: 0.7286]
L000983 | [Train F1: 0.7085652078624738]
L000984 | [Train Acc: 0.7110769821462852]
L000985 | [Dev Loss: 1.0444]
L000986 | [Dev F1: 0.5461049734366893]
L000987 | [Dev Acc: 0.5490848585690515]
L000988 | 
L000989-L001004 | [REDACTED: batch progress and internal diagnostics]
L001005 | [Epoch 38] [Time: 2.2025508880615234]
L001006 | [Train Loss: 0.7235]
L001007 | [Train F1: 0.7173329125757012]
L001008 | [Train Acc: 0.719139950086389]
L001009 | [Dev Loss: 1.0389]
L001010 | [Dev F1: 0.5640657029494265]
L001011 | [Dev Acc: 0.5657237936772047]
L001012 | 
L001013-L001028 | [REDACTED: batch progress and internal diagnostics]
L001029 | [Epoch 39] [Time: 2.2372138500213623]
L001030 | [Train Loss: 0.722]
L001031 | [Train F1: 0.715265405607555]
L001032 | [Train Acc: 0.7172201958149357]
L001033 | [Dev Loss: 1.0286]
L001034 | [Dev F1: 0.5720773849222758]
L001035 | [Dev Acc: 0.5757071547420965]
L001036 | 
L001037-L001052 | [REDACTED: batch progress and internal diagnostics]
L001053 | [Epoch 40] [Time: 2.253206491470337]
L001054 | [Train Loss: 0.7059]
L001055 | [Train F1: 0.720664530596532]
L001056 | [Train Acc: 0.7225955077750048]
L001057 | [Dev Loss: 1.043]
L001058 | [Dev F1: 0.5555802776166482]
L001059 | [Dev Acc: 0.5590682196339434]
L001060 | 
L001061-L001076 | [REDACTED: batch progress and internal diagnostics]
L001077 | [Epoch 41] [Time: 2.265366792678833]
L001078 | [Train Loss: 0.6968]
L001079 | [Train F1: 0.7258514074983144]
L001080 | [Train Acc: 0.7279708197350739]
L001081 | [Dev Loss: 1.041]
L001082 | [Dev F1: 0.5681548693250174]
L001083 | [Dev Acc: 0.5690515806988353]
L001084 | 
L001085-L001100 | [REDACTED: batch progress and internal diagnostics]
L001101 | [Epoch 42] [Time: 2.1768858432769775]
L001102 | [Train Loss: 0.6779]
L001103 | [Train F1: 0.7375056958588235]
L001104 | [Train Acc: 0.7392973699366481]
L001105 | [Dev Loss: 1.0164]
L001106 | [Dev F1: 0.5711260183782154]
L001107 | [Dev Acc: 0.5740432612312812]
L001108 | 
L001109-L001124 | [REDACTED: batch progress and internal diagnostics]
L001125 | [Epoch 43] [Time: 2.1231629848480225]
L001126 | [Train Loss: 0.6635]
L001127 | [Train F1: 0.7389340619353618]
L001128 | [Train Acc: 0.7406411979266654]
L001129 | [Dev Loss: 1.0241]
L001130 | [Dev F1: 0.5652488063858084]
L001131 | [Dev Acc: 0.5690515806988353]
L001132 | 
L001133-L001148 | [REDACTED: batch progress and internal diagnostics]
L001149 | [Epoch 44] [Time: 2.31315279006958]
L001150 | [Train Loss: 0.6618]
L001151 | [Train F1: 0.7432558385372839]
L001152 | [Train Acc: 0.7444807064695719]
L001153 | [Dev Loss: 1.0247]
L001154 | [Dev F1: 0.5706322890404565]
L001155 | [Dev Acc: 0.5723793677204659]
L001156 | 
L001157-L001172 | [REDACTED: batch progress and internal diagnostics]
L001173 | [Epoch 45] [Time: 2.318687677383423]
L001174 | [Train Loss: 0.6402]
L001175 | [Train F1: 0.7547519336712653]
L001176 | [Train Acc: 0.7565751583797274]
L001177 | [Dev Loss: 1.0362]
L001178 | [Dev F1: 0.568803828666548]
L001179 | [Dev Acc: 0.5690515806988353]
L001180 | 
L001181-L001196 | [REDACTED: batch progress and internal diagnostics]
L001197 | [Epoch 46] [Time: 2.295180082321167]
L001198 | [Train Loss: 0.6374]
L001199 | [Train F1: 0.7484358170805433]
L001200 | [Train Acc: 0.7496640430024957]
L001201 | [Dev Loss: 1.0477]
L001202 | [Dev F1: 0.5724227597747228]
L001203 | [Dev Acc: 0.5723793677204659]
L001204 | 
L001205-L001220 | [REDACTED: batch progress and internal diagnostics]
L001221 | [Epoch 47] [Time: 2.2897162437438965]
L001222 | [Train Loss: 0.6319]
L001223 | [Train F1: 0.7560667468987189]
L001224 | [Train Acc: 0.7584949126511806]
L001225 | [Dev Loss: 1.0227]
L001226 | [Dev F1: 0.5629773119614518]
L001227 | [Dev Acc: 0.5640599001663894]
L001228 | 
L001229-L001244 | [REDACTED: batch progress and internal diagnostics]
L001245 | [Epoch 48] [Time: 2.296963930130005]
L001246 | [Train Loss: 0.6094]
L001247 | [Train F1: 0.7631333115844176]
L001248 | [Train Acc: 0.7636782491841044]
L001249 | [Dev Loss: 1.0225]
L001250 | [Dev F1: 0.5854563210112103]
L001251 | [Dev Acc: 0.5856905158069884]
L001252 | 
L001253-L001268 | [REDACTED: batch progress and internal diagnostics]
L001269 | [Epoch 49] [Time: 2.239596366882324]
L001270 | [Train Loss: 0.6153]
L001271 | [Train F1: 0.7630885541310769]
L001272 | [Train Acc: 0.7646381263198311]
L001273 | [Dev Loss: 1.0283]
L001274 | [Dev F1: 0.5638778450828066]
L001275 | [Dev Acc: 0.5657237936772047]
L001276 | 
L001277-L001292 | [REDACTED: batch progress and internal diagnostics]
L001293 | [Epoch 50] [Time: 2.233882427215576]
L001294 | [Train Loss: 0.5989]
L001295 | [Train F1: 0.7707288119675448]
L001296 | [Train Acc: 0.7713572662699174]
L001297 | [Dev Loss: 1.029]
L001298 | [Dev F1: 0.5694883344506775]
L001299 | [Dev Acc: 0.5690515806988353]
L001300 | 
L001301-L001316 | [REDACTED: batch progress and internal diagnostics]
L001317 | [Epoch 51] [Time: 2.2611711025238037]
L001318 | [Train Loss: 0.5809]
L001319 | [Train F1: 0.7759781319804561]
L001320 | [Train Acc: 0.7773085045114225]
L001321 | [Dev Loss: 1.0227]
L001322 | [Dev F1: 0.5696069809164651]
L001323 | [Dev Acc: 0.5723793677204659]
L001324 | 
L001325-L001340 | [REDACTED: batch progress and internal diagnostics]
L001341 | [Epoch 52] [Time: 2.285161018371582]
L001342 | [Train Loss: 0.5811]
L001343 | [Train F1: 0.7759785008602622]
L001344 | [Train Acc: 0.7773085045114225]
L001345 | [Dev Loss: 1.0337]
L001346 | [Dev F1: 0.5775948882357648]
L001347 | [Dev Acc: 0.5773710482529119]
L001348 | 
L001349-L001364 | [REDACTED: batch progress and internal diagnostics]
L001365 | [Epoch 53] [Time: 2.174140453338623]
L001366 | [Train Loss: 0.5775]
L001367 | [Train F1: 0.7746583284978544]
L001368 | [Train Acc: 0.7753887502399693]
L001369 | [Dev Loss: 1.0372]
L001370 | [Dev F1: 0.5758371358988915]
L001371 | [Dev Acc: 0.5757071547420965]
L001372 | 
L001373-L001388 | [REDACTED: batch progress and internal diagnostics]
L001389 | [Epoch 54] [Time: 2.202662944793701]
L001390 | [Train Loss: 0.5726]
L001391 | [Train F1: 0.781493057265281]
L001392 | [Train Acc: 0.7824918410443463]
L001393 | [Dev Loss: 1.0454]
L001394 | [Dev F1: 0.5707539357695774]
L001395 | [Dev Acc: 0.5707154742096506]
L001396 | 
L001397-L001412 | [REDACTED: batch progress and internal diagnostics]
L001413 | [Epoch 55] [Time: 2.2918949127197266]
L001414 | [Train Loss: 0.5675]
L001415 | [Train F1: 0.7861643074737265]
L001416 | [Train Acc: 0.7870992512958341]
L001417 | [Dev Loss: 1.0359]
L001418 | [Dev F1: 0.5616490763444835]
L001419 | [Dev Acc: 0.562396006655574]
L001420 | 
L001421-L001436 | [REDACTED: batch progress and internal diagnostics]
L001437 | [Epoch 56] [Time: 2.1629390716552734]
L001438 | [Train Loss: 0.5715]
L001439 | [Train F1: 0.7766361862643782]
L001440 | [Train Acc: 0.7771165290842772]
L001441 | [Dev Loss: 1.0558]
L001442 | [Dev F1: 0.5844564364393209]
L001443 | [Dev Acc: 0.5840266222961731]
L001444 | 
L001445-L001460 | [REDACTED: batch progress and internal diagnostics]
L001461 | [Epoch 57] [Time: 2.219473123550415]
L001462 | [Train Loss: 0.5585]
L001463 | [Train F1: 0.7826293196695214]
L001464 | [Train Acc: 0.783451718180073]
L001465 | [Dev Loss: 1.068]
L001466 | [Dev F1: 0.5710488684848724]
L001467 | [Dev Acc: 0.5707154742096506]
L001468 | 
L001469-L001484 | [REDACTED: batch progress and internal diagnostics]
L001485 | [Epoch 58] [Time: 2.2234883308410645]
L001486 | [Train Loss: 0.5504]
L001487 | [Train F1: 0.7865502489677031]
L001488 | [Train Acc: 0.7874832021501248]
L001489 | [Dev Loss: 1.0478]
L001490 | [Dev F1: 0.5921921893888695]
L001491 | [Dev Acc: 0.5906821963394343]
L001492 | 
L001493-L001508 | [REDACTED: batch progress and internal diagnostics]
L001509 | [Epoch 59] [Time: 2.09150767326355]
L001510 | [Train Loss: 0.5485]
L001511 | [Train F1: 0.7939498787294067]
L001512 | [Train Acc: 0.7947782683816471]
L001513 | [Dev Loss: 1.0713]
L001514 | [Dev F1: 0.5784419962820536]
L001515 | [Dev Acc: 0.5773710482529119]
L001516 | 
L001517-L001532 | [REDACTED: batch progress and internal diagnostics]
L001533 | [Epoch 60] [Time: 2.2090985774993896]
L001534 | [Train Loss: 0.5372]
L001535 | [Train F1: 0.7988680624608383]
L001536 | [Train Acc: 0.7995776540602803]
L001537 | [Dev Loss: 1.0585]
L001538 | [Dev F1: 0.5753201302609191]
L001539 | [Dev Acc: 0.5757071547420965]
L001540 | 
L001541-L001556 | [REDACTED: batch progress and internal diagnostics]
L001557 | [Epoch 61] [Time: 2.2587697505950928]
L001558 | [Train Loss: 0.5184]
L001559 | [Train F1: 0.8091998938988368]
L001560 | [Train Acc: 0.8103282779804185]
L001561 | [Dev Loss: 1.0452]
L001562 | [Dev F1: 0.5758674025657681]
L001563 | [Dev Acc: 0.5757071547420965]
L001564 | 
L001565-L001580 | [REDACTED: batch progress and internal diagnostics]
L001581 | [Epoch 62] [Time: 2.158294677734375]
L001582 | [Train Loss: 0.5216]
L001583 | [Train F1: 0.8045283148213227]
L001584 | [Train Acc: 0.8051449414474947]
L001585 | [Dev Loss: 1.0811]
L001586 | [Dev F1: 0.5805738511226312]
L001587 | [Dev Acc: 0.5806988352745425]
L001588 | 
L001589-L001604 | [REDACTED: batch progress and internal diagnostics]
L001605 | [Epoch 63] [Time: 2.230937957763672]
L001606 | [Train Loss: 0.5155]
L001607 | [Train F1: 0.8045679496678149]
L001608 | [Train Acc: 0.8055288923017854]
L001609 | [Dev Loss: 1.0954]
L001610 | [Dev F1: 0.5785097792544602]
L001611 | [Dev Acc: 0.5773710482529119]
L001612 | 
L001613-L001628 | [REDACTED: batch progress and internal diagnostics]
L001629 | [Epoch 64] [Time: 2.2414541244506836]
L001630 | [Train Loss: 0.5112]
L001631 | [Train F1: 0.8075384200332782]
L001632 | [Train Acc: 0.807640622000384]
L001633 | [Dev Loss: 1.0786]
L001634 | [Dev F1: 0.5696391190439576]
L001635 | [Dev Acc: 0.5723793677204659]
L001636 | 
L001637-L001652 | [REDACTED: batch progress and internal diagnostics]
L001653 | [Epoch 65] [Time: 2.208861827850342]
L001654 | [Train Loss: 0.5109]
L001655 | [Train F1: 0.8060272711123598]
L001656 | [Train Acc: 0.8066807448646574]
L001657 | [Dev Loss: 1.1104]
L001658 | [Dev F1: 0.5568372142253184]
L001659 | [Dev Acc: 0.5574043261231281]
L001660 | 
L001661-L001676 | [REDACTED: batch progress and internal diagnostics]
L001677 | [Epoch 66] [Time: 2.187669515609741]
L001678 | [Train Loss: 0.5066]
L001679 | [Train F1: 0.811645534356794]
L001680 | [Train Acc: 0.8124400076790171]
L001681 | [Dev Loss: 1.0876]
L001682 | [Dev F1: 0.5785007698045177]
L001683 | [Dev Acc: 0.5790349417637272]
L001684 | 
L001685-L001700 | [REDACTED: batch progress and internal diagnostics]
L001701 | [Epoch 67] [Time: 2.2709739208221436]
L001702 | [Train Loss: 0.4811]
L001703 | [Train F1: 0.819099046531573]
L001704 | [Train Acc: 0.8195430984833941]
L001705 | [Dev Loss: 1.0965]
L001706 | [Dev F1: 0.5803832339000166]
L001707 | [Dev Acc: 0.5806988352745425]
L001708 | 
L001709-L001724 | [REDACTED: batch progress and internal diagnostics]
L001725 | [Epoch 68] [Time: 2.203522205352783]
L001726 | [Train Loss: 0.4789]
L001727 | [Train F1: 0.8203564491661332]
L001728 | [Train Acc: 0.8206949510462661]
L001729 | [Dev Loss: 1.1161]
L001730 | [Dev F1: 0.5539242443790526]
L001731 | [Dev Acc: 0.5540765391014975]
L001732 | 
L001733-L001748 | [REDACTED: batch progress and internal diagnostics]
L001749 | [Epoch 69] [Time: 2.1977925300598145]
L001750 | [Train Loss: 0.4866]
L001751 | [Train F1: 0.8132669874610048]
L001752 | [Train Acc: 0.813591860241889]
L001753 | [Dev Loss: 1.12]
L001754 | [Dev F1: 0.5595721067969132]
L001755 | [Dev Acc: 0.5607321131447587]
L001756 | 
L001757-L001772 | [REDACTED: batch progress and internal diagnostics]
L001773 | [Epoch 70] [Time: 2.1100378036499023]
L001774 | [Train Loss: 0.4768]
L001775 | [Train F1: 0.8168464066281789]
L001776 | [Train Acc: 0.8176233442119408]
L001777 | [Dev Loss: 1.126]
L001778 | [Dev F1: 0.5863381945688627]
L001779 | [Dev Acc: 0.5873544093178037]
L001780 | 
L001781-L001796 | [REDACTED: batch progress and internal diagnostics]
L001797 | [Epoch 71] [Time: 2.2909860610961914]
L001798 | [Train Loss: 0.471]
L001799 | [Train F1: 0.8247452934118994]
L001800 | [Train Acc: 0.8253023612977539]
L001801 | [Dev Loss: 1.1069]
L001802 | [Dev F1: 0.5625468500651127]
L001803 | [Dev Acc: 0.562396006655574]
L001804 | 
L001805-L001820 | [REDACTED: batch progress and internal diagnostics]
L001821 | [Epoch 72] [Time: 2.167180061340332]
L001822 | [Train Loss: 0.4587]
L001823 | [Train F1: 0.8291077914517627]
L001824 | [Train Acc: 0.8295258206949511]
L001825 | [Dev Loss: 1.1331]
L001826 | [Dev F1: 0.561692841348318]
L001827 | [Dev Acc: 0.562396006655574]
L001828 | 
L001829-L001844 | [REDACTED: batch progress and internal diagnostics]
L001845 | [Epoch 73] [Time: 2.265810489654541]
L001846 | [Train Loss: 0.4593]
L001847 | [Train F1: 0.8230661693599971]
L001848 | [Train Acc: 0.823574582453446]
L001849 | [Dev Loss: 1.1557]
L001850 | [Dev F1: 0.5576918400500461]
L001851 | [Dev Acc: 0.5590682196339434]
L001852 | 
L001853-L001868 | [REDACTED: batch progress and internal diagnostics]
L001869 | [Epoch 74] [Time: 2.2687580585479736]
L001870 | [Train Loss: 0.4458]
L001871 | [Train F1: 0.8305732968511199]
L001872 | [Train Acc: 0.8310616241121136]
L001873 | [Dev Loss: 1.1572]
L001874 | [Dev F1: 0.569949068989832]
L001875 | [Dev Acc: 0.5707154742096506]
L001876 | 
L001877-L001892 | [REDACTED: batch progress and internal diagnostics]
L001893 | [Epoch 75] [Time: 2.1326704025268555]
L001894 | [Train Loss: 0.4384]
L001895 | [Train F1: 0.8361233836817047]
L001896 | [Train Acc: 0.836628911499328]
L001897 | [Dev Loss: 1.1377]
L001898 | [Dev F1: 0.5638374614846063]
L001899 | [Dev Acc: 0.562396006655574]
L001900 | 
L001901-L001916 | [REDACTED: batch progress and internal diagnostics]
L001917 | [Epoch 76] [Time: 2.2676310539245605]
L001918 | [Train Loss: 0.4445]
L001919 | [Train F1: 0.834560656546428]
L001920 | [Train Acc: 0.8347091572278749]
L001921 | [Dev Loss: 1.1796]
L001922 | [Dev F1: 0.5547318167262986]
L001923 | [Dev Acc: 0.5540765391014975]
L001924 | 
L001925-L001940 | [REDACTED: batch progress and internal diagnostics]
L001941 | [Epoch 77] [Time: 2.16701078414917]
L001942 | [Train Loss: 0.4408]
L001943 | [Train F1: 0.8370250054106122]
L001944 | [Train Acc: 0.8375887886350547]
L001945 | [Dev Loss: 1.1732]
L001946 | [Dev F1: 0.5612278823472066]
L001947 | [Dev Acc: 0.562396006655574]
L001948 | 
L001949-L001964 | [REDACTED: batch progress and internal diagnostics]
L001965 | [Epoch 78] [Time: 2.2696280479431152]
L001966 | [Train Loss: 0.4307]
L001967 | [Train F1: 0.8417267691532789]
L001968 | [Train Acc: 0.8421961988865425]
L001969 | [Dev Loss: 1.1575]
L001970 | [Dev F1: 0.5632698839838379]
L001971 | [Dev Acc: 0.5607321131447587]
L001972 | 
L001973-L001988 | [REDACTED: batch progress and internal diagnostics]
L001989 | [Epoch 79] [Time: 2.186793565750122]
L001990 | [Train Loss: 0.4246]
L001991 | [Train F1: 0.8417441399590361]
L001992 | [Train Acc: 0.8421961988865425]
L001993 | [Dev Loss: 1.2004]
L001994 | [Dev F1: 0.563370315723276]
L001995 | [Dev Acc: 0.5640599001663894]
L001996 | 
L001997-L002012 | [REDACTED: batch progress and internal diagnostics]
L002013 | [Epoch 80] [Time: 2.12650990486145]
L002014 | [Train Loss: 0.4229]
L002015 | [Train F1: 0.8413337613526598]
L002016 | [Train Acc: 0.8420042234593972]
L002017 | [Dev Loss: 1.2016]
L002018 | [Dev F1: 0.5582707899984748]
L002019 | [Dev Acc: 0.5574043261231281]
L002020 | 
L002021-L002036 | [REDACTED: batch progress and internal diagnostics]
L002037 | [Epoch 81] [Time: 2.285959482192993]
L002038 | [Train Loss: 0.4101]
L002039 | [Train F1: 0.8483922398068418]
L002040 | [Train Acc: 0.8487233634094836]
L002041 | [Dev Loss: 1.186]
L002042 | [Dev F1: 0.5690034103400039]
L002043 | [Dev Acc: 0.56738768718802]
L002044 | 
L002045-L002060 | [REDACTED: batch progress and internal diagnostics]
L002061 | [Epoch 82] [Time: 2.190049886703491]
L002062 | [Train Loss: 0.42]
L002063 | [Train F1: 0.8431400579295604]
L002064 | [Train Acc: 0.8435400268765598]
L002065 | [Dev Loss: 1.2514]
L002066 | [Dev F1: 0.5565989089019919]
L002067 | [Dev Acc: 0.5557404326123128]
L002068 | 
L002069-L002084 | [REDACTED: batch progress and internal diagnostics]
L002085 | [Epoch 83] [Time: 2.1509408950805664]
L002086 | [Train Loss: 0.4158]
L002087 | [Train F1: 0.8403669885407734]
L002088 | [Train Acc: 0.8404684200422345]
L002089 | [Dev Loss: 1.2169]
L002090 | [Dev F1: 0.5564716734267439]
L002091 | [Dev Acc: 0.5574043261231281]
L002092 | Early stopping at epoch: 83
L002093 | Last model
L002094 |               precision    recall  f1-score   support
L002095 | 
L002096 |          hap     0.4565    0.2917    0.3559       144
L002097 |          sad     0.8142    0.6082    0.6963       245
L002098 |          neu     0.5990    0.6068    0.6028       384
L002099 |          ang     0.6307    0.6529    0.6416       170
L002100 |          exc     0.6716    0.7592    0.7127       299
L002101 |          fru     0.5348    0.6247    0.5763       381
L002102 | 
L002103 |     accuracy                         0.6161      1623
L002104 |    macro avg     0.6178    0.5906    0.5976      1623
L002105 | weighted avg     0.6205    0.6161    0.6131      1623
L002106 | 
L002107 | Best model at epoch: 58
L002108 | Best dev F1: 0.5921921893888695
L002109 |               precision    recall  f1-score   support
L002110 | 
L002111 |          hap     0.3920    0.3403    0.3643       144
L002112 |          sad     0.7591    0.6816    0.7183       245
L002113 |          neu     0.6044    0.6484    0.6256       384
L002114 |          ang     0.6541    0.6118    0.6322       170
L002115 |          exc     0.6914    0.7492    0.7191       299
L002116 |          fru     0.5718    0.5748    0.5733       381
L002117 | 
L002118 |     accuracy                         0.6235      1623
L002119 |    macro avg     0.6121    0.6010    0.6055      1623
L002120 | weighted avg     0.6225    0.6235    0.6221      1623
L002121 | 
L002122 | Best test F1: 0.6220553347934138
L002123 | Best test Acc: 0.6235366605052373
L002124 | [SANITIZED] Saved checkpoint: [path and filename removed]
