# Redacted copy of an existing run log.
# run_id: G10-seed5
# dataset: IEMOCAP
# model: MMGCN+AMBER
# imr: (0.5,0.7,0.3)
# seed_alias: seed5
# original_log_sha256: 1ba555ddc93f29e85eea05469c3486507e285ea67f2e3079191083d1180980e7
# source_record_status: ok
# source_record_process_return_code: 3221226505
# L numbers refer to source logical lines; REDACTED/SANITIZED text is editorial.
L000001-L000065 | [REDACTED: configuration or implementation details]
L000066 | [SANITIZED] Seed alias: seed5
L000067 | 
L000068-L000069 | [REDACTED: batch progress and internal diagnostics]
L000070 | 
L000071-L000072 | [REDACTED: batch progress and internal diagnostics]
L000073 | 
L000074-L000075 | [REDACTED: batch progress and internal diagnostics]
L000076 | 
L000077-L000092 | [REDACTED: batch progress and internal diagnostics]
L000093 | [Epoch 0] [Time: 2.646806001663208]
L000094 | [Train Loss: 1.8689]
L000095 | [Train F1: 0.18437179329322106]
L000096 | [Train Acc: 0.1953978159126365]
L000097 | [Dev Loss: 1.6841]
L000098 | [Dev F1: 0.24346963567825228]
L000099 | [Dev Acc: 0.29765395894428154]
L000100 | 
L000101-L000116 | [REDACTED: batch progress and internal diagnostics]
L000117 | [Epoch 1] [Time: 2.1018126010894775]
L000118 | [Train Loss: 1.7231]
L000119 | [Train F1: 0.24958558852058735]
L000120 | [Train Acc: 0.26365054602184085]
L000121 | [Dev Loss: 1.5706]
L000122 | [Dev F1: 0.3309889306804876]
L000123 | [Dev Acc: 0.39002932551319647]
L000124 | 
L000125-L000140 | [REDACTED: batch progress and internal diagnostics]
L000141 | [Epoch 2] [Time: 2.119896411895752]
L000142 | [Train Loss: 1.6465]
L000143 | [Train F1: 0.288328126941744]
L000144 | [Train Acc: 0.30616224648985957]
L000145 | [Dev Loss: 1.5281]
L000146 | [Dev F1: 0.36371904486366513]
L000147 | [Dev Acc: 0.4046920821114369]
L000148 | 
L000149-L000164 | [REDACTED: batch progress and internal diagnostics]
L000165 | [Epoch 3] [Time: 2.1547014713287354]
L000166 | [Train Loss: 1.5869]
L000167 | [Train F1: 0.31956535549141796]
L000168 | [Train Acc: 0.3344383775351014]
L000169 | [Dev Loss: 1.4929]
L000170 | [Dev F1: 0.36420438184827175]
L000171 | [Dev Acc: 0.4046920821114369]
L000172 | 
L000173-L000188 | [REDACTED: batch progress and internal diagnostics]
L000189 | [Epoch 4] [Time: 2.0634448528289795]
L000190 | [Train Loss: 1.5348]
L000191 | [Train F1: 0.35847451106700634]
L000192 | [Train Acc: 0.36778471138845553]
L000193 | [Dev Loss: 1.4634]
L000194 | [Dev F1: 0.36910771155048466]
L000195 | [Dev Acc: 0.40762463343108507]
L000196 | 
L000197-L000212 | [REDACTED: batch progress and internal diagnostics]
L000213 | [Epoch 5] [Time: 2.202971935272217]
L000214 | [Train Loss: 1.4726]
L000215 | [Train F1: 0.38449506097462505]
L000216 | [Train Acc: 0.39333073322932915]
L000217 | [Dev Loss: 1.4368]
L000218 | [Dev F1: 0.3627696564531786]
L000219 | [Dev Acc: 0.40615835777126097]
L000220 | 
L000221-L000236 | [REDACTED: batch progress and internal diagnostics]
L000237 | [Epoch 6] [Time: 2.1870110034942627]
L000238 | [Train Loss: 1.413]
L000239 | [Train F1: 0.41266152778101167]
L000240 | [Train Acc: 0.4202418096723869]
L000241 | [Dev Loss: 1.3957]
L000242 | [Dev F1: 0.3881927887528347]
L000243 | [Dev Acc: 0.4252199413489736]
L000244 | 
L000245-L000260 | [REDACTED: batch progress and internal diagnostics]
L000261 | [Epoch 7] [Time: 2.311570405960083]
L000262 | [Train Loss: 1.3414]
L000263 | [Train F1: 0.4492408525400543]
L000264 | [Train Acc: 0.4549531981279251]
L000265 | [Dev Loss: 1.3644]
L000266 | [Dev F1: 0.39875614126778297]
L000267 | [Dev Acc: 0.4310850439882698]
L000268 | 
L000269-L000284 | [REDACTED: batch progress and internal diagnostics]
L000285 | [Epoch 8] [Time: 2.1630308628082275]
L000286 | [Train Loss: 1.3118]
L000287 | [Train F1: 0.450199304736075]
L000288 | [Train Acc: 0.4588533541341654]
L000289 | [Dev Loss: 1.3397]
L000290 | [Dev F1: 0.40377475596839885]
L000291 | [Dev Acc: 0.43548387096774194]
L000292 | 
L000293-L000308 | [REDACTED: batch progress and internal diagnostics]
L000309 | [Epoch 9] [Time: 2.184077024459839]
L000310 | [Train Loss: 1.2699]
L000311 | [Train F1: 0.4687543095693262]
L000312 | [Train Acc: 0.4789391575663027]
L000313 | [Dev Loss: 1.3214]
L000314 | [Dev F1: 0.42402065174691467]
L000315 | [Dev Acc: 0.45161290322580644]
L000316 | 
L000317-L000332 | [REDACTED: batch progress and internal diagnostics]
L000333 | [Epoch 10] [Time: 2.1466939449310303]
L000334 | [Train Loss: 1.2171]
L000335 | [Train F1: 0.49105338892306016]
L000336 | [Train Acc: 0.499414976599064]
L000337 | [Dev Loss: 1.2948]
L000338 | [Dev F1: 0.430051414934115]
L000339 | [Dev Acc: 0.4574780058651026]
L000340 | 
L000341-L000356 | [REDACTED: batch progress and internal diagnostics]
L000357 | [Epoch 11] [Time: 2.171469211578369]
L000358 | [Train Loss: 1.174]
L000359 | [Train F1: 0.5081344266560558]
L000360 | [Train Acc: 0.515405616224649]
L000361 | [Dev Loss: 1.2815]
L000362 | [Dev F1: 0.44545276561818464]
L000363 | [Dev Acc: 0.46774193548387094]
L000364 | 
L000365-L000380 | [REDACTED: batch progress and internal diagnostics]
L000381 | [Epoch 12] [Time: 2.2445809841156006]
L000382 | [Train Loss: 1.1358]
L000383 | [Train F1: 0.5277547960710717]
L000384 | [Train Acc: 0.5362714508580343]
L000385 | [Dev Loss: 1.272]
L000386 | [Dev F1: 0.4296409429205745]
L000387 | [Dev Acc: 0.45894428152492667]
L000388 | 
L000389-L000404 | [REDACTED: batch progress and internal diagnostics]
L000405 | [Epoch 13] [Time: 2.054378032684326]
L000406 | [Train Loss: 1.106]
L000407 | [Train F1: 0.5412747837292061]
L000408 | [Train Acc: 0.5518720748829953]
L000409 | [Dev Loss: 1.2604]
L000410 | [Dev F1: 0.4384145193345858]
L000411 | [Dev Acc: 0.4662756598240469]
L000412 | 
L000413-L000428 | [REDACTED: batch progress and internal diagnostics]
L000429 | [Epoch 14] [Time: 2.0776007175445557]
L000430 | [Train Loss: 1.0798]
L000431 | [Train F1: 0.560672995742983]
L000432 | [Train Acc: 0.5719578783151326]
L000433 | [Dev Loss: 1.2492]
L000434 | [Dev F1: 0.4456874492237398]
L000435 | [Dev Acc: 0.47214076246334313]
L000436 | 
L000437-L000452 | [REDACTED: batch progress and internal diagnostics]
L000453 | [Epoch 15] [Time: 2.0605571269989014]
L000454 | [Train Loss: 1.0493]
L000455 | [Train F1: 0.5659929053955873]
L000456 | [Train Acc: 0.5723478939157566]
L000457 | [Dev Loss: 1.2364]
L000458 | [Dev F1: 0.45048232020947215]
L000459 | [Dev Acc: 0.4750733137829912]
L000460 | 
L000461-L000476 | [REDACTED: batch progress and internal diagnostics]
L000477 | [Epoch 16] [Time: 2.0539517402648926]
L000478 | [Train Loss: 1.0299]
L000479 | [Train F1: 0.5862933011003637]
L000480 | [Train Acc: 0.5924336973478939]
L000481 | [Dev Loss: 1.2382]
L000482 | [Dev F1: 0.4469309513362528]
L000483 | [Dev Acc: 0.46774193548387094]
L000484 | 
L000485-L000500 | [REDACTED: batch progress and internal diagnostics]
L000501 | [Epoch 17] [Time: 2.247720718383789]
L000502 | [Train Loss: 0.9962]
L000503 | [Train F1: 0.5867711966203982]
L000504 | [Train Acc: 0.5957488299531981]
L000505 | [Dev Loss: 1.227]
L000506 | [Dev F1: 0.45161864038428995]
L000507 | [Dev Acc: 0.4736070381231672]
L000508 | 
L000509-L000524 | [REDACTED: batch progress and internal diagnostics]
L000525 | [Epoch 18] [Time: 2.2195627689361572]
L000526 | [Train Loss: 0.9815]
L000527 | [Train F1: 0.5889515817971357]
L000528 | [Train Acc: 0.5978939157566303]
L000529 | [Dev Loss: 1.2183]
L000530 | [Dev F1: 0.4457219376247753]
L000531 | [Dev Acc: 0.46920821114369504]
L000532 | 
L000533-L000548 | [REDACTED: batch progress and internal diagnostics]
L000549 | [Epoch 19] [Time: 2.1901907920837402]
L000550 | [Train Loss: 0.9604]
L000551 | [Train F1: 0.6014819562992966]
L000552 | [Train Acc: 0.6115444617784711]
L000553 | [Dev Loss: 1.2055]
L000554 | [Dev F1: 0.4746130786167892]
L000555 | [Dev Acc: 0.4912023460410557]
L000556 | 
L000557-L000572 | [REDACTED: batch progress and internal diagnostics]
L000573 | [Epoch 20] [Time: 2.2458317279815674]
L000574 | [Train Loss: 0.9376]
L000575 | [Train F1: 0.6122831082285359]
L000576 | [Train Acc: 0.6173946957878315]
L000577 | [Dev Loss: 1.2063]
L000578 | [Dev F1: 0.45429790154543237]
L000579 | [Dev Acc: 0.4736070381231672]
L000580 | 
L000581-L000596 | [REDACTED: batch progress and internal diagnostics]
L000597 | [Epoch 21] [Time: 2.178328037261963]
L000598 | [Train Loss: 0.9197]
L000599 | [Train F1: 0.6241214341096903]
L000600 | [Train Acc: 0.6308502340093604]
L000601 | [Dev Loss: 1.2022]
L000602 | [Dev F1: 0.459033039934347]
L000603 | [Dev Acc: 0.47947214076246336]
L000604 | 
L000605-L000620 | [REDACTED: batch progress and internal diagnostics]
L000621 | [Epoch 22] [Time: 2.228529453277588]
L000622 | [Train Loss: 0.8845]
L000623 | [Train F1: 0.6339995785522915]
L000624 | [Train Acc: 0.6388455538221529]
L000625 | [Dev Loss: 1.1968]
L000626 | [Dev F1: 0.47131524100248695]
L000627 | [Dev Acc: 0.48240469208211145]
L000628 | 
L000629-L000644 | [REDACTED: batch progress and internal diagnostics]
L000645 | [Epoch 23] [Time: 2.253697156906128]
L000646 | [Train Loss: 0.873]
L000647 | [Train F1: 0.6441989500030306]
L000648 | [Train Acc: 0.6489859594383776]
L000649 | [Dev Loss: 1.2002]
L000650 | [Dev F1: 0.45594718405476636]
L000651 | [Dev Acc: 0.4750733137829912]
L000652 | 
L000653-L000668 | [REDACTED: batch progress and internal diagnostics]
L000669 | [Epoch 24] [Time: 2.1633493900299072]
L000670 | [Train Loss: 0.8585]
L000671 | [Train F1: 0.6532110654982503]
L000672 | [Train Acc: 0.6589313572542902]
L000673 | [Dev Loss: 1.1942]
L000674 | [Dev F1: 0.4655846254659967]
L000675 | [Dev Acc: 0.47653958944281527]
L000676 | 
L000677-L000692 | [REDACTED: batch progress and internal diagnostics]
L000693 | [Epoch 25] [Time: 2.2148146629333496]
L000694 | [Train Loss: 0.8391]
L000695 | [Train F1: 0.6646201305142337]
L000696 | [Train Acc: 0.6684867394695788]
L000697 | [Dev Loss: 1.1808]
L000698 | [Dev F1: 0.48663347248606476]
L000699 | [Dev Acc: 0.4941348973607038]
L000700 | 
L000701-L000716 | [REDACTED: batch progress and internal diagnostics]
L000717 | [Epoch 26] [Time: 2.0698764324188232]
L000718 | [Train Loss: 0.8135]
L000719 | [Train F1: 0.6812372670803548]
L000720 | [Train Acc: 0.6844773790951638]
L000721 | [Dev Loss: 1.1806]
L000722 | [Dev F1: 0.4827546885463601]
L000723 | [Dev Acc: 0.49560117302052786]
L000724 | 
L000725-L000740 | [REDACTED: batch progress and internal diagnostics]
L000741 | [Epoch 27] [Time: 2.0725088119506836]
L000742 | [Train Loss: 0.7987]
L000743 | [Train F1: 0.6781118447590951]
L000744 | [Train Acc: 0.6809672386895476]
L000745 | [Dev Loss: 1.1764]
L000746 | [Dev F1: 0.48673392629757206]
L000747 | [Dev Acc: 0.4970674486803519]
L000748 | 
L000749-L000764 | [REDACTED: batch progress and internal diagnostics]
L000765 | [Epoch 28] [Time: 2.099895477294922]
L000766 | [Train Loss: 0.7916]
L000767 | [Train F1: 0.6850716694113997]
L000768 | [Train Acc: 0.6870124804992199]
L000769 | [Dev Loss: 1.1948]
L000770 | [Dev F1: 0.4797516325115592]
L000771 | [Dev Acc: 0.48533724340175954]
L000772 | 
L000773-L000788 | [REDACTED: batch progress and internal diagnostics]
L000789 | [Epoch 29] [Time: 2.2176175117492676]
L000790 | [Train Loss: 0.7763]
L000791 | [Train F1: 0.6948898657671299]
L000792 | [Train Acc: 0.6973478939157566]
L000793 | [Dev Loss: 1.1808]
L000794 | [Dev F1: 0.4888496354927916]
L000795 | [Dev Acc: 0.501466275659824]
L000796 | 
L000797-L000812 | [REDACTED: batch progress and internal diagnostics]
L000813 | [Epoch 30] [Time: 2.0330636501312256]
L000814 | [Train Loss: 0.7543]
L000815 | [Train F1: 0.7008915611502966]
L000816 | [Train Acc: 0.7035881435257411]
L000817 | [Dev Loss: 1.1774]
L000818 | [Dev F1: 0.47995575549755604]
L000819 | [Dev Acc: 0.4897360703812317]
L000820 | 
L000821-L000836 | [REDACTED: batch progress and internal diagnostics]
L000837 | [Epoch 31] [Time: 2.15598201751709]
L000838 | [Train Loss: 0.7253]
L000839 | [Train F1: 0.7141245632164122]
L000840 | [Train Acc: 0.7166536661466458]
L000841 | [Dev Loss: 1.1623]
L000842 | [Dev F1: 0.49312446086567374]
L000843 | [Dev Acc: 0.49853372434017595]
L000844 | 
L000845-L000860 | [REDACTED: batch progress and internal diagnostics]
L000861 | [Epoch 32] [Time: 2.1754398345947266]
L000862 | [Train Loss: 0.7295]
L000863 | [Train F1: 0.7187660327425045]
L000864 | [Train Acc: 0.7203588143525741]
L000865 | [Dev Loss: 1.1486]
L000866 | [Dev F1: 0.5097794299410421]
L000867 | [Dev Acc: 0.5131964809384164]
L000868 | 
L000869-L000884 | [REDACTED: batch progress and internal diagnostics]
L000885 | [Epoch 33] [Time: 2.191138744354248]
L000886 | [Train Loss: 0.7214]
L000887 | [Train F1: 0.7159670772672673]
L000888 | [Train Acc: 0.717628705148206]
L000889 | [Dev Loss: 1.1688]
L000890 | [Dev F1: 0.5148134545930437]
L000891 | [Dev Acc: 0.5190615835777126]
L000892 | 
L000893-L000908 | [REDACTED: batch progress and internal diagnostics]
L000909 | [Epoch 34] [Time: 2.3007867336273193]
L000910 | [Train Loss: 0.7077]
L000911 | [Train F1: 0.7173634651270622]
L000912 | [Train Acc: 0.71899375975039]
L000913 | [Dev Loss: 1.1741]
L000914 | [Dev F1: 0.48998966460964305]
L000915 | [Dev Acc: 0.4970674486803519]
L000916 | 
L000917-L000932 | [REDACTED: batch progress and internal diagnostics]
L000933 | [Epoch 35] [Time: 2.3303959369659424]
L000934 | [Train Loss: 0.6845]
L000935 | [Train F1: 0.7358563905302887]
L000936 | [Train Acc: 0.7379095163806553]
L000937 | [Dev Loss: 1.1871]
L000938 | [Dev F1: 0.49942898862612733]
L000939 | [Dev Acc: 0.5058651026392962]
L000940 | 
L000941-L000956 | [REDACTED: batch progress and internal diagnostics]
L000957 | [Epoch 36] [Time: 2.268756628036499]
L000958 | [Train Loss: 0.6852]
L000959 | [Train F1: 0.7329497168312917]
L000960 | [Train Acc: 0.734204368174727]
L000961 | [Dev Loss: 1.1835]
L000962 | [Dev F1: 0.489793816264112]
L000963 | [Dev Acc: 0.4970674486803519]
L000964 | 
L000965-L000980 | [REDACTED: batch progress and internal diagnostics]
L000981 | [Epoch 37] [Time: 2.126112222671509]
L000982 | [Train Loss: 0.6818]
L000983 | [Train F1: 0.7399819098272644]
L000984 | [Train Acc: 0.7410296411856474]
L000985 | [Dev Loss: 1.1665]
L000986 | [Dev F1: 0.5000793477280698]
L000987 | [Dev Acc: 0.5029325513196481]
L000988 | 
L000989-L001004 | [REDACTED: batch progress and internal diagnostics]
L001005 | [Epoch 38] [Time: 2.250446319580078]
L001006 | [Train Loss: 0.6659]
L001007 | [Train F1: 0.7405795659332252]
L001008 | [Train Acc: 0.7410296411856474]
L001009 | [Dev Loss: 1.1935]
L001010 | [Dev F1: 0.5062252062656744]
L001011 | [Dev Acc: 0.5117302052785924]
L001012 | 
L001013-L001028 | [REDACTED: batch progress and internal diagnostics]
L001029 | [Epoch 39] [Time: 2.2433159351348877]
L001030 | [Train Loss: 0.6587]
L001031 | [Train F1: 0.7477527196157916]
L001032 | [Train Acc: 0.74902496099844]
L001033 | [Dev Loss: 1.1785]
L001034 | [Dev F1: 0.5162467463527973]
L001035 | [Dev Acc: 0.5190615835777126]
L001036 | 
L001037-L001052 | [REDACTED: batch progress and internal diagnostics]
L001053 | [Epoch 40] [Time: 2.2449867725372314]
L001054 | [Train Loss: 0.6547]
L001055 | [Train F1: 0.7470784810878764]
L001056 | [Train Acc: 0.748829953198128]
L001057 | [Dev Loss: 1.2081]
L001058 | [Dev F1: 0.47844003201306057]
L001059 | [Dev Acc: 0.4868035190615836]
L001060 | 
L001061-L001076 | [REDACTED: batch progress and internal diagnostics]
L001077 | [Epoch 41] [Time: 2.1501026153564453]
L001078 | [Train Loss: 0.645]
L001079 | [Train F1: 0.7527375081083499]
L001080 | [Train Acc: 0.7540951638065523]
L001081 | [Dev Loss: 1.2026]
L001082 | [Dev F1: 0.4900131769730239]
L001083 | [Dev Acc: 0.5]
L001084 | 
L001085-L001100 | [REDACTED: batch progress and internal diagnostics]
L001101 | [Epoch 42] [Time: 2.233319044113159]
L001102 | [Train Loss: 0.6348]
L001103 | [Train F1: 0.7565922800795233]
L001104 | [Train Acc: 0.7579953198127926]
L001105 | [Dev Loss: 1.2066]
L001106 | [Dev F1: 0.494345927871968]
L001107 | [Dev Acc: 0.5029325513196481]
L001108 | 
L001109-L001124 | [REDACTED: batch progress and internal diagnostics]
L001125 | [Epoch 43] [Time: 2.1549270153045654]
L001126 | [Train Loss: 0.6324]
L001127 | [Train F1: 0.7604686060378401]
L001128 | [Train Acc: 0.7613104524180967]
L001129 | [Dev Loss: 1.1902]
L001130 | [Dev F1: 0.5007437570669372]
L001131 | [Dev Acc: 0.5029325513196481]
L001132 | 
L001133-L001148 | [REDACTED: batch progress and internal diagnostics]
L001149 | [Epoch 44] [Time: 2.235879898071289]
L001150 | [Train Loss: 0.6107]
L001151 | [Train F1: 0.7650898233887171]
L001152 | [Train Acc: 0.765795631825273]
L001153 | [Dev Loss: 1.1826]
L001154 | [Dev F1: 0.5172035923807736]
L001155 | [Dev Acc: 0.5219941348973607]
L001156 | 
L001157-L001172 | [REDACTED: batch progress and internal diagnostics]
L001173 | [Epoch 45] [Time: 2.223754644393921]
L001174 | [Train Loss: 0.5944]
L001175 | [Train F1: 0.7740538238842263]
L001176 | [Train Acc: 0.7749609984399376]
L001177 | [Dev Loss: 1.2171]
L001178 | [Dev F1: 0.5008184784650405]
L001179 | [Dev Acc: 0.5073313782991202]
L001180 | 
L001181-L001196 | [REDACTED: batch progress and internal diagnostics]
L001197 | [Epoch 46] [Time: 2.1772804260253906]
L001198 | [Train Loss: 0.5964]
L001199 | [Train F1: 0.769234713755632]
L001200 | [Train Acc: 0.7698907956318253]
L001201 | [Dev Loss: 1.2272]
L001202 | [Dev F1: 0.4782481160998551]
L001203 | [Dev Acc: 0.48533724340175954]
L001204 | 
L001205-L001220 | [REDACTED: batch progress and internal diagnostics]
L001221 | [Epoch 47] [Time: 2.1348421573638916]
L001222 | [Train Loss: 0.5798]
L001223 | [Train F1: 0.7797967532026449]
L001224 | [Train Acc: 0.780811232449298]
L001225 | [Dev Loss: 1.2171]
L001226 | [Dev F1: 0.5021535995206208]
L001227 | [Dev Acc: 0.5073313782991202]
L001228 | 
L001229-L001244 | [REDACTED: batch progress and internal diagnostics]
L001245 | [Epoch 48] [Time: 2.2073166370391846]
L001246 | [Train Loss: 0.5748]
L001247 | [Train F1: 0.7838566373676394]
L001248 | [Train Acc: 0.7843213728549142]
L001249 | [Dev Loss: 1.2443]
L001250 | [Dev F1: 0.4891924216190103]
L001251 | [Dev Acc: 0.4970674486803519]
L001252 | 
L001253-L001268 | [REDACTED: batch progress and internal diagnostics]
L001269 | [Epoch 49] [Time: 2.1918582916259766]
L001270 | [Train Loss: 0.5588]
L001271 | [Train F1: 0.7809024066945495]
L001272 | [Train Acc: 0.781591263650546]
L001273 | [Dev Loss: 1.2368]
L001274 | [Dev F1: 0.516003531708366]
L001275 | [Dev Acc: 0.5205278592375366]
L001276 | 
L001277-L001292 | [REDACTED: batch progress and internal diagnostics]
L001293 | [Epoch 50] [Time: 2.220020055770874]
L001294 | [Train Loss: 0.558]
L001295 | [Train F1: 0.7851710484731805]
L001296 | [Train Acc: 0.7856864274570983]
L001297 | [Dev Loss: 1.2382]
L001298 | [Dev F1: 0.5070000155526011]
L001299 | [Dev Acc: 0.5117302052785924]
L001300 | 
L001301-L001316 | [REDACTED: batch progress and internal diagnostics]
L001317 | [Epoch 51] [Time: 2.2093334197998047]
L001318 | [Train Loss: 0.5482]
L001319 | [Train F1: 0.7907754246943622]
L001320 | [Train Acc: 0.7911466458658346]
L001321 | [Dev Loss: 1.2489]
L001322 | [Dev F1: 0.4970444491512557]
L001323 | [Dev Acc: 0.5029325513196481]
L001324 | 
L001325-L001340 | [REDACTED: batch progress and internal diagnostics]
L001341 | [Epoch 52] [Time: 2.110001564025879]
L001342 | [Train Loss: 0.5387]
L001343 | [Train F1: 0.8059763000413309]
L001344 | [Train Acc: 0.8069422776911076]
L001345 | [Dev Loss: 1.2539]
L001346 | [Dev F1: 0.5062226924584554]
L001347 | [Dev Acc: 0.5131964809384164]
L001348 | 
L001349-L001364 | [REDACTED: batch progress and internal diagnostics]
L001365 | [Epoch 53] [Time: 2.330258846282959]
L001366 | [Train Loss: 0.5311]
L001367 | [Train F1: 0.8007753091605493]
L001368 | [Train Acc: 0.8012870514820593]
L001369 | [Dev Loss: 1.2553]
L001370 | [Dev F1: 0.4990210990788364]
L001371 | [Dev Acc: 0.5043988269794721]
L001372 | 
L001373-L001388 | [REDACTED: batch progress and internal diagnostics]
L001389 | [Epoch 54] [Time: 2.261357307434082]
L001390 | [Train Loss: 0.5117]
L001391 | [Train F1: 0.810488774562222]
L001392 | [Train Acc: 0.8112324492979719]
L001393 | [Dev Loss: 1.2783]
L001394 | [Dev F1: 0.5002028343995609]
L001395 | [Dev Acc: 0.5087976539589443]
L001396 | 
L001397-L001412 | [REDACTED: batch progress and internal diagnostics]
L001413 | [Epoch 55] [Time: 2.196286678314209]
L001414 | [Train Loss: 0.509]
L001415 | [Train F1: 0.8058999563523297]
L001416 | [Train Acc: 0.8063572542901716]
L001417 | [Dev Loss: 1.2762]
L001418 | [Dev F1: 0.4955615464311635]
L001419 | [Dev Acc: 0.501466275659824]
L001420 | 
L001421-L001436 | [REDACTED: batch progress and internal diagnostics]
L001437 | [Epoch 56] [Time: 2.276663303375244]
L001438 | [Train Loss: 0.5032]
L001439 | [Train F1: 0.8089092031795542]
L001440 | [Train Acc: 0.8088923556942278]
L001441 | [Dev Loss: 1.261]
L001442 | [Dev F1: 0.4989397129096691]
L001443 | [Dev Acc: 0.5043988269794721]
L001444 | 
L001445-L001460 | [REDACTED: batch progress and internal diagnostics]
L001461 | [Epoch 57] [Time: 2.132148265838623]
L001462 | [Train Loss: 0.5085]
L001463 | [Train F1: 0.8056446796296549]
L001464 | [Train Acc: 0.8059672386895476]
L001465 | [Dev Loss: 1.3007]
L001466 | [Dev F1: 0.49016736982715164]
L001467 | [Dev Acc: 0.5]
L001468 | 
L001469-L001484 | [REDACTED: batch progress and internal diagnostics]
L001485 | [Epoch 58] [Time: 2.1969876289367676]
L001486 | [Train Loss: 0.4969]
L001487 | [Train F1: 0.8148737140191799]
L001488 | [Train Acc: 0.8151326053042122]
L001489 | [Dev Loss: 1.3103]
L001490 | [Dev F1: 0.5130956201852257]
L001491 | [Dev Acc: 0.5175953079178885]
L001492 | 
L001493-L001508 | [REDACTED: batch progress and internal diagnostics]
L001509 | [Epoch 59] [Time: 2.1838808059692383]
L001510 | [Train Loss: 0.497]
L001511 | [Train F1: 0.818880205719894]
L001512 | [Train Acc: 0.8192277691107644]
L001513 | [Dev Loss: 1.3331]
L001514 | [Dev F1: 0.49205084780055425]
L001515 | [Dev Acc: 0.5029325513196481]
L001516 | 
L001517-L001532 | [REDACTED: batch progress and internal diagnostics]
L001533 | [Epoch 60] [Time: 2.1358065605163574]
L001534 | [Train Loss: 0.4941]
L001535 | [Train F1: 0.823053977698773]
L001536 | [Train Acc: 0.8235179407176287]
L001537 | [Dev Loss: 1.3266]
L001538 | [Dev F1: 0.4955858473508758]
L001539 | [Dev Acc: 0.5043988269794721]
L001540 | 
L001541-L001556 | [REDACTED: batch progress and internal diagnostics]
L001557 | [Epoch 61] [Time: 2.05851149559021]
L001558 | [Train Loss: 0.4798]
L001559 | [Train F1: 0.8211916423753564]
L001560 | [Train Acc: 0.8215678627145085]
L001561 | [Dev Loss: 1.3065]
L001562 | [Dev F1: 0.5083829678577362]
L001563 | [Dev Acc: 0.5131964809384164]
L001564 | 
L001565-L001580 | [REDACTED: batch progress and internal diagnostics]
L001581 | [Epoch 62] [Time: 2.108435869216919]
L001582 | [Train Loss: 0.4815]
L001583 | [Train F1: 0.8215552089513762]
L001584 | [Train Acc: 0.8217628705148206]
L001585 | [Dev Loss: 1.3252]
L001586 | [Dev F1: 0.49646334576564344]
L001587 | [Dev Acc: 0.5043988269794721]
L001588 | 
L001589-L001604 | [REDACTED: batch progress and internal diagnostics]
L001605 | [Epoch 63] [Time: 2.222715139389038]
L001606 | [Train Loss: 0.4723]
L001607 | [Train F1: 0.8223032383557023]
L001608 | [Train Acc: 0.8229329173166927]
L001609 | [Dev Loss: 1.3812]
L001610 | [Dev F1: 0.47263658196532593]
L001611 | [Dev Acc: 0.48533724340175954]
L001612 | 
L001613-L001628 | [REDACTED: batch progress and internal diagnostics]
L001629 | [Epoch 64] [Time: 2.1236648559570312]
L001630 | [Train Loss: 0.473]
L001631 | [Train F1: 0.8279074963291383]
L001632 | [Train Acc: 0.827808112324493]
L001633 | [Dev Loss: 1.3278]
L001634 | [Dev F1: 0.5124123667955438]
L001635 | [Dev Acc: 0.5161290322580645]
L001636 | 
L001637-L001652 | [REDACTED: batch progress and internal diagnostics]
L001653 | [Epoch 65] [Time: 2.0667948722839355]
L001654 | [Train Loss: 0.4586]
L001655 | [Train F1: 0.8374257386300433]
L001656 | [Train Acc: 0.8377535101404057]
L001657 | [Dev Loss: 1.3522]
L001658 | [Dev F1: 0.49440953747363636]
L001659 | [Dev Acc: 0.5043988269794721]
L001660 | 
L001661-L001676 | [REDACTED: batch progress and internal diagnostics]
L001677 | [Epoch 66] [Time: 2.0700814723968506]
L001678 | [Train Loss: 0.4511]
L001679 | [Train F1: 0.8321478076193193]
L001680 | [Train Acc: 0.8326833073322933]
L001681 | [Dev Loss: 1.3573]
L001682 | [Dev F1: 0.48791842388663714]
L001683 | [Dev Acc: 0.4970674486803519]
L001684 | 
L001685-L001700 | [REDACTED: batch progress and internal diagnostics]
L001701 | [Epoch 67] [Time: 2.1205413341522217]
L001702 | [Train Loss: 0.4344]
L001703 | [Train F1: 0.8508260136210064]
L001704 | [Train Acc: 0.8510140405616224]
L001705 | [Dev Loss: 1.3593]
L001706 | [Dev F1: 0.5049590597120189]
L001707 | [Dev Acc: 0.5131964809384164]
L001708 | 
L001709-L001724 | [REDACTED: batch progress and internal diagnostics]
L001725 | [Epoch 68] [Time: 2.035182237625122]
L001726 | [Train Loss: 0.4392]
L001727 | [Train F1: 0.8396820416336392]
L001728 | [Train Acc: 0.8397035881435257]
L001729 | [Dev Loss: 1.3717]
L001730 | [Dev F1: 0.49114593823304065]
L001731 | [Dev Acc: 0.49853372434017595]
L001732 | 
L001733-L001748 | [REDACTED: batch progress and internal diagnostics]
L001749 | [Epoch 69] [Time: 2.096956729888916]
L001750 | [Train Loss: 0.4358]
L001751 | [Train F1: 0.8386138598603591]
L001752 | [Train Acc: 0.8389235569422777]
L001753 | [Dev Loss: 1.3511]
L001754 | [Dev F1: 0.5052759543536015]
L001755 | [Dev Acc: 0.5087976539589443]
L001756 | Early stopping at epoch: 69
L001757 | Last model
L001758 |               precision    recall  f1-score   support
L001759 | 
L001760 |          hap     0.3941    0.4653    0.4268       144
L001761 |          sad     0.7667    0.7510    0.7588       245
L001762 |          neu     0.5299    0.6458    0.5822       384
L001763 |          ang     0.6667    0.5176    0.5828       170
L001764 |          exc     0.7277    0.5452    0.6233       299
L001765 |          fru     0.5861    0.5984    0.5922       381
L001766 | 
L001767 |     accuracy                         0.6026      1623
L001768 |    macro avg     0.6119    0.5872    0.5943      1623
L001769 | weighted avg     0.6176    0.6026    0.6050      1623
L001770 | 
L001771 | Best model at epoch: 44
L001772 | Best dev F1: 0.5172035923807736
L001773 |               precision    recall  f1-score   support
L001774 | 
L001775 |          hap     0.4711    0.3958    0.4302       144
L001776 |          sad     0.7957    0.7633    0.7792       245
L001777 |          neu     0.5570    0.6875    0.6154       384
L001778 |          ang     0.7087    0.5294    0.6061       170
L001779 |          exc     0.7399    0.6756    0.7063       299
L001780 |          fru     0.6056    0.6247    0.6150       381
L001781 | 
L001782 |     accuracy                         0.6396      1623
L001783 |    macro avg     0.6463    0.6127    0.6253      1623
L001784 | weighted avg     0.6464    0.6396    0.6394      1623
L001785 | 
L001786 | Best test F1: 0.6393548331385381
L001787 | Best test Acc: 0.6395563770794824
L001788 | [SANITIZED] Saved checkpoint: [path and filename removed]
